[2;37m[boot][0m Interrupts: none — the host owns the IDT, no periodic slot
[2;37m[boot][0m Heap: host allocator, 1484 bytes counted, 48MB declared budget
[2;37m[boot][0m IG Catalog: 8752 entries loaded
[2;37m[boot][0m Kernel online — graph execution, token-arity driven
[2;37m[boot][0m Canonical ordinal check...
[2;37m[boot][0m Ordinal faithfulness: [1;32mall 44 values match Lean canonical[0m
[2;37m[boot][0m Clay Millennium status: 2 closed, 1 one-bump-short, 3 unclosed
[2;37m[boot][0m SIC-POVM d=12: Crystal-forced (dual lattice), Shavian count 49=7², WH group |orbit|=144
[2;37m[boot][0m Frobenius identity check...
[2;37m[boot][0m Frobenius identity: hamming=3, weighted=3.1000 — kernel is grammar operationalized
[2;37m[boot][0m Bootstrap: IMSCRIB→AREV→FSPLIT→AFWD→FFUSE→CLINK→IFIX→IMSCRIB (cyclic)
                       F unitary: PASS
  Pentagon form (F^2=I, anti-diag, a^2+b^2=1): PASS
            Braid relation (Y-B): PASS
                 Spin-statistics: PASS
                       S unitary: PASS
        Charge conjugation S^2=I: PASS
                 TQFT identities: PASS
                Verlinde formula: PASS
              Braid Artin B_n<=8: PASS
  Phase lattice = tenths of a winding: PASS
    Constants derivable from PHI: PASS
[2;37m[boot][0m Fibonacci anyon QC: algebra verified = true
[36m[TORUS][0m kernel wound: ⊢⊙∈⊤⋈∋⊡⊞≺⋈⊣  (11 tokens, pinch=0.0000)
[2;37m[boot][0m Crystal FS: 17280000 addresses
[2;37m[boot][0m 29 total programs (I–XXIX): 12 canonical + 4 continuous + 4 novel + 9 shunted


   [1;35m⊙[0m   [1;37mG-mOMonadOS[0m
   [2;37mGPU-native build, mOMonadOS ported to run via CUDA[0m
   [1;33mμ∘δ = id[0m

   [2;37mFrobenius core · Belnap FOUR · crystal FS · graph execution[0m

   [1;34mhelp[0m for commands, [1;34m?[0m for the menu, Tab completes.

   [1;34mask[0m runs a structural dry-run here; the full wet-run is on the host:
   [2;37m./ask --file <path> | ./ask --ask "…" | ./ask -i[0m

⊙> imrun /home/mrnob0dy666/imsgct/Vox/membranes/glut_rsa_imasm_2026-09-29_silent/rsa_48_0/payload.glyphs
[imrun] halted: no instruction at 0x100000003 after 7863425 steps
  previous 12:
  473744: ⊞ add r:rsp i:0x18
  473748: ⋈ pop r:rbx
  473749: ⋈ pop r:rbp
  47374a: ⋈ pop r:r12
  47374c: ⋈ pop r:r13
  47374e: ⋈ pop r:r14
  473750: ⋈ pop r:r15
  473752: ⊣ ret
  463482: ⊤ cmp m:rsp::1:0x260:8 i:0x0
  46348b: ∈ e i:0x463496
  46348d: ⋈ mov r:rdi r:rbx
  463490: ⊙ call m:rip::1:0x32b62:8
  473190: ≺ jmp i:0x4735a2
  4735a2: ⊤ test r:rdi r:rdi
  4735a5: ∈ e i:0x473753
  4735ab: ⋈ push r:r15
  4735ad: ⋈ mov r:r9 r:rdi
  4735b0: ⋈ push r:r14
  4735b2: ⋈ push r:r13
  4735b4: ⋈ push r:r12
  4735b6: ⋈ push r:rbp
  4735b7: ⋈ push r:rbx
  4735b8: ⊞ sub r:rsp i:0x18
  4735bc: ≻ call i:0x4731dd
  4731dd: ⊤ test r:dil i:0xf
  4731e1: ∈ e i:0x4731e4
  4731e4: ⋈ mov r:cl m:rdi::1:-0x3:1
  4731e7: ⋈ movzx r:edx m:rdi::1:-0x2:2
  4731eb: ⋈ mov r:r8d r:ecx
  4731ee: ⊞ and r:ecx i:0x1f
  4731f1: ⊞ and r:r8d i:0x1f
  4731f5: ⊤ cmp m:rdi::1:-0x4:1 i:0x0
  4731f9: ∈ e i:0x47320d
  47320d: ⋈ mov r:eax r:edx
  47320f: ⊞ shl r:eax i:0x4
  473212: ⊞ cdqe
  473214: ⊞ sub r:rdi r:rax
  473217: ⋈ mov r:rax m:rdi::1:-0x10:8
  47321b: ⊞ lea r:rsi m:rdi::1:-0x10:8
  47321f: ⊤ cmp m:rax::1:0x10:8 r:rsi
  473223: ∈ e i:0x473226
  473225: ⊣ hlt
  4735c1: ⋈ mov r:r8b m:r9::1:-0x3:1
  4735c5: ⋈ mov r:rbp r:rax
  4735c8: ⋈ mov r:rdi r:rbp
  4735cb: ⋈ mov r:eax r:r8d
  4735ce: ⋈ mov r:ecx r:r8d
  4735d1: ⊞ and r:eax i:0x1f
  4735d4: ⊞ and r:ecx i:0x1f
  4735d7: ⋈ mov m:rsp::1:0x4:4 r:eax
  4735db: ≻ call i:0x4732cd
  4732cd: ⊤ test m:rdi::1:0x20:1 i:0x1f
  4732d1: ∈ ne i:0x4732ea
  4732d3: ⋈ mov r:rax m:rdi::1:0x20:8
  4732d7: ⊤ test r:rax i:-0x1000
  4732dd: ∈ e i:0x4732ea
  4732ea: ⋈ mov r:eax m:rdi::1:0x20:4
  4732ed: ⊞ lea r:rdx m:rip::1:0x14d4c:8
  4732f4: ⊞ shr r:ax i:0x6
  4732f8: ⊞ and r:eax i:0x3f
  4732fb: ⋈ movzx r:eax m:rdx:rax:2:0x0:2
  4732ff: ⊞ shl r:eax i:0x4
  473302: ⊞ cdqe
  473304: ⊣ ret
  4735e0: ⋈ mov r:rsi m:rbp::1:0x10:8
  4735e4: ⋈ movzx r:edx r:cl
  4735e7: ⊞ shr r:r8b i:0x5
  4735eb: ⊞ imul r:rdx r:rax
  4735ef: ⊞ lea r:r15 m:rsi:rdx:1:0x10:8
  4735f4: ⊞ lea r:rsi m:rax::1:-0x4:8
  4735f8: ⋈ movzx r:edx r:r8b
  4735fc: ⊞ lea r:rax m:r15:rsi:1:0x0:8
  473600: ⊤ cmp r:r8b i:0x4
  473604: ∈ be i:0x47361e
  473606: ⊤ cmp r:r8b i:0x5
  47360a: ∈ e i:0x47360d
  47360d: ⋈ mov r:edx m:rax::1:-0x4:4
  473610: ⊤ cmp r:rdx i:0x4
  473614: ∈ a i:0x473617
  473616: ⊣ hlt   [7863425 steps]
⊙> quit
Halting. μ∘δ=id.
[SHUTDOWN] μ∘δ=id. Goodbye.
