INPUT	565095413137	40	19	204
FRAME	1	0	1	1	35
FOLD	1	1	1	120	120	0	55
RAIL	2	38	0	0
CORRELATION	0	0	0	0
SQUARE	0	0
FOLD	2	1	1	123	123	0	69
RAIL	2	39	1	0
CORRELATION	0	0	0	0
SQUARE	0	0
FOLD	4	3	3	363	363	0	281
RAIL	20	21	2	1
CORRELATION	0	0	0	0
SQUARE	0	0
FOLD	5	5	5	606	606	0	549
RAIL	3	37	2	2
CORRELATION	0	0	0	0
SQUARE	0	0
FOLD	6	7	7	849	849	0	728
RAIL	3	38	2	3
CORRELATION	0	0	0	0
SQUARE	0	0
FOLD	8	9	9	1089	1089	0	1171
RAIL	19	22	3	4
CORRELATION	0	0	0	0
SQUARE	0	0
FOLD	9	11	11	1332	1332	0	1411
RAIL	4	36	3	5
CORRELATION	0	0	0	0
SQUARE	0	0
FOLD	10	13	13	1575	1575	0	1598
RAIL	4	37	3	6
CORRELATION	0	0	0	0
SQUARE	0	0
FOLD	12	15	15	1815	1815	0	2364
RAIL	18	23	4	7
CORRELATION	0	0	0	0
SQUARE	0	0
FOLD	13	17	17	2058	2058	0	2551
RAIL	5	35	4	8
CORRELATION	0	0	0	0
SQUARE	0	0
FOLD	14	19	19	2301	2301	0	2732
RAIL	5	36	4	9
CORRELATION	0	0	0	0
SQUARE	0	0
FOLD	16	21	21	2541	2541	0	2957
RAIL	17	24	5	10
CORRELATION	0	0	0	0
SQUARE	0	0
FOLD	17	23	23	2784	2784	0	3169
RAIL	6	34	5	11
CORRELATION	0	0	0	0
SQUARE	0	0
FOLD	18	25	25	3027	3027	0	3359
RAIL	6	35	5	12
CORRELATION	0	0	0	0
SQUARE	0	0
FOLD	20	27	27	3267	3267	0	3584
RAIL	16	25	6	13
CORRELATION	0	0	0	0
SQUARE	0	0
FOLD	21	29	29	3510	3510	0	3749
RAIL	7	33	6	14
CORRELATION	0	0	0	0
SQUARE	0	0
FOLD	22	31	31	3753	3753	0	3895
RAIL	7	34	6	15
CORRELATION	0	0	0	0
SQUARE	0	0
FOLD	24	33	33	3993	3993	0	4167
RAIL	15	26	7	16
CORRELATION	0	0	0	0
SQUARE	0	0
FOLD	25	35	35	4236	4236	0	4372
RAIL	8	32	7	17
CORRELATION	0	0	0	0
SQUARE	0	0
FOLD	26	37	37	4479	4479	0	4558
RAIL	8	33	7	18
CORRELATION	0	0	0	0
SQUARE	0	0
FOLD	28	39	39	4719	4719	0	4790
RAIL	14	27	8	19
CORRELATION	0	0	0	0
SQUARE	0	0
FOLD	29	41	41	4962	4962	0	4975
RAIL	9	31	8	20
CORRELATION	0	0	0	0
SQUARE	0	0
FOLD	30	43	43	5205	5205	0	5182
RAIL	9	32	8	21
CORRELATION	0	0	0	0
SQUARE	0	0
FOLD	31	45	45	5448	5448	0	5401
RAIL	13	27	8	22
CORRELATION	0	0	0	0
SQUARE	0	0
FOLD	32	47	47	5691	5691	0	5638
RAIL	13	28	8	23
CORRELATION	0	0	0	0
SQUARE	0	0
FOLD	33	49	49	5934	5934	0	5963
RAIL	10	30	8	24
CORRELATION	0	0	0	0
SQUARE	0	0
FOLD	34	51	51	6177	6177	0	6126
RAIL	10	31	8	25
CORRELATION	0	0	0	0
SQUARE	0	0
FOLD	35	53	53	6420	6420	0	6354
RAIL	12	28	8	26
CORRELATION	0	0	0	0
SQUARE	0	0
FOLD	36	55	55	6663	6663	0	6539
RAIL	12	29	8	27
CORRELATION	0	0	0	0
SQUARE	0	0
FOLD	37	57	57	6906	6906	0	6748
RAIL	11	29	8	28
CORRELATION	0	0	0	0
SQUARE	0	0
FOLD	38	59	59	7149	7149	0	6952
RAIL	11	30	8	29
CORRELATION	0	0	0	0
SQUARE	0	0
FOLD	38	59	59	7149	7149	0	7508
RAIL	11	30	8	30
CORRELATION	0	0	791	1209
SQUARE	1	44
FOLD	38	59	59	7149	7149	0	7515
RAIL	11	30	8	30
CORRELATION	0	0	791	1209
SQUARE	2	45
FOLD	38	59	59	7149	7149	0	7521
RAIL	11	30	8	30
CORRELATION	0	0	791	1209
SQUARE	4	46
FOLD	38	59	59	7149	7149	0	7529
RAIL	11	30	8	30
CORRELATION	0	0	791	1209
SQUARE	8	47
FOLD	38	59	59	7149	7149	0	7540
RAIL	11	30	8	30
CORRELATION	0	0	791	1209
SQUARE	16	48
FOLD	38	59	59	7149	7149	0	7577
RAIL	11	30	8	30
CORRELATION	0	0	791	1209
SQUARE	32	88
FOLD	38	59	59	7149	7149	0	7615
RAIL	11	30	8	30
CORRELATION	1	0	791	1209
SQUARE	40	88
FOLD	38	59	59	7149	7149	0	7651
RAIL	11	30	8	30
CORRELATION	1	0	791	1209
SQUARE	64	90
FOLD	38	59	59	7149	7149	0	7674
RAIL	11	30	8	30
CORRELATION	2	0	791	1209
SQUARE	80	90
FOLD	39	60	60	7272	7272	0	7754
RAIL	20	20	8	30
CORRELATION	3	0	791	1209
SQUARE	120	93
FOLD	39	60	60	7272	7272	0	7974
RAIL	20	20	8	31
CORRELATION	3	0	791	1209
SQUARE	128	93
FOLD	39	60	60	7272	7272	0	8021
RAIL	20	20	8	31
CORRELATION	4	0	791	1209
SQUARE	160	93
FOLD	40	61	61	7392	7392	0	8026
RAIL	20	21	8	31
CORRELATION	4	0	791	1209
SQUARE	160	93
FOLD	41	62	62	7515	7515	0	8249
RAIL	3	37	8	32
CORRELATION	5	0	791	1209
SQUARE	200	95
FOLD	41	62	62	7515	7515	0	8339
RAIL	3	37	9	32
CORRELATION	6	0	791	1209
SQUARE	256	95
FOLD	42	61	62	7395	7515	0	8633
RAIL	19	21	9	33
CORRELATION	8	0	791	1209
SQUARE	320	95
FOLD	44	63	63	7638	7638	0	8866
RAIL	4	36	9	34
CORRELATION	9	0	791	1209
SQUARE	360	96
FOLD	46	63	63	7638	7638	0	9801
RAIL	18	23	10	36
CORRELATION	12	0	791	1209
SQUARE	512	98
FOLD	47	64	64	7761	7761	0	9932
RAIL	5	35	10	36
CORRELATION	13	0	791	1209
SQUARE	520	98
FOLD	48	65	65	7881	7881	0	10232
RAIL	17	23	10	37
CORRELATION	15	0	791	1209
SQUARE	600	98
FOLD	48	65	65	7881	7881	0	10608
RAIL	17	23	10	38
CORRELATION	16	0	791	1209
SQUARE	640	98
FOLD	49	66	66	8001	8001	0	10619
RAIL	17	24	10	38
CORRELATION	16	0	791	1209
SQUARE	640	98
FOLD	50	67	67	8124	8124	0	10942
RAIL	6	34	10	39
CORRELATION	17	1	791	1209
SQUARE	680	98
FOLD	51	68	68	8244	8244	0	11612
RAIL	16	24	10	40
CORRELATION	19	4	791	1209
SQUARE	760	100
FOLD	52	69	69	8364	8364	0	12808
RAIL	16	25	10	41
CORRELATION	20	6	791	1209
SQUARE	800	100
FOLD	52	69	69	8364	8364	0	13163
RAIL	16	25	10	42
CORRELATION	20	6	791	1209
SQUARE	817	100
FRAME	20	19	1	3	13899
RESULT	closed	703789	802933	13913	2905	1	1	198	507
