INPUT	3340713947	32	22	164
FRAME	1	0	1	1	22
FOLD	1	1	1	96	96	0	40
RAIL	2	30	0	0
CORRELATION	0	0	0	0
FOLD	2	1	1	99	99	0	48
RAIL	2	31	1	0
CORRELATION	0	0	0	0
FOLD	4	3	3	291	291	0	212
RAIL	16	17	2	1
CORRELATION	0	0	0	0
FOLD	5	5	5	486	486	0	359
RAIL	3	29	2	2
CORRELATION	0	0	0	0
FOLD	8	7	7	681	681	0	977
RAIL	15	18	4	3
CORRELATION	0	0	0	0
FOLD	9	9	9	876	876	0	1162
RAIL	4	28	4	4
CORRELATION	0	0	0	0
FOLD	12	11	11	1071	1071	0	1486
RAIL	14	19	6	5
CORRELATION	0	0	0	0
FOLD	13	13	13	1266	1266	0	1674
RAIL	5	27	6	6
CORRELATION	0	0	0	0
FOLD	14	15	15	1461	1461	0	1888
RAIL	5	28	6	7
CORRELATION	0	0	0	0
FOLD	15	17	17	1656	1656	0	2045
RAIL	13	19	6	8
CORRELATION	0	0	0	0
FOLD	16	19	19	1851	1851	0	2216
RAIL	13	20	6	9
CORRELATION	0	0	0	0
FOLD	17	21	21	2046	2046	0	2428
RAIL	6	26	6	10
CORRELATION	0	0	0	0
FOLD	18	23	23	2241	2241	0	2564
RAIL	6	27	6	11
CORRELATION	0	0	0	0
FOLD	19	25	25	2436	2436	0	2723
RAIL	12	20	6	12
CORRELATION	0	0	0	0
FOLD	20	27	27	2631	2631	0	2860
RAIL	12	21	6	13
CORRELATION	0	0	0	0
FOLD	21	29	29	2826	2826	0	2992
RAIL	7	25	6	14
CORRELATION	0	0	0	0
FOLD	22	31	31	3021	3021	0	3133
RAIL	7	26	6	15
CORRELATION	0	0	0	0
FOLD	23	33	33	3216	3216	0	3270
RAIL	11	21	6	16
CORRELATION	0	0	0	0
FOLD	24	35	35	3411	3411	0	3436
RAIL	11	22	6	17
CORRELATION	0	0	0	0
FOLD	25	37	37	3606	3606	0	3566
RAIL	8	24	6	18
CORRELATION	0	0	0	0
FOLD	26	39	39	3801	3801	0	3718
RAIL	8	25	6	19
CORRELATION	0	0	0	0
FOLD	27	41	41	3996	3996	0	3943
RAIL	10	22	6	20
CORRELATION	0	0	0	0
FOLD	28	43	43	4191	4191	0	4146
RAIL	10	23	6	21
CORRELATION	0	0	0	0
FOLD	29	45	45	4386	4386	0	4330
RAIL	9	23	6	22
CORRELATION	0	0	0	0
FOLD	30	47	47	4581	4581	0	4461
RAIL	9	24	6	23
CORRELATION	0	0	0	0
FOLD	30	47	47	4581	4581	0	5063
RAIL	9	24	6	24
CORRELATION	1	0	502	772
FOLD	30	47	47	4581	4581	0	5076
RAIL	9	24	6	24
CORRELATION	2	0	502	772
FOLD	31	48	48	4680	4680	0	5092
RAIL	16	16	6	24
CORRELATION	3	0	502	772
FOLD	31	48	48	4680	4680	0	5305
RAIL	16	16	6	25
CORRELATION	4	0	502	772
FOLD	32	49	49	4776	4776	0	5310
RAIL	16	17	6	25
CORRELATION	4	0	502	772
FOLD	33	50	50	4875	4875	0	5565
RAIL	15	17	6	26
CORRELATION	7	0	502	772
FOLD	33	50	50	4875	4875	0	5821
RAIL	15	17	6	27
CORRELATION	8	0	502	772
FOLD	34	51	51	4971	4971	0	5827
RAIL	15	18	6	27
CORRELATION	8	0	502	772
FOLD	35	52	52	5070	5070	0	6085
RAIL	14	18	6	28
CORRELATION	11	0	502	772
FOLD	36	53	53	5166	5166	0	6442
RAIL	14	19	6	29
CORRELATION	12	1	502	772
FOLD	37	54	54	5265	5265	0	6829
RAIL	5	27	6	30
CORRELATION	13	3	502	772
FOLD	39	52	54	5070	5265	0	7510
RAIL	13	19	8	31
CORRELATION	16	7	502	772
FOLD	44	55	55	5364	5364	0	8049
RAIL	12	21	9	34
CORRELATION	20	7	502	772
FOLD	45	56	56	5463	5463	0	8310
RAIL	7	25	9	35
CORRELATION	21	9	502	772
FOLD	46	57	57	5559	5559	0	8455
RAIL	7	26	9	36
CORRELATION	22	9	502	772
FOLD	47	58	58	5658	5658	0	8785
RAIL	11	21	9	37
CORRELATION	23	11	502	772
FOLD	48	59	59	5754	5754	0	9210
RAIL	11	22	9	38
CORRELATION	24	13	502	772
FOLD	49	60	60	5853	5853	0	9653
RAIL	8	24	9	39
CORRELATION	25	15	502	772
FOLD	50	61	61	5949	5949	0	9793
RAIL	8	25	9	40
CORRELATION	26	15	502	772
FOLD	51	62	62	6048	6048	0	10214
RAIL	10	22	9	41
CORRELATION	27	17	502	772
FOLD	52	63	63	6144	6144	0	10732
RAIL	10	23	9	42
CORRELATION	28	19	502	772
FOLD	53	64	64	6243	6243	0	10865
RAIL	9	23	9	43
CORRELATION	29	19	502	772
FOLD	54	65	65	6339	6339	0	10992
RAIL	9	24	9	44
CORRELATION	30	19	502	772
FOLD	54	65	65	6339	6339	0	11135
RAIL	9	24	9	45
CORRELATION	32	19	502	772
FOLD	55	66	66	6438	6438	0	11144
RAIL	16	16	9	45
CORRELATION	33	19	502	772
FOLD	56	67	67	6534	6534	0	11288
RAIL	16	17	9	46
CORRELATION	34	19	502	772
FOLD	57	68	68	6633	6633	0	11569
RAIL	15	17	9	47
CORRELATION	37	22	502	772
FOLD	58	69	69	6729	6729	0	11720
RAIL	15	18	9	48
CORRELATION	38	22	502	772
FOLD	59	70	70	6828	6828	0	12048
RAIL	14	18	9	49
CORRELATION	41	25	502	772
FOLD	60	71	71	6924	6924	0	12275
RAIL	14	19	9	50
CORRELATION	42	26	502	772
FOLD	61	72	72	7023	7023	0	12432
RAIL	5	27	9	51
CORRELATION	43	26	502	772
FOLD	64	71	72	6924	7023	0	12889
RAIL	13	20	11	52
CORRELATION	46	30	502	772
FOLD	72	73	73	7122	7122	0	14191
RAIL	11	22	14	57
CORRELATION	54	38	502	772
FOLD	73	74	74	7221	7221	0	14341
RAIL	8	24	14	58
CORRELATION	55	38	502	772
FOLD	74	75	75	7317	7317	0	14615
RAIL	8	25	14	59
CORRELATION	56	39	502	772
FOLD	75	76	76	7416	7416	0	14949
RAIL	10	22	14	60
CORRELATION	57	41	502	772
FOLD	76	77	77	7512	7512	0	15090
RAIL	10	23	14	61
CORRELATION	58	41	502	772
FOLD	77	78	78	7611	7611	0	15494
RAIL	9	23	14	62
CORRELATION	59	44	502	772
FOLD	78	79	79	7707	7707	0	15647
RAIL	9	24	14	63
CORRELATION	60	44	502	772
FOLD	79	80	80	7806	7806	0	15982
RAIL	16	16	14	64
CORRELATION	63	46	502	772
FOLD	79	80	80	7806	7806	0	16227
RAIL	16	16	14	65
CORRELATION	64	48	502	772
FOLD	80	81	81	7902	7902	0	16232
RAIL	16	17	14	65
CORRELATION	64	48	502	772
FOLD	81	82	82	8001	8001	0	16678
RAIL	15	17	14	66
CORRELATION	67	52	502	772
FOLD	82	83	83	8097	8097	0	16833
RAIL	15	18	14	67
CORRELATION	68	52	502	772
FOLD	83	84	84	8196	8196	0	17311
RAIL	14	18	14	68
CORRELATION	71	57	502	772
FOLD	84	85	85	8292	8292	0	17444
RAIL	14	19	14	69
CORRELATION	72	57	502	772
FOLD	85	86	86	8391	8391	0	17588
RAIL	13	19	14	70
CORRELATION	75	57	502	772
FOLD	86	87	87	8487	8487	0	17721
RAIL	13	20	14	71
CORRELATION	76	57	502	772
FOLD	87	88	88	8586	8586	0	17869
RAIL	6	27	14	72
CORRELATION	78	57	502	772
FOLD	90	89	89	8682	8682	0	18247
RAIL	7	25	15	74
CORRELATION	81	62	502	772
FOLD	99	90	90	8778	8778	0	19341
RAIL	9	24	19	79
CORRELATION	90	70	502	772
FOLD	100	91	91	8877	8877	0	19735
RAIL	16	16	19	80
CORRELATION	93	74	502	772
FOLD	101	92	92	8973	8973	0	19911
RAIL	16	17	19	81
CORRELATION	94	74	502	772
FOLD	102	93	93	9072	9072	0	20321
RAIL	15	17	19	82
CORRELATION	97	78	502	772
FOLD	103	94	94	9168	9168	0	20488
RAIL	15	18	19	83
CORRELATION	98	78	502	772
FOLD	104	95	95	9267	9267	0	20839
RAIL	14	18	19	84
CORRELATION	101	81	502	772
FOLD	105	96	96	9363	9363	0	21099
RAIL	14	19	19	85
CORRELATION	102	83	502	772
FOLD	106	97	97	9462	9462	0	21392
RAIL	13	19	19	86
CORRELATION	105	86	502	772
FOLD	107	98	98	9558	9558	0	21553
RAIL	13	20	19	87
CORRELATION	106	86	502	772
FOLD	108	99	99	9657	9657	0	21799
RAIL	6	27	19	88
CORRELATION	108	87	502	772
FOLD	111	100	100	9753	9753	0	22250
RAIL	7	25	20	90
CORRELATION	111	90	502	772
FOLD	112	101	101	9849	9849	0	22459
RAIL	7	26	20	91
CORRELATION	112	91	502	772
FOLD	115	102	102	9945	9945	0	23017
RAIL	8	24	21	93
CORRELATION	115	94	502	772
FOLD	123	102	102	9945	9945	0	24407
RAIL	15	17	25	98
CORRELATION	128	103	502	772
FOLD	124	103	103	10041	10041	0	24417
RAIL	15	18	25	98
CORRELATION	128	103	502	772
FOLD	125	104	104	10140	10140	0	24973
RAIL	14	18	25	99
CORRELATION	131	108	502	772
FOLD	126	105	105	10236	10236	0	25196
RAIL	14	19	25	100
CORRELATION	132	108	502	772
FOLD	127	106	106	10335	10335	0	25470
RAIL	13	19	25	101
CORRELATION	135	109	502	772
FOLD	128	107	107	10431	10431	0	25807
RAIL	13	20	25	102
CORRELATION	136	112	502	772
FOLD	129	108	108	10530	10530	0	26167
RAIL	12	20	25	103
CORRELATION	139	114	502	772
FOLD	130	109	109	10626	10626	0	26424
RAIL	12	21	25	104
CORRELATION	140	115	502	772
FOLD	131	110	110	10725	10725	0	26650
RAIL	7	25	25	105
CORRELATION	141	117	502	772
FOLD	136	111	111	10821	10821	0	27510
RAIL	8	25	27	108
CORRELATION	146	122	502	772
FOLD	137	112	112	10920	10920	0	27687
RAIL	10	22	27	109
CORRELATION	147	122	502	772
FOLD	146	113	113	11016	11016	0	29528
RAIL	14	19	31	114
CORRELATION	162	138	502	772
FOLD	147	114	114	11115	11115	0	29709
RAIL	13	19	31	115
CORRELATION	165	138	502	772
FOLD	148	115	115	11211	11211	0	29873
RAIL	13	20	31	116
CORRELATION	166	139	502	772
FOLD	149	116	116	11310	11310	0	30180
RAIL	12	20	31	117
CORRELATION	169	143	502	772
FOLD	150	117	117	11406	11406	0	30326
RAIL	12	21	31	118
CORRELATION	170	143	502	772
FOLD	151	118	118	11505	11505	0	30483
RAIL	7	25	31	119
CORRELATION	171	143	502	772
FOLD	166	119	119	11604	11604	0	33060
RAIL	14	19	38	127
CORRELATION	192	165	502	772
FOLD	167	120	120	11703	11703	0	33423
RAIL	13	19	38	128
CORRELATION	195	169	502	772
FOLD	168	121	121	11799	11799	0	33578
RAIL	13	20	38	129
CORRELATION	196	169	502	772
FOLD	169	122	122	11898	11898	0	33883
RAIL	12	20	38	130
CORRELATION	199	171	502	772
FOLD	205	118	122	11505	11898	0	39470
RAIL	13	19	59	146
CORRELATION	256	223	502	772
FOLD	256	107	122	10434	11898	0	51203
RAIL	15	18	89	166
CORRELATION	338	301	502	772
FOLD	354	91	122	8877	11898	0	68929
RAIL	9	24	146	208
CORRELATION	512	454	502	772
FOLD	512	89	122	8682	11898	0	104990
RAIL	10	23	226	285
CORRELATION	808	733	502	772
FOLD	619	76	122	7410	11898	0	132537
RAIL	16	16	287	332
CORRELATION	1024	941	502	772
FOLD	1024	57	122	5562	11898	0	240043
RAIL	16	17	498	525
CORRELATION	1894	1750	502	772
FOLD	1085	74	122	7215	11898	0	254383
RAIL	15	17	520	565
CORRELATION	2048	1883	502	772
FOLD	1885	72	122	7029	11898	0	500155
RAIL	13	19	921	964
CORRELATION	4096	3792	502	772
FOLD	2048	59	122	5760	11898	0	554945
RAIL	12	21	1009	1038
CORRELATION	4580	4206	502	772
FOLD	2638	57	122	5559	11898	0	822366
RAIL	12	21	1306	1332
CORRELATION	6350	5882	502	772
FRAME	16	15	1	3	825795
RESULT	closed	53717	62191	825819	882	1	1	143	381
