INPUT	3340713947	32	22	164
FRAME	1	0	1	1	24
FOLD	1	1	1	96	96	0	43
RAIL	2	30	0	0
CORRELATION	0	0	0	0
FOLD	2	1	1	99	99	0	52
RAIL	2	31	1	0
CORRELATION	0	0	0	0
FOLD	4	3	3	291	291	0	215
RAIL	16	17	2	1
CORRELATION	0	0	0	0
FOLD	5	5	5	486	486	0	359
RAIL	3	29	2	2
CORRELATION	0	0	0	0
FOLD	8	7	7	681	681	0	1035
RAIL	15	18	4	3
CORRELATION	0	0	0	0
FOLD	9	9	9	876	876	0	1228
RAIL	4	28	4	4
CORRELATION	0	0	0	0
FOLD	12	11	11	1071	1071	0	1549
RAIL	14	19	6	5
CORRELATION	0	0	0	0
FOLD	13	13	13	1266	1266	0	1742
RAIL	5	27	6	6
CORRELATION	0	0	0	0
FOLD	14	15	15	1461	1461	0	1936
RAIL	5	28	6	7
CORRELATION	0	0	0	0
FOLD	15	17	17	1656	1656	0	2088
RAIL	13	19	6	8
CORRELATION	0	0	0	0
FOLD	16	19	19	1851	1851	0	2259
RAIL	13	20	6	9
CORRELATION	0	0	0	0
FOLD	17	21	21	2046	2046	0	2470
RAIL	6	26	6	10
CORRELATION	0	0	0	0
FOLD	18	23	23	2241	2241	0	2605
RAIL	6	27	6	11
CORRELATION	0	0	0	0
FOLD	19	25	25	2436	2436	0	2766
RAIL	12	20	6	12
CORRELATION	0	0	0	0
FOLD	20	27	27	2631	2631	0	2899
RAIL	12	21	6	13
CORRELATION	0	0	0	0
FOLD	21	29	29	2826	2826	0	3030
RAIL	7	25	6	14
CORRELATION	0	0	0	0
FOLD	22	31	31	3021	3021	0	3170
RAIL	7	26	6	15
CORRELATION	0	0	0	0
FOLD	23	33	33	3216	3216	0	3306
RAIL	11	21	6	16
CORRELATION	0	0	0	0
FOLD	24	35	35	3411	3411	0	3472
RAIL	11	22	6	17
CORRELATION	0	0	0	0
FOLD	25	37	37	3606	3606	0	3617
RAIL	8	24	6	18
CORRELATION	0	0	0	0
FOLD	26	39	39	3801	3801	0	3763
RAIL	8	25	6	19
CORRELATION	0	0	0	0
FOLD	27	41	41	3996	3996	0	3960
RAIL	10	22	6	20
CORRELATION	0	0	0	0
FOLD	28	43	43	4191	4191	0	4156
RAIL	10	23	6	21
CORRELATION	0	0	0	0
FOLD	29	45	45	4386	4386	0	4339
RAIL	9	23	6	22
CORRELATION	0	0	0	0
FOLD	30	47	47	4581	4581	0	4496
RAIL	9	24	6	23
CORRELATION	0	0	0	0
FOLD	30	47	47	4581	4581	0	5305
RAIL	9	24	6	24
CORRELATION	1	0	502	772
FOLD	30	47	47	4581	4581	0	5335
RAIL	9	24	6	24
CORRELATION	2	0	502	772
FOLD	31	48	48	4680	4680	0	5364
RAIL	16	16	6	24
CORRELATION	3	0	502	772
FOLD	31	48	48	4680	4680	0	5596
RAIL	16	16	6	25
CORRELATION	4	0	502	772
FOLD	32	49	49	4776	4776	0	5601
RAIL	16	17	6	25
CORRELATION	4	0	502	772
FOLD	33	50	50	4875	4875	0	5898
RAIL	15	17	6	26
CORRELATION	7	0	502	772
FOLD	33	50	50	4875	4875	0	6148
RAIL	15	17	6	27
CORRELATION	8	0	502	772
FOLD	34	51	51	4971	4971	0	6153
RAIL	15	18	6	27
CORRELATION	8	0	502	772
FOLD	35	52	52	5070	5070	0	6454
RAIL	14	18	6	28
CORRELATION	11	0	502	772
FOLD	36	53	53	5166	5166	0	6921
RAIL	14	19	6	29
CORRELATION	12	1	502	772
FOLD	37	54	54	5265	5265	0	7407
RAIL	5	27	6	30
CORRELATION	13	3	502	772
FOLD	39	52	54	5070	5265	0	8339
RAIL	13	19	8	31
CORRELATION	16	7	502	772
FOLD	44	55	55	5364	5364	0	9308
RAIL	12	21	9	34
CORRELATION	20	9	502	772
FOLD	45	56	56	5463	5463	0	9853
RAIL	7	25	9	35
CORRELATION	21	11	502	772
FOLD	46	57	57	5559	5559	0	10495
RAIL	7	26	9	36
CORRELATION	22	13	502	772
FOLD	47	58	58	5658	5658	0	10714
RAIL	11	21	9	37
CORRELATION	23	13	502	772
FOLD	48	59	59	5754	5754	0	11334
RAIL	11	22	9	38
CORRELATION	24	15	502	772
FOLD	49	60	60	5853	5853	0	12003
RAIL	8	24	9	39
CORRELATION	25	17	502	772
FOLD	50	61	61	5949	5949	0	12230
RAIL	8	25	9	40
CORRELATION	26	17	502	772
FOLD	51	62	62	6048	6048	0	12463
RAIL	10	22	9	41
CORRELATION	27	17	502	772
FOLD	52	63	63	6144	6144	0	12691
RAIL	10	23	9	42
CORRELATION	28	17	502	772
FOLD	53	64	64	6243	6243	0	13388
RAIL	9	23	9	43
CORRELATION	29	19	502	772
FOLD	54	65	65	6339	6339	0	14431
RAIL	9	24	9	44
CORRELATION	30	21	502	772
FOLD	54	65	65	6339	6339	0	15217
RAIL	9	24	9	45
CORRELATION	32	23	502	772
FOLD	55	66	66	6438	6438	0	15684
RAIL	16	16	9	45
CORRELATION	33	25	502	772
FOLD	56	67	67	6534	6534	0	15899
RAIL	16	17	9	46
CORRELATION	34	25	502	772
FOLD	57	68	68	6633	6633	0	16621
RAIL	15	17	9	47
CORRELATION	37	27	502	772
FOLD	58	69	69	6729	6729	0	16896
RAIL	15	18	9	48
CORRELATION	38	29	502	772
FOLD	59	70	70	6828	6828	0	17899
RAIL	14	18	9	49
CORRELATION	41	33	502	772
FOLD	60	71	71	6924	6924	0	18502
RAIL	14	19	9	50
CORRELATION	42	35	502	772
FOLD	61	72	72	7023	7023	0	18719
RAIL	5	27	9	51
CORRELATION	43	35	502	772
FOLD	64	71	72	6924	7023	0	18976
RAIL	13	20	11	52
CORRELATION	46	35	502	772
FOLD	72	73	73	7122	7122	0	21519
RAIL	11	22	14	57
CORRELATION	54	45	502	772
FOLD	73	74	74	7221	7221	0	21678
RAIL	8	24	14	58
CORRELATION	55	45	502	772
FOLD	74	75	75	7317	7317	0	21889
RAIL	8	25	14	59
CORRELATION	56	45	502	772
FOLD	75	76	76	7416	7416	0	22058
RAIL	10	22	14	60
CORRELATION	57	45	502	772
FOLD	76	77	77	7512	7512	0	22215
RAIL	10	23	14	61
CORRELATION	58	45	502	772
FOLD	77	78	78	7611	7611	0	22592
RAIL	9	23	14	62
CORRELATION	59	47	502	772
FOLD	78	79	79	7707	7707	0	22961
RAIL	9	24	14	63
CORRELATION	60	49	502	772
FOLD	79	80	80	7806	7806	0	23547
RAIL	16	16	14	64
CORRELATION	63	54	502	772
FOLD	79	80	80	7806	7806	0	23716
RAIL	16	16	14	65
CORRELATION	64	54	502	772
FOLD	80	81	81	7902	7902	0	23722
RAIL	16	17	14	65
CORRELATION	64	54	502	772
FOLD	81	82	82	8001	8001	0	23983
RAIL	15	17	14	66
CORRELATION	67	55	502	772
FOLD	82	83	83	8097	8097	0	24335
RAIL	15	18	14	67
CORRELATION	68	57	502	772
FOLD	83	84	84	8196	8196	0	24897
RAIL	14	18	14	68
CORRELATION	71	59	502	772
FOLD	84	85	85	8292	8292	0	25404
RAIL	14	19	14	69
CORRELATION	72	61	502	772
FOLD	85	86	86	8391	8391	0	25996
RAIL	13	19	14	70
CORRELATION	75	63	502	772
FOLD	86	87	87	8487	8487	0	26408
RAIL	13	20	14	71
CORRELATION	76	65	502	772
FOLD	87	88	88	8586	8586	0	26596
RAIL	6	27	14	72
CORRELATION	78	65	502	772
FOLD	90	89	89	8682	8682	0	27232
RAIL	7	25	15	74
CORRELATION	81	69	502	772
FOLD	99	90	90	8778	8778	0	29899
RAIL	9	24	19	79
CORRELATION	90	80	502	772
FOLD	100	91	91	8877	8877	0	30056
RAIL	16	16	19	80
CORRELATION	93	80	502	772
FOLD	101	92	92	8973	8973	0	30215
RAIL	16	17	19	81
CORRELATION	94	80	502	772
FOLD	102	93	93	9072	9072	0	30467
RAIL	15	17	19	82
CORRELATION	97	80	502	772
FOLD	103	94	94	9168	9168	0	31058
RAIL	15	18	19	83
CORRELATION	98	82	502	772
FOLD	104	95	95	9267	9267	0	31733
RAIL	14	18	19	84
CORRELATION	101	86	502	772
FOLD	105	96	96	9363	9363	0	31888
RAIL	14	19	19	85
CORRELATION	102	86	502	772
FOLD	106	97	97	9462	9462	0	33108
RAIL	13	19	19	86
CORRELATION	105	92	502	772
FOLD	107	98	98	9558	9558	0	33290
RAIL	13	20	19	87
CORRELATION	106	92	502	772
FOLD	108	99	99	9657	9657	0	33548
RAIL	6	27	19	88
CORRELATION	108	92	502	772
FOLD	111	100	100	9753	9753	0	34901
RAIL	7	25	20	90
CORRELATION	111	98	502	772
FOLD	112	101	101	9849	9849	0	35043
RAIL	7	26	20	91
CORRELATION	112	98	502	772
FOLD	115	102	102	9945	9945	0	36425
RAIL	8	24	21	93
CORRELATION	115	103	502	772
FOLD	123	102	102	9945	9945	0	39327
RAIL	15	17	25	98
CORRELATION	128	115	502	772
FOLD	124	103	103	10041	10041	0	39336
RAIL	15	18	25	98
CORRELATION	128	115	502	772
FOLD	125	104	104	10140	10140	0	39525
RAIL	14	18	25	99
CORRELATION	131	115	502	772
FOLD	126	105	105	10236	10236	0	39734
RAIL	14	19	25	100
CORRELATION	132	115	502	772
FOLD	127	106	106	10335	10335	0	40645
RAIL	13	19	25	101
CORRELATION	135	121	502	772
FOLD	128	107	107	10431	10431	0	40845
RAIL	13	20	25	102
CORRELATION	136	121	502	772
FOLD	129	108	108	10530	10530	0	41358
RAIL	12	20	25	103
CORRELATION	139	123	502	772
FOLD	130	109	109	10626	10626	0	41998
RAIL	12	21	25	104
CORRELATION	140	126	502	772
FOLD	131	110	110	10725	10725	0	42171
RAIL	7	25	25	105
CORRELATION	141	126	502	772
FOLD	136	111	111	10821	10821	0	43294
RAIL	8	25	27	108
CORRELATION	146	132	502	772
FOLD	137	112	112	10920	10920	0	43571
RAIL	10	22	27	109
CORRELATION	147	133	502	772
FOLD	146	113	113	11016	11016	0	46260
RAIL	14	19	31	114
CORRELATION	162	147	502	772
FOLD	147	114	114	11115	11115	0	46801
RAIL	13	19	31	115
CORRELATION	165	149	502	772
FOLD	148	115	115	11211	11211	0	46952
RAIL	13	20	31	116
CORRELATION	166	149	502	772
FOLD	149	116	116	11310	11310	0	47647
RAIL	12	20	31	117
CORRELATION	169	153	502	772
FOLD	150	117	117	11406	11406	0	47810
RAIL	12	21	31	118
CORRELATION	170	153	502	772
FOLD	151	118	118	11505	11505	0	47976
RAIL	7	25	31	119
CORRELATION	171	153	502	772
FOLD	166	119	119	11604	11604	0	54403
RAIL	14	19	38	127
CORRELATION	192	176	502	772
FOLD	167	120	120	11703	11703	0	54905
RAIL	13	19	38	128
CORRELATION	195	179	502	772
FOLD	168	121	121	11799	11799	0	55368
RAIL	13	20	38	129
CORRELATION	196	181	502	772
FOLD	169	122	122	11898	11898	0	56094
RAIL	12	20	38	130
CORRELATION	199	183	502	772
FOLD	205	118	122	11505	11898	0	65876
RAIL	13	19	59	146
CORRELATION	256	226	502	772
FOLD	256	107	122	10434	11898	0	81880
RAIL	15	18	89	166
CORRELATION	338	304	502	772
FOLD	354	91	122	8877	11898	0	114252
RAIL	9	24	146	208
CORRELATION	512	459	502	772
FOLD	512	89	122	8682	11898	0	166474
RAIL	10	23	226	285
CORRELATION	808	740	502	772
FOLD	619	76	122	7410	11898	0	209595
RAIL	16	16	287	332
CORRELATION	1024	939	502	772
FOLD	1024	57	122	5562	11898	0	354299
RAIL	16	17	498	525
CORRELATION	1894	1707	502	772
FOLD	1085	74	122	7215	11898	0	374524
RAIL	15	17	520	565
CORRELATION	2048	1854	502	772
FOLD	1885	72	122	7029	11898	0	686145
RAIL	13	19	921	964
CORRELATION	4096	3674	502	772
FOLD	2048	59	122	5760	11898	0	782666
RAIL	12	21	1009	1038
CORRELATION	4580	4136	502	772
FOLD	2646	61	122	5949	11898	0	1100603
RAIL	13	20	1308	1338
CORRELATION	6376	5678	502	772
FRAME	16	15	1	3	1103523
RESULT	closed	53717	62191	1103540	593	1	1	143	381
