trace length 62
mark 0 8712
mark 1 8904
mark 2 8868
mark 3 8868
mark 4 8865
mark 5 8712
mark 6 8869
mark 7 8869
mark 8 8868
mark 9 8869
mark 10 8868
mark 11 8868
mark 12 8868
mark 13 8869
mark 14 8715
mark 15 8866
mark 16 8712
mark 17 8869
mark 18 8715
mark 19 8712
mark 20 8868
mark 21 8715
mark 22 8712
mark 23 8869
mark 24 8715
mark 25 8712
mark 26 8869
mark 27 8715
mark 28 8712
mark 29 8868
mark 30 8869
mark 31 8715
mark 32 8712
mark 33 8868
mark 34 8715
mark 35 8712
mark 36 8869
mark 37 8868
mark 38 8715
mark 39 8712
mark 40 8869
mark 41 8869
mark 42 8715
mark 43 8712
mark 44 8869
mark 45 8869
mark 46 8715
mark 47 8712
mark 48 8869
mark 49 8715
mark 50 8712
mark 51 8869
mark 52 8868
mark 53 8869
mark 54 8715
mark 55 8712
mark 56 8869
mark 57 8869
mark 58 8869
mark 59 8715
mark 60 8867
mark 61 8715
decoded Some(1)
verified Ok(())
