INPUT	3340713947	32	22	164
FRAME	1	0	1	1	20
FOLD	1	1	1	96	96	0	66
FOLD	2	1	1	99	99	0	88
FOLD	4	3	3	291	291	0	132
FOLD	5	5	5	486	486	0	144
FOLD	8	7	7	681	681	0	759
FOLD	9	9	9	876	876	0	786
FOLD	12	11	11	1071	1071	0	915
FOLD	13	13	13	1266	1266	0	926
FOLD	14	15	15	1461	1461	0	948
FOLD	15	17	17	1656	1656	0	976
FOLD	16	19	19	1851	1851	0	992
FOLD	17	21	21	2046	2046	0	1022
FOLD	18	23	23	2241	2241	0	1040
FOLD	19	25	25	2436	2436	0	1064
FOLD	20	27	27	2631	2631	0	1081
FOLD	21	29	29	2826	2826	0	1093
FOLD	22	31	31	3021	3021	0	1125
FOLD	23	33	33	3216	3216	0	1135
FOLD	24	35	35	3411	3411	0	1180
FOLD	25	37	37	3606	3606	0	1247
FOLD	26	39	39	3801	3801	0	1293
FOLD	27	41	41	3996	3996	0	1303
FOLD	28	43	43	4191	4191	0	1334
FOLD	29	45	45	4386	4386	0	1350
FOLD	30	47	47	4581	4581	0	1366
FOLD	31	48	48	4680	4680	0	1376
FOLD	32	49	49	4776	4776	0	1394
FOLD	33	50	50	4875	4875	0	1410
FOLD	34	51	51	4971	4971	0	1426
FOLD	35	52	52	5070	5070	0	1442
FOLD	36	53	53	5166	5166	0	1462
FOLD	37	54	54	5265	5265	0	1478
FOLD	44	55	55	5364	5364	0	1596
FOLD	45	56	56	5463	5463	0	1612
FOLD	46	57	57	5559	5559	0	1628
FOLD	47	58	58	5658	5658	0	1691
FOLD	48	59	59	5754	5754	0	1709
FOLD	49	60	60	5853	5853	0	1750
FOLD	50	61	61	5949	5949	0	1768
FOLD	51	62	62	6048	6048	0	1784
FOLD	52	63	63	6144	6144	0	1801
FOLD	53	64	64	6243	6243	0	1816
FOLD	54	65	65	6339	6339	0	1832
FOLD	55	66	66	6438	6438	0	1869
FOLD	56	67	67	6534	6534	0	1887
FOLD	57	68	68	6633	6633	0	1910
FOLD	58	69	69	6729	6729	0	1928
FOLD	59	70	70	6828	6828	0	1945
FOLD	60	71	71	6924	6924	0	1963
FOLD	61	72	72	7023	7023	0	1980
FOLD	64	71	72	6924	7023	0	2026
FOLD	72	73	73	7122	7122	0	2161
FOLD	73	74	74	7221	7221	0	2178
FOLD	74	75	75	7317	7317	0	2229
FOLD	75	76	76	7416	7416	0	2264
FOLD	76	77	77	7512	7512	0	2284
FOLD	77	78	78	7611	7611	0	2323
FOLD	78	79	79	7707	7707	0	2362
FOLD	79	80	80	7806	7806	0	2421
FOLD	80	81	81	7902	7902	0	2507
FOLD	81	82	82	8001	8001	0	2541
FOLD	82	83	83	8097	8097	0	2566
FOLD	83	84	84	8196	8196	0	2586
FOLD	84	85	85	8292	8292	0	2604
FOLD	85	86	86	8391	8391	0	2628
FOLD	86	87	87	8487	8487	0	2648
FOLD	87	88	88	8586	8586	0	2667
FOLD	90	89	89	8682	8682	0	2715
FOLD	99	90	90	8778	8778	0	2896
FOLD	100	91	91	8877	8877	0	2917
FOLD	101	92	92	8973	8973	0	2937
FOLD	102	93	93	9072	9072	0	2956
FOLD	103	94	94	9168	9168	0	2975
FOLD	104	95	95	9267	9267	0	2995
FOLD	105	96	96	9363	9363	0	3014
FOLD	106	97	97	9462	9462	0	3033
FOLD	107	98	98	9558	9558	0	3053
FOLD	108	99	99	9657	9657	0	3072
FOLD	111	100	100	9753	9753	0	3168
FOLD	112	101	101	9849	9849	0	3188
FOLD	115	102	102	9945	9945	0	3254
FOLD	124	103	103	10041	10041	0	3428
FOLD	125	104	104	10140	10140	0	3449
FOLD	126	105	105	10236	10236	0	3473
FOLD	127	106	106	10335	10335	0	3494
FOLD	128	107	107	10431	10431	0	3515
FOLD	129	108	108	10530	10530	0	3536
FOLD	130	109	109	10626	10626	0	3557
FOLD	131	110	110	10725	10725	0	3578
FOLD	136	111	111	10821	10821	0	3730
FOLD	137	112	112	10920	10920	0	3794
FOLD	146	113	113	11016	11016	0	4062
FOLD	147	114	114	11115	11115	0	4086
FOLD	148	115	115	11211	11211	0	4113
FOLD	149	116	116	11310	11310	0	4136
FOLD	150	117	117	11406	11406	0	4158
FOLD	151	118	118	11505	11505	0	4192
FOLD	166	119	119	11604	11604	0	4550
FOLD	167	120	120	11703	11703	0	4577
FOLD	168	121	121	11799	11799	0	4608
FOLD	169	122	122	11898	11898	0	4641
FOLD	256	109	122	10626	11898	0	6618
FOLD	512	91	122	8874	11898	0	12459
FOLD	1024	59	122	5754	11898	0	24246
FOLD	2048	63	122	6144	11898	0	47469
FOLD	4096	27	122	2634	11898	0	94049
FOLD	8192	19	122	1842	11898	0	206564
FOLD	13507	14	122	1368	11898	0	337746
FRAME	16	15	1	3	338055
RESULT	closed	53717	62191	338060	571	1	1	143	381
