INPUT	11647198307356338841	64	27	324
FRAME	1	0	1	1	20
FOLD	0	0	0	0	0	0	75
RAIL	0	0	0	0
CORRELATION	0	0	0	0
SQUARE	1	69
FOLD	0	0	0	0	0	0	89
RAIL	0	0	0	0
CORRELATION	0	0	0	0
SQUARE	2	70
FOLD	0	0	0	0	0	0	96
RAIL	0	0	0	0
CORRELATION	0	0	0	0
SQUARE	4	70
FOLD	0	0	0	0	0	0	111
RAIL	0	0	0	0
CORRELATION	0	0	0	0
SQUARE	8	125
FOLD	0	0	0	0	0	0	128
RAIL	0	0	0	0
CORRELATION	0	0	0	0
SQUARE	16	127
FOLD	0	0	0	0	0	0	150
RAIL	0	0	0	0
CORRELATION	0	0	0	0
SQUARE	32	130
FOLD	0	0	0	0	0	0	195
RAIL	0	0	0	0
CORRELATION	0	0	0	0
SQUARE	64	132
FOLD	1	1	1	192	192	0	200
RAIL	2	62	0	0
CORRELATION	0	0	0	0
SQUARE	64	132
FOLD	1	1	1	192	192	0	285
RAIL	2	62	1	0
CORRELATION	0	0	0	0
SQUARE	128	135
FOLD	2	1	1	195	195	0	290
RAIL	2	63	1	0
CORRELATION	0	0	0	0
SQUARE	128	135
FOLD	3	1	1	192	195	0	1428
RAIL	32	32	2	1
CORRELATION	1	0	1902	2834
SQUARE	192	137
FOLD	4	2	2	384	384	0	1435
RAIL	32	32	2	1
CORRELATION	1	0	1902	2834
SQUARE	192	137
FOLD	4	2	2	384	384	0	1766
RAIL	32	32	2	2
CORRELATION	1	0	1902	2834
SQUARE	256	137
FOLD	5	4	4	771	771	0	1773
RAIL	32	33	2	2
CORRELATION	1	0	1902	2834
SQUARE	256	137
FOLD	5	4	4	771	771	0	2080
RAIL	32	33	2	3
CORRELATION	2	0	1902	2834
SQUARE	256	137
FOLD	6	5	5	966	966	0	2087
RAIL	32	33	2	3
CORRELATION	2	0	1902	2834
SQUARE	256	137
FOLD	7	7	7	1353	1353	0	2425
RAIL	3	61	2	4
CORRELATION	2	0	1902	2834
SQUARE	320	137
FOLD	8	7	7	1356	1356	0	2545
RAIL	3	62	3	4
CORRELATION	3	0	1902	2834
SQUARE	384	140
FOLD	8	7	7	1356	1356	0	2582
RAIL	3	62	4	4
CORRELATION	4	0	1902	2834
SQUARE	384	140
FOLD	10	8	8	1545	1545	0	2944
RAIL	31	33	4	5
CORRELATION	5	0	1902	2834
SQUARE	448	140
FOLD	10	8	8	1545	1545	0	3276
RAIL	31	33	4	6
CORRELATION	5	0	1902	2834
SQUARE	512	140
FOLD	11	10	10	1932	1932	0	3283
RAIL	31	34	4	6
CORRELATION	5	0	1902	2834
SQUARE	512	140
FOLD	12	11	11	2127	2127	0	3633
RAIL	31	34	4	7
CORRELATION	6	0	1902	2834
SQUARE	512	140
FOLD	13	13	13	2514	2514	0	3999
RAIL	4	60	4	8
CORRELATION	6	0	1902	2834
SQUARE	576	140
FOLD	14	14	14	2706	2706	0	4288
RAIL	4	60	4	9
CORRELATION	7	1	1902	2834
SQUARE	576	140
FOLD	15	14	14	2709	2709	0	4471
RAIL	4	61	6	9
CORRELATION	8	1	1902	2834
SQUARE	640	140
FOLD	16	14	14	2706	2709	0	4551
RAIL	30	34	6	9
CORRELATION	8	1	1902	2834
SQUARE	704	142
FOLD	17	15	15	2898	2898	0	4823
RAIL	30	34	6	10
CORRELATION	9	1	1902	2834
SQUARE	704	142
FOLD	18	17	17	3285	3285	0	5223
RAIL	30	35	6	11
CORRELATION	9	1	1902	2834
SQUARE	768	142
FOLD	19	18	18	3480	3480	0	5530
RAIL	30	35	6	12
CORRELATION	10	1	1902	2834
SQUARE	768	142
FOLD	20	20	20	3867	3867	0	5916
RAIL	5	59	6	13
CORRELATION	10	1	1902	2834
SQUARE	832	142
FOLD	21	21	21	4059	4059	0	6244
RAIL	5	59	6	14
CORRELATION	11	1	1902	2834
SQUARE	832	142
FOLD	24	22	22	4251	4251	0	6869
RAIL	29	35	8	15
CORRELATION	13	1	1902	2834
SQUARE	960	142
FOLD	24	22	22	4251	4251	0	7259
RAIL	29	35	8	16
CORRELATION	13	1	1902	2834
SQUARE	1024	142
FOLD	25	24	24	4638	4638	0	7266
RAIL	29	36	8	16
CORRELATION	13	1	1902	2834
SQUARE	1024	142
FOLD	26	25	25	4833	4833	0	7531
RAIL	29	36	8	17
CORRELATION	14	1	1902	2834
SQUARE	1024	142
FOLD	27	27	27	5220	5220	0	7924
RAIL	6	58	8	18
CORRELATION	14	1	1902	2834
SQUARE	1088	142
FOLD	28	28	28	5412	5412	0	8220
RAIL	6	58	8	19
CORRELATION	15	1	1902	2834
SQUARE	1088	142
FOLD	29	30	30	5799	5799	0	8550
RAIL	6	59	8	20
CORRELATION	15	1	1902	2834
SQUARE	1152	142
FOLD	29	30	30	5799	5799	0	8888
RAIL	6	59	8	21
CORRELATION	16	1	1902	2834
SQUARE	1152	142
FOLD	30	31	31	5994	5994	0	8895
RAIL	6	59	8	21
CORRELATION	16	1	1902	2834
SQUARE	1152	142
FOLD	32	32	32	6183	6183	0	9320
RAIL	28	36	9	22
CORRELATION	17	1	1902	2834
SQUARE	1216	142
FOLD	33	34	34	6570	6570	0	9715
RAIL	28	37	9	23
CORRELATION	17	1	1902	2834
SQUARE	1280	142
FOLD	34	35	35	6765	6765	0	10048
RAIL	28	37	9	24
CORRELATION	18	1	1902	2834
SQUARE	1280	142
FOLD	35	37	37	7152	7152	0	10427
RAIL	7	57	9	25
CORRELATION	18	1	1902	2834
SQUARE	1344	145
FOLD	36	38	38	7344	7344	0	10721
RAIL	7	57	9	26
CORRELATION	19	1	1902	2834
SQUARE	1344	145
FOLD	37	40	40	7731	7731	0	11094
RAIL	7	58	9	27
CORRELATION	19	1	1902	2834
SQUARE	1408	145
FOLD	38	41	41	7926	7926	0	11498
RAIL	7	58	9	28
CORRELATION	20	3	1902	2834
SQUARE	1408	145
FOLD	39	43	43	8313	8313	0	11875
RAIL	27	37	9	29
CORRELATION	20	3	1902	2834
SQUARE	1472	145
FOLD	40	44	44	8505	8505	0	12240
RAIL	27	37	9	30
CORRELATION	21	4	1902	2834
SQUARE	1472	145
FOLD	41	46	46	8892	8892	0	12582
RAIL	27	38	9	31
CORRELATION	21	4	1902	2834
SQUARE	1536	145
FOLD	42	47	47	9087	9087	0	12955
RAIL	27	38	9	32
CORRELATION	22	4	1902	2834
SQUARE	1536	145
FOLD	43	49	49	9474	9474	0	13479
RAIL	8	56	9	33
CORRELATION	22	4	1902	2834
SQUARE	1600	145
FOLD	44	50	50	9666	9666	0	13788
RAIL	8	56	9	34
CORRELATION	23	4	1902	2834
SQUARE	1600	145
FOLD	45	52	52	10053	10053	0	14123
RAIL	8	57	9	35
CORRELATION	23	4	1902	2834
SQUARE	1664	145
FOLD	46	53	53	10248	10248	0	14477
RAIL	8	57	9	36
CORRELATION	24	4	1902	2834
SQUARE	1664	145
FOLD	47	55	55	10635	10635	0	14894
RAIL	26	38	9	37
CORRELATION	24	4	1902	2834
SQUARE	1728	145
FOLD	48	56	56	10827	10827	0	15307
RAIL	26	38	9	38
CORRELATION	25	4	1902	2834
SQUARE	1728	145
FOLD	49	58	58	11214	11214	0	15710
RAIL	26	39	9	39
CORRELATION	25	4	1902	2834
SQUARE	1792	145
FOLD	50	59	59	11409	11409	0	16040
RAIL	26	39	9	40
CORRELATION	26	4	1902	2834
SQUARE	1792	145
FOLD	51	61	61	11796	11796	0	16701
RAIL	9	55	9	41
CORRELATION	26	4	1902	2834
SQUARE	1856	145
FOLD	52	62	62	11988	11988	0	17613
RAIL	9	55	9	42
CORRELATION	27	5	1902	2834
SQUARE	1856	145
FOLD	53	64	64	12375	12375	0	17930
RAIL	9	56	9	43
CORRELATION	27	5	1902	2834
SQUARE	1920	145
FOLD	54	65	65	12570	12570	0	18204
RAIL	9	56	9	44
CORRELATION	28	5	1902	2834
SQUARE	1920	145
FOLD	55	67	67	12957	12957	0	18548
RAIL	25	39	9	45
CORRELATION	28	5	1902	2834
SQUARE	1984	145
FOLD	56	68	68	13149	13149	0	18805
RAIL	25	39	9	46
CORRELATION	29	5	1902	2834
SQUARE	1984	145
FOLD	56	68	68	13149	13149	0	19153
RAIL	25	39	9	47
CORRELATION	29	5	1902	2834
SQUARE	2048	145
FOLD	57	70	70	13536	13536	0	19160
RAIL	25	40	9	47
CORRELATION	29	5	1902	2834
SQUARE	2048	145
FOLD	58	71	71	13731	13731	0	19476
RAIL	25	40	9	48
CORRELATION	30	5	1902	2834
SQUARE	2048	145
FOLD	59	73	73	14118	14118	0	19913
RAIL	10	54	9	49
CORRELATION	30	5	1902	2834
SQUARE	2112	145
FOLD	60	74	74	14310	14310	0	20195
RAIL	10	54	9	50
CORRELATION	31	5	1902	2834
SQUARE	2112	145
FOLD	61	76	76	14697	14697	0	20679
RAIL	10	55	9	51
CORRELATION	31	5	1902	2834
SQUARE	2176	145
FOLD	61	76	76	14697	14697	0	20942
RAIL	10	55	9	52
CORRELATION	32	5	1902	2834
SQUARE	2176	145
FOLD	62	77	77	14892	14892	0	20948
RAIL	10	55	9	52
CORRELATION	32	5	1902	2834
SQUARE	2176	145
FOLD	63	79	79	15279	15279	0	21300
RAIL	24	40	9	53
CORRELATION	32	5	1902	2834
SQUARE	2240	145
FOLD	64	80	80	15471	15471	0	21557
RAIL	24	40	9	54
CORRELATION	33	5	1902	2834
SQUARE	2240	145
FOLD	65	82	82	15858	15858	0	21873
RAIL	24	41	9	55
CORRELATION	33	5	1902	2834
SQUARE	2304	145
FOLD	66	83	83	16053	16053	0	22165
RAIL	24	41	9	56
CORRELATION	34	5	1902	2834
SQUARE	2304	145
FOLD	67	85	85	16440	16440	0	22493
RAIL	11	53	9	57
CORRELATION	34	5	1902	2834
SQUARE	2368	145
FOLD	68	86	86	16632	16632	0	22734
RAIL	11	53	9	58
CORRELATION	35	5	1902	2834
SQUARE	2368	145
FOLD	69	88	88	17019	17019	0	23064
RAIL	11	54	9	59
CORRELATION	35	5	1902	2834
SQUARE	2432	145
FOLD	70	89	89	17214	17214	0	23348
RAIL	11	54	9	60
CORRELATION	36	5	1902	2834
SQUARE	2432	145
FOLD	71	91	91	17601	17601	0	23694
RAIL	23	41	9	61
CORRELATION	36	5	1902	2834
SQUARE	2496	145
FOLD	72	92	92	17793	17793	0	23950
RAIL	23	41	9	62
CORRELATION	37	5	1902	2834
SQUARE	2496	145
FOLD	73	94	94	18180	18180	0	24285
RAIL	23	42	9	63
CORRELATION	37	5	1902	2834
SQUARE	2560	145
FOLD	74	95	95	18375	18375	0	24631
RAIL	23	42	9	64
CORRELATION	38	7	1902	2834
SQUARE	2560	145
FOLD	75	97	97	18762	18762	0	24955
RAIL	12	52	9	65
CORRELATION	38	7	1902	2834
SQUARE	2624	147
FOLD	76	98	98	18954	18954	0	25210
RAIL	12	52	9	66
CORRELATION	39	7	1902	2834
SQUARE	2624	147
FOLD	77	100	100	19341	19341	0	25549
RAIL	12	53	9	67
CORRELATION	39	7	1902	2834
SQUARE	2688	147
FOLD	78	101	101	19536	19536	0	25796
RAIL	12	53	9	68
CORRELATION	40	7	1902	2834
SQUARE	2688	147
FOLD	79	103	103	19923	19923	0	26136
RAIL	22	42	9	69
CORRELATION	40	7	1902	2834
SQUARE	2752	147
FOLD	80	104	104	20115	20115	0	26378
RAIL	22	42	9	70
CORRELATION	41	7	1902	2834
SQUARE	2752	147
FOLD	81	106	106	20502	20502	0	26680
RAIL	22	43	9	71
CORRELATION	41	7	1902	2834
SQUARE	2816	147
FOLD	82	107	107	20697	20697	0	26946
RAIL	22	43	9	72
CORRELATION	42	7	1902	2834
SQUARE	2816	147
FOLD	83	109	109	21084	21084	0	27282
RAIL	13	51	9	73
CORRELATION	42	7	1902	2834
SQUARE	2880	147
FOLD	84	110	110	21276	21276	0	27604
RAIL	13	51	9	74
CORRELATION	43	7	1902	2834
SQUARE	2880	147
FOLD	85	112	112	21663	21663	0	27973
RAIL	13	52	9	75
CORRELATION	43	7	1902	2834
SQUARE	2944	147
FOLD	86	113	113	21858	21858	0	28258
RAIL	13	52	9	76
CORRELATION	44	7	1902	2834
SQUARE	2944	147
FOLD	87	115	115	22245	22245	0	28804
RAIL	21	43	9	77
CORRELATION	44	7	1902	2834
SQUARE	3008	147
FOLD	88	116	116	22437	22437	0	29637
RAIL	21	43	9	78
CORRELATION	45	7	1902	2834
SQUARE	3008	147
FOLD	89	118	118	22824	22824	0	30012
RAIL	21	44	9	79
CORRELATION	45	7	1902	2834
SQUARE	3072	147
FOLD	90	119	119	23019	23019	0	30279
RAIL	21	44	9	80
CORRELATION	46	7	1902	2834
SQUARE	3072	147
FOLD	91	121	121	23406	23406	0	30595
RAIL	14	50	9	81
CORRELATION	46	7	1902	2834
SQUARE	3136	147
FOLD	92	122	122	23598	23598	0	30830
RAIL	14	50	9	82
CORRELATION	47	7	1902	2834
SQUARE	3136	147
FOLD	93	124	124	23985	23985	0	31126
RAIL	14	51	9	83
CORRELATION	47	7	1902	2834
SQUARE	3200	147
FOLD	94	125	125	24180	24180	0	31394
RAIL	14	51	9	84
CORRELATION	48	7	1902	2834
SQUARE	3200	147
FOLD	95	127	127	24567	24567	0	31942
RAIL	20	44	9	85
CORRELATION	48	7	1902	2834
SQUARE	3264	147
FOLD	96	128	128	24759	24759	0	32415
RAIL	20	44	9	86
CORRELATION	49	7	1902	2834
SQUARE	3264	147
FOLD	97	130	130	25146	25146	0	32977
RAIL	20	45	9	87
CORRELATION	49	7	1902	2834
SQUARE	3328	147
FOLD	98	131	131	25341	25341	0	33434
RAIL	20	45	9	88
CORRELATION	50	7	1902	2834
SQUARE	3328	147
FOLD	99	133	133	25728	25728	0	34003
RAIL	15	49	9	89
CORRELATION	50	7	1902	2834
SQUARE	3392	147
FOLD	100	134	134	25920	25920	0	34492
RAIL	15	49	9	90
CORRELATION	51	7	1902	2834
SQUARE	3392	147
FOLD	101	136	136	26307	26307	0	35228
RAIL	15	50	9	91
CORRELATION	51	7	1902	2834
SQUARE	3456	147
FOLD	102	137	137	26502	26502	0	35892
RAIL	15	50	9	92
CORRELATION	52	11	1902	2834
SQUARE	3456	147
FOLD	103	139	139	26889	26889	0	36468
RAIL	19	45	9	93
CORRELATION	52	11	1902	2834
SQUARE	3520	147
FOLD	104	140	140	27081	27081	0	37045
RAIL	19	45	9	94
CORRELATION	53	14	1902	2834
SQUARE	3520	147
FOLD	105	142	142	27468	27468	0	37613
RAIL	19	46	9	95
CORRELATION	53	14	1902	2834
SQUARE	3584	147
FOLD	106	143	143	27663	27663	0	38108
RAIL	19	46	9	96
CORRELATION	54	15	1902	2834
SQUARE	3584	147
FOLD	107	145	145	28050	28050	0	38710
RAIL	16	48	9	97
CORRELATION	54	15	1902	2834
SQUARE	3648	147
FOLD	108	146	146	28242	28242	0	39150
RAIL	16	48	9	98
CORRELATION	55	15	1902	2834
SQUARE	3648	147
FOLD	109	148	148	28629	28629	0	39738
RAIL	16	49	9	99
CORRELATION	55	15	1902	2834
SQUARE	3712	147
FOLD	110	149	149	28824	28824	0	40191
RAIL	16	49	9	100
CORRELATION	56	15	1902	2834
SQUARE	3712	147
FOLD	111	151	151	29211	29211	0	40745
RAIL	18	46	9	101
CORRELATION	56	15	1902	2834
SQUARE	3776	147
FOLD	112	152	152	29403	29403	0	41203
RAIL	18	46	9	102
CORRELATION	57	15	1902	2834
SQUARE	3776	147
FOLD	113	154	154	29790	29790	0	41901
RAIL	18	47	9	103
CORRELATION	57	15	1902	2834
SQUARE	3840	147
FOLD	114	155	155	29985	29985	0	42375
RAIL	18	47	9	104
CORRELATION	58	15	1902	2834
SQUARE	3840	147
FOLD	115	157	157	30372	30372	0	42968
RAIL	17	47	9	105
CORRELATION	58	15	1902	2834
SQUARE	3904	147
FOLD	116	158	158	30564	30564	0	43433
RAIL	17	47	9	106
CORRELATION	59	15	1902	2834
SQUARE	3904	147
FOLD	117	160	160	30951	30951	0	44051
RAIL	17	48	9	107
CORRELATION	59	15	1902	2834
SQUARE	3968	147
FOLD	118	161	161	31146	31146	0	44664
RAIL	17	48	9	108
CORRELATION	60	18	1902	2834
SQUARE	3968	147
FOLD	118	161	161	31146	31146	0	45418
RAIL	17	48	9	109
CORRELATION	61	18	1902	2834
SQUARE	4096	147
FOLD	119	162	162	31341	31341	0	45649
RAIL	32	32	9	109
CORRELATION	63	18	1902	2834
SQUARE	4160	147
FOLD	119	162	162	31341	31341	0	46252
RAIL	32	32	9	110
CORRELATION	64	18	1902	2834
SQUARE	4224	147
FOLD	120	163	163	31533	31533	0	46261
RAIL	32	33	9	110
CORRELATION	64	18	1902	2834
SQUARE	4224	147
FOLD	121	164	164	31728	31728	0	47431
RAIL	31	33	9	111
CORRELATION	67	21	1902	2834
SQUARE	4416	147
FOLD	122	165	165	31920	31920	0	48123
RAIL	31	34	9	112
CORRELATION	68	21	1902	2834
SQUARE	4480	147
FOLD	123	166	166	32115	32115	0	48736
RAIL	4	60	9	113
CORRELATION	69	21	1902	2834
SQUARE	4544	147
FOLD	126	167	167	32310	32310	0	50397
RAIL	5	59	10	115
CORRELATION	73	21	1902	2834
SQUARE	4800	147
FOLD	128	167	167	32310	32310	0	52585
RAIL	29	36	11	116
CORRELATION	76	21	1902	2834
SQUARE	4992	147
FOLD	129	168	168	32505	32505	0	53202
RAIL	6	58	11	117
CORRELATION	77	21	1902	2834
SQUARE	5056	147
FOLD	134	169	169	32697	32697	0	57425
RAIL	7	58	13	120
CORRELATION	82	27	1902	2834
SQUARE	5376	150
FOLD	137	170	170	32889	32889	0	58865
RAIL	8	56	14	122
CORRELATION	85	27	1902	2834
SQUARE	5568	150
FOLD	138	171	171	33081	33081	0	59450
RAIL	8	57	14	123
CORRELATION	86	27	1902	2834
SQUARE	5632	150
FOLD	141	172	172	33273	33273	0	61935
RAIL	9	55	15	125
CORRELATION	89	31	1902	2834
SQUARE	5824	150
FOLD	142	173	173	33465	33465	0	62642
RAIL	9	56	15	126
CORRELATION	90	32	1902	2834
SQUARE	5888	150
FOLD	143	174	174	33660	33660	0	63950
RAIL	25	39	15	127
CORRELATION	91	34	1902	2834
SQUARE	5952	150
FOLD	144	175	175	33852	33852	0	64549
RAIL	25	40	15	128
CORRELATION	92	35	1902	2834
SQUARE	6016	150
FOLD	145	176	176	34047	34047	0	65225
RAIL	10	54	15	129
CORRELATION	93	37	1902	2834
SQUARE	6080	150
FOLD	146	177	177	34239	34239	0	65846
RAIL	10	55	15	130
CORRELATION	94	38	1902	2834
SQUARE	6144	150
FOLD	147	178	178	34434	34434	0	66775
RAIL	24	40	15	131
CORRELATION	95	40	1902	2834
SQUARE	6208	150
FOLD	148	179	179	34626	34626	0	67481
RAIL	24	41	15	132
CORRELATION	96	40	1902	2834
SQUARE	6272	150
FOLD	149	180	180	34821	34821	0	69061
RAIL	11	53	15	133
CORRELATION	97	42	1902	2834
SQUARE	6336	150
FOLD	150	181	181	35013	35013	0	70036
RAIL	11	54	15	134
CORRELATION	98	44	1902	2834
SQUARE	6400	150
FOLD	151	182	182	35208	35208	0	70717
RAIL	23	41	15	135
CORRELATION	99	44	1902	2834
SQUARE	6464	150
FOLD	152	183	183	35400	35400	0	72297
RAIL	23	42	15	136
CORRELATION	100	46	1902	2834
SQUARE	6528	150
FOLD	153	184	184	35595	35595	0	73882
RAIL	12	52	15	137
CORRELATION	101	48	1902	2834
SQUARE	6592	150
FOLD	154	185	185	35787	35787	0	74498
RAIL	12	53	15	138
CORRELATION	102	48	1902	2834
SQUARE	6656	150
FOLD	155	186	186	35982	35982	0	75156
RAIL	22	42	15	139
CORRELATION	103	48	1902	2834
SQUARE	6720	150
FOLD	156	187	187	36174	36174	0	75828
RAIL	22	43	15	140
CORRELATION	104	48	1902	2834
SQUARE	6784	150
FOLD	157	188	188	36369	36369	0	76801
RAIL	13	51	15	141
CORRELATION	105	48	1902	2834
SQUARE	6848	150
FOLD	158	189	189	36561	36561	0	77412
RAIL	13	52	15	142
CORRELATION	106	48	1902	2834
SQUARE	6912	150
FOLD	159	190	190	36756	36756	0	78056
RAIL	21	43	15	143
CORRELATION	107	48	1902	2834
SQUARE	6976	150
FOLD	160	191	191	36948	36948	0	78895
RAIL	21	44	15	144
CORRELATION	108	50	1902	2834
SQUARE	7040	150
FOLD	161	192	192	37143	37143	0	79711
RAIL	14	50	15	145
CORRELATION	109	50	1902	2834
SQUARE	7104	150
FOLD	162	193	193	37335	37335	0	80528
RAIL	14	51	15	146
CORRELATION	110	52	1902	2834
SQUARE	7168	150
FOLD	163	194	194	37530	37530	0	81404
RAIL	20	44	15	147
CORRELATION	111	54	1902	2834
SQUARE	7232	150
FOLD	164	195	195	37722	37722	0	81741
RAIL	20	45	15	148
CORRELATION	112	54	1902	2834
SQUARE	7296	150
FOLD	165	196	196	37917	37917	0	82629
RAIL	15	49	15	149
CORRELATION	113	56	1902	2834
SQUARE	7360	150
FOLD	166	197	197	38109	38109	0	83151
RAIL	15	50	15	150
CORRELATION	114	58	1902	2834
SQUARE	7424	150
FOLD	167	198	198	38304	38304	0	83636
RAIL	19	45	15	151
CORRELATION	115	58	1902	2834
SQUARE	7488	150
FOLD	168	199	199	38496	38496	0	84481
RAIL	19	46	15	152
CORRELATION	116	60	1902	2834
SQUARE	7552	150
FOLD	169	200	200	38691	38691	0	84869
RAIL	16	48	15	153
CORRELATION	117	60	1902	2834
SQUARE	7616	150
FOLD	170	201	201	38883	38883	0	85930
RAIL	16	49	15	154
CORRELATION	118	63	1902	2834
SQUARE	7680	150
FOLD	171	202	202	39078	39078	0	86284
RAIL	18	46	15	155
CORRELATION	119	63	1902	2834
SQUARE	7744	150
FOLD	172	203	203	39270	39270	0	86631
RAIL	18	47	15	156
CORRELATION	120	63	1902	2834
SQUARE	7808	150
FOLD	173	204	204	39465	39465	0	86970
RAIL	17	47	15	157
CORRELATION	121	63	1902	2834
SQUARE	7872	150
FOLD	174	205	205	39657	39657	0	87872
RAIL	17	48	15	158
CORRELATION	122	65	1902	2834
SQUARE	7936	150
FOLD	175	206	206	39852	39852	0	89231
RAIL	32	32	15	159
CORRELATION	125	69	1902	2834
SQUARE	8128	150
FOLD	175	206	206	39852	39852	0	89572
RAIL	32	32	15	160
CORRELATION	125	69	1902	2834
SQUARE	8192	150
FOLD	176	207	207	40044	40044	0	89587
RAIL	32	33	15	160
CORRELATION	126	69	1902	2834
SQUARE	8192	150
FOLD	176	207	207	40044	40044	0	90115
RAIL	32	33	15	161
CORRELATION	128	71	1902	2834
SQUARE	8320	150
FOLD	177	208	208	40239	40239	0	90222
RAIL	31	33	15	161
CORRELATION	129	71	1902	2834
SQUARE	8384	150
FOLD	178	209	209	40431	40431	0	91164
RAIL	31	34	15	162
CORRELATION	130	73	1902	2834
SQUARE	8448	150
FOLD	179	210	210	40626	40626	0	92198
RAIL	30	34	15	163
CORRELATION	133	75	1902	2834
SQUARE	8640	150
FOLD	180	211	211	40818	40818	0	92505
RAIL	30	35	15	164
CORRELATION	134	75	1902	2834
SQUARE	8704	150
FOLD	181	212	212	41013	41013	0	93535
RAIL	29	35	15	165
CORRELATION	137	78	1902	2834
SQUARE	8896	150
FOLD	182	213	213	41205	41205	0	93846
RAIL	29	36	15	166
CORRELATION	138	78	1902	2834
SQUARE	8960	150
FOLD	183	214	214	41400	41400	0	94279
RAIL	6	58	15	167
CORRELATION	139	79	1902	2834
SQUARE	9024	150
FOLD	186	215	215	41595	41595	0	96466
RAIL	7	57	16	169
CORRELATION	143	84	1902	2834
SQUARE	9280	150
FOLD	191	216	216	41787	41787	0	98820
RAIL	8	57	18	172
CORRELATION	148	89	1902	2834
SQUARE	9600	150
FOLD	194	217	217	41979	41979	0	100839
RAIL	9	55	19	174
CORRELATION	151	93	1902	2834
SQUARE	9792	150
FOLD	195	218	218	42171	42171	0	101813
RAIL	9	56	19	175
CORRELATION	152	95	1902	2834
SQUARE	9856	150
FOLD	198	219	219	42363	42363	0	102718
RAIL	10	54	20	177
CORRELATION	155	95	1902	2834
SQUARE	10048	150
FOLD	199	220	220	42555	42555	0	103104
RAIL	10	55	20	178
CORRELATION	156	95	1902	2834
SQUARE	10112	150
FOLD	200	221	221	42750	42750	0	104170
RAIL	24	40	20	179
CORRELATION	157	97	1902	2834
SQUARE	10176	150
FOLD	201	222	222	42942	42942	0	105104
RAIL	24	41	20	180
CORRELATION	158	99	1902	2834
SQUARE	10240	150
FOLD	202	223	223	43137	43137	0	105561
RAIL	11	53	20	181
CORRELATION	159	99	1902	2834
SQUARE	10304	150
FOLD	203	224	224	43329	43329	0	106549
RAIL	11	54	20	182
CORRELATION	160	101	1902	2834
SQUARE	10368	152
FOLD	204	225	225	43524	43524	0	107428
RAIL	23	41	20	183
CORRELATION	161	103	1902	2834
SQUARE	10432	152
FOLD	205	226	226	43716	43716	0	107853
RAIL	23	42	20	184
CORRELATION	162	103	1902	2834
SQUARE	10496	152
FOLD	206	227	227	43911	43911	0	108212
RAIL	12	52	20	185
CORRELATION	163	103	1902	2834
SQUARE	10560	152
FOLD	207	228	228	44103	44103	0	108960
RAIL	12	53	20	186
CORRELATION	164	105	1902	2834
SQUARE	10624	152
FOLD	208	229	229	44298	44298	0	109754
RAIL	22	42	20	187
CORRELATION	165	107	1902	2834
SQUARE	10688	152
FOLD	209	230	230	44490	44490	0	110090
RAIL	22	43	20	188
CORRELATION	166	107	1902	2834
SQUARE	10752	152
FOLD	210	231	231	44685	44685	0	110900
RAIL	13	51	20	189
CORRELATION	167	109	1902	2834
SQUARE	10816	152
FOLD	211	232	232	44877	44877	0	111690
RAIL	13	52	20	190
CORRELATION	168	111	1902	2834
SQUARE	10880	152
FOLD	212	233	233	45072	45072	0	112041
RAIL	21	43	20	191
CORRELATION	169	111	1902	2834
SQUARE	10944	152
FOLD	213	234	234	45264	45264	0	112334
RAIL	21	44	20	192
CORRELATION	170	111	1902	2834
SQUARE	11008	152
FOLD	214	235	235	45459	45459	0	112679
RAIL	14	50	20	193
CORRELATION	171	111	1902	2834
SQUARE	11072	152
FOLD	215	236	236	45651	45651	0	113556
RAIL	14	51	20	194
CORRELATION	172	113	1902	2834
SQUARE	11136	152
FOLD	216	237	237	45846	45846	0	114379
RAIL	20	44	20	195
CORRELATION	173	115	1902	2834
SQUARE	11200	152
FOLD	217	238	238	46038	46038	0	114715
RAIL	20	45	20	196
CORRELATION	174	115	1902	2834
SQUARE	11264	152
FOLD	218	239	239	46233	46233	0	115584
RAIL	15	49	20	197
CORRELATION	175	117	1902	2834
SQUARE	11328	152
FOLD	219	240	240	46425	46425	0	116516
RAIL	15	50	20	198
CORRELATION	176	119	1902	2834
SQUARE	11392	152
FOLD	220	241	241	46620	46620	0	116846
RAIL	19	45	20	199
CORRELATION	177	119	1902	2834
SQUARE	11456	152
FOLD	221	242	242	46812	46812	0	117152
RAIL	19	46	20	200
CORRELATION	178	119	1902	2834
SQUARE	11520	152
FOLD	222	243	243	47007	47007	0	118155
RAIL	16	48	20	201
CORRELATION	179	121	1902	2834
SQUARE	11584	152
FOLD	223	244	244	47199	47199	0	119041
RAIL	16	49	20	202
CORRELATION	180	123	1902	2834
SQUARE	11648	152
FOLD	224	245	245	47394	47394	0	119461
RAIL	18	46	20	203
CORRELATION	181	123	1902	2834
SQUARE	11712	152
FOLD	225	246	246	47586	47586	0	120406
RAIL	18	47	20	204
CORRELATION	182	125	1902	2834
SQUARE	11776	152
FOLD	226	247	247	47781	47781	0	121366
RAIL	17	47	20	205
CORRELATION	183	127	1902	2834
SQUARE	11840	152
FOLD	227	248	248	47973	47973	0	121781
RAIL	17	48	20	206
CORRELATION	184	127	1902	2834
SQUARE	11904	152
FOLD	228	249	249	48168	48168	0	122369
RAIL	32	32	20	207
CORRELATION	187	127	1902	2834
SQUARE	12096	152
FOLD	229	250	250	48360	48360	0	122756
RAIL	32	33	20	208
CORRELATION	188	127	1902	2834
SQUARE	12160	152
FOLD	230	251	251	48555	48555	0	124292
RAIL	31	33	20	209
CORRELATION	191	131	1902	2834
SQUARE	12352	152
FOLD	231	252	252	48747	48747	0	124614
RAIL	31	34	20	210
CORRELATION	192	131	1902	2834
SQUARE	12416	152
FOLD	232	253	253	48942	48942	0	125818
RAIL	30	34	20	211
CORRELATION	195	136	1902	2834
SQUARE	12608	152
FOLD	233	254	254	49134	49134	0	126691
RAIL	30	35	20	212
CORRELATION	196	138	1902	2834
SQUARE	12672	152
FOLD	234	255	255	49329	49329	0	127317
RAIL	29	35	20	213
CORRELATION	199	138	1902	2834
SQUARE	12864	152
FOLD	235	256	256	49521	49521	0	127700
RAIL	29	36	20	214
CORRELATION	200	138	1902	2834
SQUARE	12928	152
FOLD	236	257	257	49716	49716	0	128080
RAIL	6	58	20	215
CORRELATION	201	138	1902	2834
SQUARE	12992	152
FOLD	237	258	258	49908	49908	0	129313
RAIL	28	36	20	216
CORRELATION	203	142	1902	2834
SQUARE	13120	152
FOLD	238	259	259	50100	50100	0	130213
RAIL	28	37	20	217
CORRELATION	204	144	1902	2834
SQUARE	13184	152
FOLD	239	260	260	50295	50295	0	130596
RAIL	7	57	20	218
CORRELATION	205	144	1902	2834
SQUARE	13248	152
FOLD	246	261	261	50490	50490	0	134075
RAIL	26	39	23	222
CORRELATION	212	150	1902	2834
SQUARE	13696	152
FOLD	247	262	262	50685	50685	0	134449
RAIL	9	55	23	223
CORRELATION	213	150	1902	2834
SQUARE	13760	152
FOLD	248	263	263	50877	50877	0	135132
RAIL	9	56	23	224
CORRELATION	214	152	1902	2834
SQUARE	13824	152
FOLD	251	264	264	51069	51069	0	137227
RAIL	10	54	24	226
CORRELATION	217	156	1902	2834
SQUARE	14016	152
FOLD	252	265	265	51261	51261	0	138192
RAIL	10	55	24	227
CORRELATION	218	158	1902	2834
SQUARE	14080	152
FOLD	255	266	266	51453	51453	0	139514
RAIL	11	53	25	229
CORRELATION	221	160	1902	2834
SQUARE	14272	152
FOLD	256	267	267	51645	51645	0	140101
RAIL	11	54	25	230
CORRELATION	222	160	1902	2834
SQUARE	14336	152
FOLD	257	268	268	51840	51840	0	140532
RAIL	23	41	25	231
CORRELATION	223	160	1902	2834
SQUARE	14400	152
FOLD	258	269	269	52032	52032	0	140995
RAIL	23	42	25	232
CORRELATION	224	160	1902	2834
SQUARE	14464	152
FOLD	259	270	270	52227	52227	0	141468
RAIL	12	52	25	233
CORRELATION	225	160	1902	2834
SQUARE	14528	152
FOLD	260	271	271	52419	52419	0	142075
RAIL	12	53	25	234
CORRELATION	226	162	1902	2834
SQUARE	14592	152
FOLD	261	272	272	52614	52614	0	142918
RAIL	22	42	25	235
CORRELATION	227	164	1902	2834
SQUARE	14656	152
FOLD	262	273	273	52806	52806	0	143300
RAIL	22	43	25	236
CORRELATION	228	164	1902	2834
SQUARE	14720	152
FOLD	263	274	274	53001	53001	0	144007
RAIL	13	51	25	237
CORRELATION	229	166	1902	2834
SQUARE	14784	152
FOLD	264	275	275	53193	53193	0	144596
RAIL	13	52	25	238
CORRELATION	230	168	1902	2834
SQUARE	14848	152
FOLD	265	276	276	53388	53388	0	145001
RAIL	21	43	25	239
CORRELATION	231	168	1902	2834
SQUARE	14912	152
FOLD	266	277	277	53580	53580	0	145907
RAIL	21	44	25	240
CORRELATION	232	170	1902	2834
SQUARE	14976	152
FOLD	267	278	278	53775	53775	0	146686
RAIL	14	50	25	241
CORRELATION	233	172	1902	2834
SQUARE	15040	152
FOLD	268	279	279	53967	53967	0	147133
RAIL	14	51	25	242
CORRELATION	234	172	1902	2834
SQUARE	15104	152
FOLD	269	280	280	54162	54162	0	148182
RAIL	20	44	25	243
CORRELATION	235	174	1902	2834
SQUARE	15168	152
FOLD	270	281	281	54354	54354	0	149230
RAIL	20	45	25	244
CORRELATION	236	176	1902	2834
SQUARE	15232	152
FOLD	271	282	282	54549	54549	0	149737
RAIL	15	49	25	245
CORRELATION	237	176	1902	2834
SQUARE	15296	152
FOLD	272	283	283	54741	54741	0	150143
RAIL	15	50	25	246
CORRELATION	238	176	1902	2834
SQUARE	15360	152
FOLD	273	284	284	54936	54936	0	150471
RAIL	19	45	25	247
CORRELATION	239	176	1902	2834
SQUARE	15424	152
FOLD	274	285	285	55128	55128	0	150911
RAIL	19	46	25	248
CORRELATION	240	176	1902	2834
SQUARE	15488	152
FOLD	275	286	286	55323	55323	0	152011
RAIL	16	48	25	249
CORRELATION	241	178	1902	2834
SQUARE	15552	152
FOLD	276	287	287	55515	55515	0	152842
RAIL	16	49	25	250
CORRELATION	242	180	1902	2834
SQUARE	15616	152
FOLD	277	288	288	55710	55710	0	153180
RAIL	18	46	25	251
CORRELATION	243	180	1902	2834
SQUARE	15680	152
FOLD	278	289	289	55902	55902	0	154072
RAIL	18	47	25	252
CORRELATION	244	182	1902	2834
SQUARE	15744	152
FOLD	279	290	290	56097	56097	0	154986
RAIL	17	47	25	253
CORRELATION	245	184	1902	2834
SQUARE	15808	152
FOLD	280	291	291	56289	56289	0	155282
RAIL	17	48	25	254
CORRELATION	246	184	1902	2834
SQUARE	15872	152
FOLD	281	292	292	56484	56484	0	156803
RAIL	32	32	25	255
CORRELATION	249	188	1902	2834
SQUARE	16064	152
FOLD	282	293	293	56676	56676	0	157947
RAIL	32	33	25	256
CORRELATION	250	188	1902	2834
SQUARE	16128	152
FOLD	283	294	294	56871	56871	0	159742
RAIL	31	33	25	257
CORRELATION	253	192	1902	2834
SQUARE	16320	152
FOLD	283	294	294	56871	56871	0	160044
RAIL	31	33	25	258
CORRELATION	253	192	1902	2834
SQUARE	16384	152
FOLD	284	295	295	57063	57063	0	160064
RAIL	31	34	25	258
CORRELATION	254	192	1902	2834
SQUARE	16384	152
FOLD	284	295	295	57063	57063	0	160458
RAIL	31	34	25	259
CORRELATION	256	192	1902	2834
SQUARE	16512	152
FOLD	285	296	296	57258	57258	0	160858
RAIL	30	34	25	259
CORRELATION	257	194	1902	2834
SQUARE	16576	152
FOLD	286	297	297	57450	57450	0	161556
RAIL	30	35	25	260
CORRELATION	258	196	1902	2834
SQUARE	16640	152
FOLD	287	298	298	57645	57645	0	162601
RAIL	29	35	25	261
CORRELATION	261	198	1902	2834
SQUARE	16832	152
FOLD	288	299	299	57837	57837	0	162912
RAIL	29	36	25	262
CORRELATION	262	198	1902	2834
SQUARE	16896	152
FOLD	289	300	300	58032	58032	0	163321
RAIL	6	58	25	263
CORRELATION	263	200	1902	2834
SQUARE	16960	152
FOLD	292	301	301	58227	58227	0	165115
RAIL	7	57	26	265
CORRELATION	267	204	1902	2834
SQUARE	17216	152
FOLD	295	302	302	58422	58422	0	167380
RAIL	8	56	27	267
CORRELATION	271	210	1902	2834
SQUARE	17472	152
FOLD	302	303	303	58617	58617	0	169651
RAIL	25	40	30	271
CORRELATION	278	212	1902	2834
SQUARE	17920	152
FOLD	303	304	304	58812	58812	0	170366
RAIL	10	54	30	272
CORRELATION	279	214	1902	2834
SQUARE	17984	152
FOLD	304	305	305	59004	59004	0	171085
RAIL	10	55	30	273
CORRELATION	280	216	1902	2834
SQUARE	18048	152
FOLD	307	306	306	59196	59196	0	172805
RAIL	11	53	31	275
CORRELATION	283	220	1902	2834
SQUARE	18240	152
FOLD	308	307	307	59388	59388	0	173111
RAIL	11	54	31	276
CORRELATION	284	220	1902	2834
SQUARE	18304	152
FOLD	311	308	308	59580	59580	0	174948
RAIL	12	52	32	278
CORRELATION	287	224	1902	2834
SQUARE	18496	152
FOLD	312	309	309	59772	59772	0	175254
RAIL	12	53	32	279
CORRELATION	288	224	1902	2834
SQUARE	18560	152
FOLD	313	310	310	59967	59967	0	176076
RAIL	22	42	32	280
CORRELATION	289	226	1902	2834
SQUARE	18624	152
FOLD	314	311	311	60159	60159	0	177020
RAIL	22	43	32	281
CORRELATION	290	228	1902	2834
SQUARE	18688	152
FOLD	315	312	312	60354	60354	0	177391
RAIL	13	51	32	282
CORRELATION	291	228	1902	2834
SQUARE	18752	152
FOLD	316	313	313	60546	60546	0	177689
RAIL	13	52	32	283
CORRELATION	292	228	1902	2834
SQUARE	18816	152
FOLD	317	314	314	60741	60741	0	178047
RAIL	21	43	32	284
CORRELATION	293	228	1902	2834
SQUARE	18880	152
FOLD	318	315	315	60933	60933	0	178859
RAIL	21	44	32	285
CORRELATION	294	230	1902	2834
SQUARE	18944	152
FOLD	319	316	316	61128	61128	0	179800
RAIL	14	50	32	286
CORRELATION	295	232	1902	2834
SQUARE	19008	152
FOLD	320	317	317	61320	61320	0	180112
RAIL	14	51	32	287
CORRELATION	296	232	1902	2834
SQUARE	19072	152
FOLD	321	318	318	61515	61515	0	180881
RAIL	20	44	32	288
CORRELATION	297	234	1902	2834
SQUARE	19136	152
FOLD	322	319	319	61707	61707	0	181783
RAIL	20	45	32	289
CORRELATION	298	236	1902	2834
SQUARE	19200	152
FOLD	323	320	320	61902	61902	0	182135
RAIL	15	49	32	290
CORRELATION	299	236	1902	2834
SQUARE	19264	152
FOLD	324	321	321	62094	62094	0	182444
RAIL	15	50	32	291
CORRELATION	300	236	1902	2834
SQUARE	19328	152
FOLD	325	322	322	62289	62289	0	183281
RAIL	19	45	32	292
CORRELATION	301	238	1902	2834
SQUARE	19392	152
FOLD	326	323	323	62481	62481	0	184129
RAIL	19	46	32	293
CORRELATION	302	240	1902	2834
SQUARE	19456	152
FOLD	327	324	324	62676	62676	0	184452
RAIL	16	48	32	294
CORRELATION	303	240	1902	2834
SQUARE	19520	152
FOLD	328	325	325	62868	62868	0	185191
RAIL	16	49	32	295
CORRELATION	304	242	1902	2834
SQUARE	19584	152
FOLD	329	326	326	63063	63063	0	186039
RAIL	18	46	32	296
CORRELATION	305	244	1902	2834
SQUARE	19648	152
FOLD	330	327	327	63255	63255	0	186341
RAIL	18	47	32	297
CORRELATION	306	244	1902	2834
SQUARE	19712	152
FOLD	331	328	328	63450	63450	0	186657
RAIL	17	47	32	298
CORRELATION	307	244	1902	2834
SQUARE	19776	152
FOLD	332	329	329	63642	63642	0	187035
RAIL	17	48	32	299
CORRELATION	308	244	1902	2834
SQUARE	19840	152
FOLD	333	330	330	63837	63837	0	187859
RAIL	32	32	32	300
CORRELATION	311	246	1902	2834
SQUARE	20032	152
FOLD	334	331	331	64029	64029	0	188391
RAIL	32	33	32	301
CORRELATION	312	248	1902	2834
SQUARE	20096	152
FOLD	335	332	332	64224	64224	0	189347
RAIL	31	33	32	302
CORRELATION	315	250	1902	2834
SQUARE	20288	152
FOLD	336	333	333	64416	64416	0	189657
RAIL	31	34	32	303
CORRELATION	316	250	1902	2834
SQUARE	20352	152
FOLD	337	334	334	64611	64611	0	190650
RAIL	30	34	32	304
CORRELATION	319	254	1902	2834
SQUARE	20544	152
FOLD	338	335	335	64803	64803	0	191396
RAIL	30	35	32	305
CORRELATION	320	256	1902	2834
SQUARE	20608	152
FOLD	339	336	336	64998	64998	0	191987
RAIL	29	35	32	306
CORRELATION	323	256	1902	2834
SQUARE	20800	155
FOLD	340	337	337	65190	65190	0	192386
RAIL	29	36	32	307
CORRELATION	324	256	1902	2834
SQUARE	20864	155
FOLD	341	338	338	65385	65385	0	193035
RAIL	6	58	32	308
CORRELATION	325	258	1902	2834
SQUARE	20928	155
FOLD	344	339	339	65580	65580	0	195323
RAIL	7	57	33	310
CORRELATION	329	264	1902	2834
SQUARE	21184	155
FOLD	345	340	340	65772	65772	0	196601
RAIL	27	37	33	311
CORRELATION	331	268	1902	2834
SQUARE	21312	155
FOLD	346	341	341	65964	65964	0	197061
RAIL	27	38	33	312
CORRELATION	332	268	1902	2834
SQUARE	21376	155
FOLD	347	342	342	66159	66159	0	197625
RAIL	8	56	33	313
CORRELATION	333	268	1902	2834
SQUARE	21440	155
FOLD	358	343	343	66354	66354	0	201321
RAIL	24	41	38	319
CORRELATION	344	275	1902	2834
SQUARE	22144	155
FOLD	359	344	344	66549	66549	0	201961
RAIL	11	53	38	320
CORRELATION	345	277	1902	2834
SQUARE	22208	155
FOLD	360	345	345	66741	66741	0	202358
RAIL	11	54	38	321
CORRELATION	346	277	1902	2834
SQUARE	22272	155
FOLD	363	346	346	66933	66933	0	204159
RAIL	12	52	39	323
CORRELATION	349	281	1902	2834
SQUARE	22464	155
FOLD	364	347	347	67125	67125	0	204517
RAIL	12	53	39	324
CORRELATION	350	281	1902	2834
SQUARE	22528	155
FOLD	367	348	348	67317	67317	0	205517
RAIL	13	51	40	326
CORRELATION	353	283	1902	2834
SQUARE	22720	155
FOLD	368	349	349	67509	67509	0	206542
RAIL	13	52	40	327
CORRELATION	354	285	1902	2834
SQUARE	22784	155
FOLD	369	350	350	67704	67704	0	207364
RAIL	21	43	40	328
CORRELATION	355	287	1902	2834
SQUARE	22848	155
FOLD	370	351	351	67896	67896	0	207894
RAIL	21	44	40	329
CORRELATION	356	287	1902	2834
SQUARE	22912	155
FOLD	371	352	352	68091	68091	0	208863
RAIL	14	50	40	330
CORRELATION	357	289	1902	2834
SQUARE	22976	155
FOLD	372	353	353	68283	68283	0	209774
RAIL	14	51	40	331
CORRELATION	358	291	1902	2834
SQUARE	23040	155
FOLD	373	354	354	68478	68478	0	210200
RAIL	20	44	40	332
CORRELATION	359	291	1902	2834
SQUARE	23104	155
FOLD	374	355	355	68670	68670	0	210540
RAIL	20	45	40	333
CORRELATION	360	291	1902	2834
SQUARE	23168	155
FOLD	375	356	356	68865	68865	0	211120
RAIL	15	49	40	334
CORRELATION	361	291	1902	2834
SQUARE	23232	155
FOLD	376	357	357	69057	69057	0	211501
RAIL	15	50	40	335
CORRELATION	362	291	1902	2834
SQUARE	23296	155
FOLD	377	358	358	69252	69252	0	211978
RAIL	19	45	40	336
CORRELATION	363	291	1902	2834
SQUARE	23360	155
FOLD	378	359	359	69444	69444	0	212955
RAIL	19	46	40	337
CORRELATION	364	293	1902	2834
SQUARE	23424	155
FOLD	379	360	360	69639	69639	0	213974
RAIL	16	48	40	338
CORRELATION	365	295	1902	2834
SQUARE	23488	155
FOLD	380	361	361	69831	69831	0	214308
RAIL	16	49	40	339
CORRELATION	366	295	1902	2834
SQUARE	23552	155
FOLD	381	362	362	70026	70026	0	215223
RAIL	18	46	40	340
CORRELATION	367	297	1902	2834
SQUARE	23616	155
FOLD	382	363	363	70218	70218	0	216280
RAIL	18	47	40	341
CORRELATION	368	299	1902	2834
SQUARE	23680	155
FOLD	383	364	364	70413	70413	0	216714
RAIL	17	47	40	342
CORRELATION	369	299	1902	2834
SQUARE	23744	155
FOLD	384	365	365	70605	70605	0	217101
RAIL	17	48	40	343
CORRELATION	370	299	1902	2834
SQUARE	23808	155
FOLD	385	366	366	70800	70800	0	218874
RAIL	32	32	40	344
CORRELATION	373	303	1902	2834
SQUARE	24000	155
FOLD	386	367	367	70992	70992	0	219835
RAIL	32	33	40	345
CORRELATION	374	305	1902	2834
SQUARE	24064	155
FOLD	387	368	368	71187	71187	0	221030
RAIL	31	33	40	346
CORRELATION	377	307	1902	2834
SQUARE	24256	155
FOLD	388	369	369	71379	71379	0	221456
RAIL	31	34	40	347
CORRELATION	378	307	1902	2834
SQUARE	24320	155
FOLD	389	370	370	71574	71574	0	223234
RAIL	30	34	40	348
CORRELATION	381	311	1902	2834
SQUARE	24512	155
FOLD	390	371	371	71766	71766	0	224182
RAIL	30	35	40	349
CORRELATION	382	313	1902	2834
SQUARE	24576	155
FOLD	391	372	372	71961	71961	0	225483
RAIL	29	35	40	350
CORRELATION	385	315	1902	2834
SQUARE	24768	155
FOLD	392	373	373	72153	72153	0	226395
RAIL	29	36	40	351
CORRELATION	386	317	1902	2834
SQUARE	24832	155
FOLD	393	374	374	72348	72348	0	228055
RAIL	28	36	40	352
CORRELATION	389	321	1902	2834
SQUARE	25024	155
FOLD	394	375	375	72540	72540	0	229125
RAIL	28	37	40	353
CORRELATION	390	323	1902	2834
SQUARE	25088	155
FOLD	395	376	376	72735	72735	0	229505
RAIL	7	57	40	354
CORRELATION	391	323	1902	2834
SQUARE	25152	155
FOLD	396	377	377	72927	72927	0	229944
RAIL	27	37	40	355
CORRELATION	393	323	1902	2834
SQUARE	25280	155
FOLD	397	378	378	73119	73119	0	230297
RAIL	27	38	40	356
CORRELATION	394	323	1902	2834
SQUARE	25344	155
FOLD	398	379	379	73314	73314	0	231065
RAIL	8	56	40	357
CORRELATION	395	325	1902	2834
SQUARE	25408	155
FOLD	399	380	380	73506	73506	0	232271
RAIL	26	38	40	358
CORRELATION	397	327	1902	2834
SQUARE	25536	155
FOLD	400	381	381	73698	73698	0	233202
RAIL	26	39	40	359
CORRELATION	398	329	1902	2834
SQUARE	25600	155
FOLD	401	382	382	73893	73893	0	234180
RAIL	9	55	40	360
CORRELATION	399	331	1902	2834
SQUARE	25664	155
FOLD	412	383	383	74088	74088	0	240060
RAIL	23	42	45	366
CORRELATION	410	341	1902	2834
SQUARE	26368	155
FOLD	413	384	384	74283	74283	0	240946
RAIL	12	52	45	367
CORRELATION	411	343	1902	2834
SQUARE	26432	155
FOLD	414	385	385	74475	74475	0	241385
RAIL	12	53	45	368
CORRELATION	412	343	1902	2834
SQUARE	26496	155
FOLD	417	386	386	74667	74667	0	242457
RAIL	13	51	46	370
CORRELATION	415	345	1902	2834
SQUARE	26688	155
FOLD	418	387	387	74859	74859	0	242984
RAIL	13	52	46	371
CORRELATION	416	347	1902	2834
SQUARE	26752	155
FOLD	421	388	388	75051	75051	0	244696
RAIL	14	50	47	373
CORRELATION	419	351	1902	2834
SQUARE	26944	155
FOLD	422	389	389	75243	75243	0	245045
RAIL	14	51	47	374
CORRELATION	420	351	1902	2834
SQUARE	27008	155
FOLD	423	390	390	75438	75438	0	246027
RAIL	20	44	47	375
CORRELATION	421	353	1902	2834
SQUARE	27072	155
FOLD	424	391	391	75630	75630	0	246938
RAIL	20	45	47	376
CORRELATION	422	355	1902	2834
SQUARE	27136	155
FOLD	425	392	392	75825	75825	0	247394
RAIL	15	49	47	377
CORRELATION	423	355	1902	2834
SQUARE	27200	155
FOLD	426	393	393	76017	76017	0	247805
RAIL	15	50	47	378
CORRELATION	424	355	1902	2834
SQUARE	27264	155
FOLD	427	394	394	76212	76212	0	248441
RAIL	19	45	47	379
CORRELATION	425	357	1902	2834
SQUARE	27328	155
FOLD	428	395	395	76404	76404	0	250014
RAIL	19	46	47	380
CORRELATION	426	359	1902	2834
SQUARE	27392	155
FOLD	429	396	396	76599	76599	0	250889
RAIL	16	48	47	381
CORRELATION	427	361	1902	2834
SQUARE	27456	155
FOLD	430	397	397	76791	76791	0	251249
RAIL	16	49	47	382
CORRELATION	428	361	1902	2834
SQUARE	27520	155
FOLD	431	398	398	76986	76986	0	251712
RAIL	18	46	47	383
CORRELATION	429	361	1902	2834
SQUARE	27584	155
FOLD	432	399	399	77178	77178	0	252057
RAIL	18	47	47	384
CORRELATION	430	361	1902	2834
SQUARE	27648	155
FOLD	433	400	400	77373	77373	0	252431
RAIL	17	47	47	385
CORRELATION	431	361	1902	2834
SQUARE	27712	155
FOLD	434	401	401	77565	77565	0	252772
RAIL	17	48	47	386
CORRELATION	432	361	1902	2834
SQUARE	27776	155
FOLD	435	402	402	77760	77760	0	253324
RAIL	32	32	47	387
CORRELATION	435	361	1902	2834
SQUARE	27968	155
FOLD	436	403	403	77952	77952	0	254561
RAIL	32	33	47	388
CORRELATION	436	361	1902	2834
SQUARE	28032	155
FOLD	437	404	404	78147	78147	0	255442
RAIL	31	33	47	389
CORRELATION	439	361	1902	2834
SQUARE	28224	155
FOLD	438	405	405	78339	78339	0	256166
RAIL	31	34	47	390
CORRELATION	440	362	1902	2834
SQUARE	28288	155
FOLD	439	406	406	78534	78534	0	257314
RAIL	30	34	47	391
CORRELATION	443	364	1902	2834
SQUARE	28480	155
FOLD	440	407	407	78726	78726	0	257997
RAIL	30	35	47	392
CORRELATION	444	367	1902	2834
SQUARE	28544	155
FOLD	441	408	408	78921	78921	0	259063
RAIL	29	35	47	393
CORRELATION	447	371	1902	2834
SQUARE	28736	155
FOLD	442	409	409	79113	79113	0	259401
RAIL	29	36	47	394
CORRELATION	448	371	1902	2834
SQUARE	28800	155
FOLD	443	410	410	79308	79308	0	260659
RAIL	28	36	47	395
CORRELATION	451	375	1902	2834
SQUARE	28992	155
FOLD	444	411	411	79500	79500	0	261111
RAIL	28	37	47	396
CORRELATION	452	375	1902	2834
SQUARE	29056	155
FOLD	445	412	412	79695	79695	0	261982
RAIL	7	57	47	397
CORRELATION	453	378	1902	2834
SQUARE	29120	155
FOLD	448	413	413	79890	79890	0	263825
RAIL	8	56	48	399
CORRELATION	457	382	1902	2834
SQUARE	29376	155
FOLD	449	414	414	80082	80082	0	264753
RAIL	26	38	48	400
CORRELATION	459	384	1902	2834
SQUARE	29504	155
FOLD	450	415	415	80274	80274	0	265700
RAIL	26	39	48	401
CORRELATION	460	386	1902	2834
SQUARE	29568	155
FOLD	451	416	416	80469	80469	0	266045
RAIL	9	55	48	402
CORRELATION	461	386	1902	2834
SQUARE	29632	155
FOLD	452	417	417	80661	80661	0	267034
RAIL	9	56	48	403
CORRELATION	462	388	1902	2834
SQUARE	29696	155
FOLD	453	418	418	80856	80856	0	268010
RAIL	25	39	48	404
CORRELATION	463	390	1902	2834
SQUARE	29760	155
FOLD	454	419	419	81048	81048	0	268345
RAIL	25	40	48	405
CORRELATION	464	390	1902	2834
SQUARE	29824	155
FOLD	455	420	420	81243	81243	0	268675
RAIL	10	54	48	406
CORRELATION	465	390	1902	2834
SQUARE	29888	155
FOLD	456	421	421	81435	81435	0	269050
RAIL	10	55	48	407
CORRELATION	466	390	1902	2834
SQUARE	29952	155
FOLD	459	422	422	81627	81627	0	271088
RAIL	11	53	49	409
CORRELATION	469	394	1902	2834
SQUARE	30144	155
FOLD	466	423	423	81822	81822	0	274770
RAIL	22	43	52	413
CORRELATION	476	402	1902	2834
SQUARE	30592	155
FOLD	467	424	424	82017	82017	0	275578
RAIL	13	51	52	414
CORRELATION	477	404	1902	2834
SQUARE	30656	155
FOLD	468	425	425	82209	82209	0	276473
RAIL	13	52	52	415
CORRELATION	478	406	1902	2834
SQUARE	30720	155
FOLD	471	426	426	82401	82401	0	277294
RAIL	14	50	53	417
CORRELATION	481	406	1902	2834
SQUARE	30912	155
FOLD	472	427	427	82593	82593	0	277596
RAIL	14	51	53	418
CORRELATION	482	406	1902	2834
SQUARE	30976	155
FOLD	475	428	428	82785	82785	0	279085
RAIL	15	49	54	420
CORRELATION	485	409	1902	2834
SQUARE	31168	155
FOLD	476	429	429	82977	82977	0	279435
RAIL	15	50	54	421
CORRELATION	486	409	1902	2834
SQUARE	31232	155
FOLD	477	430	430	83172	83172	0	280485
RAIL	19	45	54	422
CORRELATION	487	411	1902	2834
SQUARE	31296	155
FOLD	478	431	431	83364	83364	0	280799
RAIL	19	46	54	423
CORRELATION	488	411	1902	2834
SQUARE	31360	155
FOLD	479	432	432	83559	83559	0	281665
RAIL	16	48	54	424
CORRELATION	489	413	1902	2834
SQUARE	31424	155
FOLD	480	433	433	83751	83751	0	282417
RAIL	16	49	54	425
CORRELATION	490	415	1902	2834
SQUARE	31488	155
FOLD	481	434	434	83946	83946	0	282781
RAIL	18	46	54	426
CORRELATION	491	415	1902	2834
SQUARE	31552	155
FOLD	482	435	435	84138	84138	0	283486
RAIL	18	47	54	427
CORRELATION	492	415	1902	2834
SQUARE	31616	155
FOLD	483	436	436	84333	84333	0	284944
RAIL	17	47	54	428
CORRELATION	493	417	1902	2834
SQUARE	31680	155
FOLD	484	437	437	84525	84525	0	286356
RAIL	17	48	54	429
CORRELATION	494	419	1902	2834
SQUARE	31744	155
FOLD	485	438	438	84720	84720	0	288948
RAIL	32	32	54	430
CORRELATION	497	423	1902	2834
SQUARE	31936	155
FOLD	486	439	439	84912	84912	0	289580
RAIL	32	33	54	431
CORRELATION	498	423	1902	2834
SQUARE	32000	155
FOLD	487	440	440	85107	85107	0	291392
RAIL	31	33	54	432
CORRELATION	501	425	1902	2834
SQUARE	32192	155
FOLD	488	441	441	85299	85299	0	292902
RAIL	31	34	54	433
CORRELATION	502	427	1902	2834
SQUARE	32256	155
FOLD	489	442	442	85494	85494	0	295353
RAIL	30	34	54	434
CORRELATION	505	431	1902	2834
SQUARE	32448	155
FOLD	490	443	443	85686	85686	0	296048
RAIL	30	35	54	435
CORRELATION	506	431	1902	2834
SQUARE	32512	155
FOLD	491	444	444	85881	85881	0	298337
RAIL	29	35	54	436
CORRELATION	509	435	1902	2834
SQUARE	32704	155
FOLD	491	444	444	85881	85881	0	298693
RAIL	29	35	54	437
CORRELATION	509	435	1902	2834
SQUARE	32768	155
FOLD	492	445	445	86073	86073	0	298745
RAIL	29	36	54	437
CORRELATION	510	435	1902	2834
SQUARE	32768	155
FOLD	492	445	445	86073	86073	0	300281
RAIL	29	36	54	438
CORRELATION	512	439	1902	2834
SQUARE	32896	155
FOLD	493	446	446	86268	86268	0	300388
RAIL	28	36	54	438
CORRELATION	513	439	1902	2834
SQUARE	32960	155
FOLD	494	447	447	86460	86460	0	300771
RAIL	28	37	54	439
CORRELATION	514	439	1902	2834
SQUARE	33024	155
FOLD	495	448	448	86655	86655	0	301117
RAIL	7	57	54	440
CORRELATION	515	439	1902	2834
SQUARE	33088	155
FOLD	498	449	449	86850	86850	0	302931
RAIL	8	56	55	442
CORRELATION	519	443	1902	2834
SQUARE	33344	155
FOLD	501	450	450	87045	87045	0	304794
RAIL	9	55	56	444
CORRELATION	523	447	1902	2834
SQUARE	33600	155
FOLD	502	451	451	87237	87237	0	305099
RAIL	9	56	56	445
CORRELATION	524	447	1902	2834
SQUARE	33664	155
FOLD	503	452	452	87432	87432	0	305614
RAIL	25	39	56	446
CORRELATION	525	448	1902	2834
SQUARE	33728	155
FOLD	504	453	453	87624	87624	0	305930
RAIL	25	40	56	447
CORRELATION	526	448	1902	2834
SQUARE	33792	155
FOLD	505	454	454	87819	87819	0	306570
RAIL	10	54	56	448
CORRELATION	527	451	1902	2834
SQUARE	33856	155
FOLD	508	455	455	88014	88014	0	308297
RAIL	24	41	57	450
CORRELATION	530	455	1902	2834
SQUARE	34048	155
FOLD	509	456	456	88209	88209	0	309115
RAIL	11	53	57	451
CORRELATION	531	457	1902	2834
SQUARE	34112	155
FOLD	510	457	457	88401	88401	0	309454
RAIL	11	54	57	452
CORRELATION	532	457	1902	2834
SQUARE	34176	155
FOLD	512	457	457	88398	88401	0	309909
RAIL	23	42	58	453
CORRELATION	534	457	1902	2834
SQUARE	34304	155
FOLD	513	458	458	88593	88593	0	310266
RAIL	12	52	58	454
CORRELATION	535	457	1902	2834
SQUARE	34368	155
FOLD	520	459	459	88788	88788	0	313427
RAIL	21	44	61	458
CORRELATION	542	467	1902	2834
SQUARE	34816	155
FOLD	521	460	460	88983	88983	0	314677
RAIL	14	50	61	459
CORRELATION	543	469	1902	2834
SQUARE	34880	155
FOLD	522	461	461	89175	89175	0	315037
RAIL	14	51	61	460
CORRELATION	544	469	1902	2834
SQUARE	34944	155
FOLD	525	462	462	89367	89367	0	316765
RAIL	15	49	62	462
CORRELATION	547	473	1902	2834
SQUARE	35136	155
FOLD	526	463	463	89559	89559	0	317102
RAIL	15	50	62	463
CORRELATION	548	473	1902	2834
SQUARE	35200	155
FOLD	529	464	464	89751	89751	0	318402
RAIL	16	48	63	465
CORRELATION	551	476	1902	2834
SQUARE	35392	155
FOLD	530	465	465	89943	89943	0	318989
RAIL	16	49	63	466
CORRELATION	552	478	1902	2834
SQUARE	35456	155
FOLD	531	466	466	90138	90138	0	319791
RAIL	18	46	63	467
CORRELATION	553	480	1902	2834
SQUARE	35520	155
FOLD	532	467	467	90330	90330	0	320127
RAIL	18	47	63	468
CORRELATION	554	480	1902	2834
SQUARE	35584	155
FOLD	533	468	468	90525	90525	0	320450
RAIL	17	47	63	469
CORRELATION	555	480	1902	2834
SQUARE	35648	155
FOLD	534	469	469	90717	90717	0	320803
RAIL	17	48	63	470
CORRELATION	556	480	1902	2834
SQUARE	35712	155
FOLD	535	470	470	90912	90912	0	321353
RAIL	32	32	63	471
CORRELATION	559	480	1902	2834
SQUARE	35904	155
FOLD	536	471	471	91104	91104	0	321991
RAIL	32	33	63	472
CORRELATION	560	482	1902	2834
SQUARE	35968	155
FOLD	537	472	472	91299	91299	0	323026
RAIL	31	33	63	473
CORRELATION	563	486	1902	2834
SQUARE	36160	155
FOLD	538	473	473	91491	91491	0	323931
RAIL	31	34	63	474
CORRELATION	564	488	1902	2834
SQUARE	36224	155
FOLD	539	474	474	91686	91686	0	325385
RAIL	30	34	63	475
CORRELATION	567	492	1902	2834
SQUARE	36416	155
FOLD	540	475	475	91878	91878	0	325710
RAIL	30	35	63	476
CORRELATION	568	492	1902	2834
SQUARE	36480	155
FOLD	541	476	476	92073	92073	0	327142
RAIL	29	35	63	477
CORRELATION	571	496	1902	2834
SQUARE	36672	155
FOLD	542	477	477	92265	92265	0	327516
RAIL	29	36	63	478
CORRELATION	572	496	1902	2834
SQUARE	36736	155
FOLD	543	478	478	92460	92460	0	329354
RAIL	28	36	63	479
CORRELATION	575	500	1902	2834
SQUARE	36928	155
FOLD	544	479	479	92652	92652	0	329731
RAIL	28	37	63	480
CORRELATION	576	500	1902	2834
SQUARE	36992	155
FOLD	545	480	480	92847	92847	0	330133
RAIL	7	57	63	481
CORRELATION	577	500	1902	2834
SQUARE	37056	155
FOLD	548	481	481	93042	93042	0	332839
RAIL	8	56	64	483
CORRELATION	581	506	1902	2834
SQUARE	37312	155
FOLD	551	482	482	93237	93237	0	334709
RAIL	9	55	65	485
CORRELATION	585	510	1902	2834
SQUARE	37568	155
FOLD	558	483	483	93432	93432	0	337668
RAIL	24	41	68	489
CORRELATION	592	516	1902	2834
SQUARE	38016	155
FOLD	559	484	484	93627	93627	0	337998
RAIL	11	53	68	490
CORRELATION	593	516	1902	2834
SQUARE	38080	155
FOLD	562	485	485	93822	93822	0	339296
RAIL	23	42	69	492
CORRELATION	596	518	1902	2834
SQUARE	38272	155
FOLD	563	486	486	94017	94017	0	339983
RAIL	12	52	69	493
CORRELATION	597	520	1902	2834
SQUARE	38336	155
FOLD	564	487	487	94209	94209	0	340353
RAIL	12	53	69	494
CORRELATION	598	520	1902	2834
SQUARE	38400	155
FOLD	567	488	488	94401	94401	0	342193
RAIL	13	51	70	496
CORRELATION	601	524	1902	2834
SQUARE	38592	155
FOLD	574	489	489	94596	94596	0	346084
RAIL	20	45	73	500
CORRELATION	608	532	1902	2834
SQUARE	39040	155
FOLD	575	490	490	94791	94791	0	346465
RAIL	15	49	73	501
CORRELATION	609	532	1902	2834
SQUARE	39104	155
FOLD	576	491	491	94983	94983	0	346819
RAIL	15	50	73	502
CORRELATION	610	532	1902	2834
SQUARE	39168	155
FOLD	579	492	492	95175	95175	0	348741
RAIL	16	48	74	504
CORRELATION	613	536	1902	2834
SQUARE	39360	155
FOLD	580	493	493	95367	95367	0	349637
RAIL	16	49	74	505
CORRELATION	614	538	1902	2834
SQUARE	39424	155
FOLD	583	494	494	95559	95559	0	351023
RAIL	17	47	75	507
CORRELATION	617	540	1902	2834
SQUARE	39616	155
FOLD	584	495	495	95751	95751	0	351852
RAIL	17	48	75	508
CORRELATION	618	542	1902	2834
SQUARE	39680	155
FOLD	585	496	496	95946	95946	0	353471
RAIL	32	32	75	509
CORRELATION	621	546	1902	2834
SQUARE	39872	155
FOLD	586	497	497	96138	96138	0	354373
RAIL	32	33	75	510
CORRELATION	622	548	1902	2834
SQUARE	39936	155
FOLD	587	498	498	96333	96333	0	354913
RAIL	31	33	75	511
CORRELATION	625	548	1902	2834
SQUARE	40128	155
FOLD	588	499	499	96525	96525	0	355248
RAIL	31	34	75	512
CORRELATION	626	548	1902	2834
SQUARE	40192	155
FOLD	589	500	500	96720	96720	0	356848
RAIL	30	34	75	513
CORRELATION	629	552	1902	2834
SQUARE	40384	155
FOLD	590	501	501	96912	96912	0	357696
RAIL	30	35	75	514
CORRELATION	630	554	1902	2834
SQUARE	40448	155
FOLD	591	502	502	97107	97107	0	358796
RAIL	29	35	75	515
CORRELATION	633	556	1902	2834
SQUARE	40640	155
FOLD	592	503	503	97299	97299	0	359740
RAIL	29	36	75	516
CORRELATION	634	558	1902	2834
SQUARE	40704	155
FOLD	593	504	504	97494	97494	0	361296
RAIL	28	36	75	517
CORRELATION	637	562	1902	2834
SQUARE	40896	155
FOLD	594	505	505	97686	97686	0	362159
RAIL	28	37	75	518
CORRELATION	638	564	1902	2834
SQUARE	40960	155
FOLD	595	506	506	97881	97881	0	362655
RAIL	27	37	75	519
CORRELATION	641	564	1902	2834
SQUARE	41152	155
FOLD	596	507	507	98073	98073	0	363513
RAIL	27	38	75	520
CORRELATION	642	566	1902	2834
SQUARE	41216	155
FOLD	597	508	508	98268	98268	0	364397
RAIL	8	56	75	521
CORRELATION	643	568	1902	2834
SQUARE	41280	157
FOLD	600	509	509	98463	98463	0	366430
RAIL	9	55	76	523
CORRELATION	647	572	1902	2834
SQUARE	41536	157
FOLD	605	510	510	98655	98655	0	369060
RAIL	10	55	78	526
CORRELATION	652	578	1902	2834
SQUARE	41856	157
FOLD	608	511	511	98847	98847	0	370051
RAIL	11	53	79	528
CORRELATION	655	580	1902	2834
SQUARE	42048	157
FOLD	611	512	512	99042	99042	0	370785
RAIL	23	42	80	530
CORRELATION	658	580	1902	2834
SQUARE	42240	157
FOLD	612	513	513	99237	99237	0	371628
RAIL	12	52	80	531
CORRELATION	659	582	1902	2834
SQUARE	42304	157
FOLD	615	514	514	99432	99432	0	373245
RAIL	22	43	81	533
CORRELATION	662	586	1902	2834
SQUARE	42496	157
FOLD	616	515	515	99627	99627	0	374013
RAIL	13	51	81	534
CORRELATION	663	588	1902	2834
SQUARE	42560	157
FOLD	617	516	516	99819	99819	0	374402
RAIL	13	52	81	535
CORRELATION	664	588	1902	2834
SQUARE	42624	157
FOLD	620	517	517	100011	100011	0	376264
RAIL	14	50	82	537
CORRELATION	667	592	1902	2834
SQUARE	42816	157
FOLD	627	518	518	100206	100206	0	379395
RAIL	19	46	85	541
CORRELATION	674	598	1902	2834
SQUARE	43264	157
FOLD	628	519	519	100401	100401	0	380151
RAIL	16	48	85	542
CORRELATION	675	600	1902	2834
SQUARE	43328	157
FOLD	629	520	520	100593	100593	0	380520
RAIL	16	49	85	543
CORRELATION	676	600	1902	2834
SQUARE	43392	157
FOLD	632	521	521	100785	100785	0	382085
RAIL	17	47	86	545
CORRELATION	679	604	1902	2834
SQUARE	43584	157
FOLD	633	522	522	100977	100977	0	382460
RAIL	17	48	86	546
CORRELATION	680	604	1902	2834
SQUARE	43648	157
FOLD	636	523	523	101169	101169	0	384104
RAIL	31	33	87	548
CORRELATION	687	608	1902	2834
SQUARE	44096	157
FOLD	637	524	524	101361	101361	0	384475
RAIL	31	34	87	549
CORRELATION	688	608	1902	2834
SQUARE	44160	157
FOLD	638	525	525	101556	101556	0	385156
RAIL	30	34	87	550
CORRELATION	691	611	1902	2834
SQUARE	44352	157
FOLD	639	526	526	101748	101748	0	385581
RAIL	30	35	87	551
CORRELATION	692	612	1902	2834
SQUARE	44416	157
FOLD	640	527	527	101943	101943	0	386796
RAIL	29	35	87	552
CORRELATION	695	616	1902	2834
SQUARE	44608	157
FOLD	641	528	528	102135	102135	0	387185
RAIL	29	36	87	553
CORRELATION	696	616	1902	2834
SQUARE	44672	157
FOLD	642	529	529	102330	102330	0	387740
RAIL	28	36	87	554
CORRELATION	699	616	1902	2834
SQUARE	44864	157
FOLD	643	530	530	102522	102522	0	388151
RAIL	28	37	87	555
CORRELATION	700	617	1902	2834
SQUARE	44928	157
FOLD	644	531	531	102717	102717	0	389107
RAIL	27	37	87	556
CORRELATION	703	620	1902	2834
SQUARE	45120	157
FOLD	645	532	532	102909	102909	0	389451
RAIL	27	38	87	557
CORRELATION	704	620	1902	2834
SQUARE	45184	157
FOLD	646	533	533	103104	103104	0	389868
RAIL	8	56	87	558
CORRELATION	705	620	1902	2834
SQUARE	45248	157
FOLD	647	534	534	103296	103296	0	390317
RAIL	26	38	87	559
CORRELATION	707	621	1902	2834
SQUARE	45376	157
FOLD	648	535	535	103488	103488	0	390707
RAIL	26	39	87	560
CORRELATION	708	621	1902	2834
SQUARE	45440	157
FOLD	649	536	536	103683	103683	0	391134
RAIL	9	55	87	561
CORRELATION	709	623	1902	2834
SQUARE	45504	157
FOLD	652	537	537	103878	103878	0	392577
RAIL	25	40	88	563
CORRELATION	712	627	1902	2834
SQUARE	45696	157
FOLD	653	538	538	104073	104073	0	392942
RAIL	10	54	88	564
CORRELATION	713	627	1902	2834
SQUARE	45760	157
FOLD	654	539	539	104265	104265	0	393297
RAIL	10	55	88	565
CORRELATION	714	627	1902	2834
SQUARE	45824	157
FOLD	657	540	540	104457	104457	0	394120
RAIL	11	53	89	567
CORRELATION	717	627	1902	2834
SQUARE	46016	157
FOLD	658	541	541	104649	104649	0	394492
RAIL	11	54	89	568
CORRELATION	718	628	1902	2834
SQUARE	46080	157
FOLD	661	542	542	104841	104841	0	395723
RAIL	12	52	90	570
CORRELATION	721	630	1902	2834
SQUARE	46272	157
FOLD	664	543	543	105036	105036	0	396685
RAIL	22	43	91	572
CORRELATION	724	632	1902	2834
SQUARE	46464	157
FOLD	665	544	544	105231	105231	0	397034
RAIL	13	51	91	573
CORRELATION	725	632	1902	2834
SQUARE	46528	157
FOLD	668	545	545	105426	105426	0	398916
RAIL	21	44	92	575
CORRELATION	728	638	1902	2834
SQUARE	46720	157
FOLD	669	546	546	105621	105621	0	399249
RAIL	14	50	92	576
CORRELATION	729	638	1902	2834
SQUARE	46784	157
FOLD	670	547	547	105813	105813	0	399949
RAIL	14	51	92	577
CORRELATION	730	640	1902	2834
SQUARE	46848	157
FOLD	673	548	548	106005	106005	0	401590
RAIL	15	49	93	579
CORRELATION	733	644	1902	2834
SQUARE	47040	157
FOLD	680	549	549	106200	106200	0	405700
RAIL	18	47	96	583
CORRELATION	740	652	1902	2834
SQUARE	47488	157
FOLD	685	550	550	106389	106389	0	409695
RAIL	31	33	98	586
CORRELATION	749	662	1902	2834
SQUARE	48064	157
FOLD	686	551	551	106581	106581	0	410097
RAIL	31	34	98	587
CORRELATION	750	662	1902	2834
SQUARE	48128	157
FOLD	687	552	552	106776	106776	0	411379
RAIL	30	34	98	588
CORRELATION	753	666	1902	2834
SQUARE	48320	157
FOLD	688	553	553	106968	106968	0	411753
RAIL	30	35	98	589
CORRELATION	754	666	1902	2834
SQUARE	48384	157
FOLD	689	554	554	107163	107163	0	413107
RAIL	29	35	98	590
CORRELATION	757	670	1902	2834
SQUARE	48576	157
FOLD	690	555	555	107355	107355	0	413519
RAIL	29	36	98	591
CORRELATION	758	670	1902	2834
SQUARE	48640	157
FOLD	691	556	556	107550	107550	0	414069
RAIL	28	36	98	592
CORRELATION	761	670	1902	2834
SQUARE	48832	157
FOLD	692	557	557	107742	107742	0	414409
RAIL	28	37	98	593
CORRELATION	762	670	1902	2834
SQUARE	48896	157
FOLD	693	558	558	107937	107937	0	415424
RAIL	27	37	98	594
CORRELATION	765	672	1902	2834
SQUARE	49088	157
FOLD	694	559	559	108129	108129	0	416216
RAIL	27	38	98	595
CORRELATION	766	674	1902	2834
SQUARE	49152	157
FOLD	695	560	560	108324	108324	0	416579
RAIL	8	56	98	596
CORRELATION	767	674	1902	2834
SQUARE	49216	157
FOLD	696	561	561	108516	108516	0	418392
RAIL	26	38	98	597
CORRELATION	769	678	1902	2834
SQUARE	49344	157
FOLD	697	562	562	108708	108708	0	418793
RAIL	26	39	98	598
CORRELATION	770	678	1902	2834
SQUARE	49408	157
FOLD	698	563	563	108903	108903	0	419135
RAIL	9	55	98	599
CORRELATION	771	678	1902	2834
SQUARE	49472	157
FOLD	699	564	564	109095	109095	0	420029
RAIL	9	56	98	600
CORRELATION	772	680	1902	2834
SQUARE	49536	157
FOLD	702	565	565	109287	109287	0	422522
RAIL	10	54	99	602
CORRELATION	775	684	1902	2834
SQUARE	49728	157
FOLD	705	566	566	109482	109482	0	423844
RAIL	24	41	100	604
CORRELATION	778	686	1902	2834
SQUARE	49920	157
FOLD	706	567	567	109677	109677	0	424206
RAIL	11	53	100	605
CORRELATION	779	686	1902	2834
SQUARE	49984	157
FOLD	707	568	568	109869	109869	0	425118
RAIL	11	54	100	606
CORRELATION	780	688	1902	2834
SQUARE	50048	157
FOLD	710	569	569	110061	110061	0	427114
RAIL	12	52	101	608
CORRELATION	783	692	1902	2834
SQUARE	50240	157
FOLD	711	570	570	110253	110253	0	427886
RAIL	12	53	101	609
CORRELATION	784	694	1902	2834
SQUARE	50304	157
FOLD	714	571	571	110445	110445	0	429228
RAIL	13	51	102	611
CORRELATION	787	696	1902	2834
SQUARE	50496	157
FOLD	717	572	572	110640	110640	0	431023
RAIL	21	44	103	613
CORRELATION	790	700	1902	2834
SQUARE	50688	157
FOLD	718	573	573	110835	110835	0	431987
RAIL	14	50	103	614
CORRELATION	791	702	1902	2834
SQUARE	50752	157
FOLD	721	574	574	111030	111030	0	432796
RAIL	20	45	104	616
CORRELATION	794	702	1902	2834
SQUARE	50944	157
FOLD	722	575	575	111225	111225	0	433176
RAIL	15	49	104	617
CORRELATION	795	702	1902	2834
SQUARE	51008	157
FOLD	723	576	576	111417	111417	0	434043
RAIL	15	50	104	618
CORRELATION	796	704	1902	2834
SQUARE	51072	157
FOLD	736	577	577	111606	111606	0	443068
RAIL	30	34	110	625
CORRELATION	815	726	1902	2834
SQUARE	52288	157
FOLD	737	578	578	111798	111798	0	443489
RAIL	30	35	110	626
CORRELATION	816	726	1902	2834
SQUARE	52352	157
FOLD	738	579	579	111993	111993	0	444108
RAIL	29	35	110	627
CORRELATION	819	726	1902	2834
SQUARE	52544	157
FOLD	739	580	580	112185	112185	0	444673
RAIL	29	36	110	628
CORRELATION	820	728	1902	2834
SQUARE	52608	157
FOLD	740	581	581	112380	112380	0	446130
RAIL	28	36	110	629
CORRELATION	823	732	1902	2834
SQUARE	52800	157
FOLD	741	582	582	112572	112572	0	446964
RAIL	28	37	110	630
CORRELATION	824	734	1902	2834
SQUARE	52864	157
FOLD	742	583	583	112767	112767	0	448403
RAIL	27	37	110	631
CORRELATION	827	737	1902	2834
SQUARE	53056	157
FOLD	743	584	584	112959	112959	0	448762
RAIL	27	38	110	632
CORRELATION	828	737	1902	2834
SQUARE	53120	157
FOLD	744	585	585	113154	113154	0	449305
RAIL	8	56	110	633
CORRELATION	829	737	1902	2834
SQUARE	53184	157
FOLD	747	586	586	113349	113349	0	451771
RAIL	9	55	111	635
CORRELATION	833	741	1902	2834
SQUARE	53440	157
FOLD	748	587	587	113541	113541	0	452159
RAIL	9	56	111	636
CORRELATION	834	741	1902	2834
SQUARE	53504	157
FOLD	751	588	588	113733	113733	0	453981
RAIL	10	54	112	638
CORRELATION	837	745	1902	2834
SQUARE	53696	157
FOLD	758	589	589	113928	113928	0	456874
RAIL	23	42	115	642
CORRELATION	844	753	1902	2834
SQUARE	54144	157
FOLD	759	590	590	114123	114123	0	457243
RAIL	12	52	115	643
CORRELATION	845	753	1902	2834
SQUARE	54208	157
FOLD	760	591	591	114315	114315	0	457970
RAIL	12	53	115	644
CORRELATION	846	755	1902	2834
SQUARE	54272	157
FOLD	763	592	592	114507	114507	0	459417
RAIL	13	51	116	646
CORRELATION	849	760	1902	2834
SQUARE	54464	157
FOLD	764	593	593	114699	114699	0	459780
RAIL	13	52	116	647
CORRELATION	850	760	1902	2834
SQUARE	54528	157
FOLD	767	594	594	114891	114891	0	460766
RAIL	14	50	117	649
CORRELATION	853	760	1902	2834
SQUARE	54720	157
FOLD	770	595	595	115086	115086	0	461580
RAIL	20	45	118	651
CORRELATION	856	760	1902	2834
SQUARE	54912	157
FOLD	785	596	596	115278	115278	0	468397
RAIL	30	34	125	659
CORRELATION	877	773	1902	2834
SQUARE	56256	157
FOLD	786	597	597	115470	115470	0	469284
RAIL	30	35	125	660
CORRELATION	878	775	1902	2834
SQUARE	56320	157
FOLD	787	598	598	115665	115665	0	470436
RAIL	29	35	125	661
CORRELATION	881	777	1902	2834
SQUARE	56512	157
FOLD	788	599	599	115857	115857	0	471321
RAIL	29	36	125	662
CORRELATION	882	779	1902	2834
SQUARE	56576	157
FOLD	789	600	600	116052	116052	0	472861
RAIL	28	36	125	663
CORRELATION	885	783	1902	2834
SQUARE	56768	157
FOLD	790	601	601	116244	116244	0	473231
RAIL	28	37	125	664
CORRELATION	886	783	1902	2834
SQUARE	56832	157
FOLD	791	602	602	116439	116439	0	474110
RAIL	27	37	125	665
CORRELATION	889	784	1902	2834
SQUARE	57024	157
FOLD	792	603	603	116631	116631	0	474774
RAIL	27	38	125	666
CORRELATION	890	786	1902	2834
SQUARE	57088	157
FOLD	793	604	604	116826	116826	0	475806
RAIL	8	56	125	667
CORRELATION	891	788	1902	2834
SQUARE	57152	157
FOLD	796	605	605	117021	117021	0	477504
RAIL	9	55	126	669
CORRELATION	895	792	1902	2834
SQUARE	57408	157
FOLD	797	606	606	117213	117213	0	478412
RAIL	25	39	126	670
CORRELATION	897	794	1902	2834
SQUARE	57536	157
FOLD	798	607	607	117405	117405	0	478796
RAIL	25	40	126	671
CORRELATION	898	794	1902	2834
SQUARE	57600	157
FOLD	799	608	608	117600	117600	0	479707
RAIL	10	54	126	672
CORRELATION	899	796	1902	2834
SQUARE	57664	157
FOLD	810	609	609	117795	117795	0	485217
RAIL	22	43	131	678
CORRELATION	910	806	1902	2834
SQUARE	58368	157
FOLD	811	610	610	117990	117990	0	486137
RAIL	13	51	131	679
CORRELATION	911	808	1902	2834
SQUARE	58432	157
FOLD	812	611	611	118182	118182	0	486970
RAIL	13	52	131	680
CORRELATION	912	810	1902	2834
SQUARE	58496	157
FOLD	833	612	612	118371	118371	0	498763
RAIL	30	34	141	691
CORRELATION	939	834	1902	2834
SQUARE	60224	157
FOLD	834	613	613	118563	118563	0	499722
RAIL	30	35	141	692
CORRELATION	940	836	1902	2834
SQUARE	60288	157
FOLD	835	614	614	118758	118758	0	501280
RAIL	29	35	141	693
CORRELATION	943	840	1902	2834
SQUARE	60480	157
FOLD	836	615	615	118950	118950	0	502068
RAIL	29	36	141	694
CORRELATION	944	842	1902	2834
SQUARE	60544	157
FOLD	837	616	616	119145	119145	0	503242
RAIL	28	36	141	695
CORRELATION	947	844	1902	2834
SQUARE	60736	157
FOLD	838	617	617	119337	119337	0	504153
RAIL	28	37	141	696
CORRELATION	948	846	1902	2834
SQUARE	60800	157
FOLD	839	618	618	119532	119532	0	505828
RAIL	27	37	141	697
CORRELATION	951	850	1902	2834
SQUARE	60992	157
FOLD	840	619	619	119724	119724	0	506258
RAIL	27	38	141	698
CORRELATION	952	850	1902	2834
SQUARE	61056	157
FOLD	841	620	620	119919	119919	0	506670
RAIL	8	56	141	699
CORRELATION	953	850	1902	2834
SQUARE	61120	157
FOLD	842	621	621	120111	120111	0	507832
RAIL	26	38	141	700
CORRELATION	955	852	1902	2834
SQUARE	61248	157
FOLD	843	622	622	120303	120303	0	509492
RAIL	26	39	141	701
CORRELATION	956	854	1902	2834
SQUARE	61312	157
FOLD	844	623	623	120498	120498	0	510240
RAIL	9	55	141	702
CORRELATION	957	854	1902	2834
SQUARE	61376	157
FOLD	847	624	624	120693	120693	0	513541
RAIL	10	54	142	704
CORRELATION	961	858	1902	2834
SQUARE	61632	157
FOLD	848	625	625	120885	120885	0	514130
RAIL	10	55	142	705
CORRELATION	962	858	1902	2834
SQUARE	61696	157
FOLD	849	626	626	121080	121080	0	514770
RAIL	24	40	142	706
CORRELATION	963	858	1902	2834
SQUARE	61760	157
FOLD	850	627	627	121272	121272	0	515471
RAIL	24	41	142	707
CORRELATION	964	858	1902	2834
SQUARE	61824	157
FOLD	851	628	628	121467	121467	0	516362
RAIL	11	53	142	708
CORRELATION	965	860	1902	2834
SQUARE	61888	157
FOLD	882	629	629	121656	121656	0	536101
RAIL	30	35	157	724
CORRELATION	1002	900	1902	2834
SQUARE	64256	157
FOLD	883	630	630	121851	121851	0	537979
RAIL	29	35	157	725
CORRELATION	1005	904	1902	2834
SQUARE	64448	157
FOLD	884	631	631	122043	122043	0	538666
RAIL	29	36	157	726
CORRELATION	1006	904	1902	2834
SQUARE	64512	157
FOLD	885	632	632	122238	122238	0	539807
RAIL	28	36	157	727
CORRELATION	1009	904	1902	2834
SQUARE	64704	157
FOLD	886	633	633	122430	122430	0	540482
RAIL	28	37	157	728
CORRELATION	1010	904	1902	2834
SQUARE	64768	157
FOLD	887	634	634	122625	122625	0	541696
RAIL	27	37	157	729
CORRELATION	1013	906	1902	2834
SQUARE	64960	157
FOLD	888	635	635	122817	122817	0	542588
RAIL	27	38	157	730
CORRELATION	1014	908	1902	2834
SQUARE	65024	157
FOLD	889	636	636	123012	123012	0	543299
RAIL	8	56	157	731
CORRELATION	1015	908	1902	2834
SQUARE	65088	157
FOLD	892	637	637	123207	123207	0	545892
RAIL	9	55	158	733
CORRELATION	1019	909	1902	2834
SQUARE	65344	157
FOLD	893	636	637	123015	123207	0	546937
RAIL	25	39	159	734
CORRELATION	1021	909	1902	2834
SQUARE	65536	157
FOLD	895	638	638	123402	123402	0	547678
RAIL	10	54	159	735
CORRELATION	1023	909	1902	2834
SQUARE	65600	157
FOLD	895	638	638	123402	123402	0	548311
RAIL	10	54	159	736
CORRELATION	1024	909	1902	2834
SQUARE	65664	157
FOLD	896	639	639	123594	123594	0	548321
RAIL	10	55	159	736
CORRELATION	1024	909	1902	2834
SQUARE	65664	157
FOLD	897	640	640	123789	123789	0	548903
RAIL	24	40	159	737
CORRELATION	1025	909	1902	2834
SQUARE	65728	157
FOLD	898	641	641	123981	123981	0	550210
RAIL	24	41	159	738
CORRELATION	1026	911	1902	2834
SQUARE	65792	157
FOLD	899	642	642	124176	124176	0	550896
RAIL	11	53	159	739
CORRELATION	1027	911	1902	2834
SQUARE	65856	157
FOLD	900	643	643	124368	124368	0	552247
RAIL	11	54	159	740
CORRELATION	1028	914	1902	2834
SQUARE	65920	157
FOLD	901	644	644	124563	124563	0	553887
RAIL	23	41	159	741
CORRELATION	1029	916	1902	2834
SQUARE	65984	157
FOLD	902	645	645	124755	124755	0	554649
RAIL	23	42	159	742
CORRELATION	1030	916	1902	2834
SQUARE	66048	157
FOLD	933	646	646	124947	124947	0	585231
RAIL	28	36	174	758
CORRELATION	1071	957	1902	2834
SQUARE	68672	157
FOLD	934	647	647	125139	125139	0	585633
RAIL	28	37	174	759
CORRELATION	1072	957	1902	2834
SQUARE	68736	157
FOLD	935	648	648	125334	125334	0	587204
RAIL	27	37	174	760
CORRELATION	1075	961	1902	2834
SQUARE	68928	157
FOLD	936	649	649	125526	125526	0	588104
RAIL	27	38	174	761
CORRELATION	1076	963	1902	2834
SQUARE	68992	157
FOLD	937	650	650	125721	125721	0	589072
RAIL	8	56	174	762
CORRELATION	1077	965	1902	2834
SQUARE	69056	157
FOLD	938	651	651	125913	125913	0	589508
RAIL	26	38	174	763
CORRELATION	1079	965	1902	2834
SQUARE	69184	157
FOLD	939	652	652	126105	126105	0	589959
RAIL	26	39	174	764
CORRELATION	1080	965	1902	2834
SQUARE	69248	157
FOLD	940	653	653	126300	126300	0	590869
RAIL	9	55	174	765
CORRELATION	1081	967	1902	2834
SQUARE	69312	157
FOLD	943	654	654	126495	126495	0	593379
RAIL	10	54	175	767
CORRELATION	1085	973	1902	2834
SQUARE	69568	157
FOLD	944	655	655	126687	126687	0	593722
RAIL	10	55	175	768
CORRELATION	1086	973	1902	2834
SQUARE	69632	157
FOLD	945	656	656	126882	126882	0	594054
RAIL	24	40	175	769
CORRELATION	1087	973	1902	2834
SQUARE	69696	157
FOLD	946	657	657	127074	127074	0	594941
RAIL	24	41	175	770
CORRELATION	1088	975	1902	2834
SQUARE	69760	157
FOLD	949	658	658	127266	127266	0	596907
RAIL	23	41	176	772
CORRELATION	1091	979	1902	2834
SQUARE	69952	157
FOLD	950	659	659	127458	127458	0	597886
RAIL	23	42	176	773
CORRELATION	1092	981	1902	2834
SQUARE	70016	157
FOLD	953	660	660	127650	127650	0	598965
RAIL	22	42	177	775
CORRELATION	1095	982	1902	2834
SQUARE	70208	157
FOLD	980	661	661	127845	127845	0	615037
RAIL	29	36	190	789
CORRELATION	1130	1017	1902	2834
SQUARE	72448	157
FOLD	981	662	662	128040	128040	0	616713
RAIL	28	36	190	790
CORRELATION	1133	1021	1902	2834
SQUARE	72640	157
FOLD	982	663	663	128232	128232	0	617206
RAIL	28	37	190	791
CORRELATION	1134	1021	1902	2834
SQUARE	72704	157
FOLD	983	664	664	128427	128427	0	618282
RAIL	27	37	190	792
CORRELATION	1137	1023	1902	2834
SQUARE	72896	157
FOLD	984	665	665	128619	128619	0	619155
RAIL	27	38	190	793
CORRELATION	1138	1025	1902	2834
SQUARE	72960	157
FOLD	985	666	666	128814	128814	0	619570
RAIL	8	56	190	794
CORRELATION	1139	1025	1902	2834
SQUARE	73024	157
FOLD	988	667	667	129009	129009	0	621708
RAIL	9	55	191	796
CORRELATION	1143	1029	1902	2834
SQUARE	73280	157
FOLD	989	668	668	129201	129201	0	623060
RAIL	25	39	191	797
CORRELATION	1145	1033	1902	2834
SQUARE	73408	157
FOLD	990	669	669	129393	129393	0	623468
RAIL	25	40	191	798
CORRELATION	1146	1033	1902	2834
SQUARE	73472	157
FOLD	1001	670	670	129585	129585	0	630445
RAIL	22	42	196	804
CORRELATION	1157	1045	1902	2834
SQUARE	74176	157
FOLD	1006	671	671	129777	129777	0	633017
RAIL	21	44	198	807
CORRELATION	1162	1050	1902	2834
SQUARE	74496	157
FOLD	1024	669	671	129390	129777	0	641913
RAIL	31	34	208	815
CORRELATION	1184	1068	1902	2834
SQUARE	75904	157
FOLD	1027	672	672	129972	129972	0	644983
RAIL	29	35	208	818
CORRELATION	1191	1076	1902	2834
SQUARE	76352	157
FOLD	1028	673	673	130164	130164	0	645811
RAIL	29	36	208	819
CORRELATION	1192	1078	1902	2834
SQUARE	76416	157
FOLD	1029	674	674	130359	130359	0	646827
RAIL	28	36	208	820
CORRELATION	1195	1080	1902	2834
SQUARE	76608	157
FOLD	1030	675	675	130551	130551	0	647295
RAIL	28	37	208	821
CORRELATION	1196	1080	1902	2834
SQUARE	76672	157
FOLD	1031	676	676	130746	130746	0	648866
RAIL	27	37	208	822
CORRELATION	1199	1084	1902	2834
SQUARE	76864	157
FOLD	1032	677	677	130938	130938	0	649723
RAIL	27	38	208	823
CORRELATION	1200	1086	1902	2834
SQUARE	76928	157
FOLD	1033	678	678	131133	131133	0	650581
RAIL	8	56	208	824
CORRELATION	1201	1088	1902	2834
SQUARE	76992	157
FOLD	1038	679	679	131322	131322	0	654284
RAIL	25	40	210	827
CORRELATION	1208	1096	1902	2834
SQUARE	77440	157
FOLD	1075	680	680	131517	131517	0	674767
RAIL	29	35	228	846
CORRELATION	1253	1136	1902	2834
SQUARE	80320	157
FOLD	1076	681	681	131709	131709	0	675388
RAIL	29	36	228	847
CORRELATION	1254	1138	1902	2834
SQUARE	80384	157
FOLD	1077	682	682	131904	131904	0	676727
RAIL	28	36	228	848
CORRELATION	1257	1142	1902	2834
SQUARE	80576	157
FOLD	1078	683	683	132096	132096	0	677292
RAIL	28	37	228	849
CORRELATION	1258	1144	1902	2834
SQUARE	80640	157
FOLD	1079	684	684	132291	132291	0	678938
RAIL	27	37	228	850
CORRELATION	1261	1148	1902	2834
SQUARE	80832	157
FOLD	1080	685	685	132483	132483	0	679956
RAIL	27	38	228	851
CORRELATION	1262	1150	1902	2834
SQUARE	80896	157
FOLD	1123	686	686	132678	132678	0	713293
RAIL	29	36	249	873
CORRELATION	1316	1202	1902	2834
SQUARE	84352	160
FOLD	1124	687	687	132873	132873	0	716002
RAIL	28	36	249	874
CORRELATION	1319	1206	1902	2834
SQUARE	84544	160
FOLD	1125	688	688	133065	133065	0	716431
RAIL	28	37	249	875
CORRELATION	1320	1206	1902	2834
SQUARE	84608	160
FOLD	1170	689	689	133257	133257	0	745505
RAIL	29	36	271	898
CORRELATION	1378	1264	1902	2834
SQUARE	88320	160
FOLD	1676	649	689	125505	133257	0	1074490
RAIL	17	48	545	1131
CORRELATION	2045	1908	1902	2834
SQUARE	131072	160
FOLD	1677	648	689	125310	133257	0	1076126
RAIL	32	32	546	1131
CORRELATION	2048	1912	1902	2834
SQUARE	131200	160
FOLD	2048	637	689	123195	133257	0	1347752
RAIL	31	34	736	1311
CORRELATION	2548	2395	1902	2834
SQUARE	163200	160
FOLD	3169	606	689	117174	133257	0	2239272
RAIL	32	32	1313	1856
CORRELATION	4093	3931	1902	2834
SQUARE	262144	162
FOLD	3170	605	689	116982	133257	0	2240874
RAIL	32	33	1314	1856
CORRELATION	4096	3935	1902	2834
SQUARE	262272	162
FOLD	4096	605	689	117039	133257	0	3036522
RAIL	30	34	1776	2319
CORRELATION	5403	5226	1902	2834
SQUARE	345920	165
FOLD	6023	578	689	111747	133257	0	4848782
RAIL	31	33	2753	3270
CORRELATION	8189	7956	1902	2834
SQUARE	524288	165
FOLD	6024	579	689	111939	133257	0	4851951
RAIL	31	34	2753	3271
CORRELATION	8192	7960	1902	2834
SQUARE	524416	165
FOLD	8192	551	689	106578	133257	0	7508054
RAIL	20	45	3851	4340
CORRELATION	11396	11114	1902	2834
SQUARE	729472	167
