INPUT	1000036000099	40	20	204
FRAME	1	0	1	1	3
FOLD	1	1	1	41	41	0	12
FOLD	2	1	1	40	41	0	23
FOLD	4	2	2	82	82	0	34
FOLD	5	3	3	123	123	0	51
FOLD	6	4	4	164	164	0	69
FOLD	7	5	5	205	205	0	88
FOLD	8	6	6	246	246	0	110
FOLD	9	7	7	287	287	0	132
FOLD	10	8	8	328	328	0	157
FOLD	11	9	9	369	369	0	215
FOLD	12	10	10	410	410	0	499
FOLD	13	11	11	451	451	0	785
FOLD	14	12	12	492	492	0	1121
FOLD	15	13	13	533	533	0	1274
FOLD	16	14	14	574	574	0	1329
FOLD	17	15	15	615	615	0	1386
FOLD	18	16	16	656	656	0	1446
FOLD	19	17	17	697	697	0	1511
FOLD	20	18	18	738	738	0	1617
FOLD	32	16	18	656	738	0	2245
FOLD	64	14	18	574	738	0	4062
FOLD	128	16	18	656	738	0	7063
FOLD	256	14	18	574	738	0	13076
FOLD	512	14	18	574	738	0	24160
FOLD	1024	14	18	574	738	0	45095
FOLD	2048	12	18	492	738	0	90228
FOLD	4096	12	18	492	738	0	168829
FOLD	8192	10	18	410	738	0	335863
FOLD	16384	10	18	410	738	0	684841
FOLD	32768	8	18	328	738	0	1278480
FOLD	65536	10	18	410	738	0	2401160
FOLD	131072	10	18	410	738	0	4423318
