INPUT	877600487917	40	20	204
FRAME	1	0	1	1	25
FOLD	1	1	1	120	120	0	35
FOLD	2	1	1	123	123	0	42
FOLD	4	3	3	363	363	0	104
FOLD	5	5	5	606	606	0	119
FOLD	8	7	7	849	849	0	560
FOLD	9	9	9	1092	1092	0	578
FOLD	12	11	11	1335	1335	0	748
FOLD	13	13	13	1578	1578	0	761
FOLD	14	15	15	1821	1821	0	789
FOLD	15	17	17	2064	2064	0	800
FOLD	16	19	19	2307	2307	0	817
FOLD	17	21	21	2550	2550	0	837
FOLD	18	23	23	2793	2793	0	855
FOLD	19	25	25	3036	3036	0	867
FOLD	20	27	27	3279	3279	0	885
FOLD	21	29	29	3522	3522	0	914
FOLD	22	31	31	3765	3765	0	938
FOLD	23	33	33	4008	4008	0	959
FOLD	24	35	35	4251	4251	0	979
FOLD	25	37	37	4494	4494	0	989
FOLD	26	39	39	4737	4737	0	1007
FOLD	27	41	41	4980	4980	0	1016
FOLD	28	43	43	5223	5223	0	1039
FOLD	29	45	45	5466	5466	0	1088
FOLD	30	47	47	5709	5709	0	1125
FOLD	31	49	49	5952	5952	0	1150
FOLD	32	51	51	6195	6195	0	1175
FOLD	33	53	53	6438	6438	0	1197
FOLD	34	55	55	6681	6681	0	1215
FOLD	35	57	57	6924	6924	0	1242
FOLD	36	59	59	7167	7167	0	1260
FOLD	37	61	61	7410	7410	0	1270
FOLD	38	63	63	7653	7653	0	1321
FOLD	39	64	64	7776	7776	0	1370
FOLD	40	65	65	7896	7896	0	1415
FOLD	41	66	66	8019	8019	0	1434
FOLD	42	67	67	8139	8139	0	1452
FOLD	43	68	68	8262	8262	0	1470
FOLD	44	69	69	8382	8382	0	1488
FOLD	45	70	70	8505	8505	0	1506
FOLD	52	71	71	8628	8628	0	1659
FOLD	53	72	72	8751	8751	0	1705
FOLD	54	73	73	8871	8871	0	1725
FOLD	55	74	74	8994	8994	0	1760
FOLD	56	75	75	9114	9114	0	1779
FOLD	57	76	76	9237	9237	0	1797
FOLD	58	77	77	9357	9357	0	1816
FOLD	59	78	78	9480	9480	0	1846
FOLD	60	79	79	9600	9600	0	1886
FOLD	61	80	80	9723	9723	0	1974
FOLD	62	81	81	9843	9843	0	1996
FOLD	63	82	82	9966	9966	0	2016
FOLD	64	83	83	10086	10086	0	2035
FOLD	65	84	84	10209	10209	0	2054
FOLD	66	85	85	10329	10329	0	2073
FOLD	67	86	86	10452	10452	0	2091
FOLD	68	87	87	10572	10572	0	2171
FOLD	69	88	88	10695	10695	0	2195
FOLD	70	89	89	10815	10815	0	2222
FOLD	71	90	90	10938	10938	0	2242
FOLD	72	91	91	11058	11058	0	2263
FOLD	73	92	92	11181	11181	0	2283
FOLD	74	93	93	11301	11301	0	2304
FOLD	75	94	94	11424	11424	0	2324
FOLD	76	95	95	11544	11544	0	2343
FOLD	77	96	96	11667	11667	0	2363
FOLD	90	97	97	11787	11787	0	2746
FOLD	91	98	98	11910	11910	0	2785
FOLD	92	99	99	12030	12030	0	2804
FOLD	93	100	100	12153	12153	0	2825
FOLD	94	101	101	12273	12273	0	2846
FOLD	95	102	102	12396	12396	0	2865
FOLD	96	103	103	12516	12516	0	2884
FOLD	97	104	104	12639	12639	0	2915
FOLD	98	105	105	12759	12759	0	2939
FOLD	99	106	106	12882	12882	0	2962
FOLD	100	107	107	13002	13002	0	2984
FOLD	101	108	108	13125	13125	0	3006
FOLD	102	109	109	13245	13245	0	3027
FOLD	103	110	110	13368	13368	0	3087
FOLD	104	111	111	13488	13488	0	3132
FOLD	105	112	112	13611	13611	0	3157
FOLD	106	113	113	13731	13731	0	3200
FOLD	107	114	114	13854	13854	0	3224
FOLD	108	115	115	13974	13974	0	3244
FOLD	109	116	116	14097	14097	0	3272
FOLD	110	117	117	14217	14217	0	3294
FOLD	111	118	118	14340	14340	0	3315
FOLD	114	119	119	14460	14460	0	3367
FOLD	123	120	120	14580	14580	0	3579
FOLD	124	121	121	14703	14703	0	3601
FOLD	125	122	122	14823	14823	0	3622
FOLD	126	123	123	14946	14946	0	3648
FOLD	127	124	124	15066	15066	0	3670
FOLD	128	125	125	15189	15189	0	3690
FOLD	129	126	126	15309	15309	0	3717
FOLD	130	127	127	15432	15432	0	3746
FOLD	131	128	128	15552	15552	0	3768
FOLD	132	129	129	15675	15675	0	3800
FOLD	133	130	130	15795	15795	0	3826
FOLD	134	131	131	15918	15918	0	3850
FOLD	135	132	132	16038	16038	0	3877
FOLD	136	133	133	16161	16161	0	3901
FOLD	137	134	134	16281	16281	0	3924
FOLD	138	135	135	16404	16404	0	3949
FOLD	139	136	136	16524	16524	0	3972
FOLD	140	137	137	16647	16647	0	3996
FOLD	143	138	138	16767	16767	0	4088
FOLD	144	139	139	16887	16887	0	4106
FOLD	145	140	140	17010	17010	0	4132
FOLD	146	141	141	17130	17130	0	4170
FOLD	147	142	142	17253	17253	0	4208
FOLD	156	143	143	17373	17373	0	4477
FOLD	157	144	144	17496	17496	0	4503
FOLD	158	145	145	17616	17616	0	4526
FOLD	159	146	146	17739	17739	0	4548
FOLD	160	147	147	17859	17859	0	4704
FOLD	161	148	148	17982	17982	0	4756
FOLD	162	149	149	18102	18102	0	4781
FOLD	163	150	150	18225	18225	0	4805
FOLD	164	151	151	18345	18345	0	4832
FOLD	165	152	152	18468	18468	0	4856
FOLD	166	153	153	18588	18588	0	4879
FOLD	167	154	154	18711	18711	0	4906
FOLD	168	155	155	18831	18831	0	4928
FOLD	169	156	156	18954	18954	0	4951
FOLD	170	157	157	19074	19074	0	4974
FOLD	171	158	158	19197	19197	0	4997
FOLD	176	159	159	19317	19317	0	5110
FOLD	177	160	160	19440	19440	0	5139
FOLD	178	161	161	19560	19560	0	5221
FOLD	179	162	162	19683	19683	0	5246
FOLD	188	163	163	19803	19803	0	5521
FOLD	189	164	164	19926	19926	0	5546
FOLD	190	165	165	20046	20046	0	5572
FOLD	191	166	166	20169	20169	0	5601
FOLD	192	167	167	20289	20289	0	5626
FOLD	193	168	168	20412	20412	0	5667
FOLD	194	169	169	20532	20532	0	5698
FOLD	195	170	170	20655	20655	0	5726
FOLD	196	171	171	20775	20775	0	5754
FOLD	197	172	172	20898	20898	0	5782
FOLD	198	173	173	21018	21018	0	5810
FOLD	199	174	174	21141	21141	0	5837
FOLD	208	175	175	21261	21261	0	6077
FOLD	209	176	176	21384	21384	0	6182
FOLD	210	177	177	21504	21504	0	6214
FOLD	211	178	178	21627	21627	0	6240
FOLD	220	179	179	21747	21747	0	6501
FOLD	221	180	180	21870	21870	0	6536
FOLD	222	181	181	21990	21990	0	6575
FOLD	223	182	182	22113	22113	0	6604
FOLD	224	183	183	22233	22233	0	6682
FOLD	225	184	184	22356	22356	0	6720
FOLD	226	185	185	22476	22476	0	6750
FOLD	227	186	186	22599	22599	0	6784
FOLD	228	187	187	22719	22719	0	6820
FOLD	229	188	188	22842	22842	0	6849
FOLD	238	189	189	22962	22962	0	7090
FOLD	239	190	190	23085	23085	0	7122
FOLD	248	191	191	23205	23205	0	7423
FOLD	249	192	192	23328	23328	0	7454
FOLD	250	193	193	23448	23448	0	7482
FOLD	251	194	194	23571	23571	0	7511
FOLD	252	195	195	23691	23691	0	7539
FOLD	253	196	196	23814	23814	0	7567
FOLD	254	197	197	23934	23934	0	7596
FOLD	255	198	198	24057	24057	0	7625
FOLD	256	199	199	24177	24177	0	7643
FOLD	257	200	200	24300	24300	0	7680
FOLD	258	201	201	24420	24420	0	7716
FOLD	259	202	202	24543	24543	0	7760
FOLD	276	203	203	24663	24663	0	8348
FOLD	277	204	204	24786	24786	0	8381
FOLD	278	205	205	24906	24906	0	8412
FOLD	279	206	206	25029	25029	0	8443
FOLD	280	207	207	25149	25149	0	8474
FOLD	281	208	208	25272	25272	0	8506
FOLD	282	209	209	25392	25392	0	8524
FOLD	283	210	210	25515	25515	0	8551
FOLD	300	211	211	25635	25635	0	9165
FOLD	301	212	212	25758	25758	0	9240
FOLD	302	213	213	25878	25878	0	9278
FOLD	303	214	214	26001	26001	0	9313
FOLD	304	215	215	26121	26121	0	9347
FOLD	305	216	216	26244	26244	0	9382
FOLD	326	217	217	26364	26364	0	10052
FOLD	327	218	218	26487	26487	0	10097
FOLD	328	219	219	26607	26607	0	10159
FOLD	329	220	220	26730	26730	0	10210
FOLD	512	193	220	23451	26730	0	16292
FOLD	1024	183	220	22224	26730	0	33191
FOLD	2048	149	220	18114	26730	0	67138
FOLD	4096	139	220	16899	26730	0	136797
FOLD	8192	99	220	12018	26730	0	277387
FOLD	16384	111	220	13509	26730	0	563503
FOLD	32768	75	220	9108	26730	0	1166873
FOLD	44425	84	220	10203	26730	0	1584127
FRAME	20	19	1	3	1584566
RESULT	closed	933551	940067	1584577	1393	1	1	197	505
