INPUT	3340713947	32	22	164
FRAME	1	0	1	1	17
FOLD	1	1	1	96	96	0	35
RAIL	2	30	0	0
FOLD	2	1	1	99	99	0	42
RAIL	2	31	1	0
FOLD	4	3	3	291	291	0	672
RAIL	16	17	2	1
FOLD	5	5	5	486	486	0	984
RAIL	3	29	2	2
FOLD	8	7	7	681	681	0	2141
RAIL	15	18	4	3
FOLD	9	9	9	876	876	0	2453
RAIL	4	28	4	4
FOLD	12	11	11	1071	1071	0	3585
RAIL	14	19	6	5
FOLD	13	13	13	1266	1266	0	3812
RAIL	5	27	6	6
FOLD	14	15	15	1461	1461	0	4254
RAIL	5	28	6	7
FOLD	15	17	17	1656	1656	0	4648
RAIL	13	19	6	8
FOLD	16	19	19	1851	1851	0	6196
RAIL	13	20	6	9
FOLD	17	21	21	2046	2046	0	6981
RAIL	6	26	6	10
FOLD	18	23	23	2241	2241	0	7452
RAIL	6	27	6	11
FOLD	19	25	25	2436	2436	0	7662
RAIL	12	20	6	12
FOLD	20	27	27	2631	2631	0	8459
RAIL	12	21	6	13
FOLD	21	29	29	2826	2826	0	8722
RAIL	7	25	6	14
FOLD	22	31	31	3021	3021	0	9106
RAIL	7	26	6	15
FOLD	23	33	33	3216	3216	0	9334
RAIL	11	21	6	16
FOLD	24	35	35	3411	3411	0	9750
RAIL	11	22	6	17
FOLD	25	37	37	3606	3606	0	9989
RAIL	8	24	6	18
FOLD	26	39	39	3801	3801	0	10444
RAIL	8	25	6	19
FOLD	27	41	41	3996	3996	0	10808
RAIL	10	22	6	20
FOLD	28	43	43	4191	4191	0	11370
RAIL	10	23	6	21
FOLD	29	45	45	4386	4386	0	11630
RAIL	9	23	6	22
FOLD	30	47	47	4581	4581	0	13147
RAIL	9	24	6	23
FOLD	31	48	48	4680	4680	0	13961
RAIL	16	16	6	24
FOLD	32	49	49	4776	4776	0	14476
RAIL	16	16	6	25
FOLD	33	50	50	4872	4872	0	14956
RAIL	16	16	6	26
FOLD	34	51	51	4968	4968	0	15510
RAIL	16	16	6	27
FOLD	35	52	52	5064	5064	0	16243
RAIL	16	17	6	28
FOLD	36	53	53	5163	5163	0	16763
RAIL	16	16	6	29
FOLD	37	54	54	5259	5259	0	17291
RAIL	16	16	6	30
FOLD	38	55	55	5355	5355	0	17823
RAIL	16	16	6	31
FOLD	39	56	56	5451	5451	0	18359
RAIL	15	17	6	32
FOLD	40	57	57	5547	5547	0	18872
RAIL	16	16	6	33
FOLD	41	58	58	5643	5643	0	19335
RAIL	15	18	6	34
FOLD	42	59	59	5742	5742	0	20047
RAIL	16	16	6	35
FOLD	43	60	60	5838	5838	0	21112
RAIL	16	16	6	36
FOLD	62	61	61	5940	5940	0	29143
RAIL	16	16	15	46
FOLD	63	62	62	6036	6036	0	29735
RAIL	12	21	15	47
FOLD	64	63	63	6135	6135	0	30516
RAIL	16	16	15	48
FOLD	71	64	64	6234	6234	0	34385
RAIL	11	22	18	52
FOLD	72	65	65	6333	6333	0	35152
RAIL	16	16	18	53
FOLD	75	66	66	6429	6429	0	37576
RAIL	8	25	19	55
FOLD	76	67	67	6528	6528	0	38137
RAIL	16	16	19	56
FOLD	81	68	68	6627	6627	0	40390
RAIL	9	23	21	59
FOLD	82	69	69	6723	6723	0	41081
RAIL	16	16	21	60
FOLD	83	70	70	6819	6819	0	41877
RAIL	9	24	21	61
FOLD	84	71	71	6918	6918	0	42289
RAIL	16	16	21	62
FOLD	85	72	72	7014	7014	0	42787
RAIL	16	16	21	63
FOLD	86	73	73	7110	7110	0	43267
RAIL	16	16	21	64
FOLD	95	74	74	7212	7212	0	47923
RAIL	16	16	25	69
FOLD	100	75	75	7308	7308	0	49830
RAIL	14	19	27	72
FOLD	101	76	76	7407	7407	0	50359
RAIL	16	16	27	73
FOLD	102	77	77	7503	7503	0	50864
RAIL	5	27	27	74
FOLD	125	78	78	7605	7605	0	59096
RAIL	16	16	38	86
FOLD	126	79	79	7701	7701	0	59598
RAIL	8	24	38	87
FOLD	127	80	80	7797	7797	0	60092
RAIL	16	16	38	88
FOLD	128	81	81	7893	7893	0	60671
RAIL	8	25	38	89
FOLD	129	82	82	7992	7992	0	61060
RAIL	16	16	38	90
FOLD	136	83	83	8091	8091	0	66082
RAIL	9	24	41	94
FOLD	137	84	84	8190	8190	0	67430
RAIL	16	16	41	95
FOLD	144	85	85	8289	8289	0	71794
RAIL	16	16	44	99
FOLD	145	86	86	8385	8385	0	72232
RAIL	15	17	44	100
FOLD	146	87	87	8481	8481	0	72681
RAIL	16	16	44	101
FOLD	157	88	88	8583	8583	0	79505
RAIL	13	19	49	107
FOLD	158	89	89	8679	8679	0	79984
RAIL	16	16	49	108
FOLD	159	90	90	8775	8775	0	81534
RAIL	13	20	49	109
FOLD	160	91	91	8874	8874	0	82059
RAIL	16	16	49	110
FOLD	161	92	92	8970	8970	0	82589
RAIL	16	16	49	111
FOLD	194	93	93	9072	9072	0	97621
RAIL	16	16	65	128
FOLD	195	94	94	9168	9168	0	98072
RAIL	15	17	65	129
FOLD	196	95	95	9264	9264	0	98512
RAIL	16	16	65	130
FOLD	197	96	96	9360	9360	0	98993
RAIL	15	18	65	131
FOLD	198	97	97	9459	9459	0	100534
RAIL	16	16	65	132
FOLD	199	98	98	9555	9555	0	101036
RAIL	16	16	65	133
FOLD	200	99	99	9651	9651	0	101708
RAIL	16	16	65	134
FOLD	209	100	100	9750	9750	0	106098
RAIL	13	20	69	139
FOLD	210	101	101	9849	9849	0	108018
RAIL	16	16	69	140
FOLD	217	102	102	9945	9945	0	112242
RAIL	16	16	72	144
FOLD	218	103	103	10041	10041	0	112976
RAIL	7	25	72	145
FOLD	219	104	104	10137	10137	0	113459
RAIL	16	16	72	146
FOLD	254	105	105	10239	10239	0	129826
RAIL	16	16	89	164
FOLD	255	106	106	10335	10335	0	130361
RAIL	16	16	89	165
FOLD	256	107	107	10431	10431	0	130935
RAIL	16	16	89	166
FOLD	267	108	108	10533	10533	0	138040
RAIL	7	25	94	172
FOLD	272	109	109	10626	10626	0	140268
RAIL	16	16	96	175
FOLD	273	110	110	10722	10722	0	140790
RAIL	11	22	96	176
FOLD	274	111	111	10821	10821	0	141251
RAIL	16	16	96	177
FOLD	275	112	112	10917	10917	0	142004
RAIL	8	24	96	178
FOLD	276	113	113	11013	11013	0	142612
RAIL	16	16	96	179
FOLD	309	114	114	11118	11118	0	156974
RAIL	16	16	112	196
FOLD	310	115	115	11214	11214	0	157749
RAIL	16	16	112	197
FOLD	311	116	116	11310	11310	0	158224
RAIL	16	16	112	198
FOLD	348	117	117	11412	11412	0	176367
RAIL	16	16	130	217
FOLD	349	118	118	11508	11508	0	176879
RAIL	14	18	130	218
FOLD	350	119	119	11604	11604	0	177415
RAIL	16	16	130	219
FOLD	351	120	120	11700	11700	0	177916
RAIL	14	19	130	220
FOLD	352	121	121	11799	11799	0	178388
RAIL	16	16	130	221
FOLD	359	122	122	11898	11898	0	181252
RAIL	16	16	133	225
FOLD	512	111	122	10830	11898	0	248358
RAIL	11	22	215	296
FOLD	1024	89	122	8685	11898	0	436271
RAIL	16	16	482	541
FOLD	1519	72	122	7026	11898	0	632049
RAIL	16	16	738	780
FRAME	16	15	1	3	632407
RESULT	closed	53717	62191	632413	1005	1	1	143	381
