INPUT	3966331337	32	17	164
FRAME	1	0	1	1	28
FOLD	1	1	1	96	96	0	48
RAIL	2	30	0	0
CORRELATION	0	0	0	0
SQUARE	0	0
FOLD	2	1	1	99	99	0	57
RAIL	2	31	1	0
CORRELATION	0	0	0	0
SQUARE	0	0
FOLD	4	3	3	291	291	0	231
RAIL	16	17	2	1
CORRELATION	0	0	0	0
SQUARE	0	0
FOLD	5	5	5	486	486	0	377
RAIL	3	29	2	2
CORRELATION	0	0	0	0
SQUARE	0	0
FOLD	8	7	7	681	681	0	715
RAIL	15	18	4	3
CORRELATION	0	0	0	0
SQUARE	0	0
FOLD	9	9	9	876	876	0	904
RAIL	4	28	4	4
CORRELATION	0	0	0	0
SQUARE	0	0
FOLD	11	11	11	1074	1074	0	1292
RAIL	14	18	5	5
CORRELATION	0	0	0	0
SQUARE	0	0
FOLD	12	13	13	1269	1269	0	1459
RAIL	14	19	5	6
CORRELATION	0	0	0	0
SQUARE	0	0
FOLD	13	15	15	1464	1464	0	1707
RAIL	5	27	5	7
CORRELATION	0	0	0	0
SQUARE	0	0
FOLD	15	17	17	1662	1662	0	1919
RAIL	13	19	6	8
CORRELATION	0	0	0	0
SQUARE	0	0
FOLD	16	19	19	1857	1857	0	2074
RAIL	13	20	6	9
CORRELATION	0	0	0	0
SQUARE	0	0
FOLD	17	21	21	2052	2052	0	2274
RAIL	6	26	6	10
CORRELATION	0	0	0	0
SQUARE	0	0
FOLD	19	23	23	2250	2250	0	2449
RAIL	12	20	7	11
CORRELATION	0	0	0	0
SQUARE	0	0
FOLD	20	25	25	2445	2445	0	2589
RAIL	12	21	7	12
CORRELATION	0	0	0	0
SQUARE	0	0
FOLD	21	27	27	2640	2640	0	2722
RAIL	7	25	7	13
CORRELATION	0	0	0	0
SQUARE	0	0
FOLD	22	29	29	2835	2835	0	3475
RAIL	7	26	7	14
CORRELATION	0	0	0	0
SQUARE	0	0
FOLD	23	31	31	3030	3030	0	3665
RAIL	11	21	7	15
CORRELATION	0	0	0	0
SQUARE	0	0
FOLD	24	33	33	3225	3225	0	3819
RAIL	11	22	7	16
CORRELATION	0	0	0	0
SQUARE	0	0
FOLD	25	35	35	3420	3420	0	3958
RAIL	8	24	7	17
CORRELATION	0	0	0	0
SQUARE	0	0
FOLD	26	37	37	3615	3615	0	4132
RAIL	8	25	7	18
CORRELATION	0	0	0	0
SQUARE	0	0
FOLD	27	39	39	3810	3810	0	4300
RAIL	10	22	7	19
CORRELATION	0	0	0	0
SQUARE	0	0
FOLD	28	41	41	4005	4005	0	4483
RAIL	10	23	7	20
CORRELATION	0	0	0	0
SQUARE	0	0
FOLD	29	43	43	4200	4200	0	4649
RAIL	9	23	7	21
CORRELATION	0	0	0	0
SQUARE	0	0
FOLD	30	45	45	4395	4395	0	4813
RAIL	9	24	7	22
CORRELATION	0	0	0	0
SQUARE	0	0
FOLD	30	45	45	4395	4395	0	5272
RAIL	9	24	7	23
CORRELATION	0	0	503	773
SQUARE	1	54
FRAME	16	15	1	3	5564
RESULT	closed	62827	63131	5568	953	1	1	143	381
