INPUT	13663630967004217789	64	37	324
FRAME	1	0	1	1	12
FOLD	1	1	1	192	192	0	28
RAIL	2	62	0	0
FOLD	2	1	1	195	195	0	73
RAIL	2	63	1	0
FOLD	4	3	3	579	579	0	421
RAIL	32	33	2	1
FOLD	5	5	5	966	966	0	722
RAIL	3	61	2	2
FOLD	8	7	7	1353	1353	0	2165
RAIL	31	34	4	3
FOLD	9	9	9	1740	1740	0	2488
RAIL	4	60	4	4
FOLD	12	11	11	2127	2127	0	2883
RAIL	30	35	6	5
FOLD	13	13	13	2514	2514	0	3186
RAIL	5	59	6	6
FOLD	14	15	15	2901	2901	0	3502
RAIL	5	60	6	7
FOLD	15	17	17	3288	3288	0	3870
RAIL	29	35	6	8
FOLD	16	19	19	3675	3675	0	4152
RAIL	29	36	6	9
FOLD	17	21	21	4062	4062	0	4453
RAIL	6	58	6	10
FOLD	18	23	23	4449	4449	0	4694
RAIL	6	59	6	11
FOLD	19	25	25	4836	4836	0	4934
RAIL	28	36	6	12
FOLD	20	27	27	5223	5223	0	5265
RAIL	28	37	6	13
FOLD	21	29	29	5610	5610	0	5563
RAIL	7	57	6	14
FOLD	22	31	31	5997	5997	0	5964
RAIL	7	58	6	15
FOLD	23	33	33	6384	6384	0	6338
RAIL	27	37	6	16
FOLD	24	35	35	6771	6771	0	6640
RAIL	27	38	6	17
FOLD	25	37	37	7158	7158	0	6972
RAIL	8	56	6	18
FOLD	26	39	39	7545	7545	0	7322
RAIL	8	57	6	19
FOLD	27	41	41	7932	7932	0	7603
RAIL	26	38	6	20
FOLD	28	43	43	8319	8319	0	7941
RAIL	26	39	6	21
FOLD	29	45	45	8706	8706	0	8268
RAIL	9	55	6	22
FOLD	30	47	47	9093	9093	0	8524
RAIL	9	56	6	23
FOLD	31	49	49	9480	9480	0	8851
RAIL	25	39	6	24
FOLD	32	51	51	9867	9867	0	10159
RAIL	25	40	6	25
FOLD	33	53	53	10254	10254	0	10550
RAIL	10	54	6	26
FOLD	34	55	55	10641	10641	0	10838
RAIL	10	55	6	27
FOLD	35	57	57	11028	11028	0	11118
RAIL	24	40	6	28
FOLD	36	59	59	11415	11415	0	11367
RAIL	24	41	6	29
FOLD	37	61	61	11802	11802	0	11677
RAIL	11	53	6	30
FOLD	38	63	63	12189	12189	0	11933
RAIL	11	54	6	31
FOLD	39	65	65	12576	12576	0	12226
RAIL	23	41	6	32
FOLD	40	67	67	12963	12963	0	12499
RAIL	23	42	6	33
FOLD	41	69	69	13350	13350	0	12914
RAIL	12	52	6	34
FOLD	42	71	71	13737	13737	0	13155
RAIL	12	53	6	35
FOLD	43	73	73	14124	14124	0	13463
RAIL	22	42	6	36
FOLD	44	75	75	14511	14511	0	13781
RAIL	22	43	6	37
FOLD	45	77	77	14898	14898	0	14183
RAIL	13	51	6	38
FOLD	46	79	79	15285	15285	0	15477
RAIL	13	52	6	39
FOLD	47	81	81	15672	15672	0	15773
RAIL	21	43	6	40
FOLD	48	83	83	16059	16059	0	16062
RAIL	21	44	6	41
FOLD	49	85	85	16446	16446	0	16360
RAIL	14	50	6	42
FOLD	50	87	87	16833	16833	0	16597
RAIL	14	51	6	43
FOLD	51	89	89	17220	17220	0	16878
RAIL	20	44	6	44
FOLD	52	91	91	17607	17607	0	17183
RAIL	20	45	6	45
FOLD	53	93	93	17994	17994	0	17527
RAIL	15	49	6	46
FOLD	54	95	95	18381	18381	0	17774
RAIL	15	50	6	47
FOLD	55	97	97	18768	18768	0	18067
RAIL	19	45	6	48
FOLD	56	99	99	19155	19155	0	18417
RAIL	19	46	6	49
FOLD	57	101	101	19542	19542	0	18699
RAIL	16	48	6	50
FOLD	58	103	103	19929	19929	0	18995
RAIL	16	49	6	51
FOLD	59	105	105	20316	20316	0	19281
RAIL	18	46	6	52
FOLD	60	107	107	20703	20703	0	20541
RAIL	18	47	6	53
FOLD	61	109	109	21090	21090	0	20866
RAIL	17	47	6	54
FOLD	62	111	111	21477	21477	0	21194
RAIL	17	48	6	55
FOLD	63	112	112	21672	21672	0	21523
RAIL	32	32	6	56
FOLD	64	113	113	21864	21864	0	21959
RAIL	32	32	6	57
FOLD	65	114	114	22056	22056	0	22311
RAIL	32	32	6	58
FOLD	66	115	115	22248	22248	0	22657
RAIL	32	32	6	59
FOLD	67	116	116	22440	22440	0	22993
RAIL	32	33	6	60
FOLD	68	117	117	22635	22635	0	23354
RAIL	32	32	6	61
FOLD	69	118	118	22827	22827	0	23724
RAIL	32	32	6	62
FOLD	70	119	119	23019	23019	0	24133
RAIL	32	32	6	63
FOLD	71	120	120	23211	23211	0	24459
RAIL	31	33	6	64
FOLD	72	121	121	23403	23403	0	24753
RAIL	32	32	6	65
FOLD	73	122	122	23595	23595	0	25069
RAIL	31	34	6	66
FOLD	74	123	123	23790	23790	0	25398
RAIL	32	32	6	67
FOLD	75	124	124	23982	23982	0	25705
RAIL	32	32	6	68
FOLD	76	125	125	24174	24174	0	26373
RAIL	32	32	6	69
FOLD	77	126	126	24366	24366	0	26689
RAIL	30	34	6	70
FOLD	78	127	127	24558	24558	0	27060
RAIL	32	32	6	71
FOLD	79	128	128	24750	24750	0	27447
RAIL	30	35	6	72
FOLD	80	129	129	24945	24945	0	27797
RAIL	32	32	6	73
FOLD	81	130	130	25137	25137	0	28132
RAIL	5	59	6	74
FOLD	86	131	131	25326	25326	0	29204
RAIL	32	32	8	77
FOLD	87	132	132	25518	25518	0	29570
RAIL	29	36	8	78
FOLD	88	133	133	25713	25713	0	29935
RAIL	32	32	8	79
FOLD	89	134	134	25905	25905	0	30266
RAIL	6	58	8	80
FOLD	92	135	135	26100	26100	0	30937
RAIL	32	32	9	82
FOLD	93	136	136	26292	26292	0	31311
RAIL	28	36	9	83
FOLD	94	137	137	26484	26484	0	31636
RAIL	32	32	9	84
FOLD	95	138	138	26676	26676	0	31992
RAIL	28	37	9	85
FOLD	96	139	139	26871	26871	0	32315
RAIL	32	32	9	86
FOLD	97	140	140	27063	27063	0	32638
RAIL	7	57	9	87
FOLD	98	141	141	27255	27255	0	32943
RAIL	32	32	9	88
FOLD	99	142	142	27447	27447	0	33310
RAIL	7	58	9	89
FOLD	100	143	143	27642	27642	0	33607
RAIL	32	32	9	90
FOLD	101	144	144	27834	27834	0	33967
RAIL	27	37	9	91
FOLD	102	145	145	28026	28026	0	34301
RAIL	32	32	9	92
FOLD	103	146	146	28218	28218	0	34750
RAIL	27	38	9	93
FOLD	104	147	147	28413	28413	0	35125
RAIL	32	32	9	94
FOLD	105	148	148	28605	28605	0	35536
RAIL	8	56	9	95
FOLD	106	149	149	28797	28797	0	35851
RAIL	32	32	9	96
FOLD	111	150	150	28992	28992	0	36915
RAIL	26	39	11	99
FOLD	112	151	151	29187	29187	0	37306
RAIL	32	32	11	100
FOLD	117	152	152	29382	29382	0	39520
RAIL	25	39	13	103
FOLD	118	153	153	29574	29574	0	39816
RAIL	32	32	13	104
FOLD	119	154	154	29766	29766	0	40197
RAIL	25	40	13	105
FOLD	120	155	155	29961	29961	0	40495
RAIL	32	32	13	106
FOLD	125	156	156	30156	30156	0	41508
RAIL	24	40	15	109
FOLD	126	157	157	30348	30348	0	41768
RAIL	32	32	15	110
FOLD	128	157	157	30351	30351	0	42103
RAIL	32	32	16	111
FOLD	131	158	158	30543	30543	0	42991
RAIL	11	54	17	113
FOLD	132	159	159	30738	30738	0	43269
RAIL	32	32	17	114
FOLD	133	160	160	30930	30930	0	43718
RAIL	23	41	17	115
FOLD	134	161	161	31122	31122	0	44028
RAIL	32	32	17	116
FOLD	137	162	162	31317	31317	0	44965
RAIL	12	52	18	118
FOLD	138	163	163	31509	31509	0	45213
RAIL	32	32	18	119
FOLD	143	164	164	31704	31704	0	46468
RAIL	22	43	20	122
FOLD	144	165	165	31899	31899	0	46792
RAIL	32	32	20	123
FOLD	145	166	166	32091	32091	0	47161
RAIL	13	51	20	124
FOLD	146	167	167	32283	32283	0	47407
RAIL	32	32	20	125
FOLD	151	168	168	32478	32478	0	49110
RAIL	21	44	22	128
FOLD	152	169	169	32673	32673	0	49396
RAIL	32	32	22	129
FOLD	157	170	170	32868	32868	0	50433
RAIL	20	44	24	132
FOLD	158	171	171	33060	33060	0	50724
RAIL	32	32	24	133
FOLD	159	172	172	33252	33252	0	51152
RAIL	20	45	24	134
FOLD	160	173	173	33447	33447	0	51467
RAIL	32	32	24	135
FOLD	161	174	174	33639	33639	0	51996
RAIL	15	49	24	136
FOLD	162	175	175	33831	33831	0	52243
RAIL	32	32	24	137
FOLD	163	176	176	34023	34023	0	52678
RAIL	15	50	24	138
FOLD	164	177	177	34218	34218	0	52947
RAIL	32	32	24	139
FOLD	169	178	178	34413	34413	0	53863
RAIL	16	48	26	142
FOLD	170	179	179	34605	34605	0	54347
RAIL	32	32	26	143
FOLD	175	180	180	34800	34800	0	55398
RAIL	18	47	28	146
FOLD	176	181	181	34995	34995	0	55731
RAIL	32	32	28	147
FOLD	177	182	182	35187	35187	0	56136
RAIL	17	47	28	148
FOLD	178	183	183	35379	35379	0	56500
RAIL	32	32	28	149
FOLD	187	184	184	35577	35577	0	58515
RAIL	32	32	32	154
FOLD	188	185	185	35769	35769	0	58874
RAIL	31	33	32	155
FOLD	189	186	186	35961	35961	0	59155
RAIL	32	32	32	156
FOLD	198	187	187	36159	36159	0	61016
RAIL	5	59	36	161
FOLD	207	188	188	36351	36351	0	62897
RAIL	32	32	40	166
FOLD	214	189	189	36543	36543	0	64289
RAIL	7	57	43	170
FOLD	219	190	190	36732	36732	0	65519
RAIL	32	32	45	173
FOLD	220	191	191	36924	36924	0	66009
RAIL	27	38	45	174
FOLD	221	192	192	37119	37119	0	66351
RAIL	32	32	45	175
FOLD	226	193	193	37314	37314	0	67546
RAIL	26	38	47	178
FOLD	227	194	194	37506	37506	0	67953
RAIL	32	32	47	179
FOLD	232	195	195	37701	37701	0	69167
RAIL	9	56	49	182
FOLD	233	196	196	37896	37896	0	69476
RAIL	32	32	49	183
FOLD	234	197	197	38088	38088	0	69850
RAIL	25	39	49	184
FOLD	235	198	198	38280	38280	0	70218
RAIL	32	32	49	185
FOLD	240	199	199	38475	38475	0	71313
RAIL	10	55	51	188
FOLD	241	200	200	38670	38670	0	71598
RAIL	32	32	51	189
FOLD	246	201	201	38865	38865	0	72747
RAIL	11	53	53	192
FOLD	247	202	202	39057	39057	0	72996
RAIL	32	32	53	193
FOLD	248	203	203	39249	39249	0	73451
RAIL	11	54	53	194
FOLD	249	204	204	39444	39444	0	73734
RAIL	32	32	53	195
FOLD	252	205	205	39636	39636	0	74743
RAIL	23	42	54	197
FOLD	253	206	206	39831	39831	0	75086
RAIL	32	32	54	198
FOLD	256	205	206	39639	39831	0	75484
RAIL	12	53	56	199
FOLD	258	207	207	40026	40026	0	76120
RAIL	22	42	56	201
FOLD	259	208	208	40218	40218	0	76425
RAIL	32	32	56	202
FOLD	260	209	209	40410	40410	0	76789
RAIL	22	43	56	203
FOLD	261	210	210	40605	40605	0	77142
RAIL	32	32	56	204
FOLD	266	211	211	40800	40800	0	78324
RAIL	21	43	58	207
FOLD	267	212	212	40992	40992	0	78659
RAIL	32	32	58	208
FOLD	272	213	213	41187	41187	0	79742
RAIL	14	51	60	211
FOLD	273	214	214	41382	41382	0	80025
RAIL	32	32	60	212
FOLD	274	215	215	41574	41574	0	80365
RAIL	20	44	60	213
FOLD	275	216	216	41766	41766	0	80671
RAIL	32	32	60	214
FOLD	276	217	217	41958	41958	0	81095
RAIL	20	45	60	215
FOLD	277	218	218	42153	42153	0	81470
RAIL	32	32	60	216
FOLD	278	219	219	42345	42345	0	81862
RAIL	15	49	60	217
FOLD	279	220	220	42537	42537	0	82153
RAIL	32	32	60	218
FOLD	284	221	221	42732	42732	0	83274
RAIL	19	46	62	221
FOLD	285	222	222	42927	42927	0	83608
RAIL	32	32	62	222
FOLD	290	223	223	43122	43122	0	84773
RAIL	18	46	64	225
FOLD	291	224	224	43314	43314	0	85103
RAIL	32	32	64	226
FOLD	292	225	225	43506	43506	0	85474
RAIL	18	47	64	227
FOLD	293	226	226	43701	43701	0	85806
RAIL	32	32	64	228
FOLD	298	227	227	43896	43896	0	87013
RAIL	32	32	66	231
FOLD	303	228	228	44091	44091	0	88215
RAIL	32	32	68	234
FOLD	304	229	229	44283	44283	0	88600
RAIL	32	32	68	235
FOLD	309	230	230	44478	44478	0	89779
RAIL	32	32	70	238
FOLD	316	231	231	44673	44673	0	91834
RAIL	32	32	73	242
FOLD	317	232	232	44865	44865	0	92206
RAIL	29	35	73	243
FOLD	318	233	233	45057	45057	0	92541
RAIL	32	32	73	244
FOLD	319	234	234	45249	45249	0	92906
RAIL	29	36	73	245
FOLD	320	235	235	45444	45444	0	93254
RAIL	32	32	73	246
FOLD	321	236	236	45636	45636	0	93787
RAIL	6	58	73	247
FOLD	350	237	237	45831	45831	0	100550
RAIL	32	32	87	262
FOLD	351	238	238	46023	46023	0	101199
RAIL	25	40	87	263
FOLD	352	239	239	46218	46218	0	101514
RAIL	32	32	87	264
FOLD	355	240	240	46410	46410	0	102718
RAIL	10	55	88	266
FOLD	356	241	241	46605	46605	0	103032
RAIL	32	32	88	267
FOLD	361	242	242	46800	46800	0	104234
RAIL	11	53	90	270
FOLD	362	243	243	46992	46992	0	104505
RAIL	32	32	90	271
FOLD	363	244	244	47184	47184	0	105078
RAIL	11	54	90	272
FOLD	364	245	245	47379	47379	0	105398
RAIL	32	32	90	273
FOLD	369	246	246	47574	47574	0	107385
RAIL	12	52	92	276
FOLD	370	247	247	47766	47766	0	107873
RAIL	32	32	92	277
FOLD	375	248	248	47961	47961	0	109332
RAIL	22	43	94	280
FOLD	376	249	249	48156	48156	0	109671
RAIL	32	32	94	281
FOLD	377	250	250	48348	48348	0	110180
RAIL	13	51	94	282
FOLD	378	251	251	48540	48540	0	110492
RAIL	32	32	94	283
FOLD	379	252	252	48732	48732	0	111064
RAIL	13	52	94	284
FOLD	380	253	253	48927	48927	0	111509
RAIL	32	32	94	285
FOLD	381	254	254	49119	49119	0	112079
RAIL	21	43	94	286
FOLD	382	255	255	49311	49311	0	112496
RAIL	32	32	94	287
FOLD	387	256	256	49506	49506	0	113930
RAIL	14	51	96	290
FOLD	388	257	257	49701	49701	0	114272
RAIL	32	32	96	291
FOLD	393	258	258	49896	49896	0	115641
RAIL	15	49	98	294
FOLD	394	259	259	50088	50088	0	115964
RAIL	32	32	98	295
FOLD	395	260	260	50280	50280	0	116354
RAIL	15	50	98	296
FOLD	396	261	261	50475	50475	0	116704
RAIL	32	32	98	297
FOLD	401	262	262	50670	50670	0	118026
RAIL	16	48	100	300
FOLD	402	263	263	50862	50862	0	118308
RAIL	32	32	100	301
FOLD	407	264	264	51057	51057	0	119499
RAIL	18	47	102	304
FOLD	408	265	265	51252	51252	0	119845
RAIL	32	32	102	305
FOLD	409	266	266	51444	51444	0	120257
RAIL	17	47	102	306
FOLD	410	267	267	51636	51636	0	120553
RAIL	32	32	102	307
FOLD	411	268	268	51828	51828	0	120922
RAIL	17	48	102	308
FOLD	412	269	269	52023	52023	0	121228
RAIL	32	32	102	309
FOLD	425	270	270	52221	52221	0	124844
RAIL	32	32	108	316
FOLD	426	271	271	52413	52413	0	125255
RAIL	30	34	108	317
FOLD	427	272	272	52605	52605	0	125542
RAIL	32	32	108	318
FOLD	428	273	273	52797	52797	0	126189
RAIL	30	35	108	319
FOLD	429	274	274	52992	52992	0	126483
RAIL	32	32	108	320
FOLD	430	275	275	53184	53184	0	126907
RAIL	32	32	108	321
FOLD	435	276	276	53379	53379	0	127929
RAIL	32	32	110	324
FOLD	448	277	277	53574	53574	0	130465
RAIL	27	37	116	331
FOLD	449	278	278	53766	53766	0	130726
RAIL	32	32	116	332
FOLD	458	279	279	53958	53958	0	132485
RAIL	26	39	120	337
FOLD	459	280	280	54153	54153	0	132796
RAIL	32	32	120	338
FOLD	472	281	281	54348	54348	0	135508
RAIL	24	40	126	345
FOLD	473	282	282	54540	54540	0	135814
RAIL	32	32	126	346
FOLD	478	283	283	54735	54735	0	136747
RAIL	11	54	128	349
FOLD	479	284	284	54930	54930	0	137048
RAIL	32	32	128	350
FOLD	484	285	285	55125	55125	0	138194
RAIL	12	52	130	353
FOLD	485	286	286	55317	55317	0	138596
RAIL	32	32	130	354
FOLD	486	287	287	55509	55509	0	139264
RAIL	12	53	130	355
FOLD	487	288	288	55704	55704	0	139679
RAIL	32	32	130	356
FOLD	488	289	289	55896	55896	0	140256
RAIL	22	42	130	357
FOLD	489	290	290	56088	56088	0	140543
RAIL	32	32	130	358
FOLD	492	291	291	56283	56283	0	141450
RAIL	13	51	131	360
FOLD	493	292	292	56475	56475	0	141688
RAIL	32	32	131	361
FOLD	498	293	293	56670	56670	0	142843
RAIL	21	44	133	364
FOLD	499	294	294	56865	56865	0	143132
RAIL	32	32	133	365
FOLD	500	295	295	57057	57057	0	143468
RAIL	14	50	133	366
FOLD	501	296	296	57249	57249	0	143698
RAIL	32	32	133	367
FOLD	506	297	297	57444	57444	0	144646
RAIL	20	45	135	370
FOLD	507	298	298	57639	57639	0	144921
RAIL	32	32	135	371
FOLD	512	299	299	57834	57834	0	145858
RAIL	19	45	137	374
FOLD	513	300	300	58026	58026	0	146146
RAIL	32	32	137	375
FOLD	514	301	301	58218	58218	0	146544
RAIL	19	46	137	376
FOLD	515	302	302	58413	58413	0	146817
RAIL	32	32	137	377
FOLD	516	303	303	58605	58605	0	147158
RAIL	16	48	137	378
FOLD	517	304	304	58797	58797	0	147443
RAIL	32	32	137	379
FOLD	522	305	305	58992	58992	0	148390
RAIL	18	47	139	382
FOLD	523	306	306	59187	59187	0	148690
RAIL	32	32	139	383
FOLD	528	307	307	59382	59382	0	149617
RAIL	32	32	141	386
FOLD	529	308	308	59574	59574	0	150006
RAIL	32	32	141	387
FOLD	538	309	309	59772	59772	0	151547
RAIL	32	32	145	392
FOLD	539	310	310	59964	59964	0	151851
RAIL	32	32	145	393
FOLD	540	311	311	60156	60156	0	152157
RAIL	32	32	145	394
FOLD	541	312	312	60348	60348	0	152489
RAIL	30	34	145	395
FOLD	542	313	313	60540	60540	0	152776
RAIL	32	32	145	396
FOLD	543	314	314	60732	60732	0	153091
RAIL	30	35	145	397
FOLD	544	315	315	60927	60927	0	153387
RAIL	32	32	145	398
FOLD	545	316	316	61119	61119	0	153824
RAIL	32	32	145	399
FOLD	548	317	317	61311	61311	0	154952
RAIL	32	32	146	401
FOLD	553	318	318	61506	61506	0	156028
RAIL	28	36	148	404
FOLD	554	319	319	61698	61698	0	156332
RAIL	32	32	148	405
FOLD	567	320	320	61893	61893	0	158710
RAIL	8	57	154	412
FOLD	568	321	321	62088	62088	0	158993
RAIL	32	32	154	413
FOLD	569	322	322	62280	62280	0	159380
RAIL	26	38	154	414
FOLD	570	323	323	62472	62472	0	159650
RAIL	32	32	154	415
FOLD	595	324	324	62670	62670	0	163979
RAIL	23	42	166	428
FOLD	596	325	325	62865	62865	0	164268
RAIL	32	32	166	429
FOLD	597	326	326	63057	63057	0	164614
RAIL	12	52	166	430
FOLD	598	327	327	63249	63249	0	164843
RAIL	32	32	166	431
FOLD	599	328	328	63441	63441	0	165220
RAIL	12	53	166	432
FOLD	600	329	329	63636	63636	0	165450
RAIL	32	32	166	433
FOLD	601	330	330	63828	63828	0	165821
RAIL	22	42	166	434
FOLD	602	331	331	64020	64020	0	166124
RAIL	32	32	166	435
FOLD	607	332	332	64215	64215	0	167126
RAIL	13	52	168	438
FOLD	608	333	333	64410	64410	0	167359
RAIL	32	32	168	439
FOLD	613	334	334	64605	64605	0	168377
RAIL	14	50	170	442
FOLD	614	335	335	64797	64797	0	168606
RAIL	32	32	170	443
FOLD	615	336	336	64989	64989	0	168938
RAIL	14	51	170	444
FOLD	616	337	337	65184	65184	0	169169
RAIL	32	32	170	445
FOLD	621	338	338	65379	65379	0	170264
RAIL	15	49	172	448
FOLD	622	339	339	65571	65571	0	170656
RAIL	32	32	172	449
FOLD	627	340	340	65766	65766	0	171802
RAIL	19	46	174	452
FOLD	628	341	341	65961	65961	0	172088
RAIL	32	32	174	453
FOLD	629	342	342	66153	66153	0	172413
RAIL	16	48	174	454
FOLD	630	343	343	66345	66345	0	172679
RAIL	32	32	174	455
FOLD	631	344	344	66537	66537	0	173018
RAIL	16	49	174	456
FOLD	632	345	345	66732	66732	0	173285
RAIL	32	32	174	457
FOLD	637	346	346	66927	66927	0	174486
RAIL	17	47	176	460
FOLD	638	347	347	67119	67119	0	174780
RAIL	32	32	176	461
FOLD	643	348	348	67314	67314	0	175869
RAIL	32	32	178	464
FOLD	650	349	349	67509	67509	0	177370
RAIL	31	34	181	468
FOLD	651	350	350	67704	67704	0	177639
RAIL	32	32	181	469
FOLD	652	351	351	67896	67896	0	177999
RAIL	32	32	181	470
FOLD	653	352	352	68088	68088	0	178440
RAIL	32	32	181	471
FOLD	656	353	353	68280	68280	0	179249
RAIL	30	35	182	473
FOLD	657	354	354	68475	68475	0	179513
RAIL	32	32	182	474
FOLD	662	355	355	68667	68667	0	180584
RAIL	29	36	184	477
FOLD	663	356	356	68862	68862	0	180904
RAIL	32	32	184	478
FOLD	678	357	357	69057	69057	0	184204
RAIL	8	56	191	486
FOLD	687	358	358	69249	69249	0	186053
RAIL	32	32	195	491
FOLD	692	359	359	69444	69444	0	187727
RAIL	25	40	197	494
FOLD	693	360	360	69639	69639	0	188031
RAIL	32	32	197	495
FOLD	702	361	361	69831	69831	0	189904
RAIL	11	53	201	500
FOLD	713	362	362	70026	70026	0	192077
RAIL	32	32	206	506
FOLD	714	363	363	70218	70218	0	192421
RAIL	22	42	206	507
FOLD	715	364	364	70410	70410	0	192714
RAIL	32	32	206	508
FOLD	720	365	365	70605	70605	0	193796
RAIL	13	52	208	511
FOLD	721	366	366	70800	70800	0	194111
RAIL	32	32	208	512
FOLD	726	367	367	70995	70995	0	195249
RAIL	14	50	210	515
FOLD	727	368	368	71187	71187	0	195522
RAIL	32	32	210	516
FOLD	728	369	369	71379	71379	0	195909
RAIL	14	51	210	517
FOLD	729	370	370	71574	71574	0	196152
RAIL	32	32	210	518
FOLD	730	371	371	71766	71766	0	196498
RAIL	20	44	210	519
FOLD	731	372	372	71958	71958	0	196809
RAIL	32	32	210	520
FOLD	736	373	373	72153	72153	0	197855
RAIL	15	50	212	523
FOLD	737	374	374	72348	72348	0	198123
RAIL	32	32	212	524
FOLD	742	375	375	72543	72543	0	199239
RAIL	16	48	214	527
FOLD	743	376	376	72735	72735	0	199548
RAIL	32	32	214	528
FOLD	744	377	377	72927	72927	0	199895
RAIL	16	49	214	529
FOLD	745	378	378	73122	73122	0	200140
RAIL	32	32	214	530
FOLD	750	379	379	73317	73317	0	201280
RAIL	17	47	216	533
FOLD	751	380	380	73509	73509	0	201675
RAIL	32	32	216	534
FOLD	756	381	381	73704	73704	0	202799
RAIL	32	32	218	537
FOLD	757	382	382	73896	73896	0	203123
RAIL	32	33	218	538
FOLD	758	383	383	74091	74091	0	203458
RAIL	32	32	218	539
FOLD	759	384	384	74283	74283	0	203781
RAIL	32	32	218	540
FOLD	760	385	385	74475	74475	0	204233
RAIL	32	32	218	541
FOLD	763	386	386	74667	74667	0	205146
RAIL	31	34	219	543
FOLD	764	387	387	74862	74862	0	205500
RAIL	32	32	219	544
FOLD	769	388	388	75054	75054	0	206603
RAIL	30	35	221	547
FOLD	770	389	389	75249	75249	0	206949
RAIL	32	32	221	548
FOLD	779	390	390	75444	75444	0	208915
RAIL	28	36	225	553
FOLD	780	391	391	75636	75636	0	209253
RAIL	32	32	225	554
FOLD	783	392	392	75831	75831	0	210222
RAIL	32	32	226	556
FOLD	788	393	393	76026	76026	0	211279
RAIL	32	32	228	559
FOLD	789	394	394	76218	76218	0	211642
RAIL	8	56	228	560
FOLD	806	395	395	76410	76410	0	214787
RAIL	32	32	236	569
FOLD	807	396	396	76602	76602	0	215147
RAIL	10	55	236	570
FOLD	808	397	397	76797	76797	0	215413
RAIL	32	32	236	571
FOLD	813	398	398	76992	76992	0	216507
RAIL	11	53	238	574
FOLD	834	399	399	77187	77187	0	220465
RAIL	32	32	248	585
FOLD	835	400	400	77379	77379	0	220794
RAIL	21	44	248	586
FOLD	836	401	401	77574	77574	0	221057
RAIL	32	32	248	587
FOLD	837	402	402	77766	77766	0	221419
RAIL	14	50	248	588
FOLD	838	403	403	77958	77958	0	221733
RAIL	32	32	248	589
FOLD	843	404	404	78153	78153	0	222741
RAIL	20	45	250	592
FOLD	844	405	405	78348	78348	0	223004
RAIL	32	32	250	593
FOLD	849	406	406	78543	78543	0	224080
RAIL	19	45	252	596
FOLD	850	407	407	78735	78735	0	224335
RAIL	32	32	252	597
FOLD	855	408	408	78930	78930	0	225825
RAIL	16	49	254	600
FOLD	856	409	409	79125	79125	0	226144
RAIL	32	32	254	601
FOLD	857	410	410	79317	79317	0	226472
RAIL	18	46	254	602
FOLD	858	411	411	79509	79509	0	226735
RAIL	32	32	254	603
FOLD	859	412	412	79701	79701	0	227063
RAIL	18	47	254	604
FOLD	860	413	413	79896	79896	0	227324
RAIL	32	32	254	605
FOLD	861	414	414	80088	80088	0	227736
RAIL	17	47	254	606
FOLD	862	415	415	80280	80280	0	227989
RAIL	32	32	254	607
FOLD	865	416	416	80475	80475	0	228767
RAIL	32	32	255	609
FOLD	870	417	417	80670	80670	0	229730
RAIL	32	32	257	612
FOLD	875	418	418	80865	80865	0	230762
RAIL	32	32	259	615
FOLD	880	419	419	81057	81057	0	231818
RAIL	30	35	261	618
FOLD	881	420	420	81252	81252	0	232084
RAIL	32	32	261	619
FOLD	882	421	421	81444	81444	0	232489
RAIL	32	32	261	620
FOLD	887	422	422	81639	81639	0	233554
RAIL	32	32	263	623
FOLD	892	423	423	81831	81831	0	234771
RAIL	28	37	265	626
FOLD	893	424	424	82026	82026	0	235044
RAIL	32	32	265	627
FOLD	900	425	425	82221	82221	0	236675
RAIL	8	56	268	631
FOLD	901	426	426	82413	82413	0	237056
RAIL	32	32	268	632
FOLD	902	427	427	82605	82605	0	237430
RAIL	8	57	268	633
FOLD	903	428	428	82800	82800	0	237724
RAIL	32	32	268	634
FOLD	908	429	429	82995	82995	0	239282
RAIL	9	55	270	637
FOLD	925	430	430	83187	83187	0	243284
RAIL	32	32	278	646
FOLD	930	431	431	83382	83382	0	244245
RAIL	23	42	280	649
FOLD	931	432	432	83577	83577	0	244537
RAIL	32	32	280	650
FOLD	932	433	433	83769	83769	0	244886
RAIL	12	52	280	651
FOLD	949	434	434	83961	83961	0	247871
RAIL	32	32	288	660
FOLD	950	435	435	84153	84153	0	248177
RAIL	14	51	288	661
FOLD	951	436	436	84348	84348	0	248493
RAIL	32	32	288	662
FOLD	952	437	437	84540	84540	0	248808
RAIL	20	44	288	663
FOLD	953	438	438	84732	84732	0	249099
RAIL	32	32	288	664
FOLD	954	439	439	84924	84924	0	249419
RAIL	20	45	288	665
FOLD	955	440	440	85119	85119	0	249675
RAIL	32	32	288	666
FOLD	956	441	441	85311	85311	0	250186
RAIL	15	49	288	667
FOLD	957	442	442	85503	85503	0	250480
RAIL	32	32	288	668
FOLD	958	443	443	85695	85695	0	250847
RAIL	15	50	288	669
FOLD	959	444	444	85890	85890	0	251131
RAIL	32	32	288	670
FOLD	964	445	445	86085	86085	0	252125
RAIL	16	48	290	673
FOLD	965	446	446	86277	86277	0	252417
RAIL	32	32	290	674
FOLD	970	447	447	86472	86472	0	253403
RAIL	18	47	292	677
FOLD	971	448	448	86667	86667	0	253657
RAIL	32	32	292	678
FOLD	972	449	449	86859	86859	0	254057
RAIL	17	47	292	679
FOLD	973	450	450	87051	87051	0	254317
RAIL	32	32	292	680
FOLD	982	451	451	87249	87249	0	256150
RAIL	32	32	296	685
FOLD	983	452	452	87441	87441	0	256544
RAIL	31	33	296	686
FOLD	984	453	453	87633	87633	0	256844
RAIL	32	32	296	687
FOLD	993	454	454	87831	87831	0	258715
RAIL	32	32	300	692
FOLD	994	455	455	88023	88023	0	259082
RAIL	32	32	300	693
FOLD	999	456	456	88218	88218	0	260183
RAIL	32	32	302	696
FOLD	1004	457	457	88413	88413	0	261180
RAIL	32	32	304	699
FOLD	1005	458	458	88605	88605	0	261497
RAIL	32	32	304	700
FOLD	1006	459	459	88797	88797	0	261982
RAIL	32	32	304	701
FOLD	1009	460	460	88989	88989	0	262828
RAIL	27	38	305	703
FOLD	1010	461	461	89184	89184	0	263091
RAIL	32	32	305	704
FOLD	1015	462	462	89379	89379	0	263967
RAIL	26	38	307	707
FOLD	1016	463	463	89571	89571	0	264227
RAIL	32	32	307	708
FOLD	1017	464	464	89763	89763	0	264560
RAIL	26	39	307	709
FOLD	1018	465	465	89958	89958	0	264863
RAIL	32	32	307	710
FOLD	1023	466	466	90153	90153	0	265813
RAIL	25	39	309	713
FOLD	1024	467	467	90345	90345	0	266266
RAIL	32	32	309	714
FOLD	1033	468	468	90537	90537	0	268042
RAIL	24	41	313	719
FOLD	1034	469	469	90732	90732	0	268307
RAIL	32	32	313	720
FOLD	1047	470	470	90927	90927	0	270672
RAIL	22	42	319	727
FOLD	1048	471	471	91119	91119	0	270944
RAIL	32	32	319	728
FOLD	1065	472	472	91311	91311	0	274083
RAIL	20	45	327	737
FOLD	1066	473	473	91506	91506	0	274427
RAIL	32	32	327	738
FOLD	1067	474	474	91698	91698	0	274779
RAIL	15	49	327	739
FOLD	1068	475	475	91890	91890	0	275021
RAIL	32	32	327	740
FOLD	1073	476	476	92085	92085	0	276291
RAIL	19	46	329	743
FOLD	1074	477	477	92280	92280	0	276613
RAIL	32	32	329	744
FOLD	1079	478	478	92475	92475	0	277663
RAIL	18	46	331	747
FOLD	1080	479	479	92667	92667	0	278067
RAIL	32	32	331	748
FOLD	1081	480	480	92859	92859	0	278415
RAIL	18	47	331	749
FOLD	1082	481	481	93054	93054	0	278718
RAIL	32	32	331	750
FOLD	1087	482	482	93249	93249	0	279866
RAIL	32	32	333	753
FOLD	1092	483	483	93444	93444	0	281028
RAIL	32	32	335	756
FOLD	1095	484	484	93636	93636	0	281971
RAIL	32	32	336	758
FOLD	1100	485	485	93831	93831	0	283061
RAIL	30	34	338	761
FOLD	1101	486	486	94023	94023	0	283377
RAIL	32	32	338	762
FOLD	1110	487	487	94221	94221	0	285191
RAIL	32	32	342	767
FOLD	1111	488	488	94413	94413	0	285552
RAIL	32	32	342	768
FOLD	1112	489	489	94605	94605	0	285968
RAIL	28	36	342	769
FOLD	1113	490	490	94797	94797	0	286304
RAIL	32	32	342	770
FOLD	1116	491	491	94992	94992	0	287163
RAIL	32	32	343	772
FOLD	1121	492	492	95187	95187	0	288245
RAIL	32	32	345	775
FOLD	1122	493	493	95379	95379	0	288572
RAIL	8	56	345	776
FOLD	1135	494	494	95574	95574	0	291080
RAIL	32	32	351	783
FOLD	1136	495	495	95766	95766	0	291403
RAIL	25	40	351	784
FOLD	1137	496	496	95961	95961	0	291711
RAIL	32	32	351	785
FOLD	1142	497	497	96156	96156	0	293200
RAIL	24	40	353	788
FOLD	1143	498	498	96348	96348	0	293507
RAIL	32	32	353	789
FOLD	1152	499	499	96540	96540	0	295752
RAIL	23	42	357	794
FOLD	1153	500	500	96735	96735	0	296086
RAIL	32	32	357	795
FOLD	1154	501	501	96927	96927	0	296405
RAIL	12	52	357	796
FOLD	1159	502	502	97116	97116	0	297518
RAIL	32	32	359	799
FOLD	1164	503	503	97311	97311	0	298654
RAIL	13	52	361	802
FOLD	1165	504	504	97506	97506	0	298961
RAIL	32	32	361	803
FOLD	1170	505	505	97701	97701	0	300107
RAIL	14	50	363	806
FOLD	1187	506	506	97893	97893	0	303661
RAIL	32	32	371	815
FOLD	1190	507	507	98088	98088	0	304531
RAIL	18	46	372	817
FOLD	1191	508	508	98280	98280	0	304883
RAIL	32	32	372	818
FOLD	1196	509	509	98475	98475	0	305953
RAIL	17	48	374	821
FOLD	1197	510	510	98670	98670	0	306261
RAIL	32	32	374	822
FOLD	1198	511	511	98862	98862	0	306600
RAIL	32	32	374	823
FOLD	1207	512	512	99057	99057	0	308411
RAIL	31	34	378	828
FOLD	1208	513	513	99252	99252	0	308723
RAIL	32	32	378	829
FOLD	1209	514	514	99444	99444	0	309164
RAIL	32	32	378	830
FOLD	1212	515	515	99636	99636	0	310105
RAIL	32	32	379	832
FOLD	1217	516	516	99831	99831	0	311157
RAIL	29	35	381	835
FOLD	1218	517	517	100023	100023	0	311495
RAIL	32	32	381	836
FOLD	1227	518	518	100221	100221	0	313452
RAIL	32	32	385	841
FOLD	1228	519	519	100413	100413	0	313802
RAIL	32	32	385	842
FOLD	1229	520	520	100605	100605	0	314197
RAIL	27	37	385	843
FOLD	1230	521	521	100797	100797	0	314500
RAIL	32	32	385	844
FOLD	1255	522	522	100995	100995	0	319124
RAIL	24	41	397	857
FOLD	1256	523	523	101190	101190	0	319438
RAIL	32	32	397	858
FOLD	1257	524	524	101382	101382	0	319810
RAIL	11	53	397	859
FOLD	1258	525	525	101574	101574	0	320083
RAIL	32	32	397	860
FOLD	1259	526	526	101766	101766	0	320389
RAIL	11	54	397	861
FOLD	1260	527	527	101961	101961	0	320624
RAIL	32	32	397	862
FOLD	1261	528	528	102153	102153	0	321004
RAIL	23	41	397	863
FOLD	1262	529	529	102345	102345	0	321313
RAIL	32	32	397	864
FOLD	1263	530	530	102537	102537	0	321667
RAIL	23	42	397	865
FOLD	1264	531	531	102732	102732	0	321993
RAIL	32	32	397	866
FOLD	1289	532	532	102930	102930	0	326518
RAIL	15	49	409	879
FOLD	1294	533	533	103119	103119	0	327678
RAIL	32	32	411	882
FOLD	1307	534	534	103314	103314	0	330218
RAIL	17	48	417	889
FOLD	1308	535	535	103509	103509	0	330545
RAIL	32	32	417	890
FOLD	1317	536	536	103704	103704	0	332207
RAIL	32	32	421	895
FOLD	1318	537	537	103896	103896	0	332599
RAIL	31	34	421	896
FOLD	1319	538	538	104091	104091	0	332867
RAIL	32	32	421	897
FOLD	1326	539	539	104286	104286	0	334433
RAIL	32	32	424	901
FOLD	1327	540	540	104478	104478	0	334765
RAIL	32	32	424	902
FOLD	1332	541	541	104673	104673	0	336769
RAIL	32	32	426	905
FOLD	1337	542	542	104868	104868	0	338573
RAIL	32	32	428	908
FOLD	1338	543	543	105060	105060	0	339189
RAIL	32	32	428	909
FOLD	1339	544	544	105252	105252	0	339785
RAIL	32	32	428	910
FOLD	1344	545	545	105447	105447	0	341719
RAIL	8	56	430	913
FOLD	1345	546	546	105639	105639	0	342141
RAIL	32	32	430	914
FOLD	1350	547	547	105834	105834	0	343154
RAIL	26	39	432	917
FOLD	1351	548	548	106029	106029	0	343456
RAIL	32	32	432	918
FOLD	1352	549	549	106221	106221	0	343805
RAIL	9	55	432	919
FOLD	1369	550	550	106413	106413	0	346920
RAIL	32	32	440	928
FOLD	1370	551	551	106605	106605	0	347235
RAIL	11	54	440	929
FOLD	1371	552	552	106800	106800	0	347494
RAIL	32	32	440	930
FOLD	1372	553	553	106992	106992	0	347818
RAIL	23	41	440	931
FOLD	1373	554	554	107184	107184	0	348126
RAIL	32	32	440	932
FOLD	1374	555	555	107376	107376	0	348511
RAIL	23	42	440	933
FOLD	1375	556	556	107571	107571	0	348822
RAIL	32	32	440	934
FOLD	1376	557	557	107763	107763	0	349166
RAIL	12	52	440	935
FOLD	1377	558	558	107955	107955	0	349418
RAIL	32	32	440	936
FOLD	1382	559	559	108150	108150	0	350472
RAIL	22	43	442	939
FOLD	1383	560	560	108345	108345	0	350787
RAIL	32	32	442	940
FOLD	1404	561	561	108540	108540	0	354915
RAIL	19	45	452	951
FOLD	1405	562	562	108732	108732	0	355247
RAIL	32	32	452	952
FOLD	1406	563	563	108924	108924	0	355651
RAIL	19	46	452	953
FOLD	1407	564	564	109119	109119	0	355957
RAIL	32	32	452	954
FOLD	1430	565	565	109314	109314	0	360683
RAIL	32	32	463	966
FOLD	1439	566	566	109509	109509	0	362435
RAIL	29	35	467	971
FOLD	1440	567	567	109701	109701	0	362713
RAIL	32	32	467	972
FOLD	1449	568	568	109899	109899	0	364492
RAIL	32	32	471	977
FOLD	1450	569	569	110091	110091	0	364866
RAIL	32	32	471	978
FOLD	1451	570	570	110283	110283	0	365262
RAIL	27	37	471	979
FOLD	1452	571	571	110475	110475	0	365585
RAIL	32	32	471	980
FOLD	1465	572	572	110670	110670	0	368088
RAIL	9	56	477	987
FOLD	1466	573	573	110865	110865	0	368326
RAIL	32	32	477	988
FOLD	1471	574	574	111060	111060	0	369443
RAIL	10	54	479	991
FOLD	1484	575	575	111249	111249	0	372185
RAIL	32	32	485	998
FOLD	1485	576	576	111441	111441	0	372536
RAIL	23	42	485	999
FOLD	1486	577	577	111636	111636	0	372922
RAIL	32	32	485	1000
FOLD	1491	578	578	111831	111831	0	374063
RAIL	22	42	487	1003
FOLD	1492	579	579	112023	112023	0	374390
RAIL	32	32	487	1004
FOLD	1497	580	580	112218	112218	0	375449
RAIL	13	52	489	1007
FOLD	1498	581	581	112413	112413	0	375693
RAIL	32	32	489	1008
FOLD	1499	582	582	112605	112605	0	376032
RAIL	21	43	489	1009
FOLD	1500	583	583	112797	112797	0	376357
RAIL	32	32	489	1010
FOLD	1523	584	584	112995	112995	0	380899
RAIL	18	46	500	1022
FOLD	1546	585	585	113187	113187	0	385542
RAIL	30	35	511	1034
FOLD	1547	586	586	113382	113382	0	385864
RAIL	32	32	511	1035
FOLD	1556	587	587	113577	113577	0	387713
RAIL	28	36	515	1040
FOLD	1557	588	588	113769	113769	0	387999
RAIL	32	32	515	1041
FOLD	1558	589	589	113961	113961	0	388338
RAIL	28	37	515	1042
FOLD	1559	590	590	114156	114156	0	388623
RAIL	32	32	515	1043
FOLD	1584	591	591	114351	114351	0	393156
RAIL	10	55	527	1056
FOLD	1585	592	592	114546	114546	0	393397
RAIL	32	32	527	1057
FOLD	1586	593	593	114738	114738	0	393710
RAIL	24	40	527	1058
FOLD	1587	594	594	114930	114930	0	394065
RAIL	32	32	527	1059
FOLD	1588	595	595	115122	115122	0	394399
RAIL	24	41	527	1060
FOLD	1589	596	596	115317	115317	0	394856
RAIL	32	32	527	1061
FOLD	1590	597	597	115509	115509	0	395243
RAIL	11	53	527	1062
FOLD	1607	598	598	115701	115701	0	398520
RAIL	32	32	535	1071
FOLD	1612	599	599	115896	115896	0	399549
RAIL	21	44	537	1074
FOLD	1613	600	600	116091	116091	0	399872
RAIL	32	32	537	1075
FOLD	1618	601	601	116286	116286	0	400873
RAIL	20	44	539	1078
FOLD	1619	602	602	116478	116478	0	401160
RAIL	32	32	539	1079
FOLD	1620	603	603	116670	116670	0	401578
RAIL	20	45	539	1080
FOLD	1621	604	604	116865	116865	0	401888
RAIL	32	32	539	1081
FOLD	1668	605	605	117060	117060	0	411968
RAIL	32	32	562	1105
FOLD	1669	606	606	117252	117252	0	412370
RAIL	28	37	562	1106
FOLD	1670	607	607	117447	117447	0	412683
RAIL	32	32	562	1107
FOLD	1679	608	608	117642	117642	0	414596
RAIL	26	38	566	1112
FOLD	1680	609	609	117834	117834	0	414905
RAIL	32	32	566	1113
FOLD	1697	610	610	118026	118026	0	418200
RAIL	24	41	574	1122
FOLD	1698	611	611	118221	118221	0	418514
RAIL	32	32	574	1123
FOLD	1699	612	612	118413	118413	0	418901
RAIL	11	53	574	1124
FOLD	1700	613	613	118605	118605	0	419149
RAIL	32	32	574	1125
FOLD	1705	614	614	118800	118800	0	420078
RAIL	23	42	576	1128
FOLD	1706	615	615	118995	118995	0	420413
RAIL	32	32	576	1129
FOLD	1727	616	616	119190	119190	0	424347
RAIL	20	44	586	1140
FOLD	1772	617	617	119385	119385	0	432864
RAIL	29	36	608	1163
FOLD	1773	618	618	119580	119580	0	433153
RAIL	32	32	608	1164
FOLD	1774	619	619	119772	119772	0	433514
RAIL	32	32	608	1165
FOLD	1779	620	620	119967	119967	0	434555
RAIL	32	32	610	1168
FOLD	1784	621	621	120159	120159	0	435638
RAIL	27	38	612	1171
FOLD	1785	622	622	120354	120354	0	435913
RAIL	32	32	612	1172
FOLD	1794	623	623	120549	120549	0	437502
RAIL	9	56	616	1177
FOLD	1795	624	624	120744	120744	0	437788
RAIL	32	32	616	1178
FOLD	1796	625	625	120936	120936	0	438189
RAIL	25	39	616	1179
FOLD	1797	626	626	121128	121128	0	438599
RAIL	32	32	616	1180
FOLD	1798	627	627	121320	121320	0	438968
RAIL	25	40	616	1181
FOLD	1799	628	628	121515	121515	0	439263
RAIL	32	32	616	1182
FOLD	1800	629	629	121707	121707	0	439639
RAIL	10	54	616	1183
FOLD	1805	630	630	121896	121896	0	440639
RAIL	32	32	618	1186
FOLD	1806	631	631	122088	122088	0	440949
RAIL	24	41	618	1187
FOLD	1807	632	632	122283	122283	0	441666
RAIL	32	32	618	1188
FOLD	1808	633	633	122475	122475	0	442303
RAIL	11	53	618	1189
FOLD	1817	634	634	122667	122667	0	444148
RAIL	32	32	622	1194
FOLD	1822	635	635	122862	122862	0	445108
RAIL	22	43	624	1197
FOLD	1823	636	636	123057	123057	0	445389
RAIL	32	32	624	1198
FOLD	1824	637	637	123249	123249	0	445760
RAIL	13	51	624	1199
FOLD	1887	638	638	123444	123444	0	458502
RAIL	28	37	655	1231
FOLD	1888	639	639	123639	123639	0	458889
RAIL	32	32	655	1232
FOLD	1897	640	640	123834	123834	0	460707
RAIL	26	38	659	1237
FOLD	1898	641	641	124026	124026	0	461004
RAIL	32	32	659	1238
FOLD	1903	642	642	124221	124221	0	462197
RAIL	9	56	661	1241
FOLD	1904	643	643	124416	124416	0	462556
RAIL	32	32	661	1242
FOLD	1909	644	644	124611	124611	0	463637
RAIL	10	54	663	1245
FOLD	1910	645	645	124803	124803	0	463874
RAIL	32	32	663	1246
FOLD	1911	646	646	124995	124995	0	464173
RAIL	10	55	663	1247
FOLD	1912	647	647	125190	125190	0	464462
RAIL	32	32	663	1248
FOLD	1913	648	648	125382	125382	0	464800
RAIL	24	40	663	1249
FOLD	1914	649	649	125574	125574	0	465099
RAIL	32	32	663	1250
FOLD	1915	650	650	125766	125766	0	465561
RAIL	24	41	663	1251
FOLD	1916	651	651	125961	125961	0	465855
RAIL	32	32	663	1252
FOLD	1917	652	652	126153	126153	0	466276
RAIL	11	53	663	1253
FOLD	1998	653	653	126351	126351	0	481370
RAIL	32	32	703	1294
FOLD	2003	654	654	126546	126546	0	482474
RAIL	32	32	705	1297
FOLD	2008	655	655	126738	126738	0	483645
RAIL	26	39	707	1300
FOLD	2009	656	656	126933	126933	0	483942
RAIL	32	32	707	1301
FOLD	2014	657	657	127128	127128	0	484890
RAIL	25	39	709	1304
FOLD	2015	658	658	127320	127320	0	485231
RAIL	32	32	709	1305
FOLD	2020	659	659	127515	127515	0	486200
RAIL	10	55	711	1308
FOLD	2021	660	660	127710	127710	0	486487
RAIL	32	32	711	1309
FOLD	2022	661	661	127902	127902	0	486791
RAIL	24	40	711	1310
FOLD	2023	662	662	128094	128094	0	487094
RAIL	32	32	711	1311
FOLD	2024	663	663	128286	128286	0	487426
RAIL	24	41	711	1312
FOLD	2025	664	664	128481	128481	0	487733
RAIL	32	32	711	1313
FOLD	2026	665	665	128673	128673	0	488061
RAIL	11	53	711	1314
FOLD	2027	666	666	128865	128865	0	488294
RAIL	32	32	711	1315
FOLD	2028	667	667	129057	129057	0	488715
RAIL	11	54	711	1316
FOLD	2029	668	668	129252	129252	0	488951
RAIL	32	32	711	1317
FOLD	2030	669	669	129444	129444	0	489367
RAIL	23	41	711	1318
FOLD	2048	659	669	127512	129444	0	491409
RAIL	21	44	725	1322
FOLD	2117	670	670	129642	129642	0	505851
RAIL	26	39	754	1362
FOLD	2118	671	671	129837	129837	0	506208
RAIL	32	32	754	1363
FOLD	2131	672	672	130032	130032	0	508559
RAIL	24	40	760	1370
FOLD	2136	673	673	130221	130221	0	509605
RAIL	32	32	762	1373
FOLD	2137	674	674	130413	130413	0	509966
RAIL	11	54	762	1374
FOLD	2138	675	675	130608	130608	0	510211
RAIL	32	32	762	1375
FOLD	2151	676	676	130803	130803	0	512615
RAIL	13	51	768	1382
FOLD	2218	677	677	131001	131001	0	526056
RAIL	27	37	801	1416
FOLD	2219	678	678	131193	131193	0	526378
RAIL	32	32	801	1417
FOLD	2228	679	679	131391	131391	0	528268
RAIL	9	55	805	1422
FOLD	2251	680	680	131577	131577	0	532628
RAIL	32	32	816	1434
FOLD	2256	681	681	131772	131772	0	533575
RAIL	22	42	818	1437
FOLD	2315	682	682	131967	131967	0	544907
RAIL	29	35	847	1467
FOLD	2316	683	683	132159	132159	0	545345
RAIL	32	32	847	1468
FOLD	2325	684	684	132357	132357	0	547323
RAIL	32	32	851	1473
FOLD	2326	685	685	132549	132549	0	547654
RAIL	32	32	851	1474
FOLD	2331	686	686	132744	132744	0	548681
RAIL	32	32	853	1477
FOLD	2340	687	687	132936	132936	0	550459
RAIL	32	32	857	1482
FOLD	2341	688	688	133128	133128	0	550866
RAIL	25	39	857	1483
FOLD	2430	689	689	133326	133326	0	568406
RAIL	28	36	901	1528
FOLD	2431	690	690	133518	133518	0	568764
RAIL	32	32	901	1529
FOLD	2458	691	691	133710	133710	0	574022
RAIL	24	40	914	1543
FOLD	4096	643	691	124425	133716	0	919221
RAIL	32	32	1757	2338
FOLD	8192	609	691	117849	133716	0	1813124
RAIL	32	32	3822	4369
FOLD	16384	609	691	117852	133716	0	3618531
RAIL	21	44	7918	8465
FOLD	32768	563	691	108948	133716	0	6827052
RAIL	18	47	16133	16634
