INPUT	65918227805814895914492416446976812927051420077802152280319852135735592923747	256	123	1284
FRAME	1	0	1	1	27
FOLD	1	1	1	768	768	0	75
RAIL	2	254	0	0
FOLD	2	1	1	771	771	0	131
RAIL	2	255	1	0
FOLD	4	3	3	2307	2307	0	11430
RAIL	128	129	2	1
FOLD	5	5	5	3846	3846	0	24369
RAIL	3	253	2	2
FOLD	6	7	7	5385	5385	0	28567
RAIL	3	254	2	3
FOLD	8	9	9	6921	6921	0	34569
RAIL	127	130	3	4
FOLD	9	11	11	8460	8460	0	47084
RAIL	4	252	3	5
FOLD	10	13	13	9999	9999	0	48710
RAIL	4	253	3	6
FOLD	12	15	15	11535	11535	0	54426
RAIL	126	131	4	7
FOLD	13	17	17	13074	13074	0	65498
RAIL	5	251	4	8
FOLD	14	19	19	14613	14613	0	67327
RAIL	5	252	4	9
FOLD	16	21	21	16149	16149	0	73855
RAIL	125	132	5	10
FOLD	17	23	23	17688	17688	0	88765
RAIL	6	250	5	11
FOLD	18	25	25	19227	19227	0	90408
RAIL	6	251	5	12
FOLD	20	27	27	20763	20763	0	99912
RAIL	124	133	6	13
FOLD	21	29	29	22302	22302	0	114118
RAIL	7	249	6	14
FOLD	22	31	31	23841	23841	0	116015
RAIL	7	250	6	15
FOLD	23	33	33	25380	25380	0	119662
RAIL	123	133	6	16
FOLD	24	35	35	26919	26919	0	125620
RAIL	123	134	6	17
FOLD	25	37	37	28458	28458	0	138276
RAIL	8	248	6	18
FOLD	26	39	39	29997	29997	0	140658
RAIL	8	249	6	19
FOLD	27	41	41	31536	31536	0	144358
RAIL	122	134	6	20
FOLD	28	43	43	33075	33075	0	151001
RAIL	122	135	6	21
FOLD	29	45	45	34614	34614	0	163011
RAIL	9	247	6	22
FOLD	30	47	47	36153	36153	0	165266
RAIL	9	248	6	23
FOLD	31	49	49	37692	37692	0	172966
RAIL	121	135	6	24
FOLD	32	51	51	39231	39231	0	179761
RAIL	121	136	6	25
FOLD	33	53	53	40770	40770	0	194900
RAIL	10	246	6	26
FOLD	34	55	55	42309	42309	0	196941
RAIL	10	247	6	27
FOLD	35	57	57	43848	43848	0	206329
RAIL	120	136	6	28
FOLD	36	59	59	45387	45387	0	214113
RAIL	120	137	6	29
FOLD	37	61	61	46926	46926	0	234130
RAIL	11	245	6	30
FOLD	38	63	63	48465	48465	0	236457
RAIL	11	246	6	31
FOLD	39	65	65	50004	50004	0	240055
RAIL	119	137	6	32
FOLD	40	67	67	51543	51543	0	245786
RAIL	119	138	6	33
FOLD	41	69	69	53082	53082	0	259065
RAIL	12	244	6	34
FOLD	42	71	71	54621	54621	0	261440
RAIL	12	245	6	35
FOLD	43	73	73	56160	56160	0	265326
RAIL	118	138	6	36
FOLD	44	75	75	57699	57699	0	270403
RAIL	118	139	6	37
FOLD	45	77	77	59238	59238	0	281985
RAIL	13	243	6	38
FOLD	46	79	79	60777	60777	0	286028
RAIL	13	244	6	39
FOLD	47	81	81	62316	62316	0	291107
RAIL	117	139	6	40
FOLD	48	83	83	63855	63855	0	297953
RAIL	117	140	6	41
FOLD	49	85	85	65394	65394	0	308879
RAIL	14	242	6	42
FOLD	50	87	87	66933	66933	0	310927
RAIL	14	243	6	43
FOLD	51	89	89	68472	68472	0	314944
RAIL	116	140	6	44
FOLD	52	91	91	70011	70011	0	321150
RAIL	116	141	6	45
FOLD	53	93	93	71550	71550	0	332923
RAIL	15	241	6	46
FOLD	54	95	95	73089	73089	0	335039
RAIL	15	242	6	47
FOLD	55	97	97	74628	74628	0	339072
RAIL	115	141	6	48
FOLD	56	99	99	76167	76167	0	345109
RAIL	115	142	6	49
FOLD	57	101	101	77706	77706	0	357706
RAIL	16	240	6	50
FOLD	58	103	103	79245	79245	0	360358
RAIL	16	241	6	51
FOLD	59	105	105	80784	80784	0	365360
RAIL	114	142	6	52
FOLD	60	107	107	82323	82323	0	371854
RAIL	114	143	6	53
FOLD	61	109	109	83862	83862	0	382933
RAIL	17	239	6	54
FOLD	62	111	111	85401	85401	0	385280
RAIL	17	240	6	55
FOLD	63	113	113	86940	86940	0	390060
RAIL	113	143	6	56
FOLD	64	115	115	88479	88479	0	397094
RAIL	113	144	6	57
FOLD	65	117	117	90018	90018	0	407645
RAIL	18	238	6	58
FOLD	66	119	119	91557	91557	0	410042
RAIL	18	239	6	59
FOLD	67	121	121	93096	93096	0	417279
RAIL	112	144	6	60
FOLD	68	123	123	94635	94635	0	423227
RAIL	112	145	6	61
FOLD	69	125	125	96174	96174	0	438800
RAIL	19	237	6	62
FOLD	70	127	127	97713	97713	0	441340
RAIL	19	238	6	63
FOLD	71	129	129	99252	99252	0	446362
RAIL	111	145	6	64
FOLD	72	131	131	100791	100791	0	451595
RAIL	111	146	6	65
FOLD	73	133	133	102330	102330	0	463359
RAIL	20	236	6	66
FOLD	74	135	135	103869	103869	0	466056
RAIL	20	237	6	67
FOLD	75	137	137	105408	105408	0	472352
RAIL	110	146	6	68
FOLD	76	139	139	106947	106947	0	479397
RAIL	110	147	6	69
FOLD	77	141	141	108486	108486	0	489651
RAIL	21	235	6	70
FOLD	78	143	143	110025	110025	0	493293
RAIL	21	236	6	71
FOLD	79	145	145	111564	111564	0	498279
RAIL	109	147	6	72
FOLD	80	147	147	113103	113103	0	504382
RAIL	109	148	6	73
FOLD	81	149	149	114642	114642	0	517089
RAIL	22	234	6	74
FOLD	82	151	151	116181	116181	0	520108
RAIL	22	235	6	75
FOLD	83	153	153	117720	117720	0	524906
RAIL	108	148	6	76
FOLD	84	155	155	119259	119259	0	530113
RAIL	108	149	6	77
FOLD	85	157	157	120798	120798	0	541133
RAIL	23	233	6	78
FOLD	86	159	159	122337	122337	0	543763
RAIL	23	234	6	79
FOLD	87	161	161	123876	123876	0	548466
RAIL	107	149	6	80
FOLD	88	163	163	125415	125415	0	553693
RAIL	107	150	6	81
FOLD	89	165	165	126954	126954	0	563924
RAIL	24	232	6	82
FOLD	90	167	167	128493	128493	0	566986
RAIL	24	233	6	83
FOLD	91	169	169	130032	130032	0	572428
RAIL	106	150	6	84
FOLD	92	171	171	131571	131571	0	578889
RAIL	106	151	6	85
FOLD	93	173	173	133110	133110	0	591474
RAIL	25	231	6	86
FOLD	94	175	175	134649	134649	0	594057
RAIL	25	232	6	87
FOLD	95	177	177	136188	136188	0	599799
RAIL	105	151	6	88
FOLD	96	179	179	137727	137727	0	605315
RAIL	105	152	6	89
FOLD	97	181	181	139266	139266	0	615421
RAIL	26	230	6	90
FOLD	98	183	183	140805	140805	0	617980
RAIL	26	231	6	91
FOLD	99	185	185	142344	142344	0	623090
RAIL	104	152	6	92
FOLD	100	187	187	143883	143883	0	628362
RAIL	104	153	6	93
FOLD	101	189	189	145422	145422	0	640075
RAIL	27	229	6	94
FOLD	102	191	191	146961	146961	0	643203
RAIL	27	230	6	95
FOLD	103	193	193	148500	148500	0	649074
RAIL	103	153	6	96
FOLD	104	195	195	150039	150039	0	655406
RAIL	103	154	6	97
FOLD	105	197	197	151578	151578	0	665413
RAIL	28	228	6	98
FOLD	106	199	199	153117	153117	0	668583
RAIL	28	229	6	99
FOLD	107	201	201	154656	154656	0	674564
RAIL	102	154	6	100
FOLD	108	203	203	156195	156195	0	680062
RAIL	102	155	6	101
FOLD	109	205	205	157734	157734	0	693579
RAIL	29	227	6	102
FOLD	110	207	207	159273	159273	0	696815
RAIL	29	228	6	103
FOLD	111	209	209	160812	160812	0	702274
RAIL	101	155	6	104
FOLD	112	211	211	162351	162351	0	707367
RAIL	101	156	6	105
FOLD	113	213	213	163890	163890	0	718439
RAIL	30	226	6	106
FOLD	114	215	215	165429	165429	0	722541
RAIL	30	227	6	107
FOLD	115	217	217	166968	166968	0	728997
RAIL	100	156	6	108
FOLD	116	219	219	168507	168507	0	735532
RAIL	100	157	6	109
FOLD	117	221	221	170046	170046	0	745556
RAIL	31	225	6	110
FOLD	118	223	223	171585	171585	0	749121
RAIL	31	226	6	111
FOLD	119	225	225	173124	173124	0	755682
RAIL	99	157	6	112
FOLD	120	227	227	174663	174663	0	761550
RAIL	99	158	6	113
FOLD	121	229	229	176202	176202	0	772190
RAIL	32	224	6	114
FOLD	122	231	231	177741	177741	0	775109
RAIL	32	225	6	115
FOLD	123	233	233	179280	179280	0	781355
RAIL	98	158	6	116
FOLD	124	235	235	180819	180819	0	787412
RAIL	98	159	6	117
FOLD	125	237	237	182358	182358	0	799105
RAIL	33	223	6	118
FOLD	126	239	239	183897	183897	0	802623
RAIL	33	224	6	119
FOLD	127	241	241	185436	185436	0	809339
RAIL	97	159	6	120
FOLD	128	243	243	186975	186975	0	815155
RAIL	97	160	6	121
FOLD	129	245	245	188514	188514	0	825980
RAIL	34	222	6	122
FOLD	130	247	247	190053	190053	0	829288
RAIL	34	223	6	123
FOLD	131	249	249	191592	191592	0	835794
RAIL	96	160	6	124
FOLD	132	251	251	193131	193131	0	841612
RAIL	96	161	6	125
FOLD	133	253	253	194670	194670	0	853902
RAIL	35	221	6	126
FOLD	134	255	255	196209	196209	0	858744
RAIL	35	222	6	127
FOLD	135	257	257	197748	197748	0	865844
RAIL	95	161	6	128
FOLD	136	259	259	199287	199287	0	872012
RAIL	95	162	6	129
FOLD	137	261	261	200826	200826	0	884537
RAIL	36	220	6	130
FOLD	138	263	263	202365	202365	0	888298
RAIL	36	221	6	131
FOLD	139	265	265	203904	203904	0	895330
RAIL	94	162	6	132
FOLD	140	267	267	205443	205443	0	900326
RAIL	94	163	6	133
FOLD	141	269	269	206982	206982	0	909982
RAIL	37	219	6	134
FOLD	142	271	271	208521	208521	0	913124
RAIL	37	220	6	135
FOLD	143	273	273	210060	210060	0	919506
RAIL	93	163	6	136
FOLD	144	275	275	211599	211599	0	924560
RAIL	93	164	6	137
FOLD	145	277	277	213138	213138	0	934717
RAIL	38	218	6	138
FOLD	146	279	279	214677	214677	0	937966
RAIL	38	219	6	139
FOLD	147	281	281	216216	216216	0	944477
RAIL	92	164	6	140
FOLD	148	283	283	217755	217755	0	949480
RAIL	92	165	6	141
FOLD	149	285	285	219294	219294	0	960196
RAIL	39	217	6	142
FOLD	150	287	287	220833	220833	0	965525
RAIL	39	218	6	143
FOLD	151	289	289	222372	222372	0	972062
RAIL	91	165	6	144
FOLD	152	291	291	223911	223911	0	976997
RAIL	91	166	6	145
FOLD	153	293	293	225450	225450	0	986601
RAIL	40	216	6	146
FOLD	154	295	295	226989	226989	0	990180
RAIL	40	217	6	147
FOLD	155	297	297	228528	228528	0	997003
RAIL	90	166	6	148
FOLD	156	299	299	230067	230067	0	1002830
RAIL	90	167	6	149
FOLD	157	301	301	231606	231606	0	1014404
RAIL	41	215	6	150
FOLD	158	303	303	233145	233145	0	1018227
RAIL	41	216	6	151
FOLD	159	305	305	234684	234684	0	1026127
RAIL	89	167	6	152
FOLD	160	307	307	236223	236223	0	1031501
RAIL	89	168	6	153
FOLD	161	309	309	237762	237762	0	1042588
RAIL	42	214	6	154
FOLD	162	311	311	239301	239301	0	1046487
RAIL	42	215	6	155
FOLD	163	313	313	240840	240840	0	1053789
RAIL	88	168	6	156
FOLD	164	315	315	242379	242379	0	1059128
RAIL	88	169	6	157
FOLD	165	317	317	243918	243918	0	1070048
RAIL	43	213	6	158
FOLD	166	319	319	245457	245457	0	1074070
RAIL	43	214	6	159
FOLD	167	321	321	246996	246996	0	1081478
RAIL	87	169	6	160
FOLD	168	323	323	248535	248535	0	1086623
RAIL	87	170	6	161
FOLD	169	325	325	250074	250074	0	1096609
RAIL	44	212	6	162
FOLD	170	327	327	251613	251613	0	1100467
RAIL	44	213	6	163
FOLD	171	329	329	253152	253152	0	1107720
RAIL	86	170	6	164
FOLD	172	331	331	254691	254691	0	1112724
RAIL	86	171	6	165
FOLD	173	333	333	256230	256230	0	1122758
RAIL	45	211	6	166
FOLD	174	335	335	257769	257769	0	1126649
RAIL	45	212	6	167
FOLD	175	337	337	259308	259308	0	1133645
RAIL	85	171	6	168
FOLD	176	339	339	260847	260847	0	1138541
RAIL	85	172	6	169
FOLD	177	341	341	262386	262386	0	1147745
RAIL	46	210	6	170
FOLD	178	343	343	263925	263925	0	1151412
RAIL	46	211	6	171
FOLD	179	345	345	265464	265464	0	1158559
RAIL	84	172	6	172
FOLD	180	347	347	267003	267003	0	1163343
RAIL	84	173	6	173
FOLD	181	349	349	268542	268542	0	1172626
RAIL	47	209	6	174
FOLD	182	351	351	270081	270081	0	1176249
RAIL	47	210	6	175
FOLD	183	353	353	271620	271620	0	1183968
RAIL	83	173	6	176
FOLD	184	355	355	273159	273159	0	1188885
RAIL	83	174	6	177
FOLD	185	357	357	274698	274698	0	1198763
RAIL	48	208	6	178
FOLD	186	359	359	276237	276237	0	1202364
RAIL	48	209	6	179
FOLD	187	361	361	277776	277776	0	1209779
RAIL	82	174	6	180
FOLD	188	363	363	279315	279315	0	1214766
RAIL	82	175	6	181
FOLD	189	365	365	280854	280854	0	1224132
RAIL	49	207	6	182
FOLD	190	367	367	282393	282393	0	1229261
RAIL	49	208	6	183
FOLD	191	369	369	283932	283932	0	1236738
RAIL	81	175	6	184
FOLD	192	371	371	285471	285471	0	1241790
RAIL	81	176	6	185
FOLD	193	373	373	287010	287010	0	1251314
RAIL	50	206	6	186
FOLD	194	375	375	288549	288549	0	1255095
RAIL	50	207	6	187
FOLD	195	377	377	290088	290088	0	1262513
RAIL	80	176	6	188
FOLD	196	379	379	291627	291627	0	1267298
RAIL	80	177	6	189
FOLD	197	381	381	293166	293166	0	1276385
RAIL	51	205	6	190
FOLD	198	383	383	294705	294705	0	1280075
RAIL	51	206	6	191
FOLD	199	385	385	296244	296244	0	1287100
RAIL	79	177	6	192
FOLD	200	387	387	297783	297783	0	1291538
RAIL	79	178	6	193
FOLD	201	389	389	299322	299322	0	1300286
RAIL	52	204	6	194
FOLD	202	391	391	300861	300861	0	1304011
RAIL	52	205	6	195
FOLD	203	393	393	302400	302400	0	1311137
RAIL	78	178	6	196
FOLD	204	395	395	303939	303939	0	1315508
RAIL	78	179	6	197
FOLD	205	397	397	305478	305478	0	1324300
RAIL	53	203	6	198
FOLD	206	399	399	307017	307017	0	1328138
RAIL	53	204	6	199
FOLD	207	401	401	308556	308556	0	1335339
RAIL	77	179	6	200
FOLD	208	403	403	310095	310095	0	1339654
RAIL	77	180	6	201
FOLD	209	405	405	311634	311634	0	1348372
RAIL	54	202	6	202
FOLD	210	407	407	313173	313173	0	1352161
RAIL	54	203	6	203
FOLD	211	409	409	314712	314712	0	1359450
RAIL	76	180	6	204
FOLD	212	411	411	316251	316251	0	1363838
RAIL	76	181	6	205
FOLD	213	413	413	317790	317790	0	1372652
RAIL	55	201	6	206
FOLD	214	415	415	319329	319329	0	1376496
RAIL	55	202	6	207
FOLD	215	417	417	320868	320868	0	1383946
RAIL	75	181	6	208
FOLD	216	419	419	322407	322407	0	1388402
RAIL	75	182	6	209
FOLD	217	421	421	323946	323946	0	1397000
RAIL	56	200	6	210
FOLD	218	423	423	325485	325485	0	1400979
RAIL	56	201	6	211
FOLD	219	425	425	327024	327024	0	1408570
RAIL	74	182	6	212
FOLD	220	427	427	328563	328563	0	1412936
RAIL	74	183	6	213
FOLD	221	429	429	330102	330102	0	1421935
RAIL	57	199	6	214
FOLD	222	431	431	331641	331641	0	1425749
RAIL	57	200	6	215
FOLD	223	433	433	333180	333180	0	1433459
RAIL	73	183	6	216
FOLD	224	435	435	334719	334719	0	1437752
RAIL	73	184	6	217
FOLD	225	437	437	336258	336258	0	1446679
RAIL	58	198	6	218
FOLD	226	439	439	337797	337797	0	1450673
RAIL	58	199	6	219
FOLD	227	441	441	339336	339336	0	1458238
RAIL	72	184	6	220
FOLD	228	443	443	340875	340875	0	1462547
RAIL	72	185	6	221
FOLD	229	445	445	342414	342414	0	1471024
RAIL	59	197	6	222
FOLD	230	447	447	343953	343953	0	1475103
RAIL	59	198	6	223
FOLD	231	449	449	345492	345492	0	1482777
RAIL	71	185	6	224
FOLD	232	451	451	347031	347031	0	1487092
RAIL	71	186	6	225
FOLD	233	453	453	348570	348570	0	1497801
RAIL	60	196	6	226
FOLD	234	455	455	350109	350109	0	1501673
RAIL	60	197	6	227
FOLD	235	457	457	351648	351648	0	1509308
RAIL	70	186	6	228
FOLD	236	459	459	353187	353187	0	1513554
RAIL	70	187	6	229
FOLD	237	461	461	354726	354726	0	1521930
RAIL	61	195	6	230
FOLD	238	463	463	356265	356265	0	1526137
RAIL	61	196	6	231
FOLD	239	465	465	357804	357804	0	1533888
RAIL	69	187	6	232
FOLD	240	467	467	359343	359343	0	1538069
RAIL	69	188	6	233
FOLD	241	469	469	360882	360882	0	1546466
RAIL	62	194	6	234
FOLD	242	471	471	362421	362421	0	1550470
RAIL	62	195	6	235
FOLD	243	473	473	363960	363960	0	1560621
RAIL	68	188	6	236
FOLD	244	475	475	365499	365499	0	1564856
RAIL	68	189	6	237
FOLD	245	477	477	367038	367038	0	1573166
RAIL	63	193	6	238
FOLD	246	479	479	368577	368577	0	1577274
RAIL	63	194	6	239
FOLD	247	481	481	370116	370116	0	1585923
RAIL	67	189	6	240
FOLD	248	483	483	371655	371655	0	1590263
RAIL	67	190	6	241
FOLD	249	485	485	373194	373194	0	1598552
RAIL	64	192	6	242
FOLD	250	487	487	374733	374733	0	1603021
RAIL	64	193	6	243
FOLD	251	489	489	376272	376272	0	1611714
RAIL	66	190	6	244
FOLD	252	491	491	377811	377811	0	1615878
RAIL	66	191	6	245
FOLD	253	493	493	379350	379350	0	1624399
RAIL	65	191	6	246
FOLD	254	495	495	380889	380889	0	1628580
RAIL	65	192	6	247
FOLD	255	496	496	381660	381660	0	1636862
RAIL	128	128	6	248
FOLD	256	497	497	382428	382428	0	1646817
RAIL	128	128	6	249
FOLD	257	498	498	383196	383196	0	1656996
RAIL	128	128	6	250
FOLD	258	499	499	383964	383964	0	1667016
RAIL	128	128	6	251
FOLD	259	500	500	384732	384732	0	1676880
RAIL	128	129	6	252
FOLD	260	501	501	385503	385503	0	1687069
RAIL	128	128	6	253
FOLD	261	502	502	386271	386271	0	1696975
RAIL	3	253	6	254
FOLD	264	503	503	387039	387039	0	1719706
RAIL	127	129	7	256
FOLD	265	504	504	387807	387807	0	1730503
RAIL	128	128	7	257
FOLD	266	505	505	388575	388575	0	1741304
RAIL	127	130	7	258
FOLD	267	506	506	389346	389346	0	1752048
RAIL	128	128	7	259
FOLD	268	507	507	390114	390114	0	1762929
RAIL	4	252	7	260
FOLD	271	508	508	390882	390882	0	1784360
RAIL	126	130	8	262
FOLD	272	509	509	391650	391650	0	1795079
RAIL	128	128	8	263
FOLD	273	510	510	392418	392418	0	1805745
RAIL	126	131	8	264
FOLD	274	511	511	393189	393189	0	1816375
RAIL	128	128	8	265
FOLD	275	512	512	393957	393957	0	1826478
RAIL	5	251	8	266
FOLD	276	513	513	394725	394725	0	1829222
RAIL	128	128	8	267
FOLD	277	514	514	395493	395493	0	1840145
RAIL	128	128	8	268
FOLD	278	515	515	396261	396261	0	1850076
RAIL	125	131	8	269
FOLD	279	516	516	397029	397029	0	1860719
RAIL	128	128	8	270
FOLD	280	517	517	397797	397797	0	1870631
RAIL	125	132	8	271
FOLD	281	518	518	398568	398568	0	1880729
RAIL	128	128	8	272
FOLD	282	519	519	399336	399336	0	1890724
RAIL	6	250	8	273
FOLD	283	520	520	400104	400104	0	1893726
RAIL	128	128	8	274
FOLD	284	521	521	400872	400872	0	1904077
RAIL	128	128	8	275
FOLD	285	522	522	401640	401640	0	1914228
RAIL	124	132	8	276
FOLD	286	523	523	402408	402408	0	1924373
RAIL	128	128	8	277
FOLD	287	524	524	403176	403176	0	1934613
RAIL	124	133	8	278
FOLD	288	525	525	403947	403947	0	1944849
RAIL	128	128	8	279
FOLD	289	526	526	404715	404715	0	1955446
RAIL	7	249	8	280
FOLD	290	527	527	405483	405483	0	1958723
RAIL	128	128	8	281
FOLD	291	528	528	406251	406251	0	1969007
RAIL	7	250	8	282
FOLD	294	529	529	407016	407016	0	1993194
RAIL	128	128	9	284
FOLD	295	530	530	407784	407784	0	2006616
RAIL	123	134	9	285
FOLD	296	531	531	408555	408555	0	2016545
RAIL	128	128	9	286
FOLD	297	532	532	409323	409323	0	2026315
RAIL	8	248	9	287
FOLD	298	533	533	410091	410091	0	2029809
RAIL	128	128	9	288
FOLD	299	534	534	410859	410859	0	2039638
RAIL	8	249	9	289
FOLD	300	535	535	411630	411630	0	2042640
RAIL	128	128	9	290
FOLD	301	536	536	412398	412398	0	2052798
RAIL	122	134	9	291
FOLD	302	537	537	413166	413166	0	2064928
RAIL	128	128	9	292
FOLD	303	538	538	413934	413934	0	2076351
RAIL	122	135	9	293
FOLD	304	539	539	414705	414705	0	2089385
RAIL	128	128	9	294
FOLD	305	540	540	415473	415473	0	2100885
RAIL	9	247	9	295
FOLD	306	541	541	416241	416241	0	2105167
RAIL	128	128	9	296
FOLD	307	542	542	417009	417009	0	2115927
RAIL	9	248	9	297
FOLD	308	543	543	417780	417780	0	2118994
RAIL	128	128	9	298
FOLD	309	544	544	418548	418548	0	2129452
RAIL	121	135	9	299
FOLD	310	545	545	419316	419316	0	2142819
RAIL	128	128	9	300
FOLD	311	546	546	420084	420084	0	2154576
RAIL	121	136	9	301
FOLD	312	547	547	420855	420855	0	2164350
RAIL	128	128	9	302
FOLD	313	548	548	421623	421623	0	2176374
RAIL	10	246	9	303
FOLD	314	549	549	422391	422391	0	2180036
RAIL	128	128	9	304
FOLD	315	550	550	423159	423159	0	2192489
RAIL	10	247	9	305
FOLD	316	551	551	423930	423930	0	2198508
RAIL	128	128	9	306
FOLD	317	552	552	424698	424698	0	2210385
RAIL	120	136	9	307
FOLD	318	553	553	425466	425466	0	2222330
RAIL	128	128	9	308
FOLD	319	554	554	426234	426234	0	2236041
RAIL	120	137	9	309
FOLD	320	555	555	427005	427005	0	2252425
RAIL	128	128	9	310
FOLD	321	556	556	427773	427773	0	2266499
RAIL	11	245	9	311
FOLD	322	557	557	428541	428541	0	2272347
RAIL	128	128	9	312
FOLD	323	558	558	429309	429309	0	2286814
RAIL	11	246	9	313
FOLD	324	559	559	430080	430080	0	2290432
RAIL	128	128	9	314
FOLD	325	560	560	430848	430848	0	2302455
RAIL	119	137	9	315
FOLD	326	561	561	431616	431616	0	2312647
RAIL	128	128	9	316
FOLD	327	562	562	432384	432384	0	2324153
RAIL	119	138	9	317
FOLD	328	563	563	433155	433155	0	2333928
RAIL	128	128	9	318
FOLD	329	564	564	433923	433923	0	2343756
RAIL	12	244	9	319
FOLD	330	565	565	434691	434691	0	2347452
RAIL	128	128	9	320
FOLD	331	566	566	435459	435459	0	2357630
RAIL	12	245	9	321
FOLD	332	567	567	436230	436230	0	2361045
RAIL	128	128	9	322
FOLD	333	568	568	436998	436998	0	2371593
RAIL	118	138	9	323
FOLD	334	569	569	437766	437766	0	2382022
RAIL	128	128	9	324
FOLD	335	570	570	438534	438534	0	2392494
RAIL	118	139	9	325
FOLD	336	571	571	439305	439305	0	2402772
RAIL	128	128	9	326
FOLD	337	572	572	440073	440073	0	2413169
RAIL	13	243	9	327
FOLD	338	573	573	440841	440841	0	2416986
RAIL	128	128	9	328
FOLD	339	574	574	441609	441609	0	2427770
RAIL	13	244	9	329
FOLD	340	575	575	442380	442380	0	2431371
RAIL	128	128	9	330
FOLD	341	576	576	443148	443148	0	2441434
RAIL	117	139	9	331
FOLD	342	577	577	443916	443916	0	2452371
RAIL	128	128	9	332
FOLD	343	578	578	444684	444684	0	2462408
RAIL	117	140	9	333
FOLD	344	579	579	445455	445455	0	2473951
RAIL	128	128	9	334
FOLD	345	580	580	446223	446223	0	2487574
RAIL	14	242	9	335
FOLD	346	581	581	446991	446991	0	2491884
RAIL	128	128	9	336
FOLD	347	582	582	447759	447759	0	2502235
RAIL	14	243	9	337
FOLD	348	583	583	448530	448530	0	2506237
RAIL	128	128	9	338
FOLD	349	584	584	449298	449298	0	2516279
RAIL	116	140	9	339
FOLD	350	585	585	450066	450066	0	2528695
RAIL	128	128	9	340
FOLD	351	586	586	450834	450834	0	2539382
RAIL	116	141	9	341
FOLD	352	587	587	451605	451605	0	2549343
RAIL	128	128	9	342
FOLD	353	588	588	452373	452373	0	2567409
RAIL	15	241	9	343
FOLD	354	589	589	453141	453141	0	2572525
RAIL	128	128	9	344
FOLD	355	590	590	453909	453909	0	2584005
RAIL	15	242	9	345
FOLD	356	591	591	454680	454680	0	2588072
RAIL	128	128	9	346
FOLD	357	592	592	455448	455448	0	2599528
RAIL	115	141	9	347
FOLD	358	593	593	456216	456216	0	2611847
RAIL	128	128	9	348
FOLD	359	594	594	456984	456984	0	2624216
RAIL	115	142	9	349
FOLD	360	595	595	457755	457755	0	2634019
RAIL	128	128	9	350
FOLD	361	596	596	458523	458523	0	2644164
RAIL	16	240	9	351
FOLD	362	597	597	459291	459291	0	2648500
RAIL	128	128	9	352
FOLD	363	598	598	460059	460059	0	2658648
RAIL	16	241	9	353
FOLD	364	599	599	460830	460830	0	2662383
RAIL	128	128	9	354
FOLD	365	600	600	461598	461598	0	2676214
RAIL	114	142	9	355
FOLD	366	601	601	462366	462366	0	2686244
RAIL	128	128	9	356
FOLD	367	602	602	463134	463134	0	2696540
RAIL	114	143	9	357
FOLD	368	603	603	463905	463905	0	2706340
RAIL	128	128	9	358
FOLD	369	604	604	464673	464673	0	2716489
RAIL	17	239	9	359
FOLD	370	605	605	465441	465441	0	2721543
RAIL	128	128	9	360
FOLD	371	606	606	466209	466209	0	2737080
RAIL	17	240	9	361
FOLD	372	607	607	466980	466980	0	2743828
RAIL	128	128	9	362
FOLD	373	608	608	467748	467748	0	2757287
RAIL	113	143	9	363
FOLD	374	609	609	468516	468516	0	2767242
RAIL	128	128	9	364
FOLD	375	610	610	469284	469284	0	2777349
RAIL	113	144	9	365
FOLD	376	611	611	470055	470055	0	2787535
RAIL	128	128	9	366
FOLD	377	612	612	470823	470823	0	2797601
RAIL	18	238	9	367
FOLD	378	613	613	471591	471591	0	2801946
RAIL	128	128	9	368
FOLD	379	614	614	472359	472359	0	2812413
RAIL	18	239	9	369
FOLD	380	615	615	473130	473130	0	2816741
RAIL	128	128	9	370
FOLD	381	616	616	473898	473898	0	2826352
RAIL	112	144	9	371
FOLD	382	617	617	474666	474666	0	2836720
RAIL	128	128	9	372
FOLD	383	618	618	475434	475434	0	2846928
RAIL	112	145	9	373
FOLD	384	619	619	476205	476205	0	2858381
RAIL	128	128	9	374
FOLD	385	620	620	476973	476973	0	2868105
RAIL	19	237	9	375
FOLD	386	621	621	477741	477741	0	2872698
RAIL	128	128	9	376
FOLD	387	622	622	478509	478509	0	2882668
RAIL	19	238	9	377
FOLD	388	623	623	479280	479280	0	2887013
RAIL	128	128	9	378
FOLD	389	624	624	480048	480048	0	2897079
RAIL	111	145	9	379
FOLD	390	625	625	480816	480816	0	2908702
RAIL	128	128	9	380
FOLD	391	626	626	481584	481584	0	2918524
RAIL	111	146	9	381
FOLD	392	627	627	482355	482355	0	2928417
RAIL	128	128	9	382
FOLD	393	628	628	483123	483123	0	2940323
RAIL	20	236	9	383
FOLD	394	629	629	483891	483891	0	2945283
RAIL	128	128	9	384
FOLD	395	630	630	484659	484659	0	2955797
RAIL	20	237	9	385
FOLD	396	631	631	485430	485430	0	2960514
RAIL	128	128	9	386
FOLD	397	632	632	486198	486198	0	2975501
RAIL	110	146	9	387
FOLD	398	633	633	486966	486966	0	2986809
RAIL	128	128	9	388
FOLD	399	634	634	487734	487734	0	3000505
RAIL	110	147	9	389
FOLD	400	635	635	488505	488505	0	3015217
RAIL	128	128	9	390
FOLD	401	636	636	489273	489273	0	3033534
RAIL	21	235	9	391
FOLD	402	637	637	490041	490041	0	3042109
RAIL	128	128	9	392
FOLD	403	638	638	490809	490809	0	3054680
RAIL	21	236	9	393
FOLD	404	639	639	491580	491580	0	3059313
RAIL	128	128	9	394
FOLD	405	640	640	492348	492348	0	3069954
RAIL	109	147	9	395
FOLD	406	641	641	493116	493116	0	3080322
RAIL	128	128	9	396
FOLD	407	642	642	493884	493884	0	3090278
RAIL	109	148	9	397
FOLD	408	643	643	494655	494655	0	3100220
RAIL	128	128	9	398
FOLD	409	644	644	495423	495423	0	3110651
RAIL	22	234	9	399
FOLD	410	645	645	496191	496191	0	3115498
RAIL	128	128	9	400
FOLD	411	646	646	496959	496959	0	3126012
RAIL	22	235	9	401
FOLD	412	647	647	497730	497730	0	3130854
RAIL	128	128	9	402
FOLD	413	648	648	498498	498498	0	3141543
RAIL	108	148	9	403
FOLD	414	649	649	499266	499266	0	3151307
RAIL	128	128	9	404
FOLD	415	650	650	500034	500034	0	3161406
RAIL	108	149	9	405
FOLD	416	651	651	500805	500805	0	3170786
RAIL	128	128	9	406
FOLD	417	652	652	501573	501573	0	3180883
RAIL	23	233	9	407
FOLD	418	653	653	502341	502341	0	3186211
RAIL	128	128	9	408
FOLD	419	654	654	503109	503109	0	3196387
RAIL	23	234	9	409
FOLD	420	655	655	503880	503880	0	3201124
RAIL	128	128	9	410
FOLD	421	656	656	504648	504648	0	3212024
RAIL	107	149	9	411
FOLD	422	657	657	505416	505416	0	3221821
RAIL	128	128	9	412
FOLD	423	658	658	506184	506184	0	3232339
RAIL	107	150	9	413
FOLD	424	659	659	506955	506955	0	3242776
RAIL	128	128	9	414
FOLD	425	660	660	507723	507723	0	3253412
RAIL	24	232	9	415
FOLD	426	661	661	508491	508491	0	3259006
RAIL	128	128	9	416
FOLD	427	662	662	509259	509259	0	3269617
RAIL	24	233	9	417
FOLD	428	663	663	510030	510030	0	3274637
RAIL	128	128	9	418
FOLD	429	664	664	510798	510798	0	3285036
RAIL	106	150	9	419
FOLD	430	665	665	511566	511566	0	3295762
RAIL	128	128	9	420
FOLD	431	666	666	512334	512334	0	3305690
RAIL	106	151	9	421
FOLD	432	667	667	513105	513105	0	3316697
RAIL	128	128	9	422
FOLD	433	668	668	513873	513873	0	3326684
RAIL	25	231	9	423
FOLD	434	669	669	514641	514641	0	3332159
RAIL	128	128	9	424
FOLD	435	670	670	515409	515409	0	3342036
RAIL	25	232	9	425
FOLD	436	671	671	516180	516180	0	3347221
RAIL	128	128	9	426
FOLD	437	672	672	516948	516948	0	3357736
RAIL	105	151	9	427
FOLD	438	673	673	517716	517716	0	3371629
RAIL	128	128	9	428
FOLD	439	674	674	518484	518484	0	3382353
RAIL	105	152	9	429
FOLD	440	675	675	519255	519255	0	3393521
RAIL	128	128	9	430
FOLD	441	676	676	520023	520023	0	3404596
RAIL	26	230	9	431
FOLD	442	677	677	520791	520791	0	3412524
RAIL	128	128	9	432
FOLD	443	678	678	521559	521559	0	3423578
RAIL	26	231	9	433
FOLD	444	679	679	522330	522330	0	3428484
RAIL	128	128	9	434
FOLD	445	680	680	523098	523098	0	3444675
RAIL	104	152	9	435
FOLD	446	681	681	523866	523866	0	3457495
RAIL	128	128	9	436
FOLD	447	682	682	524634	524634	0	3472753
RAIL	104	153	9	437
FOLD	448	683	683	525405	525405	0	3483164
RAIL	128	128	9	438
FOLD	449	684	684	526173	526173	0	3494298
RAIL	27	229	9	439
FOLD	450	685	685	526941	526941	0	3501994
RAIL	128	128	9	440
FOLD	451	686	686	527709	527709	0	3513631
RAIL	27	230	9	441
FOLD	452	687	687	528480	528480	0	3519010
RAIL	128	128	9	442
FOLD	453	688	688	529248	529248	0	3530685
RAIL	103	153	9	443
FOLD	454	689	689	530016	530016	0	3543257
RAIL	128	128	9	444
FOLD	455	690	690	530784	530784	0	3554420
RAIL	103	154	9	445
FOLD	456	691	691	531555	531555	0	3563796
RAIL	128	128	9	446
FOLD	457	692	692	532323	532323	0	3575188
RAIL	28	228	9	447
FOLD	458	693	693	533091	533091	0	3583230
RAIL	128	128	9	448
FOLD	459	694	694	533859	533859	0	3594635
RAIL	28	229	9	449
FOLD	460	695	695	534630	534630	0	3600016
RAIL	128	128	9	450
FOLD	461	696	696	535398	535398	0	3610412
RAIL	102	154	9	451
FOLD	462	697	697	536166	536166	0	3619985
RAIL	128	128	9	452
FOLD	463	698	698	536934	536934	0	3630552
RAIL	102	155	9	453
FOLD	464	699	699	537705	537705	0	3639805
RAIL	128	128	9	454
FOLD	465	700	700	538473	538473	0	3650734
RAIL	29	227	9	455
FOLD	466	701	701	539241	539241	0	3655693
RAIL	128	128	9	456
FOLD	467	702	702	540009	540009	0	3666770
RAIL	29	228	9	457
FOLD	468	703	703	540780	540780	0	3673614
RAIL	128	128	9	458
FOLD	469	704	704	541548	541548	0	3685292
RAIL	101	155	9	459
FOLD	470	705	705	542316	542316	0	3695036
RAIL	128	128	9	460
FOLD	471	706	706	543084	543084	0	3707119
RAIL	101	156	9	461
FOLD	472	707	707	543855	543855	0	3720090
RAIL	128	128	9	462
FOLD	473	708	708	544623	544623	0	3732494
RAIL	30	226	9	463
FOLD	474	709	709	545391	545391	0	3738902
RAIL	128	128	9	464
FOLD	475	710	710	546159	546159	0	3751575
RAIL	30	227	9	465
FOLD	476	711	711	546930	546930	0	3760135
RAIL	128	128	9	466
FOLD	477	712	712	547698	547698	0	3772873
RAIL	100	156	9	467
FOLD	478	713	713	548466	548466	0	3785862
RAIL	128	128	9	468
FOLD	479	714	714	549234	549234	0	3801266
RAIL	100	157	9	469
FOLD	480	715	715	550005	550005	0	3815920
RAIL	128	128	9	470
FOLD	481	716	716	550773	550773	0	3828481
RAIL	31	225	9	471
FOLD	482	717	717	551541	551541	0	3835360
RAIL	128	128	9	472
FOLD	483	718	718	552309	552309	0	3853741
RAIL	31	226	9	473
FOLD	484	719	719	553080	553080	0	3861923
RAIL	128	128	9	474
FOLD	485	720	720	553848	553848	0	3874127
RAIL	99	157	9	475
FOLD	486	721	721	554616	554616	0	3886059
RAIL	128	128	9	476
FOLD	487	722	722	555384	555384	0	3902581
RAIL	99	158	9	477
FOLD	488	723	723	556155	556155	0	3916357
RAIL	128	128	9	478
FOLD	489	724	724	556923	556923	0	3930651
RAIL	32	224	9	479
FOLD	490	725	725	557691	557691	0	3937167
RAIL	128	128	9	480
FOLD	495	726	726	558462	558462	0	3995569
RAIL	98	159	11	483
FOLD	496	727	727	559233	559233	0	4007911
RAIL	128	128	11	484
FOLD	501	728	728	560004	560004	0	4060604
RAIL	97	159	13	487
FOLD	502	729	729	560772	560772	0	4071163
RAIL	128	128	13	488
FOLD	503	730	730	561540	561540	0	4082875
RAIL	97	160	13	489
FOLD	504	731	731	562311	562311	0	4096300
RAIL	128	128	13	490
FOLD	509	732	732	563082	563082	0	4149254
RAIL	96	160	15	493
FOLD	510	733	733	563850	563850	0	4159911
RAIL	128	128	15	494
FOLD	511	734	734	564618	564618	0	4178332
RAIL	96	161	15	495
FOLD	512	735	735	565389	565389	0	4192385
RAIL	128	128	15	496
FOLD	517	736	736	566160	566160	0	4216457
RAIL	95	161	17	499
FOLD	518	737	737	566928	566928	0	4227957
RAIL	128	128	17	500
FOLD	523	738	738	567699	567699	0	4260211
RAIL	36	221	19	503
FOLD	524	739	739	568470	568470	0	4270100
RAIL	128	128	19	504
FOLD	525	740	740	569238	569238	0	4283059
RAIL	94	162	19	505
FOLD	526	741	741	570006	570006	0	4294345
RAIL	128	128	19	506
FOLD	527	742	742	570774	570774	0	4306464
RAIL	94	163	19	507
FOLD	528	743	743	571545	571545	0	4317165
RAIL	128	128	19	508
FOLD	533	744	744	572316	572316	0	4374750
RAIL	93	163	21	511
FOLD	534	745	745	573084	573084	0	4385542
RAIL	128	128	21	512
FOLD	539	746	746	573855	573855	0	4438640
RAIL	38	219	23	515
FOLD	540	747	747	574626	574626	0	4444429
RAIL	128	128	23	516
FOLD	541	748	748	575394	575394	0	4455714
RAIL	92	164	23	517
FOLD	542	749	749	576162	576162	0	4465616
RAIL	128	128	23	518
FOLD	547	750	750	576933	576933	0	4517163
RAIL	39	218	25	521
FOLD	548	751	751	577704	577704	0	4523093
RAIL	128	128	25	522
FOLD	549	752	752	578472	578472	0	4545459
RAIL	91	165	25	523
FOLD	550	753	753	579240	579240	0	4555518
RAIL	128	128	25	524
FOLD	555	754	754	580011	580011	0	4582590
RAIL	40	217	27	527
FOLD	556	755	755	580782	580782	0	4588595
RAIL	128	128	27	528
FOLD	561	756	756	581553	581553	0	4626051
RAIL	41	215	29	531
FOLD	562	757	757	582321	582321	0	4636149
RAIL	128	128	29	532
FOLD	563	758	758	583089	583089	0	4647653
RAIL	41	216	29	533
FOLD	564	759	759	583860	583860	0	4655376
RAIL	128	128	29	534
FOLD	565	760	760	584628	584628	0	4673455
RAIL	89	167	29	535
FOLD	566	761	761	585396	585396	0	4683643
RAIL	128	128	29	536
FOLD	567	762	762	586164	586164	0	4705338
RAIL	89	168	29	537
FOLD	568	763	763	586935	586935	0	4715730
RAIL	128	128	29	538
FOLD	573	764	764	587706	587706	0	4776566
RAIL	88	168	31	541
FOLD	574	765	765	588474	588474	0	4786590
RAIL	128	128	31	542
FOLD	579	766	766	589245	589245	0	4843410
RAIL	43	214	33	545
FOLD	580	767	767	590016	590016	0	4850017
RAIL	128	128	33	546
FOLD	581	768	768	590784	590784	0	4864449
RAIL	87	169	33	547
FOLD	582	769	769	591552	591552	0	4874870
RAIL	128	128	33	548
FOLD	587	770	770	592323	592323	0	4932652
RAIL	44	213	35	551
FOLD	588	771	771	593094	593094	0	4939777
RAIL	128	128	35	552
FOLD	589	772	772	593862	593862	0	4956993
RAIL	86	170	35	553
FOLD	590	773	773	594630	594630	0	4967673
RAIL	128	128	35	554
FOLD	595	774	774	595401	595401	0	4996619
RAIL	45	212	37	557
FOLD	596	775	775	596172	596172	0	5003363
RAIL	128	128	37	558
FOLD	601	776	776	596943	596943	0	5037040
RAIL	46	210	39	561
FOLD	602	777	777	597711	597711	0	5044073
RAIL	128	128	39	562
FOLD	603	778	778	598479	598479	0	5056976
RAIL	46	211	39	563
FOLD	604	779	779	599250	599250	0	5063682
RAIL	128	128	39	564
FOLD	605	780	780	600018	600018	0	5075777
RAIL	84	172	39	565
FOLD	606	781	781	600786	600786	0	5086011
RAIL	128	128	39	566
FOLD	611	782	782	601557	601557	0	5140828
RAIL	47	210	41	569
FOLD	612	783	783	602328	602328	0	5148158
RAIL	128	128	41	570
FOLD	617	784	784	603099	603099	0	5201865
RAIL	48	208	43	573
FOLD	618	785	785	603867	603867	0	5209432
RAIL	128	128	43	574
FOLD	619	786	786	604635	604635	0	5220664
RAIL	48	209	43	575
FOLD	620	787	787	605406	605406	0	5228035
RAIL	128	128	43	576
FOLD	625	788	788	606177	606177	0	5285565
RAIL	49	207	45	579
FOLD	626	789	789	606945	606945	0	5293228
RAIL	128	128	45	580
FOLD	629	790	790	607716	607716	0	5324188
RAIL	81	175	46	582
FOLD	630	791	791	608484	608484	0	5333997
RAIL	128	128	46	583
FOLD	635	792	792	609255	609255	0	5363417
RAIL	50	207	48	586
FOLD	636	793	793	610026	610026	0	5371104
RAIL	128	128	48	587
FOLD	637	794	794	610794	610794	0	5387940
RAIL	80	176	48	588
FOLD	638	795	795	611562	611562	0	5398438
RAIL	128	128	48	589
FOLD	639	796	796	612330	612330	0	5409864
RAIL	80	177	48	590
FOLD	640	797	797	613101	613101	0	5420112
RAIL	128	128	48	591
FOLD	641	798	798	613869	613869	0	5431648
RAIL	51	205	48	592
FOLD	642	799	799	614637	614637	0	5439391
RAIL	128	128	48	593
FOLD	643	800	800	615405	615405	0	5450975
RAIL	51	206	48	594
FOLD	644	801	801	616176	616176	0	5458527
RAIL	128	128	48	595
FOLD	649	802	802	616947	616947	0	5514241
RAIL	52	204	50	598
FOLD	650	803	803	617715	617715	0	5522056
RAIL	128	128	50	599
FOLD	655	804	804	618486	618486	0	5580641
RAIL	78	179	52	602
FOLD	656	805	805	619257	619257	0	5591820
RAIL	128	128	52	603
FOLD	657	806	806	620025	620025	0	5605002
RAIL	53	203	52	604
FOLD	658	807	807	620793	620793	0	5613336
RAIL	128	128	52	605
FOLD	661	808	808	621564	621564	0	5658319
RAIL	77	179	53	607
FOLD	662	809	809	622332	622332	0	5669982
RAIL	128	128	53	608
FOLD	667	810	810	623103	623103	0	5698400
RAIL	54	203	55	611
FOLD	668	811	811	623874	623874	0	5705911
RAIL	128	128	55	612
FOLD	673	812	812	624645	624645	0	5757610
RAIL	55	201	57	615
FOLD	674	813	813	625413	625413	0	5766560
RAIL	128	128	57	616
FOLD	675	814	814	626181	626181	0	5780260
RAIL	55	202	57	617
FOLD	676	815	815	626952	626952	0	5788282
RAIL	128	128	57	618
FOLD	677	816	816	627720	627720	0	5800028
RAIL	75	181	57	619
FOLD	678	817	817	628488	628488	0	5809546
RAIL	128	128	57	620
FOLD	683	818	818	629259	629259	0	5868118
RAIL	56	201	59	623
FOLD	684	819	819	630030	630030	0	5876169
RAIL	128	128	59	624
FOLD	689	820	820	630801	630801	0	5927275
RAIL	57	199	61	627
FOLD	690	821	821	631569	631569	0	5939999
RAIL	128	128	61	628
FOLD	691	822	822	632337	632337	0	5951910
RAIL	57	200	61	629
FOLD	692	823	823	633108	633108	0	5959859
RAIL	128	128	61	630
FOLD	697	824	824	633879	633879	0	6017159
RAIL	58	198	63	633
FOLD	698	825	825	634647	634647	0	6025546
RAIL	128	128	63	634
FOLD	703	826	826	635418	635418	0	6071420
RAIL	72	185	65	637
FOLD	704	827	827	636189	636189	0	6080702
RAIL	128	128	65	638
FOLD	705	828	828	636957	636957	0	6092851
RAIL	59	197	65	639
FOLD	706	829	829	637725	637725	0	6101224
RAIL	128	128	65	640
FOLD	707	830	830	638493	638493	0	6113807
RAIL	59	198	65	641
FOLD	708	831	831	639264	639264	0	6122495
RAIL	128	128	65	642
FOLD	709	832	832	640032	640032	0	6133857
RAIL	71	185	65	643
FOLD	710	833	833	640800	640800	0	6142826
RAIL	128	128	65	644
FOLD	715	834	834	641571	641571	0	6205935
RAIL	60	197	67	647
FOLD	716	835	835	642342	642342	0	6216672
RAIL	128	128	67	648
FOLD	721	836	836	643113	643113	0	6269444
RAIL	61	195	69	651
FOLD	722	837	837	643881	643881	0	6278251
RAIL	128	128	69	652
FOLD	723	838	838	644649	644649	0	6289358
RAIL	61	196	69	653
FOLD	724	839	839	645420	645420	0	6297546
RAIL	128	128	69	654
FOLD	727	840	840	646188	646188	0	6336719
RAIL	69	188	70	656
FOLD	728	841	841	646959	646959	0	6345965
RAIL	128	128	70	657
FOLD	733	842	842	647730	647730	0	6379962
RAIL	68	188	72	660
FOLD	734	843	843	648498	648498	0	6397027
RAIL	128	128	72	661
FOLD	737	844	844	649269	649269	0	6431424
RAIL	63	193	73	663
FOLD	738	845	845	650037	650037	0	6440105
RAIL	128	128	73	664
FOLD	743	846	846	650808	650808	0	6474390
RAIL	67	190	75	667
FOLD	744	847	847	651579	651579	0	6483137
RAIL	128	128	75	668
FOLD	745	848	848	652347	652347	0	6494831
RAIL	64	192	75	669
FOLD	746	849	849	653115	653115	0	6503431
RAIL	128	128	75	670
FOLD	747	850	850	653883	653883	0	6514396
RAIL	64	193	75	671
FOLD	748	851	851	654654	654654	0	6523811
RAIL	128	128	75	672
FOLD	753	852	852	655425	655425	0	6579418
RAIL	65	191	77	675
FOLD	754	853	853	656193	656193	0	6588034
RAIL	128	128	77	676
FOLD	757	854	854	656964	656964	0	6621592
RAIL	128	128	78	678
FOLD	762	855	855	657735	657735	0	6657004
RAIL	3	253	80	681
FOLD	779	856	856	658509	658509	0	6799541
RAIL	125	131	88	690
FOLD	780	857	857	659277	659277	0	6812064
RAIL	128	128	88	691
FOLD	781	858	858	660045	660045	0	6824713
RAIL	125	132	88	692
FOLD	782	859	859	660816	660816	0	6836642
RAIL	128	128	88	693
FOLD	783	860	860	661584	661584	0	6848796
RAIL	6	250	88	694
FOLD	788	861	861	662352	662352	0	6903005
RAIL	124	133	90	697
FOLD	789	862	862	663123	663123	0	6914738
RAIL	128	128	90	698
FOLD	800	863	863	663891	663891	0	6991484
RAIL	8	249	95	704
FOLD	803	864	864	664656	664656	0	7012586
RAIL	128	128	96	706
FOLD	806	865	865	665427	665427	0	7052117
RAIL	9	247	97	708
FOLD	807	866	866	666195	666195	0	7055271
RAIL	128	128	97	709
FOLD	812	867	867	666966	666966	0	7079880
RAIL	121	136	99	712
FOLD	813	868	868	667737	667737	0	7089111
RAIL	128	128	99	713
FOLD	816	869	869	668505	668505	0	7122487
RAIL	10	247	100	715
FOLD	817	870	870	669276	669276	0	7125239
RAIL	128	128	100	716
FOLD	822	871	871	670047	670047	0	7155158
RAIL	11	245	102	719
FOLD	823	872	872	670815	670815	0	7158292
RAIL	128	128	102	720
FOLD	824	873	873	671583	671583	0	7170435
RAIL	11	246	102	721
FOLD	825	874	874	672354	672354	0	7175907
RAIL	128	128	102	722
FOLD	826	875	875	673122	673122	0	7187967
RAIL	119	137	102	723
FOLD	827	876	876	673890	673890	0	7198978
RAIL	128	128	102	724
FOLD	830	877	877	674661	674661	0	7248187
RAIL	12	244	103	726
FOLD	831	878	878	675429	675429	0	7251990
RAIL	128	128	103	727
FOLD	836	879	879	676200	676200	0	7278287
RAIL	118	139	105	730
FOLD	837	880	880	676971	676971	0	7288816
RAIL	128	128	105	731
FOLD	842	881	881	677742	677742	0	7326873
RAIL	117	139	107	734
FOLD	843	882	882	678510	678510	0	7339804
RAIL	128	128	107	735
FOLD	844	883	883	679278	679278	0	7351412
RAIL	117	140	107	736
FOLD	845	884	884	680049	680049	0	7362966
RAIL	128	128	107	737
FOLD	850	885	885	680820	680820	0	7408132
RAIL	116	140	109	740
FOLD	851	886	886	681588	681588	0	7419298
RAIL	128	128	109	741
FOLD	856	887	887	682359	682359	0	7476335
RAIL	15	242	111	744
FOLD	857	888	888	683130	683130	0	7480308
RAIL	128	128	111	745
FOLD	858	889	889	683898	683898	0	7492849
RAIL	115	141	111	746
FOLD	859	890	890	684666	684666	0	7502806
RAIL	128	128	111	747
FOLD	860	891	891	685434	685434	0	7514858
RAIL	115	142	111	748
FOLD	861	892	892	686205	686205	0	7524327
RAIL	128	128	111	749
FOLD	862	893	893	686973	686973	0	7536988
RAIL	16	240	111	750
FOLD	863	894	894	687741	687741	0	7541516
RAIL	128	128	111	751
FOLD	866	895	895	688512	688512	0	7576432
RAIL	114	142	112	753
FOLD	867	896	896	689280	689280	0	7586306
RAIL	128	128	112	754
FOLD	872	897	897	690051	690051	0	7613936
RAIL	17	240	114	757
FOLD	873	898	898	690822	690822	0	7618127
RAIL	128	128	114	758
FOLD	878	899	899	691593	691593	0	7668614
RAIL	18	238	116	761
FOLD	879	900	900	692361	692361	0	7672409
RAIL	128	128	116	762
FOLD	880	901	901	693129	693129	0	7684795
RAIL	18	239	116	763
FOLD	881	902	902	693900	693900	0	7688551
RAIL	128	128	116	764
FOLD	886	903	903	694671	694671	0	7746630
RAIL	19	237	118	767
FOLD	887	904	904	695439	695439	0	7750604
RAIL	128	128	118	768
FOLD	890	905	905	696210	696210	0	7777813
RAIL	111	145	119	770
FOLD	891	906	906	696978	696978	0	7787857
RAIL	128	128	119	771
FOLD	896	907	907	697749	697749	0	7812963
RAIL	20	237	121	774
FOLD	897	908	908	698520	698520	0	7816837
RAIL	128	128	121	775
FOLD	898	909	909	699288	699288	0	7828439
RAIL	110	146	121	776
FOLD	899	910	910	700056	700056	0	7838456
RAIL	128	128	121	777
FOLD	900	911	911	700824	700824	0	7850077
RAIL	110	147	121	778
FOLD	901	912	912	701595	701595	0	7860527
RAIL	128	128	121	779
FOLD	906	913	913	702366	702366	0	7893765
RAIL	109	147	123	782
FOLD	907	914	914	703134	703134	0	7905398
RAIL	128	128	123	783
FOLD	912	915	915	703905	703905	0	7946481
RAIL	22	235	125	786
FOLD	913	916	916	704676	704676	0	7951318
RAIL	128	128	125	787
FOLD	914	917	917	705444	705444	0	7963583
RAIL	108	148	125	788
FOLD	915	918	918	706212	706212	0	7973308
RAIL	128	128	125	789
