Σ(1125899906842624)  —  constitutive set = divisors of 1125899906842624
  |Σ(1125899906842624)| = 51
  Σ(1125899906842624) = {1, 2, 4, 8, 16, 32, 64, 128, 256, 512, ... (51 total)}

  VERDICT: STABLE RING  (⊡ = 51)
  Σ(1125899906842624) is NON-TRIVIAL: |Σ|=51 > 2.
  The divisor lattice forms a genuine macrocycle under the close verb.
  Ring order: [1 . 2 . 4 . 8 . 16 . 32 . 64 . 128 . 256 . 512 . 1024 . 2048 . 4096 . 8192 . 16384 . 32768 . 65536 . 131072 . 262144 . 524288 . 1048576 . 2097152 . 4194304 . 8388608 . 16777216 . 33554432 . 67108864 . 134217728 . 268435456 . 536870912 . 1073741824 . 2147483648 . 4294967296 . 8589934592 . 17179869184 . 34359738368 . 68719476736 . 137438953472 . 274877906944 . 549755813888 . 1099511627776 . 2199023255552 . 4398046511104 . 8796093022208 . 17592186044416 . 35184372088832 . 70368744177664 . 140737488355328 . 281474976710656 . 562949953421312 . 1125899906842624]
  Direct divisibility bonds: 51/51
  Spectral radius ρ = 2.0000
  Spectral gap = 0.0152
  Graph energy Σ|λ| = 64.9455
  Conductance: CONDUCTIVE
  Σ(1125899906842624) forms a STABLE divisor ring of 51 units. The divisor lattice is non-trivial (|Σ|>2), so the close verb identifies 1 and 1125899906842624 cyclically, forming a genuine macrocycle. 51/51 adjacent pairs share direct divisibility; the remaining bonds are structurally mediated through the lattice.
Σ(360)  —  constitutive set = divisors of 360
  |Σ(360)| = 24
  Σ(360) = {1, 2, 3, 4, 5, 6, 8, 9, 10, 12, ... (24 total)}

  VERDICT: STABLE RING  (⊡ = 24)
  Σ(360) is NON-TRIVIAL: |Σ|=24 > 2.
  The divisor lattice forms a genuine macrocycle under the close verb.
  Ring order: [1 . 5 . 3 . 15 . 9 . 45 . 2 . 10 . 6 . 30 . 18 . 90 . 4 . 20 . 12 . 60 . 36 . 180 . 8 . 40 . 24 . 120 . 72 . 360]
  Direct divisibility bonds: 13/24
  Spectral radius ρ = 2.0000
  Spectral gap = 0.0681
  Graph energy Σ|λ| = 30.3830
  Conductance: CONDUCTIVE
  Σ(360) forms a STABLE divisor ring of 24 units. The divisor lattice is non-trivial (|Σ|>2), so the close verb identifies 1 and 360 cyclically, forming a genuine macrocycle. 13/24 adjacent pairs share direct divisibility; the remaining bonds are structurally mediated through the lattice.
Σ(97)  —  constitutive set = divisors of 97
  |Σ(97)| = 2
  Σ(97) = {1, 97}

  VERDICT: PRIME STATE  (⊡ = 1)
  97 is PRIME. Σ(97) = {1, 97}.
  The 'close' verb forms a DEGENERATE RING (dimer):
  a single divisibility bond 1 | 97.
  This is the prime state — ⊡=1, no internal structure.
  Spectrum: [1.0000, -1.0000]
  Conductance: DIMER
