⊢≻⋈∈⊥∋≻⋈∈⊤∋≻⋈∈⊥∋≻⋈∈⊤∋≻⋈∈⊤∋≻⋈∈⊤∋≻⋈∈⊥∋≻⋈∈⊤∋≻⋈∈⊥∋≻⋈∈⊥∋≻⋈∈⊤∋≻⋈∈⊥∋≻⋈∈⊥∋≻⋈∈⊥∋≻⋈∈⊤∋≻⋈∈⊥∋⊙⊡⊣
⊢≻⋈∈⊥∋⊙⊡⊣
⊢≻⋈∈⊤∋≻⋈∈⊥∋⊙⊡⊣
⊢≻⋈∈⊤∋≻⋈∈⊥∋≻⋈∈⊥∋≻⋈∈⊥∋⊙⊡⊣
⊢≻⋈∈⊥∋⊙⊡⊣
⊢≻⋈∈⊤∋≻⋈∈⊤∋≻⋈∈⊤∋≻⋈∈⊤∋≻⋈∈⊥∋≻⋈∈⊥∋⊙⊡⊣
⊢≻⋈∈⊤∋≻⋈∈⊥∋⊙⊡⊣
⊢≻⋈∈⊤∋≻⋈∈⊥∋⊙⊡⊣
⊢≻⋈∈⊥∋≻⋈∈⊥∋≻⋈∈⊥∋≻⋈∈⊥∋⊙⊡⊣
⊢≻⋈∈⊥∋⊙⊡⊣
⊢≻⋈∈⊥∋≻⋈∈⊥∋≻⋈∈⊤∋≻⋈∈⊤∋≻⋈∈⊥∋≻⋈∈⊥∋⊙⊡⊣
⊢≻⋈∈⊤∋≻⋈∈⊤∋≻⋈∈⊥∋⊙⊡⊣
⊢≻⋈∈⊤∋≻⋈∈⊤∋≻⋈∈⊤∋≻⋈∈⊥∋⊙⊡⊣
⊢≻⋈∈⊥∋≻⋈∈⊤∋≻⋈∈⊤∋≻⋈∈⊥∋⊙⊡⊣
⊢≻⋈∈⊥∋≻⋈∈⊥∋⊙⊡⊣
⊢≻⋈∈⊥∋≻⋈∈⊥∋≻⋈∈⊤∋≻⋈∈⊤∋≻⋈∈⊥∋≻⋈∈⊤∋≻⋈∈⊤∋≻⋈∈⊥∋⊙⊡⊣
⊢≻⋈∈⊥∋≻⋈∈⊤∋≻⋈∈⊥∋⊙⊡⊣
⊢≻⋈∈⊥∋≻⋈∈⊥∋⊙⊡⊣
⊢≻⋈∈⊥∋≻⋈∈⊤∋≻⋈∈⊥∋≻⋈∈⊥∋⊙⊡⊣
⊢≻⋈∈⊥∋≻⋈∈⊤∋≻⋈∈⊥∋⊙⊡⊣
⊢≻⋈∈⊤∋≻⋈∈⊥∋≻⋈∈⊥∋≻⋈∈⊤∋≻⋈∈⊥∋≻⋈∈⊥∋≻⋈∈⊥∋≻⋈∈⊥∋⊙⊡⊣
⊢≻⋈∈⊤∋≻⋈∈⊤∋≻⋈∈⊤∋≻⋈∈⊥∋⊙⊡⊣
⊢≻⋈∈⊥∋≻⋈∈⊥∋≻⋈∈⊥∋⊙⊡⊣
⊢≻⋈∈⊤∋≻⋈∈⊥∋≻⋈∈⊤∋≻⋈∈⊥∋⊙⊡⊣
⊢≻⋈∈⊥∋≻⋈∈⊥∋≻⋈∈⊥∋⊙⊡⊣
⊢≻⋈∈⊥∋≻⋈∈⊤∋≻⋈∈⊤∋≻⋈∈⊥∋≻⋈∈⊥∋≻⋈∈⊤∋≻⋈∈⊥∋≻⋈∈⊤∋≻⋈∈⊥∋⊙⊡⊣
⊢≻⋈∈⊥∋≻⋈∈⊤∋≻⋈∈⊤∋≻⋈∈⊥∋⊙⊡⊣
⊢≻⋈∈⊤∋≻⋈∈⊤∋≻⋈∈⊥∋⊙⊡⊣
⊢≻⋈∈⊤∋≻⋈∈⊤∋≻⋈∈⊥∋≻⋈∈⊥∋⊙⊡⊣
⊢≻⋈∈⊥∋≻⋈∈⊤∋≻⋈∈⊤∋≻⋈∈⊥∋⊙⊡⊣
⊢≻⋈∈⊤∋≻⋈∈⊤∋≻⋈∈⊥∋≻⋈∈⊥∋≻⋈∈⊥∋≻⋈∈⊥∋≻⋈∈⊤∋≻⋈∈⊥∋≻⋈∈⊥∋⊙⊡⊣
⊢≻⋈∈⊤∋≻⋈∈⊤∋≻⋈∈⊥∋≻⋈∈⊥∋⊙⊡⊣
⊢≻⋈∈⊤∋≻⋈∈⊥∋≻⋈∈⊥∋⊙⊡⊣
⊢≻⋈∈⊥∋≻⋈∈⊥∋≻⋈∈⊤∋≻⋈∈⊥∋⊙⊡⊣
⊢≻⋈∈⊥∋≻⋈∈⊥∋≻⋈∈⊤∋≻⋈∈⊥∋⊙⊡⊣
⊢≻⋈∈⊥∋≻⋈∈⊥∋≻⋈∈⊥∋≻⋈∈⊥∋≻⋈∈⊥∋≻⋈∈⊤∋≻⋈∈⊤∋≻⋈∈⊤∋≻⋈∈⊤∋≻⋈∈⊥∋⊙⊡⊣
⊢≻⋈∈⊥∋≻⋈∈⊤∋≻⋈∈⊥∋≻⋈∈⊥∋⊙⊡⊣
⊢≻⋈∈⊥∋≻⋈∈⊤∋≻⋈∈⊥∋⊙⊡⊣
⊢≻⋈∈⊥∋≻⋈∈⊥∋≻⋈∈⊤∋≻⋈∈⊥∋⊙⊡⊣
⊢≻⋈∈⊥∋≻⋈∈⊤∋≻⋈∈⊥∋≻⋈∈⊥∋⊙⊡⊣
⊢≻⋈∈⊤∋≻⋈∈⊥∋≻⋈∈⊤∋≻⋈∈⊤∋≻⋈∈⊤∋≻⋈∈⊤∋≻⋈∈⊤∋≻⋈∈⊥∋≻⋈∈⊤∋≻⋈∈⊥∋⊙⊡⊣
⊢≻⋈∈⊤∋≻⋈∈⊥∋≻⋈∈⊥∋≻⋈∈⊥∋⊙⊡⊣
⊢≻⋈∈⊥∋≻⋈∈⊤∋≻⋈∈⊥∋⊙⊡⊣
⊢≻⋈∈⊤∋≻⋈∈⊤∋≻⋈∈⊥∋≻⋈∈⊥∋⊙⊡⊣
⊢≻⋈∈⊥∋≻⋈∈⊥∋≻⋈∈⊥∋≻⋈∈⊥∋⊙⊡⊣
⊢≻⋈∈⊥∋≻⋈∈⊤∋≻⋈∈⊥∋≻⋈∈⊤∋≻⋈∈⊤∋≻⋈∈⊥∋≻⋈∈⊥∋≻⋈∈⊥∋≻⋈∈⊤∋≻⋈∈⊥∋⊙⊡⊣
⊢≻⋈∈⊥∋≻⋈∈⊥∋≻⋈∈⊥∋≻⋈∈⊥∋⊙⊡⊣
⊢≻⋈∈⊤∋≻⋈∈⊤∋≻⋈∈⊤∋≻⋈∈⊥∋⊙⊡⊣
⊢≻⋈∈⊤∋≻⋈∈⊤∋≻⋈∈⊤∋≻⋈∈⊥∋⊙⊡⊣
⊢≻⋈∈⊤∋≻⋈∈⊤∋≻⋈∈⊤∋≻⋈∈⊤∋≻⋈∈⊥∋⊙⊡⊣
⊢≻⋈∈⊤∋≻⋈∈⊤∋≻⋈∈⊤∋≻⋈∈⊥∋≻⋈∈⊥∋≻⋈∈⊤∋≻⋈∈⊤∋≻⋈∈⊤∋≻⋈∈⊥∋≻⋈∈⊥∋⊙⊡⊣
⊢≻⋈∈⊤∋≻⋈∈⊤∋≻⋈∈⊤∋≻⋈∈⊤∋≻⋈∈⊥∋⊙⊡⊣
⊢≻⋈∈⊤∋≻⋈∈⊤∋≻⋈∈⊤∋≻⋈∈⊥∋⊙⊡⊣
⊢≻⋈∈⊤∋≻⋈∈⊤∋≻⋈∈⊤∋≻⋈∈⊥∋⊙⊡⊣
⊢≻⋈∈⊥∋≻⋈∈⊤∋≻⋈∈⊤∋≻⋈∈⊤∋≻⋈∈⊥∋⊙⊡⊣
⊢≻⋈∈⊤∋≻⋈∈⊤∋≻⋈∈⊤∋≻⋈∈⊥∋≻⋈∈⊤∋≻⋈∈⊤∋≻⋈∈⊥∋≻⋈∈⊤∋≻⋈∈⊥∋≻⋈∈⊥∋⊙⊡⊣
⊢≻⋈∈⊥∋≻⋈∈⊤∋≻⋈∈⊤∋≻⋈∈⊤∋≻⋈∈⊥∋⊙⊡⊣
⊢≻⋈∈⊤∋≻⋈∈⊤∋≻⋈∈⊤∋≻⋈∈⊥∋⊙⊡⊣
⊢≻⋈∈⊤∋≻⋈∈⊤∋≻⋈∈⊤∋≻⋈∈⊥∋⊙⊡⊣
⊢≻⋈∈⊤∋≻⋈∈⊥∋≻⋈∈⊤∋≻⋈∈⊤∋≻⋈∈⊥∋⊙⊡⊣
⊢≻⋈∈⊤∋≻⋈∈⊤∋≻⋈∈⊤∋≻⋈∈⊥∋≻⋈∈⊥∋≻⋈∈⊥∋≻⋈∈⊥∋≻⋈∈⊤∋≻⋈∈⊥∋≻⋈∈⊥∋⊙⊡⊣
⊢≻⋈∈⊥∋≻⋈∈⊤∋≻⋈∈⊤∋≻⋈∈⊤∋≻⋈∈⊥∋⊙⊡⊣
⊢≻⋈∈⊤∋≻⋈∈⊤∋≻⋈∈⊤∋≻⋈∈⊥∋⊙⊡⊣
⊢≻⋈∈⊤∋≻⋈∈⊤∋≻⋈∈⊤∋≻⋈∈⊥∋⊙⊡⊣
⊢≻⋈∈⊤∋≻⋈∈⊥∋≻⋈∈⊤∋≻⋈∈⊤∋≻⋈∈⊥∋⊙⊡⊣
⊢≻⋈∈⊤∋≻⋈∈⊤∋≻⋈∈⊤∋≻⋈∈⊥∋≻⋈∈⊥∋≻⋈∈⊥∋≻⋈∈⊥∋≻⋈∈⊤∋≻⋈∈⊥∋≻⋈∈⊥∋⊙⊡⊣
⊢≻⋈∈⊥∋≻⋈∈⊤∋≻⋈∈⊥∋≻⋈∈⊤∋≻⋈∈⊤∋≻⋈∈⊤∋≻⋈∈⊥∋≻⋈∈⊤∋≻⋈∈⊥∋≻⋈∈⊥∋≻⋈∈⊤∋≻⋈∈⊥∋≻⋈∈⊥∋≻⋈∈⊥∋≻⋈∈⊤∋≻⋈∈⊥∋⊙⊡⊣
⊢≻⋈∈⊥∋≻⋈∈⊥∋≻⋈∈⊥∋≻⋈∈⊥∋≻⋈∈⊥∋≻⋈∈⊥∋≻⋈∈⊤∋≻⋈∈⊥∋⊙⊡⊣
⊢≻⋈∈⊥∋≻⋈∈⊥∋≻⋈∈⊤∋≻⋈∈⊥∋≻⋈∈⊥∋≻⋈∈⊥∋≻⋈∈⊥∋≻⋈∈⊥∋⊙⊡⊣
⊢∈⊥⊤⊥⊤⊤⊤⊥⊤⊥⊥⊤⊥⊥⊥⊤⊥∋∈⊥⊥⊥⊥⊥⊥⊤⊥∋∈⊥⊥⊤⊥⊥⊥⊥⊥∋∈⊥∋∈⊥⊤⊤⊤⊤⊥⊥∋∈⋈⊤⊤⊡∈⊥⊤⊥⊤⊥⊥⊥⊤∋⊢∈⊥∋∈⊤∋∈⊥∋∈⊥∋∈⊤⊥∋∈⊥∋∈⊥⊥∋∈⊥⊥∋∈⊤⊤⊥∋∈⊤⊥∋∈⊥⊥⊥⊥∋∈⊥⊥⊤⊥∋∈⊤⊤⊤⊥∋∈⊥⊤⊥∋∈⊥⊥⊥⊥⊥⊥⊤⊥∋∈⊥⊥⊤⊥⊥⊥⊥⊥∋⊣∋∈⊥⊤⊤⊤⊤⊥⊥∋∈⋈⊤⊤⊡∈⊥⊤⊥⊤⊥⊥⊥⊤∋⊢∈⊥∋∈⊤∋∈⊥∋∈⊥∋∈⊤⊥∋∈⊥∋∈⊥⊥∋∈⊥⊥∋∈⊤⊤⊥∋∈⊤⊥∋∈⊥⊥⊥⊥∋∈⊥⊥⊤⊥∋∈⊤⊤⊤⊥∋∈⊥⊤⊥∋∈⊥⊥⊥⊥⊥⊥⊤⊥∋∈⊥⊥⊤⊥⊥⊥⊥⊥∋⊣∋⊣
