INPUT	10445764683238464091	64	39	324
FRAME	1	0	1	1	12
FOLD	1	1	1	192	192	0	28
RAIL	2	62	0	0
FOLD	2	1	1	195	195	0	72
RAIL	2	63	1	0
FOLD	4	3	3	579	579	0	609
RAIL	32	33	2	1
FOLD	5	5	5	966	966	0	915
RAIL	3	61	2	2
FOLD	6	7	7	1353	1353	0	1155
RAIL	3	62	2	3
FOLD	8	9	9	1737	1737	0	1550
RAIL	31	34	3	4
FOLD	9	11	11	2124	2124	0	1900
RAIL	4	60	3	5
FOLD	10	13	13	2511	2511	0	2182
RAIL	4	61	3	6
FOLD	12	15	15	2895	2895	0	2581
RAIL	30	35	4	7
FOLD	13	17	17	3282	3282	0	2902
RAIL	5	59	4	8
FOLD	14	19	19	3669	3669	0	3185
RAIL	5	60	4	9
FOLD	16	21	21	4053	4053	0	3574
RAIL	29	36	5	10
FOLD	17	23	23	4440	4440	0	3854
RAIL	6	58	5	11
FOLD	18	25	25	4827	4827	0	4113
RAIL	6	59	5	12
FOLD	20	27	27	5211	5211	0	4620
RAIL	28	37	6	13
FOLD	21	29	29	5598	5598	0	4940
RAIL	7	57	6	14
FOLD	22	31	31	5985	5985	0	5163
RAIL	7	58	6	15
FOLD	23	33	33	6372	6372	0	5428
RAIL	27	37	6	16
FOLD	24	35	35	6759	6759	0	5690
RAIL	27	38	6	17
FOLD	25	37	37	7146	7146	0	6025
RAIL	8	56	6	18
FOLD	26	39	39	7533	7533	0	6320
RAIL	8	57	6	19
FOLD	27	41	41	7920	7920	0	6633
RAIL	26	38	6	20
FOLD	28	43	43	8307	8307	0	6886
RAIL	26	39	6	21
FOLD	29	45	45	8694	8694	0	7236
RAIL	9	55	6	22
FOLD	30	47	47	9081	9081	0	8467
RAIL	9	56	6	23
FOLD	31	49	49	9468	9468	0	8757
RAIL	25	39	6	24
FOLD	32	51	51	9855	9855	0	9069
RAIL	25	40	6	25
FOLD	33	53	53	10242	10242	0	9352
RAIL	10	54	6	26
FOLD	34	55	55	10629	10629	0	9634
RAIL	10	55	6	27
FOLD	35	57	57	11016	11016	0	9958
RAIL	24	40	6	28
FOLD	36	59	59	11403	11403	0	10321
RAIL	24	41	6	29
FOLD	37	61	61	11790	11790	0	10744
RAIL	11	53	6	30
FOLD	38	63	63	12177	12177	0	11063
RAIL	11	54	6	31
FOLD	39	65	65	12564	12564	0	11457
RAIL	23	41	6	32
FOLD	40	67	67	12951	12951	0	11803
RAIL	23	42	6	33
FOLD	41	69	69	13338	13338	0	12103
RAIL	12	52	6	34
FOLD	42	71	71	13725	13725	0	12365
RAIL	12	53	6	35
FOLD	43	73	73	14112	14112	0	12744
RAIL	22	42	6	36
FOLD	44	75	75	14499	14499	0	14328
RAIL	22	43	6	37
FOLD	45	77	77	14886	14886	0	14653
RAIL	13	51	6	38
FOLD	46	79	79	15273	15273	0	14992
RAIL	13	52	6	39
FOLD	47	81	81	15660	15660	0	15473
RAIL	21	43	6	40
FOLD	48	83	83	16047	16047	0	15780
RAIL	21	44	6	41
FOLD	49	85	85	16434	16434	0	16118
RAIL	14	50	6	42
FOLD	50	87	87	16821	16821	0	16372
RAIL	14	51	6	43
FOLD	51	89	89	17208	17208	0	16648
RAIL	20	44	6	44
FOLD	52	91	91	17595	17595	0	16991
RAIL	20	45	6	45
FOLD	53	93	93	17982	17982	0	17357
RAIL	15	49	6	46
FOLD	54	95	95	18369	18369	0	17635
RAIL	15	50	6	47
FOLD	55	97	97	18756	18756	0	17919
RAIL	19	45	6	48
FOLD	56	99	99	19143	19143	0	18223
RAIL	19	46	6	49
FOLD	57	101	101	19530	19530	0	18650
RAIL	16	48	6	50
FOLD	58	103	103	19917	19917	0	20184
RAIL	16	49	6	51
FOLD	59	105	105	20304	20304	0	20587
RAIL	18	46	6	52
FOLD	60	107	107	20691	20691	0	20886
RAIL	18	47	6	53
FOLD	61	109	109	21078	21078	0	21195
RAIL	17	47	6	54
FOLD	62	111	111	21465	21465	0	21602
RAIL	17	48	6	55
FOLD	63	112	112	21660	21660	0	22003
RAIL	32	32	6	56
FOLD	64	113	113	21852	21852	0	22289
RAIL	32	32	6	57
FOLD	65	114	114	22044	22044	0	22607
RAIL	32	32	6	58
FOLD	66	115	115	22236	22236	0	22944
RAIL	32	32	6	59
FOLD	67	116	116	22428	22428	0	23291
RAIL	32	33	6	60
FOLD	68	117	117	22623	22623	0	23849
RAIL	32	32	6	61
FOLD	69	118	118	22815	22815	0	24258
RAIL	3	61	6	62
FOLD	72	119	119	23007	23007	0	25193
RAIL	31	33	7	64
FOLD	73	120	120	23199	23199	0	25587
RAIL	32	32	7	65
FOLD	74	121	121	23391	23391	0	26885
RAIL	31	34	7	66
FOLD	75	122	122	23586	23586	0	28366
RAIL	32	32	7	67
FOLD	76	123	123	23778	23778	0	28942
RAIL	4	60	7	68
FOLD	79	124	124	23970	23970	0	30142
RAIL	30	34	8	70
FOLD	80	125	125	24162	24162	0	30572
RAIL	32	32	8	71
FOLD	81	126	126	24354	24354	0	31067
RAIL	30	35	8	72
FOLD	82	127	127	24549	24549	0	31821
RAIL	32	32	8	73
FOLD	83	128	128	24741	24741	0	32237
RAIL	5	59	8	74
FOLD	84	129	129	24933	24933	0	32704
RAIL	32	32	8	75
FOLD	85	130	130	25125	25125	0	33110
RAIL	32	32	8	76
FOLD	86	131	131	25317	25317	0	33642
RAIL	29	35	8	77
FOLD	87	132	132	25509	25509	0	34059
RAIL	32	32	8	78
FOLD	88	133	133	25701	25701	0	34520
RAIL	29	36	8	79
FOLD	89	134	134	25896	25896	0	35128
RAIL	32	32	8	80
FOLD	90	135	135	26088	26088	0	35541
RAIL	6	58	8	81
FOLD	91	136	136	26280	26280	0	35905
RAIL	32	32	8	82
FOLD	92	137	137	26472	26472	0	36298
RAIL	32	32	8	83
FOLD	93	138	138	26664	26664	0	36773
RAIL	28	36	8	84
FOLD	94	139	139	26856	26856	0	37143
RAIL	32	32	8	85
FOLD	95	140	140	27048	27048	0	37545
RAIL	28	37	8	86
FOLD	96	141	141	27243	27243	0	38262
RAIL	32	32	8	87
FOLD	97	142	142	27435	27435	0	38608
RAIL	7	57	8	88
FOLD	98	143	143	27627	27627	0	38916
RAIL	32	32	8	89
FOLD	99	144	144	27819	27819	0	39249
RAIL	7	58	8	90
FOLD	102	145	145	28008	28008	0	39965
RAIL	32	32	9	92
FOLD	103	146	146	28200	28200	0	40392
RAIL	27	38	9	93
FOLD	104	147	147	28395	28395	0	41221
RAIL	32	32	9	94
FOLD	105	148	148	28587	28587	0	41552
RAIL	8	56	9	95
FOLD	106	149	149	28779	28779	0	41923
RAIL	32	32	9	96
FOLD	117	150	150	28974	28974	0	45247
RAIL	25	39	14	102
FOLD	118	151	151	29166	29166	0	45703
RAIL	32	32	14	103
FOLD	119	152	152	29358	29358	0	46048
RAIL	25	40	14	104
FOLD	120	153	153	29553	29553	0	46499
RAIL	32	32	14	105
FOLD	125	154	154	29748	29748	0	48124
RAIL	24	40	16	108
FOLD	126	155	155	29940	29940	0	48489
RAIL	32	32	16	109
FOLD	128	155	155	29943	29943	0	48921
RAIL	32	32	17	110
FOLD	131	156	156	30135	30135	0	49826
RAIL	11	54	18	112
FOLD	132	157	157	30330	30330	0	50190
RAIL	32	32	18	113
FOLD	133	158	158	30522	30522	0	51810
RAIL	23	41	18	114
FOLD	134	159	159	30714	30714	0	52071
RAIL	32	32	18	115
FOLD	135	160	160	30906	30906	0	52423
RAIL	23	42	18	116
FOLD	136	161	161	31101	31101	0	52713
RAIL	32	32	18	117
FOLD	139	162	162	31293	31293	0	53505
RAIL	12	53	19	119
FOLD	140	163	163	31488	31488	0	53752
RAIL	32	32	19	120
FOLD	145	164	164	31683	31683	0	54726
RAIL	13	51	21	123
FOLD	146	165	165	31875	31875	0	55471
RAIL	32	32	21	124
FOLD	151	166	166	32070	32070	0	57001
RAIL	21	44	23	127
FOLD	152	167	167	32265	32265	0	57350
RAIL	32	32	23	128
FOLD	153	168	168	32457	32457	0	57686
RAIL	14	50	23	129
FOLD	154	169	169	32649	32649	0	57931
RAIL	32	32	23	130
FOLD	159	170	170	32844	32844	0	59308
RAIL	20	45	25	133
FOLD	160	171	171	33039	33039	0	59574
RAIL	32	32	25	134
FOLD	163	172	172	33231	33231	0	60399
RAIL	15	50	26	136
FOLD	164	173	173	33426	33426	0	60716
RAIL	32	32	26	137
FOLD	169	174	174	33621	33621	0	61672
RAIL	16	48	28	140
FOLD	170	175	175	33813	33813	0	61922
RAIL	32	32	28	141
FOLD	171	176	176	34005	34005	0	62370
RAIL	16	49	28	142
FOLD	172	177	177	34200	34200	0	62623
RAIL	32	32	28	143
FOLD	173	178	178	34392	34392	0	63051
RAIL	18	46	28	144
FOLD	174	179	179	34584	34584	0	63306
RAIL	32	32	28	145
FOLD	175	180	180	34776	34776	0	63736
RAIL	18	47	28	146
FOLD	176	181	181	34971	34971	0	63988
RAIL	32	32	28	147
FOLD	181	182	182	35166	35166	0	65153
RAIL	32	32	30	150
FOLD	186	183	183	35361	35361	0	66477
RAIL	3	61	32	153
FOLD	193	184	184	35556	35556	0	68361
RAIL	4	60	35	157
FOLD	204	185	185	35751	35751	0	71476
RAIL	32	32	40	163
FOLD	215	186	186	35949	35949	0	75787
RAIL	32	32	45	169
FOLD	216	187	187	36141	36141	0	76415
RAIL	7	58	45	170
FOLD	221	188	188	36333	36333	0	78369
RAIL	32	32	47	173
FOLD	232	189	189	36525	36525	0	82239
RAIL	9	56	52	179
FOLD	235	190	190	36714	36714	0	83476
RAIL	32	32	53	181
FOLD	236	191	191	36906	36906	0	84044
RAIL	25	40	53	182
FOLD	237	192	192	37101	37101	0	84491
RAIL	32	32	53	183
FOLD	238	193	193	37293	37293	0	85052
RAIL	10	54	53	184
FOLD	239	194	194	37485	37485	0	85308
RAIL	32	32	53	185
FOLD	240	195	195	37677	37677	0	85647
RAIL	10	55	53	186
FOLD	241	196	196	37872	37872	0	85895
RAIL	32	32	53	187
FOLD	246	197	197	38067	38067	0	87077
RAIL	11	53	55	190
FOLD	247	198	198	38259	38259	0	87420
RAIL	32	32	55	191
FOLD	252	199	199	38454	38454	0	88610
RAIL	23	42	57	194
FOLD	253	200	200	38649	38649	0	88899
RAIL	32	32	57	195
FOLD	254	201	201	38841	38841	0	89234
RAIL	12	52	57	196
FOLD	255	202	202	39033	39033	0	89484
RAIL	32	32	57	197
FOLD	256	201	202	38841	39033	0	89627
RAIL	12	53	58	197
FOLD	258	203	203	39228	39228	0	90275
RAIL	22	42	58	199
FOLD	259	204	204	39420	39420	0	90535
RAIL	32	32	58	200
FOLD	264	205	205	39615	39615	0	91487
RAIL	13	52	60	203
FOLD	265	206	206	39810	39810	0	91750
RAIL	32	32	60	204
FOLD	270	207	207	40005	40005	0	92853
RAIL	14	50	62	207
FOLD	271	208	208	40197	40197	0	93090
RAIL	32	32	62	208
FOLD	272	209	209	40389	40389	0	93394
RAIL	14	51	62	209
FOLD	273	210	210	40584	40584	0	93624
RAIL	32	32	62	210
FOLD	274	211	211	40776	40776	0	93933
RAIL	20	44	62	211
FOLD	275	212	212	40968	40968	0	94168
RAIL	32	32	62	212
FOLD	280	213	213	41163	41163	0	95266
RAIL	15	50	64	215
FOLD	281	214	214	41358	41358	0	95530
RAIL	32	32	64	216
FOLD	286	215	215	41553	41553	0	96823
RAIL	16	48	66	219
FOLD	287	216	216	41745	41745	0	97114
RAIL	32	32	66	220
FOLD	288	217	217	41937	41937	0	97408
RAIL	16	49	66	221
FOLD	289	218	218	42132	42132	0	97629
RAIL	32	32	66	222
FOLD	294	219	219	42327	42327	0	98756
RAIL	17	47	68	225
FOLD	295	220	220	42519	42519	0	98988
RAIL	32	32	68	226
FOLD	300	221	221	42714	42714	0	100487
RAIL	32	32	70	229
FOLD	301	222	222	42906	42906	0	100827
RAIL	32	33	70	230
FOLD	302	223	223	43101	43101	0	101056
RAIL	32	32	70	231
FOLD	303	224	224	43293	43293	0	101360
RAIL	32	32	70	232
FOLD	308	225	225	43488	43488	0	102415
RAIL	32	32	72	235
FOLD	313	226	226	43680	43680	0	103770
RAIL	30	35	74	238
FOLD	314	227	227	43875	43875	0	104017
RAIL	32	32	74	239
FOLD	327	228	228	44070	44070	0	106756
RAIL	28	37	80	246
FOLD	328	229	229	44265	44265	0	107002
RAIL	32	32	80	247
FOLD	339	230	230	44460	44460	0	109316
RAIL	26	38	85	253
FOLD	340	231	231	44652	44652	0	109554
RAIL	32	32	85	254
FOLD	345	232	232	44847	44847	0	110617
RAIL	9	56	87	257
FOLD	352	233	233	45039	45039	0	112266
RAIL	32	32	90	261
FOLD	353	234	234	45231	45231	0	112598
RAIL	10	55	90	262
FOLD	356	235	235	45420	45420	0	113178
RAIL	32	32	91	264
FOLD	357	236	236	45612	45612	0	114889
RAIL	24	41	91	265
FOLD	358	237	237	45807	45807	0	115135
RAIL	32	32	91	266
FOLD	359	238	238	45999	45999	0	116716
RAIL	11	53	91	267
FOLD	360	239	239	46191	46191	0	116961
RAIL	32	32	91	268
FOLD	361	240	240	46383	46383	0	117318
RAIL	11	54	91	269
FOLD	362	241	241	46578	46578	0	117544
RAIL	32	32	91	270
FOLD	365	242	242	46770	46770	0	118342
RAIL	23	42	92	272
FOLD	366	243	243	46965	46965	0	118594
RAIL	32	32	92	273
FOLD	371	244	244	47160	47160	0	119490
RAIL	22	42	94	276
FOLD	372	245	245	47352	47352	0	119722
RAIL	32	32	94	277
FOLD	377	246	246	47547	47547	0	120783
RAIL	13	52	96	280
FOLD	378	247	247	47742	47742	0	121069
RAIL	32	32	96	281
FOLD	379	248	248	47934	47934	0	121401
RAIL	21	43	96	282
FOLD	380	249	249	48126	48126	0	121624
RAIL	32	32	96	283
FOLD	385	250	250	48321	48321	0	122972
RAIL	14	51	98	286
FOLD	386	251	251	48516	48516	0	123212
RAIL	32	32	98	287
FOLD	391	252	252	48711	48711	0	124370
RAIL	15	49	100	290
FOLD	392	253	253	48903	48903	0	124593
RAIL	32	32	100	291
FOLD	393	254	254	49095	49095	0	124937
RAIL	15	50	100	292
FOLD	394	255	255	49290	49290	0	125177
RAIL	32	32	100	293
FOLD	395	256	256	49482	49482	0	125534
RAIL	19	45	100	294
FOLD	396	257	257	49674	49674	0	125797
RAIL	32	32	100	295
FOLD	401	258	258	49869	49869	0	127111
RAIL	16	49	102	298
FOLD	402	259	259	50064	50064	0	127392
RAIL	32	32	102	299
FOLD	405	260	260	50256	50256	0	128183
RAIL	18	47	103	301
FOLD	406	261	261	50451	50451	0	128416
RAIL	32	32	103	302
FOLD	411	262	262	50646	50646	0	129167
RAIL	32	32	105	305
FOLD	412	263	263	50838	50838	0	129586
RAIL	32	32	105	306
FOLD	415	264	264	51033	51033	0	130395
RAIL	32	32	106	308
FOLD	424	265	265	51228	51228	0	132356
RAIL	30	34	110	313
FOLD	425	266	266	51420	51420	0	132591
RAIL	32	32	110	314
FOLD	426	267	267	51612	51612	0	132946
RAIL	30	35	110	315
FOLD	427	268	268	51807	51807	0	133194
RAIL	32	32	110	316
FOLD	428	269	269	51999	51999	0	133499
RAIL	5	59	110	317
FOLD	437	270	270	52194	52194	0	135083
RAIL	32	32	114	322
FOLD	442	271	271	52389	52389	0	136204
RAIL	7	57	116	325
FOLD	447	272	272	52581	52581	0	137342
RAIL	27	38	118	328
FOLD	448	273	273	52776	52776	0	137573
RAIL	32	32	118	329
FOLD	459	274	274	52974	52974	0	139366
RAIL	32	32	123	335
FOLD	460	275	275	53166	53166	0	139652
RAIL	25	39	123	336
FOLD	461	276	276	53358	53358	0	139908
RAIL	32	32	123	337
FOLD	462	277	277	53550	53550	0	140210
RAIL	25	40	123	338
FOLD	463	278	278	53745	53745	0	140471
RAIL	32	32	123	339
FOLD	470	279	279	53934	53934	0	141885
RAIL	24	41	126	343
FOLD	471	280	280	54129	54129	0	142106
RAIL	32	32	126	344
FOLD	480	281	281	54321	54321	0	143586
RAIL	12	52	130	349
FOLD	481	282	282	54513	54513	0	143814
RAIL	32	32	130	350
FOLD	486	283	283	54708	54708	0	144899
RAIL	22	43	132	353
FOLD	487	284	284	54903	54903	0	145129
RAIL	32	32	132	354
FOLD	490	285	285	55095	55095	0	145841
RAIL	13	52	133	356
FOLD	491	286	286	55290	55290	0	146083
RAIL	32	32	133	357
FOLD	496	287	287	55485	55485	0	146849
RAIL	14	50	135	360
FOLD	497	288	288	55677	55677	0	147066
RAIL	32	32	135	361
FOLD	498	289	289	55869	55869	0	147346
RAIL	14	51	135	362
FOLD	499	290	290	56064	56064	0	147669
RAIL	32	32	135	363
FOLD	500	291	291	56256	56256	0	147955
RAIL	20	44	135	364
FOLD	501	292	292	56448	56448	0	148174
RAIL	32	32	135	365
FOLD	502	293	293	56640	56640	0	148482
RAIL	20	45	135	366
FOLD	503	294	294	56835	56835	0	148703
RAIL	32	32	135	367
FOLD	504	295	295	57027	57027	0	149002
RAIL	15	49	135	368
FOLD	505	296	296	57219	57219	0	149242
RAIL	32	32	135	369
FOLD	510	297	297	57414	57414	0	150349
RAIL	19	46	137	372
FOLD	511	298	298	57609	57609	0	150582
RAIL	32	32	137	373
FOLD	512	297	298	57417	57609	0	150727
RAIL	16	48	138	373
FOLD	514	299	299	57801	57801	0	151495
RAIL	16	49	138	375
FOLD	515	300	300	57996	57996	0	151749
RAIL	32	32	138	376
FOLD	520	301	301	58191	58191	0	152610
RAIL	17	47	140	379
FOLD	521	302	302	58383	58383	0	152845
RAIL	32	32	140	380
FOLD	522	303	303	58575	58575	0	153180
RAIL	17	48	140	381
FOLD	523	304	304	58770	58770	0	153415
RAIL	32	32	140	382
FOLD	532	305	305	58965	58965	0	155283
RAIL	32	32	144	387
FOLD	533	306	306	59157	59157	0	155610
RAIL	31	34	144	388
FOLD	534	307	307	59352	59352	0	155858
RAIL	32	32	144	389
FOLD	541	308	308	59547	59547	0	157386
RAIL	32	32	147	393
FOLD	546	309	309	59742	59742	0	158603
RAIL	32	32	149	396
FOLD	547	310	310	59934	59934	0	158945
RAIL	6	58	149	397
FOLD	556	311	311	60129	60129	0	160876
RAIL	32	32	153	402
FOLD	561	312	312	60324	60324	0	161704
RAIL	8	56	155	405
FOLD	564	313	313	60516	60516	0	162381
RAIL	26	38	156	407
FOLD	565	314	314	60708	60708	0	162620
RAIL	32	32	156	408
FOLD	566	315	315	60900	60900	0	162953
RAIL	26	39	156	409
FOLD	567	316	316	61095	61095	0	163237
RAIL	32	32	156	410
FOLD	580	317	317	61290	61290	0	165838
RAIL	24	40	162	417
FOLD	581	318	318	61482	61482	0	166080
RAIL	32	32	162	418
FOLD	586	319	319	61677	61677	0	167177
RAIL	11	54	164	421
FOLD	593	320	320	61869	61869	0	168909
RAIL	32	32	167	425
FOLD	594	321	321	62061	62061	0	169205
RAIL	12	53	167	426
FOLD	597	322	322	62250	62250	0	169740
RAIL	32	32	168	428
FOLD	602	323	323	62445	62445	0	171027
RAIL	13	52	170	431
FOLD	603	324	324	62640	62640	0	171262
RAIL	32	32	170	432
FOLD	608	325	325	62835	62835	0	172289
RAIL	14	50	172	435
FOLD	609	326	326	63027	63027	0	172536
RAIL	32	32	172	436
FOLD	610	327	327	63219	63219	0	172828
RAIL	14	51	172	437
FOLD	611	328	328	63414	63414	0	173070
RAIL	32	32	172	438
FOLD	616	329	329	63609	63609	0	174398
RAIL	15	49	174	441
FOLD	617	330	330	63801	63801	0	174625
RAIL	32	32	174	442
FOLD	622	331	331	63996	63996	0	175918
RAIL	19	46	176	445
FOLD	623	332	332	64191	64191	0	176160
RAIL	32	32	176	446
FOLD	624	333	333	64383	64383	0	176436
RAIL	16	48	176	447
FOLD	625	334	334	64575	64575	0	176659
RAIL	32	32	176	448
FOLD	626	335	335	64767	64767	0	176975
RAIL	16	49	176	449
FOLD	627	336	336	64962	64962	0	177270
RAIL	32	32	176	450
FOLD	628	337	337	65154	65154	0	177558
RAIL	18	46	176	451
FOLD	629	338	338	65346	65346	0	177785
RAIL	32	32	176	452
FOLD	630	339	339	65538	65538	0	178082
RAIL	18	47	176	453
FOLD	631	340	340	65733	65733	0	178318
RAIL	32	32	176	454
FOLD	632	341	341	65925	65925	0	178632
RAIL	17	47	176	455
FOLD	633	342	342	66117	66117	0	178864
RAIL	32	32	176	456
FOLD	634	343	343	66309	66309	0	179206
RAIL	17	48	176	457
FOLD	635	344	344	66504	66504	0	179477
RAIL	32	32	176	458
FOLD	646	345	345	66702	66702	0	181618
RAIL	32	32	181	464
FOLD	647	346	346	66894	66894	0	181924
RAIL	32	32	181	465
FOLD	650	347	347	67086	67086	0	182717
RAIL	32	32	182	467
FOLD	659	348	348	67284	67284	0	184511
RAIL	6	58	186	472
FOLD	662	349	349	67476	67476	0	185208
RAIL	28	36	187	474
FOLD	663	350	350	67668	67668	0	185437
RAIL	32	32	187	475
FOLD	674	351	351	67866	67866	0	187592
RAIL	32	32	192	481
FOLD	675	352	352	68058	68058	0	187934
RAIL	32	32	192	482
FOLD	680	353	353	68253	68253	0	189679
RAIL	9	55	194	485
FOLD	695	354	354	68445	68445	0	194680
RAIL	32	32	201	493
FOLD	696	355	355	68637	68637	0	195298
RAIL	11	53	201	494
FOLD	697	356	356	68829	68829	0	195728
RAIL	32	32	201	495
FOLD	702	357	357	69024	69024	0	197728
RAIL	23	42	203	498
FOLD	703	358	358	69219	69219	0	198178
RAIL	32	32	203	499
FOLD	706	359	359	69411	69411	0	199631
RAIL	12	53	204	501
FOLD	713	360	360	69603	69603	0	201507
RAIL	32	32	207	505
FOLD	714	361	361	69795	69795	0	202097
RAIL	13	52	207	506
FOLD	721	362	362	69987	69987	0	204660
RAIL	32	32	210	510
FOLD	726	363	363	70182	70182	0	206530
RAIL	20	45	212	513
FOLD	727	364	364	70377	70377	0	206942
RAIL	32	32	212	514
FOLD	728	365	365	70569	70569	0	207531
RAIL	15	49	212	515
FOLD	729	366	366	70761	70761	0	207944
RAIL	32	32	212	516
FOLD	730	367	367	70953	70953	0	208514
RAIL	15	50	212	517
FOLD	731	368	368	71148	71148	0	208947
RAIL	32	32	212	518
FOLD	734	369	369	71340	71340	0	210343
RAIL	19	46	213	520
FOLD	735	370	370	71535	71535	0	210762
RAIL	32	32	213	521
FOLD	740	371	371	71730	71730	0	211888
RAIL	18	46	215	524
FOLD	741	372	372	71922	71922	0	212129
RAIL	32	32	215	525
FOLD	746	373	373	72117	72117	0	213304
RAIL	17	48	217	528
FOLD	747	374	374	72312	72312	0	213540
RAIL	32	32	217	529
FOLD	748	375	375	72504	72504	0	213847
RAIL	32	32	217	530
FOLD	757	376	376	72699	72699	0	215876
RAIL	31	34	221	535
FOLD	758	377	377	72894	72894	0	216119
RAIL	32	32	221	536
FOLD	759	378	378	73086	73086	0	216422
RAIL	32	32	221	537
FOLD	760	379	379	73278	73278	0	216726
RAIL	32	32	221	538
FOLD	761	380	380	73470	73470	0	217058
RAIL	30	34	221	539
FOLD	762	381	381	73662	73662	0	217290
RAIL	32	32	221	540
FOLD	765	382	382	73857	73857	0	218028
RAIL	32	32	222	542
FOLD	770	383	383	74052	74052	0	218868
RAIL	32	32	224	545
FOLD	775	384	384	74244	74244	0	220079
RAIL	28	37	226	548
FOLD	776	385	385	74439	74439	0	220329
RAIL	32	32	226	549
FOLD	789	386	386	74634	74634	0	223063
RAIL	26	39	232	556
FOLD	790	387	387	74829	74829	0	223320
RAIL	32	32	232	557
FOLD	795	388	388	75021	75021	0	224477
RAIL	32	32	234	560
FOLD	798	389	389	75216	75216	0	225289
RAIL	10	54	235	562
FOLD	817	390	390	75411	75411	0	228311
RAIL	32	32	244	572
FOLD	820	391	391	75603	75603	0	229080
RAIL	22	43	245	574
FOLD	821	392	392	75798	75798	0	229318
RAIL	32	32	245	575
FOLD	828	393	393	75987	75987	0	230515
RAIL	21	44	248	579
FOLD	829	394	394	76182	76182	0	230757
RAIL	32	32	248	580
FOLD	830	395	395	76374	76374	0	231056
RAIL	14	50	248	581
FOLD	831	396	396	76566	76566	0	231280
RAIL	32	32	248	582
FOLD	832	397	397	76758	76758	0	231594
RAIL	14	51	248	583
FOLD	837	398	398	76950	76950	0	232613
RAIL	32	32	250	586
FOLD	842	399	399	77145	77145	0	233414
RAIL	19	45	252	589
FOLD	843	400	400	77337	77337	0	233668
RAIL	32	32	252	590
FOLD	848	401	401	77532	77532	0	234808
RAIL	16	49	254	593
FOLD	849	402	402	77727	77727	0	235037
RAIL	32	32	254	594
FOLD	850	403	403	77919	77919	0	235336
RAIL	18	46	254	595
FOLD	851	404	404	78111	78111	0	235621
RAIL	32	32	254	596
FOLD	856	405	405	78306	78306	0	236882
RAIL	17	48	256	599
FOLD	857	406	406	78501	78501	0	237116
RAIL	32	32	256	600
FOLD	864	407	407	78696	78696	0	238385
RAIL	32	32	259	604
FOLD	865	408	408	78888	78888	0	238688
RAIL	31	33	259	605
FOLD	866	409	409	79080	79080	0	238959
RAIL	32	32	259	606
FOLD	875	410	410	79278	79278	0	241184
RAIL	32	32	263	611
FOLD	876	411	411	79470	79470	0	241487
RAIL	32	32	263	612
FOLD	881	412	412	79665	79665	0	242636
RAIL	32	32	265	615
FOLD	884	413	413	79857	79857	0	243328
RAIL	32	32	266	617
FOLD	889	414	414	80052	80052	0	244156
RAIL	32	32	268	620
FOLD	890	415	415	80244	80244	0	244471
RAIL	27	37	268	621
FOLD	891	416	416	80436	80436	0	244719
RAIL	32	32	268	622
FOLD	892	417	417	80628	80628	0	244997
RAIL	27	38	268	623
FOLD	893	418	418	80823	80823	0	245268
RAIL	32	32	268	624
FOLD	894	419	419	81015	81015	0	245566
RAIL	8	56	268	625
FOLD	897	420	420	81207	81207	0	246159
RAIL	26	38	269	627
FOLD	898	421	421	81399	81399	0	246397
RAIL	32	32	269	628
FOLD	909	422	422	81597	81597	0	248910
RAIL	32	32	274	634
FOLD	910	423	423	81789	81789	0	249253
RAIL	10	55	274	635
FOLD	911	424	424	81984	81984	0	249470
RAIL	32	32	274	636
FOLD	916	425	425	82179	82179	0	250590
RAIL	11	53	276	639
FOLD	931	426	426	82371	82371	0	253370
RAIL	32	32	283	647
FOLD	936	427	427	82566	82566	0	254130
RAIL	21	43	285	650
FOLD	937	428	428	82758	82758	0	254395
RAIL	32	32	285	651
FOLD	942	429	429	82953	82953	0	255550
RAIL	14	51	287	654
FOLD	945	430	430	83142	83142	0	256157
RAIL	32	32	288	656
FOLD	950	431	431	83337	83337	0	257240
RAIL	15	50	290	659
FOLD	955	432	432	83529	83529	0	258296
RAIL	32	32	292	662
FOLD	960	433	433	83724	83724	0	259079
RAIL	18	46	294	665
FOLD	961	434	434	83916	83916	0	259323
RAIL	32	32	294	666
FOLD	962	435	435	84108	84108	0	259656
RAIL	18	47	294	667
FOLD	963	436	436	84303	84303	0	259900
RAIL	32	32	294	668
FOLD	964	437	437	84495	84495	0	260196
RAIL	17	47	294	669
FOLD	965	438	438	84687	84687	0	260434
RAIL	32	32	294	670
FOLD	966	439	439	84879	84879	0	260755
RAIL	17	48	294	671
FOLD	967	440	440	85074	85074	0	260992
RAIL	32	32	294	672
FOLD	976	441	441	85269	85269	0	262885
RAIL	32	32	298	677
FOLD	985	442	442	85467	85467	0	265115
RAIL	32	32	302	682
FOLD	986	443	443	85659	85659	0	265414
RAIL	32	32	302	683
FOLD	987	444	444	85851	85851	0	265706
RAIL	29	35	302	684
FOLD	988	445	445	86043	86043	0	265946
RAIL	32	32	302	685
FOLD	991	446	446	86238	86238	0	266693
RAIL	32	32	303	687
FOLD	996	447	447	86433	86433	0	267573
RAIL	32	32	305	690
FOLD	1001	448	448	86625	86625	0	268570
RAIL	32	32	307	693
FOLD	1006	449	449	86820	86820	0	270512
RAIL	32	32	309	696
FOLD	1007	450	450	87012	87012	0	270793
RAIL	26	38	309	697
FOLD	1008	451	451	87204	87204	0	271074
RAIL	32	32	309	698
FOLD	1009	452	452	87396	87396	0	271437
RAIL	26	39	309	699
FOLD	1010	453	453	87591	87591	0	271732
RAIL	32	32	309	700
FOLD	1011	454	454	87783	87783	0	272029
RAIL	9	55	309	701
FOLD	1018	455	455	87978	87978	0	273729
RAIL	10	54	312	705
FOLD	1024	455	455	87981	87981	0	274811
RAIL	24	41	315	708
FOLD	1025	456	456	88176	88176	0	275054
RAIL	32	32	315	709
FOLD	1026	457	457	88368	88368	0	275362
RAIL	11	53	315	710
FOLD	1027	458	458	88560	88560	0	275589
RAIL	32	32	315	711
FOLD	1030	459	459	88755	88755	0	276300
RAIL	23	41	316	713
FOLD	1031	460	460	88947	88947	0	276540
RAIL	32	32	316	714
FOLD	1052	461	461	89142	89142	0	280368
RAIL	14	51	326	725
FOLD	1053	462	462	89337	89337	0	280610
RAIL	32	32	326	726
FOLD	1058	463	463	89532	89532	0	281891
RAIL	15	49	328	729
FOLD	1059	464	464	89724	89724	0	282135
RAIL	32	32	328	730
FOLD	1060	465	465	89916	89916	0	282438
RAIL	15	50	328	731
FOLD	1067	466	466	90108	90108	0	283829
RAIL	32	32	331	735
FOLD	1076	467	467	90300	90300	0	285455
RAIL	17	48	335	740
FOLD	1077	468	468	90495	90495	0	285689
RAIL	32	32	335	741
FOLD	1078	469	469	90687	90687	0	285975
RAIL	32	32	335	742
FOLD	1079	470	470	90879	90879	0	286267
RAIL	32	32	335	743
FOLD	1080	471	471	91071	91071	0	286585
RAIL	32	32	335	744
FOLD	1087	472	472	91266	91266	0	288375
RAIL	31	34	338	748
FOLD	1088	473	473	91461	91461	0	288653
RAIL	32	32	338	749
FOLD	1093	474	474	91653	91653	0	289499
RAIL	30	35	340	752
FOLD	1094	475	475	91848	91848	0	289778
RAIL	32	32	340	753
FOLD	1101	476	476	92043	92043	0	291129
RAIL	32	32	343	757
FOLD	1106	477	477	92238	92238	0	292233
RAIL	32	32	345	760
FOLD	1107	478	478	92430	92430	0	292545
RAIL	7	57	345	761
FOLD	1114	479	479	92625	92625	0	293980
RAIL	8	56	348	765
FOLD	1115	480	480	92817	92817	0	294284
RAIL	32	32	348	766
FOLD	1120	481	481	93012	93012	0	295465
RAIL	32	32	350	769
FOLD	1121	482	482	93204	93204	0	295766
RAIL	9	55	350	770
FOLD	1122	483	483	93396	93396	0	295980
RAIL	32	32	350	771
FOLD	1127	484	484	93591	93591	0	297076
RAIL	32	32	352	774
FOLD	1136	485	485	93783	93783	0	299140
RAIL	11	53	356	779
FOLD	1139	486	486	93978	93978	0	299811
RAIL	32	32	357	781
FOLD	1140	487	487	94170	94170	0	300120
RAIL	23	41	357	782
FOLD	1141	488	488	94362	94362	0	300383
RAIL	32	32	357	783
FOLD	1142	489	489	94554	94554	0	300679
RAIL	23	42	357	784
FOLD	1143	490	490	94749	94749	0	300949
RAIL	32	32	357	785
FOLD	1144	491	491	94941	94941	0	301310
RAIL	12	52	357	786
FOLD	1145	492	492	95133	95133	0	301537
RAIL	32	32	357	787
FOLD	1146	493	493	95325	95325	0	301842
RAIL	12	53	357	788
FOLD	1147	494	494	95520	95520	0	302051
RAIL	32	32	357	789
FOLD	1152	495	495	95715	95715	0	303177
RAIL	13	51	359	792
FOLD	1171	496	496	95910	95910	0	306724
RAIL	32	32	368	802
FOLD	1176	497	497	96105	96105	0	307957
RAIL	16	48	370	805
FOLD	1177	498	498	96297	96297	0	308247
RAIL	32	32	370	806
FOLD	1178	499	499	96489	96489	0	308583
RAIL	16	49	370	807
FOLD	1181	500	500	96678	96678	0	309185
RAIL	32	32	371	809
FOLD	1186	501	501	96873	96873	0	310403
RAIL	17	48	373	812
FOLD	1201	502	502	97068	97068	0	314080
RAIL	30	34	380	820
FOLD	1202	503	503	97260	97260	0	314327
RAIL	32	32	380	821
FOLD	1203	504	504	97452	97452	0	314657
RAIL	30	35	380	822
FOLD	1204	505	505	97647	97647	0	314921
RAIL	32	32	380	823
FOLD	1205	506	506	97839	97839	0	315252
RAIL	32	32	380	824
FOLD	1210	507	507	98034	98034	0	316467
RAIL	32	32	382	827
FOLD	1215	508	508	98226	98226	0	317663
RAIL	28	37	384	830
FOLD	1216	509	509	98421	98421	0	317984
RAIL	32	32	384	831
FOLD	1229	510	510	98616	98616	0	320790
RAIL	26	39	390	838
FOLD	1230	511	511	98811	98811	0	321054
RAIL	32	32	390	839
FOLD	1233	512	512	99003	99003	0	321829
RAIL	32	32	391	841
FOLD	1238	513	513	99198	99198	0	322729
RAIL	10	54	393	844
FOLD	1239	514	514	99390	99390	0	322950
RAIL	32	32	393	845
FOLD	1246	515	515	99582	99582	0	324536
RAIL	11	53	396	849
FOLD	1261	516	516	99780	99780	0	327658
RAIL	32	32	403	857
FOLD	1262	517	517	99972	99972	0	327964
RAIL	13	51	403	858
FOLD	1263	518	518	100164	100164	0	328198
RAIL	32	32	403	859
FOLD	1264	519	519	100356	100356	0	328512
RAIL	13	52	403	860
FOLD	1265	520	520	100551	100551	0	328742
RAIL	32	32	403	861
FOLD	1266	521	521	100743	100743	0	329040
RAIL	21	43	403	862
FOLD	1267	522	522	100935	100935	0	329321
RAIL	32	32	403	863
FOLD	1270	523	523	101130	101130	0	330183
RAIL	14	50	404	865
FOLD	1291	524	524	101325	101325	0	336919
RAIL	32	32	414	876
FOLD	1306	525	525	101514	101514	0	341397
RAIL	32	32	421	884
FOLD	1311	526	526	101709	101709	0	342260
RAIL	30	34	423	887
FOLD	1312	527	527	101901	101901	0	342514
RAIL	32	32	423	888
FOLD	1321	528	528	102099	102099	0	344770
RAIL	32	32	427	893
FOLD	1322	529	529	102291	102291	0	345115
RAIL	32	32	427	894
FOLD	1323	530	530	102483	102483	0	345425
RAIL	28	36	427	895
FOLD	1324	531	531	102675	102675	0	345673
RAIL	32	32	427	896
FOLD	1325	532	532	102867	102867	0	345980
RAIL	28	37	427	897
FOLD	1326	533	533	103062	103062	0	346227
RAIL	32	32	427	898
FOLD	1331	534	534	103254	103254	0	347341
RAIL	32	32	429	901
FOLD	1338	535	535	103449	103449	0	349420
RAIL	32	32	432	905
FOLD	1341	536	536	103644	103644	0	350254
RAIL	9	55	433	907
FOLD	1352	537	537	103842	103842	0	352607
RAIL	24	40	438	913
FOLD	1353	538	538	104034	104034	0	352899
RAIL	32	32	438	914
FOLD	1354	539	539	104226	104226	0	353207
RAIL	24	41	438	915
FOLD	1355	540	540	104421	104421	0	353494
RAIL	32	32	438	916
FOLD	1356	541	541	104613	104613	0	353814
RAIL	11	53	438	917
FOLD	1357	542	542	104805	104805	0	354047
RAIL	32	32	438	918
FOLD	1382	543	543	105003	105003	0	360147
RAIL	14	51	450	931
FOLD	1383	544	544	105198	105198	0	360395
RAIL	32	32	450	932
FOLD	1384	545	545	105390	105390	0	360716
RAIL	20	44	450	933
FOLD	1385	546	546	105582	105582	0	360980
RAIL	32	32	450	934
FOLD	1386	547	547	105774	105774	0	361272
RAIL	20	45	450	935
FOLD	1387	548	548	105969	105969	0	361525
RAIL	32	32	450	936
FOLD	1388	549	549	106161	106161	0	361847
RAIL	15	49	450	937
FOLD	1393	550	550	106350	106350	0	362765
RAIL	32	32	452	940
FOLD	1420	551	551	106542	106542	0	368255
RAIL	32	32	465	954
FOLD	1423	552	552	106734	106734	0	369205
RAIL	30	35	466	956
FOLD	1424	553	553	106929	106929	0	369496
RAIL	32	32	466	957
FOLD	1433	554	554	107124	107124	0	371471
RAIL	28	36	470	962
FOLD	1434	555	555	107316	107316	0	371732
RAIL	32	32	470	963
FOLD	1437	556	556	107511	107511	0	372552
RAIL	7	57	471	965
FOLD	1448	557	557	107706	107706	0	374669
RAIL	32	32	476	971
FOLD	1449	558	558	107898	107898	0	374974
RAIL	26	39	476	972
FOLD	1450	559	559	108093	108093	0	375273
RAIL	32	32	476	973
FOLD	1451	560	560	108285	108285	0	375604
RAIL	9	55	476	974
FOLD	1456	561	561	108477	108477	0	376718
RAIL	25	40	478	977
FOLD	1457	562	562	108672	108672	0	376975
RAIL	32	32	478	978
FOLD	1470	563	563	108867	108867	0	379292
RAIL	23	41	484	985
FOLD	1471	564	564	109059	109059	0	379617
RAIL	32	32	484	986
FOLD	1476	565	565	109254	109254	0	380712
RAIL	12	53	486	989
FOLD	1487	566	566	109443	109443	0	382671
RAIL	32	32	491	995
FOLD	1500	567	567	109638	109638	0	385491
RAIL	15	50	497	1002
FOLD	1501	568	568	109833	109833	0	385743
RAIL	32	32	497	1003
FOLD	1526	569	569	110022	110022	0	391051
RAIL	32	32	509	1016
FOLD	1531	570	570	110217	110217	0	392020
RAIL	30	34	511	1019
FOLD	1532	571	571	110409	110409	0	392314
RAIL	32	32	511	1020
FOLD	1535	572	572	110604	110604	0	393132
RAIL	32	32	512	1022
FOLD	1540	573	573	110799	110799	0	393950
RAIL	32	32	514	1025
FOLD	1545	574	574	110991	110991	0	395075
RAIL	28	37	516	1028
FOLD	1546	575	575	111186	111186	0	395338
RAIL	32	32	516	1029
FOLD	1547	576	576	111378	111378	0	395685
RAIL	7	57	516	1030
FOLD	1560	577	577	111576	111576	0	398282
RAIL	32	32	522	1037
FOLD	1565	578	578	111768	111768	0	399412
RAIL	32	32	524	1040
FOLD	1574	579	579	111960	111960	0	401694
RAIL	24	41	528	1045
FOLD	1575	580	580	112155	112155	0	401956
RAIL	32	32	528	1046
FOLD	1576	581	581	112347	112347	0	402281
RAIL	11	53	528	1047
FOLD	1589	582	582	112542	112542	0	405095
RAIL	32	32	534	1054
FOLD	1590	583	583	112734	112734	0	405420
RAIL	22	43	534	1055
FOLD	1591	584	584	112929	112929	0	405678
RAIL	32	32	534	1056
FOLD	1638	585	585	113118	113118	0	415028
RAIL	32	32	557	1080
FOLD	1639	586	586	113310	113310	0	415335
RAIL	32	32	557	1081
FOLD	1640	587	587	113502	113502	0	415740
RAIL	32	32	557	1082
FOLD	1641	588	588	113694	113694	0	416042
RAIL	30	34	557	1083
FOLD	1642	589	589	113886	113886	0	416309
RAIL	32	32	557	1084
FOLD	1645	590	590	114081	114081	0	417079
RAIL	32	32	558	1086
FOLD	1650	591	591	114276	114276	0	417978
RAIL	32	32	560	1089
FOLD	1655	592	592	114468	114468	0	419107
RAIL	28	37	562	1092
FOLD	1656	593	593	114663	114663	0	419414
RAIL	32	32	562	1093
FOLD	1663	594	594	114858	114858	0	420758
RAIL	8	56	565	1097
FOLD	1670	595	595	115053	115053	0	422210
RAIL	9	55	568	1101
FOLD	1677	596	596	115248	115248	0	423716
RAIL	10	54	571	1105
FOLD	1678	597	597	115440	115440	0	423944
RAIL	32	32	571	1106
FOLD	1679	598	598	115632	115632	0	424275
RAIL	32	32	571	1107
FOLD	1684	599	599	115827	115827	0	425214
RAIL	11	53	573	1110
FOLD	1713	600	600	116010	116010	0	430123
RAIL	32	32	587	1125
FOLD	1714	601	601	116202	116202	0	430479
RAIL	20	45	587	1126
FOLD	1715	602	602	116397	116397	0	430762
RAIL	32	32	587	1127
FOLD	1758	603	603	116598	116598	0	438522
RAIL	32	32	608	1149
FOLD	1765	604	604	116793	116793	0	440516
RAIL	32	32	611	1153
FOLD	1770	605	605	116988	116988	0	441381
RAIL	32	32	613	1156
FOLD	1771	606	606	117180	117180	0	441681
RAIL	8	56	613	1157
FOLD	1772	607	607	117372	117372	0	441906
RAIL	32	32	613	1158
FOLD	1773	608	608	117564	117564	0	442198
RAIL	32	32	613	1159
FOLD	1774	609	609	117756	117756	0	442516
RAIL	26	38	613	1160
FOLD	1775	610	610	117948	117948	0	442789
RAIL	32	32	613	1161
FOLD	1776	611	611	118140	118140	0	443097
RAIL	26	39	613	1162
FOLD	1777	612	612	118335	118335	0	443389
RAIL	32	32	613	1163
FOLD	1794	613	613	118533	118533	0	447057
RAIL	11	54	621	1172
FOLD	1795	614	614	118728	118728	0	447284
RAIL	32	32	621	1173
FOLD	1796	615	615	118920	118920	0	447655
RAIL	23	41	621	1174
FOLD	1797	616	616	119112	119112	0	447927
RAIL	32	32	621	1175
FOLD	1868	617	617	119304	119304	0	462083
RAIL	32	32	656	1211
FOLD	1873	618	618	119499	119499	0	463183
RAIL	32	32	658	1214
FOLD	1878	619	619	119694	119694	0	464418
RAIL	32	32	660	1217
FOLD	1879	620	620	119886	119886	0	464724
RAIL	8	56	660	1218
FOLD	1880	621	621	120078	120078	0	464938
RAIL	32	32	660	1219
FOLD	1885	622	622	120273	120273	0	466282
RAIL	32	32	662	1222
FOLD	1890	623	623	120465	120465	0	467454
RAIL	32	32	664	1225
FOLD	1891	624	624	120657	120657	0	467745
RAIL	25	40	664	1226
FOLD	1892	625	625	120852	120852	0	468046
RAIL	32	32	664	1227
FOLD	1893	626	626	121044	121044	0	468373
RAIL	10	54	664	1228
FOLD	1896	627	627	121236	121236	0	469004
RAIL	24	40	665	1230
FOLD	1897	628	628	121428	121428	0	469313
RAIL	32	32	665	1231
FOLD	1898	629	629	121620	121620	0	469633
RAIL	24	41	665	1232
FOLD	1913	630	630	121812	121812	0	472876
RAIL	32	32	672	1240
FOLD	1916	631	631	122007	122007	0	473743
RAIL	13	51	673	1242
FOLD	1983	632	632	122205	122205	0	492673
RAIL	27	37	706	1276
FOLD	1984	633	633	122397	122397	0	492973
RAIL	32	32	706	1277
FOLD	1985	634	634	122589	122589	0	493283
RAIL	27	38	706	1278
FOLD	1986	635	635	122784	122784	0	493561
RAIL	32	32	706	1279
FOLD	1991	636	636	122976	122976	0	494906
RAIL	32	32	708	1282
FOLD	1996	637	637	123171	123171	0	495994
RAIL	32	32	710	1285
FOLD	1997	638	638	123363	123363	0	496321
RAIL	25	39	710	1286
FOLD	1998	639	639	123555	123555	0	496659
RAIL	32	32	710	1287
FOLD	2015	640	640	123747	123747	0	499763
RAIL	32	32	718	1296
FOLD	2016	641	641	123939	123939	0	500088
RAIL	12	52	718	1297
FOLD	2019	642	642	124134	124134	0	500864
RAIL	32	32	719	1299
FOLD	2020	643	643	124326	124326	0	501182
RAIL	22	42	719	1300
FOLD	2048	637	643	123171	124326	0	506145
RAIL	16	48	736	1311
FOLD	2083	644	644	124524	124524	0	514903
RAIL	32	32	750	1332
FOLD	2088	645	645	124719	124719	0	516519
RAIL	32	32	752	1335
FOLD	2093	646	646	124911	124911	0	517919
RAIL	27	38	754	1338
FOLD	2094	647	647	125106	125106	0	518210
RAIL	32	32	754	1339
FOLD	2095	648	648	125298	125298	0	518583
RAIL	8	56	754	1340
FOLD	2118	649	649	125487	125487	0	523936
RAIL	11	54	765	1352
FOLD	2127	650	650	125676	125676	0	525563
RAIL	32	32	769	1357
FOLD	2128	651	651	125868	125868	0	525865
RAIL	22	42	769	1358
FOLD	2135	652	652	126060	126060	0	527138
RAIL	32	32	772	1362
FOLD	2138	653	653	126252	126252	0	527999
RAIL	21	44	773	1364
FOLD	2139	654	654	126447	126447	0	528272
RAIL	32	32	773	1365
FOLD	2144	655	655	126642	126642	0	529128
RAIL	20	44	775	1368
FOLD	2191	656	656	126840	126840	0	539201
RAIL	32	32	798	1392
FOLD	2192	657	657	127032	127032	0	539574
RAIL	32	32	798	1393
FOLD	2193	658	658	127224	127224	0	539929
RAIL	28	36	798	1394
FOLD	2194	659	659	127416	127416	0	540272
RAIL	32	32	798	1395
FOLD	2295	660	660	127611	127611	0	560049
RAIL	29	35	848	1446
FOLD	2296	661	661	127803	127803	0	560338
RAIL	32	32	848	1447
FOLD	2307	662	662	127995	127995	0	563038
RAIL	27	37	853	1453
FOLD	2308	663	663	128187	128187	0	563322
RAIL	32	32	853	1454
FOLD	2309	664	664	128379	128379	0	563704
RAIL	27	38	853	1455
FOLD	2372	665	665	128571	128571	0	576599
RAIL	16	48	884	1487
FOLD	2373	666	666	128763	128763	0	576851
RAIL	32	32	884	1488
FOLD	2402	667	667	128961	128961	0	583041
RAIL	32	32	898	1503
FOLD	4096	625	667	120828	128961	0	938252
RAIL	17	48	1766	2329
FOLD	8192	593	667	114645	128961	0	1881321
RAIL	16	48	3830	4361
FOLD	16384	583	667	112707	128961	0	3657795
RAIL	32	32	7931	8452
FOLD	32768	529	667	102258	128961	0	7155243
RAIL	32	32	16150	16617
