INPUT	1000036000099	40	20	204
FRAME	1	0	1	1	4
FOLD	1	1	1	120	120	0	14
FOLD	2	1	1	123	123	0	21
FOLD	4	3	3	363	363	0	63
FOLD	5	5	5	606	606	0	75
FOLD	8	7	7	849	849	0	143
FOLD	9	9	9	1092	1092	0	160
FOLD	11	11	11	1338	1338	0	247
FOLD	12	13	13	1581	1581	0	269
FOLD	13	15	15	1824	1824	0	298
FOLD	15	17	17	2070	2070	0	361
FOLD	16	19	19	2313	2313	0	378
FOLD	17	21	21	2556	2556	0	407
FOLD	18	23	23	2799	2799	0	437
FOLD	19	25	25	3042	3042	0	455
FOLD	20	27	27	3285	3285	0	471
FOLD	21	29	29	3528	3528	0	487
FOLD	22	31	31	3771	3771	0	509
FOLD	23	33	33	4014	4014	0	535
FOLD	24	35	35	4257	4257	0	552
FOLD	25	37	37	4500	4500	0	571
FOLD	26	39	39	4743	4743	0	592
FOLD	27	41	41	4986	4986	0	602
FOLD	28	43	43	5229	5229	0	646
FOLD	29	45	45	5472	5472	0	698
FOLD	30	47	47	5715	5715	0	715
FOLD	31	49	49	5958	5958	0	724
FOLD	32	51	51	6201	6201	0	747
FOLD	33	53	53	6444	6444	0	769
FOLD	34	55	55	6687	6687	0	787
FOLD	35	57	57	6930	6930	0	813
FOLD	36	59	59	7173	7173	0	830
FOLD	37	61	61	7416	7416	0	839
FOLD	38	63	63	7659	7659	0	860
FOLD	39	64	64	7782	7782	0	870
FOLD	40	65	65	7902	7902	0	893
FOLD	41	66	66	8025	8025	0	909
FOLD	42	67	67	8145	8145	0	925
FOLD	43	68	68	8268	8268	0	952
FOLD	46	69	69	8388	8388	0	1001
FOLD	49	70	70	8508	8508	0	1075
FOLD	52	71	71	8631	8631	0	1131
FOLD	53	72	72	8754	8754	0	1163
FOLD	56	73	73	8877	8877	0	1219
FOLD	57	74	74	9000	9000	0	1261
FOLD	58	75	75	9120	9120	0	1279
FOLD	59	76	76	9243	9243	0	1295
FOLD	60	77	77	9363	9363	0	1311
FOLD	61	78	78	9486	9486	0	1328
FOLD	62	79	79	9606	9606	0	1397
FOLD	63	80	80	9729	9729	0	1416
FOLD	64	81	81	9849	9849	0	1433
FOLD	65	82	82	9972	9972	0	1449
FOLD	66	83	83	10092	10092	0	1466
FOLD	67	84	84	10215	10215	0	1482
FOLD	68	85	85	10335	10335	0	1498
FOLD	69	86	86	10458	10458	0	1517
FOLD	70	87	87	10578	10578	0	1539
FOLD	71	88	88	10701	10701	0	1556
FOLD	72	89	89	10821	10821	0	1573
FOLD	73	90	90	10944	10944	0	1591
FOLD	74	91	91	11064	11064	0	1609
FOLD	75	92	92	11187	11187	0	1626
FOLD	78	93	93	11307	11307	0	1683
FOLD	81	94	94	11427	11427	0	1760
FOLD	88	95	95	11550	11550	0	1878
FOLD	89	96	96	11673	11673	0	1896
FOLD	92	97	97	11796	11796	0	1944
FOLD	93	98	98	11919	11919	0	1962
FOLD	94	99	99	12039	12039	0	1979
FOLD	95	100	100	12162	12162	0	1998
FOLD	96	101	101	12282	12282	0	2015
FOLD	97	102	102	12405	12405	0	2057
FOLD	98	103	103	12525	12525	0	2096
FOLD	99	104	104	12648	12648	0	2167
FOLD	100	105	105	12768	12768	0	2198
FOLD	101	106	106	12891	12891	0	2241
FOLD	102	107	107	13011	13011	0	2260
FOLD	103	108	108	13134	13134	0	2279
FOLD	104	109	109	13254	13254	0	2302
FOLD	105	110	110	13377	13377	0	2321
FOLD	106	111	111	13497	13497	0	2347
FOLD	107	112	112	13620	13620	0	2368
FOLD	108	113	113	13740	13740	0	2386
FOLD	109	114	114	13863	13863	0	2411
FOLD	110	115	115	13983	13983	0	2432
FOLD	111	116	116	14106	14106	0	2452
FOLD	114	117	117	14226	14226	0	2509
FOLD	117	118	118	14346	14346	0	2569
FOLD	124	119	119	14469	14469	0	2758
FOLD	125	120	120	14592	14592	0	2778
FOLD	128	121	121	14715	14715	0	2857
FOLD	129	122	122	14838	14838	0	2878
FOLD	130	123	123	14958	14958	0	2903
FOLD	131	124	124	15081	15081	0	2932
FOLD	132	125	125	15201	15201	0	2955
FOLD	133	126	126	15324	15324	0	2976
FOLD	134	127	127	15444	15444	0	2998
FOLD	135	128	128	15567	15567	0	3019
FOLD	136	129	129	15687	15687	0	3039
FOLD	137	130	130	15810	15810	0	3063
FOLD	138	131	131	15930	15930	0	3084
FOLD	139	132	132	16053	16053	0	3105
FOLD	140	133	133	16176	16176	0	3121
FOLD	141	134	134	16296	16296	0	3143
FOLD	142	135	135	16419	16419	0	3164
FOLD	145	136	136	16539	16539	0	3220
FOLD	146	137	137	16659	16659	0	3237
FOLD	147	138	138	16782	16782	0	3255
FOLD	148	139	139	16902	16902	0	3277
FOLD	149	140	140	17025	17025	0	3301
FOLD	156	141	141	17148	17148	0	3483
FOLD	157	142	142	17271	17271	0	3505
FOLD	160	143	143	17394	17394	0	3584
FOLD	161	144	144	17517	17517	0	3607
FOLD	162	145	145	17637	17637	0	3653
FOLD	163	146	146	17760	17760	0	3694
FOLD	164	147	147	17880	17880	0	3718
FOLD	165	148	148	18003	18003	0	3741
FOLD	166	149	149	18123	18123	0	3764
FOLD	167	150	150	18246	18246	0	3787
FOLD	170	151	151	18366	18366	0	3866
FOLD	171	152	152	18489	18489	0	3883
FOLD	172	153	153	18609	18609	0	3906
FOLD	173	154	154	18732	18732	0	3930
FOLD	180	155	155	18855	18855	0	4112
FOLD	181	156	156	18978	18978	0	4140
FOLD	182	157	157	19098	19098	0	4158
FOLD	189	158	158	19224	19224	0	4419
FOLD	190	159	159	19344	19344	0	4453
FOLD	191	160	160	19467	19467	0	4483
FOLD	192	161	161	19587	19587	0	4508
FOLD	193	162	162	19710	19710	0	4533
FOLD	194	163	163	19830	19830	0	4558
FOLD	195	164	164	19953	19953	0	4583
FOLD	198	165	165	20073	20073	0	4645
FOLD	201	166	166	20193	20193	0	4700
FOLD	206	167	167	20313	20313	0	4791
FOLD	217	168	168	20439	20439	0	5134
FOLD	218	169	169	20559	20559	0	5164
FOLD	219	170	170	20682	20682	0	5198
FOLD	220	171	171	20802	20802	0	5238
FOLD	221	172	172	20925	20925	0	5268
FOLD	222	173	173	21045	21045	0	5359
FOLD	223	174	174	21168	21168	0	5397
FOLD	224	175	175	21288	21288	0	5426
FOLD	225	176	176	21411	21411	0	5460
FOLD	228	177	177	21531	21531	0	5543
FOLD	229	178	178	21654	21654	0	5562
FOLD	246	179	179	21780	21780	0	6138
FOLD	247	180	180	21903	21903	0	6171
FOLD	248	181	181	22023	22023	0	6200
FOLD	249	182	182	22146	22146	0	6230
FOLD	250	183	183	22266	22266	0	6260
FOLD	251	184	184	22389	22389	0	6289
FOLD	252	185	185	22512	22512	0	6306
FOLD	255	186	186	22638	22638	0	6401
FOLD	256	185	186	22518	22638	0	6445
FOLD	258	187	187	22761	22761	0	6499
FOLD	259	188	188	22884	22884	0	6519
FOLD	260	189	189	23004	23004	0	6544
FOLD	271	190	190	23124	23124	0	6882
FOLD	272	191	191	23244	23244	0	6918
FOLD	273	192	192	23367	23367	0	6951
FOLD	274	193	193	23487	23487	0	6984
FOLD	275	194	194	23610	23610	0	7017
FOLD	278	195	195	23736	23736	0	7119
FOLD	289	196	196	23862	23862	0	7463
FOLD	296	197	197	23979	23979	0	7704
FOLD	297	198	198	24102	24102	0	7743
FOLD	298	199	199	24222	24222	0	7779
FOLD	299	200	200	24345	24345	0	7837
FOLD	328	201	201	24474	24474	0	8923
FOLD	512	183	201	22293	24477	0	15753
FOLD	1024	169	201	20583	24477	0	32322
FOLD	2048	145	201	17682	24477	0	65568
FOLD	4096	115	201	14016	24477	0	144717
FOLD	8192	99	201	12087	24477	0	273154
FOLD	16384	89	201	10845	24477	0	540623
FOLD	32768	69	201	8418	24477	0	1071700
FOLD	65536	43	201	5265	24477	0	2160882
FOLD	70801	46	201	5640	24477	0	2317523
FRAME	20	19	1	2	2317845
RESULT	closed	1000003	1000033	2317850	532	1	1	196	503
