INPUT	11647198307356338841	64	27	324
FRAME	1	0	1	1	16
FOLD	1	1	1	192	192	0	34
RAIL	2	62	0	0
FOLD	2	1	1	195	195	0	104
RAIL	2	63	1	0
FOLD	4	3	3	579	579	0	1860
RAIL	32	33	2	1
FOLD	5	5	5	966	966	0	3951
RAIL	3	61	2	2
FOLD	8	7	7	1353	1353	0	4905
RAIL	31	34	4	3
FOLD	9	9	9	1740	1740	0	6593
RAIL	4	60	4	4
FOLD	10	11	11	2127	2127	0	7089
RAIL	4	61	4	5
FOLD	12	13	13	2511	2511	0	7762
RAIL	30	35	5	6
FOLD	13	15	15	2898	2898	0	9136
RAIL	5	59	5	7
FOLD	14	17	17	3285	3285	0	9734
RAIL	5	60	5	8
FOLD	16	19	19	3669	3669	0	11213
RAIL	29	36	6	9
FOLD	17	21	21	4056	4056	0	12805
RAIL	6	58	6	10
FOLD	18	23	23	4443	4443	0	13287
RAIL	6	59	6	11
FOLD	19	25	25	4830	4830	0	14206
RAIL	28	36	6	12
FOLD	20	27	27	5217	5217	0	14894
RAIL	28	37	6	13
FOLD	21	29	29	5604	5604	0	16221
RAIL	7	57	6	14
FOLD	22	31	31	5991	5991	0	16683
RAIL	7	58	6	15
FOLD	23	33	33	6378	6378	0	17631
RAIL	27	37	6	16
FOLD	24	35	35	6765	6765	0	18373
RAIL	27	38	6	17
FOLD	25	37	37	7152	7152	0	19723
RAIL	8	56	6	18
FOLD	26	39	39	7539	7539	0	20246
RAIL	8	57	6	19
FOLD	27	41	41	7926	7926	0	21101
RAIL	26	38	6	20
FOLD	28	43	43	8313	8313	0	21859
RAIL	26	39	6	21
FOLD	29	45	45	8700	8700	0	23693
RAIL	9	55	6	22
FOLD	30	47	47	9087	9087	0	24326
RAIL	9	56	6	23
FOLD	31	49	49	9474	9474	0	25501
RAIL	25	39	6	24
FOLD	32	51	51	9861	9861	0	26396
RAIL	25	40	6	25
FOLD	33	53	53	10248	10248	0	27818
RAIL	10	54	6	26
FOLD	34	55	55	10635	10635	0	28486
RAIL	10	55	6	27
FOLD	35	57	57	11022	11022	0	29413
RAIL	24	40	6	28
FOLD	36	59	59	11409	11409	0	30059
RAIL	24	41	6	29
FOLD	37	61	61	11796	11796	0	31396
RAIL	11	53	6	30
FOLD	38	63	63	12183	12183	0	31967
RAIL	11	54	6	31
FOLD	39	65	65	12570	12570	0	33003
RAIL	23	41	6	32
FOLD	40	67	67	12957	12957	0	33706
RAIL	23	42	6	33
FOLD	41	69	69	13344	13344	0	35095
RAIL	12	52	6	34
FOLD	42	71	71	13731	13731	0	35786
RAIL	12	53	6	35
FOLD	43	73	73	14118	14118	0	36753
RAIL	22	42	6	36
FOLD	44	75	75	14505	14505	0	37583
RAIL	22	43	6	37
FOLD	45	77	77	14892	14892	0	38997
RAIL	13	51	6	38
FOLD	46	79	79	15279	15279	0	39514
RAIL	13	52	6	39
FOLD	47	81	81	15666	15666	0	40531
RAIL	21	43	6	40
FOLD	48	83	83	16053	16053	0	41057
RAIL	21	44	6	41
FOLD	49	85	85	16440	16440	0	42444
RAIL	14	50	6	42
FOLD	50	87	87	16827	16827	0	42953
RAIL	14	51	6	43
FOLD	51	89	89	17214	17214	0	44246
RAIL	20	44	6	44
FOLD	52	91	91	17601	17601	0	44755
RAIL	20	45	6	45
FOLD	53	93	93	17988	17988	0	45825
RAIL	15	49	6	46
FOLD	54	95	95	18375	18375	0	46519
RAIL	15	50	6	47
FOLD	55	97	97	18762	18762	0	47836
RAIL	19	45	6	48
FOLD	56	99	99	19149	19149	0	48529
RAIL	19	46	6	49
FOLD	57	101	101	19536	19536	0	49641
RAIL	16	48	6	50
FOLD	58	103	103	19923	19923	0	50161
RAIL	16	49	6	51
FOLD	59	105	105	20310	20310	0	51689
RAIL	18	46	6	52
FOLD	60	107	107	20697	20697	0	52209
RAIL	18	47	6	53
FOLD	61	109	109	21084	21084	0	53579
RAIL	17	47	6	54
FOLD	62	111	111	21471	21471	0	54313
RAIL	17	48	6	55
FOLD	63	112	112	21666	21666	0	55281
RAIL	32	32	6	56
FOLD	64	113	113	21858	21858	0	56344
RAIL	32	32	6	57
FOLD	65	114	114	22050	22050	0	57625
RAIL	32	32	6	58
FOLD	66	115	115	22242	22242	0	59037
RAIL	32	32	6	59
FOLD	67	116	116	22434	22434	0	60155
RAIL	32	33	6	60
FOLD	68	117	117	22629	22629	0	61243
RAIL	32	32	6	61
FOLD	69	118	118	22821	22821	0	62313
RAIL	32	32	6	62
FOLD	70	119	119	23013	23013	0	63417
RAIL	32	32	6	63
FOLD	71	120	120	23205	23205	0	64484
RAIL	31	33	6	64
FOLD	72	121	121	23397	23397	0	65585
RAIL	32	32	6	65
FOLD	73	122	122	23589	23589	0	66972
RAIL	31	34	6	66
FOLD	74	123	123	23784	23784	0	68027
RAIL	32	32	6	67
FOLD	75	124	124	23976	23976	0	69123
RAIL	4	60	6	68
FOLD	78	125	125	24168	24168	0	71429
RAIL	30	34	7	70
FOLD	79	126	126	24360	24360	0	72746
RAIL	32	32	7	71
FOLD	80	127	127	24552	24552	0	74638
RAIL	30	35	7	72
FOLD	81	128	128	24747	24747	0	75699
RAIL	32	32	7	73
FOLD	82	129	129	24939	24939	0	77489
RAIL	5	59	7	74
FOLD	85	130	130	25131	25131	0	82023
RAIL	29	35	8	76
FOLD	86	131	131	25323	25323	0	83242
RAIL	32	32	8	77
FOLD	87	132	132	25515	25515	0	85264
RAIL	29	36	8	78
FOLD	88	133	133	25710	25710	0	86360
RAIL	32	32	8	79
FOLD	89	134	134	25902	25902	0	87567
RAIL	6	58	8	80
FOLD	90	135	135	26094	26094	0	88490
RAIL	32	32	8	81
FOLD	91	136	136	26286	26286	0	89683
RAIL	6	59	8	82
FOLD	94	137	137	26475	26475	0	92205
RAIL	32	32	9	84
FOLD	95	138	138	26667	26667	0	93403
RAIL	28	37	9	85
FOLD	96	139	139	26862	26862	0	94508
RAIL	32	32	9	86
FOLD	97	140	140	27054	27054	0	95785
RAIL	7	57	9	87
FOLD	98	141	141	27246	27246	0	96784
RAIL	32	32	9	88
FOLD	99	142	142	27438	27438	0	98059
RAIL	7	58	9	89
FOLD	100	143	143	27633	27633	0	99226
RAIL	32	32	9	90
FOLD	101	144	144	27825	27825	0	100494
RAIL	27	37	9	91
FOLD	102	145	145	28017	28017	0	102293
RAIL	32	32	9	92
FOLD	103	146	146	28209	28209	0	103583
RAIL	27	38	9	93
FOLD	104	147	147	28404	28404	0	105133
RAIL	32	32	9	94
FOLD	105	148	148	28596	28596	0	107202
RAIL	8	56	9	95
FOLD	106	149	149	28788	28788	0	108242
RAIL	32	32	9	96
FOLD	111	150	150	28983	28983	0	113546
RAIL	26	39	11	99
FOLD	112	151	151	29178	29178	0	115269
RAIL	32	32	11	100
FOLD	117	152	152	29373	29373	0	120581
RAIL	25	39	13	103
FOLD	118	153	153	29565	29565	0	121697
RAIL	32	32	13	104
FOLD	119	154	154	29757	29757	0	123092
RAIL	25	40	13	105
FOLD	120	155	155	29952	29952	0	124101
RAIL	32	32	13	106
FOLD	125	156	156	30147	30147	0	130463
RAIL	24	40	15	109
FOLD	126	157	157	30339	30339	0	131630
RAIL	32	32	15	110
FOLD	128	157	157	30342	30342	0	133368
RAIL	32	32	16	111
FOLD	131	158	158	30534	30534	0	138723
RAIL	11	54	17	113
FOLD	132	159	159	30729	30729	0	139569
RAIL	32	32	17	114
FOLD	133	160	160	30921	30921	0	141175
RAIL	23	41	17	115
FOLD	134	161	161	31113	31113	0	142265
RAIL	32	32	17	116
FOLD	135	162	162	31305	31305	0	144701
RAIL	23	42	17	117
FOLD	136	163	163	31500	31500	0	145851
RAIL	32	32	17	118
FOLD	141	164	164	31695	31695	0	150593
RAIL	22	42	19	121
FOLD	142	165	165	31887	31887	0	151621
RAIL	32	32	19	122
FOLD	147	166	166	32082	32082	0	156322
RAIL	13	52	21	125
FOLD	148	167	167	32277	32277	0	157434
RAIL	32	32	21	126
FOLD	149	168	168	32469	32469	0	158650
RAIL	21	43	21	127
FOLD	150	169	169	32661	32661	0	159982
RAIL	32	32	21	128
FOLD	153	170	170	32856	32856	0	164410
RAIL	14	50	22	130
FOLD	154	171	171	33048	33048	0	165573
RAIL	32	32	22	131
FOLD	159	172	172	33243	33243	0	168871
RAIL	20	45	24	134
FOLD	160	173	173	33438	33438	0	169860
RAIL	32	32	24	135
FOLD	165	174	174	33633	33633	0	174597
RAIL	19	45	26	138
FOLD	166	175	175	33825	33825	0	176165
RAIL	32	32	26	139
FOLD	167	176	176	34017	34017	0	177565
RAIL	19	46	26	140
FOLD	168	177	177	34212	34212	0	179076
RAIL	32	32	26	141
FOLD	169	178	178	34404	34404	0	180334
RAIL	16	48	26	142
FOLD	170	179	179	34596	34596	0	181699
RAIL	32	32	26	143
FOLD	171	180	180	34788	34788	0	183598
RAIL	16	49	26	144
FOLD	172	181	181	34983	34983	0	184859
RAIL	32	32	26	145
FOLD	177	182	182	35178	35178	0	190383
RAIL	17	47	28	148
FOLD	178	183	183	35370	35370	0	191823
RAIL	32	32	28	149
FOLD	183	184	184	35565	35565	0	197703
RAIL	32	32	30	152
FOLD	192	185	185	35763	35763	0	208019
RAIL	4	60	34	157
FOLD	195	186	186	35955	35955	0	210626
RAIL	30	34	35	159
FOLD	196	187	187	36147	36147	0	212043
RAIL	32	32	35	160
FOLD	215	188	188	36345	36345	0	231377
RAIL	32	32	44	170
FOLD	222	189	189	36537	36537	0	239543
RAIL	8	56	47	174
FOLD	223	190	190	36729	36729	0	240606
RAIL	32	32	47	175
FOLD	224	191	191	36921	36921	0	241884
RAIL	8	57	47	176
FOLD	227	192	192	37110	37110	0	247232
RAIL	32	32	48	178
FOLD	228	193	193	37302	37302	0	249206
RAIL	26	39	48	179
FOLD	229	194	194	37497	37497	0	251302
RAIL	32	32	48	180
FOLD	234	195	195	37692	37692	0	257422
RAIL	25	39	50	183
FOLD	235	196	196	37884	37884	0	259180
RAIL	32	32	50	184
FOLD	238	197	197	38079	38079	0	263367
RAIL	10	54	51	186
FOLD	239	198	198	38271	38271	0	264718
RAIL	32	32	51	187
FOLD	244	199	199	38466	38466	0	268758
RAIL	24	41	53	190
FOLD	245	200	200	38661	38661	0	269836
RAIL	32	32	53	191
FOLD	246	201	201	38853	38853	0	272045
RAIL	11	53	53	192
FOLD	247	202	202	39045	39045	0	273131
RAIL	32	32	53	193
FOLD	250	203	203	39240	39240	0	277988
RAIL	23	41	54	195
FOLD	251	204	204	39432	39432	0	279126
RAIL	32	32	54	196
FOLD	256	205	205	39627	39627	0	283240
RAIL	12	53	56	199
FOLD	257	206	206	39822	39822	0	284158
RAIL	32	32	56	200
FOLD	262	207	207	40017	40017	0	289319
RAIL	13	51	58	203
FOLD	263	208	208	40209	40209	0	290250
RAIL	32	32	58	204
FOLD	264	209	209	40401	40401	0	291698
RAIL	13	52	58	205
FOLD	265	210	210	40596	40596	0	292549
RAIL	32	32	58	206
FOLD	266	211	211	40788	40788	0	294269
RAIL	21	43	58	207
FOLD	267	212	212	40980	40980	0	295500
RAIL	32	32	58	208
FOLD	272	213	213	41175	41175	0	301318
RAIL	14	51	60	211
FOLD	273	214	214	41370	41370	0	302324
RAIL	32	32	60	212
FOLD	278	215	215	41565	41565	0	310738
RAIL	15	49	62	215
FOLD	279	216	216	41757	41757	0	312447
RAIL	32	32	62	216
FOLD	280	217	217	41949	41949	0	314966
RAIL	15	50	62	217
FOLD	281	218	218	42144	42144	0	315910
RAIL	32	32	62	218
FOLD	286	219	219	42339	42339	0	322093
RAIL	16	48	64	221
FOLD	287	220	220	42531	42531	0	323214
RAIL	32	32	64	222
FOLD	292	221	221	42726	42726	0	327942
RAIL	18	47	66	225
FOLD	293	222	222	42921	42921	0	329002
RAIL	32	32	66	226
FOLD	294	223	223	43113	43113	0	330390
RAIL	17	47	66	227
FOLD	295	224	224	43305	43305	0	331429
RAIL	32	32	66	228
FOLD	296	225	225	43497	43497	0	333034
RAIL	17	48	66	229
FOLD	297	226	226	43692	43692	0	334054
RAIL	32	32	66	230
FOLD	298	227	227	43884	43884	0	336793
RAIL	32	32	66	231
FOLD	307	228	228	44079	44079	0	347166
RAIL	31	34	70	236
FOLD	308	229	229	44274	44274	0	348351
RAIL	32	32	70	237
FOLD	317	230	230	44469	44469	0	359247
RAIL	29	35	74	242
FOLD	318	231	231	44661	44661	0	360443
RAIL	32	32	74	243
FOLD	319	232	232	44853	44853	0	362021
RAIL	29	36	74	244
FOLD	320	233	233	45048	45048	0	363278
RAIL	32	32	74	245
FOLD	345	234	234	45243	45243	0	392281
RAIL	32	32	86	258
FOLD	346	235	235	45435	45435	0	393532
RAIL	9	56	86	259
FOLD	349	236	236	45624	45624	0	396434
RAIL	32	32	87	261
FOLD	350	237	237	45816	45816	0	397776
RAIL	25	40	87	262
FOLD	351	238	238	46011	46011	0	399270
RAIL	32	32	87	263
FOLD	352	239	239	46203	46203	0	400930
RAIL	10	54	87	264
FOLD	353	240	240	46395	46395	0	401907
RAIL	32	32	87	265
FOLD	354	241	241	46587	46587	0	404001
RAIL	10	55	87	266
FOLD	355	242	242	46782	46782	0	404838
RAIL	32	32	87	267
FOLD	360	243	243	46977	46977	0	410160
RAIL	11	53	89	270
FOLD	361	244	244	47169	47169	0	411130
RAIL	32	32	89	271
FOLD	366	245	245	47364	47364	0	417819
RAIL	23	42	91	274
FOLD	367	246	246	47559	47559	0	419181
RAIL	32	32	91	275
FOLD	368	247	247	47751	47751	0	420373
RAIL	12	52	91	276
FOLD	369	248	248	47943	47943	0	421279
RAIL	32	32	91	277
FOLD	374	249	249	48138	48138	0	426935
RAIL	22	43	93	280
FOLD	375	250	250	48333	48333	0	428236
RAIL	32	32	93	281
FOLD	380	251	251	48528	48528	0	432928
RAIL	21	43	95	284
FOLD	381	252	252	48720	48720	0	434007
RAIL	32	32	95	285
FOLD	382	253	253	48912	48912	0	435550
RAIL	21	44	95	286
FOLD	383	254	254	49107	49107	0	436804
RAIL	32	32	95	287
FOLD	384	255	255	49299	49299	0	439024
RAIL	14	50	95	288
FOLD	385	256	256	49491	49491	0	440007
RAIL	32	32	95	289
FOLD	390	257	257	49686	49686	0	445832
RAIL	20	45	97	292
FOLD	391	258	258	49881	49881	0	447076
RAIL	32	32	97	293
FOLD	396	259	259	50076	50076	0	452098
RAIL	19	45	99	296
FOLD	397	260	260	50268	50268	0	453161
RAIL	32	32	99	297
FOLD	398	261	261	50460	50460	0	454557
RAIL	19	46	99	298
FOLD	399	262	262	50655	50655	0	455731
RAIL	32	32	99	299
FOLD	404	263	263	50850	50850	0	461192
RAIL	18	46	101	302
FOLD	405	264	264	51042	51042	0	462217
RAIL	32	32	101	303
FOLD	410	265	265	51237	51237	0	467716
RAIL	17	48	103	306
FOLD	411	266	266	51432	51432	0	468930
RAIL	32	32	103	307
FOLD	412	267	267	51624	51624	0	470386
RAIL	32	32	103	308
FOLD	413	268	268	51816	51816	0	471952
RAIL	32	32	103	309
FOLD	414	269	269	52008	52008	0	474126
RAIL	32	32	103	310
FOLD	423	270	270	52206	52206	0	484328
RAIL	32	32	107	315
FOLD	424	271	271	52398	52398	0	485793
RAIL	32	32	107	316
FOLD	429	272	272	52593	52593	0	491722
RAIL	32	32	109	319
FOLD	434	273	273	52788	52788	0	496935
RAIL	32	32	111	322
FOLD	435	274	274	52980	52980	0	498472
RAIL	6	58	111	323
FOLD	436	275	275	53172	53172	0	499404
RAIL	32	32	111	324
FOLD	437	276	276	53364	53364	0	500590
RAIL	32	32	111	325
FOLD	440	277	277	53556	53556	0	504410
RAIL	28	37	112	327
FOLD	441	278	278	53751	53751	0	505997
RAIL	32	32	112	328
FOLD	460	279	279	53949	53949	0	521902
RAIL	9	56	121	338
FOLD	467	280	280	54141	54141	0	527877
RAIL	32	32	124	342
FOLD	468	281	281	54333	54333	0	529174
RAIL	10	55	124	343
FOLD	471	282	282	54522	54522	0	531825
RAIL	32	32	125	345
FOLD	472	283	283	54714	54714	0	533047
RAIL	24	41	125	346
FOLD	473	284	284	54909	54909	0	534190
RAIL	32	32	125	347
FOLD	474	285	285	55101	55101	0	536204
RAIL	11	53	125	348
FOLD	475	286	286	55293	55293	0	537095
RAIL	32	32	125	349
FOLD	480	287	287	55488	55488	0	541343
RAIL	23	42	127	352
FOLD	481	288	288	55683	55683	0	542600
RAIL	32	32	127	353
FOLD	486	289	289	55878	55878	0	548329
RAIL	22	42	129	356
FOLD	487	290	290	56070	56070	0	549322
RAIL	32	32	129	357
FOLD	488	291	291	56262	56262	0	550741
RAIL	22	43	129	358
FOLD	489	292	292	56457	56457	0	551862
RAIL	32	32	129	359
FOLD	492	293	293	56649	56649	0	555099
RAIL	13	52	130	361
FOLD	493	294	294	56844	56844	0	555961
RAIL	32	32	130	362
FOLD	498	295	295	57039	57039	0	559240
RAIL	14	50	132	365
FOLD	499	296	296	57231	57231	0	560118
RAIL	32	32	132	366
FOLD	504	297	297	57426	57426	0	564525
RAIL	20	45	134	369
FOLD	505	298	298	57621	57621	0	565621
RAIL	32	32	134	370
FOLD	506	299	299	57813	57813	0	566903
RAIL	15	49	134	371
FOLD	507	300	300	58005	58005	0	567771
RAIL	32	32	134	372
FOLD	508	301	301	58197	58197	0	568980
RAIL	15	50	134	373
FOLD	509	302	302	58392	58392	0	569938
RAIL	32	32	134	374
FOLD	512	301	302	58200	58392	0	572803
RAIL	19	46	136	375
FOLD	514	303	303	58587	58587	0	575054
RAIL	16	48	136	377
FOLD	515	304	304	58779	58779	0	576005
RAIL	32	32	136	378
FOLD	520	305	305	58974	58974	0	580577
RAIL	18	47	138	381
FOLD	521	306	306	59169	59169	0	581631
RAIL	32	32	138	382
FOLD	522	307	307	59361	59361	0	582967
RAIL	17	47	138	383
FOLD	523	308	308	59553	59553	0	583880
RAIL	32	32	138	384
FOLD	532	309	309	59751	59751	0	592578
RAIL	32	32	142	389
FOLD	533	310	310	59943	59943	0	593724
RAIL	31	33	142	390
FOLD	534	311	311	60135	60135	0	597416
RAIL	32	32	142	391
FOLD	535	312	312	60327	60327	0	600608
RAIL	31	34	142	392
FOLD	536	313	313	60522	60522	0	602407
RAIL	32	32	142	393
FOLD	545	314	314	60717	60717	0	614361
RAIL	29	35	146	398
FOLD	546	315	315	60909	60909	0	615433
RAIL	32	32	146	399
FOLD	559	316	316	61107	61107	0	630563
RAIL	27	37	152	406
FOLD	560	317	317	61299	61299	0	633434
RAIL	32	32	152	407
FOLD	579	318	318	61500	61500	0	650057
RAIL	10	54	161	417
FOLD	580	319	319	61692	61692	0	651428
RAIL	32	32	161	418
FOLD	587	320	320	61884	61884	0	657574
RAIL	11	53	164	422
FOLD	588	321	321	62076	62076	0	658598
RAIL	32	32	164	423
FOLD	589	322	322	62268	62268	0	659861
RAIL	11	54	164	424
FOLD	592	323	323	62457	62457	0	662683
RAIL	32	32	165	426
FOLD	593	324	324	62649	62649	0	663960
RAIL	23	42	165	427
FOLD	594	325	325	62844	62844	0	665037
RAIL	32	32	165	428
FOLD	595	326	326	63036	63036	0	666334
RAIL	12	52	165	429
FOLD	596	327	327	63228	63228	0	667259
RAIL	32	32	165	430
FOLD	597	328	328	63420	63420	0	669173
RAIL	12	53	165	431
FOLD	598	329	329	63615	63615	0	670135
RAIL	32	32	165	432
FOLD	603	330	330	63810	63810	0	674735
RAIL	13	51	167	435
FOLD	604	331	331	64002	64002	0	675692
RAIL	32	32	167	436
FOLD	609	332	332	64197	64197	0	680544
RAIL	21	44	169	439
FOLD	610	333	333	64392	64392	0	681535
RAIL	32	32	169	440
FOLD	611	334	334	64584	64584	0	682778
RAIL	14	50	169	441
FOLD	612	335	335	64776	64776	0	683689
RAIL	32	32	169	442
FOLD	617	336	336	64971	64971	0	689988
RAIL	20	45	171	445
FOLD	618	337	337	65166	65166	0	691219
RAIL	32	32	171	446
FOLD	623	338	338	65361	65361	0	695774
RAIL	19	45	173	449
FOLD	624	339	339	65553	65553	0	696847
RAIL	32	32	173	450
FOLD	625	340	340	65745	65745	0	698083
RAIL	19	46	173	451
FOLD	626	341	341	65940	65940	0	699155
RAIL	32	32	173	452
FOLD	627	342	342	66132	66132	0	701024
RAIL	16	48	173	453
FOLD	628	343	343	66324	66324	0	701991
RAIL	32	32	173	454
FOLD	633	344	344	66519	66519	0	706767
RAIL	18	47	175	457
FOLD	634	345	345	66714	66714	0	707774
RAIL	32	32	175	458
FOLD	639	346	346	66909	66909	0	712259
RAIL	32	32	177	461
FOLD	640	347	347	67101	67101	0	713492
RAIL	32	32	177	462
FOLD	649	348	348	67299	67299	0	722886
RAIL	32	32	181	467
FOLD	650	349	349	67491	67491	0	724176
RAIL	32	32	181	468
FOLD	651	350	350	67683	67683	0	725402
RAIL	32	32	181	469
FOLD	652	351	351	67875	67875	0	727273
RAIL	30	34	181	470
FOLD	653	352	352	68067	68067	0	728425
RAIL	32	32	181	471
FOLD	662	353	353	68265	68265	0	738075
RAIL	6	58	185	476
FOLD	669	354	354	68460	68460	0	744838
RAIL	7	57	188	480
FOLD	670	355	355	68652	68652	0	745559
RAIL	32	32	188	481
FOLD	675	356	356	68847	68847	0	752410
RAIL	32	32	190	484
FOLD	676	357	357	69039	69039	0	753619
RAIL	8	56	190	485
FOLD	701	358	358	69237	69237	0	774939
RAIL	32	32	202	498
FOLD	702	359	359	69429	69429	0	776216
RAIL	11	54	202	499
FOLD	705	360	360	69618	69618	0	779138
RAIL	32	32	203	501
FOLD	706	361	361	69810	69810	0	780406
RAIL	23	42	203	502
FOLD	707	362	362	70005	70005	0	781625
RAIL	32	32	203	503
FOLD	708	363	363	70197	70197	0	783541
RAIL	12	52	203	504
FOLD	709	364	364	70389	70389	0	784628
RAIL	32	32	203	505
FOLD	720	365	365	70584	70584	0	796057
RAIL	21	43	208	511
FOLD	721	366	366	70776	70776	0	797287
RAIL	32	32	208	512
FOLD	722	367	367	70968	70968	0	798546
RAIL	21	44	208	513
FOLD	723	368	368	71163	71163	0	799682
RAIL	32	32	208	514
FOLD	728	369	369	71358	71358	0	805116
RAIL	20	44	210	517
FOLD	729	370	370	71550	71550	0	806231
RAIL	32	32	210	518
FOLD	734	371	371	71745	71745	0	811312
RAIL	15	50	212	521
FOLD	735	372	372	71940	71940	0	812339
RAIL	32	32	212	522
FOLD	736	373	373	72132	72132	0	813526
RAIL	19	45	212	523
FOLD	737	374	374	72324	72324	0	814705
RAIL	32	32	212	524
FOLD	738	375	375	72516	72516	0	815924
RAIL	19	46	212	525
FOLD	739	376	376	72711	72711	0	816967
RAIL	32	32	212	526
FOLD	742	377	377	72903	72903	0	820591
RAIL	16	49	213	528
FOLD	743	378	378	73098	73098	0	821579
RAIL	32	32	213	529
FOLD	748	379	379	73293	73293	0	825114
RAIL	17	47	215	532
FOLD	749	380	380	73485	73485	0	826153
RAIL	32	32	215	533
FOLD	754	381	381	73680	73680	0	831999
RAIL	32	32	217	536
FOLD	757	382	382	73875	73875	0	836030
RAIL	32	32	218	538
FOLD	762	383	383	74070	74070	0	839488
RAIL	32	32	220	541
FOLD	767	384	384	74262	74262	0	844254
RAIL	30	35	222	544
FOLD	768	385	385	74457	74457	0	845401
RAIL	32	32	222	545
FOLD	769	386	386	74649	74649	0	846610
RAIL	32	32	222	546
FOLD	770	387	387	74841	74841	0	848439
RAIL	32	32	222	547
FOLD	775	388	388	75036	75036	0	853596
RAIL	32	32	224	550
FOLD	780	389	389	75231	75231	0	858478
RAIL	32	32	226	553
FOLD	781	390	390	75423	75423	0	859599
RAIL	7	57	226	554
FOLD	782	391	391	75615	75615	0	860309
RAIL	32	32	226	555
FOLD	787	392	392	75810	75810	0	865635
RAIL	32	32	228	558
FOLD	792	393	393	76002	76002	0	869984
RAIL	32	32	230	561
FOLD	793	394	394	76194	76194	0	871278
RAIL	26	39	230	562
FOLD	794	395	395	76389	76389	0	872388
RAIL	32	32	230	563
FOLD	795	396	396	76581	76581	0	873459
RAIL	9	55	230	564
FOLD	824	397	397	76776	76776	0	898639
RAIL	32	32	244	579
FOLD	825	398	398	76968	76968	0	899791
RAIL	22	43	244	580
FOLD	826	399	399	77163	77163	0	900844
RAIL	32	32	244	581
FOLD	827	400	400	77355	77355	0	902050
RAIL	13	51	244	582
FOLD	828	401	401	77547	77547	0	903061
RAIL	32	32	244	583
FOLD	829	402	402	77739	77739	0	904259
RAIL	13	52	244	584
FOLD	832	403	403	77928	77928	0	907722
RAIL	32	32	245	586
FOLD	837	404	404	78123	78123	0	912825
RAIL	14	51	247	589
FOLD	838	405	405	78318	78318	0	913909
RAIL	32	32	247	590
FOLD	843	406	406	78513	78513	0	919461
RAIL	15	49	249	593
FOLD	844	407	407	78705	78705	0	920493
RAIL	32	32	249	594
FOLD	845	408	408	78897	78897	0	921741
RAIL	15	50	249	595
FOLD	846	409	409	79092	79092	0	922791
RAIL	32	32	249	596
FOLD	851	410	410	79287	79287	0	928850
RAIL	16	48	251	599
FOLD	852	411	411	79479	79479	0	929986
RAIL	32	32	251	600
FOLD	857	412	412	79674	79674	0	934968
RAIL	18	47	253	603
FOLD	858	413	413	79869	79869	0	936057
RAIL	32	32	253	604
FOLD	859	414	414	80061	80061	0	937237
RAIL	17	47	253	605
FOLD	860	415	415	80253	80253	0	938346
RAIL	32	32	253	606
FOLD	861	416	416	80445	80445	0	939562
RAIL	17	48	253	607
FOLD	862	417	417	80640	80640	0	940646
RAIL	32	32	253	608
FOLD	871	418	418	80835	80835	0	950059
RAIL	32	32	257	613
FOLD	880	419	419	81033	81033	0	958971
RAIL	32	32	261	618
FOLD	881	420	420	81225	81225	0	960119
RAIL	32	32	261	619
FOLD	882	421	421	81417	81417	0	961278
RAIL	29	35	261	620
FOLD	883	422	422	81609	81609	0	962461
RAIL	32	32	261	621
FOLD	884	423	423	81801	81801	0	964276
RAIL	29	36	261	622
FOLD	885	424	424	81996	81996	0	965422
RAIL	32	32	261	623
FOLD	896	425	425	82191	82191	0	975514
RAIL	32	32	266	629
FOLD	899	426	426	82386	82386	0	979062
RAIL	8	56	267	631
FOLD	900	427	427	82578	82578	0	980185
RAIL	32	32	267	632
FOLD	905	428	428	82773	82773	0	983508
RAIL	32	32	269	635
FOLD	910	429	429	82968	82968	0	987888
RAIL	25	39	271	638
FOLD	911	430	430	83160	83160	0	988984
RAIL	32	32	271	639
FOLD	912	431	431	83352	83352	0	990091
RAIL	25	40	271	640
FOLD	913	432	432	83547	83547	0	991217
RAIL	32	32	271	641
FOLD	914	433	433	83739	83739	0	992347
RAIL	10	54	271	642
FOLD	915	434	434	83931	83931	0	993858
RAIL	32	32	271	643
FOLD	940	435	435	84129	84129	0	1015329
RAIL	13	52	283	656
FOLD	943	436	436	84318	84318	0	1018010
RAIL	32	32	284	658
FOLD	944	437	437	84510	84510	0	1019209
RAIL	21	44	284	659
FOLD	945	438	438	84705	84705	0	1020265
RAIL	32	32	284	660
FOLD	946	439	439	84897	84897	0	1021447
RAIL	14	50	284	661
FOLD	947	440	440	85089	85089	0	1022416
RAIL	32	32	284	662
FOLD	948	441	441	85281	85281	0	1024234
RAIL	14	51	284	663
FOLD	955	442	442	85473	85473	0	1030455
RAIL	32	32	287	667
FOLD	960	443	443	85668	85668	0	1035595
RAIL	19	46	289	670
FOLD	961	444	444	85863	85863	0	1036618
RAIL	32	32	289	671
FOLD	962	445	445	86055	86055	0	1037818
RAIL	16	48	289	672
FOLD	963	446	446	86247	86247	0	1038978
RAIL	32	32	289	673
FOLD	968	447	447	86442	86442	0	1044498
RAIL	18	47	291	676
FOLD	969	448	448	86637	86637	0	1045581
RAIL	32	32	291	677
FOLD	974	449	449	86832	86832	0	1050240
RAIL	32	32	293	680
FOLD	975	450	450	87024	87024	0	1051504
RAIL	32	32	293	681
FOLD	976	451	451	87216	87216	0	1052773
RAIL	32	32	293	682
FOLD	985	452	452	87414	87414	0	1062157
RAIL	32	32	297	687
FOLD	986	453	453	87606	87606	0	1063435
RAIL	32	32	297	688
FOLD	991	454	454	87801	87801	0	1068908
RAIL	32	32	299	691
FOLD	996	455	455	87996	87996	0	1074920
RAIL	32	32	301	694
FOLD	997	456	456	88188	88188	0	1076135
RAIL	32	32	301	695
FOLD	998	457	457	88380	88380	0	1077375
RAIL	32	32	301	696
FOLD	999	458	458	88572	88572	0	1079308
RAIL	28	36	301	697
FOLD	1000	459	459	88764	88764	0	1080471
RAIL	32	32	301	698
FOLD	1017	460	460	88965	88965	0	1095736
RAIL	9	55	309	707
FOLD	1018	461	461	89157	89157	0	1096968
RAIL	32	32	309	708
FOLD	1023	462	462	89352	89352	0	1101359
RAIL	25	40	311	711
FOLD	1024	463	463	89547	89547	0	1102569
RAIL	32	32	311	712
FOLD	1025	464	464	89739	89739	0	1103818
RAIL	10	54	311	713
FOLD	1028	465	465	89934	89934	0	1105905
RAIL	32	32	312	715
FOLD	1033	466	466	90129	90129	0	1111228
RAIL	11	53	314	718
FOLD	1034	467	467	90321	90321	0	1112531
RAIL	32	32	314	719
FOLD	1041	468	468	90513	90513	0	1119069
RAIL	12	52	317	723
FOLD	1056	469	469	90711	90711	0	1132619
RAIL	32	32	324	731
FOLD	1057	470	470	90903	90903	0	1133822
RAIL	14	50	324	732
FOLD	1058	471	471	91095	91095	0	1135324
RAIL	32	32	324	733
FOLD	1059	472	472	91287	91287	0	1136574
RAIL	14	51	324	734
FOLD	1062	473	473	91476	91476	0	1139527
RAIL	32	32	325	736
FOLD	1063	474	474	91668	91668	0	1140732
RAIL	20	45	325	737
FOLD	1064	475	475	91863	91863	0	1141863
RAIL	32	32	325	738
FOLD	1065	476	476	92055	92055	0	1143149
RAIL	15	49	325	739
FOLD	1066	477	477	92247	92247	0	1144172
RAIL	32	32	325	740
FOLD	1067	478	478	92439	92439	0	1146057
RAIL	15	50	325	741
FOLD	1074	479	479	92631	92631	0	1153072
RAIL	32	32	328	745
FOLD	1079	480	480	92826	92826	0	1158632
RAIL	18	47	330	748
FOLD	1080	481	481	93021	93021	0	1159754
RAIL	32	32	330	749
FOLD	1081	482	482	93213	93213	0	1160933
RAIL	17	47	330	750
FOLD	1082	483	483	93405	93405	0	1162791
RAIL	32	32	330	751
FOLD	1091	484	484	93603	93603	0	1173025
RAIL	32	32	334	756
FOLD	1092	485	485	93795	93795	0	1174800
RAIL	31	33	334	757
FOLD	1093	486	486	93987	93987	0	1176017
RAIL	32	32	334	758
FOLD	1102	487	487	94185	94185	0	1184690
RAIL	32	32	338	763
FOLD	1103	488	488	94377	94377	0	1185973
RAIL	32	32	338	764
FOLD	1108	489	489	94572	94572	0	1191691
RAIL	32	32	340	767
FOLD	1113	490	490	94767	94767	0	1196585
RAIL	32	32	342	770
FOLD	1114	491	491	94959	94959	0	1197777
RAIL	7	57	342	771
FOLD	1115	492	492	95151	95151	0	1198906
RAIL	32	32	342	772
FOLD	1116	493	493	95343	95343	0	1200064
RAIL	32	32	342	773
FOLD	1117	494	494	95535	95535	0	1201842
RAIL	27	37	342	774
FOLD	1118	495	495	95727	95727	0	1203234
RAIL	32	32	342	775
FOLD	1143	496	496	95931	95931	0	1225937
RAIL	32	32	354	788
FOLD	1144	497	497	96123	96123	0	1227206
RAIL	11	53	354	789
FOLD	1147	498	498	96318	96318	0	1229296
RAIL	32	32	355	791
FOLD	1150	499	499	96510	96510	0	1233136
RAIL	23	42	356	793
FOLD	1151	500	500	96705	96705	0	1234454
RAIL	32	32	356	794
FOLD	1168	501	501	96897	96897	0	1248496
RAIL	14	50	364	803
FOLD	1175	502	502	97095	97095	0	1252984
RAIL	32	32	367	807
FOLD	1182	503	503	97284	97284	0	1259782
RAIL	19	46	370	811
FOLD	1183	504	504	97479	97479	0	1260814
RAIL	32	32	370	812
FOLD	1184	505	505	97671	97671	0	1261969
RAIL	16	48	370	813
FOLD	1185	506	506	97863	97863	0	1263024
RAIL	32	32	370	814
FOLD	1186	507	507	98055	98055	0	1264231
RAIL	16	49	370	815
FOLD	1189	508	508	98244	98244	0	1267819
RAIL	32	32	371	817
FOLD	1194	509	509	98439	98439	0	1272560
RAIL	17	48	373	820
FOLD	1195	510	510	98634	98634	0	1273553
RAIL	32	32	373	821
FOLD	1200	511	511	98829	98829	0	1278920
RAIL	32	32	375	824
FOLD	1209	512	512	99024	99024	0	1288366
RAIL	30	34	379	829
FOLD	1210	513	513	99216	99216	0	1289502
RAIL	32	32	379	830
FOLD	1211	514	514	99408	99408	0	1290927
RAIL	30	35	379	831
FOLD	1212	515	515	99603	99603	0	1292021
RAIL	32	32	379	832
FOLD	1221	516	516	99798	99798	0	1302233
RAIL	28	36	383	837
FOLD	1222	517	517	99990	99990	0	1303415
RAIL	32	32	383	838
FOLD	1235	518	518	100188	100188	0	1318430
RAIL	26	38	389	845
FOLD	1236	519	519	100380	100380	0	1319634
RAIL	32	32	389	846
FOLD	1237	520	520	100572	100572	0	1321367
RAIL	26	39	389	847
FOLD	1238	521	521	100767	100767	0	1322646
RAIL	32	32	389	848
FOLD	1255	522	522	100959	100959	0	1343498
RAIL	11	53	397	857
FOLD	1262	523	523	101157	101157	0	1348716
RAIL	32	32	400	861
FOLD	1269	524	524	101352	101352	0	1355947
RAIL	22	43	403	865
FOLD	1270	525	525	101547	101547	0	1357143
RAIL	32	32	403	866
FOLD	1271	526	526	101739	101739	0	1358346
RAIL	13	51	403	867
FOLD	1272	527	527	101931	101931	0	1359772
RAIL	32	32	403	868
FOLD	1297	528	528	102129	102129	0	1385581
RAIL	16	49	415	881
FOLD	1300	529	529	102318	102318	0	1390596
RAIL	32	32	416	883
FOLD	1301	530	530	102510	102510	0	1392633
RAIL	18	47	416	884
FOLD	1302	531	531	102705	102705	0	1394563
RAIL	32	32	416	885
FOLD	1303	532	532	102897	102897	0	1396605
RAIL	17	47	416	886
FOLD	1304	533	533	103089	103089	0	1398569
RAIL	32	32	416	887
FOLD	1305	534	534	103281	103281	0	1400736
RAIL	17	48	416	888
FOLD	1318	535	535	103476	103476	0	1421133
RAIL	32	32	422	895
FOLD	1319	536	536	103668	103668	0	1422486
RAIL	32	32	422	896
FOLD	1322	537	537	103860	103860	0	1426721
RAIL	30	35	423	898
FOLD	1323	538	538	104055	104055	0	1427978
RAIL	32	32	423	899
FOLD	1332	539	539	104250	104250	0	1440295
RAIL	28	36	427	904
FOLD	1333	540	540	104442	104442	0	1441988
RAIL	32	32	427	905
FOLD	1334	541	541	104634	104634	0	1443843
RAIL	28	37	427	906
FOLD	1335	542	542	104829	104829	0	1445111
RAIL	32	32	427	907
FOLD	1346	543	543	105024	105024	0	1456571
RAIL	26	38	432	913
FOLD	1347	544	544	105216	105216	0	1457901
RAIL	32	32	432	914
FOLD	1358	545	545	105417	105417	0	1471333
RAIL	10	54	437	920
FOLD	1359	546	546	105609	105609	0	1472729
RAIL	32	32	437	921
FOLD	1360	547	547	105801	105801	0	1474402
RAIL	10	55	437	922
FOLD	1363	548	548	105990	105990	0	1477374
RAIL	32	32	438	924
FOLD	1364	549	549	106182	106182	0	1479493
RAIL	24	41	438	925
FOLD	1365	550	550	106377	106377	0	1480774
RAIL	32	32	438	926
FOLD	1378	551	551	106572	106572	0	1494520
RAIL	22	42	444	933
FOLD	1379	552	552	106764	106764	0	1495911
RAIL	32	32	444	934
FOLD	1390	553	553	106965	106965	0	1507652
RAIL	14	50	449	940
FOLD	1391	554	554	107157	107157	0	1509572
RAIL	32	32	449	941
FOLD	1392	555	555	107349	107349	0	1510858
RAIL	14	51	449	942
FOLD	1395	556	556	107538	107538	0	1514333
RAIL	32	32	450	944
FOLD	1422	557	557	107733	107733	0	1546124
RAIL	32	32	463	958
FOLD	1423	558	558	107925	107925	0	1547675
RAIL	32	32	463	959
FOLD	1424	559	559	108117	108117	0	1550097
RAIL	32	32	463	960
FOLD	1429	560	560	108312	108312	0	1556671
RAIL	32	32	465	963
FOLD	1434	561	561	108507	108507	0	1564334
RAIL	32	32	467	966
FOLD	1435	562	562	108699	108699	0	1565947
RAIL	32	32	467	967
FOLD	1440	563	563	108894	108894	0	1573446
RAIL	32	32	469	970
FOLD	1445	564	564	109086	109086	0	1579597
RAIL	28	37	471	973
FOLD	1446	565	565	109281	109281	0	1581448
RAIL	32	32	471	974
FOLD	1447	566	566	109473	109473	0	1583108
RAIL	32	32	471	975
FOLD	1450	567	567	109665	109665	0	1587748
RAIL	32	32	472	977
FOLD	1455	568	568	109860	109860	0	1591530
RAIL	32	32	474	980
FOLD	1460	569	569	110055	110055	0	1597682
RAIL	9	55	476	983
FOLD	1461	570	570	110247	110247	0	1598806
RAIL	32	32	476	984
FOLD	1462	571	571	110439	110439	0	1600285
RAIL	9	56	476	985
FOLD	1475	572	572	110637	110637	0	1613699
RAIL	32	32	482	992
FOLD	1476	573	573	110829	110829	0	1615302
RAIL	11	53	482	993
FOLD	1477	574	574	111021	111021	0	1616744
RAIL	32	32	482	994
FOLD	1478	575	575	111213	111213	0	1618413
RAIL	11	54	482	995
FOLD	1481	576	576	111402	111402	0	1622801
RAIL	32	32	483	997
FOLD	1486	577	577	111597	111597	0	1628709
RAIL	12	53	485	1000
FOLD	1495	578	578	111792	111792	0	1638153
RAIL	32	32	489	1005
FOLD	1500	579	579	111987	111987	0	1648770
RAIL	14	50	491	1008
FOLD	1507	580	580	112185	112185	0	1657177
RAIL	32	32	494	1012
FOLD	1508	581	581	112377	112377	0	1658698
RAIL	15	49	494	1013
FOLD	1509	582	582	112569	112569	0	1661504
RAIL	32	32	494	1014
FOLD	1510	583	583	112761	112761	0	1663075
RAIL	15	50	494	1015
FOLD	1539	584	584	112950	112950	0	1700546
RAIL	32	32	508	1030
FOLD	1540	585	585	113142	113142	0	1702178
RAIL	32	32	508	1031
FOLD	1541	586	586	113334	113334	0	1704645
RAIL	30	34	508	1032
FOLD	1542	587	587	113526	113526	0	1706307
RAIL	32	32	508	1033
FOLD	1551	588	588	113724	113724	0	1717596
RAIL	32	32	512	1038
FOLD	1552	589	589	113916	113916	0	1719264
RAIL	32	32	512	1039
FOLD	1557	590	590	114111	114111	0	1725947
RAIL	32	32	514	1042
FOLD	1562	591	591	114306	114306	0	1732059
RAIL	32	32	516	1045
FOLD	1563	592	592	114498	114498	0	1733719
RAIL	8	56	516	1046
FOLD	1564	593	593	114690	114690	0	1735404
RAIL	32	32	516	1047
FOLD	1565	594	594	114882	114882	0	1737702
RAIL	32	32	516	1048
FOLD	1570	595	595	115077	115077	0	1744140
RAIL	9	55	518	1051
FOLD	1571	596	596	115269	115269	0	1745173
RAIL	32	32	518	1052
FOLD	1578	597	597	115461	115461	0	1753381
RAIL	10	54	521	1056
FOLD	1595	598	598	115659	115659	0	1770116
RAIL	32	32	529	1065
FOLD	1596	599	599	115851	115851	0	1771453
RAIL	12	53	529	1066
FOLD	1599	600	600	116040	116040	0	1774971
RAIL	32	32	530	1068
FOLD	1600	601	601	116232	116232	0	1776944
RAIL	22	43	530	1069
FOLD	1601	602	602	116427	116427	0	1778582
RAIL	32	32	530	1070
FOLD	1614	603	603	116622	116622	0	1793910
RAIL	20	44	536	1077
FOLD	1615	604	604	116814	116814	0	1795862
RAIL	32	32	536	1078
FOLD	1654	605	605	117009	117009	0	1843816
RAIL	32	32	555	1098
FOLD	1655	606	606	117201	117201	0	1845147
RAIL	32	32	555	1099
FOLD	1656	607	607	117393	117393	0	1847141
RAIL	32	32	555	1100
FOLD	1661	608	608	117588	117588	0	1853258
RAIL	32	32	557	1103
FOLD	1666	609	609	117783	117783	0	1861121
RAIL	32	32	559	1106
FOLD	1667	610	610	117975	117975	0	1862881
RAIL	32	32	559	1107
FOLD	1672	611	611	118170	118170	0	1869939
RAIL	32	32	561	1110
FOLD	1679	612	612	118365	118365	0	1877853
RAIL	32	32	564	1114
FOLD	1680	613	613	118557	118557	0	1879293
RAIL	9	55	564	1115
FOLD	1681	614	614	118749	118749	0	1880920
RAIL	32	32	564	1116
FOLD	1686	615	615	118944	118944	0	1887871
RAIL	32	32	566	1119
FOLD	1709	616	616	119139	119139	0	1916137
RAIL	22	43	577	1131
FOLD	1710	617	617	119334	119334	0	1917529
RAIL	32	32	577	1132
FOLD	1711	618	618	119526	119526	0	1919930
RAIL	13	51	577	1133
FOLD	1712	619	619	119718	119718	0	1922449
RAIL	32	32	577	1134
FOLD	1765	620	620	119910	119910	0	1980983
RAIL	32	32	603	1161
FOLD	1766	621	621	120102	120102	0	1982722
RAIL	29	35	603	1162
FOLD	1767	622	622	120294	120294	0	1984077
RAIL	32	32	603	1163
FOLD	1768	623	623	120486	120486	0	1986540
RAIL	29	36	603	1164
FOLD	1769	624	624	120681	120681	0	1987887
RAIL	32	32	603	1165
FOLD	1778	625	625	120876	120876	0	1999588
RAIL	27	37	607	1170
FOLD	1779	626	626	121068	121068	0	2000869
RAIL	32	32	607	1171
FOLD	1792	627	627	121266	121266	0	2015185
RAIL	25	39	613	1178
FOLD	1793	628	628	121458	121458	0	2016386
RAIL	32	32	613	1179
FOLD	1798	629	629	121653	121653	0	2021981
RAIL	10	55	615	1182
FOLD	1799	630	630	121848	121848	0	2023193
RAIL	32	32	615	1183
FOLD	1804	631	631	122043	122043	0	2028710
RAIL	11	53	617	1186
FOLD	1811	632	632	122235	122235	0	2039619
RAIL	32	32	620	1190
FOLD	1878	633	633	122430	122430	0	2113120
RAIL	32	32	653	1224
FOLD	1879	634	634	122622	122622	0	2114573
RAIL	32	32	653	1225
FOLD	1880	635	635	122814	122814	0	2116172
RAIL	32	32	653	1226
FOLD	1881	636	636	123006	123006	0	2118496
RAIL	28	36	653	1227
FOLD	1882	637	637	123198	123198	0	2119690
RAIL	32	32	653	1228
FOLD	1889	638	638	123393	123393	0	2128277
RAIL	27	38	656	1232
FOLD	1890	639	639	123588	123588	0	2130149
RAIL	32	32	656	1233
FOLD	1897	640	640	123783	123783	0	2138091
RAIL	32	32	659	1237
FOLD	1908	641	641	123981	123981	0	2150230
RAIL	32	32	664	1243
FOLD	1909	642	642	124173	124173	0	2152004
RAIL	24	40	664	1244
FOLD	1910	643	643	124365	124365	0	2153244
RAIL	32	32	664	1245
FOLD	1911	644	644	124557	124557	0	2154910
RAIL	24	41	664	1246
FOLD	1912	645	645	124752	124752	0	2156160
RAIL	32	32	664	1247
FOLD	1917	646	646	124947	124947	0	2164075
RAIL	23	41	666	1250
FOLD	1918	647	647	125139	125139	0	2165602
RAIL	32	32	666	1251
FOLD	1993	648	648	125334	125334	0	2247092
RAIL	32	32	703	1289
FOLD	1994	649	649	125526	125526	0	2248534
RAIL	32	32	703	1290
FOLD	1995	650	650	125718	125718	0	2249820
RAIL	32	32	703	1291
FOLD	1996	651	651	125910	125910	0	2251194
RAIL	27	37	703	1292
FOLD	1997	652	652	126102	126102	0	2252529
RAIL	32	32	703	1293
FOLD	1998	653	653	126294	126294	0	2254153
RAIL	27	38	703	1294
FOLD	1999	654	654	126489	126489	0	2255459
RAIL	32	32	703	1295
FOLD	2000	655	655	126681	126681	0	2257035
RAIL	8	56	703	1296
FOLD	2001	656	656	126873	126873	0	2259199
RAIL	32	32	703	1297
FOLD	2002	657	657	127065	127065	0	2261191
RAIL	32	32	703	1298
FOLD	2007	658	658	127260	127260	0	2266711
RAIL	9	55	705	1301
FOLD	2014	659	659	127455	127455	0	2277133
RAIL	10	54	708	1305
FOLD	2015	660	660	127647	127647	0	2280061
RAIL	32	32	708	1306
FOLD	2020	661	661	127842	127842	0	2287456
RAIL	24	41	710	1309
FOLD	2027	662	662	128034	128034	0	2296815
RAIL	32	32	713	1313
FOLD	2028	663	663	128226	128226	0	2298086
RAIL	23	42	713	1314
FOLD	2031	664	664	128415	128415	0	2302862
RAIL	32	32	714	1316
FOLD	2048	657	664	127071	128421	0	2319555
RAIL	14	51	726	1321
FOLD	2102	665	665	128619	128619	0	2391689
RAIL	32	32	749	1352
FOLD	2103	666	666	128811	128811	0	2392904
RAIL	32	32	749	1353
FOLD	2108	667	667	129006	129006	0	2399295
RAIL	32	32	751	1356
FOLD	2115	668	668	129201	129201	0	2409169
RAIL	32	32	754	1360
FOLD	2116	669	669	129393	129393	0	2410702
RAIL	9	55	754	1361
FOLD	2117	670	670	129585	129585	0	2412987
RAIL	32	32	754	1362
FOLD	2118	671	671	129777	129777	0	2414423
RAIL	32	32	754	1363
FOLD	2119	672	672	129969	129969	0	2416769
RAIL	25	39	754	1364
FOLD	2120	673	673	130161	130161	0	2418146
RAIL	32	32	754	1365
FOLD	2153	674	674	130353	130353	0	2457857
RAIL	21	44	770	1382
FOLD	2208	675	675	130551	130551	0	2511577
RAIL	28	36	797	1410
FOLD	2209	676	676	130743	130743	0	2513012
RAIL	32	32	797	1411
FOLD	2218	677	677	130941	130941	0	2523502
RAIL	8	56	801	1416
FOLD	2219	678	678	131133	131133	0	2526505
RAIL	32	32	801	1417
FOLD	2220	679	679	131325	131325	0	2527797
RAIL	32	32	801	1418
FOLD	2239	680	680	131511	131511	0	2551164
RAIL	32	32	810	1428
FOLD	2240	681	681	131703	131703	0	2553313
RAIL	11	53	810	1429
FOLD	2271	682	682	131901	131901	0	2592669
RAIL	32	32	825	1445
FOLD	2312	683	683	132093	132093	0	2638463
RAIL	32	32	845	1466
FOLD	2321	684	684	132291	132291	0	2645990
RAIL	32	32	849	1471
FOLD	2322	685	685	132483	132483	0	2647110
RAIL	32	32	849	1472
FOLD	2323	686	686	132675	132675	0	2648254
RAIL	27	37	849	1473
FOLD	2324	687	687	132867	132867	0	2649845
RAIL	32	32	849	1474
FOLD	4096	647	687	125121	132873	0	5021882
RAIL	32	32	1755	2340
