INPUT	50957223198427531	56	27	284
FRAME	1	0	1	1	33
FOLD	1	1	1	168	168	0	49
RAIL	2	54	0	0
FOLD	2	1	1	171	171	0	60
RAIL	2	55	1	0
FOLD	4	3	3	507	507	0	340
RAIL	28	29	2	1
FOLD	5	5	5	846	846	0	593
RAIL	3	53	2	2
FOLD	8	7	7	1185	1185	0	971
RAIL	27	30	4	3
FOLD	9	9	9	1524	1524	0	1260
RAIL	4	52	4	4
FOLD	12	11	11	1863	1863	0	1662
RAIL	26	31	6	5
FOLD	13	13	13	2202	2202	0	1909
RAIL	5	51	6	6
FOLD	14	15	15	2541	2541	0	2958
RAIL	5	52	6	7
FOLD	15	17	17	2880	2880	0	3180
RAIL	25	31	6	8
FOLD	16	19	19	3219	3219	0	3409
RAIL	25	32	6	9
FOLD	17	21	21	3558	3558	0	3741
RAIL	6	50	6	10
FOLD	18	23	23	3897	3897	0	3973
RAIL	6	51	6	11
FOLD	19	25	25	4236	4236	0	4190
RAIL	24	32	6	12
FOLD	20	27	27	4575	4575	0	4401
RAIL	24	33	6	13
FOLD	21	29	29	4914	4914	0	4627
RAIL	7	49	6	14
FOLD	22	31	31	5253	5253	0	4889
RAIL	7	50	6	15
FOLD	23	33	33	5592	5592	0	5175
RAIL	23	33	6	16
FOLD	24	35	35	5931	5931	0	5450
RAIL	23	34	6	17
FOLD	25	37	37	6270	6270	0	5720
RAIL	8	48	6	18
FOLD	26	39	39	6609	6609	0	5957
RAIL	8	49	6	19
FOLD	27	41	41	6948	6948	0	6197
RAIL	22	34	6	20
FOLD	28	43	43	7287	7287	0	6463
RAIL	22	35	6	21
FOLD	29	45	45	7626	7626	0	6751
RAIL	9	47	6	22
FOLD	30	47	47	7965	7965	0	6964
RAIL	9	48	6	23
FOLD	31	49	49	8304	8304	0	7238
RAIL	21	35	6	24
FOLD	32	51	51	8643	8643	0	7513
RAIL	21	36	6	25
FOLD	33	53	53	8982	8982	0	7819
RAIL	10	46	6	26
FOLD	34	55	55	9321	9321	0	8038
RAIL	10	47	6	27
FOLD	35	57	57	9660	9660	0	8265
RAIL	20	36	6	28
FOLD	36	59	59	9999	9999	0	8598
RAIL	20	37	6	29
FOLD	37	61	61	10338	10338	0	8848
RAIL	11	45	6	30
FOLD	38	63	63	10677	10677	0	9092
RAIL	11	46	6	31
FOLD	39	65	65	11016	11016	0	9325
RAIL	19	37	6	32
FOLD	40	67	67	11355	11355	0	9594
RAIL	19	38	6	33
FOLD	41	69	69	11694	11694	0	9881
RAIL	12	44	6	34
FOLD	42	71	71	12033	12033	0	10990
RAIL	12	45	6	35
FOLD	43	73	73	12372	12372	0	11234
RAIL	18	38	6	36
FOLD	44	75	75	12711	12711	0	11521
RAIL	18	39	6	37
FOLD	45	77	77	13050	13050	0	11831
RAIL	13	43	6	38
FOLD	46	79	79	13389	13389	0	12122
RAIL	13	44	6	39
FOLD	47	81	81	13728	13728	0	12345
RAIL	17	39	6	40
FOLD	48	83	83	14067	14067	0	12694
RAIL	17	40	6	41
FOLD	49	85	85	14406	14406	0	12971
RAIL	14	42	6	42
FOLD	50	87	87	14745	14745	0	13233
RAIL	14	43	6	43
FOLD	51	89	89	15084	15084	0	13456
RAIL	16	40	6	44
FOLD	52	91	91	15423	15423	0	13672
RAIL	16	41	6	45
FOLD	53	93	93	15762	15762	0	13898
RAIL	15	41	6	46
FOLD	54	95	95	16101	16101	0	14113
RAIL	15	42	6	47
FOLD	55	96	96	16272	16272	0	14414
RAIL	28	28	6	48
FOLD	56	97	97	16440	16440	0	14697
RAIL	28	28	6	49
FOLD	57	98	98	16608	16608	0	14967
RAIL	28	28	6	50
FOLD	58	99	99	16776	16776	0	15274
RAIL	28	28	6	51
FOLD	59	100	100	16944	16944	0	15559
RAIL	28	29	6	52
FOLD	60	101	101	17115	17115	0	15845
RAIL	28	28	6	53
FOLD	61	102	102	17283	17283	0	16141
RAIL	28	28	6	54
FOLD	62	103	103	17451	17451	0	16382
RAIL	28	28	6	55
FOLD	63	104	104	17619	17619	0	16626
RAIL	27	29	6	56
FOLD	64	105	105	17787	17787	0	16886
RAIL	28	28	6	57
FOLD	65	106	106	17955	17955	0	17185
RAIL	27	30	6	58
FOLD	66	107	107	18126	18126	0	17479
RAIL	28	28	6	59
FOLD	67	108	108	18294	18294	0	17747
RAIL	28	28	6	60
FOLD	68	109	109	18462	18462	0	17993
RAIL	28	28	6	61
FOLD	69	110	110	18630	18630	0	18261
RAIL	26	30	6	62
FOLD	70	111	111	18798	18798	0	18517
RAIL	28	28	6	63
FOLD	71	112	112	18966	18966	0	18844
RAIL	26	31	6	64
FOLD	72	113	113	19137	19137	0	19134
RAIL	28	28	6	65
FOLD	73	114	114	19305	19305	0	19440
RAIL	5	51	6	66
FOLD	78	115	115	19470	19470	0	20320
RAIL	28	28	8	69
FOLD	79	116	116	19638	19638	0	20590
RAIL	25	32	8	70
FOLD	80	117	117	19809	19809	0	20889
RAIL	28	28	8	71
FOLD	81	118	118	19977	19977	0	21240
RAIL	6	50	8	72
FOLD	86	119	119	20142	20142	0	22216
RAIL	28	28	10	75
FOLD	87	120	120	20310	20310	0	22514
RAIL	24	33	10	76
FOLD	88	121	121	20481	20481	0	22756
RAIL	28	28	10	77
FOLD	89	122	122	20649	20649	0	23053
RAIL	7	49	10	78
FOLD	90	123	123	20817	20817	0	23265
RAIL	28	28	10	79
FOLD	95	124	124	20988	20988	0	24163
RAIL	23	34	12	82
FOLD	96	125	125	21159	21159	0	24454
RAIL	28	28	12	83
FOLD	101	126	126	21330	21330	0	25398
RAIL	22	34	14	86
FOLD	102	127	127	21498	21498	0	26616
RAIL	28	28	14	87
FOLD	103	128	128	21666	21666	0	26926
RAIL	22	35	14	88
FOLD	104	129	129	21837	21837	0	27156
RAIL	28	28	14	89
FOLD	111	130	130	22008	22008	0	28797
RAIL	21	36	17	93
FOLD	112	131	131	22179	22179	0	29382
RAIL	28	28	17	94
FOLD	113	132	132	22347	22347	0	29738
RAIL	10	46	17	95
FOLD	114	133	133	22515	22515	0	29971
RAIL	28	28	17	96
FOLD	115	134	134	22683	22683	0	30349
RAIL	10	47	17	97
FOLD	116	135	135	22854	22854	0	30639
RAIL	28	28	17	98
FOLD	121	136	136	23025	23025	0	31581
RAIL	11	45	19	101
FOLD	122	137	137	23193	23193	0	31817
RAIL	28	28	19	102
FOLD	127	138	138	23364	23364	0	32859
RAIL	19	38	21	105
FOLD	128	139	139	23535	23535	0	33123
RAIL	28	28	21	106
FOLD	129	140	140	23703	23703	0	33483
RAIL	12	44	21	107
FOLD	130	141	141	23871	23871	0	33697
RAIL	28	28	21	108
FOLD	135	142	142	24042	24042	0	34690
RAIL	18	39	23	111
FOLD	136	143	143	24213	24213	0	34903
RAIL	28	28	23	112
FOLD	141	144	144	24384	24384	0	35753
RAIL	17	39	25	115
FOLD	142	145	145	24552	24552	0	36018
RAIL	28	28	25	116
FOLD	143	146	146	24720	24720	0	36292
RAIL	17	40	25	117
FOLD	144	147	147	24891	24891	0	36556
RAIL	28	28	25	118
FOLD	145	148	148	25059	25059	0	36847
RAIL	14	42	25	119
FOLD	146	149	149	25227	25227	0	37162
RAIL	28	28	25	120
FOLD	147	150	150	25395	25395	0	37491
RAIL	14	43	25	121
FOLD	148	151	151	25566	25566	0	37732
RAIL	28	28	25	122
FOLD	153	152	152	25737	25737	0	38559
RAIL	15	41	27	125
FOLD	154	153	153	25905	25905	0	38771
RAIL	28	28	27	126
FOLD	159	154	154	26076	26076	0	39691
RAIL	28	28	29	129
FOLD	166	155	155	26247	26247	0	41427
RAIL	27	30	32	133
FOLD	167	156	156	26418	26418	0	41656
RAIL	28	28	32	134
FOLD	168	157	157	26586	26586	0	41952
RAIL	28	28	32	135
FOLD	173	158	158	26757	26757	0	43201
RAIL	28	28	34	138
FOLD	190	159	159	26925	26925	0	46319
RAIL	7	49	42	147
FOLD	191	160	160	27093	27093	0	46544
RAIL	28	28	42	148
FOLD	192	161	161	27261	27261	0	46876
RAIL	7	50	42	149
FOLD	195	162	162	27426	27426	0	47555
RAIL	28	28	43	151
FOLD	198	163	163	27597	27597	0	48332
RAIL	8	48	44	153
FOLD	199	164	164	27765	27765	0	48564
RAIL	28	28	44	154
FOLD	204	165	165	27936	27936	0	49589
RAIL	22	35	46	157
FOLD	205	166	166	28107	28107	0	49939
RAIL	28	28	46	158
FOLD	206	167	167	28275	28275	0	50333
RAIL	9	47	46	159
FOLD	207	168	168	28443	28443	0	50587
RAIL	28	28	46	160
FOLD	214	169	169	28617	28617	0	52555
RAIL	10	46	49	164
FOLD	215	170	170	28785	28785	0	52851
RAIL	28	28	49	165
FOLD	216	171	171	28953	28953	0	53406
RAIL	10	47	49	166
FOLD	217	172	172	29124	29124	0	53745
RAIL	28	28	49	167
FOLD	218	173	173	29292	29292	0	54162
RAIL	20	36	49	168
FOLD	219	174	174	29460	29460	0	54574
RAIL	28	28	49	169
FOLD	224	175	175	29631	29631	0	55746
RAIL	11	46	51	172
FOLD	225	176	176	29802	29802	0	55966
RAIL	28	28	51	173
FOLD	230	177	177	29973	29973	0	56959
RAIL	12	44	53	176
FOLD	231	178	178	30141	30141	0	57271
RAIL	28	28	53	177
FOLD	232	179	179	30309	30309	0	57629
RAIL	12	45	53	178
FOLD	233	180	180	30480	30480	0	57848
RAIL	28	28	53	179
FOLD	240	181	181	30651	30651	0	59550
RAIL	13	44	56	183
FOLD	241	182	182	30822	30822	0	59770
RAIL	28	28	56	184
FOLD	242	183	183	30990	30990	0	60055
RAIL	17	39	56	185
FOLD	243	184	184	31158	31158	0	60330
RAIL	28	28	56	186
FOLD	244	185	185	31326	31326	0	60717
RAIL	17	40	56	187
FOLD	245	186	186	31497	31497	0	61062
RAIL	28	28	56	188
FOLD	246	187	187	31665	31665	0	61378
RAIL	14	42	56	189
FOLD	247	188	188	31833	31833	0	61601
RAIL	28	28	56	190
FOLD	252	189	189	32004	32004	0	62551
RAIL	16	41	58	193
FOLD	253	190	190	32175	32175	0	62857
RAIL	28	28	58	194
FOLD	256	189	190	32007	32175	0	63268
RAIL	15	42	60	195
FOLD	258	191	191	32346	32346	0	63824
RAIL	28	28	60	197
FOLD	259	192	192	32514	32514	0	64174
RAIL	28	28	60	198
FOLD	266	193	193	32685	32685	0	66285
RAIL	28	28	63	202
FOLD	267	194	194	32853	32853	0	66617
RAIL	27	30	63	203
FOLD	268	195	195	33024	33024	0	66883
RAIL	28	28	63	204
FOLD	277	196	196	33195	33195	0	68579
RAIL	25	31	67	209
FOLD	278	197	197	33363	33363	0	68870
RAIL	28	28	67	210
FOLD	287	198	198	33537	33537	0	70733
RAIL	28	28	71	215
FOLD	288	199	199	33705	33705	0	71017
RAIL	7	49	71	216
FOLD	293	200	200	33870	33870	0	71929
RAIL	28	28	73	219
FOLD	294	201	201	34038	34038	0	72321
RAIL	23	34	73	220
FOLD	295	202	202	34209	34209	0	72540
RAIL	28	28	73	221
FOLD	308	203	203	34380	34380	0	74754
RAIL	21	35	79	228
FOLD	309	204	204	34548	34548	0	75048
RAIL	28	28	79	229
FOLD	316	205	205	34722	34722	0	76551
RAIL	20	36	82	233
FOLD	317	206	206	34890	34890	0	76765
RAIL	28	28	82	234
FOLD	318	207	207	35058	35058	0	77089
RAIL	20	37	82	235
FOLD	319	208	208	35229	35229	0	77325
RAIL	28	28	82	236
FOLD	320	209	209	35397	35397	0	77617
RAIL	11	45	82	237
FOLD	321	210	210	35565	35565	0	77873
RAIL	28	28	82	238
FOLD	326	211	211	35736	35736	0	78779
RAIL	19	38	84	241
FOLD	327	212	212	35907	35907	0	80191
RAIL	28	28	84	242
FOLD	332	213	213	36078	36078	0	81068
RAIL	18	38	86	245
FOLD	333	214	214	36246	36246	0	81334
RAIL	28	28	86	246
FOLD	334	215	215	36414	36414	0	81613
RAIL	18	39	86	247
FOLD	335	216	216	36585	36585	0	81837
RAIL	28	28	86	248
FOLD	340	217	217	36756	36756	0	82799
RAIL	17	39	88	251
FOLD	341	218	218	36924	36924	0	83005
RAIL	28	28	88	252
FOLD	346	219	219	37095	37095	0	83731
RAIL	14	43	90	255
FOLD	347	220	220	37266	37266	0	83942
RAIL	28	28	90	256
FOLD	348	221	221	37434	37434	0	84205
RAIL	16	40	90	257
FOLD	349	222	222	37602	37602	0	84420
RAIL	28	28	90	258
FOLD	350	223	223	37770	37770	0	84719
RAIL	16	41	90	259
FOLD	351	224	224	37941	37941	0	84939
RAIL	28	28	90	260
FOLD	352	225	225	38109	38109	0	85232
RAIL	15	41	90	261
FOLD	353	226	226	38277	38277	0	85455
RAIL	28	28	90	262
FOLD	362	227	227	38451	38451	0	87117
RAIL	28	28	94	267
FOLD	369	228	228	38622	38622	0	88752
RAIL	26	30	97	271
FOLD	370	229	229	38790	38790	0	88974
RAIL	28	28	97	272
FOLD	371	230	230	38958	38958	0	89280
RAIL	26	31	97	273
FOLD	372	231	231	39129	39129	0	89523
RAIL	28	28	97	274
FOLD	383	232	232	39300	39300	0	91491
RAIL	28	28	102	280
FOLD	392	233	233	39474	39474	0	93253
RAIL	23	34	106	285
FOLD	393	234	234	39645	39645	0	93483
RAIL	28	28	106	286
FOLD	394	235	235	39813	39813	0	93743
RAIL	8	48	106	287
FOLD	399	236	236	39978	39978	0	94633
RAIL	28	28	108	290
FOLD	412	237	237	40149	40149	0	96765
RAIL	10	47	114	297
FOLD	413	238	238	40320	40320	0	97062
RAIL	28	28	114	298
FOLD	420	239	239	40491	40491	0	98571
RAIL	11	46	117	302
FOLD	421	240	240	40662	40662	0	98783
RAIL	28	28	117	303
FOLD	422	241	241	40830	40830	0	99051
RAIL	19	37	117	304
FOLD	423	242	242	40998	40998	0	99311
RAIL	28	28	117	305
FOLD	424	243	243	41166	41166	0	99581
RAIL	19	38	117	306
FOLD	425	244	244	41337	41337	0	99816
RAIL	28	28	117	307
FOLD	430	245	245	41508	41508	0	100643
RAIL	18	38	119	310
FOLD	431	246	246	41676	41676	0	100955
RAIL	28	28	119	311
FOLD	436	247	247	41847	41847	0	101819
RAIL	13	44	121	314
FOLD	437	248	248	42018	42018	0	102093
RAIL	28	28	121	315
FOLD	438	249	249	42186	42186	0	102380
RAIL	17	39	121	316
FOLD	439	250	250	42354	42354	0	102637
RAIL	28	28	121	317
FOLD	444	251	251	42525	42525	0	103542
RAIL	14	43	123	320
FOLD	445	252	252	42696	42696	0	103755
RAIL	28	28	123	321
FOLD	450	253	253	42867	42867	0	104599
RAIL	15	41	125	324
FOLD	451	254	254	43035	43035	0	104797
RAIL	28	28	125	325
FOLD	452	255	255	43203	43203	0	105075
RAIL	15	42	125	326
FOLD	453	256	256	43374	43374	0	105321
RAIL	28	28	125	327
FOLD	454	257	257	43542	43542	0	105609
RAIL	28	28	125	328
FOLD	455	258	258	43710	43710	0	105908
RAIL	28	28	125	329
FOLD	464	259	259	43884	43884	0	107385
RAIL	28	28	129	334
FOLD	465	260	260	44052	44052	0	107702
RAIL	28	28	129	335
FOLD	472	261	261	44223	44223	0	109199
RAIL	28	28	132	339
FOLD	473	262	262	44391	44391	0	109473
RAIL	25	31	132	340
FOLD	474	263	263	44559	44559	0	109763
RAIL	28	28	132	341
FOLD	483	264	264	44733	44733	0	111342
RAIL	7	49	136	346
FOLD	494	265	265	44904	44904	0	113475
RAIL	28	28	141	352
FOLD	495	266	266	45072	45072	0	113767
RAIL	22	34	141	353
FOLD	496	267	267	45240	45240	0	114038
RAIL	28	28	141	354
FOLD	497	268	268	45408	45408	0	114288
RAIL	22	35	141	355
FOLD	498	269	269	45579	45579	0	114511
RAIL	28	28	141	356
FOLD	499	270	270	45747	45747	0	114776
RAIL	9	47	141	357
FOLD	504	271	271	45912	45912	0	115686
RAIL	28	28	143	360
FOLD	505	272	272	46080	46080	0	115969
RAIL	21	36	143	361
FOLD	506	273	273	46251	46251	0	116190
RAIL	28	28	143	362
FOLD	512	271	273	45912	46251	0	116911
RAIL	28	28	147	364
FOLD	519	274	274	46422	46422	0	118609
RAIL	19	37	149	369
FOLD	520	275	275	46590	46590	0	119003
RAIL	28	28	149	370
FOLD	527	276	276	46764	46764	0	120602
RAIL	18	38	152	374
FOLD	528	277	277	46932	46932	0	120932
RAIL	28	28	152	375
FOLD	529	278	278	47100	47100	0	121338
RAIL	18	39	152	376
FOLD	530	279	279	47271	47271	0	121579
RAIL	28	28	152	377
FOLD	531	280	280	47439	47439	0	121864
RAIL	13	43	152	378
FOLD	532	281	281	47607	47607	0	122067
RAIL	28	28	152	379
FOLD	537	282	282	47778	47778	0	123021
RAIL	17	40	154	382
FOLD	538	283	283	47949	47949	0	123245
RAIL	28	28	154	383
FOLD	543	284	284	48120	48120	0	124076
RAIL	16	40	156	386
FOLD	544	285	285	48288	48288	0	124388
RAIL	28	28	156	387
FOLD	545	286	286	48456	48456	0	124668
RAIL	16	41	156	388
FOLD	546	287	287	48627	48627	0	124912
RAIL	28	28	156	389
FOLD	553	288	288	48798	48798	0	126378
RAIL	28	28	159	393
FOLD	554	289	289	48966	48966	0	126655
RAIL	28	29	159	394
FOLD	555	290	290	49137	49137	0	126891
RAIL	28	28	159	395
FOLD	556	291	291	49305	49305	0	127171
RAIL	28	28	159	396
FOLD	561	292	292	49476	49476	0	128065
RAIL	28	28	161	399
FOLD	566	293	293	49644	49644	0	129078
RAIL	26	31	163	402
FOLD	567	294	294	49815	49815	0	129352
RAIL	28	28	163	403
FOLD	576	295	295	49986	49986	0	131015
RAIL	24	32	167	408
FOLD	577	296	296	50154	50154	0	131254
RAIL	28	28	167	409
FOLD	578	297	297	50322	50322	0	131532
RAIL	24	33	167	410
FOLD	579	298	298	50493	50493	0	131903
RAIL	28	28	167	411
FOLD	600	299	299	50664	50664	0	135601
RAIL	21	35	177	422
FOLD	601	300	300	50832	50832	0	135820
RAIL	28	28	177	423
FOLD	602	301	301	51000	51000	0	136080
RAIL	21	36	177	424
FOLD	603	302	302	51171	51171	0	136300
RAIL	28	28	177	425
FOLD	604	303	303	51339	51339	0	136564
RAIL	10	46	177	426
FOLD	611	304	304	51507	51507	0	137921
RAIL	28	28	180	430
FOLD	624	305	305	51678	51678	0	140048
RAIL	18	38	186	437
FOLD	625	306	306	51846	51846	0	140281
RAIL	28	28	186	438
FOLD	630	307	307	52017	52017	0	141000
RAIL	13	44	188	441
FOLD	631	308	308	52188	52188	0	141316
RAIL	28	28	188	442
FOLD	632	309	309	52356	52356	0	141585
RAIL	17	39	188	443
FOLD	633	310	310	52524	52524	0	141788
RAIL	28	28	188	444
FOLD	634	311	311	52692	52692	0	142055
RAIL	17	40	188	445
FOLD	635	312	312	52863	52863	0	142263
RAIL	28	28	188	446
FOLD	640	313	313	53034	53034	0	143253
RAIL	16	40	190	449
FOLD	641	314	314	53202	53202	0	143448
RAIL	28	28	190	450
FOLD	646	315	315	53373	53373	0	144387
RAIL	15	42	192	453
FOLD	647	316	316	53544	53544	0	144646
RAIL	28	28	192	454
FOLD	648	317	317	53712	53712	0	144937
RAIL	28	28	192	455
FOLD	655	318	318	53883	53883	0	146512
RAIL	27	29	195	459
FOLD	656	319	319	54051	54051	0	146718
RAIL	28	28	195	460
FOLD	657	320	320	54219	54219	0	147080
RAIL	27	30	195	461
FOLD	658	321	321	54390	54390	0	147331
RAIL	28	28	195	462
FOLD	667	322	322	54561	54561	0	148813
RAIL	25	31	199	467
FOLD	668	323	323	54729	54729	0	149086
RAIL	28	28	199	468
FOLD	675	324	324	54900	54900	0	150610
RAIL	24	33	202	472
FOLD	676	325	325	55071	55071	0	150884
RAIL	28	28	202	473
FOLD	677	326	326	55239	55239	0	151178
RAIL	7	49	202	474
FOLD	702	327	327	55410	55410	0	155357
RAIL	10	47	214	487
FOLD	703	328	328	55581	55581	0	155558
RAIL	28	28	214	488
FOLD	704	329	329	55749	55749	0	155843
RAIL	20	36	214	489
FOLD	705	330	330	55917	55917	0	156044
RAIL	28	28	214	490
FOLD	706	331	331	56085	56085	0	156331
RAIL	20	37	214	491
FOLD	707	332	332	56256	56256	0	156578
RAIL	28	28	214	492
FOLD	708	333	333	56424	56424	0	156891
RAIL	11	45	214	493
FOLD	729	334	334	56595	56595	0	160104
RAIL	28	28	224	504
FOLD	734	335	335	56766	56766	0	160846
RAIL	14	43	226	507
FOLD	735	336	336	56937	56937	0	161245
RAIL	28	28	226	508
FOLD	736	337	337	57105	57105	0	161576
RAIL	16	40	226	509
FOLD	737	338	338	57273	57273	0	161816
RAIL	28	28	226	510
FOLD	738	339	339	57441	57441	0	162102
RAIL	16	41	226	511
FOLD	739	340	340	57612	57612	0	162331
RAIL	28	28	226	512
FOLD	744	341	341	57783	57783	0	163192
RAIL	28	28	228	515
FOLD	749	342	342	57954	57954	0	164093
RAIL	28	28	230	518
FOLD	756	343	343	58125	58125	0	165753
RAIL	28	28	233	522
FOLD	757	344	344	58293	58293	0	166022
RAIL	26	30	233	523
FOLD	758	345	345	58461	58461	0	166219
RAIL	28	28	233	524
FOLD	759	346	346	58629	58629	0	166549
RAIL	26	31	233	525
FOLD	760	347	347	58800	58800	0	166772
RAIL	28	28	233	526
FOLD	769	348	348	58971	58971	0	168451
RAIL	24	32	237	531
FOLD	770	349	349	59139	59139	0	168649
RAIL	28	28	237	532
FOLD	779	350	350	59313	59313	0	170645
RAIL	28	28	241	537
FOLD	780	351	351	59481	59481	0	170995
RAIL	8	48	241	538
FOLD	781	352	352	59649	59649	0	171166
RAIL	28	28	241	539
FOLD	786	353	353	59820	59820	0	172010
RAIL	22	35	243	542
FOLD	787	354	354	59991	59991	0	172228
RAIL	28	28	243	543
FOLD	806	355	355	60159	60159	0	175525
RAIL	11	46	252	553
FOLD	807	356	356	60330	60330	0	175744
RAIL	28	28	252	554
FOLD	808	357	357	60498	60498	0	176055
RAIL	19	37	252	555
FOLD	809	358	358	60666	60666	0	176256
RAIL	28	28	252	556
FOLD	810	359	359	60834	60834	0	176527
RAIL	19	38	252	557
FOLD	811	360	360	61005	61005	0	176745
RAIL	28	28	252	558
FOLD	836	361	361	61179	61179	0	181471
RAIL	15	41	264	571
FOLD	837	362	362	61347	61347	0	181680
RAIL	28	28	264	572
FOLD	838	363	363	61515	61515	0	181970
RAIL	15	42	264	573
FOLD	839	364	364	61686	61686	0	182183
RAIL	28	28	264	574
FOLD	840	365	365	61854	61854	0	182462
RAIL	28	28	264	575
FOLD	849	366	366	62025	62025	0	184099
RAIL	27	30	268	580
FOLD	850	367	367	62196	62196	0	184413
RAIL	28	28	268	581
FOLD	857	368	368	62367	62367	0	186005
RAIL	28	28	271	585
FOLD	858	369	369	62535	62535	0	186284
RAIL	28	28	271	586
FOLD	859	370	370	62703	62703	0	186601
RAIL	25	31	271	587
FOLD	860	371	371	62871	62871	0	186823
RAIL	28	28	271	588
FOLD	869	372	372	63045	63045	0	188333
RAIL	28	28	275	593
FOLD	870	373	373	63213	63213	0	188672
RAIL	28	28	275	594
FOLD	877	374	374	63384	63384	0	190298
RAIL	8	49	278	598
FOLD	878	375	375	63555	63555	0	190504
RAIL	28	28	278	599
FOLD	879	376	376	63723	63723	0	190770
RAIL	22	34	278	600
FOLD	880	377	377	63891	63891	0	191020
RAIL	28	28	278	601
FOLD	881	378	378	64059	64059	0	191351
RAIL	22	35	278	602
FOLD	882	379	379	64230	64230	0	191610
RAIL	28	28	278	603
FOLD	889	380	380	64401	64401	0	193136
RAIL	21	36	281	607
FOLD	890	381	381	64572	64572	0	193417
RAIL	28	28	281	608
FOLD	891	382	382	64740	64740	0	193737
RAIL	10	46	281	609
FOLD	908	383	383	64908	64908	0	196239
RAIL	28	28	289	618
FOLD	909	384	384	65076	65076	0	196537
RAIL	12	45	289	619
FOLD	910	385	385	65247	65247	0	196752
RAIL	28	28	289	620
FOLD	911	386	386	65415	65415	0	197001
RAIL	18	38	289	621
FOLD	912	387	387	65583	65583	0	197277
RAIL	28	28	289	622
FOLD	913	388	388	65751	65751	0	197531
RAIL	18	39	289	623
FOLD	914	389	389	65922	65922	0	197776
RAIL	28	28	289	624
FOLD	915	390	390	66090	66090	0	198063
RAIL	13	43	289	625
FOLD	932	391	391	66258	66258	0	200812
RAIL	28	28	297	634
FOLD	941	392	392	66432	66432	0	202522
RAIL	28	28	301	639
FOLD	942	393	393	66600	66600	0	202799
RAIL	27	29	301	640
FOLD	943	394	394	66768	66768	0	203009
RAIL	28	28	301	641
FOLD	952	395	395	66942	66942	0	204509
RAIL	28	28	305	646
FOLD	953	396	396	67110	67110	0	204768
RAIL	28	28	305	647
FOLD	960	397	397	67281	67281	0	206297
RAIL	24	32	308	651
FOLD	961	398	398	67449	67449	0	206506
RAIL	28	28	308	652
FOLD	962	399	399	67617	67617	0	206841
RAIL	24	33	308	653
FOLD	963	400	400	67788	67788	0	207066
RAIL	28	28	308	654
FOLD	964	401	401	67956	67956	0	207394
RAIL	28	28	308	655
FOLD	969	402	402	68127	68127	0	208284
RAIL	28	28	310	658
FOLD	984	403	403	68298	68298	0	210903
RAIL	21	36	317	666
FOLD	985	404	404	68469	68469	0	211165
RAIL	28	28	317	667
FOLD	986	405	405	68637	68637	0	211493
RAIL	10	46	317	668
FOLD	987	406	406	68805	68805	0	211699
RAIL	28	28	317	669
FOLD	988	407	407	68973	68973	0	211985
RAIL	10	47	317	670
FOLD	989	408	408	69144	69144	0	212205
RAIL	28	28	317	671
FOLD	994	409	409	69315	69315	0	213235
RAIL	11	45	319	674
FOLD	1015	410	410	69486	69486	0	216346
RAIL	28	28	329	685
FOLD	1016	411	411	69654	69654	0	216613
RAIL	17	40	329	686
FOLD	1017	412	412	69825	69825	0	216867
RAIL	28	28	329	687
FOLD	1018	413	413	69993	69993	0	217188
RAIL	14	42	329	688
FOLD	1023	414	414	70158	70158	0	218061
RAIL	28	28	331	691
FOLD	1024	413	414	69990	70158	0	218143
RAIL	16	41	332	691
FOLD	1042	415	415	70332	70332	0	221650
RAIL	28	28	340	701
FOLD	1047	416	416	70503	70503	0	222540
RAIL	28	28	342	704
FOLD	1052	417	417	70674	70674	0	223470
RAIL	28	28	344	707
FOLD	1053	418	418	70842	70842	0	223787
RAIL	28	28	344	708
FOLD	1060	419	419	71013	71013	0	225410
RAIL	28	28	347	712
FOLD	1061	420	420	71181	71181	0	225725
RAIL	23	33	347	713
FOLD	1062	421	421	71349	71349	0	225961
RAIL	28	28	347	714
FOLD	1063	422	422	71517	71517	0	226222
RAIL	23	34	347	715
FOLD	1064	423	423	71688	71688	0	226452
RAIL	28	28	347	716
FOLD	1087	424	424	71859	71859	0	230324
RAIL	20	37	358	728
FOLD	1088	425	425	72030	72030	0	230575
RAIL	28	28	358	729
FOLD	1089	426	426	72198	72198	0	230839
RAIL	11	45	358	730
FOLD	1090	427	427	72366	72366	0	231025
RAIL	28	28	358	731
FOLD	1095	428	428	72537	72537	0	231941
RAIL	19	38	360	734
FOLD	1096	429	429	72708	72708	0	232179
RAIL	28	28	360	735
FOLD	1115	430	430	72876	72876	0	235824
RAIL	14	43	369	745
FOLD	1116	431	431	73047	73047	0	236040
RAIL	28	28	369	746
FOLD	1117	432	432	73215	73215	0	236410
RAIL	16	40	369	747
FOLD	1142	433	433	73386	73386	0	240492
RAIL	28	28	381	760
FOLD	1143	434	434	73554	73554	0	240761
RAIL	28	28	381	761
FOLD	1148	435	435	73725	73725	0	241660
RAIL	28	28	383	764
FOLD	1153	436	436	73896	73896	0	242567
RAIL	28	28	385	767
FOLD	1154	437	437	74064	74064	0	242859
RAIL	28	28	385	768
FOLD	1161	438	438	74235	74235	0	244278
RAIL	28	28	388	772
FOLD	1162	439	439	74403	74403	0	244557
RAIL	8	49	388	773
FOLD	1163	440	440	74574	74574	0	244741
RAIL	28	28	388	774
FOLD	1164	441	441	74742	74742	0	244999
RAIL	22	34	388	775
FOLD	1165	442	442	74910	74910	0	245242
RAIL	28	28	388	776
FOLD	1168	443	443	75081	75081	0	245967
RAIL	9	47	389	778
FOLD	1189	444	444	75246	75246	0	249387
RAIL	28	28	399	789
FOLD	1194	445	445	75417	75417	0	250285
RAIL	12	45	401	792
FOLD	1195	446	446	75588	75588	0	250487
RAIL	28	28	401	793
FOLD	1200	447	447	75759	75759	0	251572
RAIL	13	43	403	796
FOLD	1237	448	448	75927	75927	0	257792
RAIL	28	28	421	815
FOLD	1242	449	449	76098	76098	0	258636
RAIL	28	28	423	818
FOLD	1247	450	450	76266	76266	0	259518
RAIL	24	33	425	821
FOLD	1248	451	451	76437	76437	0	259776
RAIL	28	28	425	822
FOLD	1255	452	452	76608	76608	0	261224
RAIL	8	48	428	826
FOLD	1260	453	453	76773	76773	0	262065
RAIL	28	28	430	829
FOLD	1265	454	454	76944	76944	0	262836
RAIL	9	48	432	832
FOLD	1266	455	455	77115	77115	0	263024
RAIL	28	28	432	833
FOLD	1271	456	456	77286	77286	0	263949
RAIL	10	46	434	836
FOLD	1284	457	457	77457	77457	0	266212
RAIL	28	28	440	843
FOLD	1285	458	458	77625	77625	0	266477
RAIL	19	38	440	844
FOLD	1286	459	459	77796	77796	0	266738
RAIL	28	28	440	845
FOLD	1327	460	460	77961	77961	0	273278
RAIL	28	28	460	866
FOLD	1334	461	461	78132	78132	0	274846
RAIL	25	31	463	870
FOLD	1335	462	462	78300	78300	0	275103
RAIL	28	28	463	871
FOLD	1336	463	463	78468	78468	0	275362
RAIL	25	32	463	872
FOLD	1337	464	464	78639	78639	0	275617
RAIL	28	28	463	873
FOLD	1346	465	465	78810	78810	0	277413
RAIL	23	33	467	878
FOLD	1347	466	466	78978	78978	0	277859
RAIL	28	28	467	879
FOLD	1358	467	467	79149	79149	0	279994
RAIL	9	47	472	885
FOLD	1367	468	468	79317	79317	0	282165
RAIL	28	28	476	890
FOLD	1372	469	469	79488	79488	0	283225
RAIL	20	37	478	893
FOLD	1373	470	470	79659	79659	0	283528
RAIL	28	28	478	894
FOLD	1374	471	471	79827	79827	0	283789
RAIL	11	45	478	895
FOLD	1435	472	472	79998	79998	0	293705
RAIL	24	32	508	926
FOLD	1436	473	473	80166	80166	0	293985
RAIL	28	28	508	927
FOLD	1445	474	474	80340	80340	0	295511
RAIL	28	28	512	932
FOLD	1446	475	475	80508	80508	0	295758
RAIL	28	28	512	933
FOLD	1457	476	476	80676	80676	0	297989
RAIL	21	36	517	939
FOLD	1458	477	477	80847	80847	0	298273
RAIL	28	28	517	940
FOLD	1459	478	478	81015	81015	0	298537
RAIL	10	46	517	941
FOLD	1534	479	479	81183	81183	0	310515
RAIL	23	33	554	979
FOLD	1535	480	480	81351	81351	0	310755
RAIL	28	28	554	980
FOLD	1544	481	481	81525	81525	0	312445
RAIL	9	47	558	985
FOLD	1545	482	482	81693	81693	0	312615
RAIL	28	28	558	986
FOLD	1546	483	483	81861	81861	0	312873
RAIL	9	48	558	987
FOLD	1547	484	484	82032	82032	0	313066
RAIL	28	28	558	988
FOLD	1624	485	485	82203	82203	0	325421
RAIL	28	28	596	1027
FOLD	1631	486	486	82374	82374	0	327074
RAIL	28	28	599	1031
FOLD	1632	487	487	82542	82542	0	327322
RAIL	28	28	599	1032
FOLD	1657	488	488	82716	82716	0	331130
RAIL	19	37	611	1045
FOLD	1704	489	489	82884	82884	0	339154
RAIL	26	31	634	1069
FOLD	1705	490	490	83055	83055	0	339430
RAIL	28	28	634	1070
FOLD	1706	491	491	83223	83223	0	339670
RAIL	28	28	634	1071
FOLD	1707	492	492	83391	83391	0	339915
RAIL	28	28	634	1072
FOLD	1708	493	493	83559	83559	0	340185
RAIL	25	31	634	1073
FOLD	1709	494	494	83727	83727	0	340483
RAIL	28	28	634	1074
FOLD	1710	495	495	83895	83895	0	340744
RAIL	25	32	634	1075
FOLD	1711	496	496	84066	84066	0	341101
RAIL	28	28	634	1076
FOLD	1720	497	497	84237	84237	0	342887
RAIL	23	33	638	1081
FOLD	1803	498	498	84411	84411	0	357412
RAIL	25	32	679	1123
FOLD	1804	499	499	84582	84582	0	357772
RAIL	28	28	679	1124
FOLD	1805	500	500	84750	84750	0	358026
RAIL	28	28	679	1125
FOLD	1806	501	501	84918	84918	0	358323
RAIL	28	28	679	1126
FOLD	1807	502	502	85086	85086	0	358610
RAIL	24	32	679	1127
FOLD	2048	489	502	82881	85086	0	397371
RAIL	28	28	806	1241
FOLD	4096	437	502	74061	85086	0	735998
RAIL	26	31	1856	2239
FOLD	8192	419	502	71010	85086	0	1408069
RAIL	28	28	3913	4278
FOLD	16384	381	502	64569	85086	0	2748777
RAIL	28	28	8028	8355
FOLD	32768	347	502	58812	85086	0	5415616
RAIL	16	40	16237	16530
