INPUT	100160063	27	16	139
FRAME	1	0	1	1	2
FOLD	1	1	1	81	81	0	7
FOLD	2	1	1	84	84	0	67
FOLD	4	3	3	249	249	0	108
FOLD	7	5	5	414	414	0	161
FOLD	8	7	7	579	579	0	185
FOLD	11	9	9	744	744	0	307
FOLD	12	11	11	909	909	0	390
FOLD	13	13	13	1074	1074	0	431
FOLD	14	15	15	1239	1239	0	454
FOLD	15	17	17	1404	1404	0	464
FOLD	16	19	19	1569	1569	0	485
FOLD	17	21	21	1734	1734	0	506
FOLD	18	23	23	1899	1899	0	522
FOLD	19	25	25	2064	2064	0	531
FOLD	20	27	27	2229	2229	0	551
FOLD	21	29	29	2394	2394	0	569
FOLD	22	31	31	2559	2559	0	584
FOLD	23	33	33	2724	2724	0	605
FOLD	24	35	35	2889	2889	0	678
FOLD	25	37	37	3054	3054	0	696
FOLD	26	38	38	3138	3138	0	710
FOLD	27	39	39	3222	3222	0	728
FOLD	28	40	40	3303	3303	0	744
FOLD	29	41	41	3387	3387	0	759
FOLD	30	42	42	3468	3468	0	775
FOLD	31	43	43	3552	3552	0	790
FOLD	32	42	43	3471	3552	0	797
FOLD	38	44	44	3636	3636	0	907
FOLD	39	45	45	3720	3720	0	923
FOLD	40	46	46	3801	3801	0	938
FOLD	41	47	47	3885	3885	0	954
FOLD	42	48	48	3966	3966	0	975
FOLD	43	49	49	4050	4050	0	1011
FOLD	44	50	50	4131	4131	0	1063
FOLD	45	51	51	4215	4215	0	1098
FOLD	46	52	52	4299	4299	0	1116
FOLD	47	53	53	4380	4380	0	1132
FOLD	48	54	54	4464	4464	0	1148
FOLD	49	55	55	4545	4545	0	1163
FOLD	50	56	56	4629	4629	0	1178
FOLD	55	57	57	4710	4710	0	1328
FOLD	58	58	58	4791	4791	0	1394
FOLD	63	59	59	4872	4872	0	1583
FOLD	64	60	60	4956	4956	0	1618
FOLD	65	61	61	5040	5040	0	1635
FOLD	66	62	62	5121	5121	0	1652
FOLD	67	63	63	5205	5205	0	1673
FOLD	68	64	64	5286	5286	0	1706
FOLD	69	65	65	5370	5370	0	1722
FOLD	70	66	66	5451	5451	0	1747
FOLD	71	67	67	5535	5535	0	1764
FOLD	84	68	68	5619	5619	0	2148
FOLD	85	69	69	5700	5700	0	2167
FOLD	86	70	70	5784	5784	0	2184
FOLD	87	71	71	5865	5865	0	2260
FOLD	88	72	72	5949	5949	0	2322
FOLD	93	73	73	6030	6030	0	2399
FOLD	94	74	74	6114	6114	0	2414
FOLD	103	75	75	6198	6198	0	2588
FOLD	104	76	76	6279	6279	0	2609
FOLD	105	77	77	6363	6363	0	2628
FOLD	118	78	78	6447	6447	0	2877
FOLD	128	72	78	5952	6447	0	3036
FOLD	256	48	78	3969	6447	0	5098
FOLD	512	38	78	3144	6447	0	9519
FOLD	1024	26	78	2151	6447	0	18869
FOLD	1374	26	78	2154	6447	0	25985
FRAME	14	13	1	3	26450
RESULT	closed	10007	10009	26461	1329	1	1	137	360
