INPUT	7357596934907498634558819676367818051836782135404595204907685662330714424331419860496399136658868373793518334577075437069375021831700953580766486591844607	512	265	2564
FRAME	1	0	1	1	38
FOLD	1	1	1	1536	1536	0	140
RAIL	2	510	0	0
FOLD	2	1	1	1539	1539	0	215
RAIL	2	511	1	0
FOLD	4	3	3	4611	4611	0	2985
RAIL	256	257	2	1
FOLD	5	5	5	7686	7686	0	5587
RAIL	3	509	2	2
FOLD	6	7	7	10761	10761	0	9082
RAIL	3	510	2	3
FOLD	8	9	9	13833	13833	0	12037
RAIL	255	258	3	4
FOLD	9	11	11	16908	16908	0	14901
RAIL	4	508	3	5
FOLD	10	13	13	19983	19983	0	18159
RAIL	4	509	3	6
FOLD	12	15	15	23055	23055	0	21006
RAIL	254	259	4	7
FOLD	13	17	17	26130	26130	0	23818
RAIL	5	507	4	8
FOLD	14	19	19	29205	29205	0	26696
RAIL	5	508	4	9
FOLD	16	21	21	32277	32277	0	30354
RAIL	253	260	5	10
FOLD	17	23	23	35352	35352	0	33110
RAIL	6	506	5	11
FOLD	18	25	25	38427	38427	0	35739
RAIL	6	507	5	12
FOLD	20	27	27	41499	41499	0	38769
RAIL	252	261	6	13
FOLD	21	29	29	44574	44574	0	41252
RAIL	7	505	6	14
FOLD	22	31	31	47649	47649	0	44183
RAIL	7	506	6	15
FOLD	23	33	33	50724	50724	0	46730
RAIL	251	261	6	16
FOLD	24	35	35	53799	53799	0	49155
RAIL	251	262	6	17
FOLD	25	37	37	56874	56874	0	51514
RAIL	8	504	6	18
FOLD	26	39	39	59949	59949	0	53521
RAIL	8	505	6	19
FOLD	27	41	41	63024	63024	0	55460
RAIL	250	262	6	20
FOLD	28	43	43	66099	66099	0	58679
RAIL	250	263	6	21
FOLD	29	45	45	69174	69174	0	61371
RAIL	9	503	6	22
FOLD	30	47	47	72249	72249	0	65419
RAIL	9	504	6	23
FOLD	31	49	49	75324	75324	0	69412
RAIL	249	263	6	24
FOLD	32	51	51	78399	78399	0	73496
RAIL	249	264	6	25
FOLD	33	53	53	81474	81474	0	77613
RAIL	10	502	6	26
FOLD	34	55	55	84549	84549	0	79961
RAIL	10	503	6	27
FOLD	35	57	57	87624	87624	0	81938
RAIL	248	264	6	28
FOLD	36	59	59	90699	90699	0	84202
RAIL	248	265	6	29
FOLD	37	61	61	93774	93774	0	86430
RAIL	11	501	6	30
FOLD	38	63	63	96849	96849	0	88525
RAIL	11	502	6	31
FOLD	39	65	65	99924	99924	0	90328
RAIL	247	265	6	32
FOLD	40	67	67	102999	102999	0	93853
RAIL	247	266	6	33
FOLD	41	69	69	106074	106074	0	96295
RAIL	12	500	6	34
FOLD	42	71	71	109149	109149	0	98131
RAIL	12	501	6	35
FOLD	43	73	73	112224	112224	0	100193
RAIL	246	266	6	36
FOLD	44	75	75	115299	115299	0	102361
RAIL	246	267	6	37
FOLD	45	77	77	118374	118374	0	104644
RAIL	13	499	6	38
FOLD	46	79	79	121449	121449	0	106484
RAIL	13	500	6	39
FOLD	47	81	81	124524	124524	0	108387
RAIL	245	267	6	40
FOLD	48	83	83	127599	127599	0	111077
RAIL	245	268	6	41
FOLD	49	85	85	130674	130674	0	113215
RAIL	14	498	6	42
FOLD	50	87	87	133749	133749	0	115164
RAIL	14	499	6	43
FOLD	51	89	89	136824	136824	0	117009
RAIL	244	268	6	44
FOLD	52	91	91	139899	139899	0	119157
RAIL	244	269	6	45
FOLD	53	93	93	142974	142974	0	121467
RAIL	15	497	6	46
FOLD	54	95	95	146049	146049	0	123472
RAIL	15	498	6	47
FOLD	55	97	97	149124	149124	0	125447
RAIL	243	269	6	48
FOLD	56	99	99	152199	152199	0	127926
RAIL	243	270	6	49
FOLD	57	101	101	155274	155274	0	129985
RAIL	16	496	6	50
FOLD	58	103	103	158349	158349	0	131923
RAIL	16	497	6	51
FOLD	59	105	105	161424	161424	0	133761
RAIL	242	270	6	52
FOLD	60	107	107	164499	164499	0	136061
RAIL	242	271	6	53
FOLD	61	109	109	167574	167574	0	138209
RAIL	17	495	6	54
FOLD	62	111	111	170649	170649	0	140130
RAIL	17	496	6	55
FOLD	63	113	113	173724	173724	0	142007
RAIL	241	271	6	56
FOLD	64	115	115	176799	176799	0	144208
RAIL	241	272	6	57
FOLD	65	117	117	179874	179874	0	146413
RAIL	18	494	6	58
FOLD	66	119	119	182949	182949	0	148356
RAIL	18	495	6	59
FOLD	67	121	121	186024	186024	0	150332
RAIL	240	272	6	60
FOLD	68	123	123	189099	189099	0	152617
RAIL	240	273	6	61
FOLD	69	125	125	192174	192174	0	154903
RAIL	19	493	6	62
FOLD	70	127	127	195249	195249	0	157098
RAIL	19	494	6	63
FOLD	71	129	129	198324	198324	0	159181
RAIL	239	273	6	64
FOLD	72	131	131	201399	201399	0	161287
RAIL	239	274	6	65
FOLD	73	133	133	204474	204474	0	163566
RAIL	20	492	6	66
FOLD	74	135	135	207549	207549	0	165555
RAIL	20	493	6	67
FOLD	75	137	137	210624	210624	0	167554
RAIL	238	274	6	68
FOLD	76	139	139	213699	213699	0	169795
RAIL	238	275	6	69
FOLD	77	141	141	216774	216774	0	172169
RAIL	21	491	6	70
FOLD	78	143	143	219849	219849	0	175102
RAIL	21	492	6	71
FOLD	79	145	145	222924	222924	0	177088
RAIL	237	275	6	72
FOLD	80	147	147	225999	225999	0	179560
RAIL	237	276	6	73
FOLD	81	149	149	229074	229074	0	181892
RAIL	22	490	6	74
FOLD	82	151	151	232149	232149	0	184063
RAIL	22	491	6	75
FOLD	83	153	153	235224	235224	0	186062
RAIL	236	276	6	76
FOLD	84	155	155	238299	238299	0	188632
RAIL	236	277	6	77
FOLD	85	157	157	241374	241374	0	190851
RAIL	23	489	6	78
FOLD	86	159	159	244449	244449	0	192764
RAIL	23	490	6	79
FOLD	87	161	161	247524	247524	0	194887
RAIL	235	277	6	80
FOLD	88	163	163	250599	250599	0	197099
RAIL	235	278	6	81
FOLD	89	165	165	253674	253674	0	199383
RAIL	24	488	6	82
FOLD	90	167	167	256749	256749	0	201449
RAIL	24	489	6	83
FOLD	91	169	169	259824	259824	0	203531
RAIL	234	278	6	84
FOLD	92	171	171	262899	262899	0	205621
RAIL	234	279	6	85
FOLD	93	173	173	265974	265974	0	207889
RAIL	25	487	6	86
FOLD	94	175	175	269049	269049	0	210048
RAIL	25	488	6	87
FOLD	95	177	177	272124	272124	0	212385
RAIL	233	279	6	88
FOLD	96	179	179	275199	275199	0	215966
RAIL	233	280	6	89
FOLD	97	181	181	278274	278274	0	218320
RAIL	26	486	6	90
FOLD	98	183	183	281349	281349	0	220304
RAIL	26	487	6	91
FOLD	99	185	185	284424	284424	0	222522
RAIL	232	280	6	92
FOLD	100	187	187	287499	287499	0	224961
RAIL	232	281	6	93
FOLD	101	189	189	290574	290574	0	227692
RAIL	27	485	6	94
FOLD	102	191	191	293649	293649	0	229839
RAIL	27	486	6	95
FOLD	103	193	193	296724	296724	0	232243
RAIL	231	281	6	96
FOLD	104	195	195	299799	299799	0	234479
RAIL	231	282	6	97
FOLD	105	197	197	302874	302874	0	236894
RAIL	28	484	6	98
FOLD	106	199	199	305949	305949	0	239024
RAIL	28	485	6	99
FOLD	107	201	201	309024	309024	0	241181
RAIL	230	282	6	100
FOLD	108	203	203	312099	312099	0	243511
RAIL	230	283	6	101
FOLD	109	205	205	315174	315174	0	245757
RAIL	29	483	6	102
FOLD	110	207	207	318249	318249	0	247956
RAIL	29	484	6	103
FOLD	111	209	209	321324	321324	0	250013
RAIL	229	283	6	104
FOLD	112	211	211	324399	324399	0	252215
RAIL	229	284	6	105
FOLD	113	213	213	327474	327474	0	254602
RAIL	30	482	6	106
FOLD	114	215	215	330549	330549	0	256682
RAIL	30	483	6	107
FOLD	115	217	217	333624	333624	0	258775
RAIL	228	284	6	108
FOLD	116	219	219	336699	336699	0	261352
RAIL	228	285	6	109
FOLD	117	221	221	339774	339774	0	263957
RAIL	31	481	6	110
FOLD	118	223	223	342849	342849	0	266001
RAIL	31	482	6	111
FOLD	119	225	225	345924	345924	0	268215
RAIL	227	285	6	112
FOLD	120	227	227	348999	348999	0	270609
RAIL	227	286	6	113
FOLD	121	229	229	352074	352074	0	273187
RAIL	32	480	6	114
FOLD	122	231	231	355149	355149	0	275101
RAIL	32	481	6	115
FOLD	123	233	233	358224	358224	0	277322
RAIL	226	286	6	116
FOLD	124	235	235	361299	361299	0	279852
RAIL	226	287	6	117
FOLD	125	237	237	364374	364374	0	282351
RAIL	33	479	6	118
FOLD	126	239	239	367449	367449	0	284538
RAIL	33	480	6	119
FOLD	127	241	241	370524	370524	0	286978
RAIL	225	287	6	120
FOLD	128	243	243	373599	373599	0	289401
RAIL	225	288	6	121
FOLD	129	245	245	376674	376674	0	291964
RAIL	34	478	6	122
FOLD	130	247	247	379749	379749	0	294226
RAIL	34	479	6	123
FOLD	131	249	249	382824	382824	0	296483
RAIL	224	288	6	124
FOLD	132	251	251	385899	385899	0	298878
RAIL	224	289	6	125
FOLD	133	253	253	388974	388974	0	301714
RAIL	35	477	6	126
FOLD	134	255	255	392049	392049	0	303893
RAIL	35	478	6	127
FOLD	135	257	257	395124	395124	0	306153
RAIL	223	289	6	128
FOLD	136	259	259	398199	398199	0	308562
RAIL	223	290	6	129
FOLD	137	261	261	401274	401274	0	311174
RAIL	36	476	6	130
FOLD	138	263	263	404349	404349	0	314394
RAIL	36	477	6	131
FOLD	139	265	265	407424	407424	0	316710
RAIL	222	290	6	132
FOLD	140	267	267	410499	410499	0	318799
RAIL	222	291	6	133
FOLD	141	269	269	413574	413574	0	321067
RAIL	37	475	6	134
FOLD	142	271	271	416649	416649	0	323091
RAIL	37	476	6	135
FOLD	143	273	273	419724	419724	0	325229
RAIL	221	291	6	136
FOLD	144	275	275	422799	422799	0	327420
RAIL	221	292	6	137
FOLD	145	277	277	425874	425874	0	329619
RAIL	38	474	6	138
FOLD	146	279	279	428949	428949	0	331798
RAIL	38	475	6	139
FOLD	147	281	281	432024	432024	0	333723
RAIL	220	292	6	140
FOLD	148	283	283	435099	435099	0	335986
RAIL	220	293	6	141
FOLD	149	285	285	438174	438174	0	338094
RAIL	39	473	6	142
FOLD	150	287	287	441249	441249	0	340037
RAIL	39	474	6	143
FOLD	151	289	289	444324	444324	0	342029
RAIL	219	293	6	144
FOLD	152	291	291	447399	447399	0	344175
RAIL	219	294	6	145
FOLD	153	293	293	450474	450474	0	346256
RAIL	40	472	6	146
FOLD	154	295	295	453549	453549	0	348428
RAIL	40	473	6	147
FOLD	155	297	297	456624	456624	0	350946
RAIL	218	294	6	148
FOLD	156	299	299	459699	459699	0	352987
RAIL	218	295	6	149
FOLD	157	301	301	462774	462774	0	355215
RAIL	41	471	6	150
FOLD	158	303	303	465849	465849	0	357380
RAIL	41	472	6	151
FOLD	159	305	305	468924	468924	0	359649
RAIL	217	295	6	152
FOLD	160	307	307	471999	471999	0	361833
RAIL	217	296	6	153
FOLD	161	309	309	475074	475074	0	364291
RAIL	42	470	6	154
FOLD	162	311	311	478149	478149	0	366465
RAIL	42	471	6	155
FOLD	163	313	313	481224	481224	0	368659
RAIL	216	296	6	156
FOLD	164	315	315	484299	484299	0	370982
RAIL	216	297	6	157
FOLD	165	317	317	487374	487374	0	373222
RAIL	43	469	6	158
FOLD	166	319	319	490449	490449	0	376599
RAIL	43	470	6	159
FOLD	167	321	321	493524	493524	0	378708
RAIL	215	297	6	160
FOLD	168	323	323	496599	496599	0	380921
RAIL	215	298	6	161
FOLD	169	325	325	499674	499674	0	383309
RAIL	44	468	6	162
FOLD	170	327	327	502749	502749	0	385574
RAIL	44	469	6	163
FOLD	171	329	329	505824	505824	0	387746
RAIL	214	298	6	164
FOLD	172	331	331	508899	508899	0	389947
RAIL	214	299	6	165
FOLD	173	333	333	511974	511974	0	394133
RAIL	45	467	6	166
FOLD	174	335	335	515049	515049	0	398115
RAIL	45	468	6	167
FOLD	175	337	337	518124	518124	0	401216
RAIL	213	299	6	168
FOLD	176	339	339	521199	521199	0	403950
RAIL	213	300	6	169
FOLD	177	341	341	524274	524274	0	406267
RAIL	46	466	6	170
FOLD	178	343	343	527349	527349	0	408320
RAIL	46	467	6	171
FOLD	179	345	345	530424	530424	0	410560
RAIL	212	300	6	172
FOLD	180	347	347	533499	533499	0	412827
RAIL	212	301	6	173
FOLD	181	349	349	536574	536574	0	415222
RAIL	47	465	6	174
FOLD	182	351	351	539649	539649	0	417274
RAIL	47	466	6	175
FOLD	183	353	353	542724	542724	0	419612
RAIL	211	301	6	176
FOLD	184	355	355	545799	545799	0	421992
RAIL	211	302	6	177
FOLD	185	357	357	548874	548874	0	424440
RAIL	48	464	6	178
FOLD	186	359	359	551949	551949	0	426345
RAIL	48	465	6	179
FOLD	187	361	361	555024	555024	0	428224
RAIL	210	302	6	180
FOLD	188	363	363	558099	558099	0	430388
RAIL	210	303	6	181
FOLD	189	365	365	561174	561174	0	432465
RAIL	49	463	6	182
FOLD	190	367	367	564249	564249	0	434203
RAIL	49	464	6	183
FOLD	191	369	369	567324	567324	0	436175
RAIL	209	303	6	184
FOLD	192	371	371	570399	570399	0	438161
RAIL	209	304	6	185
FOLD	193	373	373	573474	573474	0	440341
RAIL	50	462	6	186
FOLD	194	375	375	576549	576549	0	443463
RAIL	50	463	6	187
FOLD	195	377	377	579624	579624	0	445328
RAIL	208	304	6	188
FOLD	196	379	379	582699	582699	0	447336
RAIL	208	305	6	189
FOLD	197	381	381	585774	585774	0	449468
RAIL	51	461	6	190
FOLD	198	383	383	588849	588849	0	451286
RAIL	51	462	6	191
FOLD	199	385	385	591924	591924	0	453083
RAIL	207	305	6	192
FOLD	200	387	387	594999	594999	0	455050
RAIL	207	306	6	193
FOLD	201	389	389	598074	598074	0	457118
RAIL	52	460	6	194
FOLD	202	391	391	601149	601149	0	458943
RAIL	52	461	6	195
FOLD	203	393	393	604224	604224	0	460803
RAIL	206	306	6	196
FOLD	204	395	395	607299	607299	0	462748
RAIL	206	307	6	197
FOLD	205	397	397	610374	610374	0	464854
RAIL	53	459	6	198
FOLD	206	399	399	613449	613449	0	466809
RAIL	53	460	6	199
FOLD	207	401	401	616524	616524	0	468933
RAIL	205	307	6	200
FOLD	208	403	403	619599	619599	0	471072
RAIL	205	308	6	201
FOLD	209	405	405	622674	622674	0	473162
RAIL	54	458	6	202
FOLD	210	407	407	625749	625749	0	474960
RAIL	54	459	6	203
FOLD	211	409	409	628824	628824	0	476900
RAIL	204	308	6	204
FOLD	212	411	411	631899	631899	0	478898
RAIL	204	309	6	205
FOLD	213	413	413	634974	634974	0	481192
RAIL	55	457	6	206
FOLD	214	415	415	638049	638049	0	483025
RAIL	55	458	6	207
FOLD	215	417	417	641124	641124	0	484853
RAIL	203	309	6	208
FOLD	216	419	419	644199	644199	0	486995
RAIL	203	310	6	209
FOLD	217	421	421	647274	647274	0	489040
RAIL	56	456	6	210
FOLD	218	423	423	650349	650349	0	490860
RAIL	56	457	6	211
FOLD	219	425	425	653424	653424	0	493322
RAIL	202	310	6	212
FOLD	220	427	427	656499	656499	0	495689
RAIL	202	311	6	213
FOLD	221	429	429	659574	659574	0	497816
RAIL	57	455	6	214
FOLD	222	431	431	662649	662649	0	501044
RAIL	57	456	6	215
FOLD	223	433	433	665724	665724	0	503330
RAIL	201	311	6	216
FOLD	224	435	435	668799	668799	0	505422
RAIL	201	312	6	217
FOLD	225	437	437	671874	671874	0	507553
RAIL	58	454	6	218
FOLD	226	439	439	674949	674949	0	510784
RAIL	58	455	6	219
FOLD	227	441	441	678024	678024	0	514245
RAIL	200	312	6	220
FOLD	228	443	443	681099	681099	0	516540
RAIL	200	313	6	221
FOLD	229	445	445	684174	684174	0	518487
RAIL	59	453	6	222
FOLD	230	447	447	687249	687249	0	520233
RAIL	59	454	6	223
FOLD	231	449	449	690324	690324	0	522122
RAIL	199	313	6	224
FOLD	232	451	451	693399	693399	0	524373
RAIL	199	314	6	225
FOLD	233	453	453	696474	696474	0	526621
RAIL	60	452	6	226
FOLD	234	455	455	699549	699549	0	528501
RAIL	60	453	6	227
FOLD	235	457	457	702624	702624	0	530348
RAIL	198	314	6	228
FOLD	236	459	459	705699	705699	0	532330
RAIL	198	315	6	229
FOLD	237	461	461	708774	708774	0	534360
RAIL	61	451	6	230
FOLD	238	463	463	711849	711849	0	536140
RAIL	61	452	6	231
FOLD	239	465	465	714924	714924	0	537891
RAIL	197	315	6	232
FOLD	240	467	467	717999	717999	0	540850
RAIL	197	316	6	233
FOLD	241	469	469	721074	721074	0	543082
RAIL	62	450	6	234
FOLD	242	471	471	724149	724149	0	544945
RAIL	62	451	6	235
FOLD	243	473	473	727224	727224	0	546759
RAIL	196	316	6	236
FOLD	244	475	475	730299	730299	0	548694
RAIL	196	317	6	237
FOLD	245	477	477	733374	733374	0	550695
RAIL	63	449	6	238
FOLD	246	479	479	736449	736449	0	552483
RAIL	63	450	6	239
FOLD	247	481	481	739524	739524	0	554389
RAIL	195	317	6	240
FOLD	248	483	483	742599	742599	0	556396
RAIL	195	318	6	241
FOLD	249	485	485	745674	745674	0	558408
RAIL	64	448	6	242
FOLD	250	487	487	748749	748749	0	560223
RAIL	64	449	6	243
FOLD	251	489	489	751824	751824	0	561998
RAIL	194	318	6	244
FOLD	252	491	491	754899	754899	0	563914
RAIL	194	319	6	245
FOLD	253	493	493	757974	757974	0	565842
RAIL	65	447	6	246
FOLD	254	495	495	761049	761049	0	567688
RAIL	65	448	6	247
FOLD	255	497	497	764124	764124	0	569642
RAIL	193	319	6	248
FOLD	256	499	499	767199	767199	0	571607
RAIL	193	320	6	249
FOLD	257	501	501	770274	770274	0	573683
RAIL	66	446	6	250
FOLD	258	503	503	773349	773349	0	575507
RAIL	66	447	6	251
FOLD	259	505	505	776424	776424	0	577303
RAIL	192	320	6	252
FOLD	260	507	507	779499	779499	0	579279
RAIL	192	321	6	253
FOLD	261	509	509	782574	782574	0	581218
RAIL	67	445	6	254
FOLD	262	511	511	785649	785649	0	583163
RAIL	67	446	6	255
FOLD	263	513	513	788724	788724	0	585104
RAIL	191	321	6	256
FOLD	264	515	515	791799	791799	0	587049
RAIL	191	322	6	257
FOLD	265	517	517	794874	794874	0	589031
RAIL	68	444	6	258
FOLD	266	519	519	797949	797949	0	597261
RAIL	68	445	6	259
FOLD	267	521	521	801024	801024	0	599238
RAIL	190	322	6	260
FOLD	268	523	523	804099	804099	0	601273
RAIL	190	323	6	261
FOLD	269	525	525	807174	807174	0	603376
RAIL	69	443	6	262
FOLD	270	527	527	810249	810249	0	605223
RAIL	69	444	6	263
FOLD	271	529	529	813324	813324	0	607115
RAIL	189	323	6	264
FOLD	272	531	531	816399	816399	0	609072
RAIL	189	324	6	265
FOLD	273	533	533	819474	819474	0	611127
RAIL	70	442	6	266
FOLD	274	535	535	822549	822549	0	612959
RAIL	70	443	6	267
FOLD	275	537	537	825624	825624	0	615010
RAIL	188	324	6	268
FOLD	276	539	539	828699	828699	0	617025
RAIL	188	325	6	269
FOLD	277	541	541	831774	831774	0	619192
RAIL	71	441	6	270
FOLD	278	543	543	834849	834849	0	620962
RAIL	71	442	6	271
FOLD	279	545	545	837924	837924	0	622919
RAIL	187	325	6	272
FOLD	280	547	547	840999	840999	0	624986
RAIL	187	326	6	273
FOLD	281	549	549	844074	844074	0	626939
RAIL	72	440	6	274
FOLD	282	551	551	847149	847149	0	628763
RAIL	72	441	6	275
FOLD	283	553	553	850224	850224	0	630804
RAIL	186	326	6	276
FOLD	284	555	555	853299	853299	0	632711
RAIL	186	327	6	277
FOLD	285	557	557	856374	856374	0	634624
RAIL	73	439	6	278
FOLD	286	559	559	859449	859449	0	636561
RAIL	73	440	6	279
FOLD	287	561	561	862524	862524	0	638388
RAIL	185	327	6	280
FOLD	288	563	563	865599	865599	0	640276
RAIL	185	328	6	281
FOLD	289	565	565	868674	868674	0	642207
RAIL	74	438	6	282
FOLD	290	567	567	871749	871749	0	644378
RAIL	74	439	6	283
FOLD	291	569	569	874824	874824	0	647604
RAIL	184	328	6	284
FOLD	292	571	571	877899	877899	0	651435
RAIL	184	329	6	285
FOLD	293	573	573	880974	880974	0	654741
RAIL	75	437	6	286
FOLD	294	575	575	884049	884049	0	657890
RAIL	75	438	6	287
FOLD	295	577	577	887124	887124	0	661498
RAIL	183	329	6	288
FOLD	296	579	579	890199	890199	0	664732
RAIL	183	330	6	289
FOLD	297	581	581	893274	893274	0	668799
RAIL	76	436	6	290
FOLD	298	583	583	896349	896349	0	672120
RAIL	76	437	6	291
FOLD	299	585	585	899424	899424	0	674404
RAIL	182	330	6	292
FOLD	300	587	587	902499	902499	0	676289
RAIL	182	331	6	293
FOLD	301	589	589	905574	905574	0	678276
RAIL	77	435	6	294
FOLD	302	591	591	908649	908649	0	680035
RAIL	77	436	6	295
FOLD	303	593	593	911724	911724	0	681821
RAIL	181	331	6	296
FOLD	304	595	595	914799	914799	0	683916
RAIL	181	332	6	297
FOLD	305	597	597	917874	917874	0	685858
RAIL	78	434	6	298
FOLD	306	599	599	920949	920949	0	687885
RAIL	78	435	6	299
FOLD	307	601	601	924024	924024	0	689721
RAIL	180	332	6	300
FOLD	308	603	603	927099	927099	0	691757
RAIL	180	333	6	301
FOLD	309	605	605	930174	930174	0	693672
RAIL	79	433	6	302
FOLD	310	607	607	933249	933249	0	695658
RAIL	79	434	6	303
FOLD	311	609	609	936324	936324	0	697552
RAIL	179	333	6	304
FOLD	312	611	611	939399	939399	0	699514
RAIL	179	334	6	305
FOLD	313	613	613	942474	942474	0	701433
RAIL	80	432	6	306
FOLD	314	615	615	945549	945549	0	703270
RAIL	80	433	6	307
FOLD	315	617	617	948624	948624	0	705072
RAIL	178	334	6	308
FOLD	316	619	619	951699	951699	0	706937
RAIL	178	335	6	309
FOLD	317	621	621	954774	954774	0	708835
RAIL	81	431	6	310
FOLD	318	623	623	957849	957849	0	710575
RAIL	81	432	6	311
FOLD	319	625	625	960924	960924	0	712476
RAIL	177	335	6	312
FOLD	320	627	627	963999	963999	0	714351
RAIL	177	336	6	313
FOLD	321	629	629	967074	967074	0	716282
RAIL	82	430	6	314
FOLD	322	631	631	970149	970149	0	718117
RAIL	82	431	6	315
FOLD	323	633	633	973224	973224	0	720136
RAIL	176	336	6	316
FOLD	324	635	635	976299	976299	0	721966
RAIL	176	337	6	317
FOLD	325	637	637	979374	979374	0	723856
RAIL	83	429	6	318
FOLD	326	639	639	982449	982449	0	725789
RAIL	83	430	6	319
FOLD	327	641	641	985524	985524	0	727804
RAIL	175	337	6	320
FOLD	328	643	643	988599	988599	0	729651
RAIL	175	338	6	321
FOLD	329	645	645	991674	991674	0	731769
RAIL	84	428	6	322
FOLD	330	647	647	994749	994749	0	733851
RAIL	84	429	6	323
FOLD	331	649	649	997824	997824	0	736114
RAIL	174	338	6	324
FOLD	332	651	651	1000899	1000899	0	738005
RAIL	174	339	6	325
FOLD	333	653	653	1003974	1003974	0	740082
RAIL	85	427	6	326
FOLD	334	655	655	1007049	1007049	0	741821
RAIL	85	428	6	327
FOLD	335	657	657	1010124	1010124	0	743742
RAIL	173	339	6	328
FOLD	336	659	659	1013199	1013199	0	745692
RAIL	173	340	6	329
FOLD	337	661	661	1016274	1016274	0	748265
RAIL	86	426	6	330
FOLD	338	663	663	1019349	1019349	0	750555
RAIL	86	427	6	331
FOLD	339	665	665	1022424	1022424	0	752459
RAIL	172	340	6	332
FOLD	340	667	667	1025499	1025499	0	754382
RAIL	172	341	6	333
FOLD	341	669	669	1028574	1028574	0	756425
RAIL	87	425	6	334
FOLD	342	671	671	1031649	1031649	0	758254
RAIL	87	426	6	335
FOLD	343	673	673	1034724	1034724	0	760164
RAIL	171	341	6	336
FOLD	344	675	675	1037799	1037799	0	762111
RAIL	171	342	6	337
FOLD	345	677	677	1040874	1040874	0	764223
RAIL	88	424	6	338
FOLD	346	679	679	1043949	1043949	0	766074
RAIL	88	425	6	339
FOLD	347	681	681	1047024	1047024	0	768079
RAIL	170	342	6	340
FOLD	348	683	683	1050099	1050099	0	770140
RAIL	170	343	6	341
FOLD	349	685	685	1053174	1053174	0	772253
RAIL	89	423	6	342
FOLD	350	687	687	1056249	1056249	0	774096
RAIL	89	424	6	343
FOLD	351	689	689	1059324	1059324	0	776080
RAIL	169	343	6	344
FOLD	352	691	691	1062399	1062399	0	778081
RAIL	169	344	6	345
FOLD	353	693	693	1065474	1065474	0	780145
RAIL	90	422	6	346
FOLD	354	695	695	1068549	1068549	0	781987
RAIL	90	423	6	347
FOLD	355	697	697	1071624	1071624	0	783921
RAIL	168	344	6	348
FOLD	356	699	699	1074699	1074699	0	785809
RAIL	168	345	6	349
FOLD	357	701	701	1077774	1077774	0	787782
RAIL	91	421	6	350
FOLD	358	703	703	1080849	1080849	0	789584
RAIL	91	422	6	351
FOLD	359	705	705	1083924	1083924	0	791674
RAIL	167	345	6	352
FOLD	360	707	707	1086999	1086999	0	793695
RAIL	167	346	6	353
FOLD	361	709	709	1090074	1090074	0	795876
RAIL	92	420	6	354
FOLD	362	711	711	1093149	1093149	0	797801
RAIL	92	421	6	355
FOLD	363	713	713	1096224	1096224	0	799727
RAIL	166	346	6	356
FOLD	364	715	715	1099299	1099299	0	801593
RAIL	166	347	6	357
FOLD	365	717	717	1102374	1102374	0	803702
RAIL	93	419	6	358
FOLD	366	719	719	1105449	1105449	0	805505
RAIL	93	420	6	359
FOLD	367	721	721	1108524	1108524	0	807490
RAIL	165	347	6	360
FOLD	368	723	723	1111599	1111599	0	809401
RAIL	165	348	6	361
FOLD	369	725	725	1114674	1114674	0	811634
RAIL	94	418	6	362
FOLD	370	727	727	1117749	1117749	0	813555
RAIL	94	419	6	363
FOLD	371	729	729	1120824	1120824	0	816058
RAIL	164	348	6	364
FOLD	372	731	731	1123899	1123899	0	819551
RAIL	164	349	6	365
FOLD	373	733	733	1126974	1126974	0	822549
RAIL	95	417	6	366
FOLD	374	735	735	1130049	1130049	0	824364
RAIL	95	418	6	367
FOLD	375	737	737	1133124	1133124	0	826329
RAIL	163	349	6	368
FOLD	376	739	739	1136199	1136199	0	828236
RAIL	163	350	6	369
FOLD	377	741	741	1139274	1139274	0	830262
RAIL	96	416	6	370
FOLD	378	743	743	1142349	1142349	0	832228
RAIL	96	417	6	371
FOLD	379	745	745	1145424	1145424	0	834268
RAIL	162	350	6	372
FOLD	380	747	747	1148499	1148499	0	836109
RAIL	162	351	6	373
FOLD	381	749	749	1151574	1151574	0	838014
RAIL	97	415	6	374
FOLD	382	751	751	1154649	1154649	0	839930
RAIL	97	416	6	375
FOLD	383	753	753	1157724	1157724	0	841974
RAIL	161	351	6	376
FOLD	384	755	755	1160799	1160799	0	844014
RAIL	161	352	6	377
FOLD	385	757	757	1163874	1163874	0	845902
RAIL	98	414	6	378
FOLD	386	759	759	1166949	1166949	0	847866
RAIL	98	415	6	379
FOLD	387	761	761	1170024	1170024	0	849683
RAIL	160	352	6	380
FOLD	388	763	763	1173099	1173099	0	851526
RAIL	160	353	6	381
FOLD	389	765	765	1176174	1176174	0	853564
RAIL	99	413	6	382
FOLD	390	767	767	1179249	1179249	0	855373
RAIL	99	414	6	383
FOLD	391	769	769	1182324	1182324	0	857207
RAIL	159	353	6	384
FOLD	392	771	771	1185399	1185399	0	859293
RAIL	159	354	6	385
FOLD	393	773	773	1188474	1188474	0	861276
RAIL	100	412	6	386
FOLD	394	775	775	1191549	1191549	0	863169
RAIL	100	413	6	387
FOLD	395	777	777	1194624	1194624	0	865076
RAIL	158	354	6	388
FOLD	396	779	779	1197699	1197699	0	867344
RAIL	158	355	6	389
FOLD	397	781	781	1200774	1200774	0	870956
RAIL	101	411	6	390
FOLD	398	783	783	1203849	1203849	0	874376
RAIL	101	412	6	391
FOLD	399	785	785	1206924	1206924	0	878088
RAIL	157	355	6	392
FOLD	400	787	787	1209999	1209999	0	881731
RAIL	157	356	6	393
FOLD	401	789	789	1213074	1213074	0	883772
RAIL	102	410	6	394
FOLD	402	791	791	1216149	1216149	0	885686
RAIL	102	411	6	395
FOLD	403	793	793	1219224	1219224	0	887617
RAIL	156	356	6	396
FOLD	404	795	795	1222299	1222299	0	889618
RAIL	156	357	6	397
FOLD	405	797	797	1225374	1225374	0	892320
RAIL	103	409	6	398
FOLD	406	799	799	1228449	1228449	0	894423
RAIL	103	410	6	399
FOLD	407	801	801	1231524	1231524	0	896632
RAIL	155	357	6	400
FOLD	408	803	803	1234599	1234599	0	898718
RAIL	155	358	6	401
FOLD	409	805	805	1237674	1237674	0	900948
RAIL	104	408	6	402
FOLD	410	807	807	1240749	1240749	0	902893
RAIL	104	409	6	403
FOLD	411	809	809	1243824	1243824	0	904814
RAIL	154	358	6	404
FOLD	412	811	811	1246899	1246899	0	906869
RAIL	154	359	6	405
FOLD	413	813	813	1249974	1249974	0	908939
RAIL	105	407	6	406
FOLD	414	815	815	1253049	1253049	0	910868
RAIL	105	408	6	407
FOLD	415	817	817	1256124	1256124	0	913029
RAIL	153	359	6	408
FOLD	416	819	819	1259199	1259199	0	915138
RAIL	153	360	6	409
FOLD	417	821	821	1262274	1262274	0	917312
RAIL	106	406	6	410
FOLD	418	823	823	1265349	1265349	0	919098
RAIL	106	407	6	411
FOLD	419	825	825	1268424	1268424	0	921122
RAIL	152	360	6	412
FOLD	420	827	827	1271499	1271499	0	922993
RAIL	152	361	6	413
FOLD	421	829	829	1274574	1274574	0	925089
RAIL	107	405	6	414
FOLD	422	831	831	1277649	1277649	0	926966
RAIL	107	406	6	415
FOLD	423	833	833	1280724	1280724	0	928839
RAIL	151	361	6	416
FOLD	424	835	835	1283799	1283799	0	930606
RAIL	151	362	6	417
FOLD	425	837	837	1286874	1286874	0	932642
RAIL	108	404	6	418
FOLD	426	839	839	1289949	1289949	0	934403
RAIL	108	405	6	419
FOLD	427	841	841	1293024	1293024	0	936380
RAIL	150	362	6	420
FOLD	428	843	843	1296099	1296099	0	938320
RAIL	150	363	6	421
FOLD	429	845	845	1299174	1299174	0	940303
RAIL	109	403	6	422
FOLD	430	847	847	1302249	1302249	0	942282
RAIL	109	404	6	423
FOLD	431	849	849	1305324	1305324	0	944195
RAIL	149	363	6	424
FOLD	432	851	851	1308399	1308399	0	946036
RAIL	149	364	6	425
FOLD	433	853	853	1311474	1311474	0	947957
RAIL	110	402	6	426
FOLD	434	855	855	1314549	1314549	0	949743
RAIL	110	403	6	427
FOLD	435	857	857	1317624	1317624	0	951585
RAIL	148	364	6	428
FOLD	436	859	859	1320699	1320699	0	953379
RAIL	148	365	6	429
FOLD	437	861	861	1323774	1323774	0	955539
RAIL	111	401	6	430
FOLD	438	863	863	1326849	1326849	0	957578
RAIL	111	402	6	431
FOLD	439	865	865	1329924	1329924	0	959594
RAIL	147	365	6	432
FOLD	440	867	867	1332999	1332999	0	961431
RAIL	147	366	6	433
FOLD	441	869	869	1336074	1336074	0	963540
RAIL	112	400	6	434
FOLD	442	871	871	1339149	1339149	0	965331
RAIL	112	401	6	435
FOLD	443	873	873	1342224	1342224	0	967202
RAIL	146	366	6	436
FOLD	444	875	875	1345299	1345299	0	969155
RAIL	146	367	6	437
FOLD	445	877	877	1348374	1348374	0	971179
RAIL	113	399	6	438
FOLD	446	879	879	1351449	1351449	0	973143
RAIL	113	400	6	439
FOLD	447	881	881	1354524	1354524	0	975199
RAIL	145	367	6	440
FOLD	448	883	883	1357599	1357599	0	977067
RAIL	145	368	6	441
FOLD	449	885	885	1360674	1360674	0	978984
RAIL	114	398	6	442
FOLD	450	887	887	1363749	1363749	0	980753
RAIL	114	399	6	443
FOLD	451	889	889	1366824	1366824	0	982548
RAIL	144	368	6	444
FOLD	452	891	891	1369899	1369899	0	984440
RAIL	144	369	6	445
FOLD	453	893	893	1372974	1372974	0	986804
RAIL	115	397	6	446
FOLD	454	895	895	1376049	1376049	0	989691
RAIL	115	398	6	447
FOLD	455	897	897	1379124	1379124	0	991554
RAIL	143	369	6	448
FOLD	456	899	899	1382199	1382199	0	993499
RAIL	143	370	6	449
FOLD	457	901	901	1385274	1385274	0	995467
RAIL	116	396	6	450
FOLD	458	903	903	1388349	1388349	0	997438
RAIL	116	397	6	451
FOLD	459	905	905	1391424	1391424	0	999381
RAIL	142	370	6	452
FOLD	460	907	907	1394499	1394499	0	1001308
RAIL	142	371	6	453
FOLD	461	909	909	1397574	1397574	0	1003456
RAIL	117	395	6	454
FOLD	462	911	911	1400649	1400649	0	1005259
RAIL	117	396	6	455
FOLD	463	913	913	1403724	1403724	0	1007165
RAIL	141	371	6	456
FOLD	464	915	915	1406799	1406799	0	1008980
RAIL	141	372	6	457
FOLD	465	917	917	1409874	1409874	0	1010793
RAIL	118	394	6	458
FOLD	466	919	919	1412949	1412949	0	1012681
RAIL	118	395	6	459
FOLD	467	921	921	1416024	1416024	0	1014550
RAIL	140	372	6	460
FOLD	468	923	923	1419099	1419099	0	1016403
RAIL	140	373	6	461
FOLD	469	925	925	1422174	1422174	0	1018267
RAIL	119	393	6	462
FOLD	470	927	927	1425249	1425249	0	1020106
RAIL	119	394	6	463
FOLD	471	929	929	1428324	1428324	0	1022049
RAIL	139	373	6	464
FOLD	472	931	931	1431399	1431399	0	1023914
RAIL	139	374	6	465
FOLD	473	933	933	1434474	1434474	0	1025774
RAIL	120	392	6	466
FOLD	474	935	935	1437549	1437549	0	1027741
RAIL	120	393	6	467
FOLD	475	937	937	1440624	1440624	0	1029756
RAIL	138	374	6	468
FOLD	476	939	939	1443699	1443699	0	1031719
RAIL	138	375	6	469
FOLD	477	941	941	1446774	1446774	0	1033755
RAIL	121	391	6	470
FOLD	478	943	943	1449849	1449849	0	1035577
RAIL	121	392	6	471
FOLD	479	945	945	1452924	1452924	0	1037404
RAIL	137	375	6	472
FOLD	480	947	947	1455999	1455999	0	1039378
RAIL	137	376	6	473
FOLD	481	949	949	1459074	1459074	0	1041253
RAIL	122	390	6	474
FOLD	482	951	951	1462149	1462149	0	1043168
RAIL	122	391	6	475
FOLD	483	953	953	1465224	1465224	0	1045124
RAIL	136	376	6	476
FOLD	484	955	955	1468299	1468299	0	1047150
RAIL	136	377	6	477
FOLD	485	957	957	1471374	1471374	0	1049094
RAIL	123	389	6	478
FOLD	486	959	959	1474449	1474449	0	1051091
RAIL	123	390	6	479
FOLD	487	961	961	1477524	1477524	0	1052934
RAIL	135	377	6	480
FOLD	488	963	963	1480599	1480599	0	1054754
RAIL	135	378	6	481
FOLD	489	965	965	1483674	1483674	0	1056635
RAIL	124	388	6	482
FOLD	490	967	967	1486749	1486749	0	1058386
RAIL	124	389	6	483
FOLD	491	969	969	1489824	1489824	0	1060490
RAIL	134	378	6	484
FOLD	492	971	971	1492899	1492899	0	1062428
RAIL	134	379	6	485
FOLD	493	973	973	1495974	1495974	0	1064372
RAIL	125	387	6	486
FOLD	494	975	975	1499049	1499049	0	1066771
RAIL	125	388	6	487
FOLD	495	977	977	1502124	1502124	0	1068638
RAIL	133	379	6	488
FOLD	496	979	979	1505199	1505199	0	1070509
RAIL	133	380	6	489
FOLD	497	981	981	1508274	1508274	0	1072455
RAIL	126	386	6	490
FOLD	498	983	983	1511349	1511349	0	1074223
RAIL	126	387	6	491
FOLD	499	985	985	1514424	1514424	0	1076238
RAIL	132	380	6	492
FOLD	500	987	987	1517499	1517499	0	1078101
RAIL	132	381	6	493
FOLD	501	989	989	1520574	1520574	0	1080115
RAIL	127	385	6	494
FOLD	502	991	991	1523649	1523649	0	1081958
RAIL	127	386	6	495
FOLD	503	993	993	1526724	1526724	0	1084048
RAIL	131	381	6	496
FOLD	504	995	995	1529799	1529799	0	1085950
RAIL	131	382	6	497
FOLD	505	997	997	1532874	1532874	0	1087898
RAIL	128	384	6	498
FOLD	506	999	999	1535949	1535949	0	1089744
RAIL	128	385	6	499
FOLD	507	1001	1001	1539024	1539024	0	1092834
RAIL	130	382	6	500
FOLD	508	1003	1003	1542099	1542099	0	1096161
RAIL	130	383	6	501
FOLD	509	1005	1005	1545174	1545174	0	1099581
RAIL	129	383	6	502
FOLD	510	1007	1007	1548249	1548249	0	1103120
RAIL	129	384	6	503
FOLD	511	1008	1008	1549788	1549788	0	1106396
RAIL	256	256	6	504
FOLD	512	1009	1009	1551324	1551324	0	1108263
RAIL	256	256	6	505
FOLD	513	1010	1010	1552860	1552860	0	1110086
RAIL	256	256	6	506
FOLD	514	1011	1011	1554396	1554396	0	1111982
RAIL	256	256	6	507
FOLD	515	1012	1012	1555932	1555932	0	1113810
RAIL	256	257	6	508
FOLD	516	1013	1013	1557471	1557471	0	1115826
RAIL	256	256	6	509
FOLD	517	1014	1014	1559007	1559007	0	1117658
RAIL	3	509	6	510
FOLD	520	1015	1015	1560543	1560543	0	1121708
RAIL	255	257	7	512
FOLD	521	1016	1016	1562079	1562079	0	1123800
RAIL	256	256	7	513
FOLD	522	1017	1017	1563615	1563615	0	1125679
RAIL	255	258	7	514
FOLD	523	1018	1018	1565154	1565154	0	1127780
RAIL	256	256	7	515
FOLD	524	1019	1019	1566690	1566690	0	1129619
RAIL	4	508	7	516
FOLD	527	1020	1020	1568226	1568226	0	1133912
RAIL	254	258	8	518
FOLD	528	1021	1021	1569762	1569762	0	1135835
RAIL	256	256	8	519
FOLD	529	1022	1022	1571298	1571298	0	1137841
RAIL	254	259	8	520
FOLD	530	1023	1023	1572837	1572837	0	1139827
RAIL	256	256	8	521
FOLD	531	1024	1024	1574373	1574373	0	1141835
RAIL	5	507	8	522
FOLD	532	1025	1025	1575909	1575909	0	1143547
RAIL	256	256	8	523
FOLD	533	1026	1026	1577445	1577445	0	1145443
RAIL	256	256	8	524
FOLD	534	1027	1027	1578981	1578981	0	1147577
RAIL	253	259	8	525
FOLD	535	1028	1028	1580517	1580517	0	1149576
RAIL	256	256	8	526
FOLD	536	1029	1029	1582053	1582053	0	1151648
RAIL	253	260	8	527
FOLD	537	1030	1030	1583592	1583592	0	1153453
RAIL	256	256	8	528
FOLD	538	1031	1031	1585128	1585128	0	1155406
RAIL	6	506	8	529
FOLD	539	1032	1032	1586664	1586664	0	1157157
RAIL	256	256	8	530
FOLD	540	1033	1033	1588200	1588200	0	1159250
RAIL	256	256	8	531
FOLD	541	1034	1034	1589736	1589736	0	1161159
RAIL	252	260	8	532
FOLD	542	1035	1035	1591272	1591272	0	1163052
RAIL	256	256	8	533
FOLD	543	1036	1036	1592808	1592808	0	1164977
RAIL	252	261	8	534
FOLD	544	1037	1037	1594347	1594347	0	1166948
RAIL	256	256	8	535
FOLD	545	1038	1038	1595883	1595883	0	1169021
RAIL	7	505	8	536
FOLD	546	1039	1039	1597419	1597419	0	1170781
RAIL	256	256	8	537
FOLD	547	1040	1040	1598955	1598955	0	1172737
RAIL	7	506	8	538
FOLD	550	1041	1041	1600488	1600488	0	1176765
RAIL	256	256	9	540
FOLD	551	1042	1042	1602024	1602024	0	1178887
RAIL	251	262	9	541
FOLD	552	1043	1043	1603563	1603563	0	1180973
RAIL	256	256	9	542
FOLD	553	1044	1044	1605099	1605099	0	1183019
RAIL	8	504	9	543
FOLD	554	1045	1045	1606635	1606635	0	1184817
RAIL	256	256	9	544
FOLD	555	1046	1046	1608171	1608171	0	1186756
RAIL	8	505	9	545
FOLD	558	1047	1047	1609704	1609704	0	1191348
RAIL	256	256	10	547
FOLD	559	1048	1048	1611240	1611240	0	1193383
RAIL	250	263	10	548
FOLD	560	1049	1049	1612779	1612779	0	1195458
RAIL	256	256	10	549
FOLD	561	1050	1050	1614315	1614315	0	1197413
RAIL	9	503	10	550
FOLD	562	1051	1051	1615851	1615851	0	1199040
RAIL	256	256	10	551
FOLD	563	1052	1052	1617387	1617387	0	1200932
RAIL	9	504	10	552
FOLD	564	1053	1053	1618926	1618926	0	1202513
RAIL	256	256	10	553
FOLD	565	1054	1054	1620462	1620462	0	1204503
RAIL	249	263	10	554
FOLD	566	1055	1055	1621998	1621998	0	1206350
RAIL	256	256	10	555
FOLD	567	1056	1056	1623534	1623534	0	1208418
RAIL	249	264	10	556
FOLD	568	1057	1057	1625073	1625073	0	1210247
RAIL	256	256	10	557
FOLD	569	1058	1058	1626609	1626609	0	1212351
RAIL	10	502	10	558
FOLD	570	1059	1059	1628145	1628145	0	1214897
RAIL	256	256	10	559
FOLD	571	1060	1060	1629681	1629681	0	1216977
RAIL	10	503	10	560
FOLD	572	1061	1061	1631220	1631220	0	1218552
RAIL	256	256	10	561
FOLD	573	1062	1062	1632756	1632756	0	1220642
RAIL	248	264	10	562
FOLD	574	1063	1063	1634292	1634292	0	1222501
RAIL	256	256	10	563
FOLD	575	1064	1064	1635828	1635828	0	1224638
RAIL	248	265	10	564
FOLD	576	1065	1065	1637367	1637367	0	1226689
RAIL	256	256	10	565
FOLD	577	1066	1066	1638903	1638903	0	1228942
RAIL	11	501	10	566
FOLD	578	1067	1067	1640439	1640439	0	1230696
RAIL	256	256	10	567
FOLD	579	1068	1068	1641975	1641975	0	1232792
RAIL	11	502	10	568
FOLD	580	1069	1069	1643514	1643514	0	1234530
RAIL	256	256	10	569
FOLD	581	1070	1070	1645050	1645050	0	1236761
RAIL	247	265	10	570
FOLD	582	1071	1071	1646586	1646586	0	1238591
RAIL	256	256	10	571
FOLD	583	1072	1072	1648122	1648122	0	1240793
RAIL	247	266	10	572
FOLD	584	1073	1073	1649661	1649661	0	1242735
RAIL	256	256	10	573
FOLD	585	1074	1074	1651197	1651197	0	1244895
RAIL	12	500	10	574
FOLD	586	1075	1075	1652733	1652733	0	1246504
RAIL	256	256	10	575
FOLD	587	1076	1076	1654269	1654269	0	1248903
RAIL	12	501	10	576
FOLD	588	1077	1077	1655808	1655808	0	1250547
RAIL	256	256	10	577
FOLD	589	1078	1078	1657344	1657344	0	1252757
RAIL	246	266	10	578
FOLD	590	1079	1079	1658880	1658880	0	1254641
RAIL	256	256	10	579
FOLD	591	1080	1080	1660416	1660416	0	1256910
RAIL	246	267	10	580
FOLD	592	1081	1081	1661955	1661955	0	1258829
RAIL	256	256	10	581
FOLD	593	1082	1082	1663491	1663491	0	1261012
RAIL	13	499	10	582
FOLD	594	1083	1083	1665027	1665027	0	1262785
RAIL	256	256	10	583
FOLD	595	1084	1084	1666563	1666563	0	1264954
RAIL	13	500	10	584
FOLD	596	1085	1085	1668102	1668102	0	1266577
RAIL	256	256	10	585
FOLD	597	1086	1086	1669638	1669638	0	1268801
RAIL	245	267	10	586
FOLD	598	1087	1087	1671174	1671174	0	1270745
RAIL	256	256	10	587
FOLD	599	1088	1088	1672710	1672710	0	1273041
RAIL	245	268	10	588
FOLD	600	1089	1089	1674249	1674249	0	1275046
RAIL	256	256	10	589
FOLD	601	1090	1090	1675785	1675785	0	1277448
RAIL	14	498	10	590
FOLD	602	1091	1091	1677321	1677321	0	1279164
RAIL	256	256	10	591
FOLD	603	1092	1092	1678857	1678857	0	1281568
RAIL	14	499	10	592
FOLD	604	1093	1093	1680396	1680396	0	1283429
RAIL	256	256	10	593
FOLD	605	1094	1094	1681932	1681932	0	1285647
RAIL	244	268	10	594
FOLD	606	1095	1095	1683468	1683468	0	1287777
RAIL	256	256	10	595
FOLD	607	1096	1096	1685004	1685004	0	1290099
RAIL	244	269	10	596
FOLD	608	1097	1097	1686543	1686543	0	1292174
RAIL	256	256	10	597
FOLD	609	1098	1098	1688079	1688079	0	1294495
RAIL	15	497	10	598
FOLD	610	1099	1099	1689615	1689615	0	1296333
RAIL	256	256	10	599
FOLD	611	1100	1100	1691151	1691151	0	1298623
RAIL	15	498	10	600
FOLD	612	1101	1101	1692690	1692690	0	1300426
RAIL	256	256	10	601
FOLD	613	1102	1102	1694226	1694226	0	1302902
RAIL	243	269	10	602
FOLD	614	1103	1103	1695762	1695762	0	1304905
RAIL	256	256	10	603
FOLD	615	1104	1104	1697298	1697298	0	1307395
RAIL	243	270	10	604
FOLD	616	1105	1105	1698837	1698837	0	1309279
RAIL	256	256	10	605
FOLD	617	1106	1106	1700373	1700373	0	1311821
RAIL	16	496	10	606
FOLD	618	1107	1107	1701909	1701909	0	1313675
RAIL	256	256	10	607
FOLD	619	1108	1108	1703445	1703445	0	1316289
RAIL	16	497	10	608
FOLD	620	1109	1109	1704984	1704984	0	1318099
RAIL	256	256	10	609
FOLD	621	1110	1110	1706520	1706520	0	1320597
RAIL	242	270	10	610
FOLD	622	1111	1111	1708056	1708056	0	1322660
RAIL	256	256	10	611
FOLD	623	1112	1112	1709592	1709592	0	1325180
RAIL	242	271	10	612
FOLD	624	1113	1113	1711131	1711131	0	1327128
RAIL	256	256	10	613
FOLD	625	1114	1114	1712667	1712667	0	1329537
RAIL	17	495	10	614
FOLD	626	1115	1115	1714203	1714203	0	1331391
RAIL	256	256	10	615
FOLD	627	1116	1116	1715739	1715739	0	1333775
RAIL	17	496	10	616
FOLD	628	1117	1117	1717278	1717278	0	1335600
RAIL	256	256	10	617
FOLD	629	1118	1118	1718814	1718814	0	1338021
RAIL	241	271	10	618
FOLD	630	1119	1119	1720350	1720350	0	1339983
RAIL	256	256	10	619
FOLD	631	1120	1120	1721886	1721886	0	1342505
RAIL	241	272	10	620
FOLD	632	1121	1121	1723425	1723425	0	1344429
RAIL	256	256	10	621
FOLD	633	1122	1122	1724961	1724961	0	1346942
RAIL	18	494	10	622
FOLD	634	1123	1123	1726497	1726497	0	1348751
RAIL	256	256	10	623
FOLD	635	1124	1124	1728033	1728033	0	1351533
RAIL	18	495	10	624
FOLD	636	1125	1125	1729572	1729572	0	1353195
RAIL	256	256	10	625
FOLD	637	1126	1126	1731108	1731108	0	1355920
RAIL	240	272	10	626
FOLD	638	1127	1127	1732644	1732644	0	1357802
RAIL	256	256	10	627
FOLD	639	1128	1128	1734180	1734180	0	1361495
RAIL	240	273	10	628
FOLD	640	1129	1129	1735719	1735719	0	1364880
RAIL	256	256	10	629
FOLD	641	1130	1130	1737255	1737255	0	1369654
RAIL	19	493	10	630
FOLD	642	1131	1131	1738791	1738791	0	1372850
RAIL	256	256	10	631
FOLD	643	1132	1132	1740327	1740327	0	1376347
RAIL	19	494	10	632
FOLD	644	1133	1133	1741866	1741866	0	1378237
RAIL	256	256	10	633
FOLD	645	1134	1134	1743402	1743402	0	1380988
RAIL	239	273	10	634
FOLD	646	1135	1135	1744938	1744938	0	1383033
RAIL	256	256	10	635
FOLD	647	1136	1136	1746474	1746474	0	1385612
RAIL	239	274	10	636
FOLD	648	1137	1137	1748013	1748013	0	1387527
RAIL	256	256	10	637
FOLD	649	1138	1138	1749549	1749549	0	1391444
RAIL	20	492	10	638
FOLD	650	1139	1139	1751085	1751085	0	1394479
RAIL	256	256	10	639
FOLD	651	1140	1140	1752621	1752621	0	1399063
RAIL	20	493	10	640
FOLD	652	1141	1141	1754160	1754160	0	1401944
RAIL	256	256	10	641
FOLD	653	1142	1142	1755696	1755696	0	1406619
RAIL	238	274	10	642
FOLD	654	1143	1143	1757232	1757232	0	1410202
RAIL	256	256	10	643
FOLD	655	1144	1144	1758768	1758768	0	1415024
RAIL	238	275	10	644
FOLD	656	1145	1145	1760307	1760307	0	1417484
RAIL	256	256	10	645
FOLD	657	1146	1146	1761843	1761843	0	1420603
RAIL	21	491	10	646
FOLD	658	1147	1147	1763379	1763379	0	1422415
RAIL	256	256	10	647
FOLD	659	1148	1148	1764915	1764915	0	1425281
RAIL	21	492	10	648
FOLD	660	1149	1149	1766454	1766454	0	1427075
RAIL	256	256	10	649
FOLD	661	1150	1150	1767990	1767990	0	1429921
RAIL	237	275	10	650
FOLD	662	1151	1151	1769526	1769526	0	1431836
RAIL	256	256	10	651
FOLD	663	1152	1152	1771062	1771062	0	1434671
RAIL	237	276	10	652
FOLD	664	1153	1153	1772601	1772601	0	1436627
RAIL	256	256	10	653
FOLD	665	1154	1154	1774137	1774137	0	1439632
RAIL	22	490	10	654
FOLD	666	1155	1155	1775673	1775673	0	1441325
RAIL	256	256	10	655
FOLD	667	1156	1156	1777209	1777209	0	1444158
RAIL	22	491	10	656
FOLD	668	1157	1157	1778748	1778748	0	1445822
RAIL	256	256	10	657
FOLD	669	1158	1158	1780284	1780284	0	1448907
RAIL	236	276	10	658
FOLD	670	1159	1159	1781820	1781820	0	1451662
RAIL	256	256	10	659
FOLD	671	1160	1160	1783356	1783356	0	1454457
RAIL	236	277	10	660
FOLD	672	1161	1161	1784895	1784895	0	1456371
RAIL	256	256	10	661
FOLD	673	1162	1162	1786431	1786431	0	1459518
RAIL	23	489	10	662
FOLD	674	1163	1163	1787967	1787967	0	1461382
RAIL	256	256	10	663
FOLD	675	1164	1164	1789503	1789503	0	1464474
RAIL	23	490	10	664
FOLD	676	1165	1165	1791042	1791042	0	1466313
RAIL	256	256	10	665
FOLD	677	1166	1166	1792578	1792578	0	1469218
RAIL	235	277	10	666
FOLD	678	1167	1167	1794114	1794114	0	1471227
RAIL	256	256	10	667
FOLD	679	1168	1168	1795650	1795650	0	1474090
RAIL	235	278	10	668
FOLD	680	1169	1169	1797189	1797189	0	1475968
RAIL	256	256	10	669
FOLD	681	1170	1170	1798725	1798725	0	1479303
RAIL	24	488	10	670
FOLD	682	1171	1171	1800261	1800261	0	1481217
RAIL	256	256	10	671
FOLD	683	1172	1172	1801797	1801797	0	1484227
RAIL	24	489	10	672
FOLD	684	1173	1173	1803336	1803336	0	1485976
RAIL	256	256	10	673
FOLD	685	1174	1174	1804872	1804872	0	1489180
RAIL	234	278	10	674
FOLD	686	1175	1175	1806408	1806408	0	1491223
RAIL	256	256	10	675
FOLD	687	1176	1176	1807944	1807944	0	1494331
RAIL	234	279	10	676
FOLD	688	1177	1177	1809483	1809483	0	1496336
RAIL	256	256	10	677
FOLD	689	1178	1178	1811019	1811019	0	1499346
RAIL	25	487	10	678
FOLD	690	1179	1179	1812555	1812555	0	1501063
RAIL	256	256	10	679
FOLD	691	1180	1180	1814091	1814091	0	1504218
RAIL	25	488	10	680
FOLD	692	1181	1181	1815630	1815630	0	1505944
RAIL	256	256	10	681
FOLD	693	1182	1182	1817166	1817166	0	1508953
RAIL	233	279	10	682
FOLD	694	1183	1183	1818702	1818702	0	1510932
RAIL	256	256	10	683
FOLD	695	1184	1184	1820238	1820238	0	1514123
RAIL	233	280	10	684
FOLD	696	1185	1185	1821777	1821777	0	1516149
RAIL	256	256	10	685
FOLD	697	1186	1186	1823313	1823313	0	1519269
RAIL	26	486	10	686
FOLD	698	1187	1187	1824849	1824849	0	1521158
RAIL	256	256	10	687
FOLD	699	1188	1188	1826385	1826385	0	1524360
RAIL	26	487	10	688
FOLD	700	1189	1189	1827924	1827924	0	1526019
RAIL	256	256	10	689
FOLD	701	1190	1190	1829460	1829460	0	1529273
RAIL	232	280	10	690
FOLD	702	1191	1191	1830996	1830996	0	1531156
RAIL	256	256	10	691
FOLD	703	1192	1192	1832532	1832532	0	1534442
RAIL	232	281	10	692
FOLD	704	1193	1193	1834071	1834071	0	1536378
RAIL	256	256	10	693
FOLD	705	1194	1194	1835607	1835607	0	1539644
RAIL	27	485	10	694
FOLD	706	1195	1195	1837143	1837143	0	1541341
RAIL	256	256	10	695
FOLD	707	1196	1196	1838679	1838679	0	1544676
RAIL	27	486	10	696
FOLD	708	1197	1197	1840218	1840218	0	1546530
RAIL	256	256	10	697
FOLD	709	1198	1198	1841754	1841754	0	1549837
RAIL	231	281	10	698
FOLD	710	1199	1199	1843290	1843290	0	1551946
RAIL	256	256	10	699
FOLD	711	1200	1200	1844826	1844826	0	1556029
RAIL	231	282	10	700
FOLD	712	1201	1201	1846365	1846365	0	1558049
RAIL	256	256	10	701
FOLD	713	1202	1202	1847901	1847901	0	1561668
RAIL	28	484	10	702
FOLD	714	1203	1203	1849437	1849437	0	1563588
RAIL	256	256	10	703
FOLD	715	1204	1204	1850973	1850973	0	1566933
RAIL	28	485	10	704
FOLD	716	1205	1205	1852512	1852512	0	1568733
RAIL	256	256	10	705
FOLD	717	1206	1206	1854048	1854048	0	1572105
RAIL	230	282	10	706
FOLD	718	1207	1207	1855584	1855584	0	1573960
RAIL	256	256	10	707
FOLD	719	1208	1208	1857120	1857120	0	1577698
RAIL	230	283	10	708
FOLD	720	1209	1209	1858659	1858659	0	1579757
RAIL	256	256	10	709
FOLD	721	1210	1210	1860195	1860195	0	1583641
RAIL	29	483	10	710
FOLD	722	1211	1211	1861731	1861731	0	1585636
RAIL	256	256	10	711
FOLD	723	1212	1212	1863267	1863267	0	1589291
RAIL	29	484	10	712
FOLD	724	1213	1213	1864806	1864806	0	1591134
RAIL	256	256	10	713
FOLD	725	1214	1214	1866342	1866342	0	1594623
RAIL	229	283	10	714
FOLD	726	1215	1215	1867878	1867878	0	1596610
RAIL	256	256	10	715
FOLD	727	1216	1216	1869414	1869414	0	1600169
RAIL	229	284	10	716
FOLD	728	1217	1217	1870953	1870953	0	1602190
RAIL	256	256	10	717
FOLD	729	1218	1218	1872489	1872489	0	1605654
RAIL	30	482	10	718
FOLD	730	1219	1219	1874025	1874025	0	1607456
RAIL	256	256	10	719
FOLD	731	1220	1220	1875561	1875561	0	1611151
RAIL	30	483	10	720
FOLD	732	1221	1221	1877100	1877100	0	1612856
RAIL	256	256	10	721
FOLD	733	1222	1222	1878636	1878636	0	1616586
RAIL	228	284	10	722
FOLD	734	1223	1223	1880172	1880172	0	1618498
RAIL	256	256	10	723
FOLD	735	1224	1224	1881708	1881708	0	1622206
RAIL	228	285	10	724
FOLD	736	1225	1225	1883247	1883247	0	1624321
RAIL	256	256	10	725
FOLD	737	1226	1226	1884783	1884783	0	1627978
RAIL	31	481	10	726
FOLD	738	1227	1227	1886319	1886319	0	1630047
RAIL	256	256	10	727
FOLD	739	1228	1228	1887855	1887855	0	1633965
RAIL	31	482	10	728
FOLD	740	1229	1229	1889394	1889394	0	1635951
RAIL	256	256	10	729
FOLD	741	1230	1230	1890930	1890930	0	1640279
RAIL	227	285	10	730
FOLD	742	1231	1231	1892466	1892466	0	1642515
RAIL	256	256	10	731
FOLD	743	1232	1232	1894002	1894002	0	1646279
RAIL	227	286	10	732
FOLD	744	1233	1233	1895541	1895541	0	1648352
RAIL	256	256	10	733
FOLD	745	1234	1234	1897077	1897077	0	1652034
RAIL	32	480	10	734
FOLD	746	1235	1235	1898613	1898613	0	1653838
RAIL	256	256	10	735
FOLD	747	1236	1236	1900149	1900149	0	1658190
RAIL	32	481	10	736
FOLD	748	1237	1237	1901688	1901688	0	1659994
RAIL	256	256	10	737
FOLD	749	1238	1238	1903224	1903224	0	1663941
RAIL	226	286	10	738
FOLD	750	1239	1239	1904760	1904760	0	1665893
RAIL	256	256	10	739
FOLD	751	1240	1240	1906296	1906296	0	1669862
RAIL	226	287	10	740
FOLD	752	1241	1241	1907835	1907835	0	1672176
RAIL	256	256	10	741
FOLD	753	1242	1242	1909371	1909371	0	1676477
RAIL	33	479	10	742
FOLD	754	1243	1243	1910907	1910907	0	1678208
RAIL	256	256	10	743
FOLD	755	1244	1244	1912443	1912443	0	1682320
RAIL	33	480	10	744
FOLD	756	1245	1245	1913982	1913982	0	1683999
RAIL	256	256	10	745
FOLD	757	1246	1246	1915518	1915518	0	1688240
RAIL	225	287	10	746
FOLD	758	1247	1247	1917054	1917054	0	1690251
RAIL	256	256	10	747
FOLD	759	1248	1248	1918590	1918590	0	1694199
RAIL	225	288	10	748
FOLD	760	1249	1249	1920129	1920129	0	1696156
RAIL	256	256	10	749
FOLD	761	1250	1250	1921665	1921665	0	1700426
RAIL	34	478	10	750
FOLD	762	1251	1251	1923201	1923201	0	1702243
RAIL	256	256	10	751
FOLD	763	1252	1252	1924737	1924737	0	1707070
RAIL	34	479	10	752
FOLD	764	1253	1253	1926276	1926276	0	1708946
RAIL	256	256	10	753
FOLD	765	1254	1254	1927812	1927812	0	1713168
RAIL	224	288	10	754
FOLD	766	1255	1255	1929348	1929348	0	1715163
RAIL	256	256	10	755
FOLD	767	1256	1256	1930884	1930884	0	1719775
RAIL	224	289	10	756
FOLD	768	1257	1257	1932423	1932423	0	1722578
RAIL	256	256	10	757
FOLD	769	1258	1258	1933959	1933959	0	1727119
RAIL	35	477	10	758
FOLD	770	1259	1259	1935495	1935495	0	1728954
RAIL	256	256	10	759
FOLD	771	1260	1260	1937031	1937031	0	1733379
RAIL	35	478	10	760
FOLD	772	1261	1261	1938570	1938570	0	1735235
RAIL	256	256	10	761
FOLD	773	1262	1262	1940106	1940106	0	1742096
RAIL	223	289	10	762
FOLD	774	1263	1263	1941642	1941642	0	1745076
RAIL	256	256	10	763
FOLD	775	1264	1264	1943178	1943178	0	1752117
RAIL	223	290	10	764
FOLD	776	1265	1265	1944717	1944717	0	1754144
RAIL	256	256	10	765
FOLD	777	1266	1266	1946253	1946253	0	1761179
RAIL	36	476	10	766
FOLD	778	1267	1267	1947789	1947789	0	1764196
RAIL	256	256	10	767
FOLD	779	1268	1268	1949325	1949325	0	1771666
RAIL	36	477	10	768
FOLD	780	1269	1269	1950864	1950864	0	1778722
RAIL	256	256	10	769
FOLD	781	1270	1270	1952400	1952400	0	1786825
RAIL	222	290	10	770
FOLD	782	1271	1271	1953936	1953936	0	1794840
RAIL	256	256	10	771
FOLD	783	1272	1272	1955472	1955472	0	1802441
RAIL	222	291	10	772
FOLD	784	1273	1273	1957011	1957011	0	1809579
RAIL	256	256	10	773
FOLD	785	1274	1274	1958547	1958547	0	1817881
RAIL	37	475	10	774
FOLD	786	1275	1275	1960083	1960083	0	1819699
RAIL	256	256	10	775
FOLD	787	1276	1276	1961619	1961619	0	1824271
RAIL	37	476	10	776
FOLD	788	1277	1277	1963158	1963158	0	1825986
RAIL	256	256	10	777
FOLD	789	1278	1278	1964694	1964694	0	1830415
RAIL	221	291	10	778
FOLD	790	1279	1279	1966230	1966230	0	1832339
RAIL	256	256	10	779
FOLD	791	1280	1280	1967766	1967766	0	1836849
RAIL	221	292	10	780
FOLD	792	1281	1281	1969305	1969305	0	1838796
RAIL	256	256	10	781
FOLD	793	1282	1282	1970841	1970841	0	1843498
RAIL	38	474	10	782
FOLD	794	1283	1283	1972377	1972377	0	1845213
RAIL	256	256	10	783
FOLD	795	1284	1284	1973913	1973913	0	1849992
RAIL	38	475	10	784
FOLD	796	1285	1285	1975452	1975452	0	1851765
RAIL	256	256	10	785
FOLD	797	1286	1286	1976988	1976988	0	1856404
RAIL	220	292	10	786
FOLD	798	1287	1287	1978524	1978524	0	1858251
RAIL	256	256	10	787
FOLD	799	1288	1288	1980060	1980060	0	1863039
RAIL	220	293	10	788
FOLD	800	1289	1289	1981599	1981599	0	1865059
RAIL	256	256	10	789
FOLD	801	1290	1290	1983135	1983135	0	1869749
RAIL	39	473	10	790
FOLD	802	1291	1291	1984671	1984671	0	1871512
RAIL	256	256	10	791
FOLD	803	1292	1292	1986207	1986207	0	1876500
RAIL	39	474	10	792
FOLD	804	1293	1293	1987746	1987746	0	1878324
RAIL	256	256	10	793
FOLD	805	1294	1294	1989282	1989282	0	1883257
RAIL	219	293	10	794
FOLD	806	1295	1295	1990818	1990818	0	1885817
RAIL	256	256	10	795
FOLD	807	1296	1296	1992354	1992354	0	1894280
RAIL	219	294	10	796
FOLD	808	1297	1297	1993893	1993893	0	1897668
RAIL	256	256	10	797
FOLD	809	1298	1298	1995429	1995429	0	1903319
RAIL	40	472	10	798
FOLD	810	1299	1299	1996965	1996965	0	1905207
RAIL	256	256	10	799
FOLD	811	1300	1300	1998501	1998501	0	1910021
RAIL	40	473	10	800
FOLD	812	1301	1301	2000040	2000040	0	1911904
RAIL	256	256	10	801
FOLD	813	1302	1302	2001576	2001576	0	1916811
RAIL	218	294	10	802
FOLD	814	1303	1303	2003112	2003112	0	1918731
RAIL	256	256	10	803
FOLD	815	1304	1304	2004648	2004648	0	1923792
RAIL	218	295	10	804
FOLD	816	1305	1305	2006187	2006187	0	1925777
RAIL	256	256	10	805
FOLD	817	1306	1306	2007723	2007723	0	1930628
RAIL	41	471	10	806
FOLD	818	1307	1307	2009259	2009259	0	1932392
RAIL	256	256	10	807
FOLD	819	1308	1308	2010795	2010795	0	1937469
RAIL	41	472	10	808
FOLD	820	1309	1309	2012334	2012334	0	1939480
RAIL	256	256	10	809
FOLD	821	1310	1310	2013870	2013870	0	1944904
RAIL	217	295	10	810
FOLD	822	1311	1311	2015406	2015406	0	1947358
RAIL	256	256	10	811
FOLD	823	1312	1312	2016942	2016942	0	1952844
RAIL	217	296	10	812
FOLD	824	1313	1313	2018481	2018481	0	1954979
RAIL	256	256	10	813
FOLD	825	1314	1314	2020017	2020017	0	1961643
RAIL	42	470	10	814
FOLD	826	1315	1315	2021553	2021553	0	1964946
RAIL	256	256	10	815
FOLD	827	1316	1316	2023089	2023089	0	1973702
RAIL	42	471	10	816
FOLD	828	1317	1317	2024628	2024628	0	1975858
RAIL	256	256	10	817
FOLD	829	1318	1318	2026164	2026164	0	1981410
RAIL	216	296	10	818
FOLD	830	1319	1319	2027700	2027700	0	1983665
RAIL	256	256	10	819
FOLD	831	1320	1320	2029236	2029236	0	1989044
RAIL	216	297	10	820
FOLD	832	1321	1321	2030775	2030775	0	1991182
RAIL	256	256	10	821
FOLD	833	1322	1322	2032311	2032311	0	1996743
RAIL	43	469	10	822
FOLD	834	1323	1323	2033847	2033847	0	1998660
RAIL	256	256	10	823
FOLD	835	1324	1324	2035383	2035383	0	2004072
RAIL	43	470	10	824
FOLD	836	1325	1325	2036922	2036922	0	2005783
RAIL	256	256	10	825
FOLD	837	1326	1326	2038458	2038458	0	2011408
RAIL	215	297	10	826
FOLD	838	1327	1327	2039994	2039994	0	2013276
RAIL	256	256	10	827
FOLD	839	1328	1328	2041530	2041530	0	2018945
RAIL	215	298	10	828
FOLD	840	1329	1329	2043069	2043069	0	2020967
RAIL	256	256	10	829
FOLD	841	1330	1330	2044605	2044605	0	2026349
RAIL	44	468	10	830
FOLD	842	1331	1331	2046141	2046141	0	2028305
RAIL	256	256	10	831
FOLD	843	1332	1332	2047677	2047677	0	2033651
RAIL	44	469	10	832
FOLD	844	1333	1333	2049216	2049216	0	2035417
RAIL	256	256	10	833
FOLD	845	1334	1334	2050752	2050752	0	2040882
RAIL	214	298	10	834
FOLD	846	1335	1335	2052288	2052288	0	2042774
RAIL	256	256	10	835
FOLD	847	1336	1336	2053824	2053824	0	2048337
RAIL	214	299	10	836
FOLD	848	1337	1337	2055363	2055363	0	2050251
RAIL	256	256	10	837
FOLD	849	1338	1338	2056899	2056899	0	2056074
RAIL	45	467	10	838
FOLD	850	1339	1339	2058435	2058435	0	2057834
RAIL	256	256	10	839
FOLD	851	1340	1340	2059971	2059971	0	2063958
RAIL	45	468	10	840
FOLD	852	1341	1341	2061510	2061510	0	2065824
RAIL	256	256	10	841
FOLD	853	1342	1342	2063046	2063046	0	2071557
RAIL	213	299	10	842
FOLD	854	1343	1343	2064582	2064582	0	2073426
RAIL	256	256	10	843
FOLD	855	1344	1344	2066118	2066118	0	2079738
RAIL	213	300	10	844
FOLD	856	1345	1345	2067657	2067657	0	2081753
RAIL	256	256	10	845
FOLD	857	1346	1346	2069193	2069193	0	2087570
RAIL	46	466	10	846
FOLD	858	1347	1347	2070729	2070729	0	2089555
RAIL	256	256	10	847
FOLD	859	1348	1348	2072265	2072265	0	2096213
RAIL	46	467	10	848
FOLD	860	1349	1349	2073804	2073804	0	2098155
RAIL	256	256	10	849
FOLD	861	1350	1350	2075340	2075340	0	2104175
RAIL	212	300	10	850
FOLD	862	1351	1351	2076876	2076876	0	2106603
RAIL	256	256	10	851
FOLD	863	1352	1352	2078412	2078412	0	2117894
RAIL	212	301	10	852
FOLD	864	1353	1353	2079951	2079951	0	2121533
RAIL	256	256	10	853
FOLD	865	1354	1354	2081487	2081487	0	2127596
RAIL	47	465	10	854
FOLD	866	1355	1355	2083023	2083023	0	2129500
RAIL	256	256	10	855
FOLD	867	1356	1356	2084559	2084559	0	2135630
RAIL	47	466	10	856
FOLD	868	1357	1357	2086098	2086098	0	2137745
RAIL	256	256	10	857
FOLD	869	1358	1358	2087634	2087634	0	2143946
RAIL	211	301	10	858
FOLD	870	1359	1359	2089170	2089170	0	2145884
RAIL	256	256	10	859
FOLD	871	1360	1360	2090706	2090706	0	2151769
RAIL	211	302	10	860
FOLD	872	1361	1361	2092245	2092245	0	2153649
RAIL	256	256	10	861
FOLD	873	1362	1362	2093781	2093781	0	2159738
RAIL	48	464	10	862
FOLD	874	1363	1363	2095317	2095317	0	2161628
RAIL	256	256	10	863
FOLD	875	1364	1364	2096853	2096853	0	2167877
RAIL	48	465	10	864
FOLD	876	1365	1365	2098392	2098392	0	2169762
RAIL	256	256	10	865
FOLD	877	1366	1366	2099928	2099928	0	2175955
RAIL	210	302	10	866
FOLD	878	1367	1367	2101464	2101464	0	2177818
RAIL	256	256	10	867
FOLD	879	1368	1368	2103000	2103000	0	2184095
RAIL	210	303	10	868
FOLD	880	1369	1369	2104539	2104539	0	2185971
RAIL	256	256	10	869
FOLD	881	1370	1370	2106075	2106075	0	2192228
RAIL	49	463	10	870
FOLD	882	1371	1371	2107611	2107611	0	2193957
RAIL	256	256	10	871
FOLD	883	1372	1372	2109147	2109147	0	2200234
RAIL	49	464	10	872
FOLD	884	1373	1373	2110686	2110686	0	2201944
RAIL	256	256	10	873
FOLD	885	1374	1374	2112222	2112222	0	2208488
RAIL	209	303	10	874
FOLD	886	1375	1375	2113758	2113758	0	2210426
RAIL	256	256	10	875
FOLD	887	1376	1376	2115294	2115294	0	2216964
RAIL	209	304	10	876
FOLD	888	1377	1377	2116833	2116833	0	2218978
RAIL	256	256	10	877
FOLD	889	1378	1378	2118369	2118369	0	2225581
RAIL	50	462	10	878
FOLD	890	1379	1379	2119905	2119905	0	2227514
RAIL	256	256	10	879
FOLD	891	1380	1380	2121441	2121441	0	2233645
RAIL	50	463	10	880
FOLD	892	1381	1381	2122980	2122980	0	2235468
RAIL	256	256	10	881
FOLD	893	1382	1382	2124516	2124516	0	2242094
RAIL	208	304	10	882
FOLD	894	1383	1383	2126052	2126052	0	2244135
RAIL	256	256	10	883
FOLD	895	1384	1384	2127588	2127588	0	2250424
RAIL	208	305	10	884
FOLD	896	1385	1385	2129127	2129127	0	2252340
RAIL	256	256	10	885
FOLD	897	1386	1386	2130663	2130663	0	2259147
RAIL	51	461	10	886
FOLD	898	1387	1387	2132199	2132199	0	2261006
RAIL	256	256	10	887
FOLD	899	1388	1388	2133735	2133735	0	2267558
RAIL	51	462	10	888
FOLD	900	1389	1389	2135274	2135274	0	2269288
RAIL	256	256	10	889
FOLD	901	1390	1390	2136810	2136810	0	2275994
RAIL	207	305	10	890
FOLD	902	1391	1391	2138346	2138346	0	2277879
RAIL	256	256	10	891
FOLD	903	1392	1392	2139882	2139882	0	2284441
RAIL	207	306	10	892
FOLD	904	1393	1393	2141421	2141421	0	2286346
RAIL	256	256	10	893
FOLD	905	1394	1394	2142957	2142957	0	2293459
RAIL	52	460	10	894
FOLD	906	1395	1395	2144493	2144493	0	2295377
RAIL	256	256	10	895
FOLD	907	1396	1396	2146029	2146029	0	2302476
RAIL	52	461	10	896
FOLD	908	1397	1397	2147568	2147568	0	2304421
RAIL	256	256	10	897
FOLD	909	1398	1398	2149104	2149104	0	2311458
RAIL	206	306	10	898
FOLD	910	1399	1399	2150640	2150640	0	2313414
RAIL	256	256	10	899
FOLD	911	1400	1400	2152176	2152176	0	2320617
RAIL	206	307	10	900
FOLD	912	1401	1401	2153715	2153715	0	2322507
RAIL	256	256	10	901
FOLD	913	1402	1402	2155251	2155251	0	2330567
RAIL	53	459	10	902
FOLD	914	1403	1403	2156787	2156787	0	2332406
RAIL	256	256	10	903
FOLD	915	1404	1404	2158323	2158323	0	2339594
RAIL	53	460	10	904
FOLD	916	1405	1405	2159862	2159862	0	2341524
RAIL	256	256	10	905
FOLD	917	1406	1406	2161398	2161398	0	2351124
RAIL	205	307	10	906
FOLD	918	1407	1407	2162934	2162934	0	2354453
RAIL	256	256	10	907
FOLD	919	1408	1408	2164470	2164470	0	2363655
RAIL	205	308	10	908
FOLD	920	1409	1409	2166009	2166009	0	2365538
RAIL	256	256	10	909
FOLD	921	1410	1410	2167545	2167545	0	2372948
RAIL	54	458	10	910
FOLD	922	1411	1411	2169081	2169081	0	2374938
RAIL	256	256	10	911
FOLD	923	1412	1412	2170617	2170617	0	2382059
RAIL	54	459	10	912
FOLD	924	1413	1413	2172156	2172156	0	2383977
RAIL	256	256	10	913
FOLD	925	1414	1414	2173692	2173692	0	2391483
RAIL	204	308	10	914
FOLD	926	1415	1415	2175228	2175228	0	2393506
RAIL	256	256	10	915
FOLD	927	1416	1416	2176764	2176764	0	2400933
RAIL	204	309	10	916
FOLD	928	1417	1417	2178303	2178303	0	2402924
RAIL	256	256	10	917
FOLD	929	1418	1418	2179839	2179839	0	2410354
RAIL	55	457	10	918
FOLD	930	1419	1419	2181375	2181375	0	2412240
RAIL	256	256	10	919
FOLD	931	1420	1420	2182911	2182911	0	2419938
RAIL	55	458	10	920
FOLD	932	1421	1421	2184450	2184450	0	2421735
RAIL	256	256	10	921
FOLD	933	1422	1422	2185986	2185986	0	2428944
RAIL	203	309	10	922
FOLD	934	1423	1423	2187522	2187522	0	2430803
RAIL	256	256	10	923
FOLD	935	1424	1424	2189058	2189058	0	2438545
RAIL	203	310	10	924
FOLD	936	1425	1425	2190597	2190597	0	2440494
RAIL	256	256	10	925
FOLD	937	1426	1426	2192133	2192133	0	2448041
RAIL	56	456	10	926
FOLD	938	1427	1427	2193669	2193669	0	2449967
RAIL	256	256	10	927
FOLD	939	1428	1428	2195205	2195205	0	2457402
RAIL	56	457	10	928
FOLD	940	1429	1429	2196744	2196744	0	2459133
RAIL	256	256	10	929
FOLD	941	1430	1430	2198280	2198280	0	2467128
RAIL	202	310	10	930
FOLD	942	1431	1431	2199816	2199816	0	2469091
RAIL	256	256	10	931
FOLD	943	1432	1432	2201352	2201352	0	2477097
RAIL	202	311	10	932
FOLD	944	1433	1433	2202891	2202891	0	2479065
RAIL	256	256	10	933
FOLD	945	1434	1434	2204427	2204427	0	2486988
RAIL	57	455	10	934
FOLD	946	1435	1435	2205963	2205963	0	2488807
RAIL	256	256	10	935
FOLD	947	1436	1436	2207499	2207499	0	2496690
RAIL	57	456	10	936
FOLD	948	1437	1437	2209038	2209038	0	2498485
RAIL	256	256	10	937
FOLD	949	1438	1438	2210574	2210574	0	2506598
RAIL	201	311	10	938
FOLD	950	1439	1439	2212110	2212110	0	2508623
RAIL	256	256	10	939
FOLD	951	1440	1440	2213646	2213646	0	2516829
RAIL	201	312	10	940
FOLD	952	1441	1441	2215185	2215185	0	2518705
RAIL	256	256	10	941
FOLD	953	1442	1442	2216721	2216721	0	2527082
RAIL	58	454	10	942
FOLD	954	1443	1443	2218257	2218257	0	2528824
RAIL	256	256	10	943
FOLD	955	1444	1444	2219793	2219793	0	2536838
RAIL	58	455	10	944
FOLD	956	1445	1445	2221332	2221332	0	2538607
RAIL	256	256	10	945
FOLD	957	1446	1446	2222868	2222868	0	2547152
RAIL	200	312	10	946
FOLD	958	1447	1447	2224404	2224404	0	2549081
RAIL	256	256	10	947
FOLD	959	1448	1448	2225940	2225940	0	2556969
RAIL	200	313	10	948
FOLD	960	1449	1449	2227479	2227479	0	2558926
RAIL	256	256	10	949
FOLD	961	1450	1450	2229015	2229015	0	2566947
RAIL	59	453	10	950
FOLD	962	1451	1451	2230551	2230551	0	2568788
RAIL	256	256	10	951
FOLD	963	1452	1452	2232087	2232087	0	2577398
RAIL	59	454	10	952
FOLD	964	1453	1453	2233626	2233626	0	2579209
RAIL	256	256	10	953
FOLD	965	1454	1454	2235162	2235162	0	2587390
RAIL	199	313	10	954
FOLD	966	1455	1455	2236698	2236698	0	2589443
RAIL	256	256	10	955
FOLD	967	1456	1456	2238234	2238234	0	2598314
RAIL	199	314	10	956
FOLD	968	1457	1457	2239773	2239773	0	2600241
RAIL	256	256	10	957
FOLD	969	1458	1458	2241309	2241309	0	2608933
RAIL	60	452	10	958
FOLD	970	1459	1459	2242845	2242845	0	2610774
RAIL	256	256	10	959
FOLD	971	1460	1460	2244381	2244381	0	2619619
RAIL	60	453	10	960
FOLD	972	1461	1461	2245920	2245920	0	2621372
RAIL	256	256	10	961
FOLD	973	1462	1462	2247456	2247456	0	2630405
RAIL	198	314	10	962
FOLD	974	1463	1463	2248992	2248992	0	2632430
RAIL	256	256	10	963
FOLD	975	1464	1464	2250528	2250528	0	2641158
RAIL	198	315	10	964
FOLD	976	1465	1465	2252067	2252067	0	2643193
RAIL	256	256	10	965
FOLD	977	1466	1466	2253603	2253603	0	2651492
RAIL	61	451	10	966
FOLD	978	1467	1467	2255139	2255139	0	2653403
RAIL	256	256	10	967
FOLD	979	1468	1468	2256675	2256675	0	2661769
RAIL	61	452	10	968
FOLD	980	1469	1469	2258214	2258214	0	2663714
RAIL	256	256	10	969
FOLD	981	1470	1470	2259750	2259750	0	2673159
RAIL	197	315	10	970
FOLD	982	1471	1471	2261286	2261286	0	2675189
RAIL	256	256	10	971
FOLD	983	1472	1472	2262822	2262822	0	2684151
RAIL	197	316	10	972
FOLD	984	1473	1473	2264361	2264361	0	2686056
RAIL	256	256	10	973
FOLD	985	1474	1474	2265897	2265897	0	2695409
RAIL	62	450	10	974
FOLD	986	1475	1475	2267433	2267433	0	2697360
RAIL	256	256	10	975
FOLD	987	1476	1476	2268969	2268969	0	2706355
RAIL	62	451	10	976
FOLD	988	1477	1477	2270508	2270508	0	2708274
RAIL	256	256	10	977
FOLD	989	1478	1478	2272044	2272044	0	2716904
RAIL	196	316	10	978
FOLD	990	1479	1479	2273580	2273580	0	2718792
RAIL	256	256	10	979
FOLD	991	1480	1480	2275116	2275116	0	2727632
RAIL	196	317	10	980
FOLD	992	1481	1481	2276655	2276655	0	2729527
RAIL	256	256	10	981
FOLD	993	1482	1482	2278191	2278191	0	2738461
RAIL	63	449	10	982
FOLD	994	1483	1483	2279727	2279727	0	2740314
RAIL	256	256	10	983
FOLD	995	1484	1484	2281263	2281263	0	2749478
RAIL	63	450	10	984
FOLD	996	1485	1485	2282802	2282802	0	2751381
RAIL	256	256	10	985
FOLD	997	1486	1486	2284338	2284338	0	2760744
RAIL	195	317	10	986
FOLD	998	1487	1487	2285874	2285874	0	2762653
RAIL	256	256	10	987
FOLD	999	1488	1488	2287410	2287410	0	2771983
RAIL	195	318	10	988
FOLD	1000	1489	1489	2288949	2288949	0	2773972
RAIL	256	256	10	989
FOLD	1001	1490	1490	2290485	2290485	0	2784028
RAIL	64	448	10	990
FOLD	1002	1491	1491	2292021	2292021	0	2785825
RAIL	256	256	10	991
FOLD	1003	1492	1492	2293557	2293557	0	2795535
RAIL	64	449	10	992
FOLD	1004	1493	1493	2295096	2295096	0	2797320
RAIL	256	256	10	993
FOLD	1011	1494	1494	2296635	2296635	0	2823067
RAIL	65	448	13	997
FOLD	1012	1495	1495	2298174	2298174	0	2824865
RAIL	256	256	13	998
FOLD	1013	1496	1496	2299710	2299710	0	2834285
RAIL	193	319	13	999
FOLD	1014	1497	1497	2301246	2301246	0	2836377
RAIL	256	256	13	1000
FOLD	1021	1498	1498	2302788	2302788	0	2862001
RAIL	192	320	16	1004
FOLD	1022	1499	1499	2304324	2304324	0	2864011
RAIL	256	256	16	1005
FOLD	1023	1500	1500	2305860	2305860	0	2872976
RAIL	192	321	16	1006
FOLD	1024	1501	1501	2307399	2307399	0	2875040
RAIL	256	256	16	1007
FOLD	1025	1502	1502	2308935	2308935	0	2884157
RAIL	67	445	16	1008
FOLD	1026	1503	1503	2310471	2310471	0	2886147
RAIL	256	256	16	1009
FOLD	1033	1504	1504	2312013	2312013	0	2990442
RAIL	68	444	19	1013
FOLD	1034	1505	1505	2313549	2313549	0	2993524
RAIL	256	256	19	1014
FOLD	1035	1506	1506	2315085	2315085	0	3004660
RAIL	68	445	19	1015
FOLD	1036	1507	1507	2316624	2316624	0	3006548
RAIL	256	256	19	1016
FOLD	1043	1508	1508	2318163	2318163	0	3037915
RAIL	69	444	22	1020
FOLD	1044	1509	1509	2319702	2319702	0	3039783
RAIL	256	256	22	1021
FOLD	1045	1510	1510	2321238	2321238	0	3049123
RAIL	189	323	22	1022
FOLD	1046	1511	1511	2322774	2322774	0	3051089
RAIL	256	256	22	1023
FOLD	1047	1512	1512	2324310	2324310	0	3060232
RAIL	189	324	22	1024
FOLD	1048	1513	1513	2325849	2325849	0	3062153
RAIL	256	256	22	1025
FOLD	1049	1514	1514	2327385	2327385	0	3071823
RAIL	70	442	22	1026
FOLD	1050	1515	1515	2328921	2328921	0	3074166
RAIL	256	256	22	1027
FOLD	1057	1516	1516	2330463	2330463	0	3102269
RAIL	71	441	25	1031
FOLD	1058	1517	1517	2331999	2331999	0	3104394
RAIL	256	256	25	1032
FOLD	1059	1518	1518	2333535	2333535	0	3113393
RAIL	71	442	25	1033
FOLD	1060	1519	1519	2335074	2335074	0	3115313
RAIL	256	256	25	1034
FOLD	1067	1520	1520	2336613	2336613	0	3145856
RAIL	72	441	28	1038
FOLD	1068	1521	1521	2338152	2338152	0	3148268
RAIL	256	256	28	1039
FOLD	1069	1522	1522	2339688	2339688	0	3164141
RAIL	186	326	28	1040
FOLD	1070	1523	1523	2341224	2341224	0	3166219
RAIL	256	256	28	1041
FOLD	1071	1524	1524	2342760	2342760	0	3175794
RAIL	186	327	28	1042
FOLD	1072	1525	1525	2344299	2344299	0	3177866
RAIL	256	256	28	1043
FOLD	1079	1526	1526	2345838	2345838	0	3205142
RAIL	185	328	31	1047
FOLD	1080	1527	1527	2347377	2347377	0	3207096
RAIL	256	256	31	1048
FOLD	1081	1528	1528	2348913	2348913	0	3216955
RAIL	74	438	31	1049
FOLD	1082	1529	1529	2350449	2350449	0	3219232
RAIL	256	256	31	1050
FOLD	1089	1530	1530	2351991	2351991	0	3249929
RAIL	75	437	34	1054
FOLD	1090	1531	1531	2353527	2353527	0	3252006
RAIL	256	256	34	1055
FOLD	1091	1532	1532	2355063	2355063	0	3265026
RAIL	75	438	34	1056
FOLD	1092	1533	1533	2356602	2356602	0	3267105
RAIL	256	256	34	1057
FOLD	1093	1534	1534	2358138	2358138	0	3276656
RAIL	183	329	34	1058
FOLD	1094	1535	1535	2359674	2359674	0	3278711
RAIL	256	256	34	1059
FOLD	1095	1536	1536	2361210	2361210	0	3288127
RAIL	183	330	34	1060
FOLD	1096	1537	1537	2362749	2362749	0	3290077
RAIL	256	256	34	1061
FOLD	1097	1538	1538	2364285	2364285	0	3299608
RAIL	76	436	34	1062
FOLD	1098	1539	1539	2365821	2365821	0	3301568
RAIL	256	256	34	1063
FOLD	1105	1540	1540	2367363	2367363	0	3334289
RAIL	77	435	37	1067
FOLD	1106	1541	1541	2368899	2368899	0	3336375
RAIL	256	256	37	1068
FOLD	1107	1542	1542	2370435	2370435	0	3347735
RAIL	77	436	37	1069
FOLD	1108	1543	1543	2371974	2371974	0	3351198
RAIL	256	256	37	1070
FOLD	1115	1544	1544	2373513	2373513	0	3380857
RAIL	78	435	40	1074
FOLD	1116	1545	1545	2375052	2375052	0	3382885
RAIL	256	256	40	1075
FOLD	1117	1546	1546	2376588	2376588	0	3392786
RAIL	180	332	40	1076
FOLD	1118	1547	1547	2378124	2378124	0	3394761
RAIL	256	256	40	1077
FOLD	1119	1548	1548	2379660	2379660	0	3404971
RAIL	180	333	40	1078
FOLD	1120	1549	1549	2381199	2381199	0	3407062
RAIL	256	256	40	1079
FOLD	1127	1550	1550	2382738	2382738	0	3433484
RAIL	179	334	43	1083
FOLD	1128	1551	1551	2384277	2384277	0	3435739
RAIL	256	256	43	1084
FOLD	1129	1552	1552	2385813	2385813	0	3445173
RAIL	80	432	43	1085
FOLD	1130	1553	1553	2387349	2387349	0	3447154
RAIL	256	256	43	1086
FOLD	1137	1554	1554	2388891	2388891	0	3492416
RAIL	81	431	46	1090
FOLD	1138	1555	1555	2390427	2390427	0	3495533
RAIL	256	256	46	1091
FOLD	1139	1556	1556	2391963	2391963	0	3505146
RAIL	81	432	46	1092
FOLD	1140	1557	1557	2393502	2393502	0	3507118
RAIL	256	256	46	1093
FOLD	1141	1558	1558	2395038	2395038	0	3516916
RAIL	177	335	46	1094
FOLD	1142	1559	1559	2396574	2396574	0	3519033
RAIL	256	256	46	1095
FOLD	1143	1560	1560	2398110	2398110	0	3528902
RAIL	177	336	46	1096
FOLD	1144	1561	1561	2399649	2399649	0	3531054
RAIL	256	256	46	1097
FOLD	1151	1562	1562	2401188	2401188	0	3558891
RAIL	176	337	49	1101
FOLD	1152	1563	1563	2402727	2402727	0	3560935
RAIL	256	256	49	1102
FOLD	1153	1564	1564	2404263	2404263	0	3571020
RAIL	83	429	49	1103
FOLD	1154	1565	1565	2405799	2405799	0	3572986
RAIL	256	256	49	1104
FOLD	1161	1566	1566	2407341	2407341	0	3603958
RAIL	84	428	52	1108
FOLD	1162	1567	1567	2408877	2408877	0	3605878
RAIL	256	256	52	1109
FOLD	1163	1568	1568	2410413	2410413	0	3615748
RAIL	84	429	52	1110
FOLD	1164	1569	1569	2411952	2411952	0	3617578
RAIL	256	256	52	1111
FOLD	1165	1570	1570	2413488	2413488	0	3627321
RAIL	174	338	52	1112
FOLD	1166	1571	1571	2415024	2415024	0	3629360
RAIL	256	256	52	1113
FOLD	1173	1572	1572	2416566	2416566	0	3656356
RAIL	173	339	55	1117
FOLD	1174	1573	1573	2418102	2418102	0	3658543
RAIL	256	256	55	1118
FOLD	1179	1574	1574	2419641	2419641	0	3694710
RAIL	86	427	57	1121
FOLD	1180	1575	1575	2421180	2421180	0	3696648
RAIL	256	256	57	1122
FOLD	1181	1576	1576	2422716	2422716	0	3705833
RAIL	172	340	57	1123
FOLD	1182	1577	1577	2424252	2424252	0	3707952
RAIL	256	256	57	1124
FOLD	1183	1578	1578	2425788	2425788	0	3721106
RAIL	172	341	57	1125
FOLD	1184	1579	1579	2427327	2427327	0	3723094
RAIL	256	256	57	1126
FOLD	1185	1580	1580	2428863	2428863	0	3732540
RAIL	87	425	57	1127
FOLD	1186	1581	1581	2430399	2430399	0	3735634
RAIL	256	256	57	1128
FOLD	1187	1582	1582	2431935	2431935	0	3752716
RAIL	87	426	57	1129
FOLD	1188	1583	1583	2433474	2433474	0	3755007
RAIL	256	256	57	1130
FOLD	1189	1584	1584	2435010	2435010	0	3764382
RAIL	171	341	57	1131
FOLD	1190	1585	1585	2436546	2436546	0	3766284
RAIL	256	256	57	1132
FOLD	1197	1586	1586	2438088	2438088	0	3793440
RAIL	170	342	60	1136
FOLD	1198	1587	1587	2439624	2439624	0	3795521
RAIL	256	256	60	1137
FOLD	1199	1588	1588	2441160	2441160	0	3805115
RAIL	170	343	60	1138
FOLD	1200	1589	1589	2442699	2442699	0	3807037
RAIL	256	256	60	1139
FOLD	1207	1590	1590	2444238	2444238	0	3833773
RAIL	169	344	63	1143
FOLD	1208	1591	1591	2445777	2445777	0	3835817
RAIL	256	256	63	1144
FOLD	1209	1592	1592	2447313	2447313	0	3845285
RAIL	90	422	63	1145
FOLD	1210	1593	1593	2448849	2448849	0	3847308
RAIL	256	256	63	1146
FOLD	1211	1594	1594	2450385	2450385	0	3856441
RAIL	90	423	63	1147
FOLD	1212	1595	1595	2451924	2451924	0	3858412
RAIL	256	256	63	1148
FOLD	1219	1596	1596	2453463	2453463	0	3889075
RAIL	91	422	66	1152
FOLD	1220	1597	1597	2455002	2455002	0	3892490
RAIL	256	256	66	1153
FOLD	1221	1598	1598	2456538	2456538	0	3903940
RAIL	167	345	66	1154
FOLD	1222	1599	1599	2458074	2458074	0	3905945
RAIL	256	256	66	1155
FOLD	1229	1600	1600	2459616	2459616	0	3936491
RAIL	166	346	69	1159
FOLD	1230	1601	1601	2461152	2461152	0	3938479
RAIL	256	256	69	1160
FOLD	1231	1602	1602	2462688	2462688	0	3947863
RAIL	166	347	69	1161
FOLD	1232	1603	1603	2464227	2464227	0	3949726
RAIL	256	256	69	1162
FOLD	1233	1604	1604	2465763	2465763	0	3959280
RAIL	93	419	69	1163
FOLD	1234	1605	1605	2467299	2467299	0	3961217
RAIL	256	256	69	1164
FOLD	1235	1606	1606	2468835	2468835	0	3971044
RAIL	93	420	69	1165
FOLD	1236	1607	1607	2470374	2470374	0	3972908
RAIL	256	256	69	1166
FOLD	1243	1608	1608	2471913	2471913	0	4000188
RAIL	94	419	72	1170
FOLD	1244	1609	1609	2473452	2473452	0	4002461
RAIL	256	256	72	1171
FOLD	1245	1610	1610	2474988	2474988	0	4012459
RAIL	164	348	72	1172
FOLD	1246	1611	1611	2476524	2476524	0	4014447
RAIL	256	256	72	1173
FOLD	1253	1612	1612	2478066	2478066	0	4045835
RAIL	163	349	75	1177
FOLD	1254	1613	1613	2479602	2479602	0	4047825
RAIL	256	256	75	1178
FOLD	1255	1614	1614	2481138	2481138	0	4057839
RAIL	163	350	75	1179
FOLD	1256	1615	1615	2482677	2482677	0	4060374
RAIL	256	256	75	1180
FOLD	1257	1616	1616	2484213	2484213	0	4075750
RAIL	96	416	75	1181
FOLD	1258	1617	1617	2485749	2485749	0	4077637
RAIL	256	256	75	1182
FOLD	1265	1618	1618	2487291	2487291	0	4105165
RAIL	97	415	78	1186
FOLD	1266	1619	1619	2488827	2488827	0	4107241
RAIL	256	256	78	1187
FOLD	1271	1620	1620	2490366	2490366	0	4143457
RAIL	161	352	80	1190
FOLD	1272	1621	1621	2491905	2491905	0	4145434
RAIL	256	256	80	1191
FOLD	1273	1622	1622	2493441	2493441	0	4160181
RAIL	98	414	80	1192
FOLD	1274	1623	1623	2494977	2494977	0	4163818
RAIL	256	256	80	1193
FOLD	1275	1624	1624	2496513	2496513	0	4173476
RAIL	98	415	80	1194
FOLD	1276	1625	1625	2498052	2498052	0	4175446
RAIL	256	256	80	1195
FOLD	1277	1626	1626	2499588	2499588	0	4185083
RAIL	160	352	80	1196
FOLD	1278	1627	1627	2501124	2501124	0	4186954
RAIL	256	256	80	1197
FOLD	1279	1628	1628	2502660	2502660	0	4196465
RAIL	160	353	80	1198
FOLD	1280	1629	1629	2504199	2504199	0	4198477
RAIL	256	256	80	1199
FOLD	1287	1630	1630	2505738	2505738	0	4238849
RAIL	159	354	83	1203
FOLD	1288	1631	1631	2507277	2507277	0	4240812
RAIL	256	256	83	1204
FOLD	1289	1632	1632	2508813	2508813	0	4250873
RAIL	100	412	83	1205
FOLD	1290	1633	1633	2510349	2510349	0	4252883
RAIL	256	256	83	1206
FOLD	1297	1634	1634	2511891	2511891	0	4284181
RAIL	101	411	86	1210
FOLD	1298	1635	1635	2513427	2513427	0	4286115
RAIL	256	256	86	1211
FOLD	1299	1636	1636	2514963	2514963	0	4295770
RAIL	101	412	86	1212
FOLD	1300	1637	1637	2516502	2516502	0	4297695
RAIL	256	256	86	1213
FOLD	1301	1638	1638	2518038	2518038	0	4307410
RAIL	157	355	86	1214
FOLD	1302	1639	1639	2519574	2519574	0	4309278
RAIL	256	256	86	1215
FOLD	1309	1640	1640	2521116	2521116	0	4343462
RAIL	156	356	89	1219
FOLD	1310	1641	1641	2522652	2522652	0	4345431
RAIL	256	256	89	1220
FOLD	1311	1642	1642	2524188	2524188	0	4355257
RAIL	156	357	89	1221
FOLD	1312	1643	1643	2525727	2525727	0	4357425
RAIL	256	256	89	1222
FOLD	1319	1644	1644	2527266	2527266	0	4389090
RAIL	155	358	92	1226
FOLD	1320	1645	1645	2528805	2528805	0	4391179
RAIL	256	256	92	1227
FOLD	1321	1646	1646	2530341	2530341	0	4400862
RAIL	104	408	92	1228
FOLD	1322	1647	1647	2531877	2531877	0	4403013
RAIL	256	256	92	1229
FOLD	1323	1648	1648	2533413	2533413	0	4412537
RAIL	104	409	92	1230
FOLD	1324	1649	1649	2534952	2534952	0	4414391
RAIL	256	256	92	1231
FOLD	1325	1650	1650	2536488	2536488	0	4424985
RAIL	154	358	92	1232
FOLD	1326	1651	1651	2538024	2538024	0	4426856
RAIL	256	256	92	1233
FOLD	1333	1652	1652	2539566	2539566	0	4452927
RAIL	153	359	95	1237
FOLD	1334	1653	1653	2541102	2541102	0	4454845
RAIL	256	256	95	1238
FOLD	1335	1654	1654	2542638	2542638	0	4464500
RAIL	153	360	95	1239
FOLD	1336	1655	1655	2544177	2544177	0	4466348
RAIL	256	256	95	1240
FOLD	1343	1656	1656	2545716	2545716	0	4496878
RAIL	152	361	98	1244
FOLD	1344	1657	1657	2547255	2547255	0	4498762
RAIL	256	256	98	1245
FOLD	1345	1658	1658	2548791	2548791	0	4507763
RAIL	107	405	98	1246
FOLD	1346	1659	1659	2550327	2550327	0	4509733
RAIL	256	256	98	1247
FOLD	1347	1660	1660	2551863	2551863	0	4519458
RAIL	107	406	98	1248
FOLD	1348	1661	1661	2553402	2553402	0	4521297
RAIL	256	256	98	1249
FOLD	1355	1662	1662	2554941	2554941	0	4549323
RAIL	108	405	101	1253
FOLD	1356	1663	1663	2556480	2556480	0	4551252
RAIL	256	256	101	1254
FOLD	1361	1664	1664	2558019	2558019	0	4588193
RAIL	109	403	103	1257
FOLD	1362	1665	1665	2559555	2559555	0	4590266
RAIL	256	256	103	1258
FOLD	1363	1666	1666	2561091	2561091	0	4599524
RAIL	109	404	103	1259
FOLD	1364	1667	1667	2562630	2562630	0	4601495
RAIL	256	256	103	1260
FOLD	1365	1668	1668	2564166	2564166	0	4611298
RAIL	149	363	103	1261
FOLD	1366	1669	1669	2565702	2565702	0	4613425
RAIL	256	256	103	1262
FOLD	1367	1670	1670	2567238	2567238	0	4627708
RAIL	149	364	103	1263
FOLD	1368	1671	1671	2568777	2568777	0	4629659
RAIL	256	256	103	1264
FOLD	1369	1672	1672	2570313	2570313	0	4640038
RAIL	110	402	103	1265
FOLD	1370	1673	1673	2571849	2571849	0	4641948
RAIL	256	256	103	1266
FOLD	1371	1674	1674	2573385	2573385	0	4651726
RAIL	110	403	103	1267
FOLD	1372	1675	1675	2574924	2574924	0	4654069
RAIL	256	256	103	1268
FOLD	1373	1676	1676	2576460	2576460	0	4663562
RAIL	148	364	103	1269
FOLD	1374	1677	1677	2577996	2577996	0	4665537
RAIL	256	256	103	1270
FOLD	1381	1678	1678	2579538	2579538	0	4693607
RAIL	147	365	106	1274
FOLD	1382	1679	1679	2581074	2581074	0	4695505
RAIL	256	256	106	1275
FOLD	1383	1680	1680	2582610	2582610	0	4705057
RAIL	147	366	106	1276
FOLD	1384	1681	1681	2584149	2584149	0	4707130
RAIL	256	256	106	1277
FOLD	1391	1682	1682	2585688	2585688	0	4748891
RAIL	146	367	109	1281
FOLD	1392	1683	1683	2587227	2587227	0	4752178
RAIL	256	256	109	1282
FOLD	1393	1684	1684	2588763	2588763	0	4768330
RAIL	113	399	109	1283
FOLD	1394	1685	1685	2590299	2590299	0	4771670
RAIL	256	256	109	1284
FOLD	1395	1686	1686	2591835	2591835	0	4787021
RAIL	113	400	109	1285
FOLD	1396	1687	1687	2593374	2593374	0	4790269
RAIL	256	256	109	1286
FOLD	1403	1688	1688	2594913	2594913	0	4817159
RAIL	114	399	112	1290
FOLD	1404	1689	1689	2596452	2596452	0	4819111
RAIL	256	256	112	1291
FOLD	1409	1690	1690	2597991	2597991	0	4857016
RAIL	115	397	114	1294
FOLD	1410	1691	1691	2599527	2599527	0	4859042
RAIL	256	256	114	1295
FOLD	1411	1692	1692	2601063	2601063	0	4868801
RAIL	115	398	114	1296
FOLD	1412	1693	1693	2602602	2602602	0	4870620
RAIL	256	256	114	1297
FOLD	1413	1694	1694	2604138	2604138	0	4880617
RAIL	143	369	114	1298
FOLD	1414	1695	1695	2605674	2605674	0	4882656
RAIL	256	256	114	1299
FOLD	1415	1696	1696	2607210	2607210	0	4894247
RAIL	143	370	114	1300
FOLD	1416	1697	1697	2608749	2608749	0	4897708
RAIL	256	256	114	1301
FOLD	1423	1698	1698	2610288	2610288	0	4939116
RAIL	142	371	117	1305
FOLD	1424	1699	1699	2611827	2611827	0	4941375
RAIL	256	256	117	1306
FOLD	1425	1700	1700	2613363	2613363	0	4951048
RAIL	117	395	117	1307
FOLD	1426	1701	1701	2614899	2614899	0	4953039
RAIL	256	256	117	1308
FOLD	1433	1702	1702	2616441	2616441	0	4985054
RAIL	118	394	120	1312
FOLD	1434	1703	1703	2617977	2617977	0	4987067
RAIL	256	256	120	1313
FOLD	1435	1704	1704	2619513	2619513	0	4996601
RAIL	118	395	120	1314
FOLD	1436	1705	1705	2621052	2621052	0	4998570
RAIL	256	256	120	1315
FOLD	1437	1706	1706	2622588	2622588	0	5008052
RAIL	140	372	120	1316
FOLD	1438	1707	1707	2624124	2624124	0	5009963
RAIL	256	256	120	1317
FOLD	1445	1708	1708	2625666	2625666	0	5038101
RAIL	139	373	123	1321
FOLD	1446	1709	1709	2627202	2627202	0	5040262
RAIL	256	256	123	1322
FOLD	1451	1710	1710	2628741	2628741	0	5076787
RAIL	120	393	125	1325
FOLD	1452	1711	1711	2630280	2630280	0	5078659
RAIL	256	256	125	1326
FOLD	1453	1712	1712	2631816	2631816	0	5088082
RAIL	138	374	125	1327
FOLD	1454	1713	1713	2633352	2633352	0	5090039
RAIL	256	256	125	1328
FOLD	1455	1714	1714	2634888	2634888	0	5099834
RAIL	138	375	125	1329
FOLD	1456	1715	1715	2636427	2636427	0	5101827
RAIL	256	256	125	1330
FOLD	1457	1716	1716	2637963	2637963	0	5111171
RAIL	121	391	125	1331
FOLD	1458	1717	1717	2639499	2639499	0	5113173
RAIL	256	256	125	1332
FOLD	1459	1718	1718	2641035	2641035	0	5122716
RAIL	121	392	125	1333
FOLD	1460	1719	1719	2642574	2642574	0	5124690
RAIL	256	256	125	1334
FOLD	1467	1720	1720	2644113	2644113	0	5151000
RAIL	122	391	128	1338
FOLD	1468	1721	1721	2645652	2645652	0	5152880
RAIL	256	256	128	1339
FOLD	1469	1722	1722	2647188	2647188	0	5162042
RAIL	136	376	128	1340
FOLD	1470	1723	1723	2648724	2648724	0	5163998
RAIL	256	256	128	1341
FOLD	1477	1724	1724	2650266	2650266	0	5191392
RAIL	135	377	131	1345
FOLD	1478	1725	1725	2651802	2651802	0	5193350
RAIL	256	256	131	1346
FOLD	1479	1726	1726	2653338	2653338	0	5202535
RAIL	135	378	131	1347
FOLD	1480	1727	1727	2654877	2654877	0	5204499
RAIL	256	256	131	1348
FOLD	1481	1728	1728	2656413	2656413	0	5214119
RAIL	124	388	131	1349
FOLD	1482	1729	1729	2657949	2657949	0	5216104
RAIL	256	256	131	1350
FOLD	1489	1730	1730	2659491	2659491	0	5249447
RAIL	125	387	134	1354
FOLD	1490	1731	1731	2661027	2661027	0	5251645
RAIL	256	256	134	1355
FOLD	1491	1732	1732	2662563	2662563	0	5261509
RAIL	125	388	134	1356
FOLD	1492	1733	1733	2664102	2664102	0	5263515
RAIL	256	256	134	1357
FOLD	1499	1734	1734	2665641	2665641	0	5293808
RAIL	126	387	137	1361
FOLD	1500	1735	1735	2667180	2667180	0	5295844
RAIL	256	256	137	1362
FOLD	1501	1736	1736	2668716	2668716	0	5304962
RAIL	132	380	137	1363
FOLD	1502	1737	1737	2670252	2670252	0	5307169
RAIL	256	256	137	1364
FOLD	1503	1738	1738	2671788	2671788	0	5316123
RAIL	132	381	137	1365
FOLD	1504	1739	1739	2673327	2673327	0	5317984
RAIL	256	256	137	1366
FOLD	1505	1740	1740	2674863	2674863	0	5327256
RAIL	127	385	137	1367
FOLD	1506	1741	1741	2676399	2676399	0	5329191
RAIL	256	256	137	1368
FOLD	1513	1742	1742	2677941	2677941	0	5356717
RAIL	128	384	140	1372
FOLD	1514	1743	1743	2679477	2679477	0	5358778
RAIL	256	256	140	1373
FOLD	1515	1744	1744	2681013	2681013	0	5368662
RAIL	128	385	140	1374
FOLD	1516	1745	1745	2682552	2682552	0	5370910
RAIL	256	256	140	1375
FOLD	1523	1746	1746	2684091	2684091	0	5401521
RAIL	129	384	143	1379
FOLD	1524	1747	1747	2685630	2685630	0	5404001
RAIL	256	256	143	1380
FOLD	1525	1748	1748	2687166	2687166	0	5413776
RAIL	256	256	143	1381
FOLD	1526	1749	1749	2688702	2688702	0	5423477
RAIL	256	256	143	1382
FOLD	1541	1750	1750	2690244	2690244	0	5512816
RAIL	256	256	150	1390
FOLD	1542	1751	1751	2691780	2691780	0	5522446
RAIL	254	259	150	1391
FOLD	1543	1752	1752	2693319	2693319	0	5524367
RAIL	256	256	150	1392
FOLD	1544	1753	1753	2694855	2694855	0	5533934
RAIL	5	507	150	1393
FOLD	1555	1754	1754	2696394	2696394	0	5580266
RAIL	256	256	155	1399
FOLD	1564	1755	1755	2697930	2697930	0	5616550
RAIL	251	262	159	1404
FOLD	1565	1756	1756	2699469	2699469	0	5618467
RAIL	256	256	159	1405
FOLD	1566	1757	1757	2701005	2701005	0	5632573
RAIL	8	504	159	1406
FOLD	1567	1758	1758	2702541	2702541	0	5635303
RAIL	256	256	159	1407
FOLD	1576	1759	1759	2704077	2704077	0	5671052
RAIL	9	504	163	1412
FOLD	1585	1760	1760	2705616	2705616	0	5699102
RAIL	256	256	167	1417
FOLD	1586	1761	1761	2707152	2707152	0	5708464
RAIL	248	264	167	1418
FOLD	1587	1762	1762	2708688	2708688	0	5711769
RAIL	256	256	167	1419
FOLD	1588	1763	1763	2710224	2710224	0	5728634
RAIL	248	265	167	1420
FOLD	1589	1764	1764	2711763	2711763	0	5732234
RAIL	256	256	167	1421
FOLD	1590	1765	1765	2713299	2713299	0	5749271
RAIL	11	501	167	1422
FOLD	1591	1766	1766	2714835	2714835	0	5752463
RAIL	256	256	167	1423
FOLD	1598	1767	1767	2716377	2716377	0	5802437
RAIL	12	500	170	1427
FOLD	1599	1768	1768	2717913	2717913	0	5805006
RAIL	256	256	170	1428
FOLD	1600	1769	1769	2719449	2719449	0	5816377
RAIL	12	501	170	1429
FOLD	1601	1770	1770	2720988	2720988	0	5819690
RAIL	256	256	170	1430
FOLD	1608	1771	1771	2722527	2722527	0	5876321
RAIL	13	500	173	1434
FOLD	1609	1772	1772	2724066	2724066	0	5878907
RAIL	256	256	173	1435
FOLD	1610	1773	1773	2725602	2725602	0	5891994
RAIL	245	267	173	1436
FOLD	1611	1774	1774	2727138	2727138	0	5895329
RAIL	256	256	173	1437
FOLD	1612	1775	1775	2728674	2728674	0	5907979
RAIL	245	268	173	1438
FOLD	1613	1776	1776	2730213	2730213	0	5910072
RAIL	256	256	173	1439
FOLD	1620	1777	1777	2731752	2731752	0	5961101
RAIL	244	269	176	1443
FOLD	1621	1778	1778	2733291	2733291	0	5968949
RAIL	256	256	176	1444
FOLD	1626	1779	1779	2734830	2734830	0	6095238
RAIL	243	269	178	1447
FOLD	1627	1780	1780	2736366	2736366	0	6102292
RAIL	256	256	178	1448
FOLD	1628	1781	1781	2737902	2737902	0	6142328
RAIL	243	270	178	1449
FOLD	1629	1782	1782	2739441	2739441	0	6148879
RAIL	256	256	178	1450
FOLD	1630	1783	1783	2740977	2740977	0	6190791
RAIL	16	496	178	1451
FOLD	1631	1784	1784	2742513	2742513	0	6192688
RAIL	256	256	178	1452
FOLD	1632	1785	1785	2744049	2744049	0	6203490
RAIL	16	497	178	1453
FOLD	1633	1786	1786	2745588	2745588	0	6205988
RAIL	256	256	178	1454
FOLD	1634	1787	1787	2747124	2747124	0	6216810
RAIL	242	270	178	1455
FOLD	1635	1788	1788	2748660	2748660	0	6218706
RAIL	256	256	178	1456
FOLD	1642	1789	1789	2750202	2750202	0	6249821
RAIL	241	271	181	1460
FOLD	1643	1790	1790	2751738	2751738	0	6251896
RAIL	256	256	181	1461
FOLD	1644	1791	1791	2753274	2753274	0	6266779
RAIL	241	272	181	1462
FOLD	1645	1792	1792	2754813	2754813	0	6270136
RAIL	256	256	181	1463
FOLD	1652	1793	1793	2756352	2756352	0	6320645
RAIL	240	273	184	1467
FOLD	1653	1794	1794	2757891	2757891	0	6322632
RAIL	256	256	184	1468
FOLD	1654	1795	1795	2759427	2759427	0	6333879
RAIL	19	493	184	1469
FOLD	1655	1796	1796	2760963	2760963	0	6335816
RAIL	256	256	184	1470
FOLD	1656	1797	1797	2762499	2762499	0	6347266
RAIL	19	494	184	1471
FOLD	1657	1798	1798	2764038	2764038	0	6349123
RAIL	256	256	184	1472
FOLD	1664	1799	1799	2765577	2765577	0	6382632
RAIL	20	493	187	1476
FOLD	1665	1800	1800	2767116	2767116	0	6385891
RAIL	256	256	187	1477
FOLD	1666	1801	1801	2768652	2768652	0	6406202
RAIL	238	274	187	1478
FOLD	1667	1802	1802	2770188	2770188	0	6408748
RAIL	256	256	187	1479
FOLD	1674	1803	1803	2771730	2771730	0	6443471
RAIL	237	275	190	1483
FOLD	1675	1804	1804	2773266	2773266	0	6445336
RAIL	256	256	190	1484
FOLD	1676	1805	1805	2774802	2774802	0	6456341
RAIL	237	276	190	1485
FOLD	1677	1806	1806	2776341	2776341	0	6458166
RAIL	256	256	190	1486
FOLD	1678	1807	1807	2777877	2777877	0	6469750
RAIL	22	490	190	1487
FOLD	1679	1808	1808	2779413	2779413	0	6471807
RAIL	256	256	190	1488
FOLD	1680	1809	1809	2780949	2780949	0	6483862
RAIL	22	491	190	1489
FOLD	1681	1810	1810	2782488	2782488	0	6485824
RAIL	256	256	190	1490
FOLD	1688	1811	1811	2784027	2784027	0	6518438
RAIL	23	490	193	1494
FOLD	1689	1812	1812	2785566	2785566	0	6520243
RAIL	256	256	193	1495
FOLD	1690	1813	1813	2787102	2787102	0	6531454
RAIL	235	277	193	1496
FOLD	1691	1814	1814	2788638	2788638	0	6533372
RAIL	256	256	193	1497
FOLD	1698	1815	1815	2790180	2790180	0	6569909
RAIL	234	278	196	1501
FOLD	1699	1816	1816	2791716	2791716	0	6571860
RAIL	256	256	196	1502
FOLD	1700	1817	1817	2793252	2793252	0	6583033
RAIL	234	279	196	1503
FOLD	1701	1818	1818	2794791	2794791	0	6584918
RAIL	256	256	196	1504
FOLD	1702	1819	1819	2796327	2796327	0	6599299
RAIL	25	487	196	1505
FOLD	1703	1820	1820	2797863	2797863	0	6601240
RAIL	256	256	196	1506
FOLD	1710	1821	1821	2799405	2799405	0	6641168
RAIL	26	486	199	1510
FOLD	1711	1822	1822	2800941	2800941	0	6642969
RAIL	256	256	199	1511
FOLD	1716	1823	1823	2802480	2802480	0	6667064
RAIL	232	281	201	1514
FOLD	1717	1824	1824	2804019	2804019	0	6669149
RAIL	256	256	201	1515
FOLD	1718	1825	1825	2805555	2805555	0	6679808
RAIL	27	485	201	1516
FOLD	1719	1826	1826	2807091	2807091	0	6681659
RAIL	256	256	201	1517
FOLD	1720	1827	1827	2808627	2808627	0	6692687
RAIL	27	486	201	1518
FOLD	1721	1828	1828	2810166	2810166	0	6694511
RAIL	256	256	201	1519
FOLD	1722	1829	1829	2811702	2811702	0	6705239
RAIL	231	281	201	1520
FOLD	1723	1830	1830	2813238	2813238	0	6707270
RAIL	256	256	201	1521
FOLD	1724	1831	1831	2814774	2814774	0	6722692
RAIL	231	282	201	1522
FOLD	1725	1832	1832	2816313	2816313	0	6724578
RAIL	256	256	201	1523
FOLD	1726	1833	1833	2817849	2817849	0	6735629
RAIL	28	484	201	1524
FOLD	1727	1834	1834	2819385	2819385	0	6737313
RAIL	256	256	201	1525
FOLD	1728	1835	1835	2820921	2820921	0	6748448
RAIL	28	485	201	1526
FOLD	1729	1836	1836	2822460	2822460	0	6750338
RAIL	256	256	201	1527
FOLD	1730	1837	1837	2823996	2823996	0	6761495
RAIL	230	282	201	1528
FOLD	1731	1838	1838	2825532	2825532	0	6763480
RAIL	256	256	201	1529
FOLD	1738	1839	1839	2827074	2827074	0	6795332
RAIL	229	283	204	1533
FOLD	1739	1840	1840	2828610	2828610	0	6797249
RAIL	256	256	204	1534
FOLD	1740	1841	1841	2830146	2830146	0	6809172
RAIL	229	284	204	1535
FOLD	1741	1842	1842	2831685	2831685	0	6811085
RAIL	256	256	204	1536
FOLD	1748	1843	1843	2833224	2833224	0	6842028
RAIL	228	285	207	1540
FOLD	1749	1844	1844	2834763	2834763	0	6843969
RAIL	256	256	207	1541
FOLD	1750	1845	1845	2836299	2836299	0	6855412
RAIL	31	481	207	1542
FOLD	1751	1846	1846	2837835	2837835	0	6857133
RAIL	256	256	207	1543
FOLD	1752	1847	1847	2839371	2839371	0	6868567
RAIL	31	482	207	1544
FOLD	1753	1848	1848	2840910	2840910	0	6870410
RAIL	256	256	207	1545
FOLD	1760	1849	1849	2842449	2842449	0	6902699
RAIL	32	481	210	1549
FOLD	1761	1850	1850	2843988	2843988	0	6904640
RAIL	256	256	210	1550
FOLD	1766	1851	1851	2845527	2845527	0	6953282
RAIL	33	479	212	1553
FOLD	1767	1852	1852	2847063	2847063	0	6956563
RAIL	256	256	212	1554
FOLD	1768	1853	1853	2848599	2848599	0	6976844
RAIL	33	480	212	1555
FOLD	1769	1854	1854	2850138	2850138	0	6980227
RAIL	256	256	212	1556
FOLD	1770	1855	1855	2851674	2851674	0	7000735
RAIL	225	287	212	1557
FOLD	1771	1856	1856	2853210	2853210	0	7003698
RAIL	256	256	212	1558
FOLD	1772	1857	1857	2854746	2854746	0	7015152
RAIL	225	288	212	1559
FOLD	1773	1858	1858	2856285	2856285	0	7017050
RAIL	256	256	212	1560
FOLD	1780	1859	1859	2857824	2857824	0	7049169
RAIL	224	289	215	1564
FOLD	1781	1860	1860	2859363	2859363	0	7051095
RAIL	256	256	215	1565
FOLD	1782	1861	1861	2860899	2860899	0	7062420
RAIL	35	477	215	1566
FOLD	1783	1862	1862	2862435	2862435	0	7064280
RAIL	256	256	215	1567
FOLD	1790	1863	1863	2863977	2863977	0	7100849
RAIL	36	476	218	1571
FOLD	1791	1864	1864	2865513	2865513	0	7102673
RAIL	256	256	218	1572
FOLD	1792	1865	1865	2867049	2867049	0	7120709
RAIL	36	477	218	1573
FOLD	1793	1866	1866	2868588	2868588	0	7122507
RAIL	256	256	218	1574
FOLD	1794	1867	1867	2870124	2870124	0	7141118
RAIL	222	290	218	1575
FOLD	1795	1868	1868	2871660	2871660	0	7143121
RAIL	256	256	218	1576
FOLD	1802	1869	1869	2873202	2873202	0	7183474
RAIL	221	291	221	1580
FOLD	1803	1870	1870	2874738	2874738	0	7186312
RAIL	256	256	221	1581
FOLD	1808	1871	1871	2876277	2876277	0	7237213
RAIL	38	475	223	1584
FOLD	1809	1872	1872	2877816	2877816	0	7242161
RAIL	256	256	223	1585
FOLD	1810	1873	1873	2879352	2879352	0	7280172
RAIL	220	292	223	1586
FOLD	1811	1874	1874	2880888	2880888	0	7287058
RAIL	256	256	223	1587
FOLD	1812	1875	1875	2882424	2882424	0	7324840
RAIL	220	293	223	1588
FOLD	1813	1876	1876	2883963	2883963	0	7330540
RAIL	256	256	223	1589
FOLD	1814	1877	1877	2885499	2885499	0	7366433
RAIL	39	473	223	1590
FOLD	1815	1878	1878	2887035	2887035	0	7368254
RAIL	256	256	223	1591
FOLD	1816	1879	1879	2888571	2888571	0	7379277
RAIL	39	474	223	1592
FOLD	1817	1880	1880	2890110	2890110	0	7381246
RAIL	256	256	223	1593
FOLD	1824	1881	1881	2891649	2891649	0	7411627
RAIL	40	473	226	1597
FOLD	1825	1882	1882	2893188	2893188	0	7413701
RAIL	256	256	226	1598
FOLD	1826	1883	1883	2894724	2894724	0	7424751
RAIL	218	294	226	1599
FOLD	1827	1884	1884	2896260	2896260	0	7426671
RAIL	256	256	226	1600
FOLD	1834	1885	1885	2897802	2897802	0	7457074
RAIL	217	295	229	1604
FOLD	1835	1886	1886	2899338	2899338	0	7459081
RAIL	256	256	229	1605
FOLD	1836	1887	1887	2900874	2900874	0	7470017
RAIL	217	296	229	1606
FOLD	1837	1888	1888	2902413	2902413	0	7471905
RAIL	256	256	229	1607
FOLD	1838	1889	1889	2903949	2903949	0	7483119
RAIL	42	470	229	1608
FOLD	1839	1890	1890	2905485	2905485	0	7485001
RAIL	256	256	229	1609
FOLD	1846	1891	1891	2907027	2907027	0	7516686
RAIL	43	469	232	1613
FOLD	1847	1892	1892	2908563	2908563	0	7518651
RAIL	256	256	232	1614
FOLD	1848	1893	1893	2910099	2910099	0	7530485
RAIL	43	470	232	1615
FOLD	1849	1894	1894	2911638	2911638	0	7532354
RAIL	256	256	232	1616
FOLD	1856	1895	1895	2913177	2913177	0	7569116
RAIL	44	469	235	1620
FOLD	1857	1896	1896	2914716	2914716	0	7571260
RAIL	256	256	235	1621
FOLD	1858	1897	1897	2916252	2916252	0	7582539
RAIL	214	298	235	1622
FOLD	1859	1898	1898	2917788	2917788	0	7584605
RAIL	256	256	235	1623
FOLD	1860	1899	1899	2919324	2919324	0	7596068
RAIL	214	299	235	1624
FOLD	1861	1900	1900	2920863	2920863	0	7597995
RAIL	256	256	235	1625
FOLD	1862	1901	1901	2922399	2922399	0	7609584
RAIL	45	467	235	1626
FOLD	1863	1902	1902	2923935	2923935	0	7611465
RAIL	256	256	235	1627
FOLD	1870	1903	1903	2925477	2925477	0	7643682
RAIL	46	466	238	1631
FOLD	1871	1904	1904	2927013	2927013	0	7645656
RAIL	256	256	238	1632
FOLD	1872	1905	1905	2928549	2928549	0	7656698
RAIL	46	467	238	1633
FOLD	1873	1906	1906	2930088	2930088	0	7658943
RAIL	256	256	238	1634
FOLD	1880	1907	1907	2931627	2931627	0	7696375
RAIL	47	466	241	1638
FOLD	1881	1908	1908	2933166	2933166	0	7699550
RAIL	256	256	241	1639
FOLD	1882	1909	1909	2934702	2934702	0	7711797
RAIL	211	301	241	1640
FOLD	1883	1910	1910	2936238	2936238	0	7713680
RAIL	256	256	241	1641
FOLD	1884	1911	1911	2937774	2937774	0	7725510
RAIL	211	302	241	1642
FOLD	1885	1912	1912	2939313	2939313	0	7727459
RAIL	256	256	241	1643
FOLD	1892	1913	1913	2940852	2940852	0	7758619
RAIL	210	303	244	1647
FOLD	1893	1914	1914	2942391	2942391	0	7760441
RAIL	256	256	244	1648
FOLD	1898	1915	1915	2943930	2943930	0	7809077
RAIL	209	303	246	1651
FOLD	1899	1916	1916	2945466	2945466	0	7811489
RAIL	256	256	246	1652
FOLD	1900	1917	1917	2947002	2947002	0	7822429
RAIL	209	304	246	1653
FOLD	1901	1918	1918	2948541	2948541	0	7824408
RAIL	256	256	246	1654
FOLD	1902	1919	1919	2950077	2950077	0	7840768
RAIL	50	462	246	1655
FOLD	1903	1920	1920	2951613	2951613	0	7843578
RAIL	256	256	246	1656
FOLD	1904	1921	1921	2953149	2953149	0	7855039
RAIL	50	463	246	1657
FOLD	1905	1922	1922	2954688	2954688	0	7858140
RAIL	256	256	246	1658
FOLD	1906	1923	1923	2956224	2956224	0	7876606
RAIL	208	304	246	1659
FOLD	1907	1924	1924	2957760	2957760	0	7879863
RAIL	256	256	246	1660
FOLD	1908	1925	1925	2959296	2959296	0	7898017
RAIL	208	305	246	1661
FOLD	1909	1926	1926	2960835	2960835	0	7901453
RAIL	256	256	246	1662
FOLD	1916	1927	1927	2962374	2962374	0	7952390
RAIL	207	306	249	1666
FOLD	1917	1928	1928	2963913	2963913	0	7954440
RAIL	256	256	249	1667
FOLD	1918	1929	1929	2965449	2965449	0	7966259
RAIL	52	460	249	1668
FOLD	1919	1930	1930	2966985	2966985	0	7968087
RAIL	256	256	249	1669
FOLD	1926	1931	1931	2968527	2968527	0	8005652
RAIL	53	459	252	1673
FOLD	1927	1932	1932	2970063	2970063	0	8008784
RAIL	256	256	252	1674
