INPUT	140943780112609	48	18	244
FRAME	1	0	1	1	33
FOLD	1	1	1	144	144	0	48
RAIL	2	46	0	0
FOLD	2	1	1	147	147	0	59
RAIL	2	47	1	0
FOLD	4	3	3	435	435	0	302
RAIL	24	25	2	1
FOLD	5	5	5	726	726	0	504
RAIL	3	45	2	2
FOLD	6	7	7	1017	1017	0	787
RAIL	3	46	2	3
FOLD	8	9	9	1305	1305	0	1140
RAIL	23	26	3	4
FOLD	9	11	11	1596	1596	0	1467
RAIL	4	44	3	5
FOLD	10	13	13	1887	1887	0	1712
RAIL	4	45	3	6
FOLD	12	15	15	2175	2175	0	2782
RAIL	22	27	4	7
FOLD	13	17	17	2466	2466	0	2990
RAIL	5	43	4	8
FOLD	14	19	19	2757	2757	0	3219
RAIL	5	44	4	9
FOLD	16	21	21	3045	3045	0	3542
RAIL	21	28	5	10
FOLD	17	23	23	3336	3336	0	3803
RAIL	6	42	5	11
FOLD	18	25	25	3627	3627	0	3984
RAIL	6	43	5	12
FOLD	20	27	27	3915	3915	0	4228
RAIL	20	29	6	13
FOLD	21	29	29	4206	4206	0	4471
RAIL	7	41	6	14
FOLD	22	31	31	4497	4497	0	4709
RAIL	7	42	6	15
FOLD	24	33	33	4785	4785	0	4937
RAIL	19	30	7	16
FOLD	25	35	35	5076	5076	0	5167
RAIL	8	40	7	17
FOLD	26	37	37	5367	5367	0	5529
RAIL	8	41	7	18
FOLD	28	39	39	5655	5655	0	5813
RAIL	18	31	8	19
FOLD	29	41	41	5946	5946	0	6010
RAIL	9	39	8	20
FOLD	30	43	43	6237	6237	0	6249
RAIL	9	40	8	21
FOLD	32	45	45	6525	6525	0	6501
RAIL	17	32	9	22
FOLD	33	47	47	6816	6816	0	6700
RAIL	10	38	9	23
FOLD	34	49	49	7107	7107	0	6894
RAIL	10	39	9	24
FOLD	36	51	51	7395	7395	0	7134
RAIL	16	33	10	25
FOLD	37	53	53	7686	7686	0	7324
RAIL	11	37	10	26
FOLD	38	55	55	7977	7977	0	7530
RAIL	11	38	10	27
FOLD	40	57	57	8265	8265	0	8648
RAIL	15	34	11	28
FOLD	41	59	59	8556	8556	0	8894
RAIL	12	36	11	29
FOLD	42	61	61	8847	8847	0	9116
RAIL	12	37	11	30
FOLD	44	63	63	9135	9135	0	9332
RAIL	14	35	12	31
FOLD	45	65	65	9426	9426	0	9604
RAIL	13	35	12	32
FOLD	46	67	67	9717	9717	0	9790
RAIL	13	36	12	33
FOLD	47	68	68	9864	9864	0	10008
RAIL	24	24	12	34
FOLD	48	69	69	10008	10008	0	10479
RAIL	24	24	12	35
FOLD	49	70	70	10152	10152	0	11002
RAIL	24	24	12	36
FOLD	50	71	71	10296	10296	0	11446
RAIL	24	24	12	37
FOLD	51	72	72	10440	10440	0	11748
RAIL	24	25	12	38
FOLD	52	73	73	10587	10587	0	12353
RAIL	24	24	12	39
FOLD	53	74	74	10731	10731	0	12568
RAIL	3	45	12	40
FOLD	56	75	75	10875	10875	0	13105
RAIL	23	25	13	42
FOLD	57	76	76	11019	11019	0	13329
RAIL	24	24	13	43
FOLD	58	77	77	11163	11163	0	13643
RAIL	23	26	13	44
FOLD	59	78	78	11310	11310	0	13929
RAIL	24	24	13	45
FOLD	60	79	79	11454	11454	0	14191
RAIL	4	44	13	46
FOLD	63	80	80	11598	11598	0	14657
RAIL	22	26	14	48
FOLD	64	81	81	11742	11742	0	14848
RAIL	24	24	14	49
FOLD	65	82	82	11886	11886	0	15089
RAIL	22	27	14	50
FOLD	66	83	83	12033	12033	0	15292
RAIL	24	24	14	51
FOLD	67	84	84	12177	12177	0	15756
RAIL	5	43	14	52
FOLD	68	85	85	12321	12321	0	15935
RAIL	24	24	14	53
FOLD	69	86	86	12465	12465	0	16175
RAIL	24	24	14	54
FOLD	70	87	87	12609	12609	0	16471
RAIL	21	27	14	55
FOLD	71	88	88	12753	12753	0	16676
RAIL	24	24	14	56
FOLD	72	89	89	12897	12897	0	16943
RAIL	21	28	14	57
FOLD	73	90	90	13044	13044	0	17164
RAIL	24	24	14	58
FOLD	74	91	91	13188	13188	0	17494
RAIL	6	42	14	59
FOLD	75	92	92	13332	13332	0	17691
RAIL	24	24	14	60
FOLD	76	93	93	13476	13476	0	18072
RAIL	24	24	14	61
FOLD	81	94	94	13623	13623	0	19284
RAIL	7	41	16	64
FOLD	82	95	95	13767	13767	0	19474
RAIL	24	24	16	65
FOLD	87	96	96	13914	13914	0	20421
RAIL	24	24	18	68
FOLD	90	97	97	14058	14058	0	21062
RAIL	24	24	19	70
FOLD	95	98	98	14205	14205	0	22171
RAIL	9	39	21	73
FOLD	96	99	99	14349	14349	0	22370
RAIL	24	24	21	74
FOLD	97	100	100	14493	14493	0	22626
RAIL	24	24	21	75
FOLD	98	101	101	14637	14637	0	22955
RAIL	17	31	21	76
FOLD	99	102	102	14781	14781	0	23226
RAIL	24	24	21	77
FOLD	104	103	103	14928	14928	0	24142
RAIL	24	24	23	80
FOLD	109	104	104	15075	15075	0	25161
RAIL	11	37	25	83
FOLD	110	105	105	15219	15219	0	25420
RAIL	24	24	25	84
FOLD	111	106	106	15363	15363	0	25693
RAIL	24	24	25	85
FOLD	124	107	107	15501	15501	0	27782
RAIL	24	24	31	92
FOLD	125	108	108	15645	15645	0	28041
RAIL	13	36	31	93
FOLD	128	107	108	15498	15645	0	28647
RAIL	24	24	33	94
FOLD	150	109	109	15795	15795	0	33125
RAIL	24	24	43	106
FOLD	161	110	110	15945	15945	0	35239
RAIL	24	24	48	112
FOLD	162	111	111	16089	16089	0	35537
RAIL	24	24	48	113
FOLD	163	112	112	16233	16233	0	35825
RAIL	19	29	48	114
FOLD	164	113	113	16377	16377	0	36333
RAIL	24	24	48	115
FOLD	165	114	114	16521	16521	0	36645
RAIL	19	30	48	116
FOLD	166	115	115	16668	16668	0	37008
RAIL	24	24	48	117
FOLD	167	116	116	16812	16812	0	37343
RAIL	8	40	48	118
FOLD	168	117	117	16956	16956	0	37554
RAIL	24	24	48	119
FOLD	173	118	118	17103	17103	0	38372
RAIL	24	24	50	122
FOLD	178	119	119	17247	17247	0	39043
RAIL	24	24	52	125
FOLD	181	120	120	17394	17394	0	39798
RAIL	10	38	53	127
FOLD	182	121	121	17538	17538	0	39977
RAIL	24	24	53	128
FOLD	189	122	122	17679	17679	0	41275
RAIL	24	24	56	132
FOLD	192	123	123	17823	17823	0	42035
RAIL	24	24	57	134
FOLD	199	124	124	17964	17964	0	43212
RAIL	24	24	60	138
FOLD	214	125	125	18105	18105	0	45333
RAIL	24	24	67	146
FOLD	223	126	126	18255	18255	0	46780
RAIL	5	43	71	151
FOLD	228	127	127	18399	18399	0	47561
RAIL	21	28	73	154
FOLD	229	128	128	18546	18546	0	47779
RAIL	24	24	73	155
FOLD	236	129	129	18693	18693	0	48910
RAIL	24	24	76	159
FOLD	247	130	130	18840	18840	0	50751
RAIL	18	30	81	165
FOLD	248	131	131	18984	18984	0	50996
RAIL	24	24	81	166
FOLD	249	132	132	19128	19128	0	51315
RAIL	18	31	81	167
FOLD	250	133	133	19275	19275	0	51651
RAIL	24	24	81	168
FOLD	251	134	134	19419	19419	0	51881
RAIL	9	39	81	169
FOLD	252	135	135	19563	19563	0	52063
RAIL	24	24	81	170
FOLD	253	136	136	19707	19707	0	52304
RAIL	24	24	81	171
FOLD	256	137	137	19851	19851	0	52923
RAIL	17	32	82	173
FOLD	271	138	138	19989	19989	0	55267
RAIL	12	36	89	181
FOLD	272	139	139	20133	20133	0	55510
RAIL	24	24	89	182
FOLD	275	140	140	20277	20277	0	56033
RAIL	24	24	90	184
FOLD	280	141	141	20421	20421	0	56742
RAIL	24	24	92	187
FOLD	289	142	142	20568	20568	0	57997
RAIL	23	26	96	192
FOLD	290	143	143	20715	20715	0	58223
RAIL	24	24	96	193
FOLD	291	144	144	20859	20859	0	58453
RAIL	24	24	96	194
FOLD	294	145	145	21003	21003	0	59225
RAIL	24	24	97	196
FOLD	299	146	146	21150	21150	0	59964
RAIL	24	24	99	199
FOLD	302	147	147	21294	21294	0	60567
RAIL	21	28	100	201
FOLD	303	148	148	21441	21441	0	60773
RAIL	24	24	100	202
FOLD	308	149	149	21585	21585	0	61529
RAIL	24	24	102	205
FOLD	309	150	150	21729	21729	0	61758
RAIL	20	29	102	206
FOLD	310	151	151	21876	21876	0	61935
RAIL	24	24	102	207
FOLD	333	152	152	22017	22017	0	65641
RAIL	24	24	113	219
FOLD	334	153	153	22161	22161	0	65878
RAIL	24	24	113	220
FOLD	335	154	154	22305	22305	0	66191
RAIL	16	32	113	221
FOLD	336	155	155	22449	22449	0	66414
RAIL	24	24	113	222
FOLD	339	156	156	22596	22596	0	67209
RAIL	11	37	114	224
FOLD	340	157	157	22740	22740	0	67397
RAIL	24	24	114	225
FOLD	347	158	158	22884	22884	0	68507
RAIL	24	24	117	229
FOLD	352	159	159	23028	23028	0	69250
RAIL	24	24	119	232
FOLD	353	160	160	23172	23172	0	69521
RAIL	24	24	119	233
FOLD	370	161	161	23319	23319	0	72075
RAIL	24	24	127	242
FOLD	371	162	162	23463	23463	0	72314
RAIL	5	43	127	243
FOLD	376	163	163	23607	23607	0	73154
RAIL	21	28	129	246
FOLD	377	164	164	23754	23754	0	73459
RAIL	24	24	129	247
FOLD	384	165	165	23901	23901	0	74422
RAIL	24	24	132	251
FOLD	411	166	166	24042	24042	0	78840
RAIL	16	33	145	265
FOLD	414	167	167	24183	24183	0	79342
RAIL	24	24	146	267
FOLD	415	168	168	24327	24327	0	79566
RAIL	24	24	146	268
FOLD	416	169	169	24471	24471	0	79793
RAIL	15	33	146	269
FOLD	417	170	170	24615	24615	0	80046
RAIL	24	24	146	270
FOLD	418	171	171	24759	24759	0	80283
RAIL	24	24	146	271
FOLD	421	172	172	24903	24903	0	80903
RAIL	24	24	147	273
FOLD	426	173	173	25047	25047	0	81704
RAIL	24	24	149	276
FOLD	455	174	174	25191	25191	0	87710
RAIL	20	28	163	291
FOLD	456	175	175	25335	25335	0	87972
RAIL	24	24	163	292
FOLD	497	176	176	25470	25470	0	94408
RAIL	24	24	183	313
FOLD	498	177	177	25614	25614	0	94642
RAIL	24	24	183	314
FOLD	499	178	178	25758	25758	0	94892
RAIL	13	35	183	315
FOLD	500	179	179	25902	25902	0	95149
RAIL	24	24	183	316
FOLD	512	177	179	25614	25905	0	97205
RAIL	24	24	190	321
FOLD	517	180	180	26046	26046	0	98462
RAIL	22	27	191	325
FOLD	574	181	181	26178	26178	0	107451
RAIL	24	24	219	354
FOLD	575	182	182	26322	26322	0	107721
RAIL	24	24	219	355
FOLD	576	183	183	26466	26466	0	107960
RAIL	24	25	219	356
FOLD	583	184	184	26610	26610	0	110993
RAIL	24	24	222	360
FOLD	594	185	185	26751	26751	0	112874
RAIL	21	28	227	366
FOLD	603	186	186	26895	26895	0	114379
RAIL	24	24	231	371
FOLD	614	187	187	27036	27036	0	116147
RAIL	18	31	236	377
FOLD	629	188	188	27180	27180	0	118669
RAIL	11	37	243	385
FOLD	646	189	189	27324	27324	0	121266
RAIL	24	24	251	394
FOLD	647	190	190	27468	27468	0	121514
RAIL	24	25	251	395
FOLD	666	191	191	27612	27612	0	126899
RAIL	24	24	260	405
FOLD	671	192	192	27756	27756	0	127784
RAIL	20	29	262	408
FOLD	674	193	193	27897	27897	0	128299
RAIL	24	24	263	410
FOLD	685	194	194	28038	28038	0	130603
RAIL	18	31	268	416
FOLD	686	195	195	28185	28185	0	131102
RAIL	24	24	268	417
FOLD	699	196	196	28332	28332	0	133788
RAIL	24	24	274	424
FOLD	700	197	197	28476	28476	0	134035
RAIL	11	37	274	425
FOLD	701	198	198	28620	28620	0	134288
RAIL	24	24	274	426
FOLD	702	199	199	28764	28764	0	134544
RAIL	24	24	274	427
FOLD	703	200	200	28908	28908	0	134814
RAIL	15	33	274	428
FOLD	704	201	201	29052	29052	0	135026
RAIL	24	24	274	429
FOLD	705	202	202	29196	29196	0	135273
RAIL	24	24	274	430
FOLD	758	203	203	29337	29337	0	144020
RAIL	9	39	300	457
FOLD	759	204	204	29481	29481	0	144256
RAIL	24	24	300	458
FOLD	760	205	205	29625	29625	0	144494
RAIL	24	24	300	459
FOLD	763	206	206	29769	29769	0	145066
RAIL	17	32	301	461
FOLD	778	207	207	29910	29910	0	147631
RAIL	24	24	308	469
FOLD	801	208	208	30060	30060	0	151206
RAIL	22	27	319	481
FOLD	814	209	209	30201	30201	0	153147
RAIL	24	24	325	488
FOLD	833	210	210	30345	30345	0	155936
RAIL	24	24	334	498
FOLD	874	211	211	30489	30489	0	162289
RAIL	24	24	354	519
FOLD	877	212	212	30633	30633	0	162933
RAIL	24	24	355	521
FOLD	882	213	213	30780	30780	0	163595
RAIL	20	28	357	524
FOLD	883	214	214	30924	30924	0	163825
RAIL	24	24	357	525
FOLD	884	215	215	31068	31068	0	164057
RAIL	20	29	357	526
FOLD	885	216	216	31215	31215	0	164392
RAIL	24	24	357	527
FOLD	888	217	217	31359	31359	0	164942
RAIL	24	24	358	529
FOLD	953	218	218	31500	31500	0	176208
RAIL	20	28	390	562
FOLD	954	219	219	31644	31644	0	176466
RAIL	24	24	390	563
FOLD	1024	217	219	31344	31644	0	187121
RAIL	20	28	426	597
FOLD	2048	195	219	28158	31644	0	358124
RAIL	24	24	949	1098
FOLD	4096	165	219	23808	31644	0	681807
RAIL	10	38	1988	2107
FOLD	8192	143	219	20610	31644	0	1245979
RAIL	24	24	4047	4144
FOLD	16384	107	219	15408	31644	0	2389231
RAIL	24	24	8161	8222
FOLD	32768	139	219	20016	31644	0	4625337
RAIL	24	24	16337	16430
