INPUT	3966331337	32	17	164
FRAME	1	0	1	1	17
FOLD	1	1	1	96	96	0	34
RAIL	2	30	0	0
FOLD	2	1	1	99	99	0	41
RAIL	2	31	1	0
FOLD	4	3	3	291	291	0	211
RAIL	16	17	2	1
FOLD	5	5	5	486	486	0	355
RAIL	3	29	2	2
FOLD	8	7	7	681	681	0	692
RAIL	15	18	4	3
FOLD	9	9	9	876	876	0	877
RAIL	4	28	4	4
FOLD	11	11	11	1074	1074	0	1277
RAIL	14	18	5	5
FOLD	12	13	13	1269	1269	0	1425
RAIL	14	19	5	6
FOLD	13	15	15	1464	1464	0	1688
RAIL	5	27	5	7
FOLD	15	17	17	1662	1662	0	1899
RAIL	13	19	6	8
FOLD	16	19	19	1857	1857	0	2044
RAIL	13	20	6	9
FOLD	17	21	21	2052	2052	0	2200
RAIL	6	26	6	10
FOLD	19	23	23	2250	2250	0	2362
RAIL	12	20	7	11
FOLD	20	25	25	2445	2445	0	2498
RAIL	12	21	7	12
FOLD	21	27	27	2640	2640	0	2627
RAIL	7	25	7	13
FOLD	22	29	29	2835	2835	0	3331
RAIL	7	26	7	14
FOLD	23	31	31	3030	3030	0	3537
RAIL	11	21	7	15
FOLD	24	33	33	3225	3225	0	4155
RAIL	11	22	7	16
FOLD	25	35	35	3420	3420	0	4292
RAIL	8	24	7	17
FOLD	26	37	37	3615	3615	0	4462
RAIL	8	25	7	18
FOLD	27	39	39	3810	3810	0	4630
RAIL	10	22	7	19
FOLD	28	41	41	4005	4005	0	4808
RAIL	10	23	7	20
FOLD	29	43	43	4200	4200	0	4976
RAIL	9	23	7	21
FOLD	30	45	45	4395	4395	0	5157
RAIL	9	24	7	22
FOLD	31	46	46	4494	4494	0	5320
RAIL	16	16	7	23
FOLD	32	47	47	4590	4590	0	5487
RAIL	16	16	7	24
FOLD	33	48	48	4686	4686	0	5633
RAIL	16	16	7	25
FOLD	34	49	49	4782	4782	0	5777
RAIL	16	16	7	26
FOLD	35	50	50	4878	4878	0	5967
RAIL	16	17	7	27
FOLD	36	51	51	4977	4977	0	6112
RAIL	16	16	7	28
FOLD	37	52	52	5073	5073	0	6304
RAIL	16	16	7	29
FOLD	38	53	53	5169	5169	0	6500
RAIL	16	16	7	30
FOLD	39	54	54	5265	5265	0	6703
RAIL	15	17	7	31
FOLD	40	55	55	5361	5361	0	6841
RAIL	16	16	7	32
FOLD	51	56	56	5460	5460	0	7978
RAIL	5	28	12	38
FOLD	62	57	57	5559	5559	0	9235
RAIL	12	21	17	44
FOLD	63	58	58	5658	5658	0	9396
RAIL	16	16	17	45
FOLD	64	59	59	5754	5754	0	9547
RAIL	7	25	17	46
FOLD	67	60	60	5853	5853	0	9855
RAIL	16	16	18	48
FOLD	72	61	61	5952	5952	0	10341
RAIL	8	24	20	51
FOLD	73	62	62	6048	6048	0	10527
RAIL	16	16	20	52
FOLD	78	63	63	6147	6147	0	11052
RAIL	10	23	22	55
FOLD	79	64	64	6246	6246	0	11207
RAIL	16	16	22	56
FOLD	80	65	65	6342	6342	0	11409
RAIL	9	23	22	57
FOLD	81	66	66	6438	6438	0	11559
RAIL	16	16	22	58
FOLD	90	67	67	6540	6540	0	12477
RAIL	16	16	26	63
FOLD	91	68	68	6636	6636	0	12633
RAIL	15	17	26	64
FOLD	92	69	69	6732	6732	0	12785
RAIL	16	16	26	65
FOLD	93	70	70	6828	6828	0	12980
RAIL	15	18	26	66
FOLD	94	71	71	6927	6927	0	13267
RAIL	16	16	26	67
FOLD	119	72	72	7026	7026	0	16504
RAIL	16	16	38	80
FOLD	120	73	73	7122	7122	0	16678
RAIL	11	21	38	81
FOLD	121	74	74	7218	7218	0	16879
RAIL	16	16	38	82
FOLD	128	73	74	7128	7224	0	17590
RAIL	10	22	42	85
FOLD	132	75	75	7323	7323	0	18266
RAIL	9	23	43	88
FOLD	133	76	76	7419	7419	0	18407
RAIL	16	16	43	89
FOLD	134	77	77	7515	7515	0	18563
RAIL	9	24	43	90
FOLD	135	78	78	7614	7614	0	19726
RAIL	16	16	43	91
FOLD	144	79	79	7713	7713	0	20538
RAIL	16	16	47	96
FOLD	145	80	80	7809	7809	0	20679
RAIL	15	18	47	97
FOLD	146	81	81	7908	7908	0	20816
RAIL	16	16	47	98
FOLD	147	82	82	8004	8004	0	20965
RAIL	16	16	47	99
FOLD	148	83	83	8100	8100	0	21151
RAIL	16	16	47	100
FOLD	153	84	84	8199	8199	0	21650
RAIL	16	16	49	103
FOLD	158	85	85	8298	8298	0	22121
RAIL	16	16	51	106
FOLD	159	86	86	8394	8394	0	22266
RAIL	16	16	51	107
FOLD	172	87	87	8490	8490	0	23548
RAIL	16	16	57	114
FOLD	173	88	88	8586	8586	0	23779
RAIL	8	24	57	115
FOLD	196	89	89	8697	8697	0	27048
RAIL	16	16	68	127
FOLD	197	90	90	8793	8793	0	27280
RAIL	16	16	68	128
FOLD	198	91	91	8889	8889	0	27512
RAIL	14	18	68	129
FOLD	199	92	92	8985	8985	0	27730
RAIL	16	16	68	130
FOLD	208	93	93	9087	9087	0	29044
RAIL	16	16	72	135
FOLD	209	94	94	9183	9183	0	29309
RAIL	6	27	72	136
FOLD	210	95	95	9282	9282	0	29520
RAIL	16	16	72	137
FOLD	215	96	96	9381	9381	0	30299
RAIL	16	16	74	140
FOLD	224	97	97	9477	9477	0	31490
RAIL	8	25	78	145
FOLD	249	98	98	9576	9576	0	34897
RAIL	14	19	90	158
FOLD	250	99	99	9675	9675	0	35140
RAIL	16	16	90	159
FOLD	251	100	100	9771	9771	0	35364
RAIL	16	16	90	160
FOLD	252	101	101	9867	9867	0	35618
RAIL	16	16	90	161
FOLD	256	101	101	9870	9870	0	36198
RAIL	16	16	92	163
FOLD	257	102	102	9966	9966	0	36454
RAIL	16	16	92	164
FOLD	300	103	103	10074	10074	0	41994
RAIL	16	16	113	186
FOLD	301	104	104	10170	10170	0	42140
RAIL	16	16	113	187
FOLD	302	105	105	10266	10266	0	42294
RAIL	13	19	113	188
FOLD	312	103	105	10077	10266	0	43202
RAIL	16	16	119	192
FRAME	16	15	1	3	43522
RESULT	closed	62827	63131	43525	894	1	1	143	381
