INPUT	152857672754471	48	22	244
FRAME	1	0	1	1	35
FOLD	1	1	1	144	144	0	52
RAIL	2	46	0	0
CORRELATION	0	0	0	0
FOLD	2	1	1	147	147	0	65
RAIL	2	47	1	0
CORRELATION	0	0	0	0
FOLD	4	3	3	435	435	0	276
RAIL	24	25	2	1
CORRELATION	0	0	0	0
FOLD	5	5	5	726	726	0	492
RAIL	3	45	2	2
CORRELATION	0	0	0	0
FOLD	6	7	7	1017	1017	0	766
RAIL	3	46	2	3
CORRELATION	0	0	0	0
FOLD	8	9	9	1305	1305	0	1106
RAIL	23	26	3	4
CORRELATION	0	0	0	0
FOLD	9	11	11	1596	1596	0	1415
RAIL	4	44	3	5
CORRELATION	0	0	0	0
FOLD	10	13	13	1887	1887	0	1639
RAIL	4	45	3	6
CORRELATION	0	0	0	0
FOLD	12	15	15	2175	2175	0	2685
RAIL	22	27	4	7
CORRELATION	0	0	0	0
FOLD	13	17	17	2466	2466	0	2910
RAIL	5	43	4	8
CORRELATION	0	0	0	0
FOLD	14	19	19	2757	2757	0	3129
RAIL	5	44	4	9
CORRELATION	0	0	0	0
FOLD	16	21	21	3045	3045	0	3443
RAIL	21	28	5	10
CORRELATION	0	0	0	0
FOLD	17	23	23	3336	3336	0	3661
RAIL	6	42	5	11
CORRELATION	0	0	0	0
FOLD	18	25	25	3627	3627	0	3878
RAIL	6	43	5	12
CORRELATION	0	0	0	0
FOLD	20	27	27	3915	3915	0	4159
RAIL	20	29	6	13
CORRELATION	0	0	0	0
FOLD	21	29	29	4206	4206	0	4406
RAIL	7	41	6	14
CORRELATION	0	0	0	0
FOLD	22	31	31	4497	4497	0	4620
RAIL	7	42	6	15
CORRELATION	0	0	0	0
FOLD	23	33	33	4788	4788	0	4850
RAIL	19	29	6	16
CORRELATION	0	0	0	0
FOLD	24	35	35	5079	5079	0	5055
RAIL	19	30	6	17
CORRELATION	0	0	0	0
FOLD	25	37	37	5370	5370	0	5304
RAIL	8	40	6	18
CORRELATION	0	0	0	0
FOLD	26	39	39	5661	5661	0	5523
RAIL	8	41	6	19
CORRELATION	0	0	0	0
FOLD	27	41	41	5952	5952	0	5821
RAIL	18	30	6	20
CORRELATION	0	0	0	0
FOLD	28	43	43	6243	6243	0	6079
RAIL	18	31	6	21
CORRELATION	0	0	0	0
FOLD	29	45	45	6534	6534	0	6293
RAIL	9	39	6	22
CORRELATION	0	0	0	0
FOLD	30	47	47	6825	6825	0	6533
RAIL	9	40	6	23
CORRELATION	0	0	0	0
FOLD	31	49	49	7116	7116	0	6739
RAIL	17	31	6	24
CORRELATION	0	0	0	0
FOLD	32	51	51	7407	7407	0	6962
RAIL	17	32	6	25
CORRELATION	0	0	0	0
FOLD	33	53	53	7698	7698	0	7265
RAIL	10	38	6	26
CORRELATION	0	0	0	0
FOLD	34	55	55	7989	7989	0	7495
RAIL	10	39	6	27
CORRELATION	0	0	0	0
FOLD	35	57	57	8280	8280	0	7760
RAIL	16	32	6	28
CORRELATION	0	0	0	0
FOLD	36	59	59	8571	8571	0	7994
RAIL	16	33	6	29
CORRELATION	0	0	0	0
FOLD	37	61	61	8862	8862	0	8247
RAIL	11	37	6	30
CORRELATION	0	0	0	0
FOLD	38	63	63	9153	9153	0	8502
RAIL	11	38	6	31
CORRELATION	0	0	0	0
FOLD	39	65	65	9444	9444	0	8735
RAIL	15	33	6	32
CORRELATION	0	0	0	0
FOLD	40	67	67	9735	9735	0	8921
RAIL	15	34	6	33
CORRELATION	0	0	0	0
FOLD	41	69	69	10026	10026	0	9123
RAIL	12	36	6	34
CORRELATION	0	0	0	0
FOLD	42	71	71	10317	10317	0	10193
RAIL	12	37	6	35
CORRELATION	0	0	0	0
FOLD	43	73	73	10608	10608	0	10424
RAIL	14	34	6	36
CORRELATION	0	0	0	0
FOLD	44	75	75	10899	10899	0	10635
RAIL	14	35	6	37
CORRELATION	0	0	0	0
FOLD	45	77	77	11190	11190	0	10896
RAIL	13	35	6	38
CORRELATION	0	0	0	0
FOLD	46	79	79	11481	11481	0	11080
RAIL	13	36	6	39
CORRELATION	0	0	0	0
FOLD	46	79	79	11481	11481	0	12188
RAIL	13	36	6	40
CORRELATION	1	0	1143	1741
FOLD	46	79	79	11481	11481	0	12207
RAIL	13	36	6	40
CORRELATION	2	0	1143	1741
FOLD	47	80	80	11628	11628	0	12228
RAIL	24	24	6	40
CORRELATION	3	0	1143	1741
FOLD	47	80	80	11628	11628	0	12428
RAIL	24	24	6	41
CORRELATION	4	0	1143	1741
FOLD	48	81	81	11772	11772	0	12433
RAIL	24	25	6	41
CORRELATION	4	0	1143	1741
FOLD	49	82	82	11919	11919	0	12633
RAIL	3	45	6	42
CORRELATION	5	0	1143	1741
FOLD	50	81	82	11775	11919	0	12879
RAIL	23	25	7	43
CORRELATION	8	0	1143	1741
FOLD	52	83	83	12066	12066	0	13308
RAIL	4	44	7	44
CORRELATION	9	0	1143	1741
FOLD	55	84	84	12213	12213	0	13851
RAIL	5	43	8	46
CORRELATION	13	0	1143	1741
FOLD	56	85	85	12357	12357	0	14094
RAIL	21	27	8	47
CORRELATION	15	0	1143	1741
FOLD	56	85	85	12357	12357	0	14317
RAIL	21	27	8	48
CORRELATION	16	0	1143	1741
FOLD	57	86	86	12501	12501	0	14322
RAIL	21	28	8	48
CORRELATION	16	0	1143	1741
FOLD	58	87	87	12648	12648	0	14585
RAIL	6	42	8	49
CORRELATION	17	0	1143	1741
FOLD	59	88	88	12792	12792	0	14845
RAIL	20	28	8	50
CORRELATION	19	0	1143	1741
FOLD	60	89	89	12936	12936	0	15131
RAIL	20	29	8	51
CORRELATION	20	0	1143	1741
FOLD	61	90	90	13083	13083	0	15747
RAIL	7	41	8	52
CORRELATION	21	1	1143	1741
FOLD	62	91	91	13227	13227	0	16620
RAIL	7	42	8	53
CORRELATION	22	3	1143	1741
FOLD	64	91	91	13224	13227	0	17052
RAIL	19	30	9	54
CORRELATION	24	5	1143	1741
FOLD	65	92	92	13371	13371	0	17581
RAIL	8	40	9	55
CORRELATION	25	7	1143	1741
FOLD	66	93	93	13515	13515	0	17769
RAIL	8	41	9	56
CORRELATION	26	7	1143	1741
FOLD	69	94	94	13659	13659	0	18874
RAIL	9	39	10	58
CORRELATION	29	11	1143	1741
FOLD	70	95	95	13803	13803	0	19071
RAIL	9	40	10	59
CORRELATION	30	11	1143	1741
FOLD	71	94	95	13656	13803	0	19831
RAIL	17	31	11	60
CORRELATION	32	15	1143	1741
FOLD	73	96	96	13947	13947	0	20013
RAIL	10	38	11	61
CORRELATION	33	15	1143	1741
FOLD	74	97	97	14091	14091	0	20185
RAIL	10	39	11	62
CORRELATION	34	15	1143	1741
FOLD	75	98	98	14238	14238	0	20361
RAIL	16	32	11	63
CORRELATION	35	15	1143	1741
FOLD	76	99	99	14382	14382	0	20890
RAIL	16	33	11	64
CORRELATION	36	17	1143	1741
FOLD	77	100	100	14529	14529	0	21440
RAIL	11	37	11	65
CORRELATION	37	19	1143	1741
FOLD	78	101	101	14673	14673	0	21622
RAIL	11	38	11	66
CORRELATION	38	19	1143	1741
FOLD	79	102	102	14820	14820	0	22169
RAIL	15	33	11	67
CORRELATION	39	21	1143	1741
FOLD	80	103	103	14964	14964	0	22916
RAIL	15	34	11	68
CORRELATION	40	23	1143	1741
FOLD	81	104	104	15111	15111	0	23131
RAIL	12	36	11	69
CORRELATION	41	23	1143	1741
FOLD	82	105	105	15255	15255	0	23311
RAIL	12	37	11	70
CORRELATION	42	23	1143	1741
FOLD	83	106	106	15402	15402	0	23763
RAIL	14	34	11	71
CORRELATION	43	25	1143	1741
FOLD	84	107	107	15546	15546	0	24115
RAIL	14	35	11	72
CORRELATION	44	27	1143	1741
FOLD	85	108	108	15693	15693	0	24340
RAIL	13	35	11	73
CORRELATION	45	27	1143	1741
FOLD	86	109	109	15837	15837	0	24688
RAIL	13	36	11	74
CORRELATION	46	29	1143	1741
FOLD	87	110	110	15984	15984	0	25124
RAIL	24	24	11	75
CORRELATION	49	31	1143	1741
FOLD	88	111	111	16128	16128	0	25309
RAIL	24	25	11	76
CORRELATION	50	31	1143	1741
FOLD	89	112	112	16275	16275	0	25495
RAIL	3	45	11	77
CORRELATION	51	31	1143	1741
FOLD	92	113	113	16422	16422	0	25951
RAIL	4	44	12	79
CORRELATION	55	33	1143	1741
FOLD	95	114	114	16569	16569	0	26411
RAIL	5	43	13	81
CORRELATION	59	33	1143	1741
FOLD	98	115	115	16716	16716	0	27313
RAIL	6	42	14	83
CORRELATION	63	36	1143	1741
FOLD	98	115	115	16716	16716	0	27524
RAIL	6	42	15	83
CORRELATION	64	38	1143	1741
FOLD	101	116	116	16863	16863	0	28182
RAIL	7	41	15	85
CORRELATION	67	42	1143	1741
FOLD	102	117	117	17007	17007	0	28410
RAIL	7	42	15	86
CORRELATION	68	43	1143	1741
FOLD	105	118	118	17151	17151	0	29188
RAIL	8	40	16	88
CORRELATION	71	46	1143	1741
FOLD	106	119	119	17295	17295	0	29555
RAIL	8	41	16	89
CORRELATION	72	47	1143	1741
FOLD	109	120	120	17439	17439	0	30664
RAIL	9	39	17	91
CORRELATION	75	52	1143	1741
FOLD	110	121	121	17583	17583	0	30879
RAIL	9	40	17	92
CORRELATION	76	52	1143	1741
FOLD	111	122	122	17730	17730	0	31119
RAIL	17	31	17	93
CORRELATION	77	52	1143	1741
FOLD	112	123	123	17874	17874	0	31509
RAIL	17	32	17	94
CORRELATION	78	54	1143	1741
FOLD	113	124	124	18021	18021	0	31897
RAIL	10	38	17	95
CORRELATION	79	56	1143	1741
FOLD	114	125	125	18165	18165	0	32108
RAIL	10	39	17	96
CORRELATION	80	56	1143	1741
FOLD	115	126	126	18312	18312	0	32304
RAIL	16	32	17	97
CORRELATION	81	56	1143	1741
FOLD	116	127	127	18456	18456	0	32944
RAIL	16	33	17	98
CORRELATION	82	59	1143	1741
FOLD	117	128	128	18603	18603	0	33163
RAIL	11	37	17	99
CORRELATION	83	59	1143	1741
FOLD	118	129	129	18747	18747	0	33680
RAIL	11	38	17	100
CORRELATION	84	62	1143	1741
FOLD	119	130	130	18894	18894	0	33860
RAIL	15	33	17	101
CORRELATION	85	62	1143	1741
FOLD	120	131	131	19038	19038	0	34037
RAIL	15	34	17	102
CORRELATION	86	62	1143	1741
FOLD	121	132	132	19185	19185	0	34251
RAIL	12	36	17	103
CORRELATION	87	62	1143	1741
FOLD	122	133	133	19329	19329	0	34591
RAIL	12	37	17	104
CORRELATION	88	62	1143	1741
FOLD	123	134	134	19476	19476	0	35125
RAIL	14	34	17	105
CORRELATION	89	65	1143	1741
FOLD	124	135	135	19620	19620	0	35313
RAIL	14	35	17	106
CORRELATION	90	65	1143	1741
FOLD	125	136	136	19767	19767	0	36027
RAIL	13	35	17	107
CORRELATION	91	68	1143	1741
FOLD	126	137	137	19911	19911	0	36244
RAIL	13	36	17	108
CORRELATION	92	68	1143	1741
FOLD	127	138	138	20058	20058	0	36760
RAIL	24	24	17	109
CORRELATION	95	72	1143	1741
FOLD	128	139	139	20202	20202	0	37138
RAIL	24	25	17	110
CORRELATION	96	74	1143	1741
FOLD	129	140	140	20349	20349	0	37353
RAIL	23	25	17	111
CORRELATION	99	74	1143	1741
FOLD	130	141	141	20493	20493	0	37565
RAIL	23	26	17	112
CORRELATION	100	74	1143	1741
FOLD	131	142	142	20640	20640	0	38090
RAIL	22	26	17	113
CORRELATION	103	78	1143	1741
FOLD	132	143	143	20784	20784	0	38616
RAIL	22	27	17	114
CORRELATION	104	80	1143	1741
FOLD	133	144	144	20931	20931	0	38842
RAIL	5	43	17	115
CORRELATION	105	80	1143	1741
FOLD	136	145	145	21078	21078	0	39756
RAIL	6	42	18	117
CORRELATION	109	85	1143	1741
FOLD	139	146	146	21225	21225	0	40207
RAIL	7	41	19	119
CORRELATION	113	85	1143	1741
FOLD	142	147	147	21372	21372	0	41009
RAIL	8	40	20	121
CORRELATION	117	90	1143	1741
FOLD	143	148	148	21516	21516	0	41485
RAIL	18	30	20	122
CORRELATION	119	93	1143	1741
FOLD	144	149	149	21660	21660	0	41929
RAIL	18	31	20	123
CORRELATION	120	94	1143	1741
FOLD	145	150	150	21807	21807	0	42519
RAIL	9	39	20	124
CORRELATION	121	96	1143	1741
FOLD	146	151	151	21951	21951	0	42719
RAIL	9	40	20	125
CORRELATION	122	96	1143	1741
FOLD	149	152	152	22095	22095	0	43455
RAIL	10	38	21	127
CORRELATION	125	100	1143	1741
FOLD	150	153	153	22239	22239	0	43735
RAIL	10	39	21	128
CORRELATION	126	100	1143	1741
FOLD	151	152	153	22092	22239	0	44235
RAIL	16	32	22	129
CORRELATION	128	102	1143	1741
FOLD	153	154	154	22383	22383	0	44613
RAIL	11	37	22	130
CORRELATION	129	104	1143	1741
FOLD	154	155	155	22527	22527	0	44919
RAIL	11	38	22	131
CORRELATION	130	106	1143	1741
FOLD	155	156	156	22674	22674	0	45129
RAIL	15	33	22	132
CORRELATION	131	106	1143	1741
FOLD	156	157	157	22818	22818	0	45351
RAIL	15	34	22	133
CORRELATION	132	106	1143	1741
FOLD	157	158	158	22965	22965	0	45591
RAIL	12	36	22	134
CORRELATION	133	106	1143	1741
FOLD	158	159	159	23109	23109	0	46181
RAIL	12	37	22	135
CORRELATION	134	109	1143	1741
FOLD	159	160	160	23256	23256	0	46480
RAIL	14	34	22	136
CORRELATION	135	109	1143	1741
FOLD	160	161	161	23400	23400	0	46908
RAIL	14	35	22	137
CORRELATION	136	111	1143	1741
FOLD	161	162	162	23547	23547	0	47398
RAIL	13	35	22	138
CORRELATION	137	113	1143	1741
FOLD	162	163	163	23691	23691	0	47642
RAIL	13	36	22	139
CORRELATION	138	113	1143	1741
FOLD	163	164	164	23838	23838	0	48363
RAIL	24	24	22	140
CORRELATION	141	116	1143	1741
FOLD	164	165	165	23982	23982	0	48824
RAIL	24	25	22	141
CORRELATION	142	118	1143	1741
FOLD	165	166	166	24129	24129	0	49338
RAIL	23	25	22	142
CORRELATION	145	120	1143	1741
FOLD	166	167	167	24273	24273	0	49541
RAIL	23	26	22	143
CORRELATION	146	120	1143	1741
FOLD	167	168	168	24420	24420	0	49787
RAIL	22	26	22	144
CORRELATION	149	120	1143	1741
FOLD	168	169	169	24564	24564	0	50266
RAIL	22	27	22	145
CORRELATION	150	122	1143	1741
FOLD	169	170	170	24711	24711	0	50708
RAIL	5	43	22	146
CORRELATION	151	124	1143	1741
FOLD	172	171	171	24858	24858	0	51557
RAIL	6	42	23	148
CORRELATION	155	130	1143	1741
FOLD	173	172	172	25002	25002	0	51741
RAIL	20	28	23	149
CORRELATION	157	130	1143	1741
FOLD	174	173	173	25146	25146	0	51970
RAIL	20	29	23	150
CORRELATION	158	130	1143	1741
FOLD	175	174	174	25293	25293	0	52285
RAIL	7	41	23	151
CORRELATION	159	131	1143	1741
FOLD	178	175	175	25440	25440	0	53166
RAIL	8	40	24	153
CORRELATION	163	137	1143	1741
FOLD	181	176	176	25587	25587	0	54008
RAIL	9	39	25	155
CORRELATION	167	141	1143	1741
FOLD	182	177	177	25731	25731	0	54211
RAIL	9	40	25	156
CORRELATION	168	141	1143	1741
FOLD	185	178	178	25875	25875	0	54713
RAIL	10	38	26	158
CORRELATION	171	143	1143	1741
FOLD	186	179	179	26019	26019	0	55232
RAIL	10	39	26	159
CORRELATION	172	145	1143	1741
FOLD	189	180	180	26163	26163	0	55912
RAIL	11	37	27	161
CORRELATION	175	148	1143	1741
FOLD	190	181	181	26307	26307	0	56174
RAIL	11	38	27	162
CORRELATION	176	148	1143	1741
FOLD	193	182	182	26451	26451	0	57038
RAIL	12	36	28	164
CORRELATION	179	153	1143	1741
FOLD	194	183	183	26595	26595	0	57490
RAIL	12	37	28	165
CORRELATION	180	155	1143	1741
FOLD	195	184	184	26742	26742	0	57709
RAIL	14	34	28	166
CORRELATION	181	155	1143	1741
FOLD	196	185	185	26886	26886	0	58035
RAIL	14	35	28	167
CORRELATION	182	155	1143	1741
FOLD	197	186	186	27033	27033	0	58894
RAIL	13	35	28	168
CORRELATION	183	158	1143	1741
FOLD	198	187	187	27177	27177	0	59077
RAIL	13	36	28	169
CORRELATION	184	158	1143	1741
FOLD	199	188	188	27324	27324	0	59820
RAIL	24	24	28	170
CORRELATION	187	161	1143	1741
FOLD	200	189	189	27468	27468	0	60009
RAIL	24	25	28	171
CORRELATION	188	161	1143	1741
FOLD	201	190	190	27615	27615	0	60204
RAIL	23	25	28	172
CORRELATION	191	161	1143	1741
FOLD	202	191	191	27759	27759	0	60376
RAIL	23	26	28	173
CORRELATION	192	161	1143	1741
FOLD	203	192	192	27906	27906	0	60626
RAIL	22	26	28	174
CORRELATION	195	162	1143	1741
FOLD	204	193	193	28050	28050	0	60871
RAIL	22	27	28	175
CORRELATION	196	163	1143	1741
FOLD	205	194	194	28197	28197	0	61174
RAIL	21	27	28	176
CORRELATION	199	166	1143	1741
FOLD	206	195	195	28341	28341	0	61358
RAIL	21	28	28	177
CORRELATION	200	166	1143	1741
FOLD	207	196	196	28488	28488	0	61602
RAIL	6	42	28	178
CORRELATION	201	167	1143	1741
FOLD	210	197	197	28635	28635	0	62292
RAIL	7	41	29	180
CORRELATION	205	171	1143	1741
FOLD	211	198	198	28779	28779	0	62733
RAIL	19	29	29	181
CORRELATION	207	173	1143	1741
FOLD	212	199	199	28923	28923	0	62928
RAIL	19	30	29	182
CORRELATION	208	173	1143	1741
FOLD	213	200	200	29070	29070	0	63125
RAIL	8	40	29	183
CORRELATION	209	174	1143	1741
FOLD	216	201	201	29217	29217	0	63640
RAIL	9	39	30	185
CORRELATION	213	176	1143	1741
FOLD	219	202	202	29364	29364	0	64426
RAIL	10	38	31	187
CORRELATION	217	180	1143	1741
FOLD	220	203	203	29508	29508	0	64605
RAIL	10	39	31	188
CORRELATION	218	180	1143	1741
FOLD	223	204	204	29652	29652	0	65109
RAIL	11	37	32	190
CORRELATION	221	182	1143	1741
FOLD	224	205	205	29796	29796	0	65371
RAIL	11	38	32	191
CORRELATION	222	183	1143	1741
FOLD	227	206	206	29940	29940	0	66010
RAIL	12	36	33	193
CORRELATION	225	186	1143	1741
FOLD	228	207	207	30084	30084	0	66551
RAIL	12	37	33	194
CORRELATION	226	188	1143	1741
FOLD	231	208	208	30228	30228	0	67387
RAIL	13	35	34	196
CORRELATION	229	191	1143	1741
FOLD	232	209	209	30372	30372	0	67610
RAIL	13	36	34	197
CORRELATION	230	191	1143	1741
FOLD	233	210	210	30519	30519	0	68124
RAIL	24	24	34	198
CORRELATION	233	195	1143	1741
FOLD	234	211	211	30663	30663	0	68314
RAIL	24	25	34	199
CORRELATION	234	195	1143	1741
FOLD	235	212	212	30810	30810	0	69370
RAIL	23	25	34	200
CORRELATION	237	200	1143	1741
FOLD	236	213	213	30954	30954	0	69565
RAIL	23	26	34	201
CORRELATION	238	200	1143	1741
FOLD	237	214	214	31101	31101	0	70065
RAIL	22	26	34	202
CORRELATION	241	204	1143	1741
FOLD	238	215	215	31245	31245	0	70258
RAIL	22	27	34	203
CORRELATION	242	204	1143	1741
FOLD	239	216	216	31392	31392	0	70495
RAIL	21	27	34	204
CORRELATION	245	204	1143	1741
FOLD	240	217	217	31536	31536	0	70748
RAIL	21	28	34	205
CORRELATION	246	206	1143	1741
FOLD	241	218	218	31683	31683	0	71156
RAIL	6	42	34	206
CORRELATION	247	208	1143	1741
FOLD	244	219	219	31830	31830	0	71700
RAIL	7	41	35	208
CORRELATION	251	211	1143	1741
FOLD	247	220	220	31977	31977	0	72224
RAIL	8	40	36	210
CORRELATION	255	215	1143	1741
FOLD	247	220	220	31977	31977	0	72392
RAIL	8	40	36	211
CORRELATION	256	215	1143	1741
FOLD	248	221	221	32121	32121	0	72409
RAIL	18	30	36	211
CORRELATION	257	215	1143	1741
FOLD	249	222	222	32265	32265	0	72592
RAIL	18	31	36	212
CORRELATION	258	215	1143	1741
FOLD	250	223	223	32412	32412	0	73021
RAIL	9	39	36	213
CORRELATION	259	217	1143	1741
FOLD	253	224	224	32559	32559	0	73718
RAIL	10	38	37	215
CORRELATION	263	219	1143	1741
FOLD	256	225	225	32706	32706	0	74362
RAIL	16	33	38	217
CORRELATION	266	222	1143	1741
FOLD	257	226	226	32853	32853	0	74655
RAIL	11	37	38	218
CORRELATION	267	222	1143	1741
FOLD	258	227	227	32997	32997	0	75107
RAIL	11	38	38	219
CORRELATION	268	225	1143	1741
FOLD	259	228	228	33144	33144	0	75341
RAIL	15	33	38	220
CORRELATION	269	225	1143	1741
FOLD	260	229	229	33288	33288	0	75674
RAIL	15	34	38	221
CORRELATION	270	227	1143	1741
FOLD	261	230	230	33435	33435	0	75988
RAIL	12	36	38	222
CORRELATION	271	229	1143	1741
FOLD	262	231	231	33579	33579	0	76237
RAIL	12	37	38	223
CORRELATION	272	229	1143	1741
FOLD	265	232	232	33723	33723	0	77415
RAIL	13	35	39	225
CORRELATION	275	233	1143	1741
FOLD	266	233	233	33867	33867	0	77686
RAIL	13	36	39	226
CORRELATION	276	233	1143	1741
FOLD	269	234	234	34011	34011	0	78494
RAIL	23	25	40	228
CORRELATION	283	240	1143	1741
FOLD	270	235	235	34155	34155	0	78784
RAIL	23	26	40	229
CORRELATION	284	240	1143	1741
FOLD	271	236	236	34302	34302	0	79212
RAIL	22	26	40	230
CORRELATION	287	242	1143	1741
FOLD	272	237	237	34446	34446	0	79656
RAIL	22	27	40	231
CORRELATION	288	245	1143	1741
FOLD	273	238	238	34593	34593	0	79965
RAIL	21	27	40	232
CORRELATION	291	246	1143	1741
FOLD	274	239	239	34737	34737	0	81133
RAIL	21	28	40	233
CORRELATION	292	247	1143	1741
FOLD	275	240	240	34884	34884	0	81501
RAIL	20	28	40	234
CORRELATION	295	250	1143	1741
FOLD	276	241	241	35028	35028	0	81789
RAIL	20	29	40	235
CORRELATION	296	252	1143	1741
FOLD	277	242	242	35175	35175	0	82157
RAIL	7	41	40	236
CORRELATION	297	254	1143	1741
FOLD	280	243	243	35322	35322	0	82951
RAIL	8	40	41	238
CORRELATION	301	257	1143	1741
FOLD	283	244	244	35469	35469	0	84072
RAIL	9	39	42	240
CORRELATION	305	264	1143	1741
FOLD	284	245	245	35613	35613	0	84284
RAIL	17	31	42	241
CORRELATION	307	264	1143	1741
FOLD	285	246	246	35757	35757	0	84515
RAIL	17	32	42	242
CORRELATION	308	264	1143	1741
FOLD	286	247	247	35904	35904	0	84722
RAIL	10	38	42	243
CORRELATION	309	264	1143	1741
FOLD	295	248	248	36048	36048	0	86975
RAIL	12	37	46	248
CORRELATION	318	273	1143	1741
FOLD	296	249	249	36195	36195	0	87282
RAIL	14	34	46	249
CORRELATION	319	275	1143	1741
FOLD	297	250	250	36339	36339	0	87510
RAIL	14	35	46	250
CORRELATION	320	275	1143	1741
FOLD	302	251	251	36480	36480	0	88823
RAIL	23	25	48	253
CORRELATION	329	285	1143	1741
FOLD	303	252	252	36624	36624	0	89040
RAIL	23	26	48	254
CORRELATION	330	285	1143	1741
FOLD	304	253	253	36771	36771	0	89639
RAIL	22	26	48	255
CORRELATION	333	290	1143	1741
FOLD	305	254	254	36915	36915	0	89888
RAIL	22	27	48	256
CORRELATION	334	290	1143	1741
FOLD	306	255	255	37062	37062	0	90108
RAIL	21	27	48	257
CORRELATION	337	290	1143	1741
FOLD	307	256	256	37206	37206	0	90317
RAIL	21	28	48	258
CORRELATION	338	290	1143	1741
FOLD	308	257	257	37353	37353	0	90665
RAIL	20	28	48	259
CORRELATION	341	291	1143	1741
FOLD	309	258	258	37497	37497	0	90883
RAIL	20	29	48	260
CORRELATION	342	291	1143	1741
FOLD	310	259	259	37644	37644	0	91120
RAIL	7	41	48	261
CORRELATION	343	291	1143	1741
FOLD	311	260	260	37788	37788	0	91385
RAIL	19	29	48	262
CORRELATION	345	292	1143	1741
FOLD	312	261	261	37932	37932	0	92213
RAIL	19	30	48	263
CORRELATION	346	296	1143	1741
FOLD	313	262	262	38079	38079	0	92444
RAIL	8	40	48	264
CORRELATION	347	296	1143	1741
FOLD	316	263	263	38226	38226	0	93048
RAIL	9	39	49	266
CORRELATION	351	299	1143	1741
FOLD	319	264	264	38373	38373	0	93713
RAIL	10	38	50	268
CORRELATION	355	303	1143	1741
FOLD	320	265	265	38517	38517	0	93945
RAIL	10	39	50	269
CORRELATION	356	303	1143	1741
FOLD	323	266	266	38661	38661	0	94995
RAIL	11	37	51	271
CORRELATION	359	309	1143	1741
FOLD	336	267	267	38799	38799	0	98044
RAIL	23	26	57	278
CORRELATION	376	327	1143	1741
FOLD	337	268	268	38946	38946	0	98363
RAIL	22	26	57	279
CORRELATION	379	327	1143	1741
FOLD	338	269	269	39090	39090	0	98820
RAIL	22	27	57	280
CORRELATION	380	330	1143	1741
FOLD	339	270	270	39237	39237	0	99295
RAIL	21	27	57	281
CORRELATION	383	332	1143	1741
FOLD	340	271	271	39381	39381	0	99649
RAIL	21	28	57	282
CORRELATION	384	334	1143	1741
FOLD	341	272	272	39528	39528	0	100432
RAIL	20	28	57	283
CORRELATION	387	338	1143	1741
FOLD	342	273	273	39672	39672	0	100631
RAIL	20	29	57	284
CORRELATION	388	338	1143	1741
FOLD	343	274	274	39819	39819	0	100837
RAIL	7	41	57	285
CORRELATION	389	339	1143	1741
FOLD	344	275	275	39963	39963	0	101004
RAIL	19	29	57	286
CORRELATION	391	339	1143	1741
FOLD	345	276	276	40107	40107	0	101250
RAIL	19	30	57	287
CORRELATION	392	339	1143	1741
FOLD	346	277	277	40254	40254	0	101745
RAIL	8	40	57	288
CORRELATION	393	341	1143	1741
FOLD	347	278	278	40398	40398	0	102164
RAIL	18	30	57	289
CORRELATION	395	343	1143	1741
FOLD	348	279	279	40542	40542	0	102563
RAIL	18	31	57	290
CORRELATION	396	345	1143	1741
FOLD	349	280	280	40689	40689	0	103093
RAIL	9	39	57	291
CORRELATION	397	348	1143	1741
FOLD	352	281	281	40836	40836	0	103667
RAIL	10	38	58	293
CORRELATION	401	349	1143	1741
FOLD	357	282	282	40980	40980	0	104893
RAIL	15	33	60	296
CORRELATION	407	356	1143	1741
FOLD	358	283	283	41124	41124	0	105081
RAIL	15	34	60	297
CORRELATION	408	356	1143	1741
FOLD	369	284	284	41268	41268	0	107378
RAIL	22	26	65	303
CORRELATION	425	369	1143	1741
FOLD	370	285	285	41412	41412	0	107682
RAIL	22	27	65	304
CORRELATION	426	371	1143	1741
FOLD	371	286	286	41559	41559	0	108147
RAIL	21	27	65	305
CORRELATION	429	373	1143	1741
FOLD	372	287	287	41703	41703	0	108395
RAIL	21	28	65	306
CORRELATION	430	373	1143	1741
FOLD	373	288	288	41850	41850	0	108931
RAIL	20	28	65	307
CORRELATION	433	378	1143	1741
FOLD	374	289	289	41994	41994	0	109159
RAIL	20	29	65	308
CORRELATION	434	378	1143	1741
FOLD	375	290	290	42141	42141	0	109400
RAIL	7	41	65	309
CORRELATION	435	378	1143	1741
FOLD	378	291	291	42288	42288	0	109960
RAIL	8	40	66	311
CORRELATION	439	380	1143	1741
FOLD	379	292	292	42432	42432	0	110291
RAIL	18	30	66	312
CORRELATION	441	381	1143	1741
FOLD	380	293	293	42576	42576	0	110513
RAIL	18	31	66	313
CORRELATION	442	381	1143	1741
FOLD	381	294	294	42723	42723	0	110818
RAIL	9	39	66	314
CORRELATION	443	382	1143	1741
FOLD	382	295	295	42867	42867	0	111244
RAIL	17	31	66	315
CORRELATION	445	385	1143	1741
FOLD	383	296	296	43011	43011	0	111535
RAIL	17	32	66	316
CORRELATION	446	385	1143	1741
FOLD	402	297	297	43152	43152	0	115781
RAIL	22	27	75	326
CORRELATION	472	405	1143	1741
FOLD	403	298	298	43299	43299	0	116425
RAIL	21	27	75	327
CORRELATION	475	408	1143	1741
FOLD	404	299	299	43443	43443	0	116988
RAIL	21	28	75	328
CORRELATION	476	410	1143	1741
FOLD	405	300	300	43590	43590	0	117311
RAIL	20	28	75	329
CORRELATION	479	410	1143	1741
FOLD	406	301	301	43734	43734	0	117666
RAIL	20	29	75	330
CORRELATION	480	413	1143	1741
FOLD	407	302	302	43881	43881	0	117904
RAIL	7	41	75	331
CORRELATION	481	413	1143	1741
FOLD	410	303	303	44028	44028	0	118685
RAIL	8	40	76	333
CORRELATION	485	419	1143	1741
FOLD	415	304	304	44169	44169	0	119699
RAIL	17	32	78	336
CORRELATION	492	425	1143	1741
FOLD	418	305	305	44310	44310	0	120577
RAIL	16	33	79	338
CORRELATION	496	430	1143	1741
FOLD	419	306	306	44457	44457	0	120801
RAIL	11	37	79	339
CORRELATION	497	430	1143	1741
FOLD	430	301	306	43728	44457	0	122621
RAIL	24	25	87	343
CORRELATION	512	444	1143	1741
FOLD	436	307	307	44601	44601	0	124475
RAIL	21	28	87	348
CORRELATION	522	455	1143	1741
FOLD	437	308	308	44748	44748	0	125027
RAIL	20	28	87	349
CORRELATION	525	459	1143	1741
FOLD	438	309	309	44892	44892	0	125251
RAIL	20	29	87	350
CORRELATION	526	459	1143	1741
FOLD	439	310	310	45039	45039	0	125493
RAIL	7	41	87	351
CORRELATION	527	459	1143	1741
FOLD	440	311	311	45183	45183	0	125724
RAIL	19	29	87	352
CORRELATION	529	459	1143	1741
FOLD	441	312	312	45327	45327	0	126307
RAIL	19	30	87	353
CORRELATION	530	462	1143	1741
FOLD	466	313	313	45468	45468	0	132850
RAIL	22	27	99	366
CORRELATION	564	496	1143	1741
FOLD	467	314	314	45615	45615	0	133269
RAIL	21	27	99	367
CORRELATION	567	499	1143	1741
FOLD	468	315	315	45759	45759	0	133722
RAIL	21	28	99	368
CORRELATION	568	500	1143	1741
FOLD	469	316	316	45906	45906	0	134429
RAIL	20	28	99	369
CORRELATION	571	504	1143	1741
FOLD	470	317	317	46050	46050	0	134849
RAIL	20	29	99	370
CORRELATION	572	506	1143	1741
FOLD	477	318	318	46191	46191	0	136103
RAIL	9	39	102	374
CORRELATION	581	512	1143	1741
FOLD	498	319	319	46338	46338	0	141848
RAIL	22	27	112	385
CORRELATION	610	539	1143	1741
FOLD	512	315	319	45750	46338	0	145483
RAIL	10	38	121	390
CORRELATION	631	559	1143	1741
FOLD	535	320	320	46473	46473	0	154512
RAIL	19	29	130	404
CORRELATION	667	596	1143	1741
FOLD	773	292	320	42390	46473	0	225089
RAIL	22	26	263	510
CORRELATION	1024	922	1143	1741
FOLD	1024	287	320	41673	46473	0	298018
RAIL	17	31	391	632
CORRELATION	1411	1291	1143	1741
FOLD	1415	276	320	40065	46473	0	436888
RAIL	19	29	592	823
CORRELATION	2048	1877	1143	1741
FOLD	2048	241	320	34980	46473	0	669804
RAIL	22	26	926	1121
CORRELATION	3093	2846	1143	1741
FOLD	2616	245	320	35559	46473	0	885256
RAIL	13	35	1208	1408
CORRELATION	4096	3738	1143	1741
FOLD	4096	249	320	36138	46473	0	1552368
RAIL	24	25	1946	2149
CORRELATION	6766	6198	1143	1741
FOLD	4839	218	320	31626	46473	0	1932318
RAIL	24	24	2333	2506
CORRELATION	8192	7520	1143	1741
FOLD	8192	211	320	30636	46473	0	4037602
RAIL	20	29	4013	4178
CORRELATION	14832	13693	1143	1741
FOLD	8933	204	320	29613	46473	0	4644426
RAIL	23	25	4387	4546
CORRELATION	16384	15179	1143	1741
FOLD	16384	185	320	26844	46473	0	11513301
RAIL	13	35	8122	8261
CORRELATION	32705	30578	1143	1741
FOLD	16411	194	320	28155	46473	0	11548036
RAIL	21	27	8131	8280
CORRELATION	32768	30643	1143	1741
FOLD	29945	186	320	26979	46473	0	33778895
RAIL	17	31	14903	15042
CORRELATION	65536	61663	1143	1741
FOLD	32768	183	320	26532	46473	0	40067587
RAIL	19	30	16315	16452
CORRELATION	72750	68408	1143	1741
