INPUT	877600487917	40	20	204
FRAME	1	0	1	1	28
FOLD	1	1	1	120	120	0	52
RAIL	2	38	0	0
FOLD	2	1	1	123	123	0	67
RAIL	2	39	1	0
FOLD	4	3	3	363	363	0	972
RAIL	20	21	2	1
FOLD	5	5	5	606	606	0	1359
RAIL	3	37	2	2
FOLD	8	7	7	849	849	0	2797
RAIL	19	22	4	3
FOLD	9	9	9	1092	1092	0	3168
RAIL	4	36	4	4
FOLD	12	11	11	1335	1335	0	5204
RAIL	18	23	6	5
FOLD	13	13	13	1578	1578	0	5570
RAIL	5	35	6	6
FOLD	14	15	15	1821	1821	0	6175
RAIL	5	36	6	7
FOLD	15	17	17	2064	2064	0	6656
RAIL	17	23	6	8
FOLD	16	19	19	2307	2307	0	7742
RAIL	17	24	6	9
FOLD	17	21	21	2550	2550	0	8274
RAIL	6	34	6	10
FOLD	18	23	23	2793	2793	0	9112
RAIL	6	35	6	11
FOLD	19	25	25	3036	3036	0	9612
RAIL	16	24	6	12
FOLD	20	27	27	3279	3279	0	11044
RAIL	16	25	6	13
FOLD	21	29	29	3522	3522	0	11752
RAIL	7	33	6	14
FOLD	22	31	31	3765	3765	0	12677
RAIL	7	34	6	15
FOLD	23	33	33	4008	4008	0	13293
RAIL	15	25	6	16
FOLD	24	35	35	4251	4251	0	14344
RAIL	15	26	6	17
FOLD	25	37	37	4494	4494	0	14912
RAIL	8	32	6	18
FOLD	26	39	39	4737	4737	0	15909
RAIL	8	33	6	19
FOLD	27	41	41	4980	4980	0	16525
RAIL	14	26	6	20
FOLD	28	43	43	5223	5223	0	17839
RAIL	14	27	6	21
FOLD	29	45	45	5466	5466	0	18625
RAIL	9	31	6	22
FOLD	30	47	47	5709	5709	0	19867
RAIL	9	32	6	23
FOLD	31	49	49	5952	5952	0	20381
RAIL	13	27	6	24
FOLD	32	51	51	6195	6195	0	21417
RAIL	13	28	6	25
FOLD	33	53	53	6438	6438	0	21875
RAIL	10	30	6	26
FOLD	34	55	55	6681	6681	0	22602
RAIL	10	31	6	27
FOLD	35	57	57	6924	6924	0	22931
RAIL	12	28	6	28
FOLD	36	59	59	7167	7167	0	23759
RAIL	12	29	6	29
FOLD	37	61	61	7410	7410	0	24183
RAIL	11	29	6	30
FOLD	38	63	63	7653	7653	0	24985
RAIL	11	30	6	31
FOLD	39	64	64	7776	7776	0	25315
RAIL	20	20	6	32
FOLD	40	65	65	7896	7896	0	26277
RAIL	20	20	6	33
FOLD	41	66	66	8016	8016	0	27001
RAIL	20	20	6	34
FOLD	42	67	67	8136	8136	0	27709
RAIL	20	20	6	35
FOLD	43	68	68	8256	8256	0	28825
RAIL	20	21	6	36
FOLD	44	69	69	8379	8379	0	29691
RAIL	20	20	6	37
FOLD	45	70	70	8499	8499	0	30712
RAIL	20	20	6	38
FOLD	46	71	71	8619	8619	0	31362
RAIL	20	20	6	39
FOLD	47	72	72	8739	8739	0	31985
RAIL	19	21	6	40
FOLD	48	73	73	8859	8859	0	32968
RAIL	20	20	6	41
FOLD	49	74	74	8979	8979	0	33570
RAIL	19	22	6	42
FOLD	50	75	75	9102	9102	0	34617
RAIL	20	20	6	43
FOLD	51	76	76	9222	9222	0	35232
RAIL	20	20	6	44
FOLD	52	77	77	9342	9342	0	35925
RAIL	20	20	6	45
FOLD	53	78	78	9462	9462	0	36548
RAIL	18	22	6	46
FOLD	54	79	79	9582	9582	0	37234
RAIL	20	20	6	47
FOLD	55	80	80	9702	9702	0	38496
RAIL	18	23	6	48
FOLD	56	81	81	9825	9825	0	39611
RAIL	20	20	6	49
FOLD	64	79	81	9585	9825	0	43778
RAIL	20	20	11	52
FOLD	75	82	82	9951	9951	0	53138
RAIL	7	34	15	59
FOLD	76	83	83	10074	10074	0	54267
RAIL	20	20	15	60
FOLD	77	84	84	10194	10194	0	56301
RAIL	15	25	15	61
FOLD	78	85	85	10314	10314	0	57000
RAIL	20	20	15	62
FOLD	79	86	86	10434	10434	0	60094
RAIL	15	26	15	63
FOLD	80	87	87	10557	10557	0	61439
RAIL	20	20	15	64
FOLD	85	88	88	10680	10680	0	64809
RAIL	14	26	17	67
FOLD	86	89	89	10800	10800	0	66120
RAIL	20	20	17	68
FOLD	91	90	90	10923	10923	0	69773
RAIL	9	32	19	71
FOLD	92	91	91	11046	11046	0	70958
RAIL	20	20	19	72
FOLD	93	92	92	11166	11166	0	74638
RAIL	13	27	19	73
FOLD	94	93	93	11286	11286	0	75939
RAIL	20	20	19	74
FOLD	99	94	94	11409	11409	0	80206
RAIL	10	31	21	77
FOLD	100	95	95	11532	11532	0	81461
RAIL	20	20	21	78
FOLD	105	96	96	11655	11655	0	85112
RAIL	11	29	23	81
FOLD	106	97	97	11775	11775	0	86255
RAIL	20	20	23	82
FOLD	107	98	98	11895	11895	0	87500
RAIL	11	30	23	83
FOLD	108	99	99	12018	12018	0	88730
RAIL	20	20	23	84
FOLD	109	100	100	12138	12138	0	90878
RAIL	20	20	23	85
FOLD	110	101	101	12258	12258	0	92288
RAIL	20	20	23	86
FOLD	119	102	102	12384	12384	0	97784
RAIL	20	20	27	91
FOLD	126	103	103	12507	12507	0	102055
RAIL	5	35	30	95
FOLD	128	103	103	12507	12507	0	103251
RAIL	5	36	31	96
FOLD	149	104	104	12627	12627	0	115708
RAIL	20	20	41	107
FOLD	150	105	105	12747	12747	0	116733
RAIL	8	32	41	108
FOLD	151	106	106	12867	12867	0	117418
RAIL	20	20	41	109
FOLD	152	107	107	12987	12987	0	118081
RAIL	8	33	41	110
FOLD	153	108	108	13110	13110	0	119956
RAIL	20	20	41	111
FOLD	158	109	109	13233	13233	0	123630
RAIL	9	31	43	114
FOLD	159	110	110	13353	13353	0	124405
RAIL	20	20	43	115
FOLD	164	111	111	13476	13476	0	128458
RAIL	13	28	45	118
FOLD	165	112	112	13599	13599	0	129114
RAIL	20	20	45	119
FOLD	166	113	113	13719	13719	0	129855
RAIL	10	30	45	120
FOLD	167	114	114	13839	13839	0	130604
RAIL	20	20	45	121
FOLD	172	115	115	13962	13962	0	134327
RAIL	12	29	47	124
FOLD	173	116	116	14085	14085	0	134985
RAIL	20	20	47	125
FOLD	178	117	117	14208	14208	0	138699
RAIL	20	20	49	128
FOLD	179	118	118	14328	14328	0	139721
RAIL	20	20	49	129
FOLD	182	119	119	14451	14451	0	141884
RAIL	20	20	50	131
FOLD	187	120	120	14571	14571	0	143953
RAIL	19	22	52	134
FOLD	188	121	121	14694	14694	0	144668
RAIL	20	20	52	135
FOLD	197	122	122	14817	14817	0	148471
RAIL	17	23	56	140
FOLD	198	123	123	14937	14937	0	149122
RAIL	20	20	56	141
FOLD	199	124	124	15057	15057	0	150284
RAIL	17	24	56	142
FOLD	200	125	125	15180	15180	0	151006
RAIL	20	20	56	143
FOLD	223	126	126	15300	15300	0	165729
RAIL	20	20	67	155
FOLD	228	127	127	15423	15423	0	169548
RAIL	13	27	69	158
FOLD	229	128	128	15543	15543	0	170260
RAIL	20	20	69	159
FOLD	234	129	129	15666	15666	0	174424
RAIL	10	31	71	162
FOLD	235	130	130	15789	15789	0	176914
RAIL	20	20	71	163
FOLD	236	131	131	15909	15909	0	177686
RAIL	12	28	71	164
FOLD	237	132	132	16029	16029	0	178347
RAIL	20	20	71	165
FOLD	244	133	133	16155	16155	0	184075
RAIL	20	20	74	169
FOLD	245	134	134	16275	16275	0	184886
RAIL	20	20	74	170
FOLD	246	135	135	16395	16395	0	185721
RAIL	20	20	74	171
FOLD	247	136	136	16515	16515	0	186825
RAIL	20	21	74	172
FOLD	248	137	137	16638	16638	0	187659
RAIL	20	20	74	173
FOLD	249	138	138	16758	16758	0	188898
RAIL	20	20	74	174
FOLD	250	139	139	16878	16878	0	189830
RAIL	20	20	74	175
FOLD	255	140	140	17001	17001	0	192267
RAIL	20	20	76	178
FOLD	256	139	140	16881	17001	0	192275
RAIL	20	20	77	178
FOLD	260	141	141	17124	17124	0	195032
RAIL	20	20	78	181
FOLD	267	142	142	17247	17247	0	199057
RAIL	20	20	81	185
FOLD	268	143	143	17367	17367	0	200300
RAIL	6	35	81	186
FOLD	273	144	144	17487	17487	0	204883
RAIL	20	20	83	189
FOLD	278	145	145	17610	17610	0	207432
RAIL	15	25	85	192
FOLD	279	146	146	17730	17730	0	208478
RAIL	20	20	85	193
FOLD	280	147	147	17850	17850	0	209295
RAIL	15	26	85	194
FOLD	281	148	148	17973	17973	0	210234
RAIL	20	20	85	195
FOLD	300	149	149	18093	18093	0	219432
RAIL	10	31	94	205
FOLD	301	150	150	18216	18216	0	220140
RAIL	20	20	94	206
FOLD	306	151	151	18339	18339	0	222215
RAIL	11	29	96	209
FOLD	307	152	152	18459	18459	0	222832
RAIL	20	20	96	210
FOLD	308	153	153	18579	18579	0	223692
RAIL	11	30	96	211
FOLD	309	154	154	18702	18702	0	224348
RAIL	20	20	96	212
FOLD	318	155	155	18825	18825	0	228601
RAIL	20	20	100	217
FOLD	321	156	156	18948	18948	0	230776
RAIL	20	20	101	219
FOLD	326	157	157	19071	19071	0	232781
RAIL	20	20	103	222
FOLD	327	158	158	19191	19191	0	233689
RAIL	20	20	103	223
FOLD	334	159	159	19314	19314	0	237871
RAIL	20	20	106	227
FOLD	335	160	160	19434	19434	0	238572
RAIL	16	24	106	228
FOLD	336	161	161	19554	19554	0	239273
RAIL	20	20	106	229
FOLD	337	162	162	19674	19674	0	240316
RAIL	16	25	106	230
FOLD	338	163	163	19797	19797	0	241017
RAIL	20	20	106	231
FOLD	351	164	164	19920	19920	0	248518
RAIL	14	26	112	238
FOLD	352	165	165	20040	20040	0	249185
RAIL	20	20	112	239
FOLD	361	166	166	20160	20160	0	253364
RAIL	13	28	116	244
FOLD	362	167	167	20283	20283	0	254068
RAIL	20	20	116	245
FOLD	375	168	168	20406	20406	0	259771
RAIL	20	20	122	252
FOLD	382	169	169	20529	20529	0	265615
RAIL	19	21	125	256
FOLD	383	170	170	20649	20649	0	266336
RAIL	20	20	125	257
FOLD	388	171	171	20772	20772	0	269210
RAIL	18	22	127	260
FOLD	389	172	172	20892	20892	0	269959
RAIL	20	20	127	261
FOLD	396	173	173	21015	21015	0	273886
RAIL	17	24	130	265
FOLD	397	174	174	21138	21138	0	274597
RAIL	20	20	130	266
FOLD	410	175	175	21258	21258	0	284667
RAIL	15	26	136	273
FOLD	411	176	176	21381	21381	0	285420
RAIL	20	20	136	274
FOLD	412	177	177	21501	21501	0	286224
RAIL	8	32	136	275
FOLD	417	178	178	21618	21618	0	289693
RAIL	20	20	138	278
FOLD	418	179	179	21738	21738	0	290625
RAIL	14	27	138	279
FOLD	419	180	180	21861	21861	0	291337
RAIL	20	20	138	280
FOLD	424	181	181	21984	21984	0	293828
RAIL	13	27	140	283
FOLD	425	182	182	22104	22104	0	294525
RAIL	20	20	140	284
FOLD	450	183	183	22230	22230	0	309965
RAIL	20	20	152	297
FOLD	459	184	184	22353	22353	0	316167
RAIL	17	23	156	302
FOLD	460	185	185	22473	22473	0	316822
RAIL	20	20	156	303
FOLD	461	186	186	22593	22593	0	317798
RAIL	17	24	156	304
FOLD	462	187	187	22716	22716	0	318459
RAIL	20	20	156	305
FOLD	463	188	188	22836	22836	0	319197
RAIL	20	20	156	306
FOLD	468	189	189	22959	22959	0	323300
RAIL	20	20	158	309
FOLD	475	190	190	23082	23082	0	329356
RAIL	8	32	161	313
FOLD	494	191	191	23205	23205	0	342502
RAIL	20	20	170	323
FOLD	495	192	192	23325	23325	0	343343
RAIL	12	28	170	324
FOLD	512	189	192	22962	23325	0	355750
RAIL	19	22	180	331
FOLD	520	193	193	23448	23448	0	362253
RAIL	20	20	182	337
FOLD	521	194	194	23568	23568	0	363060
RAIL	20	20	182	338
FOLD	526	195	195	23691	23691	0	365403
RAIL	20	20	184	341
FOLD	531	196	196	23814	23814	0	367451
RAIL	20	20	186	344
FOLD	532	197	197	23934	23934	0	368142
RAIL	20	20	186	345
FOLD	537	198	198	24057	24057	0	370691
RAIL	20	20	188	348
FOLD	542	199	199	24180	24180	0	372652
RAIL	14	26	190	351
FOLD	543	200	200	24300	24300	0	373300
RAIL	20	20	190	352
FOLD	544	201	201	24420	24420	0	374092
RAIL	14	27	190	353
FOLD	545	202	202	24543	24543	0	374736
RAIL	20	20	190	354
FOLD	546	203	203	24663	24663	0	375782
RAIL	9	31	190	355
FOLD	587	204	204	24783	24783	0	407660
RAIL	17	24	210	376
FOLD	588	205	205	24906	24906	0	410482
RAIL	20	20	210	377
FOLD	589	206	206	25026	25026	0	411208
RAIL	20	20	210	378
FOLD	594	207	207	25149	25149	0	414985
RAIL	20	20	212	381
FOLD	599	208	208	25269	25269	0	417413
RAIL	15	26	214	384
FOLD	600	209	209	25392	25392	0	418117
RAIL	20	20	214	385
FOLD	605	210	210	25515	25515	0	420527
RAIL	14	26	216	388
FOLD	650	211	211	25638	25638	0	448551
RAIL	17	24	238	411
FOLD	651	212	212	25761	25761	0	449227
RAIL	20	20	238	412
FOLD	658	213	213	25884	25884	0	452788
RAIL	20	20	241	416
FOLD	659	214	214	26004	26004	0	453828
RAIL	20	20	241	417
FOLD	712	215	215	26127	26127	0	489985
RAIL	20	20	267	444
FOLD	713	216	216	26247	26247	0	491995
RAIL	17	24	267	445
FOLD	714	217	217	26370	26370	0	492670
RAIL	20	20	267	446
FOLD	715	218	218	26490	26490	0	493372
RAIL	20	20	267	447
FOLD	772	219	219	26610	26610	0	521052
RAIL	20	20	295	476
FOLD	1024	197	219	23937	26610	0	654903
RAIL	17	23	432	591
FOLD	2048	161	219	19566	26610	0	1218769
RAIL	20	20	962	1085
FOLD	3454	155	219	18840	26610	0	1986494
RAIL	20	20	1668	1785
FRAME	20	19	1	3	1986988
RESULT	closed	933551	940067	1986994	693	1	1	197	505
