INPUT	140780242496439158415951380176012899598281849499616379408737783997433618715254848608218805570829442243428767892752670243539044274024820507549521180092718862095731340615304181423391107194804417968567632660042779198453535410537838193859702376129614723818089429306554189733962280442275876514148029233758736642483	1024	527	5124
FRAME	1	0	1	1	33
FOLD	0	0	0	0	0	0	330
RAIL	0	0	0	0
CORRELATION	0	0	0	0
SQUARE	1	1029
FOLD	0	0	0	0	0	0	422
RAIL	0	0	0	0
CORRELATION	0	0	0	0
SQUARE	2	1801
FOLD	0	0	0	0	0	0	510
RAIL	0	0	0	0
CORRELATION	0	0	0	0
SQUARE	4	1802
FOLD	0	0	0	0	0	0	674
RAIL	0	0	0	0
CORRELATION	0	0	0	0
SQUARE	8	1805
FOLD	0	0	0	0	0	0	967
RAIL	0	0	0	0
CORRELATION	0	0	0	0
SQUARE	16	1807
FOLD	0	0	0	0	0	0	1537
RAIL	0	0	0	0
CORRELATION	0	0	0	0
SQUARE	32	1810
FOLD	0	0	0	0	0	0	2727
RAIL	0	0	0	0
CORRELATION	0	0	0	0
SQUARE	64	1812
FOLD	0	0	0	0	0	0	5090
RAIL	0	0	0	0
CORRELATION	0	0	0	0
SQUARE	128	1815
FOLD	0	0	0	0	0	0	9668
RAIL	0	0	0	0
CORRELATION	0	0	0	0
SQUARE	256	1817
FOLD	0	0	0	0	0	0	19625
RAIL	0	0	0	0
CORRELATION	0	0	0	0
SQUARE	512	1820
FOLD	0	0	0	0	0	0	39545
RAIL	0	0	0	0
CORRELATION	0	0	0	0
SQUARE	1024	1822
FOLD	1	1	1	3072	3072	0	39583
RAIL	2	1022	0	0
CORRELATION	0	0	0	0
SQUARE	1024	1822
FOLD	1	1	1	3072	3072	0	79202
RAIL	2	1022	1	0
CORRELATION	0	0	0	0
SQUARE	2048	1825
FOLD	2	1	1	3075	3075	0	79234
RAIL	2	1023	1	0
CORRELATION	0	0	0	0
SQUARE	2048	1825
FOLD	3	1	1	3072	3075	0	207062
RAIL	512	512	2	1
CORRELATION	1	0	524276	786930
SQUARE	3072	1827
FOLD	4	2	2	6144	6144	0	207086
RAIL	512	512	2	1
CORRELATION	1	0	524276	786930
SQUARE	3072	1827
FOLD	4	2	2	6144	6144	0	271578
RAIL	512	512	2	2
CORRELATION	1	0	524276	786930
SQUARE	4096	1827
FOLD	5	4	4	12291	12291	0	271608
RAIL	512	513	2	2
CORRELATION	1	0	524276	786930
SQUARE	4096	1827
FOLD	5	4	4	12291	12291	0	278039
RAIL	512	513	2	3
CORRELATION	2	0	524276	786930
SQUARE	4096	1827
FOLD	6	5	5	15366	15366	0	278055
RAIL	512	513	2	3
CORRELATION	2	0	524276	786930
SQUARE	4096	1827
FOLD	7	7	7	21513	21513	0	324800
RAIL	3	1021	2	4
CORRELATION	2	0	524276	786930
SQUARE	5120	1830
FOLD	8	7	7	21516	21516	0	367679
RAIL	3	1022	3	4
CORRELATION	3	0	524276	786930
SQUARE	6144	1830
FOLD	8	7	7	21516	21516	0	368906
RAIL	3	1022	4	4
CORRELATION	4	0	524276	786930
SQUARE	6144	1830
FOLD	10	8	8	24585	24585	0	412774
RAIL	511	513	4	5
CORRELATION	5	0	524276	786930
SQUARE	7168	1830
FOLD	10	8	8	24585	24585	0	454955
RAIL	511	513	4	6
CORRELATION	5	0	524276	786930
SQUARE	8192	1830
FOLD	11	10	10	30732	30732	0	454984
RAIL	511	514	4	6
CORRELATION	5	0	524276	786930
SQUARE	8192	1830
FOLD	12	11	11	33807	33807	0	461991
RAIL	511	514	4	7
CORRELATION	6	0	524276	786930
SQUARE	8192	1830
FOLD	13	13	13	39954	39954	0	508841
RAIL	4	1020	4	8
CORRELATION	6	0	524276	786930
SQUARE	9216	1830
FOLD	14	13	13	39957	39957	0	553906
RAIL	4	1021	6	8
CORRELATION	8	0	524276	786930
SQUARE	10240	1832
FOLD	16	14	14	43026	43026	0	612680
RAIL	510	514	6	9
CORRELATION	9	0	524276	786930
SQUARE	11264	1832
FOLD	17	16	16	49173	49173	0	674390
RAIL	510	515	6	10
CORRELATION	9	0	524276	786930
SQUARE	12288	1832
FOLD	18	17	17	52248	52248	0	681246
RAIL	510	515	6	11
CORRELATION	10	0	524276	786930
SQUARE	12288	1832
FOLD	19	19	19	58395	58395	0	740219
RAIL	5	1019	6	12
CORRELATION	10	0	524276	786930
SQUARE	13312	1832
FOLD	20	20	20	61467	61467	0	749354
RAIL	5	1019	6	13
CORRELATION	11	0	524276	786930
SQUARE	13312	1832
FOLD	22	21	21	64545	64545	0	805861
RAIL	5	1020	7	14
CORRELATION	12	0	524276	786930
SQUARE	14336	1832
FOLD	24	22	22	67614	67614	0	853739
RAIL	509	515	8	15
CORRELATION	13	0	524276	786930
SQUARE	15360	1832
FOLD	24	22	22	67614	67614	0	901952
RAIL	509	515	8	16
CORRELATION	13	0	524276	786930
SQUARE	16384	1832
FOLD	25	24	24	73761	73761	0	901982
RAIL	509	516	8	16
CORRELATION	13	0	524276	786930
SQUARE	16384	1832
FOLD	26	25	25	76836	76836	0	909049
RAIL	509	516	8	17
CORRELATION	14	0	524276	786930
SQUARE	16384	1832
FOLD	27	27	27	82983	82983	0	968716
RAIL	6	1018	8	18
CORRELATION	14	0	524276	786930
SQUARE	17408	1832
FOLD	28	28	28	86055	86055	0	974022
RAIL	6	1018	8	19
CORRELATION	15	0	524276	786930
SQUARE	17408	1832
FOLD	29	28	28	86058	86058	0	1033646
RAIL	6	1019	9	20
CORRELATION	16	0	524276	786930
SQUARE	18432	1832
FOLD	30	29	29	89133	89133	0	1033676
RAIL	6	1019	9	20
CORRELATION	16	0	524276	786930
SQUARE	18432	1832
FOLD	31	31	31	95280	95280	0	1090349
RAIL	508	516	9	21
CORRELATION	16	0	524276	786930
SQUARE	19456	1835
FOLD	32	32	32	98352	98352	0	1095579
RAIL	508	516	9	22
CORRELATION	17	0	524276	786930
SQUARE	19456	1835
FOLD	33	34	34	104499	104499	0	1143128
RAIL	508	517	9	23
CORRELATION	17	0	524276	786930
SQUARE	20480	1835
FOLD	34	35	35	107574	107574	0	1148816
RAIL	508	517	9	24
CORRELATION	18	0	524276	786930
SQUARE	20480	1835
FOLD	35	37	37	113721	113721	0	1196216
RAIL	7	1017	9	25
CORRELATION	18	0	524276	786930
SQUARE	21504	1835
FOLD	36	38	38	116793	116793	0	1200208
RAIL	7	1017	9	26
CORRELATION	19	0	524276	786930
SQUARE	21504	1835
FOLD	37	40	40	122940	122940	0	1246989
RAIL	7	1018	9	27
CORRELATION	19	0	524276	786930
SQUARE	22528	1835
FOLD	38	41	41	126015	126015	0	1250885
RAIL	7	1018	9	28
CORRELATION	20	0	524276	786930
SQUARE	22528	1835
FOLD	39	43	43	132162	132162	0	1297588
RAIL	507	517	9	29
CORRELATION	20	0	524276	786930
SQUARE	23552	1835
FOLD	40	44	44	135234	135234	0	1303784
RAIL	507	517	9	30
CORRELATION	21	0	524276	786930
SQUARE	23552	1835
FOLD	41	46	46	141381	141381	0	1352888
RAIL	507	518	9	31
CORRELATION	21	0	524276	786930
SQUARE	24576	1835
FOLD	42	47	47	144456	144456	0	1358198
RAIL	507	518	9	32
CORRELATION	22	0	524276	786930
SQUARE	24576	1835
FOLD	43	49	49	150603	150603	0	1403117
RAIL	8	1016	9	33
CORRELATION	22	0	524276	786930
SQUARE	25600	1835
FOLD	44	50	50	153675	153675	0	1407225
RAIL	8	1016	9	34
CORRELATION	23	0	524276	786930
SQUARE	25600	1835
FOLD	45	52	52	159822	159822	0	1449348
RAIL	8	1017	9	35
CORRELATION	23	0	524276	786930
SQUARE	26624	1835
FOLD	46	53	53	162897	162897	0	1453432
RAIL	8	1017	9	36
CORRELATION	24	0	524276	786930
SQUARE	26624	1835
FOLD	47	55	55	169044	169044	0	1499411
RAIL	506	518	9	37
CORRELATION	24	0	524276	786930
SQUARE	27648	1835
FOLD	48	56	56	172116	172116	0	1504717
RAIL	506	518	9	38
CORRELATION	25	0	524276	786930
SQUARE	27648	1835
FOLD	49	58	58	178263	178263	0	1551732
RAIL	506	519	9	39
CORRELATION	25	0	524276	786930
SQUARE	28672	1835
FOLD	50	59	59	181338	181338	0	1556827
RAIL	506	519	9	40
CORRELATION	26	0	524276	786930
SQUARE	28672	1835
FOLD	51	61	61	187485	187485	0	1605384
RAIL	9	1015	9	41
CORRELATION	26	0	524276	786930
SQUARE	29696	1835
FOLD	52	62	62	190557	190557	0	1610132
RAIL	9	1015	9	42
CORRELATION	27	0	524276	786930
SQUARE	29696	1835
FOLD	53	64	64	196704	196704	0	1661223
RAIL	9	1016	9	43
CORRELATION	27	0	524276	786930
SQUARE	30720	1835
FOLD	54	65	65	199779	199779	0	1665235
RAIL	9	1016	9	44
CORRELATION	28	0	524276	786930
SQUARE	30720	1835
FOLD	55	67	67	205926	205926	0	1712166
RAIL	505	519	9	45
CORRELATION	28	0	524276	786930
SQUARE	31744	1835
FOLD	56	68	68	208998	208998	0	1717793
RAIL	505	519	9	46
CORRELATION	29	0	524276	786930
SQUARE	31744	1835
FOLD	56	68	68	208998	208998	0	1765318
RAIL	505	519	9	47
CORRELATION	29	0	524276	786930
SQUARE	32768	1835
FOLD	57	70	70	215145	215145	0	1765343
RAIL	505	520	9	47
CORRELATION	29	0	524276	786930
SQUARE	32768	1835
FOLD	58	71	71	218220	218220	0	1770727
RAIL	505	520	9	48
CORRELATION	30	0	524276	786930
SQUARE	32768	1835
FOLD	59	73	73	224367	224367	0	1814042
RAIL	10	1014	9	49
CORRELATION	30	0	524276	786930
SQUARE	33792	1835
FOLD	60	74	74	227439	227439	0	1818787
RAIL	10	1014	9	50
CORRELATION	31	0	524276	786930
SQUARE	33792	1835
FOLD	61	76	76	233586	233586	0	1858932
RAIL	10	1015	9	51
CORRELATION	31	0	524276	786930
SQUARE	34816	1835
FOLD	61	76	76	233586	233586	0	1862587
RAIL	10	1015	9	52
CORRELATION	32	0	524276	786930
SQUARE	34816	1835
FOLD	62	77	77	236661	236661	0	1862600
RAIL	10	1015	9	52
CORRELATION	32	0	524276	786930
SQUARE	34816	1835
FOLD	63	79	79	242808	242808	0	1903698
RAIL	504	520	9	53
CORRELATION	32	0	524276	786930
SQUARE	35840	1835
FOLD	64	80	80	245880	245880	0	1909110
RAIL	504	520	9	54
CORRELATION	33	0	524276	786930
SQUARE	35840	1835
FOLD	65	82	82	252027	252027	0	1950505
RAIL	504	521	9	55
CORRELATION	33	0	524276	786930
SQUARE	36864	1835
FOLD	66	83	83	255102	255102	0	1956599
RAIL	504	521	9	56
CORRELATION	34	0	524276	786930
SQUARE	36864	1835
FOLD	67	85	85	261249	261249	0	2003548
RAIL	11	1013	9	57
CORRELATION	34	0	524276	786930
SQUARE	37888	1837
FOLD	68	86	86	264321	264321	0	2007483
RAIL	11	1013	9	58
CORRELATION	35	0	524276	786930
SQUARE	37888	1837
FOLD	69	88	88	270468	270468	0	2046076
RAIL	11	1014	9	59
CORRELATION	35	0	524276	786930
SQUARE	38912	1837
FOLD	70	89	89	273543	273543	0	2050402
RAIL	11	1014	9	60
CORRELATION	36	0	524276	786930
SQUARE	38912	1837
FOLD	71	91	91	279690	279690	0	2089940
RAIL	503	521	9	61
CORRELATION	36	0	524276	786930
SQUARE	39936	1837
FOLD	72	92	92	282762	282762	0	2095277
RAIL	503	521	9	62
CORRELATION	37	0	524276	786930
SQUARE	39936	1837
FOLD	73	94	94	288909	288909	0	2135741
RAIL	503	522	9	63
CORRELATION	37	0	524276	786930
SQUARE	40960	1837
FOLD	74	95	95	291984	291984	0	2141653
RAIL	503	522	9	64
CORRELATION	38	0	524276	786930
SQUARE	40960	1837
FOLD	75	97	97	298131	298131	0	2182812
RAIL	12	1012	9	65
CORRELATION	38	0	524276	786930
SQUARE	41984	1837
FOLD	76	98	98	301203	301203	0	2186866
RAIL	12	1012	9	66
CORRELATION	39	0	524276	786930
SQUARE	41984	1837
FOLD	77	100	100	307350	307350	0	2231883
RAIL	12	1013	9	67
CORRELATION	39	0	524276	786930
SQUARE	43008	1837
FOLD	78	101	101	310425	310425	0	2236891
RAIL	12	1013	9	68
CORRELATION	40	0	524276	786930
SQUARE	43008	1837
FOLD	79	103	103	316572	316572	0	2282008
RAIL	502	522	9	69
CORRELATION	40	0	524276	786930
SQUARE	44032	1837
FOLD	80	104	104	319644	319644	0	2288508
RAIL	502	522	9	70
CORRELATION	41	0	524276	786930
SQUARE	44032	1837
FOLD	81	106	106	325791	325791	0	2334377
RAIL	502	523	9	71
CORRELATION	41	0	524276	786930
SQUARE	45056	1837
FOLD	82	107	107	328866	328866	0	2339702
RAIL	502	523	9	72
CORRELATION	42	0	524276	786930
SQUARE	45056	1837
FOLD	83	109	109	335013	335013	0	2390838
RAIL	13	1011	9	73
CORRELATION	42	0	524276	786930
SQUARE	46080	1837
FOLD	84	110	110	338085	338085	0	2395599
RAIL	13	1011	9	74
CORRELATION	43	0	524276	786930
SQUARE	46080	1837
FOLD	85	112	112	344232	344232	0	2435925
RAIL	13	1012	9	75
CORRELATION	43	0	524276	786930
SQUARE	47104	1837
FOLD	86	113	113	347307	347307	0	2439717
RAIL	13	1012	9	76
CORRELATION	44	0	524276	786930
SQUARE	47104	1837
FOLD	87	115	115	353454	353454	0	2480032
RAIL	501	523	9	77
CORRELATION	44	0	524276	786930
SQUARE	48128	1837
FOLD	88	116	116	356526	356526	0	2486612
RAIL	501	523	9	78
CORRELATION	45	0	524276	786930
SQUARE	48128	1837
FOLD	89	118	118	362673	362673	0	2535898
RAIL	501	524	9	79
CORRELATION	45	0	524276	786930
SQUARE	49152	1837
FOLD	90	119	119	365748	365748	0	2542153
RAIL	501	524	9	80
CORRELATION	46	0	524276	786930
SQUARE	49152	1837
FOLD	91	121	121	371895	371895	0	2586925
RAIL	14	1010	9	81
CORRELATION	46	0	524276	786930
SQUARE	50176	1837
FOLD	92	122	122	374967	374967	0	2591145
RAIL	14	1010	9	82
CORRELATION	47	0	524276	786930
SQUARE	50176	1837
FOLD	93	124	124	381114	381114	0	2634449
RAIL	14	1011	9	83
CORRELATION	47	0	524276	786930
SQUARE	51200	1837
FOLD	94	125	125	384189	384189	0	2639066
RAIL	14	1011	9	84
CORRELATION	48	0	524276	786930
SQUARE	51200	1837
FOLD	95	127	127	390336	390336	0	2683293
RAIL	500	524	9	85
CORRELATION	48	0	524276	786930
SQUARE	52224	1837
FOLD	96	128	128	393408	393408	0	2689622
RAIL	500	524	9	86
CORRELATION	49	0	524276	786930
SQUARE	52224	1837
FOLD	97	130	130	399555	399555	0	2730822
RAIL	500	525	9	87
CORRELATION	49	0	524276	786930
SQUARE	53248	1837
FOLD	98	131	131	402630	402630	0	2736847
RAIL	500	525	9	88
CORRELATION	50	0	524276	786930
SQUARE	53248	1837
FOLD	99	133	133	408777	408777	0	2776555
RAIL	15	1009	9	89
CORRELATION	50	0	524276	786930
SQUARE	54272	1837
FOLD	100	134	134	411849	411849	0	2781922
RAIL	15	1009	9	90
CORRELATION	51	0	524276	786930
SQUARE	54272	1837
FOLD	101	136	136	417996	417996	0	2817182
RAIL	15	1010	9	91
CORRELATION	51	0	524276	786930
SQUARE	55296	1837
FOLD	102	137	137	421071	421071	0	2821224
RAIL	15	1010	9	92
CORRELATION	52	0	524276	786930
SQUARE	55296	1837
FOLD	103	139	139	427218	427218	0	2858951
RAIL	499	525	9	93
CORRELATION	52	0	524276	786930
SQUARE	56320	1837
FOLD	104	140	140	430290	430290	0	2865013
RAIL	499	525	9	94
CORRELATION	53	0	524276	786930
SQUARE	56320	1837
FOLD	105	142	142	436437	436437	0	2905492
RAIL	499	526	9	95
CORRELATION	53	0	524276	786930
SQUARE	57344	1837
FOLD	106	143	143	439512	439512	0	2911123
RAIL	499	526	9	96
CORRELATION	54	0	524276	786930
SQUARE	57344	1837
FOLD	107	145	145	445659	445659	0	2950197
RAIL	16	1008	9	97
CORRELATION	54	0	524276	786930
SQUARE	58368	1837
FOLD	108	146	146	448731	448731	0	2954832
RAIL	16	1008	9	98
CORRELATION	55	0	524276	786930
SQUARE	58368	1837
FOLD	109	148	148	454878	454878	0	2993035
RAIL	16	1009	9	99
CORRELATION	55	0	524276	786930
SQUARE	59392	1837
FOLD	110	149	149	457953	457953	0	2997689
RAIL	16	1009	9	100
CORRELATION	56	0	524276	786930
SQUARE	59392	1837
FOLD	111	151	151	464100	464100	0	3034816
RAIL	498	526	9	101
CORRELATION	56	0	524276	786930
SQUARE	60416	1837
FOLD	112	152	152	467172	467172	0	3040570
RAIL	498	526	9	102
CORRELATION	57	0	524276	786930
SQUARE	60416	1837
FOLD	113	154	154	473319	473319	0	3078361
RAIL	498	527	9	103
CORRELATION	57	0	524276	786930
SQUARE	61440	1837
FOLD	114	155	155	476394	476394	0	3084314
RAIL	498	527	9	104
CORRELATION	58	0	524276	786930
SQUARE	61440	1837
FOLD	115	157	157	482541	482541	0	3117823
RAIL	17	1007	9	105
CORRELATION	58	0	524276	786930
SQUARE	62464	1837
FOLD	116	158	158	485613	485613	0	3122232
RAIL	17	1007	9	106
CORRELATION	59	0	524276	786930
SQUARE	62464	1837
FOLD	117	160	160	491760	491760	0	3155307
RAIL	17	1008	9	107
CORRELATION	59	0	524276	786930
SQUARE	63488	1837
FOLD	118	161	161	494835	494835	0	3160333
RAIL	17	1008	9	108
CORRELATION	60	0	524276	786930
SQUARE	63488	1837
FOLD	119	163	163	500982	500982	0	3198030
RAIL	497	527	9	109
CORRELATION	60	0	524276	786930
SQUARE	64512	1837
FOLD	120	164	164	504054	504054	0	3204554
RAIL	497	527	9	110
CORRELATION	61	0	524276	786930
SQUARE	64512	1837
FOLD	120	164	164	504054	504054	0	3242898
RAIL	497	527	9	111
CORRELATION	61	0	524276	786930
SQUARE	65536	1837
FOLD	121	166	166	510201	510201	0	3242927
RAIL	497	528	9	111
CORRELATION	61	0	524276	786930
SQUARE	65536	1837
FOLD	122	167	167	513276	513276	0	3248448
RAIL	497	528	9	112
CORRELATION	62	0	524276	786930
SQUARE	65536	1837
FOLD	123	169	169	519423	519423	0	3286059
RAIL	18	1006	9	113
CORRELATION	62	0	524276	786930
SQUARE	66560	1837
FOLD	124	170	170	522495	522495	0	3291439
RAIL	18	1006	9	114
CORRELATION	63	0	524276	786930
SQUARE	66560	1837
FOLD	125	172	172	528642	528642	0	3328978
RAIL	18	1007	9	115
CORRELATION	63	0	524276	786930
SQUARE	67584	1837
FOLD	125	172	172	528642	528642	0	3334111
RAIL	18	1007	9	116
CORRELATION	64	0	524276	786930
SQUARE	67584	1837
FOLD	126	173	173	531717	531717	0	3334125
RAIL	18	1007	9	116
CORRELATION	64	0	524276	786930
SQUARE	67584	1837
FOLD	127	175	175	537864	537864	0	3371186
RAIL	496	528	9	117
CORRELATION	64	0	524276	786930
SQUARE	68608	1837
FOLD	128	176	176	540936	540936	0	3377659
RAIL	496	528	9	118
CORRELATION	65	0	524276	786930
SQUARE	68608	1837
FOLD	129	178	178	547083	547083	0	3406677
RAIL	496	529	9	119
CORRELATION	65	0	524276	786930
SQUARE	69632	1837
FOLD	130	179	179	550158	550158	0	3411762
RAIL	496	529	9	120
CORRELATION	66	0	524276	786930
SQUARE	69632	1837
FOLD	131	181	181	556305	556305	0	3442688
RAIL	19	1005	9	121
CORRELATION	66	0	524276	786930
SQUARE	70656	1837
FOLD	132	182	182	559377	559377	0	3447302
RAIL	19	1005	9	122
CORRELATION	67	0	524276	786930
SQUARE	70656	1837
FOLD	133	184	184	565524	565524	0	3479162
RAIL	19	1006	9	123
CORRELATION	67	0	524276	786930
SQUARE	71680	1837
FOLD	134	185	185	568599	568599	0	3483756
RAIL	19	1006	9	124
CORRELATION	68	0	524276	786930
SQUARE	71680	1837
FOLD	135	187	187	574746	574746	0	3513950
RAIL	495	529	9	125
CORRELATION	68	0	524276	786930
SQUARE	72704	1837
FOLD	136	188	188	577818	577818	0	3519490
RAIL	495	529	9	126
CORRELATION	69	0	524276	786930
SQUARE	72704	1837
FOLD	137	190	190	583965	583965	0	3551334
RAIL	495	530	9	127
CORRELATION	69	0	524276	786930
SQUARE	73728	1837
FOLD	138	191	191	587040	587040	0	3557106
RAIL	495	530	9	128
CORRELATION	70	0	524276	786930
SQUARE	73728	1837
FOLD	139	193	193	593187	593187	0	3591167
RAIL	20	1004	9	129
CORRELATION	70	0	524276	786930
SQUARE	74752	1840
FOLD	140	194	194	596259	596259	0	3596477
RAIL	20	1004	9	130
CORRELATION	71	0	524276	786930
SQUARE	74752	1840
FOLD	141	196	196	602406	602406	0	3630814
RAIL	20	1005	9	131
CORRELATION	71	0	524276	786930
SQUARE	75776	1840
FOLD	142	197	197	605481	605481	0	3635324
RAIL	20	1005	9	132
CORRELATION	72	0	524276	786930
SQUARE	75776	1840
FOLD	143	199	199	611628	611628	0	3665673
RAIL	494	530	9	133
CORRELATION	72	0	524276	786930
SQUARE	76800	1840
FOLD	144	200	200	614700	614700	0	3671717
RAIL	494	530	9	134
CORRELATION	73	0	524276	786930
SQUARE	76800	1840
FOLD	145	202	202	620847	620847	0	3702934
RAIL	494	531	9	135
CORRELATION	73	0	524276	786930
SQUARE	77824	1840
FOLD	146	203	203	623922	623922	0	3708138
RAIL	494	531	9	136
CORRELATION	74	0	524276	786930
SQUARE	77824	1840
FOLD	147	205	205	630069	630069	0	3742729
RAIL	21	1003	9	137
CORRELATION	74	0	524276	786930
SQUARE	78848	1840
FOLD	148	206	206	633141	633141	0	3747211
RAIL	21	1003	9	138
CORRELATION	75	0	524276	786930
SQUARE	78848	1840
FOLD	149	208	208	639288	639288	0	3781162
RAIL	21	1004	9	139
CORRELATION	75	0	524276	786930
SQUARE	79872	1840
FOLD	150	209	209	642363	642363	0	3785412
RAIL	21	1004	9	140
CORRELATION	76	0	524276	786930
SQUARE	79872	1840
FOLD	151	211	211	648510	648510	0	3816802
RAIL	493	531	9	141
CORRELATION	76	0	524276	786930
SQUARE	80896	1840
FOLD	152	212	212	651582	651582	0	3822304
RAIL	493	531	9	142
CORRELATION	77	0	524276	786930
SQUARE	80896	1840
FOLD	153	214	214	657729	657729	0	3851966
RAIL	493	532	9	143
CORRELATION	77	0	524276	786930
SQUARE	81920	1840
FOLD	154	215	215	660804	660804	0	3857665
RAIL	493	532	9	144
CORRELATION	78	0	524276	786930
SQUARE	81920	1840
FOLD	155	217	217	666951	666951	0	3887813
RAIL	22	1002	9	145
CORRELATION	78	0	524276	786930
SQUARE	82944	1840
FOLD	156	218	218	670023	670023	0	3904251
RAIL	22	1002	9	146
CORRELATION	79	0	524276	786930
SQUARE	82944	1840
FOLD	157	220	220	676170	676170	0	3930803
RAIL	22	1003	9	147
CORRELATION	79	0	524276	786930
SQUARE	83968	1840
FOLD	158	221	221	679245	679245	0	3935745
RAIL	22	1003	9	148
CORRELATION	80	0	524276	786930
SQUARE	83968	1840
FOLD	159	223	223	685392	685392	0	3965256
RAIL	492	532	9	149
CORRELATION	80	0	524276	786930
SQUARE	84992	1840
FOLD	160	224	224	688464	688464	0	3970519
RAIL	492	532	9	150
CORRELATION	81	0	524276	786930
SQUARE	84992	1840
FOLD	161	226	226	694611	694611	0	4000927
RAIL	492	533	9	151
CORRELATION	81	0	524276	786930
SQUARE	86016	1840
FOLD	162	227	227	697686	697686	0	4006673
RAIL	492	533	9	152
CORRELATION	82	0	524276	786930
SQUARE	86016	1840
FOLD	163	229	229	703833	703833	0	4039370
RAIL	23	1001	9	153
CORRELATION	82	0	524276	786930
SQUARE	87040	1840
FOLD	164	230	230	706905	706905	0	4044142
RAIL	23	1001	9	154
CORRELATION	83	0	524276	786930
SQUARE	87040	1840
FOLD	165	232	232	713052	713052	0	4074456
RAIL	23	1002	9	155
CORRELATION	83	0	524276	786930
SQUARE	88064	1840
FOLD	166	233	233	716127	716127	0	4079682
RAIL	23	1002	9	156
CORRELATION	84	0	524276	786930
SQUARE	88064	1840
FOLD	167	235	235	722274	722274	0	4109899
RAIL	491	533	9	157
CORRELATION	84	0	524276	786930
SQUARE	89088	1840
FOLD	168	236	236	725346	725346	0	4115563
RAIL	491	533	9	158
CORRELATION	85	0	524276	786930
SQUARE	89088	1840
FOLD	169	238	238	731493	731493	0	4147065
RAIL	491	534	9	159
CORRELATION	85	0	524276	786930
SQUARE	90112	1840
FOLD	170	239	239	734568	734568	0	4152954
RAIL	491	534	9	160
CORRELATION	86	0	524276	786930
SQUARE	90112	1840
FOLD	171	241	241	740715	740715	0	4183974
RAIL	24	1000	9	161
CORRELATION	86	0	524276	786930
SQUARE	91136	1840
FOLD	172	242	242	743787	743787	0	4189107
RAIL	24	1000	9	162
CORRELATION	87	0	524276	786930
SQUARE	91136	1840
FOLD	173	244	244	749934	749934	0	4218886
RAIL	24	1001	9	163
CORRELATION	87	0	524276	786930
SQUARE	92160	1840
FOLD	174	245	245	753009	753009	0	4224007
RAIL	24	1001	9	164
CORRELATION	88	0	524276	786930
SQUARE	92160	1840
FOLD	175	247	247	759156	759156	0	4253230
RAIL	490	534	9	165
CORRELATION	88	0	524276	786930
SQUARE	93184	1840
FOLD	176	248	248	762228	762228	0	4258316
RAIL	490	534	9	166
CORRELATION	89	0	524276	786930
SQUARE	93184	1840
FOLD	177	250	250	768375	768375	0	4288227
RAIL	490	535	9	167
CORRELATION	89	0	524276	786930
SQUARE	94208	1840
FOLD	178	251	251	771450	771450	0	4293896
RAIL	490	535	9	168
CORRELATION	90	0	524276	786930
SQUARE	94208	1840
FOLD	179	253	253	777597	777597	0	4324015
RAIL	25	999	9	169
CORRELATION	90	0	524276	786930
SQUARE	95232	1840
FOLD	180	254	254	780669	780669	0	4329107
RAIL	25	999	9	170
CORRELATION	91	0	524276	786930
SQUARE	95232	1840
FOLD	181	256	256	786816	786816	0	4363034
RAIL	25	1000	9	171
CORRELATION	91	0	524276	786930
SQUARE	96256	1840
FOLD	182	257	257	789891	789891	0	4368217
RAIL	25	1000	9	172
CORRELATION	92	0	524276	786930
SQUARE	96256	1840
FOLD	183	259	259	796038	796038	0	4398103
RAIL	489	535	9	173
CORRELATION	92	0	524276	786930
SQUARE	97280	1840
FOLD	184	260	260	799110	799110	0	4404500
RAIL	489	535	9	174
CORRELATION	93	0	524276	786930
SQUARE	97280	1840
FOLD	185	262	262	805257	805257	0	4434229
RAIL	489	536	9	175
CORRELATION	93	0	524276	786930
SQUARE	98304	1840
FOLD	186	263	263	808332	808332	0	4439993
RAIL	489	536	9	176
CORRELATION	94	0	524276	786930
SQUARE	98304	1840
FOLD	187	265	265	814479	814479	0	4467381
RAIL	26	998	9	177
CORRELATION	94	0	524276	786930
SQUARE	99328	1840
FOLD	188	266	266	817551	817551	0	4484687
RAIL	26	998	9	178
CORRELATION	95	0	524276	786930
SQUARE	99328	1840
FOLD	189	268	268	823698	823698	0	4523612
RAIL	26	999	9	179
CORRELATION	95	0	524276	786930
SQUARE	100352	1840
FOLD	190	269	269	826773	826773	0	4530117
RAIL	26	999	9	180
CORRELATION	96	0	524276	786930
SQUARE	100352	1840
FOLD	191	271	271	832920	832920	0	4559500
RAIL	488	536	9	181
CORRELATION	96	0	524276	786930
SQUARE	101376	1840
FOLD	192	272	272	835992	835992	0	4564668
RAIL	488	536	9	182
CORRELATION	97	0	524276	786930
SQUARE	101376	1840
FOLD	193	274	274	842139	842139	0	4594682
RAIL	488	537	9	183
CORRELATION	97	0	524276	786930
SQUARE	102400	1840
FOLD	194	275	275	845214	845214	0	4600360
RAIL	488	537	9	184
CORRELATION	98	0	524276	786930
SQUARE	102400	1840
FOLD	195	277	277	851361	851361	0	4631546
RAIL	27	997	9	185
CORRELATION	98	0	524276	786930
SQUARE	103424	1840
FOLD	196	278	278	854433	854433	0	4637708
RAIL	27	997	9	186
CORRELATION	99	0	524276	786930
SQUARE	103424	1840
FOLD	197	280	280	860580	860580	0	4669156
RAIL	27	998	9	187
CORRELATION	99	0	524276	786930
SQUARE	104448	1840
FOLD	198	281	281	863655	863655	0	4674686
RAIL	27	998	9	188
CORRELATION	100	0	524276	786930
SQUARE	104448	1840
FOLD	199	283	283	869802	869802	0	4706019
RAIL	487	537	9	189
CORRELATION	100	0	524276	786930
SQUARE	105472	1840
FOLD	200	284	284	872874	872874	0	4711671
RAIL	487	537	9	190
CORRELATION	101	0	524276	786930
SQUARE	105472	1840
FOLD	201	286	286	879021	879021	0	4752721
RAIL	487	538	9	191
CORRELATION	101	0	524276	786930
SQUARE	106496	1840
FOLD	202	287	287	882096	882096	0	4757763
RAIL	487	538	9	192
CORRELATION	102	0	524276	786930
SQUARE	106496	1840
FOLD	203	289	289	888243	888243	0	4793754
RAIL	28	996	9	193
CORRELATION	102	0	524276	786930
SQUARE	107520	1840
FOLD	204	290	290	891315	891315	0	4798638
RAIL	28	996	9	194
CORRELATION	103	0	524276	786930
SQUARE	107520	1840
FOLD	205	292	292	897462	897462	0	4825019
RAIL	28	997	9	195
CORRELATION	103	0	524276	786930
SQUARE	108544	1840
FOLD	206	293	293	900537	900537	0	4829748
RAIL	28	997	9	196
CORRELATION	104	0	524276	786930
SQUARE	108544	1840
FOLD	207	295	295	906684	906684	0	4856127
RAIL	486	538	9	197
CORRELATION	104	0	524276	786930
SQUARE	109568	1840
FOLD	208	296	296	909756	909756	0	4861412
RAIL	486	538	9	198
CORRELATION	105	0	524276	786930
SQUARE	109568	1840
FOLD	209	298	298	915903	915903	0	4891024
RAIL	486	539	9	199
CORRELATION	105	0	524276	786930
SQUARE	110592	1840
FOLD	210	299	299	918978	918978	0	4897227
RAIL	486	539	9	200
CORRELATION	106	0	524276	786930
SQUARE	110592	1840
FOLD	211	301	301	925125	925125	0	4929037
RAIL	29	995	9	201
CORRELATION	106	0	524276	786930
SQUARE	111616	1840
FOLD	212	302	302	928197	928197	0	4933992
RAIL	29	995	9	202
CORRELATION	107	0	524276	786930
SQUARE	111616	1840
FOLD	213	304	304	934344	934344	0	4963521
RAIL	29	996	9	203
CORRELATION	107	0	524276	786930
SQUARE	112640	1840
FOLD	214	305	305	937419	937419	0	4967970
RAIL	29	996	9	204
CORRELATION	108	0	524276	786930
SQUARE	112640	1840
FOLD	215	307	307	943566	943566	0	4997445
RAIL	485	539	9	205
CORRELATION	108	0	524276	786930
SQUARE	113664	1840
FOLD	216	308	308	946638	946638	0	5003253
RAIL	485	539	9	206
CORRELATION	109	0	524276	786930
SQUARE	113664	1840
FOLD	217	310	310	952785	952785	0	5033258
RAIL	485	540	9	207
CORRELATION	109	0	524276	786930
SQUARE	114688	1840
FOLD	218	311	311	955860	955860	0	5039407
RAIL	485	540	9	208
CORRELATION	110	0	524276	786930
SQUARE	114688	1840
FOLD	219	313	313	962007	962007	0	5073256
RAIL	30	994	9	209
CORRELATION	110	0	524276	786930
SQUARE	115712	1840
FOLD	220	314	314	965079	965079	0	5090942
RAIL	30	994	9	210
CORRELATION	111	0	524276	786930
SQUARE	115712	1840
FOLD	221	316	316	971226	971226	0	5125332
RAIL	30	995	9	211
CORRELATION	111	0	524276	786930
SQUARE	116736	1840
FOLD	222	317	317	974301	974301	0	5130445
RAIL	30	995	9	212
CORRELATION	112	0	524276	786930
SQUARE	116736	1840
FOLD	223	319	319	980448	980448	0	5164260
RAIL	484	540	9	213
CORRELATION	112	0	524276	786930
SQUARE	117760	1840
FOLD	224	320	320	983520	983520	0	5169655
RAIL	484	540	9	214
CORRELATION	113	0	524276	786930
SQUARE	117760	1840
FOLD	225	322	322	989667	989667	0	5200686
RAIL	484	541	9	215
CORRELATION	113	0	524276	786930
SQUARE	118784	1840
FOLD	226	323	323	992742	992742	0	5206193
RAIL	484	541	9	216
CORRELATION	114	0	524276	786930
SQUARE	118784	1840
FOLD	227	325	325	998889	998889	0	5237573
RAIL	31	993	9	217
CORRELATION	114	0	524276	786930
SQUARE	119808	1840
FOLD	228	326	326	1001961	1001961	0	5242762
RAIL	31	993	9	218
CORRELATION	115	0	524276	786930
SQUARE	119808	1840
FOLD	229	328	328	1008108	1008108	0	5272905
RAIL	31	994	9	219
CORRELATION	115	0	524276	786930
SQUARE	120832	1840
FOLD	230	329	329	1011183	1011183	0	5277293
RAIL	31	994	9	220
CORRELATION	116	0	524276	786930
SQUARE	120832	1840
FOLD	231	331	331	1017330	1017330	0	5307664
RAIL	483	541	9	221
CORRELATION	116	0	524276	786930
SQUARE	121856	1840
FOLD	232	332	332	1020402	1020402	0	5313284
RAIL	483	541	9	222
CORRELATION	117	0	524276	786930
SQUARE	121856	1840
FOLD	233	334	334	1026549	1026549	0	5344034
RAIL	483	542	9	223
CORRELATION	117	0	524276	786930
SQUARE	122880	1840
FOLD	234	335	335	1029624	1029624	0	5349919
RAIL	483	542	9	224
CORRELATION	118	0	524276	786930
SQUARE	122880	1840
FOLD	235	337	337	1035771	1035771	0	5381192
RAIL	32	992	9	225
CORRELATION	118	0	524276	786930
SQUARE	123904	1840
FOLD	236	338	338	1038843	1038843	0	5386549
RAIL	32	992	9	226
CORRELATION	119	0	524276	786930
SQUARE	123904	1840
FOLD	237	340	340	1044990	1044990	0	5414745
RAIL	32	993	9	227
CORRELATION	119	0	524276	786930
SQUARE	124928	1840
FOLD	238	341	341	1048065	1048065	0	5420114
RAIL	32	993	9	228
CORRELATION	120	0	524276	786930
SQUARE	124928	1840
FOLD	239	343	343	1054212	1054212	0	5451752
RAIL	482	542	9	229
CORRELATION	120	0	524276	786930
SQUARE	125952	1840
FOLD	240	344	344	1057284	1057284	0	5457675
RAIL	482	542	9	230
CORRELATION	121	0	524276	786930
SQUARE	125952	1840
FOLD	241	346	346	1063431	1063431	0	5491053
RAIL	482	543	9	231
CORRELATION	121	0	524276	786930
SQUARE	126976	1840
FOLD	242	347	347	1066506	1066506	0	5497658
RAIL	482	543	9	232
CORRELATION	122	0	524276	786930
SQUARE	126976	1840
FOLD	243	349	349	1072653	1072653	0	5531573
RAIL	33	991	9	233
CORRELATION	122	0	524276	786930
SQUARE	128000	1840
FOLD	244	350	350	1075725	1075725	0	5536936
RAIL	33	991	9	234
CORRELATION	123	0	524276	786930
SQUARE	128000	1840
FOLD	245	352	352	1081872	1081872	0	5569558
RAIL	33	992	9	235
CORRELATION	123	0	524276	786930
SQUARE	129024	1840
FOLD	246	353	353	1084947	1084947	0	5575571
RAIL	33	992	9	236
CORRELATION	124	0	524276	786930
SQUARE	129024	1840
FOLD	247	355	355	1091094	1091094	0	5605538
RAIL	481	543	9	237
CORRELATION	124	0	524276	786930
SQUARE	130048	1840
FOLD	248	356	356	1094166	1094166	0	5612263
RAIL	481	543	9	238
CORRELATION	125	0	524276	786930
SQUARE	130048	1840
FOLD	248	356	356	1094166	1094166	0	5651193
RAIL	481	543	9	239
CORRELATION	125	0	524276	786930
SQUARE	131072	1840
FOLD	249	358	358	1100313	1100313	0	5651225
RAIL	481	544	9	239
CORRELATION	125	0	524276	786930
SQUARE	131072	1840
FOLD	250	359	359	1103388	1103388	0	5656994
RAIL	481	544	9	240
CORRELATION	126	0	524276	786930
SQUARE	131072	1840
FOLD	251	361	361	1109535	1109535	0	5689897
RAIL	34	990	9	241
CORRELATION	126	0	524276	786930
SQUARE	132096	1840
FOLD	252	362	362	1112607	1112607	0	5694830
RAIL	34	990	9	242
CORRELATION	127	0	524276	786930
SQUARE	132096	1840
FOLD	253	364	364	1118754	1118754	0	5727223
RAIL	34	991	9	243
CORRELATION	127	0	524276	786930
SQUARE	133120	1840
FOLD	253	364	364	1118754	1118754	0	5745556
RAIL	34	991	9	244
CORRELATION	128	0	524276	786930
SQUARE	133120	1840
FOLD	254	365	365	1121829	1121829	0	5745577
RAIL	34	991	9	244
CORRELATION	128	0	524276	786930
SQUARE	133120	1840
FOLD	255	367	367	1127976	1127976	0	5787203
RAIL	480	544	9	245
CORRELATION	128	0	524276	786930
SQUARE	134144	1840
FOLD	256	368	368	1131048	1131048	0	5802849
RAIL	480	544	9	246
CORRELATION	129	0	524276	786930
SQUARE	134144	1840
FOLD	257	370	370	1137195	1137195	0	5829774
RAIL	480	545	9	247
CORRELATION	129	0	524276	786930
SQUARE	135168	1840
FOLD	258	371	371	1140270	1140270	0	5843033
RAIL	480	545	9	248
CORRELATION	130	0	524276	786930
SQUARE	135168	1840
FOLD	259	373	373	1146417	1146417	0	5869076
RAIL	35	989	9	249
CORRELATION	130	0	524276	786930
SQUARE	136192	1840
FOLD	260	374	374	1149489	1149489	0	5873657
RAIL	35	989	9	250
CORRELATION	131	0	524276	786930
SQUARE	136192	1840
FOLD	261	376	376	1155636	1155636	0	5891485
RAIL	35	990	9	251
CORRELATION	131	0	524276	786930
SQUARE	137216	1840
FOLD	262	377	377	1158711	1158711	0	5896338
RAIL	35	990	9	252
CORRELATION	132	0	524276	786930
SQUARE	137216	1840
FOLD	263	379	379	1164858	1164858	0	5913145
RAIL	479	545	9	253
CORRELATION	132	0	524276	786930
SQUARE	138240	1840
FOLD	264	380	380	1167930	1167930	0	5918918
RAIL	479	545	9	254
CORRELATION	133	0	524276	786930
SQUARE	138240	1840
FOLD	265	382	382	1174077	1174077	0	5936861
RAIL	479	546	9	255
CORRELATION	133	0	524276	786930
SQUARE	139264	1840
FOLD	266	383	383	1177152	1177152	0	5942752
RAIL	479	546	9	256
CORRELATION	134	0	524276	786930
SQUARE	139264	1840
FOLD	267	385	385	1183299	1183299	0	5960567
RAIL	36	988	9	257
CORRELATION	134	0	524276	786930
SQUARE	140288	1840
FOLD	268	386	386	1186371	1186371	0	5964925
RAIL	36	988	9	258
CORRELATION	135	0	524276	786930
SQUARE	140288	1840
FOLD	269	388	388	1192518	1192518	0	5987085
RAIL	36	989	9	259
CORRELATION	135	0	524276	786930
SQUARE	141312	1840
FOLD	270	389	389	1195593	1195593	0	5991953
RAIL	36	989	9	260
CORRELATION	136	0	524276	786930
SQUARE	141312	1840
FOLD	271	391	391	1201740	1201740	0	6008550
RAIL	478	546	9	261
CORRELATION	136	0	524276	786930
SQUARE	142336	1840
FOLD	272	392	392	1204812	1204812	0	6014380
RAIL	478	546	9	262
CORRELATION	137	0	524276	786930
SQUARE	142336	1840
FOLD	273	394	394	1210959	1210959	0	6032434
RAIL	478	547	9	263
CORRELATION	137	0	524276	786930
SQUARE	143360	1840
FOLD	274	395	395	1214034	1214034	0	6037628
RAIL	478	547	9	264
CORRELATION	138	0	524276	786930
SQUARE	143360	1840
FOLD	275	397	397	1220181	1220181	0	6056263
RAIL	37	987	9	265
CORRELATION	138	0	524276	786930
SQUARE	144384	1840
FOLD	276	398	398	1223253	1223253	0	6060849
RAIL	37	987	9	266
CORRELATION	139	0	524276	786930
SQUARE	144384	1840
FOLD	277	400	400	1229400	1229400	0	6077238
RAIL	37	988	9	267
CORRELATION	139	0	524276	786930
SQUARE	145408	1840
FOLD	278	401	401	1232475	1232475	0	6082431
RAIL	37	988	9	268
CORRELATION	140	0	524276	786930
SQUARE	145408	1840
FOLD	279	403	403	1238622	1238622	0	6099483
RAIL	477	547	9	269
CORRELATION	140	0	524276	786930
SQUARE	146432	1840
FOLD	280	404	404	1241694	1241694	0	6106005
RAIL	477	547	9	270
CORRELATION	141	0	524276	786930
SQUARE	146432	1840
FOLD	281	406	406	1247841	1247841	0	6125876
RAIL	477	548	9	271
CORRELATION	141	0	524276	786930
SQUARE	147456	1840
FOLD	282	407	407	1250916	1250916	0	6131163
RAIL	477	548	9	272
CORRELATION	142	0	524276	786930
SQUARE	147456	1840
FOLD	283	409	409	1257063	1257063	0	6150078
RAIL	38	986	9	273
CORRELATION	142	0	524276	786930
SQUARE	148480	1842
FOLD	284	410	410	1260135	1260135	0	6154983
RAIL	38	986	9	274
CORRELATION	143	0	524276	786930
SQUARE	148480	1842
FOLD	285	412	412	1266282	1266282	0	6183340
RAIL	38	987	9	275
CORRELATION	143	0	524276	786930
SQUARE	149504	1842
FOLD	286	413	413	1269357	1269357	0	6197165
RAIL	38	987	9	276
CORRELATION	144	0	524276	786930
SQUARE	149504	1842
FOLD	287	415	415	1275504	1275504	0	6215094
RAIL	476	548	9	277
CORRELATION	144	0	524276	786930
SQUARE	150528	1842
FOLD	288	416	416	1278576	1278576	0	6221205
RAIL	476	548	9	278
CORRELATION	145	0	524276	786930
SQUARE	150528	1842
FOLD	289	418	418	1284723	1284723	0	6240427
RAIL	476	549	9	279
CORRELATION	145	0	524276	786930
SQUARE	151552	1842
FOLD	290	419	419	1287798	1287798	0	6245667
RAIL	476	549	9	280
CORRELATION	146	0	524276	786930
SQUARE	151552	1842
FOLD	291	421	421	1293945	1293945	0	6276388
RAIL	39	985	9	281
CORRELATION	146	0	524276	786930
SQUARE	152576	1842
FOLD	292	422	422	1297017	1297017	0	6281000
RAIL	39	985	9	282
CORRELATION	147	0	524276	786930
SQUARE	152576	1842
FOLD	293	424	424	1303164	1303164	0	6313488
RAIL	39	986	9	283
CORRELATION	147	0	524276	786930
SQUARE	153600	1842
FOLD	294	425	425	1306239	1306239	0	6318745
RAIL	39	986	9	284
CORRELATION	148	0	524276	786930
SQUARE	153600	1842
FOLD	295	427	427	1312386	1312386	0	6349316
RAIL	475	549	9	285
CORRELATION	148	0	524276	786930
SQUARE	154624	1842
FOLD	296	428	428	1315458	1315458	0	6355383
RAIL	475	549	9	286
CORRELATION	149	0	524276	786930
SQUARE	154624	1842
FOLD	297	430	430	1321605	1321605	0	6374551
RAIL	475	550	9	287
CORRELATION	149	0	524276	786930
SQUARE	155648	1842
FOLD	298	431	431	1324680	1324680	0	6380238
RAIL	475	550	9	288
CORRELATION	150	0	524276	786930
SQUARE	155648	1842
FOLD	299	433	433	1330827	1330827	0	6399376
RAIL	40	984	9	289
CORRELATION	150	0	524276	786930
SQUARE	156672	1842
FOLD	300	434	434	1333899	1333899	0	6404258
RAIL	40	984	9	290
CORRELATION	151	0	524276	786930
SQUARE	156672	1842
FOLD	301	436	436	1340046	1340046	0	6421577
RAIL	40	985	9	291
CORRELATION	151	0	524276	786930
SQUARE	157696	1842
FOLD	302	437	437	1343121	1343121	0	6425940
RAIL	40	985	9	292
CORRELATION	152	0	524276	786930
SQUARE	157696	1842
FOLD	303	439	439	1349268	1349268	0	6443998
RAIL	474	550	9	293
CORRELATION	152	0	524276	786930
SQUARE	158720	1842
FOLD	304	440	440	1352340	1352340	0	6449106
RAIL	474	550	9	294
CORRELATION	153	0	524276	786930
SQUARE	158720	1842
FOLD	305	442	442	1358487	1358487	0	6467333
RAIL	474	551	9	295
CORRELATION	153	0	524276	786930
SQUARE	159744	1842
FOLD	306	443	443	1361562	1361562	0	6472990
RAIL	474	551	9	296
CORRELATION	154	0	524276	786930
SQUARE	159744	1842
FOLD	307	445	445	1367709	1367709	0	6491261
RAIL	41	983	9	297
CORRELATION	154	0	524276	786930
SQUARE	160768	1842
FOLD	308	446	446	1370781	1370781	0	6496410
RAIL	41	983	9	298
CORRELATION	155	0	524276	786930
SQUARE	160768	1842
FOLD	309	448	448	1376928	1376928	0	6513369
RAIL	41	984	9	299
CORRELATION	155	0	524276	786930
SQUARE	161792	1842
FOLD	310	449	449	1380003	1380003	0	6517874
RAIL	41	984	9	300
CORRELATION	156	0	524276	786930
SQUARE	161792	1842
FOLD	311	451	451	1386150	1386150	0	6535074
RAIL	473	551	9	301
CORRELATION	156	0	524276	786930
SQUARE	162816	1842
FOLD	312	452	452	1389222	1389222	0	6540233
RAIL	473	551	9	302
CORRELATION	157	0	524276	786930
SQUARE	162816	1842
FOLD	313	454	454	1395369	1395369	0	6557840
RAIL	473	552	9	303
CORRELATION	157	0	524276	786930
SQUARE	163840	1842
FOLD	314	455	455	1398444	1398444	0	6563761
RAIL	473	552	9	304
CORRELATION	158	0	524276	786930
SQUARE	163840	1842
FOLD	315	457	457	1404591	1404591	0	6581633
RAIL	42	982	9	305
CORRELATION	158	0	524276	786930
SQUARE	164864	1842
FOLD	316	458	458	1407663	1407663	0	6586161
RAIL	42	982	9	306
CORRELATION	159	0	524276	786930
SQUARE	164864	1842
FOLD	317	460	460	1413810	1413810	0	6603508
RAIL	42	983	9	307
CORRELATION	159	0	524276	786930
SQUARE	165888	1842
FOLD	318	461	461	1416885	1416885	0	6608423
RAIL	42	983	9	308
CORRELATION	160	0	524276	786930
SQUARE	165888	1842
FOLD	319	463	463	1423032	1423032	0	6625812
RAIL	472	552	9	309
CORRELATION	160	0	524276	786930
SQUARE	166912	1842
FOLD	320	464	464	1426104	1426104	0	6631832
RAIL	472	552	9	310
CORRELATION	161	0	524276	786930
SQUARE	166912	1842
FOLD	321	466	466	1432251	1432251	0	6650241
RAIL	472	553	9	311
CORRELATION	161	0	524276	786930
SQUARE	167936	1842
FOLD	322	467	467	1435326	1435326	0	6656623
RAIL	472	553	9	312
CORRELATION	162	0	524276	786930
SQUARE	167936	1842
FOLD	323	469	469	1441473	1441473	0	6674706
RAIL	43	981	9	313
CORRELATION	162	0	524276	786930
SQUARE	168960	1842
FOLD	324	470	470	1444545	1444545	0	6679019
RAIL	43	981	9	314
CORRELATION	163	0	524276	786930
SQUARE	168960	1842
FOLD	325	472	472	1450692	1450692	0	6696029
RAIL	43	982	9	315
CORRELATION	163	0	524276	786930
SQUARE	169984	1842
FOLD	326	473	473	1453767	1453767	0	6701126
RAIL	43	982	9	316
CORRELATION	164	0	524276	786930
SQUARE	169984	1842
FOLD	327	475	475	1459914	1459914	0	6718902
RAIL	471	553	9	317
CORRELATION	164	0	524276	786930
SQUARE	171008	1842
FOLD	328	476	476	1462986	1462986	0	6723983
RAIL	471	553	9	318
CORRELATION	165	0	524276	786930
SQUARE	171008	1842
FOLD	329	478	478	1469133	1469133	0	6744075
RAIL	471	554	9	319
CORRELATION	165	0	524276	786930
SQUARE	172032	1842
FOLD	330	479	479	1472208	1472208	0	6749736
RAIL	471	554	9	320
CORRELATION	166	0	524276	786930
SQUARE	172032	1842
FOLD	331	481	481	1478355	1478355	0	6767241
RAIL	44	980	9	321
CORRELATION	166	0	524276	786930
SQUARE	173056	1842
FOLD	332	482	482	1481427	1481427	0	6771904
RAIL	44	980	9	322
CORRELATION	167	0	524276	786930
SQUARE	173056	1842
FOLD	333	484	484	1487574	1487574	0	6788349
RAIL	44	981	9	323
CORRELATION	167	0	524276	786930
SQUARE	174080	1842
FOLD	334	485	485	1490649	1490649	0	6793311
RAIL	44	981	9	324
CORRELATION	168	0	524276	786930
SQUARE	174080	1842
FOLD	335	487	487	1496796	1496796	0	6809887
RAIL	470	554	9	325
CORRELATION	168	0	524276	786930
SQUARE	175104	1842
FOLD	336	488	488	1499868	1499868	0	6814979
RAIL	470	554	9	326
CORRELATION	169	0	524276	786930
SQUARE	175104	1842
FOLD	337	490	490	1506015	1506015	0	6832536
RAIL	470	555	9	327
CORRELATION	169	0	524276	786930
SQUARE	176128	1842
FOLD	338	491	491	1509090	1509090	0	6837999
RAIL	470	555	9	328
CORRELATION	170	0	524276	786930
SQUARE	176128	1842
FOLD	339	493	493	1515237	1515237	0	6857163
RAIL	45	979	9	329
CORRELATION	170	0	524276	786930
SQUARE	177152	1842
FOLD	340	494	494	1518309	1518309	0	6861739
RAIL	45	979	9	330
CORRELATION	171	0	524276	786930
SQUARE	177152	1842
FOLD	341	496	496	1524456	1524456	0	6879087
RAIL	45	980	9	331
CORRELATION	171	0	524276	786930
SQUARE	178176	1842
FOLD	342	497	497	1527531	1527531	0	6883986
RAIL	45	980	9	332
CORRELATION	172	0	524276	786930
SQUARE	178176	1842
FOLD	343	499	499	1533678	1533678	0	6901710
RAIL	469	555	9	333
CORRELATION	172	0	524276	786930
SQUARE	179200	1842
FOLD	344	500	500	1536750	1536750	0	6908274
RAIL	469	555	9	334
CORRELATION	173	0	524276	786930
SQUARE	179200	1842
FOLD	345	502	502	1542897	1542897	0	6927348
RAIL	469	556	9	335
CORRELATION	173	0	524276	786930
SQUARE	180224	1842
FOLD	346	503	503	1545972	1545972	0	6932840
RAIL	469	556	9	336
CORRELATION	174	0	524276	786930
SQUARE	180224	1842
FOLD	347	505	505	1552119	1552119	0	6950998
RAIL	46	978	9	337
CORRELATION	174	0	524276	786930
SQUARE	181248	1842
FOLD	348	506	506	1555191	1555191	0	6965554
RAIL	46	978	9	338
CORRELATION	175	0	524276	786930
SQUARE	181248	1842
FOLD	349	508	508	1561338	1561338	0	6982387
RAIL	46	979	9	339
CORRELATION	175	0	524276	786930
SQUARE	182272	1842
FOLD	350	509	509	1564413	1564413	0	6987565
RAIL	46	979	9	340
CORRELATION	176	0	524276	786930
SQUARE	182272	1842
FOLD	351	511	511	1570560	1570560	0	7004258
RAIL	468	556	9	341
CORRELATION	176	0	524276	786930
SQUARE	183296	1842
FOLD	352	512	512	1573632	1573632	0	7009615
RAIL	468	556	9	342
CORRELATION	177	0	524276	786930
SQUARE	183296	1842
FOLD	353	514	514	1579779	1579779	0	7028608
RAIL	468	557	9	343
CORRELATION	177	0	524276	786930
SQUARE	184320	1842
FOLD	354	515	515	1582854	1582854	0	7034674
RAIL	468	557	9	344
CORRELATION	178	0	524276	786930
SQUARE	184320	1842
FOLD	355	517	517	1589001	1589001	0	7054454
RAIL	47	977	9	345
CORRELATION	178	0	524276	786930
SQUARE	185344	1842
FOLD	356	518	518	1592073	1592073	0	7060181
RAIL	47	977	9	346
CORRELATION	179	0	524276	786930
SQUARE	185344	1842
FOLD	357	520	520	1598220	1598220	0	7077149
RAIL	47	978	9	347
CORRELATION	179	0	524276	786930
SQUARE	186368	1842
FOLD	358	521	521	1601295	1601295	0	7081585
RAIL	47	978	9	348
CORRELATION	180	0	524276	786930
SQUARE	186368	1842
FOLD	359	523	523	1607442	1607442	0	7098139
RAIL	467	557	9	349
CORRELATION	180	0	524276	786930
SQUARE	187392	1842
FOLD	360	524	524	1610514	1610514	0	7103838
RAIL	467	557	9	350
CORRELATION	181	0	524276	786930
SQUARE	187392	1842
FOLD	361	526	526	1616661	1616661	0	7121034
RAIL	467	558	9	351
CORRELATION	181	0	524276	786930
SQUARE	188416	1842
FOLD	362	527	527	1619736	1619736	0	7126588
RAIL	467	558	9	352
CORRELATION	182	0	524276	786930
SQUARE	188416	1842
FOLD	363	529	529	1625883	1625883	0	7144082
RAIL	48	976	9	353
CORRELATION	182	0	524276	786930
SQUARE	189440	1842
FOLD	364	530	530	1628955	1628955	0	7149519
RAIL	48	976	9	354
CORRELATION	183	0	524276	786930
SQUARE	189440	1842
FOLD	365	532	532	1635102	1635102	0	7166331
RAIL	48	977	9	355
CORRELATION	183	0	524276	786930
SQUARE	190464	1842
FOLD	366	533	533	1638177	1638177	0	7170643
RAIL	48	977	9	356
CORRELATION	184	0	524276	786930
SQUARE	190464	1842
FOLD	367	535	535	1644324	1644324	0	7187264
RAIL	466	558	9	357
CORRELATION	184	0	524276	786930
SQUARE	191488	1842
FOLD	368	536	536	1647396	1647396	0	7192574
RAIL	466	558	9	358
CORRELATION	185	0	524276	786930
SQUARE	191488	1842
FOLD	369	538	538	1653543	1653543	0	7211080
RAIL	466	559	9	359
CORRELATION	185	0	524276	786930
SQUARE	192512	1842
FOLD	370	539	539	1656618	1656618	0	7216723
RAIL	466	559	9	360
CORRELATION	186	0	524276	786930
SQUARE	192512	1842
FOLD	371	541	541	1662765	1662765	0	7235141
RAIL	49	975	9	361
CORRELATION	186	0	524276	786930
SQUARE	193536	1842
FOLD	372	542	542	1665837	1665837	0	7239984
RAIL	49	975	9	362
CORRELATION	187	0	524276	786930
SQUARE	193536	1842
FOLD	373	544	544	1671984	1671984	0	7258565
RAIL	49	976	9	363
CORRELATION	187	0	524276	786930
SQUARE	194560	1842
FOLD	374	545	545	1675059	1675059	0	7263602
RAIL	49	976	9	364
CORRELATION	188	0	524276	786930
SQUARE	194560	1842
FOLD	375	547	547	1681206	1681206	0	7279821
RAIL	465	559	9	365
CORRELATION	188	0	524276	786930
SQUARE	195584	1842
FOLD	376	548	548	1684278	1684278	0	7285935
RAIL	465	559	9	366
CORRELATION	189	0	524276	786930
SQUARE	195584	1842
FOLD	377	550	550	1690425	1690425	0	7302990
RAIL	465	560	9	367
CORRELATION	189	0	524276	786930
SQUARE	196608	1842
FOLD	378	551	551	1693500	1693500	0	7308133
RAIL	465	560	9	368
CORRELATION	190	0	524276	786930
SQUARE	196608	1842
FOLD	379	553	553	1699647	1699647	0	7325322
RAIL	50	974	9	369
CORRELATION	190	0	524276	786930
SQUARE	197632	1842
FOLD	380	554	554	1702719	1702719	0	7329641
RAIL	50	974	9	370
CORRELATION	191	0	524276	786930
SQUARE	197632	1842
FOLD	381	556	556	1708866	1708866	0	7346415
RAIL	50	975	9	371
CORRELATION	191	0	524276	786930
SQUARE	198656	1842
FOLD	382	557	557	1711941	1711941	0	7350760
RAIL	50	975	9	372
CORRELATION	192	0	524276	786930
SQUARE	198656	1842
FOLD	383	559	559	1718088	1718088	0	7367570
RAIL	464	560	9	373
CORRELATION	192	0	524276	786930
SQUARE	199680	1842
FOLD	384	560	560	1721160	1721160	0	7372872
RAIL	464	560	9	374
CORRELATION	193	0	524276	786930
SQUARE	199680	1842
FOLD	385	562	562	1727307	1727307	0	7391140
RAIL	464	561	9	375
CORRELATION	193	0	524276	786930
SQUARE	200704	1842
FOLD	386	563	563	1730382	1730382	0	7396618
RAIL	464	561	9	376
CORRELATION	194	0	524276	786930
SQUARE	200704	1842
FOLD	387	565	565	1736529	1736529	0	7414992
RAIL	51	973	9	377
CORRELATION	194	0	524276	786930
SQUARE	201728	1842
FOLD	388	566	566	1739601	1739601	0	7420014
RAIL	51	973	9	378
CORRELATION	195	0	524276	786930
SQUARE	201728	1842
FOLD	389	568	568	1745748	1745748	0	7437138
RAIL	51	974	9	379
CORRELATION	195	0	524276	786930
SQUARE	202752	1842
FOLD	390	569	569	1748823	1748823	0	7442250
RAIL	51	974	9	380
CORRELATION	196	0	524276	786930
SQUARE	202752	1842
FOLD	391	571	571	1754970	1754970	0	7459627
RAIL	463	561	9	381
CORRELATION	196	0	524276	786930
SQUARE	203776	1842
FOLD	392	572	572	1758042	1758042	0	7465589
RAIL	463	561	9	382
CORRELATION	197	0	524276	786930
SQUARE	203776	1842
FOLD	393	574	574	1764189	1764189	0	7483591
RAIL	463	562	9	383
CORRELATION	197	0	524276	786930
SQUARE	204800	1842
FOLD	394	575	575	1767264	1767264	0	7488740
RAIL	463	562	9	384
CORRELATION	198	0	524276	786930
SQUARE	204800	1842
FOLD	395	577	577	1773411	1773411	0	7506016
RAIL	52	972	9	385
CORRELATION	198	0	524276	786930
SQUARE	205824	1842
FOLD	396	578	578	1776483	1776483	0	7510806
RAIL	52	972	9	386
CORRELATION	199	0	524276	786930
SQUARE	205824	1842
FOLD	397	580	580	1782630	1782630	0	7527417
RAIL	52	973	9	387
CORRELATION	199	0	524276	786930
SQUARE	206848	1842
FOLD	398	581	581	1785705	1785705	0	7531804
RAIL	52	973	9	388
CORRELATION	200	0	524276	786930
SQUARE	206848	1842
FOLD	399	583	583	1791852	1791852	0	7548527
RAIL	462	562	9	389
CORRELATION	200	0	524276	786930
SQUARE	207872	1842
FOLD	400	584	584	1794924	1794924	0	7554227
RAIL	462	562	9	390
CORRELATION	201	0	524276	786930
SQUARE	207872	1842
FOLD	401	586	586	1801071	1801071	0	7571641
RAIL	462	563	9	391
CORRELATION	201	0	524276	786930
SQUARE	208896	1842
FOLD	402	587	587	1804146	1804146	0	7576700
RAIL	462	563	9	392
CORRELATION	202	0	524276	786930
SQUARE	208896	1842
FOLD	403	589	589	1810293	1810293	0	7594147
RAIL	53	971	9	393
CORRELATION	202	0	524276	786930
SQUARE	209920	1842
FOLD	404	590	590	1813365	1813365	0	7598958
RAIL	53	971	9	394
CORRELATION	203	0	524276	786930
SQUARE	209920	1842
FOLD	405	592	592	1819512	1819512	0	7616293
RAIL	53	972	9	395
CORRELATION	203	0	524276	786930
SQUARE	210944	1842
FOLD	406	593	593	1822587	1822587	0	7621206
RAIL	53	972	9	396
CORRELATION	204	0	524276	786930
SQUARE	210944	1842
FOLD	407	595	595	1828734	1828734	0	7639978
RAIL	461	563	9	397
CORRELATION	204	0	524276	786930
SQUARE	211968	1842
FOLD	408	596	596	1831806	1831806	0	7646437
RAIL	461	563	9	398
CORRELATION	205	0	524276	786930
SQUARE	211968	1842
FOLD	409	598	598	1837953	1837953	0	7665084
RAIL	461	564	9	399
CORRELATION	205	0	524276	786930
SQUARE	212992	1842
FOLD	410	599	599	1841028	1841028	0	7672237
RAIL	461	564	9	400
CORRELATION	206	0	524276	786930
SQUARE	212992	1842
FOLD	411	601	601	1847175	1847175	0	7691431
RAIL	54	970	9	401
CORRELATION	206	0	524276	786930
SQUARE	214016	1842
FOLD	412	602	602	1850247	1850247	0	7697449
RAIL	54	970	9	402
CORRELATION	207	0	524276	786930
SQUARE	214016	1842
FOLD	413	604	604	1856394	1856394	0	7715665
RAIL	54	971	9	403
CORRELATION	207	0	524276	786930
SQUARE	215040	1842
FOLD	414	605	605	1859469	1859469	0	7720657
RAIL	54	971	9	404
CORRELATION	208	0	524276	786930
SQUARE	215040	1842
FOLD	415	607	607	1865616	1865616	0	7738688
RAIL	460	564	9	405
CORRELATION	208	0	524276	786930
SQUARE	216064	1842
FOLD	416	608	608	1868688	1868688	0	7744533
RAIL	460	564	9	406
CORRELATION	209	0	524276	786930
SQUARE	216064	1842
FOLD	417	610	610	1874835	1874835	0	7762936
RAIL	460	565	9	407
CORRELATION	209	0	524276	786930
SQUARE	217088	1842
FOLD	418	611	611	1877910	1877910	0	7769263
RAIL	460	565	9	408
CORRELATION	210	0	524276	786930
SQUARE	217088	1842
FOLD	419	613	613	1884057	1884057	0	7787881
RAIL	55	969	9	409
CORRELATION	210	0	524276	786930
SQUARE	218112	1842
FOLD	420	614	614	1887129	1887129	0	7792769
RAIL	55	969	9	410
CORRELATION	211	0	524276	786930
SQUARE	218112	1842
FOLD	421	616	616	1893276	1893276	0	7809756
RAIL	55	970	9	411
CORRELATION	211	0	524276	786930
SQUARE	219136	1842
FOLD	422	617	617	1896351	1896351	0	7814148
RAIL	55	970	9	412
CORRELATION	212	0	524276	786930
SQUARE	219136	1842
FOLD	423	619	619	1902498	1902498	0	7831174
RAIL	459	565	9	413
CORRELATION	212	0	524276	786930
SQUARE	220160	1842
FOLD	424	620	620	1905570	1905570	0	7837522
RAIL	459	565	9	414
CORRELATION	213	0	524276	786930
SQUARE	220160	1842
FOLD	425	622	622	1911717	1911717	0	7855274
RAIL	459	566	9	415
CORRELATION	213	0	524276	786930
SQUARE	221184	1842
FOLD	426	623	623	1914792	1914792	0	7861190
RAIL	459	566	9	416
CORRELATION	214	0	524276	786930
SQUARE	221184	1842
FOLD	427	625	625	1920939	1920939	0	7882745
RAIL	56	968	9	417
CORRELATION	214	0	524276	786930
SQUARE	222208	1842
FOLD	428	626	626	1924011	1924011	0	7887635
RAIL	56	968	9	418
CORRELATION	215	0	524276	786930
SQUARE	222208	1842
FOLD	429	628	628	1930158	1930158	0	7908337
RAIL	56	969	9	419
CORRELATION	215	0	524276	786930
SQUARE	223232	1842
FOLD	430	629	629	1933233	1933233	0	7913233
RAIL	56	969	9	420
CORRELATION	216	0	524276	786930
SQUARE	223232	1842
FOLD	431	631	631	1939380	1939380	0	7934269
RAIL	458	566	9	421
CORRELATION	216	0	524276	786930
SQUARE	224256	1842
FOLD	432	632	632	1942452	1942452	0	7940211
RAIL	458	566	9	422
CORRELATION	217	0	524276	786930
SQUARE	224256	1842
FOLD	433	634	634	1948599	1948599	0	7957869
RAIL	458	567	9	423
CORRELATION	217	0	524276	786930
SQUARE	225280	1842
FOLD	434	635	635	1951674	1951674	0	7963541
RAIL	458	567	9	424
CORRELATION	218	0	524276	786930
SQUARE	225280	1842
FOLD	435	637	637	1957821	1957821	0	7981317
RAIL	57	967	9	425
CORRELATION	218	0	524276	786930
SQUARE	226304	1842
FOLD	436	638	638	1960893	1960893	0	7985935
RAIL	57	967	9	426
CORRELATION	219	0	524276	786930
SQUARE	226304	1842
FOLD	437	640	640	1967040	1967040	0	8003390
RAIL	57	968	9	427
CORRELATION	219	0	524276	786930
SQUARE	227328	1842
FOLD	438	641	641	1970115	1970115	0	8008494
RAIL	57	968	9	428
CORRELATION	220	0	524276	786930
SQUARE	227328	1842
