INPUT	188141830464941	48	28	244
FRAME	1	0	1	1	39
FOLD	1	1	1	144	144	0	51
RAIL	2	46	0	0
CORRELATION	0	0	0	0
SQUARE	0	0
FOLD	2	1	1	147	147	0	64
RAIL	2	47	1	0
CORRELATION	0	0	0	0
SQUARE	0	0
FOLD	4	3	3	435	435	0	323
RAIL	24	25	2	1
CORRELATION	0	0	0	0
SQUARE	0	0
FOLD	5	5	5	726	726	0	533
RAIL	3	45	2	2
CORRELATION	0	0	0	0
SQUARE	0	0
FOLD	8	7	7	1017	1017	0	1333
RAIL	23	26	4	3
CORRELATION	0	0	0	0
SQUARE	0	0
FOLD	9	9	9	1308	1308	0	1681
RAIL	4	44	4	4
CORRELATION	0	0	0	0
SQUARE	0	0
FOLD	10	11	11	1599	1599	0	1937
RAIL	4	45	4	5
CORRELATION	0	0	0	0
SQUARE	0	0
FOLD	12	13	13	1887	1887	0	2154
RAIL	22	27	5	6
CORRELATION	0	0	0	0
SQUARE	0	0
FOLD	13	15	15	2178	2178	0	2469
RAIL	5	43	5	7
CORRELATION	0	0	0	0
SQUARE	0	0
FOLD	14	17	17	2469	2469	0	2765
RAIL	5	44	5	8
CORRELATION	0	0	0	0
SQUARE	0	0
FOLD	15	19	19	2760	2760	0	3078
RAIL	21	27	5	9
CORRELATION	0	0	0	0
SQUARE	0	0
FOLD	16	21	21	3051	3051	0	3373
RAIL	21	28	5	10
CORRELATION	0	0	0	0
SQUARE	0	0
FOLD	17	23	23	3342	3342	0	3666
RAIL	6	42	5	11
CORRELATION	0	0	0	0
SQUARE	0	0
FOLD	18	25	25	3633	3633	0	3941
RAIL	6	43	5	12
CORRELATION	0	0	0	0
SQUARE	0	0
FOLD	19	27	27	3924	3924	0	4209
RAIL	20	28	5	13
CORRELATION	0	0	0	0
SQUARE	0	0
FOLD	20	29	29	4215	4215	0	4461
RAIL	20	29	5	14
CORRELATION	0	0	0	0
SQUARE	0	0
FOLD	21	31	31	4506	4506	0	4726
RAIL	7	41	5	15
CORRELATION	0	0	0	0
SQUARE	0	0
FOLD	22	33	33	4797	4797	0	4907
RAIL	7	42	5	16
CORRELATION	0	0	0	0
SQUARE	0	0
FOLD	23	35	35	5088	5088	0	5143
RAIL	19	29	5	17
CORRELATION	0	0	0	0
SQUARE	0	0
FOLD	24	37	37	5379	5379	0	5383
RAIL	19	30	5	18
CORRELATION	0	0	0	0
SQUARE	0	0
FOLD	25	39	39	5670	5670	0	5747
RAIL	8	40	5	19
CORRELATION	0	0	0	0
SQUARE	0	0
FOLD	26	41	41	5961	5961	0	5958
RAIL	8	41	5	20
CORRELATION	0	0	0	0
SQUARE	0	0
FOLD	27	43	43	6252	6252	0	6200
RAIL	18	30	5	21
CORRELATION	0	0	0	0
SQUARE	0	0
FOLD	28	45	45	6543	6543	0	6482
RAIL	18	31	5	22
CORRELATION	0	0	0	0
SQUARE	0	0
FOLD	29	47	47	6834	6834	0	6786
RAIL	9	39	5	23
CORRELATION	0	0	0	0
SQUARE	0	0
FOLD	30	49	49	7125	7125	0	7016
RAIL	9	40	5	24
CORRELATION	0	0	0	0
SQUARE	0	0
FOLD	31	51	51	7416	7416	0	7329
RAIL	17	31	5	25
CORRELATION	0	0	0	0
SQUARE	0	0
FOLD	32	53	53	7707	7707	0	7540
RAIL	17	32	5	26
CORRELATION	0	0	0	0
SQUARE	0	0
FOLD	33	55	55	7998	7998	0	7830
RAIL	10	38	5	27
CORRELATION	0	0	0	0
SQUARE	0	0
FOLD	34	57	57	8289	8289	0	8906
RAIL	10	39	5	28
CORRELATION	0	0	0	0
SQUARE	0	0
FOLD	35	59	59	8580	8580	0	9148
RAIL	16	32	5	29
CORRELATION	0	0	0	0
SQUARE	0	0
FOLD	36	61	61	8871	8871	0	9344
RAIL	16	33	5	30
CORRELATION	0	0	0	0
SQUARE	0	0
FOLD	37	63	63	9162	9162	0	9535
RAIL	11	37	5	31
CORRELATION	0	0	0	0
SQUARE	0	0
FOLD	38	65	65	9453	9453	0	9707
RAIL	11	38	5	32
CORRELATION	0	0	0	0
SQUARE	0	0
FOLD	39	67	67	9744	9744	0	9908
RAIL	15	33	5	33
CORRELATION	0	0	0	0
SQUARE	0	0
FOLD	40	69	69	10035	10035	0	10084
RAIL	15	34	5	34
CORRELATION	0	0	0	0
SQUARE	0	0
FOLD	41	71	71	10326	10326	0	10359
RAIL	12	36	5	35
CORRELATION	0	0	0	0
SQUARE	0	0
FOLD	42	73	73	10617	10617	0	10547
RAIL	12	37	5	36
CORRELATION	0	0	0	0
SQUARE	0	0
FOLD	43	75	75	10908	10908	0	10816
RAIL	14	34	5	37
CORRELATION	0	0	0	0
SQUARE	0	0
FOLD	44	77	77	11199	11199	0	11054
RAIL	14	35	5	38
CORRELATION	0	0	0	0
SQUARE	0	0
FOLD	45	79	79	11490	11490	0	11239
RAIL	13	35	5	39
CORRELATION	0	0	0	0
SQUARE	0	0
FOLD	46	81	81	11781	11781	0	11416
RAIL	13	36	5	40
CORRELATION	0	0	0	0
SQUARE	0	0
FOLD	46	81	81	11781	11781	0	12108
RAIL	13	36	5	41
CORRELATION	0	0	1143	1741
SQUARE	1	53
FOLD	46	81	81	11781	11781	0	12115
RAIL	13	36	5	41
CORRELATION	0	0	1143	1741
SQUARE	2	53
FOLD	46	81	81	11781	11781	0	12320
RAIL	13	36	5	41
CORRELATION	0	0	1143	1741
SQUARE	4	94
FOLD	46	81	81	11781	11781	0	12338
RAIL	13	36	5	41
CORRELATION	0	0	1143	1741
SQUARE	8	95
FOLD	46	81	81	11781	11781	0	12372
RAIL	13	36	5	41
CORRELATION	0	0	1143	1741
SQUARE	16	99
FOLD	46	81	81	11781	11781	0	12427
RAIL	13	36	5	41
CORRELATION	0	0	1143	1741
SQUARE	32	102
FOLD	46	81	81	11781	11781	0	12490
RAIL	13	36	5	41
CORRELATION	1	0	1143	1741
SQUARE	48	104
FOLD	46	81	81	11781	11781	0	12521
RAIL	13	36	5	41
CORRELATION	1	0	1143	1741
SQUARE	64	104
FOLD	46	81	81	11781	11781	0	12620
RAIL	13	36	5	41
CORRELATION	2	0	1143	1741
SQUARE	96	107
FOLD	46	81	81	11781	11781	0	12675
RAIL	13	36	5	41
CORRELATION	2	0	1143	1741
SQUARE	128	107
FOLD	47	82	82	11928	11928	0	12732
RAIL	24	24	5	41
CORRELATION	3	0	1143	1741
SQUARE	144	107
FOLD	47	82	82	11928	11928	0	13055
RAIL	24	24	5	42
CORRELATION	4	0	1143	1741
SQUARE	192	109
FOLD	48	83	83	12072	12072	0	13067
RAIL	24	25	5	42
CORRELATION	4	0	1143	1741
SQUARE	192	109
FOLD	48	83	83	12072	12072	0	13362
RAIL	24	25	5	43
CORRELATION	5	0	1143	1741
SQUARE	256	109
FOLD	49	84	84	12219	12219	0	13542
RAIL	23	25	5	43
CORRELATION	7	0	1143	1741
SQUARE	336	112
FOLD	49	84	84	12219	12219	0	13832
RAIL	23	25	5	44
CORRELATION	8	0	1143	1741
SQUARE	384	112
FOLD	50	85	85	12363	12363	0	13838
RAIL	23	26	5	44
CORRELATION	8	0	1143	1741
SQUARE	384	112
FOLD	51	86	86	12510	12510	0	14122
RAIL	4	44	5	45
CORRELATION	9	0	1143	1741
SQUARE	432	112
FOLD	51	86	86	12510	12510	0	14300
RAIL	4	44	6	45
CORRELATION	10	0	1143	1741
SQUARE	512	112
FOLD	54	87	87	12657	12657	0	14922
RAIL	5	43	6	47
CORRELATION	13	0	1143	1741
SQUARE	624	112
FOLD	56	85	87	12366	12657	0	15474
RAIL	21	27	8	48
CORRELATION	16	0	1143	1741
SQUARE	768	114
FOLD	59	88	88	12801	12801	0	16032
RAIL	6	43	8	50
CORRELATION	18	0	1143	1741
SQUARE	864	114
FOLD	62	89	89	12945	12945	0	17123
RAIL	7	41	9	52
CORRELATION	21	1	1143	1741
SQUARE	1008	114
FOLD	62	89	89	12945	12945	0	17355
RAIL	7	41	9	53
CORRELATION	21	1	1143	1741
SQUARE	1024	114
FOLD	63	90	90	13089	13089	0	17659
RAIL	7	42	9	53
CORRELATION	22	3	1143	1741
SQUARE	1056	114
FOLD	64	89	90	12942	13089	0	17810
RAIL	19	29	10	53
CORRELATION	23	3	1143	1741
SQUARE	1104	114
FOLD	66	91	91	13233	13233	0	19290
RAIL	8	40	10	55
CORRELATION	25	7	1143	1741
SQUARE	1200	114
FOLD	67	92	92	13377	13377	0	19542
RAIL	8	41	10	56
CORRELATION	26	7	1143	1741
SQUARE	1248	114
FOLD	68	93	93	13524	13524	0	19785
RAIL	18	30	10	57
CORRELATION	27	7	1143	1741
SQUARE	1296	117
FOLD	69	94	94	13668	13668	0	20274
RAIL	18	31	10	58
CORRELATION	28	9	1143	1741
SQUARE	1344	117
FOLD	70	95	95	13815	13815	0	21283
RAIL	9	39	10	59
CORRELATION	29	11	1143	1741
SQUARE	1392	117
FOLD	71	96	96	13959	13959	0	21537
RAIL	9	40	10	60
CORRELATION	30	11	1143	1741
SQUARE	1440	117
FOLD	72	97	97	14106	14106	0	22119
RAIL	17	31	10	61
CORRELATION	31	13	1143	1741
SQUARE	1488	117
FOLD	72	97	97	14106	14106	0	22860
RAIL	17	31	10	62
CORRELATION	32	15	1143	1741
SQUARE	1536	117
FOLD	73	98	98	14250	14250	0	22866
RAIL	17	32	10	62
CORRELATION	32	15	1143	1741
SQUARE	1536	117
FOLD	74	99	99	14397	14397	0	23120
RAIL	10	38	10	63
CORRELATION	33	15	1143	1741
SQUARE	1584	117
FOLD	75	100	100	14541	14541	0	23364
RAIL	10	39	10	64
CORRELATION	34	15	1143	1741
SQUARE	1632	117
FOLD	76	101	101	14688	14688	0	23619
RAIL	16	32	10	65
CORRELATION	35	15	1143	1741
SQUARE	1680	117
FOLD	77	102	102	14832	14832	0	23902
RAIL	16	33	10	66
CORRELATION	36	15	1143	1741
SQUARE	1728	117
FOLD	78	103	103	14979	14979	0	24182
RAIL	11	37	10	67
CORRELATION	37	15	1143	1741
SQUARE	1776	117
FOLD	79	104	104	15123	15123	0	24864
RAIL	11	38	10	68
CORRELATION	38	17	1143	1741
SQUARE	1824	117
FOLD	80	105	105	15270	15270	0	25690
RAIL	15	33	10	69
CORRELATION	39	19	1143	1741
SQUARE	1872	117
FOLD	81	106	106	15414	15414	0	26135
RAIL	15	34	10	70
CORRELATION	40	21	1143	1741
SQUARE	1920	117
FOLD	82	107	107	15561	15561	0	26387
RAIL	12	36	10	71
CORRELATION	41	21	1143	1741
SQUARE	1968	117
FOLD	83	108	108	15705	15705	0	26970
RAIL	12	37	10	72
CORRELATION	42	23	1143	1741
SQUARE	2016	117
FOLD	83	108	108	15705	15705	0	27193
RAIL	12	37	10	73
CORRELATION	42	23	1143	1741
SQUARE	2048	117
FOLD	84	109	109	15852	15852	0	27537
RAIL	14	34	10	73
CORRELATION	43	25	1143	1741
SQUARE	2064	117
FOLD	85	110	110	15996	15996	0	27803
RAIL	14	35	10	74
CORRELATION	44	25	1143	1741
SQUARE	2112	117
FOLD	86	111	111	16143	16143	0	28054
RAIL	13	35	10	75
CORRELATION	45	25	1143	1741
SQUARE	2160	117
FOLD	87	112	112	16287	16287	0	28654
RAIL	13	36	10	76
CORRELATION	46	27	1143	1741
SQUARE	2208	117
FOLD	88	113	113	16434	16434	0	29719
RAIL	24	24	10	77
CORRELATION	49	31	1143	1741
SQUARE	2352	117
FOLD	89	114	114	16578	16578	0	30026
RAIL	24	25	10	78
CORRELATION	50	31	1143	1741
SQUARE	2400	117
FOLD	90	115	115	16725	16725	0	31252
RAIL	23	25	10	79
CORRELATION	53	37	1143	1741
SQUARE	2544	119
FOLD	91	116	116	16869	16869	0	31545
RAIL	23	26	10	80
CORRELATION	54	37	1143	1741
SQUARE	2592	119
FOLD	92	117	117	17016	17016	0	31836
RAIL	4	44	10	81
CORRELATION	55	37	1143	1741
SQUARE	2640	119
FOLD	95	118	118	17163	17163	0	32595
RAIL	5	43	11	83
CORRELATION	59	37	1143	1741
SQUARE	2832	119
FOLD	99	118	118	17163	17163	0	34263
RAIL	6	42	14	85
CORRELATION	64	42	1143	1741
SQUARE	3072	119
FOLD	106	119	119	17310	17310	0	36620
RAIL	19	30	16	89
CORRELATION	70	47	1143	1741
SQUARE	3360	119
FOLD	107	120	120	17457	17457	0	37121
RAIL	8	40	16	90
CORRELATION	71	47	1143	1741
SQUARE	3408	119
FOLD	108	121	121	17601	17601	0	37609
RAIL	8	41	16	91
CORRELATION	72	47	1143	1741
SQUARE	3456	119
FOLD	109	122	122	17748	17748	0	38181
RAIL	18	30	16	92
CORRELATION	73	47	1143	1741
SQUARE	3504	119
FOLD	110	123	123	17892	17892	0	38917
RAIL	18	31	16	93
CORRELATION	74	49	1143	1741
SQUARE	3552	119
FOLD	111	124	124	18039	18039	0	39895
RAIL	9	39	16	94
CORRELATION	75	51	1143	1741
SQUARE	3600	119
FOLD	112	125	125	18183	18183	0	40350
RAIL	9	40	16	95
CORRELATION	76	51	1143	1741
SQUARE	3648	119
FOLD	113	126	126	18330	18330	0	40816
RAIL	17	31	16	96
CORRELATION	77	51	1143	1741
SQUARE	3696	119
FOLD	114	127	127	18474	18474	0	41942
RAIL	17	32	16	97
CORRELATION	78	54	1143	1741
SQUARE	3744	119
FOLD	115	128	128	18621	18621	0	42769
RAIL	10	38	16	98
CORRELATION	79	56	1143	1741
SQUARE	3792	119
FOLD	116	129	129	18765	18765	0	43223
RAIL	10	39	16	99
CORRELATION	80	56	1143	1741
SQUARE	3840	119
FOLD	117	130	130	18912	18912	0	43682
RAIL	16	32	16	100
CORRELATION	81	56	1143	1741
SQUARE	3888	119
FOLD	118	131	131	19056	19056	0	44115
RAIL	16	33	16	101
CORRELATION	82	56	1143	1741
SQUARE	3936	119
FOLD	119	132	132	19203	19203	0	44860
RAIL	11	37	16	102
CORRELATION	83	58	1143	1741
SQUARE	3984	119
FOLD	120	133	133	19347	19347	0	46186
RAIL	11	38	16	103
CORRELATION	84	61	1143	1741
SQUARE	4032	119
FOLD	121	134	134	19494	19494	0	46723
RAIL	15	33	16	104
CORRELATION	85	61	1143	1741
SQUARE	4080	119
FOLD	121	134	134	19494	19494	0	47103
RAIL	15	33	16	105
CORRELATION	85	61	1143	1741
SQUARE	4096	119
FOLD	122	135	135	19638	19638	0	47520
RAIL	15	34	16	105
CORRELATION	86	63	1143	1741
SQUARE	4128	119
FOLD	123	136	136	19785	19785	0	48237
RAIL	12	36	16	106
CORRELATION	87	65	1143	1741
SQUARE	4176	119
FOLD	124	137	137	19929	19929	0	48642
RAIL	12	37	16	107
CORRELATION	88	65	1143	1741
SQUARE	4224	119
FOLD	125	138	138	20076	20076	0	49185
RAIL	14	34	16	108
CORRELATION	89	65	1143	1741
SQUARE	4272	119
FOLD	126	139	139	20220	20220	0	49603
RAIL	14	35	16	109
CORRELATION	90	65	1143	1741
SQUARE	4320	119
FOLD	127	140	140	20367	20367	0	50027
RAIL	13	35	16	110
CORRELATION	91	65	1143	1741
SQUARE	4368	119
FOLD	128	141	141	20511	20511	0	50980
RAIL	13	36	16	111
CORRELATION	92	67	1143	1741
SQUARE	4416	119
FOLD	129	142	142	20658	20658	0	51805
RAIL	24	24	16	112
CORRELATION	95	71	1143	1741
SQUARE	4560	119
FOLD	130	143	143	20802	20802	0	52415
RAIL	24	25	16	113
CORRELATION	96	74	1143	1741
SQUARE	4608	119
FOLD	131	144	144	20949	20949	0	53419
RAIL	23	25	16	114
CORRELATION	99	77	1143	1741
SQUARE	4752	119
FOLD	132	145	145	21093	21093	0	53987
RAIL	23	26	16	115
CORRELATION	100	79	1143	1741
SQUARE	4800	119
FOLD	133	146	146	21240	21240	0	54435
RAIL	22	26	16	116
CORRELATION	103	79	1143	1741
SQUARE	4944	119
FOLD	134	147	147	21384	21384	0	54713
RAIL	22	27	16	117
CORRELATION	104	79	1143	1741
SQUARE	4992	119
FOLD	135	148	148	21531	21531	0	55185
RAIL	21	27	16	118
CORRELATION	107	79	1143	1741
SQUARE	5136	122
FOLD	136	149	149	21675	21675	0	55469
RAIL	21	28	16	119
CORRELATION	108	79	1143	1741
SQUARE	5184	122
FOLD	137	150	150	21822	21822	0	55898
RAIL	6	42	16	120
CORRELATION	109	82	1143	1741
SQUARE	5232	122
FOLD	140	151	151	21969	21969	0	57028
RAIL	7	41	17	122
CORRELATION	113	86	1143	1741
SQUARE	5424	122
FOLD	149	152	152	22113	22113	0	59540
RAIL	9	40	21	127
CORRELATION	122	94	1143	1741
SQUARE	5856	122
FOLD	150	153	153	22260	22260	0	59793
RAIL	17	31	21	128
CORRELATION	123	94	1143	1741
SQUARE	5904	122
FOLD	151	154	154	22404	22404	0	60383
RAIL	17	32	21	129
CORRELATION	124	96	1143	1741
SQUARE	5952	122
FOLD	152	155	155	22551	22551	0	60775
RAIL	10	38	21	130
CORRELATION	125	98	1143	1741
SQUARE	6000	122
FOLD	153	156	156	22695	22695	0	61080
RAIL	10	39	21	131
CORRELATION	126	98	1143	1741
SQUARE	6048	122
FOLD	154	157	157	22842	22842	0	61358
RAIL	16	32	21	132
CORRELATION	127	98	1143	1741
SQUARE	6096	122
FOLD	154	157	157	22842	22842	0	61983
RAIL	16	32	21	133
CORRELATION	128	100	1143	1741
SQUARE	6144	122
FOLD	155	158	158	22986	22986	0	61990
RAIL	16	33	21	133
CORRELATION	128	100	1143	1741
SQUARE	6144	122
FOLD	156	159	159	23133	23133	0	62743
RAIL	11	37	21	134
CORRELATION	129	102	1143	1741
SQUARE	6192	122
FOLD	157	160	160	23277	23277	0	63271
RAIL	11	38	21	135
CORRELATION	130	104	1143	1741
SQUARE	6240	122
FOLD	158	161	161	23424	23424	0	63531
RAIL	15	33	21	136
CORRELATION	131	104	1143	1741
SQUARE	6288	122
FOLD	159	162	162	23568	23568	0	63848
RAIL	15	34	21	137
CORRELATION	132	104	1143	1741
SQUARE	6336	122
FOLD	160	163	163	23715	23715	0	64378
RAIL	12	36	21	138
CORRELATION	133	106	1143	1741
SQUARE	6384	122
FOLD	161	164	164	23859	23859	0	64884
RAIL	12	37	21	139
CORRELATION	134	108	1143	1741
SQUARE	6432	122
FOLD	162	165	165	24006	24006	0	65254
RAIL	14	34	21	140
CORRELATION	135	108	1143	1741
SQUARE	6480	122
FOLD	163	166	166	24150	24150	0	67544
RAIL	14	35	21	141
CORRELATION	136	110	1143	1741
SQUARE	6528	122
FOLD	164	167	167	24297	24297	0	68207
RAIL	13	35	21	142
CORRELATION	137	112	1143	1741
SQUARE	6576	122
FOLD	165	168	168	24441	24441	0	68447
RAIL	13	36	21	143
CORRELATION	138	112	1143	1741
SQUARE	6624	122
FOLD	166	169	169	24588	24588	0	68877
RAIL	24	24	21	144
CORRELATION	141	112	1143	1741
SQUARE	6768	122
FOLD	167	170	170	24732	24732	0	69211
RAIL	24	25	21	145
CORRELATION	142	112	1143	1741
SQUARE	6816	122
FOLD	168	171	171	24879	24879	0	69815
RAIL	23	25	21	146
CORRELATION	145	114	1143	1741
SQUARE	6960	122
FOLD	169	172	172	25023	25023	0	70181
RAIL	23	26	21	147
CORRELATION	146	116	1143	1741
SQUARE	7008	122
FOLD	170	173	173	25170	25170	0	70982
RAIL	22	26	21	148
CORRELATION	149	119	1143	1741
SQUARE	7152	122
FOLD	171	174	174	25314	25314	0	71360
RAIL	22	27	21	149
CORRELATION	150	121	1143	1741
SQUARE	7200	122
FOLD	172	175	175	25461	25461	0	72146
RAIL	21	27	21	150
CORRELATION	153	125	1143	1741
SQUARE	7344	122
FOLD	173	176	176	25605	25605	0	72424
RAIL	21	28	21	151
CORRELATION	154	125	1143	1741
SQUARE	7392	122
FOLD	174	177	177	25752	25752	0	72676
RAIL	6	42	21	152
CORRELATION	155	125	1143	1741
SQUARE	7440	122
FOLD	177	178	178	25899	25899	0	73848
RAIL	7	41	22	154
CORRELATION	159	128	1143	1741
SQUARE	7632	122
FOLD	178	179	179	26043	26043	0	74098
RAIL	7	42	22	155
CORRELATION	160	128	1143	1741
SQUARE	7680	122
FOLD	181	180	180	26187	26187	0	74738
RAIL	8	40	23	157
CORRELATION	163	129	1143	1741
SQUARE	7824	122
FOLD	188	179	180	26040	26187	0	77101
RAIL	17	32	27	161
CORRELATION	170	140	1143	1741
SQUARE	8192	122
FOLD	190	181	181	26331	26331	0	77391
RAIL	10	39	27	162
CORRELATION	172	140	1143	1741
SQUARE	8256	122
FOLD	191	182	182	26478	26478	0	77638
RAIL	16	32	27	163
CORRELATION	173	140	1143	1741
SQUARE	8304	122
FOLD	192	183	183	26622	26622	0	77879
RAIL	16	33	27	164
CORRELATION	174	140	1143	1741
SQUARE	8352	122
FOLD	193	184	184	26769	26769	0	78144
RAIL	11	37	27	165
CORRELATION	175	140	1143	1741
SQUARE	8400	122
FOLD	194	185	185	26913	26913	0	78924
RAIL	11	38	27	166
CORRELATION	176	144	1143	1741
SQUARE	8448	122
FOLD	195	186	186	27060	27060	0	79287
RAIL	15	33	27	167
CORRELATION	177	146	1143	1741
SQUARE	8496	122
FOLD	196	187	187	27204	27204	0	79678
RAIL	15	34	27	168
CORRELATION	178	146	1143	1741
SQUARE	8544	122
FOLD	197	188	188	27351	27351	0	80374
RAIL	12	36	27	169
CORRELATION	179	149	1143	1741
SQUARE	8592	122
FOLD	198	189	189	27495	27495	0	80816
RAIL	12	37	27	170
CORRELATION	180	149	1143	1741
SQUARE	8640	122
FOLD	199	190	190	27642	27642	0	81702
RAIL	14	34	27	171
CORRELATION	181	150	1143	1741
SQUARE	8688	122
FOLD	200	191	191	27786	27786	0	82887
RAIL	14	35	27	172
CORRELATION	182	152	1143	1741
SQUARE	8736	122
FOLD	201	192	192	27933	27933	0	83495
RAIL	13	35	27	173
CORRELATION	183	152	1143	1741
SQUARE	8784	122
FOLD	202	193	193	28077	28077	0	84354
RAIL	13	36	27	174
CORRELATION	184	154	1143	1741
SQUARE	8832	122
FOLD	203	194	194	28224	28224	0	85524
RAIL	24	24	27	175
CORRELATION	187	156	1143	1741
SQUARE	8976	122
FOLD	204	195	195	28368	28368	0	85942
RAIL	24	25	27	176
CORRELATION	188	156	1143	1741
SQUARE	9024	122
FOLD	205	196	196	28515	28515	0	86665
RAIL	23	25	27	177
CORRELATION	191	158	1143	1741
SQUARE	9168	122
FOLD	206	197	197	28659	28659	0	87029
RAIL	23	26	27	178
CORRELATION	192	160	1143	1741
SQUARE	9216	122
FOLD	207	198	198	28806	28806	0	87964
RAIL	22	26	27	179
CORRELATION	195	163	1143	1741
SQUARE	9360	122
FOLD	208	199	199	28950	28950	0	88394
RAIL	22	27	27	180
CORRELATION	196	164	1143	1741
SQUARE	9408	122
FOLD	209	200	200	29097	29097	0	89390
RAIL	21	27	27	181
CORRELATION	199	167	1143	1741
SQUARE	9552	122
FOLD	210	201	201	29241	29241	0	89672
RAIL	21	28	27	182
CORRELATION	200	167	1143	1741
SQUARE	9600	122
FOLD	211	202	202	29388	29388	0	90669
RAIL	20	28	27	183
CORRELATION	203	170	1143	1741
SQUARE	9744	122
FOLD	212	203	203	29532	29532	0	91064
RAIL	20	29	27	184
CORRELATION	204	172	1143	1741
SQUARE	9792	122
FOLD	213	204	204	29679	29679	0	91421
RAIL	7	41	27	185
CORRELATION	205	174	1143	1741
SQUARE	9840	122
FOLD	216	205	205	29826	29826	0	92380
RAIL	8	40	28	187
CORRELATION	209	178	1143	1741
SQUARE	10032	124
FOLD	217	206	206	29970	29970	0	92702
RAIL	8	41	28	188
CORRELATION	210	180	1143	1741
SQUARE	10080	124
FOLD	218	207	207	30117	30117	0	92959
RAIL	18	30	28	189
CORRELATION	211	180	1143	1741
SQUARE	10128	124
FOLD	219	208	208	30261	30261	0	93221
RAIL	18	31	28	190
CORRELATION	212	180	1143	1741
SQUARE	10176	124
FOLD	220	209	209	30408	30408	0	93568
RAIL	9	39	28	191
CORRELATION	213	180	1143	1741
SQUARE	10224	124
FOLD	229	210	210	30552	30552	0	96752
RAIL	11	38	32	196
CORRELATION	222	187	1143	1741
SQUARE	10656	124
FOLD	232	211	211	30696	30696	0	98005
RAIL	12	36	33	198
CORRELATION	225	193	1143	1741
SQUARE	10800	124
FOLD	233	212	212	30840	30840	0	98326
RAIL	12	37	33	199
CORRELATION	226	193	1143	1741
SQUARE	10848	124
FOLD	234	213	213	30987	30987	0	99105
RAIL	14	34	33	200
CORRELATION	227	195	1143	1741
SQUARE	10896	124
FOLD	235	214	214	31131	31131	0	99380
RAIL	14	35	33	201
CORRELATION	228	195	1143	1741
SQUARE	10944	124
FOLD	236	215	215	31278	31278	0	99690
RAIL	13	35	33	202
CORRELATION	229	195	1143	1741
SQUARE	10992	124
FOLD	237	216	216	31422	31422	0	100076
RAIL	13	36	33	203
CORRELATION	230	198	1143	1741
SQUARE	11040	124
FOLD	238	217	217	31569	31569	0	100808
RAIL	24	24	33	204
CORRELATION	233	200	1143	1741
SQUARE	11184	124
FOLD	239	218	218	31713	31713	0	101141
RAIL	24	25	33	205
CORRELATION	234	200	1143	1741
SQUARE	11232	124
FOLD	240	219	219	31860	31860	0	101634
RAIL	23	25	33	206
CORRELATION	237	200	1143	1741
SQUARE	11376	124
FOLD	241	220	220	32004	32004	0	101933
RAIL	23	26	33	207
CORRELATION	238	200	1143	1741
SQUARE	11424	124
FOLD	242	221	221	32151	32151	0	102525
RAIL	22	26	33	208
CORRELATION	241	203	1143	1741
SQUARE	11568	124
FOLD	243	222	222	32295	32295	0	102824
RAIL	22	27	33	209
CORRELATION	242	203	1143	1741
SQUARE	11616	124
FOLD	244	223	223	32442	32442	0	103527
RAIL	21	27	33	210
CORRELATION	245	207	1143	1741
SQUARE	11760	124
FOLD	245	224	224	32586	32586	0	103852
RAIL	21	28	33	211
CORRELATION	246	207	1143	1741
SQUARE	11808	124
FOLD	246	225	225	32733	32733	0	104480
RAIL	20	28	33	212
CORRELATION	249	210	1143	1741
SQUARE	11952	124
FOLD	247	226	226	32877	32877	0	104798
RAIL	20	29	33	213
CORRELATION	250	210	1143	1741
SQUARE	12000	124
FOLD	248	227	227	33024	33024	0	105100
RAIL	7	41	33	214
CORRELATION	251	210	1143	1741
SQUARE	12048	124
FOLD	249	228	228	33168	33168	0	105969
RAIL	19	29	33	215
CORRELATION	253	214	1143	1741
SQUARE	12144	124
FOLD	250	229	229	33312	33312	0	106232
RAIL	19	30	33	216
CORRELATION	254	214	1143	1741
SQUARE	12192	124
FOLD	251	230	230	33459	33459	0	106914
RAIL	8	40	33	217
CORRELATION	255	218	1143	1741
SQUARE	12240	124
FOLD	251	230	230	33459	33459	0	107042
RAIL	8	40	34	217
CORRELATION	256	218	1143	1741
SQUARE	12288	124
FOLD	256	231	231	33603	33603	0	108033
RAIL	9	40	35	220
CORRELATION	260	218	1143	1741
SQUARE	12480	124
FOLD	257	232	232	33750	33750	0	108479
RAIL	17	31	35	221
CORRELATION	261	221	1143	1741
SQUARE	12528	124
FOLD	258	233	233	33894	33894	0	108855
RAIL	17	32	35	222
CORRELATION	262	222	1143	1741
SQUARE	12576	124
FOLD	259	234	234	34041	34041	0	109431
RAIL	10	38	35	223
CORRELATION	263	224	1143	1741
SQUARE	12624	124
FOLD	268	235	235	34185	34185	0	113626
RAIL	12	37	39	228
CORRELATION	272	234	1143	1741
SQUARE	13056	124
FOLD	271	236	236	34329	34329	0	114793
RAIL	13	35	40	230
CORRELATION	275	234	1143	1741
SQUARE	13200	124
FOLD	272	237	237	34473	34473	0	115131
RAIL	13	36	40	231
CORRELATION	276	234	1143	1741
SQUARE	13248	124
FOLD	273	238	238	34620	34620	0	115911
RAIL	24	24	40	232
CORRELATION	279	237	1143	1741
SQUARE	13392	124
FOLD	274	239	239	34764	34764	0	116214
RAIL	24	25	40	233
CORRELATION	280	237	1143	1741
SQUARE	13440	124
FOLD	275	240	240	34911	34911	0	117269
RAIL	23	25	40	234
CORRELATION	283	243	1143	1741
SQUARE	13584	124
FOLD	276	241	241	35055	35055	0	117609
RAIL	23	26	40	235
CORRELATION	284	243	1143	1741
SQUARE	13632	124
FOLD	277	242	242	35202	35202	0	118108
RAIL	22	26	40	236
CORRELATION	287	243	1143	1741
SQUARE	13776	124
FOLD	278	243	243	35346	35346	0	118491
RAIL	22	27	40	237
CORRELATION	288	243	1143	1741
SQUARE	13824	124
FOLD	279	244	244	35493	35493	0	119265
RAIL	21	27	40	238
CORRELATION	291	249	1143	1741
SQUARE	13968	124
FOLD	280	245	245	35637	35637	0	119608
RAIL	21	28	40	239
CORRELATION	292	249	1143	1741
SQUARE	14016	124
FOLD	281	246	246	35784	35784	0	120400
RAIL	20	28	40	240
CORRELATION	295	252	1143	1741
SQUARE	14160	124
FOLD	282	247	247	35928	35928	0	120766
RAIL	20	29	40	241
CORRELATION	296	253	1143	1741
SQUARE	14208	124
FOLD	283	248	248	36075	36075	0	121158
RAIL	7	41	40	242
CORRELATION	297	253	1143	1741
SQUARE	14256	124
FOLD	286	249	249	36222	36222	0	122378
RAIL	8	40	41	244
CORRELATION	301	258	1143	1741
SQUARE	14448	124
FOLD	295	250	250	36366	36366	0	125701
RAIL	10	39	45	249
CORRELATION	310	263	1143	1741
SQUARE	14880	124
FOLD	298	251	251	36510	36510	0	126932
RAIL	11	37	46	251
CORRELATION	313	267	1143	1741
SQUARE	15024	124
FOLD	301	252	252	36657	36657	0	128296
RAIL	15	34	47	253
CORRELATION	316	270	1143	1741
SQUARE	15168	124
FOLD	302	253	253	36804	36804	0	128603
RAIL	12	36	47	254
CORRELATION	317	270	1143	1741
SQUARE	15216	124
FOLD	307	254	254	36948	36948	0	130383
RAIL	13	36	49	257
CORRELATION	322	275	1143	1741
SQUARE	15456	124
FOLD	310	255	255	37092	37092	0	131897
RAIL	23	25	50	259
CORRELATION	329	279	1143	1741
SQUARE	15792	124
FOLD	311	256	256	37236	37236	0	132158
RAIL	23	26	50	260
CORRELATION	330	279	1143	1741
SQUARE	15840	124
FOLD	312	257	257	37383	37383	0	132853
RAIL	22	26	50	261
CORRELATION	333	282	1143	1741
SQUARE	15984	124
FOLD	313	258	258	37527	37527	0	133339
RAIL	22	27	50	262
CORRELATION	334	283	1143	1741
SQUARE	16032	124
FOLD	314	259	259	37674	37674	0	134217
RAIL	21	27	50	263
CORRELATION	337	287	1143	1741
SQUARE	16176	124
FOLD	315	260	260	37818	37818	0	134483
RAIL	21	28	50	264
CORRELATION	338	287	1143	1741
SQUARE	16224	124
FOLD	316	261	261	37965	37965	0	135026
RAIL	20	28	50	265
CORRELATION	341	290	1143	1741
SQUARE	16368	124
FOLD	316	261	261	37965	37965	0	135261
RAIL	20	28	50	266
CORRELATION	341	290	1143	1741
SQUARE	16384	124
FOLD	317	262	262	38109	38109	0	135604
RAIL	20	29	50	266
CORRELATION	342	294	1143	1741
SQUARE	16416	124
FOLD	318	263	263	38256	38256	0	135902
RAIL	7	41	50	267
CORRELATION	343	294	1143	1741
SQUARE	16464	124
FOLD	321	264	264	38403	38403	0	136728
RAIL	8	40	51	269
CORRELATION	347	296	1143	1741
SQUARE	16656	124
FOLD	322	265	265	38547	38547	0	137120
RAIL	8	41	51	270
CORRELATION	348	298	1143	1741
SQUARE	16704	124
FOLD	323	266	266	38694	38694	0	137405
RAIL	18	30	51	271
CORRELATION	349	298	1143	1741
SQUARE	16752	124
FOLD	324	267	267	38838	38838	0	137815
RAIL	18	31	51	272
CORRELATION	350	301	1143	1741
SQUARE	16800	124
FOLD	325	268	268	38985	38985	0	138071
RAIL	9	39	51	273
CORRELATION	351	301	1143	1741
SQUARE	16848	124
FOLD	332	269	269	39132	39132	0	139752
RAIL	16	33	54	277
CORRELATION	358	307	1143	1741
SQUARE	17184	124
FOLD	333	270	270	39279	39279	0	140378
RAIL	11	37	54	278
CORRELATION	359	307	1143	1741
SQUARE	17232	124
FOLD	334	271	271	39423	39423	0	141375
RAIL	11	38	54	279
CORRELATION	360	312	1143	1741
SQUARE	17280	124
FOLD	337	272	272	39567	39567	0	142385
RAIL	12	36	55	281
CORRELATION	363	314	1143	1741
SQUARE	17424	124
FOLD	340	273	273	39714	39714	0	143229
RAIL	14	35	56	283
CORRELATION	366	315	1143	1741
SQUARE	17568	124
FOLD	347	274	274	39858	39858	0	146706
RAIL	22	26	59	287
CORRELATION	379	329	1143	1741
SQUARE	18192	124
FOLD	348	275	275	40002	40002	0	147089
RAIL	22	27	59	288
CORRELATION	380	331	1143	1741
SQUARE	18240	124
FOLD	349	276	276	40149	40149	0	147655
RAIL	21	27	59	289
CORRELATION	383	334	1143	1741
SQUARE	18384	124
FOLD	350	277	277	40293	40293	0	147936
RAIL	21	28	59	290
CORRELATION	384	334	1143	1741
SQUARE	18432	124
FOLD	351	278	278	40440	40440	0	148641
RAIL	20	28	59	291
CORRELATION	387	338	1143	1741
SQUARE	18576	124
FOLD	352	279	279	40584	40584	0	149043
RAIL	20	29	59	292
CORRELATION	388	338	1143	1741
SQUARE	18624	124
FOLD	353	280	280	40731	40731	0	149667
RAIL	19	29	59	293
CORRELATION	391	341	1143	1741
SQUARE	18768	124
FOLD	354	281	281	40875	40875	0	150495
RAIL	19	30	59	294
CORRELATION	392	342	1143	1741
SQUARE	18816	124
FOLD	355	282	282	41022	41022	0	150894
RAIL	8	40	59	295
CORRELATION	393	342	1143	1741
SQUARE	18864	124
FOLD	356	283	283	41166	41166	0	151495
RAIL	8	41	59	296
CORRELATION	394	345	1143	1741
SQUARE	18912	124
FOLD	359	284	284	41310	41310	0	153259
RAIL	9	39	60	298
CORRELATION	397	349	1143	1741
SQUARE	19056	124
FOLD	360	285	285	41454	41454	0	153597
RAIL	9	40	60	299
CORRELATION	398	349	1143	1741
SQUARE	19104	124
FOLD	361	286	286	41601	41601	0	154009
RAIL	17	31	60	300
CORRELATION	399	351	1143	1741
SQUARE	19152	124
FOLD	362	287	287	41745	41745	0	154385
RAIL	17	32	60	301
CORRELATION	400	351	1143	1741
SQUARE	19200	124
FOLD	363	288	288	41892	41892	0	154746
RAIL	10	38	60	302
CORRELATION	401	351	1143	1741
SQUARE	19248	124
FOLD	370	289	289	42039	42039	0	157413
RAIL	15	34	63	306
CORRELATION	408	356	1143	1741
SQUARE	19584	124
FOLD	381	290	290	42183	42183	0	161340
RAIL	22	26	68	312
CORRELATION	425	370	1143	1741
SQUARE	20400	127
FOLD	382	291	291	42327	42327	0	161817
RAIL	22	27	68	313
CORRELATION	426	372	1143	1741
SQUARE	20448	127
FOLD	383	292	292	42474	42474	0	162866
RAIL	21	27	68	314
CORRELATION	429	377	1143	1741
SQUARE	20592	127
FOLD	384	293	293	42618	42618	0	163156
RAIL	21	28	68	315
CORRELATION	430	377	1143	1741
SQUARE	20640	127
FOLD	385	294	294	42765	42765	0	163667
RAIL	20	28	68	316
CORRELATION	433	377	1143	1741
SQUARE	20784	127
FOLD	386	295	295	42909	42909	0	163997
RAIL	20	29	68	317
CORRELATION	434	377	1143	1741
SQUARE	20832	127
FOLD	387	296	296	43056	43056	0	165008
RAIL	19	29	68	318
CORRELATION	437	382	1143	1741
SQUARE	20976	127
FOLD	388	297	297	43200	43200	0	165459
RAIL	19	30	68	319
CORRELATION	438	384	1143	1741
SQUARE	21024	127
FOLD	389	298	298	43347	43347	0	165784
RAIL	8	40	68	320
CORRELATION	439	384	1143	1741
SQUARE	21072	127
FOLD	394	299	299	43491	43491	0	168011
RAIL	9	40	70	323
CORRELATION	444	391	1143	1741
SQUARE	21312	127
FOLD	397	300	300	43635	43635	0	169039
RAIL	10	38	71	325
CORRELATION	447	394	1143	1741
SQUARE	21456	127
FOLD	398	301	301	43779	43779	0	169349
RAIL	10	39	71	326
CORRELATION	448	394	1143	1741
SQUARE	21504	127
FOLD	399	302	302	43926	43926	0	169693
RAIL	16	32	71	327
CORRELATION	449	394	1143	1741
SQUARE	21552	127
FOLD	400	303	303	44070	44070	0	170100
RAIL	16	33	71	328
CORRELATION	450	395	1143	1741
SQUARE	21600	127
FOLD	417	304	304	44217	44217	0	176954
RAIL	21	27	79	337
CORRELATION	475	422	1143	1741
SQUARE	22800	127
FOLD	418	305	305	44361	44361	0	177311
RAIL	21	28	79	338
CORRELATION	476	422	1143	1741
SQUARE	22848	127
FOLD	419	306	306	44508	44508	0	178263
RAIL	20	28	79	339
CORRELATION	479	428	1143	1741
SQUARE	22992	127
FOLD	420	307	307	44652	44652	0	178672
RAIL	20	29	79	340
CORRELATION	480	428	1143	1741
SQUARE	23040	127
FOLD	421	308	308	44799	44799	0	179517
RAIL	19	29	79	341
CORRELATION	483	432	1143	1741
SQUARE	23184	127
FOLD	422	309	309	44943	44943	0	179801
RAIL	19	30	79	342
CORRELATION	484	432	1143	1741
SQUARE	23232	127
FOLD	423	310	310	45090	45090	0	180266
RAIL	8	40	79	343
CORRELATION	485	434	1143	1741
SQUARE	23280	127
FOLD	426	311	311	45237	45237	0	181592
RAIL	9	39	80	345
CORRELATION	489	437	1143	1741
SQUARE	23472	127
FOLD	429	312	312	45384	45384	0	182350
RAIL	17	32	81	347
CORRELATION	492	437	1143	1741
SQUARE	23616	127
FOLD	445	308	312	44796	45384	0	189346
RAIL	24	25	91	354
CORRELATION	512	460	1143	1741
SQUARE	24576	127
FOLD	450	313	313	45525	45525	0	191584
RAIL	21	27	91	358
CORRELATION	521	466	1143	1741
SQUARE	25008	127
FOLD	451	314	314	45669	45669	0	192081
RAIL	21	28	91	359
CORRELATION	522	468	1143	1741
SQUARE	25056	127
FOLD	452	315	315	45816	45816	0	193130
RAIL	20	28	91	360
CORRELATION	525	471	1143	1741
SQUARE	25200	127
FOLD	453	316	316	45960	45960	0	193917
RAIL	20	29	91	361
CORRELATION	526	473	1143	1741
SQUARE	25248	127
FOLD	454	317	317	46107	46107	0	194818
RAIL	19	29	91	362
CORRELATION	529	475	1143	1741
SQUARE	25392	127
FOLD	455	318	318	46251	46251	0	195156
RAIL	19	30	91	363
CORRELATION	530	475	1143	1741
SQUARE	25440	127
FOLD	456	319	319	46398	46398	0	195569
RAIL	8	40	91	364
CORRELATION	531	477	1143	1741
SQUARE	25488	127
FOLD	457	320	320	46542	46542	0	196441
RAIL	18	30	91	365
CORRELATION	533	480	1143	1741
SQUARE	25584	127
FOLD	458	321	321	46686	46686	0	196791
RAIL	18	31	91	366
CORRELATION	534	480	1143	1741
SQUARE	25632	127
FOLD	485	322	322	46830	46830	0	208403
RAIL	20	28	104	380
CORRELATION	571	508	1143	1741
SQUARE	27408	127
FOLD	486	323	323	46974	46974	0	208723
RAIL	20	29	104	381
CORRELATION	572	508	1143	1741
SQUARE	27456	127
FOLD	487	324	324	47121	47121	0	209483
RAIL	19	29	104	382
CORRELATION	575	509	1143	1741
SQUARE	27600	127
FOLD	488	325	325	47265	47265	0	209882
RAIL	19	30	104	383
CORRELATION	576	511	1143	1741
SQUARE	27648	127
FOLD	512	323	325	46977	47265	0	218301
RAIL	23	25	117	394
CORRELATION	605	536	1143	1741
SQUARE	29040	127
FOLD	515	326	326	47412	47412	0	219513
RAIL	22	27	117	397
CORRELATION	610	542	1143	1741
SQUARE	29280	127
FOLD	516	327	327	47559	47559	0	220077
RAIL	21	27	117	398
CORRELATION	613	544	1143	1741
SQUARE	29424	127
FOLD	517	328	328	47703	47703	0	220655
RAIL	21	28	117	399
CORRELATION	614	546	1143	1741
SQUARE	29472	127
FOLD	518	329	329	47850	47850	0	221454
RAIL	20	28	117	400
CORRELATION	617	548	1143	1741
SQUARE	29616	127
FOLD	519	330	330	47994	47994	0	221873
RAIL	20	29	117	401
CORRELATION	618	549	1143	1741
SQUARE	29664	127
FOLD	546	331	331	48141	48141	0	232237
RAIL	23	26	130	415
CORRELATION	652	580	1143	1741
SQUARE	31296	127
FOLD	547	332	332	48288	48288	0	232880
RAIL	22	26	130	416
CORRELATION	655	580	1143	1741
SQUARE	31440	127
FOLD	548	333	333	48432	48432	0	233499
RAIL	22	27	130	417
CORRELATION	656	582	1143	1741
SQUARE	31488	127
FOLD	549	334	334	48579	48579	0	234354
RAIL	21	27	130	418
CORRELATION	659	584	1143	1741
SQUARE	31632	127
FOLD	550	335	335	48723	48723	0	235023
RAIL	21	28	130	419
CORRELATION	660	587	1143	1741
SQUARE	31680	127
FOLD	567	328	335	47709	48723	0	241207
RAIL	11	38	142	425
CORRELATION	682	610	1143	1741
SQUARE	32768	127
FOLD	682	317	335	46110	48723	0	296629
RAIL	20	29	206	476
CORRELATION	849	763	1143	1741
SQUARE	40796	129
FRAME	24	23	1	4	298404
RESULT	closed	12299761	15296381	298417	2480	1	1	208	543
