INPUT	18446743979220271189	64	33	324
FRAME	1	0	1	1	2
FOLD	1	1	1	65	65	0	11
FOLD	2	1	1	64	65	0	23
FOLD	4	2	2	130	130	0	42
FOLD	5	3	3	195	195	0	102
FOLD	6	4	4	260	260	0	144
FOLD	7	5	5	325	325	0	330
FOLD	8	6	6	390	390	0	547
FOLD	9	7	7	455	455	0	833
FOLD	10	8	8	520	520	0	901
FOLD	11	9	9	585	585	0	958
FOLD	12	10	10	650	650	0	999
FOLD	13	11	11	715	715	0	1040
FOLD	14	12	12	780	780	0	1106
FOLD	15	13	13	845	845	0	1178
FOLD	16	14	14	910	910	0	1557
FOLD	17	15	15	975	975	0	2246
FOLD	18	16	16	1040	1040	0	2321
FOLD	19	17	17	1105	1105	0	2401
FOLD	20	18	18	1170	1170	0	2506
FOLD	21	19	19	1235	1235	0	2621
FOLD	22	20	20	1300	1300	0	2726
FOLD	23	21	21	1365	1365	0	2866
FOLD	24	22	22	1430	1430	0	3011
FOLD	25	23	23	1495	1495	0	3629
FOLD	26	24	24	1560	1560	0	4003
FOLD	27	25	25	1625	1625	0	4242
FOLD	28	26	26	1690	1690	0	4436
FOLD	29	27	27	1755	1755	0	4669
FOLD	30	28	28	1820	1820	0	4877
FOLD	31	29	29	1885	1885	0	5655
FOLD	32	30	30	1950	1950	0	6362
FOLD	64	28	30	1820	1950	0	13598
FOLD	128	26	30	1690	1950	0	24727
FOLD	256	24	30	1560	1950	0	49339
FOLD	512	24	30	1560	1950	0	95547
FOLD	1024	22	30	1430	1950	0	182576
FOLD	2048	26	30	1690	1950	0	351556
FOLD	4096	26	30	1690	1950	0	671660
FOLD	8192	24	30	1560	1950	0	1293506
FOLD	16384	24	30	1560	1950	0	2485146
FOLD	32768	26	30	1690	1950	0	4778074
