INPUT	11647198307356338841	64	27	324
FRAME	1	0	1	1	12
FOLD	1	1	1	192	192	0	30
RAIL	2	62	0	0
FOLD	2	1	1	195	195	0	73
RAIL	2	63	1	0
FOLD	4	3	3	579	579	0	424
RAIL	32	33	2	1
FOLD	5	5	5	966	966	0	744
RAIL	3	61	2	2
FOLD	8	7	7	1353	1353	0	2113
RAIL	31	34	4	3
FOLD	9	9	9	1740	1740	0	2427
RAIL	4	60	4	4
FOLD	10	11	11	2127	2127	0	2683
RAIL	4	61	4	5
FOLD	12	13	13	2511	2511	0	2991
RAIL	30	35	5	6
FOLD	13	15	15	2898	2898	0	3276
RAIL	5	59	5	7
FOLD	14	17	17	3285	3285	0	3623
RAIL	5	60	5	8
FOLD	16	19	19	3669	3669	0	3950
RAIL	29	36	6	9
FOLD	17	21	21	4056	4056	0	4359
RAIL	6	58	6	10
FOLD	18	23	23	4443	4443	0	4608
RAIL	6	59	6	11
FOLD	19	25	25	4830	4830	0	4867
RAIL	28	36	6	12
FOLD	20	27	27	5217	5217	0	5165
RAIL	28	37	6	13
FOLD	21	29	29	5604	5604	0	5475
RAIL	7	57	6	14
FOLD	22	31	31	5991	5991	0	5954
RAIL	7	58	6	15
FOLD	23	33	33	6378	6378	0	6257
RAIL	27	37	6	16
FOLD	24	35	35	6765	6765	0	6557
RAIL	27	38	6	17
FOLD	25	37	37	7152	7152	0	6830
RAIL	8	56	6	18
FOLD	26	39	39	7539	7539	0	7109
RAIL	8	57	6	19
FOLD	27	41	41	7926	7926	0	7442
RAIL	26	38	6	20
FOLD	28	43	43	8313	8313	0	7844
RAIL	26	39	6	21
FOLD	29	45	45	8700	8700	0	8155
RAIL	9	55	6	22
FOLD	30	47	47	9087	9087	0	8399
RAIL	9	56	6	23
FOLD	31	49	49	9474	9474	0	8717
RAIL	25	39	6	24
FOLD	32	51	51	9861	9861	0	9938
RAIL	25	40	6	25
FOLD	33	53	53	10248	10248	0	10323
RAIL	10	54	6	26
FOLD	34	55	55	10635	10635	0	10621
RAIL	10	55	6	27
FOLD	35	57	57	11022	11022	0	10885
RAIL	24	40	6	28
FOLD	36	59	59	11409	11409	0	11160
RAIL	24	41	6	29
FOLD	37	61	61	11796	11796	0	11445
RAIL	11	53	6	30
FOLD	38	63	63	12183	12183	0	11737
RAIL	11	54	6	31
FOLD	39	65	65	12570	12570	0	12074
RAIL	23	41	6	32
FOLD	40	67	67	12957	12957	0	12342
RAIL	23	42	6	33
FOLD	41	69	69	13344	13344	0	12765
RAIL	12	52	6	34
FOLD	42	71	71	13731	13731	0	13011
RAIL	12	53	6	35
FOLD	43	73	73	14118	14118	0	13275
RAIL	22	42	6	36
FOLD	44	75	75	14505	14505	0	13599
RAIL	22	43	6	37
FOLD	45	77	77	14892	14892	0	13945
RAIL	13	51	6	38
FOLD	46	79	79	15279	15279	0	15181
RAIL	13	52	6	39
FOLD	47	81	81	15666	15666	0	15460
RAIL	21	43	6	40
FOLD	48	83	83	16053	16053	0	15765
RAIL	21	44	6	41
FOLD	49	85	85	16440	16440	0	16059
RAIL	14	50	6	42
FOLD	50	87	87	16827	16827	0	16296
RAIL	14	51	6	43
FOLD	51	89	89	17214	17214	0	16566
RAIL	20	44	6	44
FOLD	52	91	91	17601	17601	0	16887
RAIL	20	45	6	45
FOLD	53	93	93	17988	17988	0	17242
RAIL	15	49	6	46
FOLD	54	95	95	18375	18375	0	17492
RAIL	15	50	6	47
FOLD	55	97	97	18762	18762	0	17770
RAIL	19	45	6	48
FOLD	56	99	99	19149	19149	0	18120
RAIL	19	46	6	49
FOLD	57	101	101	19536	19536	0	18395
RAIL	16	48	6	50
FOLD	58	103	103	19923	19923	0	18699
RAIL	16	49	6	51
FOLD	59	105	105	20310	20310	0	18969
RAIL	18	46	6	52
FOLD	60	107	107	20697	20697	0	20258
RAIL	18	47	6	53
FOLD	61	109	109	21084	21084	0	20569
RAIL	17	47	6	54
FOLD	62	111	111	21471	21471	0	20900
RAIL	17	48	6	55
FOLD	63	112	112	21666	21666	0	21221
RAIL	32	32	6	56
FOLD	64	113	113	21858	21858	0	21551
RAIL	32	32	6	57
FOLD	65	114	114	22050	22050	0	21891
RAIL	32	32	6	58
FOLD	66	115	115	22242	22242	0	22242
RAIL	32	32	6	59
FOLD	67	116	116	22434	22434	0	22547
RAIL	32	33	6	60
FOLD	68	117	117	22629	22629	0	22914
RAIL	32	32	6	61
FOLD	69	118	118	22821	22821	0	23204
RAIL	32	32	6	62
FOLD	70	119	119	23013	23013	0	23480
RAIL	32	32	6	63
FOLD	71	120	120	23205	23205	0	23770
RAIL	31	33	6	64
FOLD	72	121	121	23397	23397	0	24068
RAIL	32	32	6	65
FOLD	73	122	122	23589	23589	0	24348
RAIL	31	34	6	66
FOLD	74	123	123	23784	23784	0	24680
RAIL	32	32	6	67
FOLD	75	124	124	23976	23976	0	25191
RAIL	4	60	6	68
FOLD	78	125	125	24168	24168	0	26050
RAIL	30	34	7	70
FOLD	79	126	126	24360	24360	0	26410
RAIL	32	32	7	71
FOLD	80	127	127	24552	24552	0	26736
RAIL	30	35	7	72
FOLD	81	128	128	24747	24747	0	27133
RAIL	32	32	7	73
FOLD	82	129	129	24939	24939	0	27492
RAIL	5	59	7	74
FOLD	85	130	130	25131	25131	0	28295
RAIL	29	35	8	76
FOLD	86	131	131	25323	25323	0	28613
RAIL	32	32	8	77
FOLD	87	132	132	25515	25515	0	28923
RAIL	29	36	8	78
FOLD	88	133	133	25710	25710	0	29222
RAIL	32	32	8	79
FOLD	89	134	134	25902	25902	0	29593
RAIL	6	58	8	80
FOLD	90	135	135	26094	26094	0	29847
RAIL	32	32	8	81
FOLD	91	136	136	26286	26286	0	30255
RAIL	6	59	8	82
FOLD	94	137	137	26475	26475	0	31018
RAIL	32	32	9	84
FOLD	95	138	138	26667	26667	0	31360
RAIL	28	37	9	85
FOLD	96	139	139	26862	26862	0	31809
RAIL	32	32	9	86
FOLD	97	140	140	27054	27054	0	32172
RAIL	7	57	9	87
FOLD	98	141	141	27246	27246	0	32422
RAIL	32	32	9	88
FOLD	99	142	142	27438	27438	0	32774
RAIL	7	58	9	89
FOLD	100	143	143	27633	27633	0	33044
RAIL	32	32	9	90
FOLD	101	144	144	27825	27825	0	33485
RAIL	27	37	9	91
FOLD	102	145	145	28017	28017	0	33767
RAIL	32	32	9	92
FOLD	103	146	146	28209	28209	0	34129
RAIL	27	38	9	93
FOLD	104	147	147	28404	28404	0	34415
RAIL	32	32	9	94
FOLD	105	148	148	28596	28596	0	34855
RAIL	8	56	9	95
FOLD	106	149	149	28788	28788	0	35150
RAIL	32	32	9	96
FOLD	111	150	150	28983	28983	0	36482
RAIL	26	39	11	99
FOLD	112	151	151	29178	29178	0	36883
RAIL	32	32	11	100
FOLD	117	152	152	29373	29373	0	38235
RAIL	25	39	13	103
FOLD	118	153	153	29565	29565	0	38611
RAIL	32	32	13	104
FOLD	119	154	154	29757	29757	0	38999
RAIL	25	40	13	105
FOLD	120	155	155	29952	29952	0	39378
RAIL	32	32	13	106
FOLD	125	156	156	30147	30147	0	40850
RAIL	24	40	15	109
FOLD	126	157	157	30339	30339	0	41197
RAIL	32	32	15	110
FOLD	128	157	157	30342	30342	0	41651
RAIL	32	32	16	111
FOLD	131	158	158	30534	30534	0	42774
RAIL	11	54	17	113
FOLD	132	159	159	30729	30729	0	43139
RAIL	32	32	17	114
FOLD	133	160	160	30921	30921	0	43565
RAIL	23	41	17	115
FOLD	134	161	161	31113	31113	0	43883
RAIL	32	32	17	116
FOLD	135	162	162	31305	31305	0	44366
RAIL	23	42	17	117
FOLD	136	163	163	31500	31500	0	44650
RAIL	32	32	17	118
FOLD	141	164	164	31695	31695	0	45931
RAIL	22	42	19	121
FOLD	142	165	165	31887	31887	0	46284
RAIL	32	32	19	122
FOLD	147	166	166	32082	32082	0	47716
RAIL	13	52	21	125
FOLD	148	167	167	32277	32277	0	47994
RAIL	32	32	21	126
FOLD	149	168	168	32469	32469	0	48422
RAIL	21	43	21	127
FOLD	150	169	169	32661	32661	0	48705
RAIL	32	32	21	128
FOLD	153	170	170	32856	32856	0	50729
RAIL	14	50	22	130
FOLD	154	171	171	33048	33048	0	50993
RAIL	32	32	22	131
FOLD	159	172	172	33243	33243	0	52000
RAIL	20	45	24	134
FOLD	160	173	173	33438	33438	0	52288
RAIL	32	32	24	135
FOLD	165	174	174	33633	33633	0	53624
RAIL	19	45	26	138
FOLD	166	175	175	33825	33825	0	53941
RAIL	32	32	26	139
FOLD	167	176	176	34017	34017	0	54363
RAIL	19	46	26	140
FOLD	168	177	177	34212	34212	0	54699
RAIL	32	32	26	141
FOLD	169	178	178	34404	34404	0	55086
RAIL	16	48	26	142
FOLD	170	179	179	34596	34596	0	55399
RAIL	32	32	26	143
FOLD	171	180	180	34788	34788	0	55872
RAIL	16	49	26	144
FOLD	172	181	181	34983	34983	0	56136
RAIL	32	32	26	145
FOLD	177	182	182	35178	35178	0	57483
RAIL	17	47	28	148
FOLD	178	183	183	35370	35370	0	57782
RAIL	32	32	28	149
FOLD	183	184	184	35565	35565	0	59212
RAIL	32	32	30	152
FOLD	192	185	185	35763	35763	0	61556
RAIL	4	60	34	157
FOLD	195	186	186	35955	35955	0	62413
RAIL	30	34	35	159
FOLD	196	187	187	36147	36147	0	62756
RAIL	32	32	35	160
FOLD	215	188	188	36345	36345	0	67192
RAIL	32	32	44	170
FOLD	222	189	189	36537	36537	0	68822
RAIL	8	56	47	174
FOLD	223	190	190	36729	36729	0	69072
RAIL	32	32	47	175
FOLD	224	191	191	36921	36921	0	69416
RAIL	8	57	47	176
FOLD	227	192	192	37110	37110	0	70132
RAIL	32	32	48	178
FOLD	228	193	193	37302	37302	0	70570
RAIL	26	39	48	179
FOLD	229	194	194	37497	37497	0	70860
RAIL	32	32	48	180
FOLD	234	195	195	37692	37692	0	72167
RAIL	25	39	50	183
FOLD	235	196	196	37884	37884	0	72475
RAIL	32	32	50	184
FOLD	238	197	197	38079	38079	0	73408
RAIL	10	54	51	186
FOLD	239	198	198	38271	38271	0	73655
RAIL	32	32	51	187
FOLD	244	199	199	38466	38466	0	74616
RAIL	24	41	53	190
FOLD	245	200	200	38661	38661	0	74906
RAIL	32	32	53	191
FOLD	246	201	201	38853	38853	0	75261
RAIL	11	53	53	192
FOLD	247	202	202	39045	39045	0	75509
RAIL	32	32	53	193
FOLD	250	203	203	39240	39240	0	76469
RAIL	23	41	54	195
FOLD	251	204	204	39432	39432	0	76761
RAIL	32	32	54	196
FOLD	256	205	205	39627	39627	0	77685
RAIL	12	53	56	199
FOLD	257	206	206	39822	39822	0	77936
RAIL	32	32	56	200
FOLD	262	207	207	40017	40017	0	79151
RAIL	13	51	58	203
FOLD	263	208	208	40209	40209	0	79399
RAIL	32	32	58	204
FOLD	264	209	209	40401	40401	0	79837
RAIL	13	52	58	205
FOLD	265	210	210	40596	40596	0	80097
RAIL	32	32	58	206
FOLD	266	211	211	40788	40788	0	80459
RAIL	21	43	58	207
FOLD	267	212	212	40980	40980	0	80801
RAIL	32	32	58	208
FOLD	272	213	213	41175	41175	0	82050
RAIL	14	51	60	211
FOLD	273	214	214	41370	41370	0	82306
RAIL	32	32	60	212
FOLD	278	215	215	41565	41565	0	83645
RAIL	15	49	62	215
FOLD	279	216	216	41757	41757	0	83940
RAIL	32	32	62	216
FOLD	280	217	217	41949	41949	0	84340
RAIL	15	50	62	217
FOLD	281	218	218	42144	42144	0	84606
RAIL	32	32	62	218
FOLD	286	219	219	42339	42339	0	85947
RAIL	16	48	64	221
FOLD	287	220	220	42531	42531	0	86291
RAIL	32	32	64	222
FOLD	292	221	221	42726	42726	0	87631
RAIL	18	47	66	225
FOLD	293	222	222	42921	42921	0	87956
RAIL	32	32	66	226
FOLD	294	223	223	43113	43113	0	88327
RAIL	17	47	66	227
FOLD	295	224	224	43305	43305	0	88647
RAIL	32	32	66	228
FOLD	296	225	225	43497	43497	0	89030
RAIL	17	48	66	229
FOLD	297	226	226	43692	43692	0	89371
RAIL	32	32	66	230
FOLD	298	227	227	43884	43884	0	89816
RAIL	32	32	66	231
FOLD	307	228	228	44079	44079	0	92139
RAIL	31	34	70	236
FOLD	308	229	229	44274	44274	0	92464
RAIL	32	32	70	237
FOLD	317	230	230	44469	44469	0	94853
RAIL	29	35	74	242
FOLD	318	231	231	44661	44661	0	95169
RAIL	32	32	74	243
FOLD	319	232	232	44853	44853	0	95552
RAIL	29	36	74	244
FOLD	320	233	233	45048	45048	0	95854
RAIL	32	32	74	245
FOLD	345	234	234	45243	45243	0	101263
RAIL	32	32	86	258
FOLD	346	235	235	45435	45435	0	101644
RAIL	9	56	86	259
FOLD	349	236	236	45624	45624	0	102477
RAIL	32	32	87	261
FOLD	350	237	237	45816	45816	0	102867
RAIL	25	40	87	262
FOLD	351	238	238	46011	46011	0	103123
RAIL	32	32	87	263
FOLD	352	239	239	46203	46203	0	103533
RAIL	10	54	87	264
FOLD	353	240	240	46395	46395	0	103846
RAIL	32	32	87	265
FOLD	354	241	241	46587	46587	0	104327
RAIL	10	55	87	266
FOLD	355	242	242	46782	46782	0	104578
RAIL	32	32	87	267
FOLD	360	243	243	46977	46977	0	105765
RAIL	11	53	89	270
FOLD	361	244	244	47169	47169	0	106017
RAIL	32	32	89	271
FOLD	366	245	245	47364	47364	0	107316
RAIL	23	42	91	274
FOLD	367	246	246	47559	47559	0	107690
RAIL	32	32	91	275
FOLD	368	247	247	47751	47751	0	108110
RAIL	12	52	91	276
FOLD	369	248	248	47943	47943	0	108359
RAIL	32	32	91	277
FOLD	374	249	249	48138	48138	0	109646
RAIL	22	43	93	280
FOLD	375	250	250	48333	48333	0	110071
RAIL	32	32	93	281
FOLD	380	251	251	48528	48528	0	111873
RAIL	21	43	95	284
FOLD	381	252	252	48720	48720	0	112178
RAIL	32	32	95	285
FOLD	382	253	253	48912	48912	0	112607
RAIL	21	44	95	286
FOLD	383	254	254	49107	49107	0	112926
RAIL	32	32	95	287
FOLD	384	255	255	49299	49299	0	113427
RAIL	14	50	95	288
FOLD	385	256	256	49491	49491	0	113681
RAIL	32	32	95	289
FOLD	390	257	257	49686	49686	0	114989
RAIL	20	45	97	292
FOLD	391	258	258	49881	49881	0	115322
RAIL	32	32	97	293
FOLD	396	259	259	50076	50076	0	116563
RAIL	19	45	99	296
FOLD	397	260	260	50268	50268	0	116830
RAIL	32	32	99	297
FOLD	398	261	261	50460	50460	0	117227
RAIL	19	46	99	298
FOLD	399	262	262	50655	50655	0	117475
RAIL	32	32	99	299
FOLD	404	263	263	50850	50850	0	118608
RAIL	18	46	101	302
FOLD	405	264	264	51042	51042	0	118859
RAIL	32	32	101	303
FOLD	410	265	265	51237	51237	0	120055
RAIL	17	48	103	306
FOLD	411	266	266	51432	51432	0	120335
RAIL	32	32	103	307
FOLD	412	267	267	51624	51624	0	120708
RAIL	32	32	103	308
FOLD	413	268	268	51816	51816	0	121119
RAIL	32	32	103	309
FOLD	414	269	269	52008	52008	0	121580
RAIL	32	32	103	310
FOLD	423	270	270	52206	52206	0	123868
RAIL	32	32	107	315
FOLD	424	271	271	52398	52398	0	124301
RAIL	32	32	107	316
FOLD	429	272	272	52593	52593	0	125486
RAIL	32	32	109	319
FOLD	434	273	273	52788	52788	0	126639
RAIL	32	32	111	322
FOLD	435	274	274	52980	52980	0	127080
RAIL	6	58	111	323
FOLD	436	275	275	53172	53172	0	128500
RAIL	32	32	111	324
FOLD	437	276	276	53364	53364	0	128894
RAIL	32	32	111	325
FOLD	440	277	277	53556	53556	0	129679
RAIL	28	37	112	327
FOLD	441	278	278	53751	53751	0	129917
RAIL	32	32	112	328
FOLD	460	279	279	53949	53949	0	133640
RAIL	9	56	121	338
FOLD	467	280	280	54141	54141	0	135105
RAIL	32	32	124	342
FOLD	468	281	281	54333	54333	0	135436
RAIL	10	55	124	343
FOLD	471	282	282	54522	54522	0	136147
RAIL	32	32	125	345
FOLD	472	283	283	54714	54714	0	136484
RAIL	24	41	125	346
FOLD	473	284	284	54909	54909	0	136730
RAIL	32	32	125	347
FOLD	474	285	285	55101	55101	0	137126
RAIL	11	53	125	348
FOLD	475	286	286	55293	55293	0	137400
RAIL	32	32	125	349
FOLD	480	287	287	55488	55488	0	138432
RAIL	23	42	127	352
FOLD	481	288	288	55683	55683	0	138678
RAIL	32	32	127	353
FOLD	486	289	289	55878	55878	0	139826
RAIL	22	42	129	356
FOLD	487	290	290	56070	56070	0	140070
RAIL	32	32	129	357
FOLD	488	291	291	56262	56262	0	140420
RAIL	22	43	129	358
FOLD	489	292	292	56457	56457	0	140695
RAIL	32	32	129	359
FOLD	492	293	293	56649	56649	0	141915
RAIL	13	52	130	361
FOLD	493	294	294	56844	56844	0	142182
RAIL	32	32	130	362
FOLD	498	295	295	57039	57039	0	143203
RAIL	14	50	132	365
FOLD	499	296	296	57231	57231	0	143610
RAIL	32	32	132	366
FOLD	504	297	297	57426	57426	0	144818
RAIL	20	45	134	369
FOLD	505	298	298	57621	57621	0	145062
RAIL	32	32	134	370
FOLD	506	299	299	57813	57813	0	145408
RAIL	15	49	134	371
FOLD	507	300	300	58005	58005	0	145646
RAIL	32	32	134	372
FOLD	508	301	301	58197	58197	0	145970
RAIL	15	50	134	373
FOLD	509	302	302	58392	58392	0	146224
RAIL	32	32	134	374
FOLD	512	301	302	58200	58392	0	146884
RAIL	19	46	136	375
FOLD	514	303	303	58587	58587	0	147524
RAIL	16	48	136	377
FOLD	515	304	304	58779	58779	0	147773
RAIL	32	32	136	378
FOLD	520	305	305	58974	58974	0	148910
RAIL	18	47	138	381
FOLD	521	306	306	59169	59169	0	149167
RAIL	32	32	138	382
FOLD	522	307	307	59361	59361	0	149544
RAIL	17	47	138	383
FOLD	523	308	308	59553	59553	0	149789
RAIL	32	32	138	384
FOLD	532	309	309	59751	59751	0	151861
RAIL	32	32	142	389
FOLD	533	310	310	59943	59943	0	152190
RAIL	31	33	142	390
FOLD	534	311	311	60135	60135	0	152463
RAIL	32	32	142	391
FOLD	535	312	312	60327	60327	0	152863
RAIL	31	34	142	392
FOLD	536	313	313	60522	60522	0	153139
RAIL	32	32	142	393
FOLD	545	314	314	60717	60717	0	155241
RAIL	29	35	146	398
FOLD	546	315	315	60909	60909	0	155489
RAIL	32	32	146	399
FOLD	559	316	316	61107	61107	0	158749
RAIL	27	37	152	406
FOLD	560	317	317	61299	61299	0	159086
RAIL	32	32	152	407
FOLD	579	318	318	61500	61500	0	163278
RAIL	10	54	161	417
FOLD	580	319	319	61692	61692	0	163537
RAIL	32	32	161	418
FOLD	587	320	320	61884	61884	0	164974
RAIL	11	53	164	422
FOLD	588	321	321	62076	62076	0	165241
RAIL	32	32	164	423
FOLD	589	322	322	62268	62268	0	165532
RAIL	11	54	164	424
FOLD	592	323	323	62457	62457	0	166094
RAIL	32	32	165	426
FOLD	593	324	324	62649	62649	0	166398
RAIL	23	42	165	427
FOLD	594	325	325	62844	62844	0	166672
RAIL	32	32	165	428
FOLD	595	326	326	63036	63036	0	166980
RAIL	12	52	165	429
FOLD	596	327	327	63228	63228	0	167238
RAIL	32	32	165	430
FOLD	597	328	328	63420	63420	0	167694
RAIL	12	53	165	431
FOLD	598	329	329	63615	63615	0	167938
RAIL	32	32	165	432
FOLD	603	330	330	63810	63810	0	168914
RAIL	13	51	167	435
FOLD	604	331	331	64002	64002	0	169210
RAIL	32	32	167	436
FOLD	609	332	332	64197	64197	0	170291
RAIL	21	44	169	439
FOLD	610	333	333	64392	64392	0	170527
RAIL	32	32	169	440
FOLD	611	334	334	64584	64584	0	170855
RAIL	14	50	169	441
FOLD	612	335	335	64776	64776	0	171146
RAIL	32	32	169	442
FOLD	617	336	336	64971	64971	0	172394
RAIL	20	45	171	445
FOLD	618	337	337	65166	65166	0	172670
RAIL	32	32	171	446
FOLD	623	338	338	65361	65361	0	173838
RAIL	19	45	173	449
FOLD	624	339	339	65553	65553	0	174119
RAIL	32	32	173	450
FOLD	625	340	340	65745	65745	0	174450
RAIL	19	46	173	451
FOLD	626	341	341	65940	65940	0	174729
RAIL	32	32	173	452
FOLD	627	342	342	66132	66132	0	175124
RAIL	16	48	173	453
FOLD	628	343	343	66324	66324	0	175349
RAIL	32	32	173	454
FOLD	633	344	344	66519	66519	0	176408
RAIL	18	47	175	457
FOLD	634	345	345	66714	66714	0	176646
RAIL	32	32	175	458
FOLD	639	346	346	66909	66909	0	177719
RAIL	32	32	177	461
FOLD	640	347	347	67101	67101	0	178045
RAIL	32	32	177	462
FOLD	649	348	348	67299	67299	0	179962
RAIL	32	32	181	467
FOLD	650	349	349	67491	67491	0	180271
RAIL	32	32	181	468
FOLD	651	350	350	67683	67683	0	180577
RAIL	32	32	181	469
FOLD	652	351	351	67875	67875	0	180971
RAIL	30	34	181	470
FOLD	653	352	352	68067	68067	0	181204
RAIL	32	32	181	471
FOLD	662	353	353	68265	68265	0	183243
RAIL	6	58	185	476
FOLD	669	354	354	68460	68460	0	184678
RAIL	7	57	188	480
FOLD	670	355	355	68652	68652	0	184891
RAIL	32	32	188	481
FOLD	675	356	356	68847	68847	0	185890
RAIL	32	32	190	484
FOLD	676	357	357	69039	69039	0	186193
RAIL	8	56	190	485
FOLD	701	358	358	69237	69237	0	191252
RAIL	32	32	202	498
FOLD	702	359	359	69429	69429	0	191592
RAIL	11	54	202	499
FOLD	705	360	360	69618	69618	0	192195
RAIL	32	32	203	501
FOLD	706	361	361	69810	69810	0	192550
RAIL	23	42	203	502
FOLD	707	362	362	70005	70005	0	192789
RAIL	32	32	203	503
FOLD	708	363	363	70197	70197	0	193177
RAIL	12	52	203	504
FOLD	709	364	364	70389	70389	0	193419
RAIL	32	32	203	505
FOLD	720	365	365	70584	70584	0	195778
RAIL	21	43	208	511
FOLD	721	366	366	70776	70776	0	196056
RAIL	32	32	208	512
FOLD	722	367	367	70968	70968	0	196404
RAIL	21	44	208	513
FOLD	723	368	368	71163	71163	0	196666
RAIL	32	32	208	514
FOLD	728	369	369	71358	71358	0	197751
RAIL	20	44	210	517
FOLD	729	370	370	71550	71550	0	198013
RAIL	32	32	210	518
FOLD	734	371	371	71745	71745	0	199010
RAIL	15	50	212	521
FOLD	735	372	372	71940	71940	0	199275
RAIL	32	32	212	522
FOLD	736	373	373	72132	72132	0	199600
RAIL	19	45	212	523
FOLD	737	374	374	72324	72324	0	199851
RAIL	32	32	212	524
FOLD	738	375	375	72516	72516	0	200197
RAIL	19	46	212	525
FOLD	739	376	376	72711	72711	0	200433
RAIL	32	32	212	526
FOLD	742	377	377	72903	72903	0	201210
RAIL	16	49	213	528
FOLD	743	378	378	73098	73098	0	201452
RAIL	32	32	213	529
FOLD	748	379	379	73293	73293	0	202338
RAIL	17	47	215	532
FOLD	749	380	380	73485	73485	0	202574
RAIL	32	32	215	533
FOLD	754	381	381	73680	73680	0	203732
RAIL	32	32	217	536
FOLD	757	382	382	73875	73875	0	204523
RAIL	32	32	218	538
FOLD	762	383	383	74070	74070	0	205314
RAIL	32	32	220	541
FOLD	767	384	384	74262	74262	0	206451
RAIL	30	35	222	544
FOLD	768	385	385	74457	74457	0	206996
RAIL	32	32	222	545
FOLD	769	386	386	74649	74649	0	207423
RAIL	32	32	222	546
FOLD	770	387	387	74841	74841	0	207907
RAIL	32	32	222	547
FOLD	775	388	388	75036	75036	0	209013
RAIL	32	32	224	550
FOLD	780	389	389	75231	75231	0	210093
RAIL	32	32	226	553
FOLD	781	390	390	75423	75423	0	210438
RAIL	7	57	226	554
FOLD	782	391	391	75615	75615	0	210653
RAIL	32	32	226	555
FOLD	787	392	392	75810	75810	0	211882
RAIL	32	32	228	558
FOLD	792	393	393	76002	76002	0	212961
RAIL	32	32	230	561
FOLD	793	394	394	76194	76194	0	213288
RAIL	26	39	230	562
FOLD	794	395	395	76389	76389	0	213572
RAIL	32	32	230	563
FOLD	795	396	396	76581	76581	0	213888
RAIL	9	55	230	564
FOLD	824	397	397	76776	76776	0	219335
RAIL	32	32	244	579
FOLD	825	398	398	76968	76968	0	219745
RAIL	22	43	244	580
FOLD	826	399	399	77163	77163	0	220029
RAIL	32	32	244	581
FOLD	827	400	400	77355	77355	0	220381
RAIL	13	51	244	582
FOLD	828	401	401	77547	77547	0	220645
RAIL	32	32	244	583
FOLD	829	402	402	77739	77739	0	220972
RAIL	13	52	244	584
FOLD	832	403	403	77928	77928	0	221771
RAIL	32	32	245	586
FOLD	837	404	404	78123	78123	0	223018
RAIL	14	51	247	589
FOLD	838	405	405	78318	78318	0	223276
RAIL	32	32	247	590
FOLD	843	406	406	78513	78513	0	224476
RAIL	15	49	249	593
FOLD	844	407	407	78705	78705	0	224724
RAIL	32	32	249	594
FOLD	845	408	408	78897	78897	0	225040
RAIL	15	50	249	595
FOLD	846	409	409	79092	79092	0	225310
RAIL	32	32	249	596
FOLD	851	410	410	79287	79287	0	226533
RAIL	16	48	251	599
FOLD	852	411	411	79479	79479	0	226776
RAIL	32	32	251	600
FOLD	857	412	412	79674	79674	0	227923
RAIL	18	47	253	603
FOLD	858	413	413	79869	79869	0	228168
RAIL	32	32	253	604
FOLD	859	414	414	80061	80061	0	228473
RAIL	17	47	253	605
FOLD	860	415	415	80253	80253	0	228737
RAIL	32	32	253	606
FOLD	861	416	416	80445	80445	0	229053
RAIL	17	48	253	607
FOLD	862	417	417	80640	80640	0	229293
RAIL	32	32	253	608
FOLD	871	418	418	80835	80835	0	231244
RAIL	32	32	257	613
FOLD	880	419	419	81033	81033	0	233145
RAIL	32	32	261	618
FOLD	881	420	420	81225	81225	0	233453
RAIL	32	32	261	619
FOLD	882	421	421	81417	81417	0	233766
RAIL	29	35	261	620
FOLD	883	422	422	81609	81609	0	234009
RAIL	32	32	261	621
FOLD	884	423	423	81801	81801	0	234415
RAIL	29	36	261	622
FOLD	885	424	424	81996	81996	0	234662
RAIL	32	32	261	623
FOLD	896	425	425	82191	82191	0	236975
RAIL	32	32	266	629
FOLD	899	426	426	82386	82386	0	237728
RAIL	8	56	267	631
FOLD	900	427	427	82578	82578	0	237955
RAIL	32	32	267	632
FOLD	905	428	428	82773	82773	0	238804
RAIL	32	32	269	635
FOLD	910	429	429	82968	82968	0	239789
RAIL	25	39	271	638
FOLD	911	430	430	83160	83160	0	240088
RAIL	32	32	271	639
FOLD	912	431	431	83352	83352	0	240399
RAIL	25	40	271	640
FOLD	913	432	432	83547	83547	0	240643
RAIL	32	32	271	641
FOLD	914	433	433	83739	83739	0	240957
RAIL	10	54	271	642
FOLD	915	434	434	83931	83931	0	241192
RAIL	32	32	271	643
FOLD	940	435	435	84129	84129	0	246050
RAIL	13	52	283	656
FOLD	943	436	436	84318	84318	0	246615
RAIL	32	32	284	658
FOLD	944	437	437	84510	84510	0	246925
RAIL	21	44	284	659
FOLD	945	438	438	84705	84705	0	247165
RAIL	32	32	284	660
FOLD	946	439	439	84897	84897	0	247486
RAIL	14	50	284	661
FOLD	947	440	440	85089	85089	0	247780
RAIL	32	32	284	662
FOLD	948	441	441	85281	85281	0	248169
RAIL	14	51	284	663
FOLD	955	442	442	85473	85473	0	249661
RAIL	32	32	287	667
FOLD	960	443	443	85668	85668	0	250800
RAIL	19	46	289	670
FOLD	961	444	444	85863	85863	0	251073
RAIL	32	32	289	671
FOLD	962	445	445	86055	86055	0	251409
RAIL	16	48	289	672
FOLD	963	446	446	86247	86247	0	251714
RAIL	32	32	289	673
FOLD	968	447	447	86442	86442	0	252834
RAIL	18	47	291	676
FOLD	969	448	448	86637	86637	0	253075
RAIL	32	32	291	677
FOLD	974	449	449	86832	86832	0	254126
RAIL	32	32	293	680
FOLD	975	450	450	87024	87024	0	254438
RAIL	32	32	293	681
FOLD	976	451	451	87216	87216	0	254755
RAIL	32	32	293	682
FOLD	985	452	452	87414	87414	0	256785
RAIL	32	32	297	687
FOLD	986	453	453	87606	87606	0	257103
RAIL	32	32	297	688
FOLD	991	454	454	87801	87801	0	258223
RAIL	32	32	299	691
FOLD	996	455	455	87996	87996	0	259243
RAIL	32	32	301	694
FOLD	997	456	456	88188	88188	0	259614
RAIL	32	32	301	695
FOLD	998	457	457	88380	88380	0	259932
RAIL	32	32	301	696
FOLD	999	458	458	88572	88572	0	260299
RAIL	28	36	301	697
FOLD	1000	459	459	88764	88764	0	260547
RAIL	32	32	301	698
FOLD	1017	460	460	88965	88965	0	264049
RAIL	9	55	309	707
FOLD	1018	461	461	89157	89157	0	264285
RAIL	32	32	309	708
FOLD	1023	462	462	89352	89352	0	265362
RAIL	25	40	311	711
FOLD	1024	463	463	89547	89547	0	265634
RAIL	32	32	311	712
FOLD	1025	464	464	89739	89739	0	265944
RAIL	10	54	311	713
FOLD	1028	465	465	89934	89934	0	266465
RAIL	32	32	312	715
FOLD	1033	466	466	90129	90129	0	268217
RAIL	11	53	314	718
FOLD	1034	467	467	90321	90321	0	268474
RAIL	32	32	314	719
FOLD	1041	468	468	90513	90513	0	269877
RAIL	12	52	317	723
FOLD	1056	469	469	90711	90711	0	272775
RAIL	32	32	324	731
FOLD	1057	470	470	90903	90903	0	273097
RAIL	14	50	324	732
FOLD	1058	471	471	91095	91095	0	273490
RAIL	32	32	324	733
FOLD	1059	472	472	91287	91287	0	273804
RAIL	14	51	324	734
FOLD	1062	473	473	91476	91476	0	274366
RAIL	32	32	325	736
FOLD	1063	474	474	91668	91668	0	274675
RAIL	20	45	325	737
FOLD	1064	475	475	91863	91863	0	274941
RAIL	32	32	325	738
FOLD	1065	476	476	92055	92055	0	275255
RAIL	15	49	325	739
FOLD	1066	477	477	92247	92247	0	275496
RAIL	32	32	325	740
FOLD	1067	478	478	92439	92439	0	275922
RAIL	15	50	325	741
FOLD	1074	479	479	92631	92631	0	277322
RAIL	32	32	328	745
FOLD	1079	480	480	92826	92826	0	278449
RAIL	18	47	330	748
FOLD	1080	481	481	93021	93021	0	278728
RAIL	32	32	330	749
FOLD	1081	482	482	93213	93213	0	279046
RAIL	17	47	330	750
FOLD	1082	483	483	93405	93405	0	279285
RAIL	32	32	330	751
FOLD	1091	484	484	93603	93603	0	281484
RAIL	32	32	334	756
FOLD	1092	485	485	93795	93795	0	281851
RAIL	31	33	334	757
FOLD	1093	486	486	93987	93987	0	282104
RAIL	32	32	334	758
FOLD	1102	487	487	94185	94185	0	284067
RAIL	32	32	338	763
FOLD	1103	488	488	94377	94377	0	284402
RAIL	32	32	338	764
FOLD	1108	489	489	94572	94572	0	285560
RAIL	32	32	340	767
FOLD	1113	490	490	94767	94767	0	286614
RAIL	32	32	342	770
FOLD	1114	491	491	94959	94959	0	286915
RAIL	7	57	342	771
FOLD	1117	492	492	95151	95151	0	287880
RAIL	27	37	343	773
FOLD	1118	493	493	95343	95343	0	288148
RAIL	32	32	343	774
FOLD	1143	494	494	95547	95547	0	293266
RAIL	32	32	355	787
FOLD	1144	495	495	95739	95739	0	293621
RAIL	11	53	355	788
FOLD	1147	496	496	95934	95934	0	294227
RAIL	32	32	356	790
FOLD	1150	497	497	96126	96126	0	295838
RAIL	23	42	357	792
FOLD	1151	498	498	96321	96321	0	296169
RAIL	32	32	357	793
FOLD	1168	499	499	96513	96513	0	299481
RAIL	14	50	365	802
FOLD	1175	500	500	96711	96711	0	300746
RAIL	32	32	368	806
FOLD	1182	501	501	96900	96900	0	302191
RAIL	19	46	371	810
FOLD	1183	502	502	97095	97095	0	302465
RAIL	32	32	371	811
FOLD	1184	503	503	97287	97287	0	302770
RAIL	16	48	371	812
FOLD	1185	504	504	97479	97479	0	303023
RAIL	32	32	371	813
FOLD	1186	505	505	97671	97671	0	303395
RAIL	16	49	371	814
FOLD	1189	506	506	97860	97860	0	304166
RAIL	32	32	372	816
FOLD	1194	507	507	98055	98055	0	305256
RAIL	17	48	374	819
FOLD	1195	508	508	98250	98250	0	305525
RAIL	32	32	374	820
FOLD	1200	509	509	98445	98445	0	306765
RAIL	32	32	376	823
FOLD	1209	510	510	98640	98640	0	308885
RAIL	30	34	380	828
FOLD	1210	511	511	98832	98832	0	309141
RAIL	32	32	380	829
FOLD	1211	512	512	99024	99024	0	309486
RAIL	30	35	380	830
FOLD	1212	513	513	99219	99219	0	309747
RAIL	32	32	380	831
FOLD	1221	514	514	99414	99414	0	312062
RAIL	28	36	384	836
FOLD	1222	515	515	99606	99606	0	312500
RAIL	32	32	384	837
FOLD	1231	516	516	99804	99804	0	314583
RAIL	8	56	388	842
FOLD	1234	517	517	99996	99996	0	315369
RAIL	26	38	389	844
FOLD	1235	518	518	100188	100188	0	315697
RAIL	32	32	389	845
FOLD	1236	519	519	100380	100380	0	316077
RAIL	26	39	389	846
FOLD	1237	520	520	100575	100575	0	316356
RAIL	32	32	389	847
FOLD	1254	521	521	100767	100767	0	319814
RAIL	11	53	397	856
FOLD	1261	522	522	100965	100965	0	320888
RAIL	32	32	400	860
FOLD	1268	523	523	101160	101160	0	322431
RAIL	22	43	403	864
FOLD	1269	524	524	101355	101355	0	322723
RAIL	32	32	403	865
FOLD	1270	525	525	101547	101547	0	323068
RAIL	13	51	403	866
FOLD	1271	526	526	101739	101739	0	323353
RAIL	32	32	403	867
FOLD	1296	527	527	101937	101937	0	328505
RAIL	16	49	415	880
FOLD	1299	528	528	102126	102126	0	329142
RAIL	32	32	416	882
FOLD	1300	529	529	102318	102318	0	329457
RAIL	18	47	416	883
FOLD	1301	530	530	102513	102513	0	329792
RAIL	32	32	416	884
FOLD	1302	531	531	102705	102705	0	330132
RAIL	17	47	416	885
FOLD	1303	532	532	102897	102897	0	330384
RAIL	32	32	416	886
FOLD	1304	533	533	103089	103089	0	330711
RAIL	17	48	416	887
FOLD	1317	534	534	103284	103284	0	333564
RAIL	32	32	422	894
FOLD	1318	535	535	103476	103476	0	333930
RAIL	32	32	422	895
FOLD	1321	536	536	103668	103668	0	334709
RAIL	30	35	423	897
FOLD	1322	537	537	103863	103863	0	334969
RAIL	32	32	423	898
FOLD	1331	538	538	104058	104058	0	336772
RAIL	28	36	427	903
FOLD	1332	539	539	104250	104250	0	337027
RAIL	32	32	427	904
FOLD	1333	540	540	104442	104442	0	337444
RAIL	28	37	427	905
FOLD	1334	541	541	104637	104637	0	337704
RAIL	32	32	427	906
FOLD	1343	542	542	104832	104832	0	339694
RAIL	32	32	431	911
FOLD	1344	543	543	105024	105024	0	340050
RAIL	26	38	431	912
FOLD	1345	544	544	105216	105216	0	340320
RAIL	32	32	431	913
FOLD	1356	545	545	105417	105417	0	342759
RAIL	10	54	436	919
FOLD	1357	546	546	105609	105609	0	342998
RAIL	32	32	436	920
FOLD	1358	547	547	105801	105801	0	343306
RAIL	10	55	436	921
FOLD	1361	548	548	105990	105990	0	344014
RAIL	32	32	437	923
FOLD	1362	549	549	106182	106182	0	344387
RAIL	24	41	437	924
FOLD	1363	550	550	106377	106377	0	344644
RAIL	32	32	437	925
FOLD	1376	551	551	106572	106572	0	347376
RAIL	22	42	443	932
FOLD	1377	552	552	106764	106764	0	347752
RAIL	32	32	443	933
FOLD	1388	553	553	106965	106965	0	350220
RAIL	14	50	448	939
FOLD	1389	554	554	107157	107157	0	350535
RAIL	32	32	448	940
FOLD	1390	555	555	107349	107349	0	350943
RAIL	14	51	448	941
FOLD	1393	556	556	107538	107538	0	351592
RAIL	32	32	449	943
FOLD	1420	557	557	107733	107733	0	357926
RAIL	32	32	462	957
FOLD	1421	558	558	107925	107925	0	358280
RAIL	32	32	462	958
FOLD	1422	559	559	108117	108117	0	358699
RAIL	32	32	462	959
FOLD	1427	560	560	108312	108312	0	360028
RAIL	32	32	464	962
FOLD	1432	561	561	108507	108507	0	361173
RAIL	32	32	466	965
FOLD	1433	562	562	108699	108699	0	361566
RAIL	32	32	466	966
FOLD	1438	563	563	108894	108894	0	362784
RAIL	32	32	468	969
FOLD	1443	564	564	109086	109086	0	364118
RAIL	28	37	470	972
FOLD	1444	565	565	109281	109281	0	364391
RAIL	32	32	470	973
FOLD	1445	566	566	109473	109473	0	364717
RAIL	32	32	470	974
FOLD	1448	567	567	109665	109665	0	365548
RAIL	32	32	471	976
FOLD	1453	568	568	109860	109860	0	366463
RAIL	32	32	473	979
FOLD	1458	569	569	110055	110055	0	367707
RAIL	9	55	475	982
FOLD	1459	570	570	110247	110247	0	367953
RAIL	32	32	475	983
FOLD	1460	571	571	110439	110439	0	368331
RAIL	9	56	475	984
FOLD	1473	572	572	110637	110637	0	371827
RAIL	32	32	481	991
FOLD	1474	573	573	110829	110829	0	372156
RAIL	11	53	481	992
FOLD	1475	574	574	111021	111021	0	372419
RAIL	32	32	481	993
FOLD	1476	575	575	111213	111213	0	372793
RAIL	11	54	481	994
FOLD	1479	576	576	111402	111402	0	373540
RAIL	32	32	482	996
FOLD	1484	577	577	111597	111597	0	374660
RAIL	12	53	484	999
FOLD	1493	578	578	111792	111792	0	376619
RAIL	32	32	488	1004
FOLD	1498	579	579	111987	111987	0	377904
RAIL	14	50	490	1007
FOLD	1505	580	580	112185	112185	0	379644
RAIL	32	32	493	1011
FOLD	1506	581	581	112377	112377	0	379999
RAIL	15	49	493	1012
FOLD	1507	582	582	112569	112569	0	380368
RAIL	32	32	493	1013
FOLD	1508	583	583	112761	112761	0	380760
RAIL	15	50	493	1014
FOLD	1537	584	584	112950	112950	0	387362
RAIL	32	32	507	1029
FOLD	1538	585	585	113142	113142	0	387844
RAIL	32	32	507	1030
FOLD	1539	586	586	113334	113334	0	388228
RAIL	30	34	507	1031
FOLD	1540	587	587	113526	113526	0	388675
RAIL	32	32	507	1032
FOLD	1549	588	588	113724	113724	0	391262
RAIL	32	32	511	1037
FOLD	1550	589	589	113916	113916	0	391664
RAIL	32	32	511	1038
FOLD	1555	590	590	114111	114111	0	392896
RAIL	32	32	513	1041
FOLD	1560	591	591	114306	114306	0	394041
RAIL	32	32	515	1044
FOLD	1561	592	592	114498	114498	0	394391
RAIL	8	56	515	1045
FOLD	1568	593	593	114693	114693	0	396207
RAIL	9	55	518	1049
FOLD	1569	594	594	114885	114885	0	396449
RAIL	32	32	518	1050
FOLD	1576	595	595	115077	115077	0	397979
RAIL	10	54	521	1054
FOLD	1593	596	596	115275	115275	0	401272
RAIL	32	32	529	1063
FOLD	1594	597	597	115467	115467	0	401616
RAIL	12	53	529	1064
FOLD	1597	598	598	115656	115656	0	402329
RAIL	32	32	530	1066
FOLD	1598	599	599	115848	115848	0	402724
RAIL	22	43	530	1067
FOLD	1599	600	600	116043	116043	0	403149
RAIL	32	32	530	1068
FOLD	1612	601	601	116238	116238	0	406011
RAIL	20	44	536	1075
FOLD	1613	602	602	116430	116430	0	406285
RAIL	32	32	536	1076
FOLD	1652	603	603	116625	116625	0	415000
RAIL	32	32	555	1096
FOLD	1653	604	604	116817	116817	0	415360
RAIL	32	32	555	1097
FOLD	1654	605	605	117009	117009	0	415844
RAIL	32	32	555	1098
FOLD	1659	606	606	117204	117204	0	417148
RAIL	32	32	557	1101
FOLD	1664	607	607	117399	117399	0	418472
RAIL	32	32	559	1104
FOLD	1665	608	608	117591	117591	0	418876
RAIL	32	32	559	1105
FOLD	1670	609	609	117786	117786	0	420253
RAIL	32	32	561	1108
FOLD	1677	610	610	117981	117981	0	421886
RAIL	32	32	564	1112
FOLD	1678	611	611	118173	118173	0	422208
RAIL	9	55	564	1113
FOLD	1679	612	612	118365	118365	0	422440
RAIL	32	32	564	1114
FOLD	1684	613	613	118560	118560	0	423845
RAIL	32	32	566	1117
FOLD	1707	614	614	118755	118755	0	428765
RAIL	22	43	577	1129
FOLD	1708	615	615	118950	118950	0	429082
RAIL	32	32	577	1130
FOLD	1709	616	616	119142	119142	0	429451
RAIL	13	51	577	1131
FOLD	1710	617	617	119334	119334	0	429767
RAIL	32	32	577	1132
FOLD	1763	618	618	119526	119526	0	442138
RAIL	32	32	603	1159
FOLD	1764	619	619	119718	119718	0	442476
RAIL	29	35	603	1160
FOLD	1765	620	620	119910	119910	0	442757
RAIL	32	32	603	1161
FOLD	1766	621	621	120102	120102	0	443129
RAIL	29	36	603	1162
FOLD	1767	622	622	120297	120297	0	443480
RAIL	32	32	603	1163
FOLD	1776	623	623	120492	120492	0	445830
RAIL	27	37	607	1168
FOLD	1777	624	624	120684	120684	0	446299
RAIL	32	32	607	1169
FOLD	1782	625	625	120879	120879	0	447465
RAIL	32	32	609	1172
FOLD	1787	626	626	121074	121074	0	448752
RAIL	9	55	611	1175
FOLD	1790	627	627	121266	121266	0	449491
RAIL	25	39	612	1177
FOLD	1791	628	628	121458	121458	0	449810
RAIL	32	32	612	1178
FOLD	1796	629	629	121653	121653	0	450980
RAIL	10	55	614	1181
FOLD	1797	630	630	121848	121848	0	452349
RAIL	32	32	614	1182
FOLD	1802	631	631	122043	122043	0	453501
RAIL	11	53	616	1185
FOLD	1809	632	632	122235	122235	0	455046
RAIL	32	32	619	1189
FOLD	1876	633	633	122430	122430	0	468990
RAIL	32	32	652	1223
FOLD	1877	634	634	122622	122622	0	469317
RAIL	32	32	652	1224
FOLD	1878	635	635	122814	122814	0	469637
RAIL	32	32	652	1225
FOLD	1879	636	636	123006	123006	0	470061
RAIL	28	36	652	1226
FOLD	1880	637	637	123198	123198	0	470368
RAIL	32	32	652	1227
FOLD	1887	638	638	123393	123393	0	472168
RAIL	27	38	655	1231
FOLD	1888	639	639	123588	123588	0	472480
RAIL	32	32	655	1232
FOLD	1895	640	640	123783	123783	0	474048
RAIL	32	32	658	1236
FOLD	1906	641	641	123981	123981	0	477863
RAIL	32	32	663	1242
FOLD	1907	642	642	124173	124173	0	478225
RAIL	24	40	663	1243
FOLD	1908	643	643	124365	124365	0	478515
RAIL	32	32	663	1244
FOLD	1909	644	644	124557	124557	0	478849
RAIL	24	41	663	1245
FOLD	1910	645	645	124752	124752	0	479144
RAIL	32	32	663	1246
FOLD	1915	646	646	124947	124947	0	480340
RAIL	23	41	665	1249
FOLD	1916	647	647	125139	125139	0	480651
RAIL	32	32	665	1250
FOLD	1991	648	648	125334	125334	0	497846
RAIL	32	32	702	1288
FOLD	1992	649	649	125526	125526	0	498186
RAIL	32	32	702	1289
FOLD	1993	650	650	125718	125718	0	498495
RAIL	32	32	702	1290
FOLD	1994	651	651	125910	125910	0	498805
RAIL	27	37	702	1291
FOLD	1995	652	652	126102	126102	0	499179
RAIL	32	32	702	1292
FOLD	1996	653	653	126294	126294	0	499537
RAIL	27	38	702	1293
FOLD	1997	654	654	126489	126489	0	499955
RAIL	32	32	702	1294
FOLD	1998	655	655	126681	126681	0	500300
RAIL	8	56	702	1295
FOLD	1999	656	656	126873	126873	0	500541
RAIL	32	32	702	1296
FOLD	2000	657	657	127065	127065	0	500922
RAIL	32	32	702	1297
FOLD	2005	658	658	127260	127260	0	502180
RAIL	9	55	704	1300
FOLD	2012	659	659	127455	127455	0	504146
RAIL	10	54	707	1304
FOLD	2013	660	660	127647	127647	0	504404
RAIL	32	32	707	1305
FOLD	2018	661	661	127842	127842	0	505723
RAIL	24	41	709	1308
FOLD	2025	662	662	128034	128034	0	507446
RAIL	32	32	712	1312
FOLD	2026	663	663	128226	128226	0	507783
RAIL	23	42	712	1313
FOLD	2029	664	664	128415	128415	0	508490
RAIL	32	32	713	1315
FOLD	2048	657	664	127068	128421	0	511401
RAIL	20	44	726	1321
FOLD	2100	665	665	128619	128619	0	523861
RAIL	32	32	748	1351
FOLD	2101	666	666	128811	128811	0	524203
RAIL	32	32	748	1352
FOLD	2106	667	667	129006	129006	0	525515
RAIL	32	32	750	1355
FOLD	2113	668	668	129201	129201	0	526971
RAIL	32	32	753	1359
FOLD	2114	669	669	129393	129393	0	527322
RAIL	9	55	753	1360
FOLD	2115	670	670	129585	129585	0	527613
RAIL	32	32	753	1361
FOLD	2116	671	671	129777	129777	0	527970
RAIL	32	32	753	1362
FOLD	2117	672	672	129969	129969	0	528348
RAIL	25	39	753	1363
FOLD	2118	673	673	130161	130161	0	528709
RAIL	32	32	753	1364
FOLD	2151	674	674	130353	130353	0	535532
RAIL	21	44	769	1381
FOLD	2206	675	675	130551	130551	0	546866
RAIL	28	36	796	1409
FOLD	2207	676	676	130743	130743	0	547280
RAIL	32	32	796	1410
FOLD	2216	677	677	130941	130941	0	549571
RAIL	8	56	800	1415
FOLD	2237	678	678	131127	131127	0	553949
RAIL	32	32	810	1426
FOLD	2238	679	679	131319	131319	0	554319
RAIL	11	53	810	1427
FOLD	2269	680	680	131517	131517	0	560231
RAIL	32	32	825	1443
FOLD	2310	681	681	131709	131709	0	569256
RAIL	32	32	845	1464
FOLD	2319	682	682	131907	131907	0	571255
RAIL	32	32	849	1469
FOLD	2320	683	683	132099	132099	0	571765
RAIL	32	32	849	1470
FOLD	2321	684	684	132291	132291	0	572169
RAIL	27	37	849	1471
FOLD	2322	685	685	132483	132483	0	572521
RAIL	32	32	849	1472
FOLD	2431	686	686	132678	132678	0	595623
RAIL	27	38	903	1527
FOLD	2522	687	687	132873	132873	0	614853
RAIL	32	32	948	1573
FOLD	4096	645	687	124740	132873	0	940024
RAIL	32	32	1756	2339
FOLD	8192	601	687	116235	132873	0	1798018
RAIL	32	32	3826	4365
FOLD	16384	585	687	113163	132873	0	3653497
RAIL	32	32	7930	8453
FOLD	32768	561	687	108483	132873	0	7545542
RAIL	26	39	16134	16633
