INPUT	47941	16	9	84
FRAME	1	0	1	1	19
FOLD	1	1	1	48	48	0	35
RAIL	2	14	0	0
FOLD	2	1	1	51	51	0	57
RAIL	2	15	1	0
FOLD	4	3	3	147	147	0	176
RAIL	8	9	2	1
FOLD	5	5	5	246	246	0	281
RAIL	3	13	2	2
FOLD	8	7	7	345	345	0	463
RAIL	7	10	4	3
FOLD	9	9	9	444	444	0	561
RAIL	4	12	4	4
FOLD	12	11	11	543	543	0	831
RAIL	6	11	6	5
FOLD	13	13	13	642	642	0	992
RAIL	5	11	6	6
FOLD	14	15	15	741	741	0	1087
RAIL	5	12	6	7
FOLD	15	16	16	792	792	0	1234
RAIL	8	8	6	8
FOLD	16	17	17	840	840	0	1328
RAIL	8	8	6	9
FOLD	17	18	18	888	888	0	1413
RAIL	8	8	6	10
FOLD	17	18	18	888	888	0	1518
RAIL	8	8	6	10
FRAME	8	7	1	3	1614
RESULT	closed	191	251	1616	1053	1	1	97	255
