source 30135004431202116003565860241012769924921679977958392035283632366105785657918270750937407901898070219843622821090980641477056850056514799336625349678549218794180711634478735831265177285887805862071748980072533360656419736316535822377792634235019526468475796787118257207337327341698664061454252865816657556977260763553328252421574633011335112031733393397168350585519524478541747311
source-bits 1261
frameshift-cuts 1261
first-p 5126193410827554297745206992591817292798194694793276114003014570616535004600004302769122314055363985653896427655305462140713030865196828687762349496440064656752207372057729047924474512064491
first-q 2412675976713967601487964596112786861068548168637830191199711102708907855391322679015080328150389365626218353767937010091007298266691958870149658461795236677895442378894262071439993867676295
product-closure-count 0
product-closures none
separation-levels
depth=1 leaves=2 direct=0 inverse-ROTAT=0
depth=2 leaves=4 direct=0 inverse-ROTAT=0
depth=3 leaves=8 direct=0 inverse-ROTAT=0
depth=4 leaves=16 direct=0 inverse-ROTAT=0
depth=5 leaves=32 direct=0 inverse-ROTAT=0
depth=6 leaves=64 direct=0 inverse-ROTAT=0
depth=7 leaves=128 direct=0 inverse-ROTAT=0
depth=8 leaves=256 direct=0 inverse-ROTAT=0
depth=9 leaves=512 direct=0 inverse-ROTAT=0
depth=10 leaves=1024 direct=0 inverse-ROTAT=0
depth=11 leaves=2048 direct=0 inverse-ROTAT=0
elapsed-seconds 16.704235
