factor route: shape: near-root, closed at frontier step 0
membrane timing: tape-factorization=18.094635294s encoded-fold=354.23161ms
membrane input: baked IMASM numeral
nesting: Vox tape factor membrane ⊃ encoded prefix lift ⊃ product closure
N = ⊢≻⋈∈⊥∋≻⋈∈⊥∋≻⋈∈⊤∋≻⋈∈⊤∋≻⋈∈⊤∋≻⋈∈⊥∋≻⋈∈⊥∋≻⋈∈⊤∋≻⋈∈⊥∋≻⋈∈⊤∋≻⋈∈⊤∋≻⋈∈⊤∋≻⋈∈⊤∋≻⋈∈⊥∋≻⋈∈⊥∋≻⋈∈⊤∋≻⋈∈⊤∋≻⋈∈⊥∋≻⋈∈⊤∋≻⋈∈⊥∋≻⋈∈⊤∋≻⋈∈⊤∋≻⋈∈⊥∋≻⋈∈⊥∋≻⋈∈⊤∋≻⋈∈⊥∋≻⋈∈⊥∋≻⋈∈⊤∋≻⋈∈⊥∋≻⋈∈⊤∋≻⋈∈⊥∋≻⋈∈⊥∋≻⋈∈⊤∋≻⋈∈⊤∋≻⋈∈⊤∋≻⋈∈⊥∋≻⋈∈⊤∋≻⋈∈⊥∋≻⋈∈⊥∋≻⋈∈⊥∋⊙⊡⊣
frame N window=2 tail=2 bits=40 groups=⊥⊥|⊤⊤|⊤⊥|⊥⊤|⊥⊤|⊤⊤|⊤⊥|⊥⊤|⊤⊥|⊤⊥|⊤⊤|⊥⊥|⊤⊥|⊥⊤|⊥⊤|⊥⊥|⊤⊤|⊤⊥|⊤⊥|⊥⊥
frame N window=3 tail=1 bits=40 groups=⊥⊥⊤|⊤⊤⊥|⊥⊤⊥|⊤⊤⊤|⊤⊥⊥|⊤⊤⊥|⊤⊥⊤|⊤⊥⊥|⊤⊥⊥|⊤⊥⊤|⊥⊥⊤|⊤⊤⊥|⊤⊥⊥|⊥
frame N window=4 tail=4 bits=40 groups=⊥⊥⊤⊤|⊤⊥⊥⊤|⊥⊤⊤⊤|⊤⊥⊥⊤|⊤⊥⊤⊥|⊤⊤⊥⊥|⊤⊥⊥⊤|⊥⊤⊥⊥|⊤⊤⊤⊥|⊤⊥⊥⊥
frame N window=5 tail=5 bits=40 groups=⊥⊥⊤⊤⊤|⊥⊥⊤⊥⊤|⊤⊤⊤⊥⊥|⊤⊤⊥⊤⊥|⊤⊤⊥⊥⊤|⊥⊥⊤⊥⊤|⊥⊥⊤⊤⊤|⊥⊤⊥⊥⊥
frame N window=6 tail=4 bits=40 groups=⊥⊥⊤⊤⊤⊥|⊥⊤⊥⊤⊤⊤|⊤⊥⊥⊤⊤⊥|⊤⊥⊤⊤⊥⊥|⊤⊥⊥⊤⊥⊤|⊥⊥⊤⊤⊤⊥|⊤⊥⊥⊥
frame N window=7 tail=5 bits=40 groups=⊥⊥⊤⊤⊤⊥⊥|⊤⊥⊤⊤⊤⊤⊥|⊥⊤⊤⊥⊤⊥⊤|⊤⊥⊥⊤⊥⊥⊤|⊥⊤⊥⊥⊤⊤⊤|⊥⊤⊥⊥⊥
frame N window=8 tail=8 bits=40 groups=⊥⊥⊤⊤⊤⊥⊥⊤|⊥⊤⊤⊤⊤⊥⊥⊤|⊤⊥⊤⊥⊤⊤⊥⊥|⊤⊥⊥⊤⊥⊤⊥⊥|⊤⊤⊤⊥⊤⊥⊥⊥
P = ⊢≻⋈∈⊥∋≻⋈∈⊥∋≻⋈∈⊤∋≻⋈∈⊤∋≻⋈∈⊤∋≻⋈∈⊤∋≻⋈∈⊥∋≻⋈∈⊤∋≻⋈∈⊤∋≻⋈∈⊥∋≻⋈∈⊤∋≻⋈∈⊤∋≻⋈∈⊤∋≻⋈∈⊤∋≻⋈∈⊥∋≻⋈∈⊤∋≻⋈∈⊥∋≻⋈∈⊥∋≻⋈∈⊥∋≻⋈∈⊥∋⊙⊡⊣
Q = ⊢≻⋈∈⊥∋≻⋈∈⊤∋≻⋈∈⊤∋≻⋈∈⊤∋≻⋈∈⊤∋≻⋈∈⊥∋≻⋈∈⊥∋≻⋈∈⊤∋≻⋈∈⊤∋≻⋈∈⊥∋≻⋈∈⊤∋≻⋈∈⊤∋≻⋈∈⊤∋≻⋈∈⊤∋≻⋈∈⊥∋≻⋈∈⊤∋≻⋈∈⊥∋≻⋈∈⊥∋≻⋈∈⊥∋≻⋈∈⊥∋⊙⊡⊣
frame P window=2 tail=2 bits=20 groups=⊥⊥|⊤⊤|⊤⊤|⊥⊤|⊤⊥|⊤⊤|⊤⊤|⊥⊤|⊥⊥|⊥⊥
frame P window=3 tail=2 bits=20 groups=⊥⊥⊤|⊤⊤⊤|⊥⊤⊤|⊥⊤⊤|⊤⊤⊥|⊤⊥⊥|⊥⊥
frame P window=4 tail=4 bits=20 groups=⊥⊥⊤⊤|⊤⊤⊥⊤|⊤⊥⊤⊤|⊤⊤⊥⊤|⊥⊥⊥⊥
frame P window=5 tail=5 bits=20 groups=⊥⊥⊤⊤⊤|⊤⊥⊤⊤⊥|⊤⊤⊤⊤⊥|⊤⊥⊥⊥⊥
frame P window=6 tail=2 bits=20 groups=⊥⊥⊤⊤⊤⊤|⊥⊤⊤⊥⊤⊤|⊤⊤⊥⊤⊥⊥|⊥⊥
frame P window=7 tail=6 bits=20 groups=⊥⊥⊤⊤⊤⊤⊥|⊤⊤⊥⊤⊤⊤⊤|⊥⊤⊥⊥⊥⊥
frame P window=8 tail=4 bits=20 groups=⊥⊥⊤⊤⊤⊤⊥⊤|⊤⊥⊤⊤⊤⊤⊥⊤|⊥⊥⊥⊥
frame Q window=2 tail=2 bits=20 groups=⊥⊤|⊤⊤|⊤⊥|⊥⊤|⊤⊥|⊤⊤|⊤⊤|⊥⊤|⊥⊥|⊥⊥
frame Q window=3 tail=2 bits=20 groups=⊥⊤⊤|⊤⊤⊥|⊥⊤⊤|⊥⊤⊤|⊤⊤⊥|⊤⊥⊥|⊥⊥
frame Q window=4 tail=4 bits=20 groups=⊥⊤⊤⊤|⊤⊥⊥⊤|⊤⊥⊤⊤|⊤⊤⊥⊤|⊥⊥⊥⊥
frame Q window=5 tail=5 bits=20 groups=⊥⊤⊤⊤⊤|⊥⊥⊤⊤⊥|⊤⊤⊤⊤⊥|⊤⊥⊥⊥⊥
frame Q window=6 tail=2 bits=20 groups=⊥⊤⊤⊤⊤⊥|⊥⊤⊤⊥⊤⊤|⊤⊤⊥⊤⊥⊥|⊥⊥
frame Q window=7 tail=6 bits=20 groups=⊥⊤⊤⊤⊤⊥⊥|⊤⊤⊥⊤⊤⊤⊤|⊥⊤⊥⊥⊥⊥
frame Q window=8 tail=4 bits=20 groups=⊥⊤⊤⊤⊤⊥⊥⊤|⊤⊥⊤⊤⊤⊤⊥⊤|⊥⊥⊥⊥
entry(...) exited(0)   [21176339 steps in the twelve]
