phase progress: observations=8 registers=9
phase winding: 2032 (12 dyadic observations, 12 phase registers)
membrane timing: phase-winding=69.912µs fde-dual-closure=10.157µs
FDE closure: T (prefix-first=true, product-first=true)
membrane input: baked IMASM base and modulus
nesting: phase winding ⊃ factor close ⊃ encoded bit-register fold
base = ⊢≻⋈∈⊤∋≻⋈∈⊥∋⊙⊡⊣
N = ⊢≻⋈∈⊥∋≻⋈∈⊥∋≻⋈∈⊥∋≻⋈∈⊥∋≻⋈∈⊥∋≻⋈∈⊥∋≻⋈∈⊥∋≻⋈∈⊥∋≻⋈∈⊤∋≻⋈∈⊥∋≻⋈∈⊥∋≻⋈∈⊥∋≻⋈∈⊥∋≻⋈∈⊥∋≻⋈∈⊥∋≻⋈∈⊥∋≻⋈∈⊥∋≻⋈∈⊥∋≻⋈∈⊥∋≻⋈∈⊥∋≻⋈∈⊥∋≻⋈∈⊥∋≻⋈∈⊥∋≻⋈∈⊥∋≻⋈∈⊥∋≻⋈∈⊥∋≻⋈∈⊥∋≻⋈∈⊥∋≻⋈∈⊥∋≻⋈∈⊥∋≻⋈∈⊥∋≻⋈∈⊥∋≻⋈∈⊥∋≻⋈∈⊥∋≻⋈∈⊥∋≻⋈∈⊥∋≻⋈∈⊥∋≻⋈∈⊥∋≻⋈∈⊥∋≻⋈∈⊥∋≻⋈∈⊥∋≻⋈∈⊥∋≻⋈∈⊥∋≻⋈∈⊥∋≻⋈∈⊥∋≻⋈∈⊥∋≻⋈∈⊥∋≻⋈∈⊥∋≻⋈∈⊥∋≻⋈∈⊥∋≻⋈∈⊥∋≻⋈∈⊥∋≻⋈∈⊥∋≻⋈∈⊥∋≻⋈∈⊥∋≻⋈∈⊥∋≻⋈∈⊥∋≻⋈∈⊥∋≻⋈∈⊥∋≻⋈∈⊥∋≻⋈∈⊥∋≻⋈∈⊥∋≻⋈∈⊥∋≻⋈∈⊥∋≻⋈∈⊥∋≻⋈∈⊥∋≻⋈∈⊥∋≻⋈∈⊥∋≻⋈∈⊥∋≻⋈∈⊥∋≻⋈∈⊥∋≻⋈∈⊥∋≻⋈∈⊥∋≻⋈∈⊥∋≻⋈∈⊥∋≻⋈∈⊥∋≻⋈∈⊥∋≻⋈∈⊥∋≻⋈∈⊥∋≻⋈∈⊥∋≻⋈∈⊥∋≻⋈∈⊥∋≻⋈∈⊥∋≻⋈∈⊥∋≻⋈∈⊥∋≻⋈∈⊥∋≻⋈∈⊥∋≻⋈∈⊥∋≻⋈∈⊥∋≻⋈∈⊥∋≻⋈∈⊥∋≻⋈∈⊥∋≻⋈∈⊥∋≻⋈∈⊥∋≻⋈∈⊥∋≻⋈∈⊥∋≻⋈∈⊥∋≻⋈∈⊥∋≻⋈∈⊥∋≻⋈∈⊥∋≻⋈∈⊥∋≻⋈∈⊥∋≻⋈∈⊥∋≻⋈∈⊥∋≻⋈∈⊥∋≻⋈∈⊥∋≻⋈∈⊥∋≻⋈∈⊥∋≻⋈∈⊥∋≻⋈∈⊥∋≻⋈∈⊥∋≻⋈∈⊥∋≻⋈∈⊥∋≻⋈∈⊥∋≻⋈∈⊥∋≻⋈∈⊥∋≻⋈∈⊥∋≻⋈∈⊥∋≻⋈∈⊥∋≻⋈∈⊥∋≻⋈∈⊥∋≻⋈∈⊥∋≻⋈∈⊥∋≻⋈∈⊥∋≻⋈∈⊥∋≻⋈∈⊥∋≻⋈∈⊥∋≻⋈∈⊤∋≻⋈∈⊤∋≻⋈∈⊤∋≻⋈∈⊤∋≻⋈∈⊤∋≻⋈∈⊤∋≻⋈∈⊤∋≻⋈∈⊤∋≻⋈∈⊥∋⊙⊡⊣
frame N window=2 tail=2 bits=136 groups=⊥⊥|⊥⊥|⊥⊥|⊥⊥|⊤⊥|⊥⊥|⊥⊥|⊥⊥|⊥⊥|⊥⊥|⊥⊥|⊥⊥|⊥⊥|⊥⊥|⊥⊥|⊥⊥|⊥⊥|⊥⊥|⊥⊥|⊥⊥|⊥⊥|⊥⊥|⊥⊥|⊥⊥|⊥⊥|⊥⊥|⊥⊥|⊥⊥|⊥⊥|⊥⊥|⊥⊥|⊥⊥|⊥⊥|⊥⊥|⊥⊥|⊥⊥|⊥⊥|⊥⊥|⊥⊥|⊥⊥|⊥⊥|⊥⊥|⊥⊥|⊥⊥|⊥⊥|⊥⊥|⊥⊥|⊥⊥|⊥⊥|⊥⊥|⊥⊥|⊥⊥|⊥⊥|⊥⊥|⊥⊥|⊥⊥|⊥⊥|⊥⊥|⊥⊥|⊥⊥|⊥⊥|⊥⊥|⊥⊥|⊥⊤|⊤⊤|⊤⊤|⊤⊤|⊤⊥
frame N window=3 tail=1 bits=136 groups=⊥⊥⊥|⊥⊥⊥|⊥⊥⊤|⊥⊥⊥|⊥⊥⊥|⊥⊥⊥|⊥⊥⊥|⊥⊥⊥|⊥⊥⊥|⊥⊥⊥|⊥⊥⊥|⊥⊥⊥|⊥⊥⊥|⊥⊥⊥|⊥⊥⊥|⊥⊥⊥|⊥⊥⊥|⊥⊥⊥|⊥⊥⊥|⊥⊥⊥|⊥⊥⊥|⊥⊥⊥|⊥⊥⊥|⊥⊥⊥|⊥⊥⊥|⊥⊥⊥|⊥⊥⊥|⊥⊥⊥|⊥⊥⊥|⊥⊥⊥|⊥⊥⊥|⊥⊥⊥|⊥⊥⊥|⊥⊥⊥|⊥⊥⊥|⊥⊥⊥|⊥⊥⊥|⊥⊥⊥|⊥⊥⊥|⊥⊥⊥|⊥⊥⊥|⊥⊥⊥|⊥⊤⊤|⊤⊤⊤|⊤⊤⊤|⊥
frame N window=4 tail=4 bits=136 groups=⊥⊥⊥⊥|⊥⊥⊥⊥|⊤⊥⊥⊥|⊥⊥⊥⊥|⊥⊥⊥⊥|⊥⊥⊥⊥|⊥⊥⊥⊥|⊥⊥⊥⊥|⊥⊥⊥⊥|⊥⊥⊥⊥|⊥⊥⊥⊥|⊥⊥⊥⊥|⊥⊥⊥⊥|⊥⊥⊥⊥|⊥⊥⊥⊥|⊥⊥⊥⊥|⊥⊥⊥⊥|⊥⊥⊥⊥|⊥⊥⊥⊥|⊥⊥⊥⊥|⊥⊥⊥⊥|⊥⊥⊥⊥|⊥⊥⊥⊥|⊥⊥⊥⊥|⊥⊥⊥⊥|⊥⊥⊥⊥|⊥⊥⊥⊥|⊥⊥⊥⊥|⊥⊥⊥⊥|⊥⊥⊥⊥|⊥⊥⊥⊥|⊥⊥⊥⊤|⊤⊤⊤⊤|⊤⊤⊤⊥
frame N window=5 tail=1 bits=136 groups=⊥⊥⊥⊥⊥|⊥⊥⊥⊤⊥|⊥⊥⊥⊥⊥|⊥⊥⊥⊥⊥|⊥⊥⊥⊥⊥|⊥⊥⊥⊥⊥|⊥⊥⊥⊥⊥|⊥⊥⊥⊥⊥|⊥⊥⊥⊥⊥|⊥⊥⊥⊥⊥|⊥⊥⊥⊥⊥|⊥⊥⊥⊥⊥|⊥⊥⊥⊥⊥|⊥⊥⊥⊥⊥|⊥⊥⊥⊥⊥|⊥⊥⊥⊥⊥|⊥⊥⊥⊥⊥|⊥⊥⊥⊥⊥|⊥⊥⊥⊥⊥|⊥⊥⊥⊥⊥|⊥⊥⊥⊥⊥|⊥⊥⊥⊥⊥|⊥⊥⊥⊥⊥|⊥⊥⊥⊥⊥|⊥⊥⊥⊥⊥|⊥⊥⊤⊤⊤|⊤⊤⊤⊤⊤|⊥
frame N window=6 tail=4 bits=136 groups=⊥⊥⊥⊥⊥⊥|⊥⊥⊤⊥⊥⊥|⊥⊥⊥⊥⊥⊥|⊥⊥⊥⊥⊥⊥|⊥⊥⊥⊥⊥⊥|⊥⊥⊥⊥⊥⊥|⊥⊥⊥⊥⊥⊥|⊥⊥⊥⊥⊥⊥|⊥⊥⊥⊥⊥⊥|⊥⊥⊥⊥⊥⊥|⊥⊥⊥⊥⊥⊥|⊥⊥⊥⊥⊥⊥|⊥⊥⊥⊥⊥⊥|⊥⊥⊥⊥⊥⊥|⊥⊥⊥⊥⊥⊥|⊥⊥⊥⊥⊥⊥|⊥⊥⊥⊥⊥⊥|⊥⊥⊥⊥⊥⊥|⊥⊥⊥⊥⊥⊥|⊥⊥⊥⊥⊥⊥|⊥⊥⊥⊥⊥⊥|⊥⊤⊤⊤⊤⊤|⊤⊤⊤⊥
frame N window=7 tail=3 bits=136 groups=⊥⊥⊥⊥⊥⊥⊥|⊥⊤⊥⊥⊥⊥⊥|⊥⊥⊥⊥⊥⊥⊥|⊥⊥⊥⊥⊥⊥⊥|⊥⊥⊥⊥⊥⊥⊥|⊥⊥⊥⊥⊥⊥⊥|⊥⊥⊥⊥⊥⊥⊥|⊥⊥⊥⊥⊥⊥⊥|⊥⊥⊥⊥⊥⊥⊥|⊥⊥⊥⊥⊥⊥⊥|⊥⊥⊥⊥⊥⊥⊥|⊥⊥⊥⊥⊥⊥⊥|⊥⊥⊥⊥⊥⊥⊥|⊥⊥⊥⊥⊥⊥⊥|⊥⊥⊥⊥⊥⊥⊥|⊥⊥⊥⊥⊥⊥⊥|⊥⊥⊥⊥⊥⊥⊥|⊥⊥⊥⊥⊥⊥⊥|⊥⊤⊤⊤⊤⊤⊤|⊤⊤⊥
frame N window=8 tail=8 bits=136 groups=⊥⊥⊥⊥⊥⊥⊥⊥|⊤⊥⊥⊥⊥⊥⊥⊥|⊥⊥⊥⊥⊥⊥⊥⊥|⊥⊥⊥⊥⊥⊥⊥⊥|⊥⊥⊥⊥⊥⊥⊥⊥|⊥⊥⊥⊥⊥⊥⊥⊥|⊥⊥⊥⊥⊥⊥⊥⊥|⊥⊥⊥⊥⊥⊥⊥⊥|⊥⊥⊥⊥⊥⊥⊥⊥|⊥⊥⊥⊥⊥⊥⊥⊥|⊥⊥⊥⊥⊥⊥⊥⊥|⊥⊥⊥⊥⊥⊥⊥⊥|⊥⊥⊥⊥⊥⊥⊥⊥|⊥⊥⊥⊥⊥⊥⊥⊥|⊥⊥⊥⊥⊥⊥⊥⊥|⊥⊥⊥⊥⊥⊥⊥⊤|⊤⊤⊤⊤⊤⊤⊤⊥
P = ⊢≻⋈∈⊥∋≻⋈∈⊤∋≻⋈∈⊤∋≻⋈∈⊤∋≻⋈∈⊤∋≻⋈∈⊤∋≻⋈∈⊤∋≻⋈∈⊤∋≻⋈∈⊥∋⊙⊡⊣
Q = ⊢≻⋈∈⊥∋≻⋈∈⊥∋≻⋈∈⊥∋≻⋈∈⊥∋≻⋈∈⊥∋≻⋈∈⊥∋≻⋈∈⊥∋≻⋈∈⊥∋≻⋈∈⊥∋≻⋈∈⊥∋≻⋈∈⊥∋≻⋈∈⊥∋≻⋈∈⊥∋≻⋈∈⊥∋≻⋈∈⊥∋≻⋈∈⊥∋≻⋈∈⊥∋≻⋈∈⊥∋≻⋈∈⊥∋≻⋈∈⊥∋≻⋈∈⊥∋≻⋈∈⊥∋≻⋈∈⊥∋≻⋈∈⊥∋≻⋈∈⊥∋≻⋈∈⊥∋≻⋈∈⊥∋≻⋈∈⊥∋≻⋈∈⊥∋≻⋈∈⊥∋≻⋈∈⊥∋≻⋈∈⊥∋≻⋈∈⊥∋≻⋈∈⊥∋≻⋈∈⊥∋≻⋈∈⊥∋≻⋈∈⊥∋≻⋈∈⊥∋≻⋈∈⊥∋≻⋈∈⊥∋≻⋈∈⊥∋≻⋈∈⊥∋≻⋈∈⊥∋≻⋈∈⊥∋≻⋈∈⊥∋≻⋈∈⊥∋≻⋈∈⊥∋≻⋈∈⊥∋≻⋈∈⊥∋≻⋈∈⊥∋≻⋈∈⊥∋≻⋈∈⊥∋≻⋈∈⊥∋≻⋈∈⊥∋≻⋈∈⊥∋≻⋈∈⊥∋≻⋈∈⊥∋≻⋈∈⊥∋≻⋈∈⊥∋≻⋈∈⊥∋≻⋈∈⊥∋≻⋈∈⊥∋≻⋈∈⊥∋≻⋈∈⊥∋≻⋈∈⊥∋≻⋈∈⊥∋≻⋈∈⊥∋≻⋈∈⊥∋≻⋈∈⊥∋≻⋈∈⊥∋≻⋈∈⊥∋≻⋈∈⊥∋≻⋈∈⊥∋≻⋈∈⊥∋≻⋈∈⊥∋≻⋈∈⊥∋≻⋈∈⊥∋≻⋈∈⊥∋≻⋈∈⊥∋≻⋈∈⊥∋≻⋈∈⊥∋≻⋈∈⊥∋≻⋈∈⊥∋≻⋈∈⊥∋≻⋈∈⊥∋≻⋈∈⊥∋≻⋈∈⊥∋≻⋈∈⊥∋≻⋈∈⊥∋≻⋈∈⊥∋≻⋈∈⊥∋≻⋈∈⊥∋≻⋈∈⊥∋≻⋈∈⊥∋≻⋈∈⊥∋≻⋈∈⊥∋≻⋈∈⊥∋≻⋈∈⊥∋≻⋈∈⊥∋≻⋈∈⊥∋≻⋈∈⊥∋≻⋈∈⊥∋≻⋈∈⊥∋≻⋈∈⊥∋≻⋈∈⊥∋≻⋈∈⊥∋≻⋈∈⊥∋≻⋈∈⊥∋≻⋈∈⊥∋≻⋈∈⊥∋≻⋈∈⊥∋≻⋈∈⊥∋≻⋈∈⊥∋≻⋈∈⊥∋≻⋈∈⊥∋≻⋈∈⊥∋≻⋈∈⊥∋≻⋈∈⊥∋≻⋈∈⊥∋≻⋈∈⊥∋≻⋈∈⊥∋≻⋈∈⊥∋≻⋈∈⊥∋≻⋈∈⊥∋≻⋈∈⊥∋≻⋈∈⊥∋≻⋈∈⊥∋⊙⊡⊣
frame P window=2 tail=1 bits=9 groups=⊥⊤|⊤⊤|⊤⊤|⊤⊤|⊥
frame P window=3 tail=3 bits=9 groups=⊥⊤⊤|⊤⊤⊤|⊤⊤⊥
frame P window=4 tail=1 bits=9 groups=⊥⊤⊤⊤|⊤⊤⊤⊤|⊥
frame P window=5 tail=4 bits=9 groups=⊥⊤⊤⊤⊤|⊤⊤⊤⊥
frame P window=6 tail=3 bits=9 groups=⊥⊤⊤⊤⊤⊤|⊤⊤⊥
frame P window=7 tail=2 bits=9 groups=⊥⊤⊤⊤⊤⊤⊤|⊤⊥
frame P window=8 tail=1 bits=9 groups=⊥⊤⊤⊤⊤⊤⊤⊤|⊥
frame Q window=2 tail=1 bits=127 groups=⊥⊥|⊥⊥|⊥⊥|⊥⊥|⊥⊥|⊥⊥|⊥⊥|⊥⊥|⊥⊥|⊥⊥|⊥⊥|⊥⊥|⊥⊥|⊥⊥|⊥⊥|⊥⊥|⊥⊥|⊥⊥|⊥⊥|⊥⊥|⊥⊥|⊥⊥|⊥⊥|⊥⊥|⊥⊥|⊥⊥|⊥⊥|⊥⊥|⊥⊥|⊥⊥|⊥⊥|⊥⊥|⊥⊥|⊥⊥|⊥⊥|⊥⊥|⊥⊥|⊥⊥|⊥⊥|⊥⊥|⊥⊥|⊥⊥|⊥⊥|⊥⊥|⊥⊥|⊥⊥|⊥⊥|⊥⊥|⊥⊥|⊥⊥|⊥⊥|⊥⊥|⊥⊥|⊥⊥|⊥⊥|⊥⊥|⊥⊥|⊥⊥|⊥⊥|⊥⊥|⊥⊥|⊥⊥|⊥⊥|⊥
frame Q window=3 tail=1 bits=127 groups=⊥⊥⊥|⊥⊥⊥|⊥⊥⊥|⊥⊥⊥|⊥⊥⊥|⊥⊥⊥|⊥⊥⊥|⊥⊥⊥|⊥⊥⊥|⊥⊥⊥|⊥⊥⊥|⊥⊥⊥|⊥⊥⊥|⊥⊥⊥|⊥⊥⊥|⊥⊥⊥|⊥⊥⊥|⊥⊥⊥|⊥⊥⊥|⊥⊥⊥|⊥⊥⊥|⊥⊥⊥|⊥⊥⊥|⊥⊥⊥|⊥⊥⊥|⊥⊥⊥|⊥⊥⊥|⊥⊥⊥|⊥⊥⊥|⊥⊥⊥|⊥⊥⊥|⊥⊥⊥|⊥⊥⊥|⊥⊥⊥|⊥⊥⊥|⊥⊥⊥|⊥⊥⊥|⊥⊥⊥|⊥⊥⊥|⊥⊥⊥|⊥⊥⊥|⊥⊥⊥|⊥
frame Q window=4 tail=3 bits=127 groups=⊥⊥⊥⊥|⊥⊥⊥⊥|⊥⊥⊥⊥|⊥⊥⊥⊥|⊥⊥⊥⊥|⊥⊥⊥⊥|⊥⊥⊥⊥|⊥⊥⊥⊥|⊥⊥⊥⊥|⊥⊥⊥⊥|⊥⊥⊥⊥|⊥⊥⊥⊥|⊥⊥⊥⊥|⊥⊥⊥⊥|⊥⊥⊥⊥|⊥⊥⊥⊥|⊥⊥⊥⊥|⊥⊥⊥⊥|⊥⊥⊥⊥|⊥⊥⊥⊥|⊥⊥⊥⊥|⊥⊥⊥⊥|⊥⊥⊥⊥|⊥⊥⊥⊥|⊥⊥⊥⊥|⊥⊥⊥⊥|⊥⊥⊥⊥|⊥⊥⊥⊥|⊥⊥⊥⊥|⊥⊥⊥⊥|⊥⊥⊥⊥|⊥⊥⊥
frame Q window=5 tail=2 bits=127 groups=⊥⊥⊥⊥⊥|⊥⊥⊥⊥⊥|⊥⊥⊥⊥⊥|⊥⊥⊥⊥⊥|⊥⊥⊥⊥⊥|⊥⊥⊥⊥⊥|⊥⊥⊥⊥⊥|⊥⊥⊥⊥⊥|⊥⊥⊥⊥⊥|⊥⊥⊥⊥⊥|⊥⊥⊥⊥⊥|⊥⊥⊥⊥⊥|⊥⊥⊥⊥⊥|⊥⊥⊥⊥⊥|⊥⊥⊥⊥⊥|⊥⊥⊥⊥⊥|⊥⊥⊥⊥⊥|⊥⊥⊥⊥⊥|⊥⊥⊥⊥⊥|⊥⊥⊥⊥⊥|⊥⊥⊥⊥⊥|⊥⊥⊥⊥⊥|⊥⊥⊥⊥⊥|⊥⊥⊥⊥⊥|⊥⊥⊥⊥⊥|⊥⊥
frame Q window=6 tail=1 bits=127 groups=⊥⊥⊥⊥⊥⊥|⊥⊥⊥⊥⊥⊥|⊥⊥⊥⊥⊥⊥|⊥⊥⊥⊥⊥⊥|⊥⊥⊥⊥⊥⊥|⊥⊥⊥⊥⊥⊥|⊥⊥⊥⊥⊥⊥|⊥⊥⊥⊥⊥⊥|⊥⊥⊥⊥⊥⊥|⊥⊥⊥⊥⊥⊥|⊥⊥⊥⊥⊥⊥|⊥⊥⊥⊥⊥⊥|⊥⊥⊥⊥⊥⊥|⊥⊥⊥⊥⊥⊥|⊥⊥⊥⊥⊥⊥|⊥⊥⊥⊥⊥⊥|⊥⊥⊥⊥⊥⊥|⊥⊥⊥⊥⊥⊥|⊥⊥⊥⊥⊥⊥|⊥⊥⊥⊥⊥⊥|⊥⊥⊥⊥⊥⊥|⊥
frame Q window=7 tail=1 bits=127 groups=⊥⊥⊥⊥⊥⊥⊥|⊥⊥⊥⊥⊥⊥⊥|⊥⊥⊥⊥⊥⊥⊥|⊥⊥⊥⊥⊥⊥⊥|⊥⊥⊥⊥⊥⊥⊥|⊥⊥⊥⊥⊥⊥⊥|⊥⊥⊥⊥⊥⊥⊥|⊥⊥⊥⊥⊥⊥⊥|⊥⊥⊥⊥⊥⊥⊥|⊥⊥⊥⊥⊥⊥⊥|⊥⊥⊥⊥⊥⊥⊥|⊥⊥⊥⊥⊥⊥⊥|⊥⊥⊥⊥⊥⊥⊥|⊥⊥⊥⊥⊥⊥⊥|⊥⊥⊥⊥⊥⊥⊥|⊥⊥⊥⊥⊥⊥⊥|⊥⊥⊥⊥⊥⊥⊥|⊥⊥⊥⊥⊥⊥⊥|⊥
frame Q window=8 tail=7 bits=127 groups=⊥⊥⊥⊥⊥⊥⊥⊥|⊥⊥⊥⊥⊥⊥⊥⊥|⊥⊥⊥⊥⊥⊥⊥⊥|⊥⊥⊥⊥⊥⊥⊥⊥|⊥⊥⊥⊥⊥⊥⊥⊥|⊥⊥⊥⊥⊥⊥⊥⊥|⊥⊥⊥⊥⊥⊥⊥⊥|⊥⊥⊥⊥⊥⊥⊥⊥|⊥⊥⊥⊥⊥⊥⊥⊥|⊥⊥⊥⊥⊥⊥⊥⊥|⊥⊥⊥⊥⊥⊥⊥⊥|⊥⊥⊥⊥⊥⊥⊥⊥|⊥⊥⊥⊥⊥⊥⊥⊥|⊥⊥⊥⊥⊥⊥⊥⊥|⊥⊥⊥⊥⊥⊥⊥⊥|⊥⊥⊥⊥⊥⊥⊥
wall=0.00 user=0.00 sys=0.00
