phase progress: observations=8 registers=9
phase progress: observations=16 registers=17
phase progress: observations=24 registers=25
phase progress: observations=32 registers=33
phase progress: observations=40 registers=41
phase progress: observations=48 registers=49
phase progress: observations=56 registers=57
phase progress: observations=64 registers=65
phase winding: 18446744073709551600 (65 dyadic observations, 65 phase registers)
membrane timing: phase-winding=264.225µs fde-dual-closure=7.202µs
FDE closure: T (prefix-first=true, product-first=true)
membrane input: baked IMASM base and modulus
nesting: phase winding ⊃ factor close ⊃ encoded bit-register fold
base = ⊢≻⋈∈⊤∋≻⋈∈⊥∋⊙⊡⊣
N = ⊢≻⋈∈⊥∋≻⋈∈⊥∋≻⋈∈⊥∋≻⋈∈⊥∋≻⋈∈⊥∋≻⋈∈⊥∋≻⋈∈⊥∋≻⋈∈⊥∋≻⋈∈⊤∋≻⋈∈⊥∋≻⋈∈⊥∋≻⋈∈⊥∋≻⋈∈⊥∋≻⋈∈⊥∋≻⋈∈⊥∋≻⋈∈⊥∋≻⋈∈⊥∋≻⋈∈⊥∋≻⋈∈⊥∋≻⋈∈⊥∋≻⋈∈⊥∋≻⋈∈⊥∋≻⋈∈⊥∋≻⋈∈⊥∋≻⋈∈⊥∋≻⋈∈⊥∋≻⋈∈⊥∋≻⋈∈⊥∋≻⋈∈⊥∋≻⋈∈⊥∋≻⋈∈⊥∋≻⋈∈⊥∋≻⋈∈⊥∋≻⋈∈⊥∋≻⋈∈⊥∋≻⋈∈⊥∋≻⋈∈⊥∋≻⋈∈⊥∋≻⋈∈⊥∋≻⋈∈⊥∋≻⋈∈⊥∋≻⋈∈⊥∋≻⋈∈⊥∋≻⋈∈⊥∋≻⋈∈⊥∋≻⋈∈⊥∋≻⋈∈⊥∋≻⋈∈⊥∋≻⋈∈⊥∋≻⋈∈⊥∋≻⋈∈⊥∋≻⋈∈⊥∋≻⋈∈⊥∋≻⋈∈⊥∋≻⋈∈⊥∋≻⋈∈⊥∋≻⋈∈⊥∋≻⋈∈⊥∋≻⋈∈⊥∋≻⋈∈⊥∋≻⋈∈⊥∋≻⋈∈⊤∋≻⋈∈⊤∋≻⋈∈⊤∋≻⋈∈⊤∋≻⋈∈⊤∋≻⋈∈⊤∋≻⋈∈⊤∋≻⋈∈⊤∋≻⋈∈⊥∋⊙⊡⊣
frame N window=2 tail=2 bits=70 groups=⊥⊥|⊥⊥|⊥⊥|⊥⊥|⊤⊥|⊥⊥|⊥⊥|⊥⊥|⊥⊥|⊥⊥|⊥⊥|⊥⊥|⊥⊥|⊥⊥|⊥⊥|⊥⊥|⊥⊥|⊥⊥|⊥⊥|⊥⊥|⊥⊥|⊥⊥|⊥⊥|⊥⊥|⊥⊥|⊥⊥|⊥⊥|⊥⊥|⊥⊥|⊥⊥|⊥⊤|⊤⊤|⊤⊤|⊤⊤|⊤⊥
frame N window=3 tail=1 bits=70 groups=⊥⊥⊥|⊥⊥⊥|⊥⊥⊤|⊥⊥⊥|⊥⊥⊥|⊥⊥⊥|⊥⊥⊥|⊥⊥⊥|⊥⊥⊥|⊥⊥⊥|⊥⊥⊥|⊥⊥⊥|⊥⊥⊥|⊥⊥⊥|⊥⊥⊥|⊥⊥⊥|⊥⊥⊥|⊥⊥⊥|⊥⊥⊥|⊥⊥⊥|⊥⊤⊤|⊤⊤⊤|⊤⊤⊤|⊥
frame N window=4 tail=2 bits=70 groups=⊥⊥⊥⊥|⊥⊥⊥⊥|⊤⊥⊥⊥|⊥⊥⊥⊥|⊥⊥⊥⊥|⊥⊥⊥⊥|⊥⊥⊥⊥|⊥⊥⊥⊥|⊥⊥⊥⊥|⊥⊥⊥⊥|⊥⊥⊥⊥|⊥⊥⊥⊥|⊥⊥⊥⊥|⊥⊥⊥⊥|⊥⊥⊥⊥|⊥⊤⊤⊤|⊤⊤⊤⊤|⊤⊥
frame N window=5 tail=5 bits=70 groups=⊥⊥⊥⊥⊥|⊥⊥⊥⊤⊥|⊥⊥⊥⊥⊥|⊥⊥⊥⊥⊥|⊥⊥⊥⊥⊥|⊥⊥⊥⊥⊥|⊥⊥⊥⊥⊥|⊥⊥⊥⊥⊥|⊥⊥⊥⊥⊥|⊥⊥⊥⊥⊥|⊥⊥⊥⊥⊥|⊥⊥⊥⊥⊥|⊥⊤⊤⊤⊤|⊤⊤⊤⊤⊥
frame N window=6 tail=4 bits=70 groups=⊥⊥⊥⊥⊥⊥|⊥⊥⊤⊥⊥⊥|⊥⊥⊥⊥⊥⊥|⊥⊥⊥⊥⊥⊥|⊥⊥⊥⊥⊥⊥|⊥⊥⊥⊥⊥⊥|⊥⊥⊥⊥⊥⊥|⊥⊥⊥⊥⊥⊥|⊥⊥⊥⊥⊥⊥|⊥⊥⊥⊥⊥⊥|⊥⊤⊤⊤⊤⊤|⊤⊤⊤⊥
frame N window=7 tail=7 bits=70 groups=⊥⊥⊥⊥⊥⊥⊥|⊥⊤⊥⊥⊥⊥⊥|⊥⊥⊥⊥⊥⊥⊥|⊥⊥⊥⊥⊥⊥⊥|⊥⊥⊥⊥⊥⊥⊥|⊥⊥⊥⊥⊥⊥⊥|⊥⊥⊥⊥⊥⊥⊥|⊥⊥⊥⊥⊥⊥⊥|⊥⊥⊥⊥⊥⊤⊤|⊤⊤⊤⊤⊤⊤⊥
frame N window=8 tail=6 bits=70 groups=⊥⊥⊥⊥⊥⊥⊥⊥|⊤⊥⊥⊥⊥⊥⊥⊥|⊥⊥⊥⊥⊥⊥⊥⊥|⊥⊥⊥⊥⊥⊥⊥⊥|⊥⊥⊥⊥⊥⊥⊥⊥|⊥⊥⊥⊥⊥⊥⊥⊥|⊥⊥⊥⊥⊥⊥⊥⊥|⊥⊥⊥⊥⊥⊤⊤⊤|⊤⊤⊤⊤⊤⊥
P = ⊢≻⋈∈⊥∋≻⋈∈⊤∋≻⋈∈⊤∋≻⋈∈⊤∋≻⋈∈⊤∋≻⋈∈⊤∋≻⋈∈⊤∋≻⋈∈⊤∋≻⋈∈⊥∋⊙⊡⊣
Q = ⊢≻⋈∈⊥∋≻⋈∈⊥∋≻⋈∈⊥∋≻⋈∈⊥∋≻⋈∈⊥∋≻⋈∈⊥∋≻⋈∈⊥∋≻⋈∈⊥∋≻⋈∈⊥∋≻⋈∈⊥∋≻⋈∈⊥∋≻⋈∈⊥∋≻⋈∈⊥∋≻⋈∈⊥∋≻⋈∈⊥∋≻⋈∈⊥∋≻⋈∈⊥∋≻⋈∈⊥∋≻⋈∈⊥∋≻⋈∈⊥∋≻⋈∈⊥∋≻⋈∈⊥∋≻⋈∈⊥∋≻⋈∈⊥∋≻⋈∈⊥∋≻⋈∈⊥∋≻⋈∈⊥∋≻⋈∈⊥∋≻⋈∈⊥∋≻⋈∈⊥∋≻⋈∈⊥∋≻⋈∈⊥∋≻⋈∈⊥∋≻⋈∈⊥∋≻⋈∈⊥∋≻⋈∈⊥∋≻⋈∈⊥∋≻⋈∈⊥∋≻⋈∈⊥∋≻⋈∈⊥∋≻⋈∈⊥∋≻⋈∈⊥∋≻⋈∈⊥∋≻⋈∈⊥∋≻⋈∈⊥∋≻⋈∈⊥∋≻⋈∈⊥∋≻⋈∈⊥∋≻⋈∈⊥∋≻⋈∈⊥∋≻⋈∈⊥∋≻⋈∈⊥∋≻⋈∈⊥∋≻⋈∈⊥∋≻⋈∈⊥∋≻⋈∈⊥∋≻⋈∈⊥∋≻⋈∈⊥∋≻⋈∈⊥∋≻⋈∈⊥∋≻⋈∈⊥∋⊙⊡⊣
frame P window=2 tail=1 bits=9 groups=⊥⊤|⊤⊤|⊤⊤|⊤⊤|⊥
frame P window=3 tail=3 bits=9 groups=⊥⊤⊤|⊤⊤⊤|⊤⊤⊥
frame P window=4 tail=1 bits=9 groups=⊥⊤⊤⊤|⊤⊤⊤⊤|⊥
frame P window=5 tail=4 bits=9 groups=⊥⊤⊤⊤⊤|⊤⊤⊤⊥
frame P window=6 tail=3 bits=9 groups=⊥⊤⊤⊤⊤⊤|⊤⊤⊥
frame P window=7 tail=2 bits=9 groups=⊥⊤⊤⊤⊤⊤⊤|⊤⊥
frame P window=8 tail=1 bits=9 groups=⊥⊤⊤⊤⊤⊤⊤⊤|⊥
frame Q window=2 tail=1 bits=61 groups=⊥⊥|⊥⊥|⊥⊥|⊥⊥|⊥⊥|⊥⊥|⊥⊥|⊥⊥|⊥⊥|⊥⊥|⊥⊥|⊥⊥|⊥⊥|⊥⊥|⊥⊥|⊥⊥|⊥⊥|⊥⊥|⊥⊥|⊥⊥|⊥⊥|⊥⊥|⊥⊥|⊥⊥|⊥⊥|⊥⊥|⊥⊥|⊥⊥|⊥⊥|⊥⊥|⊥
frame Q window=3 tail=1 bits=61 groups=⊥⊥⊥|⊥⊥⊥|⊥⊥⊥|⊥⊥⊥|⊥⊥⊥|⊥⊥⊥|⊥⊥⊥|⊥⊥⊥|⊥⊥⊥|⊥⊥⊥|⊥⊥⊥|⊥⊥⊥|⊥⊥⊥|⊥⊥⊥|⊥⊥⊥|⊥⊥⊥|⊥⊥⊥|⊥⊥⊥|⊥⊥⊥|⊥⊥⊥|⊥
frame Q window=4 tail=1 bits=61 groups=⊥⊥⊥⊥|⊥⊥⊥⊥|⊥⊥⊥⊥|⊥⊥⊥⊥|⊥⊥⊥⊥|⊥⊥⊥⊥|⊥⊥⊥⊥|⊥⊥⊥⊥|⊥⊥⊥⊥|⊥⊥⊥⊥|⊥⊥⊥⊥|⊥⊥⊥⊥|⊥⊥⊥⊥|⊥⊥⊥⊥|⊥⊥⊥⊥|⊥
frame Q window=5 tail=1 bits=61 groups=⊥⊥⊥⊥⊥|⊥⊥⊥⊥⊥|⊥⊥⊥⊥⊥|⊥⊥⊥⊥⊥|⊥⊥⊥⊥⊥|⊥⊥⊥⊥⊥|⊥⊥⊥⊥⊥|⊥⊥⊥⊥⊥|⊥⊥⊥⊥⊥|⊥⊥⊥⊥⊥|⊥⊥⊥⊥⊥|⊥⊥⊥⊥⊥|⊥
frame Q window=6 tail=1 bits=61 groups=⊥⊥⊥⊥⊥⊥|⊥⊥⊥⊥⊥⊥|⊥⊥⊥⊥⊥⊥|⊥⊥⊥⊥⊥⊥|⊥⊥⊥⊥⊥⊥|⊥⊥⊥⊥⊥⊥|⊥⊥⊥⊥⊥⊥|⊥⊥⊥⊥⊥⊥|⊥⊥⊥⊥⊥⊥|⊥⊥⊥⊥⊥⊥|⊥
frame Q window=7 tail=5 bits=61 groups=⊥⊥⊥⊥⊥⊥⊥|⊥⊥⊥⊥⊥⊥⊥|⊥⊥⊥⊥⊥⊥⊥|⊥⊥⊥⊥⊥⊥⊥|⊥⊥⊥⊥⊥⊥⊥|⊥⊥⊥⊥⊥⊥⊥|⊥⊥⊥⊥⊥⊥⊥|⊥⊥⊥⊥⊥⊥⊥|⊥⊥⊥⊥⊥
frame Q window=8 tail=5 bits=61 groups=⊥⊥⊥⊥⊥⊥⊥⊥|⊥⊥⊥⊥⊥⊥⊥⊥|⊥⊥⊥⊥⊥⊥⊥⊥|⊥⊥⊥⊥⊥⊥⊥⊥|⊥⊥⊥⊥⊥⊥⊥⊥|⊥⊥⊥⊥⊥⊥⊥⊥|⊥⊥⊥⊥⊥⊥⊥⊥|⊥⊥⊥⊥⊥
wall=0.00 user=0.00 sys=0.00
