phase progress: observations=8 registers=9
phase progress: observations=16 registers=17
phase progress: observations=24 registers=25
phase progress: observations=32 registers=33
phase progress: observations=40 registers=41
phase progress: observations=48 registers=49
phase progress: observations=56 registers=57
phase progress: observations=64 registers=65
phase progress: observations=72 registers=73
phase progress: observations=80 registers=81
phase progress: observations=88 registers=89
phase progress: observations=96 registers=97
phase progress: observations=104 registers=105
phase progress: observations=112 registers=113
phase progress: observations=120 registers=121
phase progress: observations=128 registers=129
phase progress: observations=136 registers=137
phase progress: observations=144 registers=145
phase progress: observations=152 registers=153
phase progress: observations=160 registers=161
phase progress: observations=168 registers=169
phase progress: observations=176 registers=177
phase progress: observations=184 registers=185
phase progress: observations=192 registers=193
phase progress: observations=200 registers=201
phase progress: observations=208 registers=209
phase progress: observations=216 registers=217
phase progress: observations=224 registers=225
phase progress: observations=232 registers=233
phase progress: observations=240 registers=241
phase progress: observations=248 registers=249
phase progress: observations=256 registers=257
phase progress: observations=264 registers=265
phase winding: 29642774844752946028434172162224104410437116074403984394101141506025761187823600 (265 dyadic observations, 265 phase registers)
membrane timing: phase-winding=4.27392ms fde-dual-closure=18.27µs
FDE closure: T (prefix-first=true, product-first=true)
membrane input: baked IMASM base and modulus
nesting: phase winding ⊃ factor close ⊃ encoded bit-register fold
base = ⊢≻⋈∈⊤∋≻⋈∈⊥∋⊙⊡⊣
N = ⊢≻⋈∈⊥∋≻⋈∈⊥∋≻⋈∈⊥∋≻⋈∈⊥∋≻⋈∈⊥∋≻⋈∈⊥∋≻⋈∈⊥∋≻⋈∈⊥∋≻⋈∈⊤∋≻⋈∈⊥∋≻⋈∈⊥∋≻⋈∈⊥∋≻⋈∈⊥∋≻⋈∈⊥∋≻⋈∈⊥∋≻⋈∈⊥∋≻⋈∈⊥∋≻⋈∈⊥∋≻⋈∈⊥∋≻⋈∈⊥∋≻⋈∈⊥∋≻⋈∈⊥∋≻⋈∈⊥∋≻⋈∈⊥∋≻⋈∈⊥∋≻⋈∈⊥∋≻⋈∈⊥∋≻⋈∈⊥∋≻⋈∈⊥∋≻⋈∈⊥∋≻⋈∈⊥∋≻⋈∈⊥∋≻⋈∈⊥∋≻⋈∈⊥∋≻⋈∈⊥∋≻⋈∈⊥∋≻⋈∈⊥∋≻⋈∈⊥∋≻⋈∈⊥∋≻⋈∈⊥∋≻⋈∈⊥∋≻⋈∈⊥∋≻⋈∈⊥∋≻⋈∈⊥∋≻⋈∈⊥∋≻⋈∈⊥∋≻⋈∈⊥∋≻⋈∈⊥∋≻⋈∈⊥∋≻⋈∈⊥∋≻⋈∈⊥∋≻⋈∈⊥∋≻⋈∈⊥∋≻⋈∈⊥∋≻⋈∈⊥∋≻⋈∈⊥∋≻⋈∈⊥∋≻⋈∈⊥∋≻⋈∈⊥∋≻⋈∈⊥∋≻⋈∈⊥∋≻⋈∈⊥∋≻⋈∈⊥∋≻⋈∈⊥∋≻⋈∈⊥∋≻⋈∈⊥∋≻⋈∈⊥∋≻⋈∈⊥∋≻⋈∈⊥∋≻⋈∈⊥∋≻⋈∈⊥∋≻⋈∈⊥∋≻⋈∈⊥∋≻⋈∈⊥∋≻⋈∈⊥∋≻⋈∈⊥∋≻⋈∈⊥∋≻⋈∈⊥∋≻⋈∈⊥∋≻⋈∈⊥∋≻⋈∈⊥∋≻⋈∈⊥∋≻⋈∈⊥∋≻⋈∈⊥∋≻⋈∈⊥∋≻⋈∈⊥∋≻⋈∈⊥∋≻⋈∈⊥∋≻⋈∈⊥∋≻⋈∈⊥∋≻⋈∈⊥∋≻⋈∈⊥∋≻⋈∈⊥∋≻⋈∈⊥∋≻⋈∈⊥∋≻⋈∈⊥∋≻⋈∈⊥∋≻⋈∈⊥∋≻⋈∈⊥∋≻⋈∈⊥∋≻⋈∈⊥∋≻⋈∈⊥∋≻⋈∈⊥∋≻⋈∈⊥∋≻⋈∈⊥∋≻⋈∈⊥∋≻⋈∈⊥∋≻⋈∈⊥∋≻⋈∈⊥∋≻⋈∈⊥∋≻⋈∈⊥∋≻⋈∈⊥∋≻⋈∈⊥∋≻⋈∈⊥∋≻⋈∈⊥∋≻⋈∈⊥∋≻⋈∈⊥∋≻⋈∈⊥∋≻⋈∈⊥∋≻⋈∈⊥∋≻⋈∈⊥∋≻⋈∈⊥∋≻⋈∈⊥∋≻⋈∈⊥∋≻⋈∈⊥∋≻⋈∈⊥∋≻⋈∈⊥∋≻⋈∈⊥∋≻⋈∈⊥∋≻⋈∈⊥∋≻⋈∈⊥∋≻⋈∈⊥∋≻⋈∈⊥∋≻⋈∈⊥∋≻⋈∈⊥∋≻⋈∈⊥∋≻⋈∈⊥∋≻⋈∈⊥∋≻⋈∈⊥∋≻⋈∈⊥∋≻⋈∈⊥∋≻⋈∈⊥∋≻⋈∈⊥∋≻⋈∈⊥∋≻⋈∈⊥∋≻⋈∈⊥∋≻⋈∈⊥∋≻⋈∈⊥∋≻⋈∈⊥∋≻⋈∈⊥∋≻⋈∈⊥∋≻⋈∈⊥∋≻⋈∈⊥∋≻⋈∈⊥∋≻⋈∈⊥∋≻⋈∈⊥∋≻⋈∈⊥∋≻⋈∈⊥∋≻⋈∈⊥∋≻⋈∈⊥∋≻⋈∈⊥∋≻⋈∈⊥∋≻⋈∈⊥∋≻⋈∈⊥∋≻⋈∈⊥∋≻⋈∈⊥∋≻⋈∈⊥∋≻⋈∈⊥∋≻⋈∈⊥∋≻⋈∈⊥∋≻⋈∈⊥∋≻⋈∈⊥∋≻⋈∈⊥∋≻⋈∈⊥∋≻⋈∈⊥∋≻⋈∈⊥∋≻⋈∈⊥∋≻⋈∈⊥∋≻⋈∈⊥∋≻⋈∈⊥∋≻⋈∈⊥∋≻⋈∈⊥∋≻⋈∈⊥∋≻⋈∈⊥∋≻⋈∈⊥∋≻⋈∈⊥∋≻⋈∈⊥∋≻⋈∈⊥∋≻⋈∈⊥∋≻⋈∈⊥∋≻⋈∈⊥∋≻⋈∈⊥∋≻⋈∈⊥∋≻⋈∈⊥∋≻⋈∈⊥∋≻⋈∈⊥∋≻⋈∈⊥∋≻⋈∈⊥∋≻⋈∈⊥∋≻⋈∈⊥∋≻⋈∈⊥∋≻⋈∈⊥∋≻⋈∈⊥∋≻⋈∈⊥∋≻⋈∈⊥∋≻⋈∈⊥∋≻⋈∈⊥∋≻⋈∈⊥∋≻⋈∈⊥∋≻⋈∈⊥∋≻⋈∈⊥∋≻⋈∈⊥∋≻⋈∈⊥∋≻⋈∈⊥∋≻⋈∈⊥∋≻⋈∈⊥∋≻⋈∈⊥∋≻⋈∈⊥∋≻⋈∈⊥∋≻⋈∈⊥∋≻⋈∈⊥∋≻⋈∈⊥∋≻⋈∈⊥∋≻⋈∈⊥∋≻⋈∈⊥∋≻⋈∈⊥∋≻⋈∈⊥∋≻⋈∈⊥∋≻⋈∈⊥∋≻⋈∈⊥∋≻⋈∈⊥∋≻⋈∈⊥∋≻⋈∈⊥∋≻⋈∈⊥∋≻⋈∈⊥∋≻⋈∈⊥∋≻⋈∈⊥∋≻⋈∈⊥∋≻⋈∈⊥∋≻⋈∈⊥∋≻⋈∈⊥∋≻⋈∈⊥∋≻⋈∈⊥∋≻⋈∈⊥∋≻⋈∈⊥∋≻⋈∈⊥∋≻⋈∈⊥∋≻⋈∈⊥∋≻⋈∈⊥∋≻⋈∈⊥∋≻⋈∈⊥∋≻⋈∈⊥∋≻⋈∈⊥∋≻⋈∈⊥∋≻⋈∈⊥∋≻⋈∈⊥∋≻⋈∈⊥∋≻⋈∈⊥∋≻⋈∈⊥∋≻⋈∈⊥∋≻⋈∈⊥∋≻⋈∈⊥∋≻⋈∈⊥∋≻⋈∈⊥∋≻⋈∈⊥∋≻⋈∈⊥∋≻⋈∈⊥∋≻⋈∈⊥∋≻⋈∈⊥∋≻⋈∈⊥∋≻⋈∈⊥∋≻⋈∈⊥∋≻⋈∈⊥∋≻⋈∈⊥∋≻⋈∈⊥∋≻⋈∈⊥∋≻⋈∈⊥∋≻⋈∈⊥∋≻⋈∈⊥∋≻⋈∈⊥∋≻⋈∈⊥∋≻⋈∈⊥∋≻⋈∈⊥∋≻⋈∈⊥∋≻⋈∈⊥∋≻⋈∈⊥∋≻⋈∈⊥∋≻⋈∈⊥∋≻⋈∈⊥∋≻⋈∈⊥∋≻⋈∈⊥∋≻⋈∈⊥∋≻⋈∈⊥∋≻⋈∈⊥∋≻⋈∈⊥∋≻⋈∈⊥∋≻⋈∈⊥∋≻⋈∈⊥∋≻⋈∈⊥∋≻⋈∈⊥∋≻⋈∈⊥∋≻⋈∈⊥∋≻⋈∈⊥∋≻⋈∈⊥∋≻⋈∈⊥∋≻⋈∈⊥∋≻⋈∈⊥∋≻⋈∈⊥∋≻⋈∈⊥∋≻⋈∈⊥∋≻⋈∈⊥∋≻⋈∈⊥∋≻⋈∈⊥∋≻⋈∈⊥∋≻⋈∈⊥∋≻⋈∈⊥∋≻⋈∈⊥∋≻⋈∈⊥∋≻⋈∈⊥∋≻⋈∈⊥∋≻⋈∈⊥∋≻⋈∈⊥∋≻⋈∈⊥∋≻⋈∈⊥∋≻⋈∈⊥∋≻⋈∈⊥∋≻⋈∈⊥∋≻⋈∈⊥∋≻⋈∈⊥∋≻⋈∈⊥∋≻⋈∈⊥∋≻⋈∈⊥∋≻⋈∈⊥∋≻⋈∈⊥∋≻⋈∈⊥∋≻⋈∈⊥∋≻⋈∈⊥∋≻⋈∈⊥∋≻⋈∈⊥∋≻⋈∈⊥∋≻⋈∈⊥∋≻⋈∈⊥∋≻⋈∈⊥∋≻⋈∈⊥∋≻⋈∈⊥∋≻⋈∈⊥∋≻⋈∈⊥∋≻⋈∈⊥∋≻⋈∈⊥∋≻⋈∈⊥∋≻⋈∈⊥∋≻⋈∈⊥∋≻⋈∈⊥∋≻⋈∈⊥∋≻⋈∈⊥∋≻⋈∈⊥∋≻⋈∈⊥∋≻⋈∈⊥∋≻⋈∈⊥∋≻⋈∈⊥∋≻⋈∈⊥∋≻⋈∈⊥∋≻⋈∈⊥∋≻⋈∈⊥∋≻⋈∈⊥∋≻⋈∈⊥∋≻⋈∈⊥∋≻⋈∈⊥∋≻⋈∈⊥∋≻⋈∈⊥∋≻⋈∈⊥∋≻⋈∈⊥∋≻⋈∈⊥∋≻⋈∈⊥∋≻⋈∈⊥∋≻⋈∈⊥∋≻⋈∈⊥∋≻⋈∈⊥∋≻⋈∈⊥∋≻⋈∈⊥∋≻⋈∈⊥∋≻⋈∈⊥∋≻⋈∈⊥∋≻⋈∈⊥∋≻⋈∈⊥∋≻⋈∈⊥∋≻⋈∈⊥∋≻⋈∈⊥∋≻⋈∈⊥∋≻⋈∈⊥∋≻⋈∈⊥∋≻⋈∈⊥∋≻⋈∈⊥∋≻⋈∈⊥∋≻⋈∈⊥∋≻⋈∈⊥∋≻⋈∈⊥∋≻⋈∈⊥∋≻⋈∈⊥∋≻⋈∈⊥∋≻⋈∈⊥∋≻⋈∈⊥∋≻⋈∈⊥∋≻⋈∈⊥∋≻⋈∈⊥∋≻⋈∈⊥∋≻⋈∈⊥∋≻⋈∈⊥∋≻⋈∈⊥∋≻⋈∈⊥∋≻⋈∈⊥∋≻⋈∈⊥∋≻⋈∈⊥∋≻⋈∈⊥∋≻⋈∈⊥∋≻⋈∈⊥∋≻⋈∈⊥∋≻⋈∈⊥∋≻⋈∈⊥∋≻⋈∈⊥∋≻⋈∈⊥∋≻⋈∈⊥∋≻⋈∈⊥∋≻⋈∈⊥∋≻⋈∈⊥∋≻⋈∈⊥∋≻⋈∈⊥∋≻⋈∈⊥∋≻⋈∈⊥∋≻⋈∈⊥∋≻⋈∈⊥∋≻⋈∈⊥∋≻⋈∈⊥∋≻⋈∈⊥∋≻⋈∈⊥∋≻⋈∈⊥∋≻⋈∈⊥∋≻⋈∈⊥∋≻⋈∈⊥∋≻⋈∈⊥∋≻⋈∈⊥∋≻⋈∈⊥∋≻⋈∈⊥∋≻⋈∈⊥∋≻⋈∈⊥∋≻⋈∈⊥∋≻⋈∈⊥∋≻⋈∈⊥∋≻⋈∈⊥∋≻⋈∈⊥∋≻⋈∈⊥∋≻⋈∈⊥∋≻⋈∈⊥∋≻⋈∈⊥∋≻⋈∈⊥∋≻⋈∈⊥∋≻⋈∈⊥∋≻⋈∈⊥∋≻⋈∈⊥∋≻⋈∈⊥∋≻⋈∈⊥∋≻⋈∈⊥∋≻⋈∈⊥∋≻⋈∈⊥∋≻⋈∈⊥∋≻⋈∈⊥∋≻⋈∈⊥∋≻⋈∈⊥∋≻⋈∈⊥∋≻⋈∈⊥∋≻⋈∈⊥∋≻⋈∈⊥∋≻⋈∈⊥∋≻⋈∈⊥∋≻⋈∈⊥∋≻⋈∈⊥∋≻⋈∈⊥∋≻⋈∈⊥∋≻⋈∈⊥∋≻⋈∈⊥∋≻⋈∈⊥∋≻⋈∈⊥∋≻⋈∈⊥∋≻⋈∈⊥∋≻⋈∈⊥∋≻⋈∈⊥∋≻⋈∈⊥∋≻⋈∈⊥∋≻⋈∈⊥∋≻⋈∈⊥∋≻⋈∈⊥∋≻⋈∈⊥∋≻⋈∈⊥∋≻⋈∈⊥∋≻⋈∈⊥∋≻⋈∈⊥∋≻⋈∈⊥∋≻⋈∈⊥∋≻⋈∈⊥∋≻⋈∈⊥∋≻⋈∈⊥∋≻⋈∈⊥∋≻⋈∈⊥∋≻⋈∈⊥∋≻⋈∈⊥∋≻⋈∈⊥∋≻⋈∈⊥∋≻⋈∈⊥∋≻⋈∈⊥∋≻⋈∈⊥∋≻⋈∈⊥∋≻⋈∈⊥∋≻⋈∈⊥∋≻⋈∈⊥∋≻⋈∈⊥∋≻⋈∈⊥∋≻⋈∈⊥∋≻⋈∈⊥∋≻⋈∈⊥∋≻⋈∈⊥∋≻⋈∈⊥∋≻⋈∈⊤∋≻⋈∈⊤∋≻⋈∈⊤∋≻⋈∈⊤∋≻⋈∈⊤∋≻⋈∈⊤∋≻⋈∈⊤∋≻⋈∈⊤∋≻⋈∈⊥∋⊙⊡⊣
frame N window=2 tail=2 bits=530 groups=⊥⊥|⊥⊥|⊥⊥|⊥⊥|⊤⊥|⊥⊥|⊥⊥|⊥⊥|⊥⊥|⊥⊥|⊥⊥|⊥⊥|⊥⊥|⊥⊥|⊥⊥|⊥⊥|⊥⊥|⊥⊥|⊥⊥|⊥⊥|⊥⊥|⊥⊥|⊥⊥|⊥⊥|⊥⊥|⊥⊥|⊥⊥|⊥⊥|⊥⊥|⊥⊥|⊥⊥|⊥⊥|⊥⊥|⊥⊥|⊥⊥|⊥⊥|⊥⊥|⊥⊥|⊥⊥|⊥⊥|⊥⊥|⊥⊥|⊥⊥|⊥⊥|⊥⊥|⊥⊥|⊥⊥|⊥⊥|⊥⊥|⊥⊥|⊥⊥|⊥⊥|⊥⊥|⊥⊥|⊥⊥|⊥⊥|⊥⊥|⊥⊥|⊥⊥|⊥⊥|⊥⊥|⊥⊥|⊥⊥|⊥⊥|⊥⊥|⊥⊥|⊥⊥|⊥⊥|⊥⊥|⊥⊥|⊥⊥|⊥⊥|⊥⊥|⊥⊥|⊥⊥|⊥⊥|⊥⊥|⊥⊥|⊥⊥|⊥⊥|⊥⊥|⊥⊥|⊥⊥|⊥⊥|⊥⊥|⊥⊥|⊥⊥|⊥⊥|⊥⊥|⊥⊥|⊥⊥|⊥⊥|⊥⊥|⊥⊥|⊥⊥|⊥⊥|⊥⊥|⊥⊥|⊥⊥|⊥⊥|⊥⊥|⊥⊥|⊥⊥|⊥⊥|⊥⊥|⊥⊥|⊥⊥|⊥⊥|⊥⊥|⊥⊥|⊥⊥|⊥⊥|⊥⊥|⊥⊥|⊥⊥|⊥⊥|⊥⊥|⊥⊥|⊥⊥|⊥⊥|⊥⊥|⊥⊥|⊥⊥|⊥⊥|⊥⊥|⊥⊥|⊥⊥|⊥⊥|⊥⊥|⊥⊥|⊥⊥|⊥⊥|⊥⊥|⊥⊥|⊥⊥|⊥⊥|⊥⊥|⊥⊥|⊥⊥|⊥⊥|⊥⊥|⊥⊥|⊥⊥|⊥⊥|⊥⊥|⊥⊥|⊥⊥|⊥⊥|⊥⊥|⊥⊥|⊥⊥|⊥⊥|⊥⊥|⊥⊥|⊥⊥|⊥⊥|⊥⊥|⊥⊥|⊥⊥|⊥⊥|⊥⊥|⊥⊥|⊥⊥|⊥⊥|⊥⊥|⊥⊥|⊥⊥|⊥⊥|⊥⊥|⊥⊥|⊥⊥|⊥⊥|⊥⊥|⊥⊥|⊥⊥|⊥⊥|⊥⊥|⊥⊥|⊥⊥|⊥⊥|⊥⊥|⊥⊥|⊥⊥|⊥⊥|⊥⊥|⊥⊥|⊥⊥|⊥⊥|⊥⊥|⊥⊥|⊥⊥|⊥⊥|⊥⊥|⊥⊥|⊥⊥|⊥⊥|⊥⊥|⊥⊥|⊥⊥|⊥⊥|⊥⊥|⊥⊥|⊥⊥|⊥⊥|⊥⊥|⊥⊥|⊥⊥|⊥⊥|⊥⊥|⊥⊥|⊥⊥|⊥⊥|⊥⊥|⊥⊥|⊥⊥|⊥⊥|⊥⊥|⊥⊥|⊥⊥|⊥⊥|⊥⊥|⊥⊥|⊥⊥|⊥⊥|⊥⊥|⊥⊥|⊥⊥|⊥⊥|⊥⊥|⊥⊥|⊥⊥|⊥⊥|⊥⊥|⊥⊥|⊥⊥|⊥⊥|⊥⊥|⊥⊥|⊥⊥|⊥⊥|⊥⊥|⊥⊥|⊥⊥|⊥⊥|⊥⊥|⊥⊥|⊥⊥|⊥⊥|⊥⊥|⊥⊥|⊥⊥|⊥⊥|⊥⊥|⊥⊥|⊥⊥|⊥⊥|⊥⊥|⊥⊥|⊥⊥|⊥⊥|⊥⊤|⊤⊤|⊤⊤|⊤⊤|⊤⊥
frame N window=3 tail=2 bits=530 groups=⊥⊥⊥|⊥⊥⊥|⊥⊥⊤|⊥⊥⊥|⊥⊥⊥|⊥⊥⊥|⊥⊥⊥|⊥⊥⊥|⊥⊥⊥|⊥⊥⊥|⊥⊥⊥|⊥⊥⊥|⊥⊥⊥|⊥⊥⊥|⊥⊥⊥|⊥⊥⊥|⊥⊥⊥|⊥⊥⊥|⊥⊥⊥|⊥⊥⊥|⊥⊥⊥|⊥⊥⊥|⊥⊥⊥|⊥⊥⊥|⊥⊥⊥|⊥⊥⊥|⊥⊥⊥|⊥⊥⊥|⊥⊥⊥|⊥⊥⊥|⊥⊥⊥|⊥⊥⊥|⊥⊥⊥|⊥⊥⊥|⊥⊥⊥|⊥⊥⊥|⊥⊥⊥|⊥⊥⊥|⊥⊥⊥|⊥⊥⊥|⊥⊥⊥|⊥⊥⊥|⊥⊥⊥|⊥⊥⊥|⊥⊥⊥|⊥⊥⊥|⊥⊥⊥|⊥⊥⊥|⊥⊥⊥|⊥⊥⊥|⊥⊥⊥|⊥⊥⊥|⊥⊥⊥|⊥⊥⊥|⊥⊥⊥|⊥⊥⊥|⊥⊥⊥|⊥⊥⊥|⊥⊥⊥|⊥⊥⊥|⊥⊥⊥|⊥⊥⊥|⊥⊥⊥|⊥⊥⊥|⊥⊥⊥|⊥⊥⊥|⊥⊥⊥|⊥⊥⊥|⊥⊥⊥|⊥⊥⊥|⊥⊥⊥|⊥⊥⊥|⊥⊥⊥|⊥⊥⊥|⊥⊥⊥|⊥⊥⊥|⊥⊥⊥|⊥⊥⊥|⊥⊥⊥|⊥⊥⊥|⊥⊥⊥|⊥⊥⊥|⊥⊥⊥|⊥⊥⊥|⊥⊥⊥|⊥⊥⊥|⊥⊥⊥|⊥⊥⊥|⊥⊥⊥|⊥⊥⊥|⊥⊥⊥|⊥⊥⊥|⊥⊥⊥|⊥⊥⊥|⊥⊥⊥|⊥⊥⊥|⊥⊥⊥|⊥⊥⊥|⊥⊥⊥|⊥⊥⊥|⊥⊥⊥|⊥⊥⊥|⊥⊥⊥|⊥⊥⊥|⊥⊥⊥|⊥⊥⊥|⊥⊥⊥|⊥⊥⊥|⊥⊥⊥|⊥⊥⊥|⊥⊥⊥|⊥⊥⊥|⊥⊥⊥|⊥⊥⊥|⊥⊥⊥|⊥⊥⊥|⊥⊥⊥|⊥⊥⊥|⊥⊥⊥|⊥⊥⊥|⊥⊥⊥|⊥⊥⊥|⊥⊥⊥|⊥⊥⊥|⊥⊥⊥|⊥⊥⊥|⊥⊥⊥|⊥⊥⊥|⊥⊥⊥|⊥⊥⊥|⊥⊥⊥|⊥⊥⊥|⊥⊥⊥|⊥⊥⊥|⊥⊥⊥|⊥⊥⊥|⊥⊥⊥|⊥⊥⊥|⊥⊥⊥|⊥⊥⊥|⊥⊥⊥|⊥⊥⊥|⊥⊥⊥|⊥⊥⊥|⊥⊥⊥|⊥⊥⊥|⊥⊥⊥|⊥⊥⊥|⊥⊥⊥|⊥⊥⊥|⊥⊥⊥|⊥⊥⊥|⊥⊥⊥|⊥⊥⊥|⊥⊥⊥|⊥⊥⊥|⊥⊥⊥|⊥⊥⊥|⊥⊥⊥|⊥⊥⊥|⊥⊥⊥|⊥⊥⊥|⊥⊥⊥|⊥⊥⊥|⊥⊥⊥|⊥⊥⊥|⊥⊥⊥|⊥⊥⊥|⊥⊥⊥|⊥⊥⊥|⊥⊥⊥|⊥⊥⊥|⊥⊥⊥|⊥⊥⊤|⊤⊤⊤|⊤⊤⊤|⊤⊥
frame N window=4 tail=2 bits=530 groups=⊥⊥⊥⊥|⊥⊥⊥⊥|⊤⊥⊥⊥|⊥⊥⊥⊥|⊥⊥⊥⊥|⊥⊥⊥⊥|⊥⊥⊥⊥|⊥⊥⊥⊥|⊥⊥⊥⊥|⊥⊥⊥⊥|⊥⊥⊥⊥|⊥⊥⊥⊥|⊥⊥⊥⊥|⊥⊥⊥⊥|⊥⊥⊥⊥|⊥⊥⊥⊥|⊥⊥⊥⊥|⊥⊥⊥⊥|⊥⊥⊥⊥|⊥⊥⊥⊥|⊥⊥⊥⊥|⊥⊥⊥⊥|⊥⊥⊥⊥|⊥⊥⊥⊥|⊥⊥⊥⊥|⊥⊥⊥⊥|⊥⊥⊥⊥|⊥⊥⊥⊥|⊥⊥⊥⊥|⊥⊥⊥⊥|⊥⊥⊥⊥|⊥⊥⊥⊥|⊥⊥⊥⊥|⊥⊥⊥⊥|⊥⊥⊥⊥|⊥⊥⊥⊥|⊥⊥⊥⊥|⊥⊥⊥⊥|⊥⊥⊥⊥|⊥⊥⊥⊥|⊥⊥⊥⊥|⊥⊥⊥⊥|⊥⊥⊥⊥|⊥⊥⊥⊥|⊥⊥⊥⊥|⊥⊥⊥⊥|⊥⊥⊥⊥|⊥⊥⊥⊥|⊥⊥⊥⊥|⊥⊥⊥⊥|⊥⊥⊥⊥|⊥⊥⊥⊥|⊥⊥⊥⊥|⊥⊥⊥⊥|⊥⊥⊥⊥|⊥⊥⊥⊥|⊥⊥⊥⊥|⊥⊥⊥⊥|⊥⊥⊥⊥|⊥⊥⊥⊥|⊥⊥⊥⊥|⊥⊥⊥⊥|⊥⊥⊥⊥|⊥⊥⊥⊥|⊥⊥⊥⊥|⊥⊥⊥⊥|⊥⊥⊥⊥|⊥⊥⊥⊥|⊥⊥⊥⊥|⊥⊥⊥⊥|⊥⊥⊥⊥|⊥⊥⊥⊥|⊥⊥⊥⊥|⊥⊥⊥⊥|⊥⊥⊥⊥|⊥⊥⊥⊥|⊥⊥⊥⊥|⊥⊥⊥⊥|⊥⊥⊥⊥|⊥⊥⊥⊥|⊥⊥⊥⊥|⊥⊥⊥⊥|⊥⊥⊥⊥|⊥⊥⊥⊥|⊥⊥⊥⊥|⊥⊥⊥⊥|⊥⊥⊥⊥|⊥⊥⊥⊥|⊥⊥⊥⊥|⊥⊥⊥⊥|⊥⊥⊥⊥|⊥⊥⊥⊥|⊥⊥⊥⊥|⊥⊥⊥⊥|⊥⊥⊥⊥|⊥⊥⊥⊥|⊥⊥⊥⊥|⊥⊥⊥⊥|⊥⊥⊥⊥|⊥⊥⊥⊥|⊥⊥⊥⊥|⊥⊥⊥⊥|⊥⊥⊥⊥|⊥⊥⊥⊥|⊥⊥⊥⊥|⊥⊥⊥⊥|⊥⊥⊥⊥|⊥⊥⊥⊥|⊥⊥⊥⊥|⊥⊥⊥⊥|⊥⊥⊥⊥|⊥⊥⊥⊥|⊥⊥⊥⊥|⊥⊥⊥⊥|⊥⊥⊥⊥|⊥⊥⊥⊥|⊥⊥⊥⊥|⊥⊥⊥⊥|⊥⊥⊥⊥|⊥⊥⊥⊥|⊥⊥⊥⊥|⊥⊥⊥⊥|⊥⊥⊥⊥|⊥⊥⊥⊥|⊥⊥⊥⊥|⊥⊥⊥⊥|⊥⊥⊥⊥|⊥⊥⊥⊥|⊥⊥⊥⊥|⊥⊥⊥⊥|⊥⊤⊤⊤|⊤⊤⊤⊤|⊤⊥
frame N window=5 tail=5 bits=530 groups=⊥⊥⊥⊥⊥|⊥⊥⊥⊤⊥|⊥⊥⊥⊥⊥|⊥⊥⊥⊥⊥|⊥⊥⊥⊥⊥|⊥⊥⊥⊥⊥|⊥⊥⊥⊥⊥|⊥⊥⊥⊥⊥|⊥⊥⊥⊥⊥|⊥⊥⊥⊥⊥|⊥⊥⊥⊥⊥|⊥⊥⊥⊥⊥|⊥⊥⊥⊥⊥|⊥⊥⊥⊥⊥|⊥⊥⊥⊥⊥|⊥⊥⊥⊥⊥|⊥⊥⊥⊥⊥|⊥⊥⊥⊥⊥|⊥⊥⊥⊥⊥|⊥⊥⊥⊥⊥|⊥⊥⊥⊥⊥|⊥⊥⊥⊥⊥|⊥⊥⊥⊥⊥|⊥⊥⊥⊥⊥|⊥⊥⊥⊥⊥|⊥⊥⊥⊥⊥|⊥⊥⊥⊥⊥|⊥⊥⊥⊥⊥|⊥⊥⊥⊥⊥|⊥⊥⊥⊥⊥|⊥⊥⊥⊥⊥|⊥⊥⊥⊥⊥|⊥⊥⊥⊥⊥|⊥⊥⊥⊥⊥|⊥⊥⊥⊥⊥|⊥⊥⊥⊥⊥|⊥⊥⊥⊥⊥|⊥⊥⊥⊥⊥|⊥⊥⊥⊥⊥|⊥⊥⊥⊥⊥|⊥⊥⊥⊥⊥|⊥⊥⊥⊥⊥|⊥⊥⊥⊥⊥|⊥⊥⊥⊥⊥|⊥⊥⊥⊥⊥|⊥⊥⊥⊥⊥|⊥⊥⊥⊥⊥|⊥⊥⊥⊥⊥|⊥⊥⊥⊥⊥|⊥⊥⊥⊥⊥|⊥⊥⊥⊥⊥|⊥⊥⊥⊥⊥|⊥⊥⊥⊥⊥|⊥⊥⊥⊥⊥|⊥⊥⊥⊥⊥|⊥⊥⊥⊥⊥|⊥⊥⊥⊥⊥|⊥⊥⊥⊥⊥|⊥⊥⊥⊥⊥|⊥⊥⊥⊥⊥|⊥⊥⊥⊥⊥|⊥⊥⊥⊥⊥|⊥⊥⊥⊥⊥|⊥⊥⊥⊥⊥|⊥⊥⊥⊥⊥|⊥⊥⊥⊥⊥|⊥⊥⊥⊥⊥|⊥⊥⊥⊥⊥|⊥⊥⊥⊥⊥|⊥⊥⊥⊥⊥|⊥⊥⊥⊥⊥|⊥⊥⊥⊥⊥|⊥⊥⊥⊥⊥|⊥⊥⊥⊥⊥|⊥⊥⊥⊥⊥|⊥⊥⊥⊥⊥|⊥⊥⊥⊥⊥|⊥⊥⊥⊥⊥|⊥⊥⊥⊥⊥|⊥⊥⊥⊥⊥|⊥⊥⊥⊥⊥|⊥⊥⊥⊥⊥|⊥⊥⊥⊥⊥|⊥⊥⊥⊥⊥|⊥⊥⊥⊥⊥|⊥⊥⊥⊥⊥|⊥⊥⊥⊥⊥|⊥⊥⊥⊥⊥|⊥⊥⊥⊥⊥|⊥⊥⊥⊥⊥|⊥⊥⊥⊥⊥|⊥⊥⊥⊥⊥|⊥⊥⊥⊥⊥|⊥⊥⊥⊥⊥|⊥⊥⊥⊥⊥|⊥⊥⊥⊥⊥|⊥⊥⊥⊥⊥|⊥⊥⊥⊥⊥|⊥⊥⊥⊥⊥|⊥⊥⊥⊥⊥|⊥⊥⊥⊥⊥|⊥⊥⊥⊥⊥|⊥⊥⊥⊥⊥|⊥⊥⊥⊥⊥|⊥⊤⊤⊤⊤|⊤⊤⊤⊤⊥
frame N window=6 tail=2 bits=530 groups=⊥⊥⊥⊥⊥⊥|⊥⊥⊤⊥⊥⊥|⊥⊥⊥⊥⊥⊥|⊥⊥⊥⊥⊥⊥|⊥⊥⊥⊥⊥⊥|⊥⊥⊥⊥⊥⊥|⊥⊥⊥⊥⊥⊥|⊥⊥⊥⊥⊥⊥|⊥⊥⊥⊥⊥⊥|⊥⊥⊥⊥⊥⊥|⊥⊥⊥⊥⊥⊥|⊥⊥⊥⊥⊥⊥|⊥⊥⊥⊥⊥⊥|⊥⊥⊥⊥⊥⊥|⊥⊥⊥⊥⊥⊥|⊥⊥⊥⊥⊥⊥|⊥⊥⊥⊥⊥⊥|⊥⊥⊥⊥⊥⊥|⊥⊥⊥⊥⊥⊥|⊥⊥⊥⊥⊥⊥|⊥⊥⊥⊥⊥⊥|⊥⊥⊥⊥⊥⊥|⊥⊥⊥⊥⊥⊥|⊥⊥⊥⊥⊥⊥|⊥⊥⊥⊥⊥⊥|⊥⊥⊥⊥⊥⊥|⊥⊥⊥⊥⊥⊥|⊥⊥⊥⊥⊥⊥|⊥⊥⊥⊥⊥⊥|⊥⊥⊥⊥⊥⊥|⊥⊥⊥⊥⊥⊥|⊥⊥⊥⊥⊥⊥|⊥⊥⊥⊥⊥⊥|⊥⊥⊥⊥⊥⊥|⊥⊥⊥⊥⊥⊥|⊥⊥⊥⊥⊥⊥|⊥⊥⊥⊥⊥⊥|⊥⊥⊥⊥⊥⊥|⊥⊥⊥⊥⊥⊥|⊥⊥⊥⊥⊥⊥|⊥⊥⊥⊥⊥⊥|⊥⊥⊥⊥⊥⊥|⊥⊥⊥⊥⊥⊥|⊥⊥⊥⊥⊥⊥|⊥⊥⊥⊥⊥⊥|⊥⊥⊥⊥⊥⊥|⊥⊥⊥⊥⊥⊥|⊥⊥⊥⊥⊥⊥|⊥⊥⊥⊥⊥⊥|⊥⊥⊥⊥⊥⊥|⊥⊥⊥⊥⊥⊥|⊥⊥⊥⊥⊥⊥|⊥⊥⊥⊥⊥⊥|⊥⊥⊥⊥⊥⊥|⊥⊥⊥⊥⊥⊥|⊥⊥⊥⊥⊥⊥|⊥⊥⊥⊥⊥⊥|⊥⊥⊥⊥⊥⊥|⊥⊥⊥⊥⊥⊥|⊥⊥⊥⊥⊥⊥|⊥⊥⊥⊥⊥⊥|⊥⊥⊥⊥⊥⊥|⊥⊥⊥⊥⊥⊥|⊥⊥⊥⊥⊥⊥|⊥⊥⊥⊥⊥⊥|⊥⊥⊥⊥⊥⊥|⊥⊥⊥⊥⊥⊥|⊥⊥⊥⊥⊥⊥|⊥⊥⊥⊥⊥⊥|⊥⊥⊥⊥⊥⊥|⊥⊥⊥⊥⊥⊥|⊥⊥⊥⊥⊥⊥|⊥⊥⊥⊥⊥⊥|⊥⊥⊥⊥⊥⊥|⊥⊥⊥⊥⊥⊥|⊥⊥⊥⊥⊥⊥|⊥⊥⊥⊥⊥⊥|⊥⊥⊥⊥⊥⊥|⊥⊥⊥⊥⊥⊥|⊥⊥⊥⊥⊥⊥|⊥⊥⊥⊥⊥⊥|⊥⊥⊥⊥⊥⊥|⊥⊥⊥⊥⊥⊥|⊥⊥⊥⊥⊥⊥|⊥⊥⊥⊥⊥⊥|⊥⊥⊥⊥⊥⊥|⊥⊥⊥⊥⊥⊤|⊤⊤⊤⊤⊤⊤|⊤⊥
frame N window=7 tail=5 bits=530 groups=⊥⊥⊥⊥⊥⊥⊥|⊥⊤⊥⊥⊥⊥⊥|⊥⊥⊥⊥⊥⊥⊥|⊥⊥⊥⊥⊥⊥⊥|⊥⊥⊥⊥⊥⊥⊥|⊥⊥⊥⊥⊥⊥⊥|⊥⊥⊥⊥⊥⊥⊥|⊥⊥⊥⊥⊥⊥⊥|⊥⊥⊥⊥⊥⊥⊥|⊥⊥⊥⊥⊥⊥⊥|⊥⊥⊥⊥⊥⊥⊥|⊥⊥⊥⊥⊥⊥⊥|⊥⊥⊥⊥⊥⊥⊥|⊥⊥⊥⊥⊥⊥⊥|⊥⊥⊥⊥⊥⊥⊥|⊥⊥⊥⊥⊥⊥⊥|⊥⊥⊥⊥⊥⊥⊥|⊥⊥⊥⊥⊥⊥⊥|⊥⊥⊥⊥⊥⊥⊥|⊥⊥⊥⊥⊥⊥⊥|⊥⊥⊥⊥⊥⊥⊥|⊥⊥⊥⊥⊥⊥⊥|⊥⊥⊥⊥⊥⊥⊥|⊥⊥⊥⊥⊥⊥⊥|⊥⊥⊥⊥⊥⊥⊥|⊥⊥⊥⊥⊥⊥⊥|⊥⊥⊥⊥⊥⊥⊥|⊥⊥⊥⊥⊥⊥⊥|⊥⊥⊥⊥⊥⊥⊥|⊥⊥⊥⊥⊥⊥⊥|⊥⊥⊥⊥⊥⊥⊥|⊥⊥⊥⊥⊥⊥⊥|⊥⊥⊥⊥⊥⊥⊥|⊥⊥⊥⊥⊥⊥⊥|⊥⊥⊥⊥⊥⊥⊥|⊥⊥⊥⊥⊥⊥⊥|⊥⊥⊥⊥⊥⊥⊥|⊥⊥⊥⊥⊥⊥⊥|⊥⊥⊥⊥⊥⊥⊥|⊥⊥⊥⊥⊥⊥⊥|⊥⊥⊥⊥⊥⊥⊥|⊥⊥⊥⊥⊥⊥⊥|⊥⊥⊥⊥⊥⊥⊥|⊥⊥⊥⊥⊥⊥⊥|⊥⊥⊥⊥⊥⊥⊥|⊥⊥⊥⊥⊥⊥⊥|⊥⊥⊥⊥⊥⊥⊥|⊥⊥⊥⊥⊥⊥⊥|⊥⊥⊥⊥⊥⊥⊥|⊥⊥⊥⊥⊥⊥⊥|⊥⊥⊥⊥⊥⊥⊥|⊥⊥⊥⊥⊥⊥⊥|⊥⊥⊥⊥⊥⊥⊥|⊥⊥⊥⊥⊥⊥⊥|⊥⊥⊥⊥⊥⊥⊥|⊥⊥⊥⊥⊥⊥⊥|⊥⊥⊥⊥⊥⊥⊥|⊥⊥⊥⊥⊥⊥⊥|⊥⊥⊥⊥⊥⊥⊥|⊥⊥⊥⊥⊥⊥⊥|⊥⊥⊥⊥⊥⊥⊥|⊥⊥⊥⊥⊥⊥⊥|⊥⊥⊥⊥⊥⊥⊥|⊥⊥⊥⊥⊥⊥⊥|⊥⊥⊥⊥⊥⊥⊥|⊥⊥⊥⊥⊥⊥⊥|⊥⊥⊥⊥⊥⊥⊥|⊥⊥⊥⊥⊥⊥⊥|⊥⊥⊥⊥⊥⊥⊥|⊥⊥⊥⊥⊥⊥⊥|⊥⊥⊥⊥⊥⊥⊥|⊥⊥⊥⊥⊥⊥⊥|⊥⊥⊥⊥⊥⊥⊥|⊥⊥⊥⊥⊥⊥⊥|⊥⊥⊥⊤⊤⊤⊤|⊤⊤⊤⊤⊥
frame N window=8 tail=2 bits=530 groups=⊥⊥⊥⊥⊥⊥⊥⊥|⊤⊥⊥⊥⊥⊥⊥⊥|⊥⊥⊥⊥⊥⊥⊥⊥|⊥⊥⊥⊥⊥⊥⊥⊥|⊥⊥⊥⊥⊥⊥⊥⊥|⊥⊥⊥⊥⊥⊥⊥⊥|⊥⊥⊥⊥⊥⊥⊥⊥|⊥⊥⊥⊥⊥⊥⊥⊥|⊥⊥⊥⊥⊥⊥⊥⊥|⊥⊥⊥⊥⊥⊥⊥⊥|⊥⊥⊥⊥⊥⊥⊥⊥|⊥⊥⊥⊥⊥⊥⊥⊥|⊥⊥⊥⊥⊥⊥⊥⊥|⊥⊥⊥⊥⊥⊥⊥⊥|⊥⊥⊥⊥⊥⊥⊥⊥|⊥⊥⊥⊥⊥⊥⊥⊥|⊥⊥⊥⊥⊥⊥⊥⊥|⊥⊥⊥⊥⊥⊥⊥⊥|⊥⊥⊥⊥⊥⊥⊥⊥|⊥⊥⊥⊥⊥⊥⊥⊥|⊥⊥⊥⊥⊥⊥⊥⊥|⊥⊥⊥⊥⊥⊥⊥⊥|⊥⊥⊥⊥⊥⊥⊥⊥|⊥⊥⊥⊥⊥⊥⊥⊥|⊥⊥⊥⊥⊥⊥⊥⊥|⊥⊥⊥⊥⊥⊥⊥⊥|⊥⊥⊥⊥⊥⊥⊥⊥|⊥⊥⊥⊥⊥⊥⊥⊥|⊥⊥⊥⊥⊥⊥⊥⊥|⊥⊥⊥⊥⊥⊥⊥⊥|⊥⊥⊥⊥⊥⊥⊥⊥|⊥⊥⊥⊥⊥⊥⊥⊥|⊥⊥⊥⊥⊥⊥⊥⊥|⊥⊥⊥⊥⊥⊥⊥⊥|⊥⊥⊥⊥⊥⊥⊥⊥|⊥⊥⊥⊥⊥⊥⊥⊥|⊥⊥⊥⊥⊥⊥⊥⊥|⊥⊥⊥⊥⊥⊥⊥⊥|⊥⊥⊥⊥⊥⊥⊥⊥|⊥⊥⊥⊥⊥⊥⊥⊥|⊥⊥⊥⊥⊥⊥⊥⊥|⊥⊥⊥⊥⊥⊥⊥⊥|⊥⊥⊥⊥⊥⊥⊥⊥|⊥⊥⊥⊥⊥⊥⊥⊥|⊥⊥⊥⊥⊥⊥⊥⊥|⊥⊥⊥⊥⊥⊥⊥⊥|⊥⊥⊥⊥⊥⊥⊥⊥|⊥⊥⊥⊥⊥⊥⊥⊥|⊥⊥⊥⊥⊥⊥⊥⊥|⊥⊥⊥⊥⊥⊥⊥⊥|⊥⊥⊥⊥⊥⊥⊥⊥|⊥⊥⊥⊥⊥⊥⊥⊥|⊥⊥⊥⊥⊥⊥⊥⊥|⊥⊥⊥⊥⊥⊥⊥⊥|⊥⊥⊥⊥⊥⊥⊥⊥|⊥⊥⊥⊥⊥⊥⊥⊥|⊥⊥⊥⊥⊥⊥⊥⊥|⊥⊥⊥⊥⊥⊥⊥⊥|⊥⊥⊥⊥⊥⊥⊥⊥|⊥⊥⊥⊥⊥⊥⊥⊥|⊥⊥⊥⊥⊥⊥⊥⊥|⊥⊥⊥⊥⊥⊥⊥⊥|⊥⊥⊥⊥⊥⊥⊥⊥|⊥⊥⊥⊥⊥⊥⊥⊥|⊥⊥⊥⊥⊥⊥⊥⊥|⊥⊤⊤⊤⊤⊤⊤⊤|⊤⊥
P = ⊢≻⋈∈⊥∋≻⋈∈⊤∋≻⋈∈⊤∋≻⋈∈⊤∋≻⋈∈⊤∋≻⋈∈⊤∋≻⋈∈⊤∋≻⋈∈⊤∋≻⋈∈⊥∋⊙⊡⊣
Q = ⊢≻⋈∈⊥∋≻⋈∈⊥∋≻⋈∈⊥∋≻⋈∈⊥∋≻⋈∈⊥∋≻⋈∈⊥∋≻⋈∈⊥∋≻⋈∈⊥∋≻⋈∈⊥∋≻⋈∈⊥∋≻⋈∈⊥∋≻⋈∈⊥∋≻⋈∈⊥∋≻⋈∈⊥∋≻⋈∈⊥∋≻⋈∈⊥∋≻⋈∈⊥∋≻⋈∈⊥∋≻⋈∈⊥∋≻⋈∈⊥∋≻⋈∈⊥∋≻⋈∈⊥∋≻⋈∈⊥∋≻⋈∈⊥∋≻⋈∈⊥∋≻⋈∈⊥∋≻⋈∈⊥∋≻⋈∈⊥∋≻⋈∈⊥∋≻⋈∈⊥∋≻⋈∈⊥∋≻⋈∈⊥∋≻⋈∈⊥∋≻⋈∈⊥∋≻⋈∈⊥∋≻⋈∈⊥∋≻⋈∈⊥∋≻⋈∈⊥∋≻⋈∈⊥∋≻⋈∈⊥∋≻⋈∈⊥∋≻⋈∈⊥∋≻⋈∈⊥∋≻⋈∈⊥∋≻⋈∈⊥∋≻⋈∈⊥∋≻⋈∈⊥∋≻⋈∈⊥∋≻⋈∈⊥∋≻⋈∈⊥∋≻⋈∈⊥∋≻⋈∈⊥∋≻⋈∈⊥∋≻⋈∈⊥∋≻⋈∈⊥∋≻⋈∈⊥∋≻⋈∈⊥∋≻⋈∈⊥∋≻⋈∈⊥∋≻⋈∈⊥∋≻⋈∈⊥∋≻⋈∈⊥∋≻⋈∈⊥∋≻⋈∈⊥∋≻⋈∈⊥∋≻⋈∈⊥∋≻⋈∈⊥∋≻⋈∈⊥∋≻⋈∈⊥∋≻⋈∈⊥∋≻⋈∈⊥∋≻⋈∈⊥∋≻⋈∈⊥∋≻⋈∈⊥∋≻⋈∈⊥∋≻⋈∈⊥∋≻⋈∈⊥∋≻⋈∈⊥∋≻⋈∈⊥∋≻⋈∈⊥∋≻⋈∈⊥∋≻⋈∈⊥∋≻⋈∈⊥∋≻⋈∈⊥∋≻⋈∈⊥∋≻⋈∈⊥∋≻⋈∈⊥∋≻⋈∈⊥∋≻⋈∈⊥∋≻⋈∈⊥∋≻⋈∈⊥∋≻⋈∈⊥∋≻⋈∈⊥∋≻⋈∈⊥∋≻⋈∈⊥∋≻⋈∈⊥∋≻⋈∈⊥∋≻⋈∈⊥∋≻⋈∈⊥∋≻⋈∈⊥∋≻⋈∈⊥∋≻⋈∈⊥∋≻⋈∈⊥∋≻⋈∈⊥∋≻⋈∈⊥∋≻⋈∈⊥∋≻⋈∈⊥∋≻⋈∈⊥∋≻⋈∈⊥∋≻⋈∈⊥∋≻⋈∈⊥∋≻⋈∈⊥∋≻⋈∈⊥∋≻⋈∈⊥∋≻⋈∈⊥∋≻⋈∈⊥∋≻⋈∈⊥∋≻⋈∈⊥∋≻⋈∈⊥∋≻⋈∈⊥∋≻⋈∈⊥∋≻⋈∈⊥∋≻⋈∈⊥∋≻⋈∈⊥∋≻⋈∈⊥∋≻⋈∈⊥∋≻⋈∈⊥∋≻⋈∈⊥∋≻⋈∈⊥∋≻⋈∈⊥∋≻⋈∈⊥∋≻⋈∈⊥∋≻⋈∈⊥∋≻⋈∈⊥∋≻⋈∈⊥∋≻⋈∈⊥∋≻⋈∈⊥∋≻⋈∈⊥∋≻⋈∈⊥∋≻⋈∈⊥∋≻⋈∈⊥∋≻⋈∈⊥∋≻⋈∈⊥∋≻⋈∈⊥∋≻⋈∈⊥∋≻⋈∈⊥∋≻⋈∈⊥∋≻⋈∈⊥∋≻⋈∈⊥∋≻⋈∈⊥∋≻⋈∈⊥∋≻⋈∈⊥∋≻⋈∈⊥∋≻⋈∈⊥∋≻⋈∈⊥∋≻⋈∈⊥∋≻⋈∈⊥∋≻⋈∈⊥∋≻⋈∈⊥∋≻⋈∈⊥∋≻⋈∈⊥∋≻⋈∈⊥∋≻⋈∈⊥∋≻⋈∈⊥∋≻⋈∈⊥∋≻⋈∈⊥∋≻⋈∈⊥∋≻⋈∈⊥∋≻⋈∈⊥∋≻⋈∈⊥∋≻⋈∈⊥∋≻⋈∈⊥∋≻⋈∈⊥∋≻⋈∈⊥∋≻⋈∈⊥∋≻⋈∈⊥∋≻⋈∈⊥∋≻⋈∈⊥∋≻⋈∈⊥∋≻⋈∈⊥∋≻⋈∈⊥∋≻⋈∈⊥∋≻⋈∈⊥∋≻⋈∈⊥∋≻⋈∈⊥∋≻⋈∈⊥∋≻⋈∈⊥∋≻⋈∈⊥∋≻⋈∈⊥∋≻⋈∈⊥∋≻⋈∈⊥∋≻⋈∈⊥∋≻⋈∈⊥∋≻⋈∈⊥∋≻⋈∈⊥∋≻⋈∈⊥∋≻⋈∈⊥∋≻⋈∈⊥∋≻⋈∈⊥∋≻⋈∈⊥∋≻⋈∈⊥∋≻⋈∈⊥∋≻⋈∈⊥∋≻⋈∈⊥∋≻⋈∈⊥∋≻⋈∈⊥∋≻⋈∈⊥∋≻⋈∈⊥∋≻⋈∈⊥∋≻⋈∈⊥∋≻⋈∈⊥∋≻⋈∈⊥∋≻⋈∈⊥∋≻⋈∈⊥∋≻⋈∈⊥∋≻⋈∈⊥∋≻⋈∈⊥∋≻⋈∈⊥∋≻⋈∈⊥∋≻⋈∈⊥∋≻⋈∈⊥∋≻⋈∈⊥∋≻⋈∈⊥∋≻⋈∈⊥∋≻⋈∈⊥∋≻⋈∈⊥∋≻⋈∈⊥∋≻⋈∈⊥∋≻⋈∈⊥∋≻⋈∈⊥∋≻⋈∈⊥∋≻⋈∈⊥∋≻⋈∈⊥∋≻⋈∈⊥∋≻⋈∈⊥∋≻⋈∈⊥∋≻⋈∈⊥∋≻⋈∈⊥∋≻⋈∈⊥∋≻⋈∈⊥∋≻⋈∈⊥∋≻⋈∈⊥∋≻⋈∈⊥∋≻⋈∈⊥∋≻⋈∈⊥∋≻⋈∈⊥∋≻⋈∈⊥∋≻⋈∈⊥∋≻⋈∈⊥∋≻⋈∈⊥∋≻⋈∈⊥∋≻⋈∈⊥∋≻⋈∈⊥∋≻⋈∈⊥∋≻⋈∈⊥∋≻⋈∈⊥∋≻⋈∈⊥∋≻⋈∈⊥∋≻⋈∈⊥∋≻⋈∈⊥∋≻⋈∈⊥∋≻⋈∈⊥∋≻⋈∈⊥∋≻⋈∈⊥∋≻⋈∈⊥∋≻⋈∈⊥∋≻⋈∈⊥∋≻⋈∈⊥∋≻⋈∈⊥∋≻⋈∈⊥∋≻⋈∈⊥∋≻⋈∈⊥∋≻⋈∈⊥∋≻⋈∈⊥∋≻⋈∈⊥∋≻⋈∈⊥∋≻⋈∈⊥∋≻⋈∈⊥∋≻⋈∈⊥∋≻⋈∈⊥∋≻⋈∈⊥∋≻⋈∈⊥∋≻⋈∈⊥∋≻⋈∈⊥∋≻⋈∈⊥∋≻⋈∈⊥∋≻⋈∈⊥∋≻⋈∈⊥∋≻⋈∈⊥∋≻⋈∈⊥∋≻⋈∈⊥∋≻⋈∈⊥∋≻⋈∈⊥∋≻⋈∈⊥∋≻⋈∈⊥∋≻⋈∈⊥∋≻⋈∈⊥∋≻⋈∈⊥∋≻⋈∈⊥∋≻⋈∈⊥∋≻⋈∈⊥∋≻⋈∈⊥∋≻⋈∈⊥∋≻⋈∈⊥∋≻⋈∈⊥∋≻⋈∈⊥∋≻⋈∈⊥∋≻⋈∈⊥∋≻⋈∈⊥∋≻⋈∈⊥∋≻⋈∈⊥∋≻⋈∈⊥∋≻⋈∈⊥∋≻⋈∈⊥∋≻⋈∈⊥∋≻⋈∈⊥∋≻⋈∈⊥∋≻⋈∈⊥∋≻⋈∈⊥∋≻⋈∈⊥∋≻⋈∈⊥∋≻⋈∈⊥∋≻⋈∈⊥∋≻⋈∈⊥∋≻⋈∈⊥∋≻⋈∈⊥∋≻⋈∈⊥∋≻⋈∈⊥∋≻⋈∈⊥∋≻⋈∈⊥∋≻⋈∈⊥∋≻⋈∈⊥∋≻⋈∈⊥∋≻⋈∈⊥∋≻⋈∈⊥∋≻⋈∈⊥∋≻⋈∈⊥∋≻⋈∈⊥∋≻⋈∈⊥∋≻⋈∈⊥∋≻⋈∈⊥∋≻⋈∈⊥∋≻⋈∈⊥∋≻⋈∈⊥∋≻⋈∈⊥∋≻⋈∈⊥∋≻⋈∈⊥∋≻⋈∈⊥∋≻⋈∈⊥∋≻⋈∈⊥∋≻⋈∈⊥∋≻⋈∈⊥∋≻⋈∈⊥∋≻⋈∈⊥∋≻⋈∈⊥∋≻⋈∈⊥∋≻⋈∈⊥∋≻⋈∈⊥∋≻⋈∈⊥∋≻⋈∈⊥∋≻⋈∈⊥∋≻⋈∈⊥∋≻⋈∈⊥∋≻⋈∈⊥∋≻⋈∈⊥∋≻⋈∈⊥∋≻⋈∈⊥∋≻⋈∈⊥∋≻⋈∈⊥∋≻⋈∈⊥∋≻⋈∈⊥∋≻⋈∈⊥∋≻⋈∈⊥∋≻⋈∈⊥∋≻⋈∈⊥∋≻⋈∈⊥∋≻⋈∈⊥∋≻⋈∈⊥∋≻⋈∈⊥∋≻⋈∈⊥∋≻⋈∈⊥∋≻⋈∈⊥∋≻⋈∈⊥∋≻⋈∈⊥∋≻⋈∈⊥∋≻⋈∈⊥∋≻⋈∈⊥∋≻⋈∈⊥∋≻⋈∈⊥∋≻⋈∈⊥∋≻⋈∈⊥∋≻⋈∈⊥∋≻⋈∈⊥∋≻⋈∈⊥∋≻⋈∈⊥∋≻⋈∈⊥∋≻⋈∈⊥∋≻⋈∈⊥∋≻⋈∈⊥∋≻⋈∈⊥∋≻⋈∈⊥∋≻⋈∈⊥∋≻⋈∈⊥∋≻⋈∈⊥∋≻⋈∈⊥∋≻⋈∈⊥∋≻⋈∈⊥∋≻⋈∈⊥∋≻⋈∈⊥∋≻⋈∈⊥∋≻⋈∈⊥∋≻⋈∈⊥∋≻⋈∈⊥∋≻⋈∈⊥∋≻⋈∈⊥∋≻⋈∈⊥∋≻⋈∈⊥∋≻⋈∈⊥∋≻⋈∈⊥∋≻⋈∈⊥∋≻⋈∈⊥∋≻⋈∈⊥∋≻⋈∈⊥∋≻⋈∈⊥∋≻⋈∈⊥∋≻⋈∈⊥∋≻⋈∈⊥∋≻⋈∈⊥∋≻⋈∈⊥∋≻⋈∈⊥∋≻⋈∈⊥∋≻⋈∈⊥∋≻⋈∈⊥∋≻⋈∈⊥∋≻⋈∈⊥∋≻⋈∈⊥∋≻⋈∈⊥∋≻⋈∈⊥∋≻⋈∈⊥∋≻⋈∈⊥∋≻⋈∈⊥∋≻⋈∈⊥∋≻⋈∈⊥∋≻⋈∈⊥∋≻⋈∈⊥∋≻⋈∈⊥∋≻⋈∈⊥∋≻⋈∈⊥∋≻⋈∈⊥∋≻⋈∈⊥∋≻⋈∈⊥∋≻⋈∈⊥∋≻⋈∈⊥∋≻⋈∈⊥∋≻⋈∈⊥∋≻⋈∈⊥∋≻⋈∈⊥∋≻⋈∈⊥∋≻⋈∈⊥∋≻⋈∈⊥∋≻⋈∈⊥∋≻⋈∈⊥∋≻⋈∈⊥∋≻⋈∈⊥∋≻⋈∈⊥∋≻⋈∈⊥∋≻⋈∈⊥∋≻⋈∈⊥∋≻⋈∈⊥∋≻⋈∈⊥∋≻⋈∈⊥∋≻⋈∈⊥∋≻⋈∈⊥∋≻⋈∈⊥∋≻⋈∈⊥∋≻⋈∈⊥∋≻⋈∈⊥∋≻⋈∈⊥∋≻⋈∈⊥∋≻⋈∈⊥∋≻⋈∈⊥∋≻⋈∈⊥∋≻⋈∈⊥∋≻⋈∈⊥∋≻⋈∈⊥∋≻⋈∈⊥∋≻⋈∈⊥∋≻⋈∈⊥∋≻⋈∈⊥∋≻⋈∈⊥∋≻⋈∈⊥∋≻⋈∈⊥∋≻⋈∈⊥∋≻⋈∈⊥∋≻⋈∈⊥∋≻⋈∈⊥∋≻⋈∈⊥∋≻⋈∈⊥∋≻⋈∈⊥∋≻⋈∈⊥∋≻⋈∈⊥∋≻⋈∈⊥∋≻⋈∈⊥∋≻⋈∈⊥∋≻⋈∈⊥∋≻⋈∈⊥∋≻⋈∈⊥∋≻⋈∈⊥∋≻⋈∈⊥∋≻⋈∈⊥∋≻⋈∈⊥∋≻⋈∈⊥∋≻⋈∈⊥∋≻⋈∈⊥∋≻⋈∈⊥∋≻⋈∈⊥∋≻⋈∈⊥∋≻⋈∈⊥∋≻⋈∈⊥∋≻⋈∈⊥∋≻⋈∈⊥∋⊙⊡⊣
frame P window=2 tail=1 bits=9 groups=⊥⊤|⊤⊤|⊤⊤|⊤⊤|⊥
frame P window=3 tail=3 bits=9 groups=⊥⊤⊤|⊤⊤⊤|⊤⊤⊥
frame P window=4 tail=1 bits=9 groups=⊥⊤⊤⊤|⊤⊤⊤⊤|⊥
frame P window=5 tail=4 bits=9 groups=⊥⊤⊤⊤⊤|⊤⊤⊤⊥
frame P window=6 tail=3 bits=9 groups=⊥⊤⊤⊤⊤⊤|⊤⊤⊥
frame P window=7 tail=2 bits=9 groups=⊥⊤⊤⊤⊤⊤⊤|⊤⊥
frame P window=8 tail=1 bits=9 groups=⊥⊤⊤⊤⊤⊤⊤⊤|⊥
frame Q window=2 tail=1 bits=521 groups=⊥⊥|⊥⊥|⊥⊥|⊥⊥|⊥⊥|⊥⊥|⊥⊥|⊥⊥|⊥⊥|⊥⊥|⊥⊥|⊥⊥|⊥⊥|⊥⊥|⊥⊥|⊥⊥|⊥⊥|⊥⊥|⊥⊥|⊥⊥|⊥⊥|⊥⊥|⊥⊥|⊥⊥|⊥⊥|⊥⊥|⊥⊥|⊥⊥|⊥⊥|⊥⊥|⊥⊥|⊥⊥|⊥⊥|⊥⊥|⊥⊥|⊥⊥|⊥⊥|⊥⊥|⊥⊥|⊥⊥|⊥⊥|⊥⊥|⊥⊥|⊥⊥|⊥⊥|⊥⊥|⊥⊥|⊥⊥|⊥⊥|⊥⊥|⊥⊥|⊥⊥|⊥⊥|⊥⊥|⊥⊥|⊥⊥|⊥⊥|⊥⊥|⊥⊥|⊥⊥|⊥⊥|⊥⊥|⊥⊥|⊥⊥|⊥⊥|⊥⊥|⊥⊥|⊥⊥|⊥⊥|⊥⊥|⊥⊥|⊥⊥|⊥⊥|⊥⊥|⊥⊥|⊥⊥|⊥⊥|⊥⊥|⊥⊥|⊥⊥|⊥⊥|⊥⊥|⊥⊥|⊥⊥|⊥⊥|⊥⊥|⊥⊥|⊥⊥|⊥⊥|⊥⊥|⊥⊥|⊥⊥|⊥⊥|⊥⊥|⊥⊥|⊥⊥|⊥⊥|⊥⊥|⊥⊥|⊥⊥|⊥⊥|⊥⊥|⊥⊥|⊥⊥|⊥⊥|⊥⊥|⊥⊥|⊥⊥|⊥⊥|⊥⊥|⊥⊥|⊥⊥|⊥⊥|⊥⊥|⊥⊥|⊥⊥|⊥⊥|⊥⊥|⊥⊥|⊥⊥|⊥⊥|⊥⊥|⊥⊥|⊥⊥|⊥⊥|⊥⊥|⊥⊥|⊥⊥|⊥⊥|⊥⊥|⊥⊥|⊥⊥|⊥⊥|⊥⊥|⊥⊥|⊥⊥|⊥⊥|⊥⊥|⊥⊥|⊥⊥|⊥⊥|⊥⊥|⊥⊥|⊥⊥|⊥⊥|⊥⊥|⊥⊥|⊥⊥|⊥⊥|⊥⊥|⊥⊥|⊥⊥|⊥⊥|⊥⊥|⊥⊥|⊥⊥|⊥⊥|⊥⊥|⊥⊥|⊥⊥|⊥⊥|⊥⊥|⊥⊥|⊥⊥|⊥⊥|⊥⊥|⊥⊥|⊥⊥|⊥⊥|⊥⊥|⊥⊥|⊥⊥|⊥⊥|⊥⊥|⊥⊥|⊥⊥|⊥⊥|⊥⊥|⊥⊥|⊥⊥|⊥⊥|⊥⊥|⊥⊥|⊥⊥|⊥⊥|⊥⊥|⊥⊥|⊥⊥|⊥⊥|⊥⊥|⊥⊥|⊥⊥|⊥⊥|⊥⊥|⊥⊥|⊥⊥|⊥⊥|⊥⊥|⊥⊥|⊥⊥|⊥⊥|⊥⊥|⊥⊥|⊥⊥|⊥⊥|⊥⊥|⊥⊥|⊥⊥|⊥⊥|⊥⊥|⊥⊥|⊥⊥|⊥⊥|⊥⊥|⊥⊥|⊥⊥|⊥⊥|⊥⊥|⊥⊥|⊥⊥|⊥⊥|⊥⊥|⊥⊥|⊥⊥|⊥⊥|⊥⊥|⊥⊥|⊥⊥|⊥⊥|⊥⊥|⊥⊥|⊥⊥|⊥⊥|⊥⊥|⊥⊥|⊥⊥|⊥⊥|⊥⊥|⊥⊥|⊥⊥|⊥⊥|⊥⊥|⊥⊥|⊥⊥|⊥⊥|⊥⊥|⊥⊥|⊥⊥|⊥⊥|⊥⊥|⊥⊥|⊥⊥|⊥⊥|⊥⊥|⊥⊥|⊥⊥|⊥⊥|⊥⊥|⊥⊥|⊥⊥|⊥
frame Q window=3 tail=2 bits=521 groups=⊥⊥⊥|⊥⊥⊥|⊥⊥⊥|⊥⊥⊥|⊥⊥⊥|⊥⊥⊥|⊥⊥⊥|⊥⊥⊥|⊥⊥⊥|⊥⊥⊥|⊥⊥⊥|⊥⊥⊥|⊥⊥⊥|⊥⊥⊥|⊥⊥⊥|⊥⊥⊥|⊥⊥⊥|⊥⊥⊥|⊥⊥⊥|⊥⊥⊥|⊥⊥⊥|⊥⊥⊥|⊥⊥⊥|⊥⊥⊥|⊥⊥⊥|⊥⊥⊥|⊥⊥⊥|⊥⊥⊥|⊥⊥⊥|⊥⊥⊥|⊥⊥⊥|⊥⊥⊥|⊥⊥⊥|⊥⊥⊥|⊥⊥⊥|⊥⊥⊥|⊥⊥⊥|⊥⊥⊥|⊥⊥⊥|⊥⊥⊥|⊥⊥⊥|⊥⊥⊥|⊥⊥⊥|⊥⊥⊥|⊥⊥⊥|⊥⊥⊥|⊥⊥⊥|⊥⊥⊥|⊥⊥⊥|⊥⊥⊥|⊥⊥⊥|⊥⊥⊥|⊥⊥⊥|⊥⊥⊥|⊥⊥⊥|⊥⊥⊥|⊥⊥⊥|⊥⊥⊥|⊥⊥⊥|⊥⊥⊥|⊥⊥⊥|⊥⊥⊥|⊥⊥⊥|⊥⊥⊥|⊥⊥⊥|⊥⊥⊥|⊥⊥⊥|⊥⊥⊥|⊥⊥⊥|⊥⊥⊥|⊥⊥⊥|⊥⊥⊥|⊥⊥⊥|⊥⊥⊥|⊥⊥⊥|⊥⊥⊥|⊥⊥⊥|⊥⊥⊥|⊥⊥⊥|⊥⊥⊥|⊥⊥⊥|⊥⊥⊥|⊥⊥⊥|⊥⊥⊥|⊥⊥⊥|⊥⊥⊥|⊥⊥⊥|⊥⊥⊥|⊥⊥⊥|⊥⊥⊥|⊥⊥⊥|⊥⊥⊥|⊥⊥⊥|⊥⊥⊥|⊥⊥⊥|⊥⊥⊥|⊥⊥⊥|⊥⊥⊥|⊥⊥⊥|⊥⊥⊥|⊥⊥⊥|⊥⊥⊥|⊥⊥⊥|⊥⊥⊥|⊥⊥⊥|⊥⊥⊥|⊥⊥⊥|⊥⊥⊥|⊥⊥⊥|⊥⊥⊥|⊥⊥⊥|⊥⊥⊥|⊥⊥⊥|⊥⊥⊥|⊥⊥⊥|⊥⊥⊥|⊥⊥⊥|⊥⊥⊥|⊥⊥⊥|⊥⊥⊥|⊥⊥⊥|⊥⊥⊥|⊥⊥⊥|⊥⊥⊥|⊥⊥⊥|⊥⊥⊥|⊥⊥⊥|⊥⊥⊥|⊥⊥⊥|⊥⊥⊥|⊥⊥⊥|⊥⊥⊥|⊥⊥⊥|⊥⊥⊥|⊥⊥⊥|⊥⊥⊥|⊥⊥⊥|⊥⊥⊥|⊥⊥⊥|⊥⊥⊥|⊥⊥⊥|⊥⊥⊥|⊥⊥⊥|⊥⊥⊥|⊥⊥⊥|⊥⊥⊥|⊥⊥⊥|⊥⊥⊥|⊥⊥⊥|⊥⊥⊥|⊥⊥⊥|⊥⊥⊥|⊥⊥⊥|⊥⊥⊥|⊥⊥⊥|⊥⊥⊥|⊥⊥⊥|⊥⊥⊥|⊥⊥⊥|⊥⊥⊥|⊥⊥⊥|⊥⊥⊥|⊥⊥⊥|⊥⊥⊥|⊥⊥⊥|⊥⊥⊥|⊥⊥⊥|⊥⊥⊥|⊥⊥⊥|⊥⊥⊥|⊥⊥⊥|⊥⊥⊥|⊥⊥⊥|⊥⊥
frame Q window=4 tail=1 bits=521 groups=⊥⊥⊥⊥|⊥⊥⊥⊥|⊥⊥⊥⊥|⊥⊥⊥⊥|⊥⊥⊥⊥|⊥⊥⊥⊥|⊥⊥⊥⊥|⊥⊥⊥⊥|⊥⊥⊥⊥|⊥⊥⊥⊥|⊥⊥⊥⊥|⊥⊥⊥⊥|⊥⊥⊥⊥|⊥⊥⊥⊥|⊥⊥⊥⊥|⊥⊥⊥⊥|⊥⊥⊥⊥|⊥⊥⊥⊥|⊥⊥⊥⊥|⊥⊥⊥⊥|⊥⊥⊥⊥|⊥⊥⊥⊥|⊥⊥⊥⊥|⊥⊥⊥⊥|⊥⊥⊥⊥|⊥⊥⊥⊥|⊥⊥⊥⊥|⊥⊥⊥⊥|⊥⊥⊥⊥|⊥⊥⊥⊥|⊥⊥⊥⊥|⊥⊥⊥⊥|⊥⊥⊥⊥|⊥⊥⊥⊥|⊥⊥⊥⊥|⊥⊥⊥⊥|⊥⊥⊥⊥|⊥⊥⊥⊥|⊥⊥⊥⊥|⊥⊥⊥⊥|⊥⊥⊥⊥|⊥⊥⊥⊥|⊥⊥⊥⊥|⊥⊥⊥⊥|⊥⊥⊥⊥|⊥⊥⊥⊥|⊥⊥⊥⊥|⊥⊥⊥⊥|⊥⊥⊥⊥|⊥⊥⊥⊥|⊥⊥⊥⊥|⊥⊥⊥⊥|⊥⊥⊥⊥|⊥⊥⊥⊥|⊥⊥⊥⊥|⊥⊥⊥⊥|⊥⊥⊥⊥|⊥⊥⊥⊥|⊥⊥⊥⊥|⊥⊥⊥⊥|⊥⊥⊥⊥|⊥⊥⊥⊥|⊥⊥⊥⊥|⊥⊥⊥⊥|⊥⊥⊥⊥|⊥⊥⊥⊥|⊥⊥⊥⊥|⊥⊥⊥⊥|⊥⊥⊥⊥|⊥⊥⊥⊥|⊥⊥⊥⊥|⊥⊥⊥⊥|⊥⊥⊥⊥|⊥⊥⊥⊥|⊥⊥⊥⊥|⊥⊥⊥⊥|⊥⊥⊥⊥|⊥⊥⊥⊥|⊥⊥⊥⊥|⊥⊥⊥⊥|⊥⊥⊥⊥|⊥⊥⊥⊥|⊥⊥⊥⊥|⊥⊥⊥⊥|⊥⊥⊥⊥|⊥⊥⊥⊥|⊥⊥⊥⊥|⊥⊥⊥⊥|⊥⊥⊥⊥|⊥⊥⊥⊥|⊥⊥⊥⊥|⊥⊥⊥⊥|⊥⊥⊥⊥|⊥⊥⊥⊥|⊥⊥⊥⊥|⊥⊥⊥⊥|⊥⊥⊥⊥|⊥⊥⊥⊥|⊥⊥⊥⊥|⊥⊥⊥⊥|⊥⊥⊥⊥|⊥⊥⊥⊥|⊥⊥⊥⊥|⊥⊥⊥⊥|⊥⊥⊥⊥|⊥⊥⊥⊥|⊥⊥⊥⊥|⊥⊥⊥⊥|⊥⊥⊥⊥|⊥⊥⊥⊥|⊥⊥⊥⊥|⊥⊥⊥⊥|⊥⊥⊥⊥|⊥⊥⊥⊥|⊥⊥⊥⊥|⊥⊥⊥⊥|⊥⊥⊥⊥|⊥⊥⊥⊥|⊥⊥⊥⊥|⊥⊥⊥⊥|⊥⊥⊥⊥|⊥⊥⊥⊥|⊥⊥⊥⊥|⊥⊥⊥⊥|⊥⊥⊥⊥|⊥⊥⊥⊥|⊥⊥⊥⊥|⊥⊥⊥⊥|⊥⊥⊥⊥|⊥⊥⊥⊥|⊥
frame Q window=5 tail=1 bits=521 groups=⊥⊥⊥⊥⊥|⊥⊥⊥⊥⊥|⊥⊥⊥⊥⊥|⊥⊥⊥⊥⊥|⊥⊥⊥⊥⊥|⊥⊥⊥⊥⊥|⊥⊥⊥⊥⊥|⊥⊥⊥⊥⊥|⊥⊥⊥⊥⊥|⊥⊥⊥⊥⊥|⊥⊥⊥⊥⊥|⊥⊥⊥⊥⊥|⊥⊥⊥⊥⊥|⊥⊥⊥⊥⊥|⊥⊥⊥⊥⊥|⊥⊥⊥⊥⊥|⊥⊥⊥⊥⊥|⊥⊥⊥⊥⊥|⊥⊥⊥⊥⊥|⊥⊥⊥⊥⊥|⊥⊥⊥⊥⊥|⊥⊥⊥⊥⊥|⊥⊥⊥⊥⊥|⊥⊥⊥⊥⊥|⊥⊥⊥⊥⊥|⊥⊥⊥⊥⊥|⊥⊥⊥⊥⊥|⊥⊥⊥⊥⊥|⊥⊥⊥⊥⊥|⊥⊥⊥⊥⊥|⊥⊥⊥⊥⊥|⊥⊥⊥⊥⊥|⊥⊥⊥⊥⊥|⊥⊥⊥⊥⊥|⊥⊥⊥⊥⊥|⊥⊥⊥⊥⊥|⊥⊥⊥⊥⊥|⊥⊥⊥⊥⊥|⊥⊥⊥⊥⊥|⊥⊥⊥⊥⊥|⊥⊥⊥⊥⊥|⊥⊥⊥⊥⊥|⊥⊥⊥⊥⊥|⊥⊥⊥⊥⊥|⊥⊥⊥⊥⊥|⊥⊥⊥⊥⊥|⊥⊥⊥⊥⊥|⊥⊥⊥⊥⊥|⊥⊥⊥⊥⊥|⊥⊥⊥⊥⊥|⊥⊥⊥⊥⊥|⊥⊥⊥⊥⊥|⊥⊥⊥⊥⊥|⊥⊥⊥⊥⊥|⊥⊥⊥⊥⊥|⊥⊥⊥⊥⊥|⊥⊥⊥⊥⊥|⊥⊥⊥⊥⊥|⊥⊥⊥⊥⊥|⊥⊥⊥⊥⊥|⊥⊥⊥⊥⊥|⊥⊥⊥⊥⊥|⊥⊥⊥⊥⊥|⊥⊥⊥⊥⊥|⊥⊥⊥⊥⊥|⊥⊥⊥⊥⊥|⊥⊥⊥⊥⊥|⊥⊥⊥⊥⊥|⊥⊥⊥⊥⊥|⊥⊥⊥⊥⊥|⊥⊥⊥⊥⊥|⊥⊥⊥⊥⊥|⊥⊥⊥⊥⊥|⊥⊥⊥⊥⊥|⊥⊥⊥⊥⊥|⊥⊥⊥⊥⊥|⊥⊥⊥⊥⊥|⊥⊥⊥⊥⊥|⊥⊥⊥⊥⊥|⊥⊥⊥⊥⊥|⊥⊥⊥⊥⊥|⊥⊥⊥⊥⊥|⊥⊥⊥⊥⊥|⊥⊥⊥⊥⊥|⊥⊥⊥⊥⊥|⊥⊥⊥⊥⊥|⊥⊥⊥⊥⊥|⊥⊥⊥⊥⊥|⊥⊥⊥⊥⊥|⊥⊥⊥⊥⊥|⊥⊥⊥⊥⊥|⊥⊥⊥⊥⊥|⊥⊥⊥⊥⊥|⊥⊥⊥⊥⊥|⊥⊥⊥⊥⊥|⊥⊥⊥⊥⊥|⊥⊥⊥⊥⊥|⊥⊥⊥⊥⊥|⊥⊥⊥⊥⊥|⊥⊥⊥⊥⊥|⊥⊥⊥⊥⊥|⊥⊥⊥⊥⊥|⊥⊥⊥⊥⊥|⊥⊥⊥⊥⊥|⊥
frame Q window=6 tail=5 bits=521 groups=⊥⊥⊥⊥⊥⊥|⊥⊥⊥⊥⊥⊥|⊥⊥⊥⊥⊥⊥|⊥⊥⊥⊥⊥⊥|⊥⊥⊥⊥⊥⊥|⊥⊥⊥⊥⊥⊥|⊥⊥⊥⊥⊥⊥|⊥⊥⊥⊥⊥⊥|⊥⊥⊥⊥⊥⊥|⊥⊥⊥⊥⊥⊥|⊥⊥⊥⊥⊥⊥|⊥⊥⊥⊥⊥⊥|⊥⊥⊥⊥⊥⊥|⊥⊥⊥⊥⊥⊥|⊥⊥⊥⊥⊥⊥|⊥⊥⊥⊥⊥⊥|⊥⊥⊥⊥⊥⊥|⊥⊥⊥⊥⊥⊥|⊥⊥⊥⊥⊥⊥|⊥⊥⊥⊥⊥⊥|⊥⊥⊥⊥⊥⊥|⊥⊥⊥⊥⊥⊥|⊥⊥⊥⊥⊥⊥|⊥⊥⊥⊥⊥⊥|⊥⊥⊥⊥⊥⊥|⊥⊥⊥⊥⊥⊥|⊥⊥⊥⊥⊥⊥|⊥⊥⊥⊥⊥⊥|⊥⊥⊥⊥⊥⊥|⊥⊥⊥⊥⊥⊥|⊥⊥⊥⊥⊥⊥|⊥⊥⊥⊥⊥⊥|⊥⊥⊥⊥⊥⊥|⊥⊥⊥⊥⊥⊥|⊥⊥⊥⊥⊥⊥|⊥⊥⊥⊥⊥⊥|⊥⊥⊥⊥⊥⊥|⊥⊥⊥⊥⊥⊥|⊥⊥⊥⊥⊥⊥|⊥⊥⊥⊥⊥⊥|⊥⊥⊥⊥⊥⊥|⊥⊥⊥⊥⊥⊥|⊥⊥⊥⊥⊥⊥|⊥⊥⊥⊥⊥⊥|⊥⊥⊥⊥⊥⊥|⊥⊥⊥⊥⊥⊥|⊥⊥⊥⊥⊥⊥|⊥⊥⊥⊥⊥⊥|⊥⊥⊥⊥⊥⊥|⊥⊥⊥⊥⊥⊥|⊥⊥⊥⊥⊥⊥|⊥⊥⊥⊥⊥⊥|⊥⊥⊥⊥⊥⊥|⊥⊥⊥⊥⊥⊥|⊥⊥⊥⊥⊥⊥|⊥⊥⊥⊥⊥⊥|⊥⊥⊥⊥⊥⊥|⊥⊥⊥⊥⊥⊥|⊥⊥⊥⊥⊥⊥|⊥⊥⊥⊥⊥⊥|⊥⊥⊥⊥⊥⊥|⊥⊥⊥⊥⊥⊥|⊥⊥⊥⊥⊥⊥|⊥⊥⊥⊥⊥⊥|⊥⊥⊥⊥⊥⊥|⊥⊥⊥⊥⊥⊥|⊥⊥⊥⊥⊥⊥|⊥⊥⊥⊥⊥⊥|⊥⊥⊥⊥⊥⊥|⊥⊥⊥⊥⊥⊥|⊥⊥⊥⊥⊥⊥|⊥⊥⊥⊥⊥⊥|⊥⊥⊥⊥⊥⊥|⊥⊥⊥⊥⊥⊥|⊥⊥⊥⊥⊥⊥|⊥⊥⊥⊥⊥⊥|⊥⊥⊥⊥⊥⊥|⊥⊥⊥⊥⊥⊥|⊥⊥⊥⊥⊥⊥|⊥⊥⊥⊥⊥⊥|⊥⊥⊥⊥⊥⊥|⊥⊥⊥⊥⊥⊥|⊥⊥⊥⊥⊥⊥|⊥⊥⊥⊥⊥⊥|⊥⊥⊥⊥⊥⊥|⊥⊥⊥⊥⊥⊥|⊥⊥⊥⊥⊥
frame Q window=7 tail=3 bits=521 groups=⊥⊥⊥⊥⊥⊥⊥|⊥⊥⊥⊥⊥⊥⊥|⊥⊥⊥⊥⊥⊥⊥|⊥⊥⊥⊥⊥⊥⊥|⊥⊥⊥⊥⊥⊥⊥|⊥⊥⊥⊥⊥⊥⊥|⊥⊥⊥⊥⊥⊥⊥|⊥⊥⊥⊥⊥⊥⊥|⊥⊥⊥⊥⊥⊥⊥|⊥⊥⊥⊥⊥⊥⊥|⊥⊥⊥⊥⊥⊥⊥|⊥⊥⊥⊥⊥⊥⊥|⊥⊥⊥⊥⊥⊥⊥|⊥⊥⊥⊥⊥⊥⊥|⊥⊥⊥⊥⊥⊥⊥|⊥⊥⊥⊥⊥⊥⊥|⊥⊥⊥⊥⊥⊥⊥|⊥⊥⊥⊥⊥⊥⊥|⊥⊥⊥⊥⊥⊥⊥|⊥⊥⊥⊥⊥⊥⊥|⊥⊥⊥⊥⊥⊥⊥|⊥⊥⊥⊥⊥⊥⊥|⊥⊥⊥⊥⊥⊥⊥|⊥⊥⊥⊥⊥⊥⊥|⊥⊥⊥⊥⊥⊥⊥|⊥⊥⊥⊥⊥⊥⊥|⊥⊥⊥⊥⊥⊥⊥|⊥⊥⊥⊥⊥⊥⊥|⊥⊥⊥⊥⊥⊥⊥|⊥⊥⊥⊥⊥⊥⊥|⊥⊥⊥⊥⊥⊥⊥|⊥⊥⊥⊥⊥⊥⊥|⊥⊥⊥⊥⊥⊥⊥|⊥⊥⊥⊥⊥⊥⊥|⊥⊥⊥⊥⊥⊥⊥|⊥⊥⊥⊥⊥⊥⊥|⊥⊥⊥⊥⊥⊥⊥|⊥⊥⊥⊥⊥⊥⊥|⊥⊥⊥⊥⊥⊥⊥|⊥⊥⊥⊥⊥⊥⊥|⊥⊥⊥⊥⊥⊥⊥|⊥⊥⊥⊥⊥⊥⊥|⊥⊥⊥⊥⊥⊥⊥|⊥⊥⊥⊥⊥⊥⊥|⊥⊥⊥⊥⊥⊥⊥|⊥⊥⊥⊥⊥⊥⊥|⊥⊥⊥⊥⊥⊥⊥|⊥⊥⊥⊥⊥⊥⊥|⊥⊥⊥⊥⊥⊥⊥|⊥⊥⊥⊥⊥⊥⊥|⊥⊥⊥⊥⊥⊥⊥|⊥⊥⊥⊥⊥⊥⊥|⊥⊥⊥⊥⊥⊥⊥|⊥⊥⊥⊥⊥⊥⊥|⊥⊥⊥⊥⊥⊥⊥|⊥⊥⊥⊥⊥⊥⊥|⊥⊥⊥⊥⊥⊥⊥|⊥⊥⊥⊥⊥⊥⊥|⊥⊥⊥⊥⊥⊥⊥|⊥⊥⊥⊥⊥⊥⊥|⊥⊥⊥⊥⊥⊥⊥|⊥⊥⊥⊥⊥⊥⊥|⊥⊥⊥⊥⊥⊥⊥|⊥⊥⊥⊥⊥⊥⊥|⊥⊥⊥⊥⊥⊥⊥|⊥⊥⊥⊥⊥⊥⊥|⊥⊥⊥⊥⊥⊥⊥|⊥⊥⊥⊥⊥⊥⊥|⊥⊥⊥⊥⊥⊥⊥|⊥⊥⊥⊥⊥⊥⊥|⊥⊥⊥⊥⊥⊥⊥|⊥⊥⊥⊥⊥⊥⊥|⊥⊥⊥⊥⊥⊥⊥|⊥⊥⊥⊥⊥⊥⊥|⊥⊥⊥
frame Q window=8 tail=1 bits=521 groups=⊥⊥⊥⊥⊥⊥⊥⊥|⊥⊥⊥⊥⊥⊥⊥⊥|⊥⊥⊥⊥⊥⊥⊥⊥|⊥⊥⊥⊥⊥⊥⊥⊥|⊥⊥⊥⊥⊥⊥⊥⊥|⊥⊥⊥⊥⊥⊥⊥⊥|⊥⊥⊥⊥⊥⊥⊥⊥|⊥⊥⊥⊥⊥⊥⊥⊥|⊥⊥⊥⊥⊥⊥⊥⊥|⊥⊥⊥⊥⊥⊥⊥⊥|⊥⊥⊥⊥⊥⊥⊥⊥|⊥⊥⊥⊥⊥⊥⊥⊥|⊥⊥⊥⊥⊥⊥⊥⊥|⊥⊥⊥⊥⊥⊥⊥⊥|⊥⊥⊥⊥⊥⊥⊥⊥|⊥⊥⊥⊥⊥⊥⊥⊥|⊥⊥⊥⊥⊥⊥⊥⊥|⊥⊥⊥⊥⊥⊥⊥⊥|⊥⊥⊥⊥⊥⊥⊥⊥|⊥⊥⊥⊥⊥⊥⊥⊥|⊥⊥⊥⊥⊥⊥⊥⊥|⊥⊥⊥⊥⊥⊥⊥⊥|⊥⊥⊥⊥⊥⊥⊥⊥|⊥⊥⊥⊥⊥⊥⊥⊥|⊥⊥⊥⊥⊥⊥⊥⊥|⊥⊥⊥⊥⊥⊥⊥⊥|⊥⊥⊥⊥⊥⊥⊥⊥|⊥⊥⊥⊥⊥⊥⊥⊥|⊥⊥⊥⊥⊥⊥⊥⊥|⊥⊥⊥⊥⊥⊥⊥⊥|⊥⊥⊥⊥⊥⊥⊥⊥|⊥⊥⊥⊥⊥⊥⊥⊥|⊥⊥⊥⊥⊥⊥⊥⊥|⊥⊥⊥⊥⊥⊥⊥⊥|⊥⊥⊥⊥⊥⊥⊥⊥|⊥⊥⊥⊥⊥⊥⊥⊥|⊥⊥⊥⊥⊥⊥⊥⊥|⊥⊥⊥⊥⊥⊥⊥⊥|⊥⊥⊥⊥⊥⊥⊥⊥|⊥⊥⊥⊥⊥⊥⊥⊥|⊥⊥⊥⊥⊥⊥⊥⊥|⊥⊥⊥⊥⊥⊥⊥⊥|⊥⊥⊥⊥⊥⊥⊥⊥|⊥⊥⊥⊥⊥⊥⊥⊥|⊥⊥⊥⊥⊥⊥⊥⊥|⊥⊥⊥⊥⊥⊥⊥⊥|⊥⊥⊥⊥⊥⊥⊥⊥|⊥⊥⊥⊥⊥⊥⊥⊥|⊥⊥⊥⊥⊥⊥⊥⊥|⊥⊥⊥⊥⊥⊥⊥⊥|⊥⊥⊥⊥⊥⊥⊥⊥|⊥⊥⊥⊥⊥⊥⊥⊥|⊥⊥⊥⊥⊥⊥⊥⊥|⊥⊥⊥⊥⊥⊥⊥⊥|⊥⊥⊥⊥⊥⊥⊥⊥|⊥⊥⊥⊥⊥⊥⊥⊥|⊥⊥⊥⊥⊥⊥⊥⊥|⊥⊥⊥⊥⊥⊥⊥⊥|⊥⊥⊥⊥⊥⊥⊥⊥|⊥⊥⊥⊥⊥⊥⊥⊥|⊥⊥⊥⊥⊥⊥⊥⊥|⊥⊥⊥⊥⊥⊥⊥⊥|⊥⊥⊥⊥⊥⊥⊥⊥|⊥⊥⊥⊥⊥⊥⊥⊥|⊥⊥⊥⊥⊥⊥⊥⊥|⊥
wall=0.00 user=0.00 sys=0.00
