INPUT	37152869673762971	56	28	284
FRAME	1	0	1	1	34
FOLD	1	1	1	168	168	0	50
RAIL	2	54	0	0
FOLD	2	1	1	171	171	0	62
RAIL	2	55	1	0
FOLD	4	3	3	507	507	0	365
RAIL	28	29	2	1
FOLD	5	5	5	846	846	0	647
RAIL	3	53	2	2
FOLD	6	7	7	1185	1185	0	849
RAIL	3	54	2	3
FOLD	8	9	9	1521	1521	0	1394
RAIL	27	30	3	4
FOLD	9	11	11	1860	1860	0	1694
RAIL	4	52	3	5
FOLD	10	13	13	2199	2199	0	1922
RAIL	4	53	3	6
FOLD	12	15	15	2535	2535	0	2341
RAIL	26	31	4	7
FOLD	13	17	17	2874	2874	0	2596
RAIL	5	51	4	8
FOLD	14	19	19	3213	3213	0	2920
RAIL	5	52	4	9
FOLD	16	21	21	3549	3549	0	3150
RAIL	25	32	5	10
FOLD	17	23	23	3888	3888	0	3480
RAIL	6	50	5	11
FOLD	18	25	25	4227	4227	0	3691
RAIL	6	51	5	12
FOLD	20	27	27	4563	4563	0	3965
RAIL	24	33	6	13
FOLD	21	29	29	4902	4902	0	4218
RAIL	7	49	6	14
FOLD	22	31	31	5241	5241	0	4435
RAIL	7	50	6	15
FOLD	24	33	33	5577	5577	0	4714
RAIL	23	34	7	16
FOLD	25	35	35	5916	5916	0	4945
RAIL	8	48	7	17
FOLD	26	37	37	6255	6255	0	5214
RAIL	8	49	7	18
FOLD	28	39	39	6591	6591	0	5550
RAIL	22	35	8	19
FOLD	29	41	41	6930	6930	0	5859
RAIL	9	47	8	20
FOLD	30	43	43	7269	7269	0	6121
RAIL	9	48	8	21
FOLD	31	45	45	7608	7608	0	6681
RAIL	21	35	8	22
FOLD	32	47	47	7947	7947	0	6995
RAIL	21	36	8	23
FOLD	33	49	49	8286	8286	0	7261
RAIL	10	46	8	24
FOLD	34	51	51	8625	8625	0	7994
RAIL	10	47	8	25
FOLD	35	53	53	8964	8964	0	8537
RAIL	20	36	8	26
FOLD	36	55	55	9303	9303	0	8835
RAIL	20	37	8	27
FOLD	37	57	57	9642	9642	0	9154
RAIL	11	45	8	28
FOLD	38	59	59	9981	9981	0	9366
RAIL	11	46	8	29
FOLD	39	61	61	10320	10320	0	9626
RAIL	19	37	8	30
FOLD	40	63	63	10659	10659	0	9896
RAIL	19	38	8	31
FOLD	41	65	65	10998	10998	0	10109
RAIL	12	44	8	32
FOLD	42	67	67	11337	11337	0	10378
RAIL	12	45	8	33
FOLD	43	69	69	11676	11676	0	10649
RAIL	18	38	8	34
FOLD	44	71	71	12015	12015	0	11881
RAIL	18	39	8	35
FOLD	45	73	73	12354	12354	0	12117
RAIL	13	43	8	36
FOLD	46	75	75	12693	12693	0	12406
RAIL	13	44	8	37
FOLD	47	77	77	13032	13032	0	12720
RAIL	17	39	8	38
FOLD	48	79	79	13371	13371	0	12949
RAIL	17	40	8	39
FOLD	49	81	81	13710	13710	0	13223
RAIL	14	42	8	40
FOLD	50	83	83	14049	14049	0	13513
RAIL	14	43	8	41
FOLD	51	85	85	14388	14388	0	13802
RAIL	16	40	8	42
FOLD	52	87	87	14727	14727	0	14054
RAIL	16	41	8	43
FOLD	53	89	89	15066	15066	0	14271
RAIL	15	41	8	44
FOLD	54	91	91	15405	15405	0	14521
RAIL	15	42	8	45
FOLD	55	92	92	15576	15576	0	14782
RAIL	28	28	8	46
FOLD	56	93	93	15744	15744	0	15070
RAIL	28	28	8	47
FOLD	57	94	94	15912	15912	0	15523
RAIL	28	28	8	48
FOLD	58	95	95	16080	16080	0	15939
RAIL	28	28	8	49
FOLD	59	96	96	16248	16248	0	16359
RAIL	28	29	8	50
FOLD	60	97	97	16419	16419	0	16598
RAIL	28	28	8	51
FOLD	61	98	98	16587	16587	0	16883
RAIL	3	53	8	52
FOLD	64	99	99	16755	16755	0	17475
RAIL	27	29	9	54
FOLD	65	100	100	16923	16923	0	18653
RAIL	28	28	9	55
FOLD	66	101	101	17091	17091	0	18877
RAIL	27	30	9	56
FOLD	67	102	102	17262	17262	0	19098
RAIL	28	28	9	57
FOLD	68	103	103	17430	17430	0	19360
RAIL	4	52	9	58
FOLD	71	104	104	17598	17598	0	19884
RAIL	26	30	10	60
FOLD	72	105	105	17766	17766	0	20108
RAIL	28	28	10	61
FOLD	73	106	106	17934	17934	0	20368
RAIL	26	31	10	62
FOLD	74	107	107	18105	18105	0	20653
RAIL	28	28	10	63
FOLD	75	108	108	18273	18273	0	20925
RAIL	5	51	10	64
FOLD	76	109	109	18441	18441	0	21190
RAIL	28	28	10	65
FOLD	77	110	110	18609	18609	0	21461
RAIL	28	28	10	66
FOLD	78	111	111	18777	18777	0	21745
RAIL	25	31	10	67
FOLD	79	112	112	18945	18945	0	22912
RAIL	28	28	10	68
FOLD	80	113	113	19113	19113	0	23204
RAIL	25	32	10	69
FOLD	81	114	114	19284	19284	0	23443
RAIL	28	28	10	70
FOLD	82	115	115	19452	19452	0	23832
RAIL	6	50	10	71
FOLD	83	116	116	19620	19620	0	24056
RAIL	28	28	10	72
FOLD	84	117	117	19788	19788	0	24382
RAIL	28	28	10	73
FOLD	85	118	118	19956	19956	0	25682
RAIL	24	32	10	74
FOLD	86	119	119	20124	20124	0	25989
RAIL	28	28	10	75
FOLD	87	120	120	20292	20292	0	26310
RAIL	24	33	10	76
FOLD	88	121	121	20463	20463	0	26555
RAIL	28	28	10	77
FOLD	89	122	122	20631	20631	0	26935
RAIL	7	49	10	78
FOLD	90	123	123	20799	20799	0	27163
RAIL	28	28	10	79
FOLD	93	124	124	20967	20967	0	28978
RAIL	28	28	11	81
FOLD	98	125	125	21138	21138	0	29895
RAIL	28	28	13	84
FOLD	101	126	126	21306	21306	0	30649
RAIL	22	35	14	86
FOLD	102	127	127	21477	21477	0	30992
RAIL	28	28	14	87
FOLD	109	128	128	21642	21642	0	32176
RAIL	21	36	17	91
FOLD	110	129	129	21813	21813	0	32420
RAIL	28	28	17	92
FOLD	111	130	130	21981	21981	0	32816
RAIL	10	46	17	93
FOLD	112	131	131	22149	22149	0	33054
RAIL	28	28	17	94
FOLD	123	132	132	22320	22320	0	34938
RAIL	19	37	22	100
FOLD	124	133	133	22488	22488	0	35179
RAIL	28	28	22	101
FOLD	125	134	134	22656	22656	0	35606
RAIL	19	38	22	102
FOLD	126	135	135	22827	22827	0	35875
RAIL	28	28	22	103
FOLD	128	135	135	22827	22827	0	36137
RAIL	28	28	23	104
FOLD	131	136	136	22998	22998	0	36899
RAIL	18	38	24	106
FOLD	132	137	137	23166	23166	0	37178
RAIL	28	28	24	107
FOLD	137	138	138	23337	23337	0	38047
RAIL	13	44	26	110
FOLD	138	139	139	23508	23508	0	38339
RAIL	28	28	26	111
FOLD	139	140	140	23676	23676	0	38653
RAIL	17	39	26	112
FOLD	140	141	141	23844	23844	0	38914
RAIL	28	28	26	113
FOLD	141	142	142	24012	24012	0	39218
RAIL	17	40	26	114
FOLD	142	143	143	24183	24183	0	39432
RAIL	28	28	26	115
FOLD	143	144	144	24351	24351	0	39777
RAIL	14	42	26	116
FOLD	144	145	145	24519	24519	0	40028
RAIL	28	28	26	117
FOLD	149	146	146	24690	24690	0	41045
RAIL	16	41	28	120
FOLD	150	147	147	24861	24861	0	41313
RAIL	28	28	28	121
FOLD	155	148	148	25032	25032	0	42225
RAIL	28	28	30	124
FOLD	156	149	149	25200	25200	0	42595
RAIL	28	28	30	125
FOLD	167	150	150	25374	25374	0	44415
RAIL	4	52	35	131
FOLD	178	151	151	25545	25545	0	46843
RAIL	28	28	40	137
FOLD	189	152	152	25719	25719	0	49866
RAIL	28	28	45	143
FOLD	190	153	153	25887	25887	0	50173
RAIL	28	28	45	144
FOLD	191	154	154	26055	26055	0	50538
RAIL	23	33	45	145
FOLD	192	155	155	26223	26223	0	50764
RAIL	28	28	45	146
FOLD	193	156	156	26391	26391	0	51111
RAIL	23	34	45	147
FOLD	194	157	157	26562	26562	0	51389
RAIL	28	28	45	148
FOLD	195	158	158	26730	26730	0	52940
RAIL	8	48	45	149
FOLD	196	159	159	26898	26898	0	53168
RAIL	28	28	45	150
FOLD	203	160	160	27069	27069	0	54435
RAIL	28	28	48	154
FOLD	204	161	161	27237	27237	0	54742
RAIL	9	48	48	155
FOLD	211	162	162	27405	27405	0	55855
RAIL	28	28	51	159
FOLD	218	163	163	27573	27573	0	56981
RAIL	11	45	54	163
FOLD	219	164	164	27741	27741	0	57204
RAIL	28	28	54	164
FOLD	220	165	165	27909	27909	0	57550
RAIL	11	46	54	165
FOLD	227	166	166	28077	28077	0	58690
RAIL	28	28	57	169
FOLD	232	167	167	28248	28248	0	59502
RAIL	18	39	59	172
FOLD	233	168	168	28419	28419	0	59724
RAIL	28	28	59	173
FOLD	234	169	169	28587	28587	0	60041
RAIL	13	43	59	174
FOLD	235	170	170	28755	28755	0	60283
RAIL	28	28	59	175
FOLD	240	171	171	28926	28926	0	61231
RAIL	17	40	61	178
FOLD	241	172	172	29097	29097	0	61462
RAIL	28	28	61	179
FOLD	246	173	173	29268	29268	0	62198
RAIL	16	40	63	182
FOLD	247	174	174	29436	29436	0	62483
RAIL	28	28	63	183
FOLD	248	175	175	29604	29604	0	62813
RAIL	16	41	63	184
FOLD	249	176	176	29775	29775	0	63054
RAIL	28	28	63	185
FOLD	250	177	177	29943	29943	0	63365
RAIL	15	41	63	186
FOLD	251	178	178	30111	30111	0	63608
RAIL	28	28	63	187
FOLD	252	179	179	30279	30279	0	63944
RAIL	15	42	63	188
FOLD	253	180	180	30450	30450	0	64165
RAIL	28	28	63	189
FOLD	256	179	180	30282	30450	0	64590
RAIL	28	28	65	190
FOLD	264	181	181	30624	30624	0	66209
RAIL	28	28	68	195
FOLD	269	182	182	30792	30792	0	67034
RAIL	26	31	70	198
FOLD	270	183	183	30963	30963	0	67243
RAIL	28	28	70	199
FOLD	271	184	184	31131	31131	0	67538
RAIL	5	51	70	200
FOLD	292	185	185	31308	31308	0	70984
RAIL	8	48	80	211
FOLD	293	186	186	31476	31476	0	71212
RAIL	28	28	80	212
FOLD	294	187	187	31644	31644	0	71490
RAIL	28	28	80	213
FOLD	295	188	188	31812	31812	0	71774
RAIL	22	34	80	214
FOLD	296	189	189	31980	31980	0	71993
RAIL	28	28	80	215
FOLD	297	190	190	32148	32148	0	72319
RAIL	22	35	80	216
FOLD	298	191	191	32319	32319	0	72591
RAIL	28	28	80	217
FOLD	301	192	192	32487	32487	0	73302
RAIL	28	28	81	219
FOLD	306	193	193	32658	32658	0	74098
RAIL	10	46	83	222
FOLD	307	194	194	32826	32826	0	74312
RAIL	28	28	83	223
FOLD	310	195	195	32994	32994	0	74963
RAIL	28	28	84	225
FOLD	315	196	196	33165	33165	0	75699
RAIL	11	46	86	228
FOLD	318	197	197	33330	33330	0	76261
RAIL	28	28	87	230
FOLD	319	198	198	33498	33498	0	76862
RAIL	19	38	87	231
FOLD	320	199	199	33669	33669	0	77108
RAIL	28	28	87	232
FOLD	331	200	200	33837	33837	0	78627
RAIL	13	44	92	238
FOLD	332	201	201	34008	34008	0	78835
RAIL	28	28	92	239
FOLD	333	202	202	34176	34176	0	79141
RAIL	17	39	92	240
FOLD	334	203	203	34344	34344	0	79338
RAIL	28	28	92	241
FOLD	339	204	204	34515	34515	0	80151
RAIL	14	43	94	244
FOLD	340	205	205	34686	34686	0	80374
RAIL	28	28	94	245
FOLD	345	206	206	34857	34857	0	81128
RAIL	15	41	96	248
FOLD	346	207	207	35025	35025	0	81358
RAIL	28	28	96	249
FOLD	347	208	208	35193	35193	0	81628
RAIL	15	42	96	250
FOLD	348	209	209	35364	35364	0	81877
RAIL	28	28	96	251
FOLD	349	210	210	35532	35532	0	82207
RAIL	28	28	96	252
FOLD	356	211	211	35703	35703	0	83601
RAIL	27	29	99	256
FOLD	357	212	212	35871	35871	0	83833
RAIL	28	28	99	257
FOLD	366	213	213	36045	36045	0	85993
RAIL	5	51	103	262
FOLD	367	214	214	36213	36213	0	86186
RAIL	28	28	103	263
FOLD	368	215	215	36381	36381	0	86556
RAIL	28	28	103	264
FOLD	369	216	216	36549	36549	0	86908
RAIL	25	31	103	265
FOLD	370	217	217	36717	36717	0	87230
RAIL	28	28	103	266
FOLD	375	218	218	36888	36888	0	88088
RAIL	28	28	105	269
FOLD	380	219	219	37059	37059	0	89015
RAIL	7	49	107	272
FOLD	391	220	220	37230	37230	0	91290
RAIL	28	28	112	278
FOLD	392	221	221	37398	37398	0	91570
RAIL	22	35	112	279
FOLD	393	222	222	37569	37569	0	91816
RAIL	28	28	112	280
FOLD	394	223	223	37737	37737	0	92131
RAIL	9	47	112	281
FOLD	395	224	224	37905	37905	0	92445
RAIL	28	28	112	282
FOLD	396	225	225	38073	38073	0	92882
RAIL	28	28	112	283
FOLD	401	226	226	38244	38244	0	93756
RAIL	10	46	114	286
FOLD	402	227	227	38412	38412	0	94026
RAIL	28	28	114	287
FOLD	407	228	228	38583	38583	0	94801
RAIL	28	28	116	290
FOLD	408	229	229	38751	38751	0	95707
RAIL	11	45	116	291
FOLD	409	230	230	38919	38919	0	95932
RAIL	28	28	116	292
FOLD	414	231	231	39090	39090	0	96980
RAIL	19	38	118	295
FOLD	415	232	232	39261	39261	0	97235
RAIL	28	28	118	296
FOLD	422	233	233	39426	39426	0	98353
RAIL	18	39	121	300
FOLD	423	234	234	39597	39597	0	98565
RAIL	28	28	121	301
FOLD	426	235	235	39765	39765	0	99759
RAIL	13	44	122	303
FOLD	433	236	236	39933	39933	0	100976
RAIL	28	28	125	307
FOLD	434	237	237	40101	40101	0	101350
RAIL	14	43	125	308
FOLD	435	238	238	40272	40272	0	101569
RAIL	28	28	125	309
FOLD	440	239	239	40443	40443	0	102500
RAIL	15	41	127	312
FOLD	441	240	240	40611	40611	0	102720
RAIL	28	28	127	313
FOLD	446	241	241	40782	40782	0	103626
RAIL	28	28	129	316
FOLD	447	242	242	40950	40950	0	103931
RAIL	28	29	129	317
FOLD	448	243	243	41121	41121	0	104170
RAIL	28	28	129	318
FOLD	449	244	244	41289	41289	0	104525
RAIL	28	28	129	319
FOLD	456	245	245	41460	41460	0	105961
RAIL	28	28	132	323
FOLD	461	246	246	41631	41631	0	106845
RAIL	5	51	134	326
FOLD	468	247	247	41802	41802	0	108577
RAIL	6	50	137	330
FOLD	475	248	248	41973	41973	0	109872
RAIL	7	49	140	334
FOLD	476	249	249	42141	42141	0	110089
RAIL	28	28	140	335
FOLD	481	250	250	42312	42312	0	110965
RAIL	28	28	142	338
FOLD	482	251	251	42480	42480	0	111257
RAIL	8	48	142	339
FOLD	495	252	252	42654	42654	0	113622
RAIL	28	28	148	346
FOLD	496	253	253	42822	42822	0	113887
RAIL	10	46	148	347
FOLD	497	254	254	42990	42990	0	114123
RAIL	28	28	148	348
FOLD	498	255	255	43158	43158	0	114477
RAIL	28	28	148	349
FOLD	499	256	256	43326	43326	0	114746
RAIL	20	36	148	350
FOLD	500	257	257	43494	43494	0	115022
RAIL	28	28	148	351
FOLD	501	258	258	43662	43662	0	115373
RAIL	20	37	148	352
FOLD	502	259	259	43833	43833	0	115652
RAIL	28	28	148	353
FOLD	505	260	260	44001	44001	0	116483
RAIL	11	46	149	355
FOLD	512	261	261	44169	44169	0	118152
RAIL	28	28	152	359
FOLD	513	262	262	44337	44337	0	118449
RAIL	12	45	152	360
FOLD	514	263	263	44508	44508	0	119862
RAIL	28	28	152	361
FOLD	519	264	264	44679	44679	0	120653
RAIL	13	43	154	364
FOLD	520	265	265	44847	44847	0	120860
RAIL	28	28	154	365
FOLD	527	266	266	45015	45015	0	121920
RAIL	14	42	157	369
FOLD	528	267	267	45183	45183	0	122128
RAIL	28	28	157	370
FOLD	537	268	268	45351	45351	0	123532
RAIL	15	42	161	375
FOLD	538	269	269	45522	45522	0	123783
RAIL	28	28	161	376
FOLD	539	270	270	45690	45690	0	124117
RAIL	28	28	161	377
FOLD	548	271	271	45861	45861	0	125568
RAIL	27	30	165	382
FOLD	549	272	272	46032	46032	0	125809
RAIL	28	28	165	383
FOLD	550	273	273	46200	46200	0	126101
RAIL	28	28	165	384
FOLD	551	274	274	46368	46368	0	126412
RAIL	28	28	165	385
FOLD	560	275	275	46539	46539	0	128127
RAIL	28	28	169	390
FOLD	573	276	276	46713	46713	0	130659
RAIL	23	33	175	397
FOLD	574	277	277	46881	46881	0	130915
RAIL	28	28	175	398
FOLD	579	278	278	47052	47052	0	131773
RAIL	28	28	177	401
FOLD	584	279	279	47223	47223	0	132659
RAIL	9	47	179	404
FOLD	591	280	280	47394	47394	0	133870
RAIL	10	46	182	408
FOLD	598	281	281	47565	47565	0	135076
RAIL	11	45	185	412
FOLD	599	282	282	47733	47733	0	135268
RAIL	28	28	185	413
FOLD	600	283	283	47901	47901	0	135606
RAIL	11	46	185	414
FOLD	603	284	284	48066	48066	0	136200
RAIL	28	28	186	416
FOLD	604	285	285	48234	48234	0	136533
RAIL	19	38	186	417
FOLD	605	286	286	48405	48405	0	136799
RAIL	28	28	186	418
FOLD	616	287	287	48573	48573	0	138532
RAIL	13	44	191	424
FOLD	617	288	288	48744	48744	0	138754
RAIL	28	28	191	425
FOLD	620	289	289	48912	48912	0	139461
RAIL	17	40	192	427
FOLD	621	290	290	49083	49083	0	139684
RAIL	28	28	192	428
FOLD	628	291	291	49248	49248	0	140742
RAIL	16	41	195	432
FOLD	629	292	292	49419	49419	0	141142
RAIL	28	28	195	433
FOLD	630	293	293	49587	49587	0	141430
RAIL	15	41	195	434
FOLD	631	294	294	49755	49755	0	141625
RAIL	28	28	195	435
FOLD	650	295	295	49929	49929	0	144729
RAIL	28	28	204	445
FOLD	651	296	296	50097	50097	0	145012
RAIL	28	28	204	446
FOLD	652	297	297	50265	50265	0	145281
RAIL	28	28	204	447
FOLD	653	298	298	50433	50433	0	145596
RAIL	25	31	204	448
FOLD	654	299	299	50601	50601	0	145831
RAIL	28	28	204	449
FOLD	663	300	300	50775	50775	0	147125
RAIL	7	49	208	454
FOLD	670	301	301	50946	50946	0	148301
RAIL	8	48	211	458
FOLD	677	302	302	51117	51117	0	149393
RAIL	9	47	214	462
FOLD	678	303	303	51285	51285	0	149627
RAIL	28	28	214	463
FOLD	683	304	304	51456	51456	0	150761
RAIL	28	28	216	466
FOLD	694	305	305	51627	51627	0	153858
RAIL	19	37	221	472
FOLD	695	306	306	51795	51795	0	154075
RAIL	28	28	221	473
FOLD	696	307	307	51963	51963	0	154331
RAIL	19	38	221	474
FOLD	697	308	308	52134	52134	0	154578
RAIL	28	28	221	475
FOLD	698	309	309	52302	52302	0	154838
RAIL	12	44	221	476
FOLD	699	310	310	52470	52470	0	155049
RAIL	28	28	221	477
FOLD	700	311	311	52638	52638	0	155324
RAIL	12	45	221	478
FOLD	707	312	312	52806	52806	0	156324
RAIL	28	28	224	482
FOLD	714	313	313	52974	52974	0	157514
RAIL	14	42	227	486
FOLD	715	314	314	53142	53142	0	157712
RAIL	28	28	227	487
FOLD	720	315	315	53313	53313	0	158422
RAIL	16	41	229	490
FOLD	735	316	316	53478	53478	0	162353
RAIL	27	30	236	498
FOLD	736	317	317	53649	53649	0	162595
RAIL	28	28	236	499
FOLD	745	318	318	53820	53820	0	164840
RAIL	25	31	240	504
FOLD	746	319	319	53988	53988	0	165155
RAIL	28	28	240	505
FOLD	747	320	320	54156	54156	0	165442
RAIL	25	32	240	506
FOLD	748	321	321	54327	54327	0	165657
RAIL	28	28	240	507
FOLD	749	322	322	54495	54495	0	165947
RAIL	28	28	240	508
FOLD	754	323	323	54666	54666	0	166715
RAIL	28	28	242	511
FOLD	759	324	324	54834	54834	0	167472
RAIL	28	28	244	514
FOLD	760	325	325	55002	55002	0	167774
RAIL	23	34	244	515
FOLD	761	326	326	55173	55173	0	168013
RAIL	28	28	244	516
FOLD	776	327	327	55347	55347	0	170420
RAIL	10	46	251	524
FOLD	777	328	328	55515	55515	0	170616
RAIL	28	28	251	525
FOLD	782	329	329	55686	55686	0	171380
RAIL	28	28	253	528
FOLD	783	330	330	55854	55854	0	171670
RAIL	11	45	253	529
FOLD	796	331	331	56028	56028	0	173562
RAIL	18	39	259	536
FOLD	797	332	332	56199	56199	0	173987
RAIL	28	28	259	537
FOLD	798	333	333	56367	56367	0	174314
RAIL	13	43	259	538
FOLD	799	334	334	56535	56535	0	174573
RAIL	28	28	259	539
FOLD	800	335	335	56703	56703	0	174869
RAIL	13	44	259	540
FOLD	803	336	336	56868	56868	0	175426
RAIL	28	28	260	542
FOLD	824	337	337	57033	57033	0	178599
RAIL	28	28	270	553
FOLD	829	338	338	57204	57204	0	179363
RAIL	28	28	272	556
FOLD	834	339	339	57375	57375	0	180059
RAIL	28	28	274	559
FOLD	839	340	340	57543	57543	0	181712
RAIL	25	32	276	562
FOLD	840	341	341	57714	57714	0	181940
RAIL	28	28	276	563
FOLD	841	342	342	57882	57882	0	182239
RAIL	28	28	276	564
FOLD	844	343	343	58050	58050	0	182916
RAIL	28	28	277	566
FOLD	849	344	344	58221	58221	0	183594
RAIL	28	28	279	569
FOLD	850	345	345	58389	58389	0	183864
RAIL	23	33	279	570
FOLD	851	346	346	58557	58557	0	184064
RAIL	28	28	279	571
FOLD	856	347	347	58728	58728	0	184937
RAIL	28	28	281	574
FOLD	861	348	348	58899	58899	0	185689
RAIL	9	47	283	577
FOLD	864	349	349	59067	59067	0	186315
RAIL	21	35	284	579
FOLD	865	350	350	59235	59235	0	186521
RAIL	28	28	284	580
FOLD	876	351	351	59409	59409	0	187960
RAIL	28	28	289	586
FOLD	877	352	352	59577	59577	0	188258
RAIL	28	28	289	587
FOLD	882	353	353	59748	59748	0	189266
RAIL	12	44	291	590
FOLD	893	354	354	59919	59919	0	191074
RAIL	28	28	296	596
FOLD	894	355	355	60087	60087	0	191321
RAIL	17	39	296	597
FOLD	895	356	356	60255	60255	0	191518
RAIL	28	28	296	598
FOLD	896	357	357	60423	60423	0	191765
RAIL	17	40	296	599
FOLD	899	358	358	60588	60588	0	192291
RAIL	28	28	297	601
FOLD	900	359	359	60756	60756	0	192602
RAIL	14	43	297	602
FOLD	905	360	360	60924	60924	0	193681
RAIL	28	28	299	605
FOLD	920	361	361	61095	61095	0	195996
RAIL	28	28	306	613
FOLD	921	362	362	61263	61263	0	196271
RAIL	28	28	306	614
FOLD	922	363	363	61431	61431	0	196595
RAIL	28	28	306	615
FOLD	929	364	364	61602	61602	0	198043
RAIL	25	31	309	619
FOLD	930	365	365	61770	61770	0	198250
RAIL	28	28	309	620
FOLD	939	366	366	61944	61944	0	199450
RAIL	7	49	313	625
FOLD	942	367	367	62112	62112	0	200056
RAIL	23	33	314	627
FOLD	943	368	368	62280	62280	0	200261
RAIL	28	28	314	628
FOLD	944	369	369	62448	62448	0	200587
RAIL	23	34	314	629
FOLD	945	370	370	62619	62619	0	200817
RAIL	28	28	314	630
FOLD	950	371	371	62787	62787	0	201593
RAIL	28	28	316	633
FOLD	955	372	372	62958	62958	0	202272
RAIL	28	28	318	636
FOLD	956	373	373	63126	63126	0	202549
RAIL	21	35	318	637
FOLD	957	374	374	63294	63294	0	202800
RAIL	28	28	318	638
FOLD	972	375	375	63468	63468	0	205511
RAIL	19	38	325	646
FOLD	995	376	376	63636	63636	0	208929
RAIL	28	28	336	658
FOLD	996	377	377	63804	63804	0	209192
RAIL	16	41	336	659
FOLD	999	378	378	63969	63969	0	209769
RAIL	28	28	337	661
FOLD	1000	379	379	64137	64137	0	210049
RAIL	15	42	337	662
FOLD	1017	380	380	64308	64308	0	212715
RAIL	26	31	345	671
FOLD	1018	381	381	64479	64479	0	213301
RAIL	28	28	345	672
FOLD	1019	382	382	64647	64647	0	213603
RAIL	28	28	345	673
FOLD	1024	383	383	64818	64818	0	214416
RAIL	28	28	347	676
FOLD	1029	384	384	64986	64986	0	215239
RAIL	24	33	349	679
FOLD	1030	385	385	65157	65157	0	215485
RAIL	28	28	349	680
FOLD	1043	386	386	65328	65328	0	217414
RAIL	22	35	355	687
FOLD	1044	387	387	65499	65499	0	217645
RAIL	28	28	355	688
FOLD	1047	388	388	65667	65667	0	218241
RAIL	28	28	356	690
FOLD	1052	389	389	65838	65838	0	219215
RAIL	10	46	358	693
FOLD	1053	390	390	66006	66006	0	219422
RAIL	28	28	358	694
FOLD	1054	391	391	66174	66174	0	219703
RAIL	28	28	358	695
FOLD	1099	392	392	66336	66336	0	226635
RAIL	28	28	380	718
FOLD	1102	393	393	66504	66504	0	227398
RAIL	28	28	381	720
FOLD	1109	394	394	66675	66675	0	228588
RAIL	26	31	384	724
FOLD	1110	395	395	66846	66846	0	228851
RAIL	28	28	384	725
FOLD	1115	396	396	67014	67014	0	229592
RAIL	25	32	386	728
FOLD	1116	397	397	67185	67185	0	229846
RAIL	28	28	386	729
FOLD	1117	398	398	67353	67353	0	230161
RAIL	28	28	386	730
FOLD	1122	399	399	67524	67524	0	231014
RAIL	28	28	388	733
FOLD	1127	400	400	67692	67692	0	231734
RAIL	28	28	390	736
FOLD	1128	401	401	67860	67860	0	232006
RAIL	23	34	390	737
FOLD	1129	402	402	68031	68031	0	232241
RAIL	28	28	390	738
FOLD	1142	403	403	68202	68202	0	234388
RAIL	21	36	396	745
FOLD	1145	404	404	68367	68367	0	234976
RAIL	28	28	397	747
FOLD	1156	405	405	68532	68532	0	236780
RAIL	19	38	402	753
FOLD	1157	406	406	68703	68703	0	237203
RAIL	28	28	402	754
FOLD	1198	407	407	68874	68874	0	244578
RAIL	28	28	422	775
FOLD	1203	408	408	69045	69045	0	245313
RAIL	28	28	424	778
FOLD	1208	409	409	69216	69216	0	246030
RAIL	28	28	426	781
FOLD	1209	410	410	69384	69384	0	246328
RAIL	28	28	426	782
FOLD	1210	411	411	69552	69552	0	246625
RAIL	28	28	426	783
FOLD	1215	412	412	69723	69723	0	247439
RAIL	7	49	428	786
FOLD	1222	413	413	69894	69894	0	248742
RAIL	8	48	431	790
FOLD	1223	414	414	70062	70062	0	248919
RAIL	28	28	431	791
FOLD	1244	415	415	70227	70227	0	252386
RAIL	28	28	441	802
FOLD	1289	416	416	70395	70395	0	260157
RAIL	28	28	463	825
FOLD	1290	417	417	70563	70563	0	260454
RAIL	28	28	463	826
FOLD	1291	418	418	70731	70731	0	260738
RAIL	26	30	463	827
FOLD	1292	419	419	70899	70899	0	260969
RAIL	28	28	463	828
FOLD	1297	420	420	71070	71070	0	262193
RAIL	25	31	465	831
FOLD	1298	421	421	71238	71238	0	262429
RAIL	28	28	465	832
FOLD	1307	422	422	71412	71412	0	264018
RAIL	7	49	469	837
FOLD	1310	423	423	71580	71580	0	264775
RAIL	23	33	470	839
FOLD	1311	424	424	71748	71748	0	265042
RAIL	28	28	470	840
FOLD	1384	425	425	71910	71910	0	278172
RAIL	28	28	506	877
FOLD	1393	426	426	72084	72084	0	280361
RAIL	28	28	510	882
FOLD	1394	427	427	72252	72252	0	280721
RAIL	28	28	510	883
FOLD	1473	428	428	72414	72414	0	295847
RAIL	26	30	549	923
FOLD	1474	429	429	72582	72582	0	296129
RAIL	28	28	549	924
FOLD	1495	430	430	72750	72750	0	300174
RAIL	8	48	559	935
FOLD	1496	431	431	72918	72918	0	300380
RAIL	28	28	559	936
FOLD	1499	432	432	73086	73086	0	301139
RAIL	28	28	560	938
FOLD	1666	433	433	73236	73236	0	331028
RAIL	28	28	643	1022
FOLD	1667	434	434	73404	73404	0	331317
RAIL	24	33	643	1023
FOLD	1690	435	435	73572	73572	0	335395
RAIL	28	28	654	1035
FOLD	1757	436	436	73740	73740	0	346373
RAIL	24	33	687	1069
FOLD	1760	437	437	73905	73905	0	346990
RAIL	28	28	688	1071
FOLD	2048	427	437	72216	73905	0	397840
RAIL	28	28	837	1210
FOLD	4096	401	437	67827	73905	0	754023
RAIL	28	28	1874	2221
FOLD	8192	371	437	62739	73905	0	1430690
RAIL	28	28	3937	4254
FOLD	16384	327	437	55290	73905	0	2746115
RAIL	28	28	8055	8328
FOLD	32768	281	437	47508	73905	0	5274067
RAIL	18	38	16270	16497
