INPUT	877600487917	40	20	204
FRAME	1	0	1	1	30
FOLD	1	1	1	120	120	0	48
RAIL	2	38	0	0
CORRELATION	0	0	0	0
FOLD	2	1	1	123	123	0	59
RAIL	2	39	1	0
CORRELATION	0	0	0	0
FOLD	4	3	3	363	363	0	342
RAIL	20	21	2	1
CORRELATION	0	0	0	0
FOLD	5	5	5	606	606	0	1207
RAIL	3	37	2	2
CORRELATION	0	0	0	0
FOLD	8	7	7	849	849	0	1632
RAIL	19	22	4	3
CORRELATION	0	0	0	0
FOLD	9	9	9	1092	1092	0	1806
RAIL	4	36	4	4
CORRELATION	0	0	0	0
FOLD	12	11	11	1335	1335	0	2057
RAIL	18	23	6	5
CORRELATION	0	0	0	0
FOLD	13	13	13	1578	1578	0	2233
RAIL	5	35	6	6
CORRELATION	0	0	0	0
FOLD	14	15	15	1821	1821	0	2399
RAIL	5	36	6	7
CORRELATION	0	0	0	0
FOLD	15	17	17	2064	2064	0	2571
RAIL	17	23	6	8
CORRELATION	0	0	0	0
FOLD	16	19	19	2307	2307	0	2771
RAIL	17	24	6	9
CORRELATION	0	0	0	0
FOLD	17	21	21	2550	2550	0	2960
RAIL	6	34	6	10
CORRELATION	0	0	0	0
FOLD	18	23	23	2793	2793	0	3145
RAIL	6	35	6	11
CORRELATION	0	0	0	0
FOLD	19	25	25	3036	3036	0	3327
RAIL	16	24	6	12
CORRELATION	0	0	0	0
FOLD	20	27	27	3279	3279	0	3503
RAIL	16	25	6	13
CORRELATION	0	0	0	0
FOLD	21	29	29	3522	3522	0	3753
RAIL	7	33	6	14
CORRELATION	0	0	0	0
FOLD	22	31	31	3765	3765	0	4258
RAIL	7	34	6	15
CORRELATION	0	0	0	0
FOLD	23	33	33	4008	4008	0	4832
RAIL	15	25	6	16
CORRELATION	0	0	0	0
FOLD	24	35	35	4251	4251	0	5061
RAIL	15	26	6	17
CORRELATION	0	0	0	0
FOLD	25	37	37	4494	4494	0	5214
RAIL	8	32	6	18
CORRELATION	0	0	0	0
FOLD	26	39	39	4737	4737	0	5406
RAIL	8	33	6	19
CORRELATION	0	0	0	0
FOLD	27	41	41	4980	4980	0	5650
RAIL	14	26	6	20
CORRELATION	0	0	0	0
FOLD	28	43	43	5223	5223	0	6309
RAIL	14	27	6	21
CORRELATION	0	0	0	0
FOLD	29	45	45	5466	5466	0	6550
RAIL	9	31	6	22
CORRELATION	0	0	0	0
FOLD	30	47	47	5709	5709	0	6769
RAIL	9	32	6	23
CORRELATION	0	0	0	0
FOLD	31	49	49	5952	5952	0	6933
RAIL	13	27	6	24
CORRELATION	0	0	0	0
FOLD	32	51	51	6195	6195	0	7100
RAIL	13	28	6	25
CORRELATION	0	0	0	0
FOLD	33	53	53	6438	6438	0	7305
RAIL	10	30	6	26
CORRELATION	0	0	0	0
FOLD	34	55	55	6681	6681	0	7535
RAIL	10	31	6	27
CORRELATION	0	0	0	0
FOLD	35	57	57	6924	6924	0	7716
RAIL	12	28	6	28
CORRELATION	0	0	0	0
FOLD	36	59	59	7167	7167	0	8267
RAIL	12	29	6	29
CORRELATION	0	0	0	0
FOLD	37	61	61	7410	7410	0	8884
RAIL	11	29	6	30
CORRELATION	0	0	0	0
FOLD	38	63	63	7653	7653	0	9076
RAIL	11	30	6	31
CORRELATION	0	0	0	0
FOLD	38	63	63	7653	7653	0	10008
RAIL	11	30	6	32
CORRELATION	1	0	791	1209
FOLD	38	63	63	7653	7653	0	10028
RAIL	11	30	6	32
CORRELATION	2	0	791	1209
FOLD	39	64	64	7776	7776	0	10077
RAIL	20	20	6	32
CORRELATION	3	0	791	1209
FOLD	39	64	64	7776	7776	0	10265
RAIL	20	20	6	33
CORRELATION	4	0	791	1209
FOLD	40	65	65	7896	7896	0	10270
RAIL	20	21	6	33
CORRELATION	4	0	791	1209
FOLD	41	66	66	8019	8019	0	10528
RAIL	19	21	6	34
CORRELATION	7	0	791	1209
FOLD	41	66	66	8019	8019	0	10735
RAIL	19	21	6	35
CORRELATION	8	0	791	1209
FOLD	42	67	67	8139	8139	0	10741
RAIL	19	22	6	35
CORRELATION	8	0	791	1209
FOLD	43	68	68	8262	8262	0	11185
RAIL	18	22	6	36
CORRELATION	11	0	791	1209
FOLD	44	69	69	8382	8382	0	11595
RAIL	18	23	6	37
CORRELATION	12	0	791	1209
FOLD	45	70	70	8505	8505	0	11808
RAIL	5	35	6	38
CORRELATION	13	0	791	1209
FOLD	47	68	70	8262	8505	0	12452
RAIL	17	23	8	39
CORRELATION	16	1	791	1209
FOLD	52	71	71	8628	8628	0	13975
RAIL	16	25	9	42
CORRELATION	20	6	791	1209
FOLD	53	72	72	8751	8751	0	14143
RAIL	7	33	9	43
CORRELATION	21	6	791	1209
FOLD	54	73	73	8871	8871	0	14630
RAIL	7	34	9	44
CORRELATION	22	8	791	1209
FOLD	55	74	74	8994	8994	0	15299
RAIL	15	25	9	45
CORRELATION	23	10	791	1209
FOLD	56	75	75	9114	9114	0	15471
RAIL	15	26	9	46
CORRELATION	24	10	791	1209
FOLD	57	76	76	9237	9237	0	15639
RAIL	8	32	9	47
CORRELATION	25	10	791	1209
FOLD	58	77	77	9357	9357	0	15841
RAIL	8	33	9	48
CORRELATION	26	10	791	1209
FOLD	59	78	78	9480	9480	0	16063
RAIL	14	26	9	49
CORRELATION	27	10	791	1209
FOLD	60	79	79	9600	9600	0	16281
RAIL	14	27	9	50
CORRELATION	28	11	791	1209
FOLD	61	80	80	9723	9723	0	16875
RAIL	9	31	9	51
CORRELATION	29	14	791	1209
FOLD	62	81	81	9843	9843	0	17046
RAIL	9	32	9	52
CORRELATION	30	14	791	1209
FOLD	63	82	82	9966	9966	0	17217
RAIL	13	27	9	53
CORRELATION	31	14	791	1209
FOLD	63	82	82	9966	9966	0	17408
RAIL	13	27	9	54
CORRELATION	32	15	791	1209
FOLD	64	83	83	10086	10086	0	17413
RAIL	13	28	9	54
CORRELATION	32	15	791	1209
FOLD	65	84	84	10209	10209	0	18434
RAIL	10	30	9	55
CORRELATION	33	18	791	1209
FOLD	66	85	85	10329	10329	0	18607
RAIL	10	31	9	56
CORRELATION	34	18	791	1209
FOLD	67	86	86	10452	10452	0	18845
RAIL	12	28	9	57
CORRELATION	35	18	791	1209
FOLD	68	87	87	10572	10572	0	19448
RAIL	12	29	9	58
CORRELATION	36	21	791	1209
FOLD	69	88	88	10695	10695	0	19672
RAIL	11	29	9	59
CORRELATION	37	21	791	1209
FOLD	70	89	89	10815	10815	0	20409
RAIL	11	30	9	60
CORRELATION	38	24	791	1209
FOLD	71	90	90	10938	10938	0	20662
RAIL	20	20	9	61
CORRELATION	41	25	791	1209
FOLD	72	91	91	11058	11058	0	21407
RAIL	20	21	9	62
CORRELATION	42	28	791	1209
FOLD	73	92	92	11181	11181	0	21908
RAIL	19	21	9	63
CORRELATION	45	30	791	1209
FOLD	74	93	93	11301	11301	0	22072
RAIL	19	22	9	64
CORRELATION	46	30	791	1209
FOLD	75	94	94	11424	11424	0	22321
RAIL	18	22	9	65
CORRELATION	49	32	791	1209
FOLD	76	95	95	11544	11544	0	22502
RAIL	18	23	9	66
CORRELATION	50	32	791	1209
FOLD	77	96	96	11667	11667	0	22695
RAIL	5	35	9	67
CORRELATION	51	32	791	1209
FOLD	89	96	96	11667	11667	0	27712
RAIL	8	32	15	74
CORRELATION	64	49	791	1209
FOLD	90	97	97	11787	11787	0	27729
RAIL	8	33	15	74
CORRELATION	64	49	791	1209
FOLD	91	98	98	11910	11910	0	28034
RAIL	14	26	15	75
CORRELATION	65	49	791	1209
FOLD	92	99	99	12030	12030	0	29097
RAIL	14	27	15	76
CORRELATION	66	51	791	1209
FOLD	93	100	100	12153	12153	0	29494
RAIL	9	31	15	77
CORRELATION	67	53	791	1209
FOLD	94	101	101	12273	12273	0	30444
RAIL	9	32	15	78
CORRELATION	68	55	791	1209
FOLD	95	102	102	12396	12396	0	30703
RAIL	13	27	15	79
CORRELATION	69	55	791	1209
FOLD	96	103	103	12516	12516	0	30965
RAIL	13	28	15	80
CORRELATION	70	55	791	1209
FOLD	97	104	104	12639	12639	0	31253
RAIL	10	30	15	81
CORRELATION	71	55	791	1209
FOLD	98	105	105	12759	12759	0	31499
RAIL	10	31	15	82
CORRELATION	72	55	791	1209
FOLD	99	106	106	12882	12882	0	31803
RAIL	12	28	15	83
CORRELATION	73	55	791	1209
FOLD	100	107	107	13002	13002	0	32203
RAIL	12	29	15	84
CORRELATION	74	55	791	1209
FOLD	101	108	108	13125	13125	0	32520
RAIL	11	29	15	85
CORRELATION	75	56	791	1209
FOLD	102	109	109	13245	13245	0	33632
RAIL	11	30	15	86
CORRELATION	76	58	791	1209
FOLD	103	110	110	13368	13368	0	34312
RAIL	20	20	15	87
CORRELATION	79	60	791	1209
FOLD	104	111	111	13488	13488	0	34553
RAIL	20	21	15	88
CORRELATION	80	60	791	1209
FOLD	105	112	112	13611	13611	0	35255
RAIL	19	21	15	89
CORRELATION	83	63	791	1209
FOLD	106	113	113	13731	13731	0	35745
RAIL	19	22	15	90
CORRELATION	84	65	791	1209
FOLD	107	114	114	13854	13854	0	36289
RAIL	18	22	15	91
CORRELATION	87	67	791	1209
FOLD	108	115	115	13974	13974	0	36770
RAIL	18	23	15	92
CORRELATION	88	69	791	1209
FOLD	109	116	116	14097	14097	0	37752
RAIL	17	23	15	93
CORRELATION	91	71	791	1209
FOLD	110	117	117	14217	14217	0	38600
RAIL	17	24	15	94
CORRELATION	92	73	791	1209
FOLD	111	118	118	14340	14340	0	38952
RAIL	6	35	15	95
CORRELATION	94	73	791	1209
FOLD	114	119	119	14460	14460	0	40855
RAIL	7	33	16	97
CORRELATION	97	77	791	1209
FOLD	123	120	120	14580	14580	0	42872
RAIL	9	32	20	102
CORRELATION	106	84	791	1209
FOLD	124	121	121	14703	14703	0	43128
RAIL	13	27	20	103
CORRELATION	107	84	791	1209
FOLD	125	122	122	14823	14823	0	43440
RAIL	13	28	20	104
CORRELATION	108	85	791	1209
FOLD	126	123	123	14946	14946	0	43683
RAIL	10	30	20	105
CORRELATION	109	85	791	1209
FOLD	127	124	124	15066	15066	0	44101
RAIL	10	31	20	106
CORRELATION	110	87	791	1209
FOLD	128	125	125	15189	15189	0	44470
RAIL	12	28	20	107
CORRELATION	111	89	791	1209
FOLD	129	126	126	15309	15309	0	44769
RAIL	12	29	20	108
CORRELATION	112	89	791	1209
FOLD	130	127	127	15432	15432	0	45211
RAIL	11	29	20	109
CORRELATION	113	89	791	1209
FOLD	131	128	128	15552	15552	0	45738
RAIL	11	30	20	110
CORRELATION	114	92	791	1209
FOLD	132	129	129	15675	15675	0	46419
RAIL	20	20	20	111
CORRELATION	117	96	791	1209
FOLD	133	130	130	15795	15795	0	46655
RAIL	20	21	20	112
CORRELATION	118	96	791	1209
FOLD	134	131	131	15918	15918	0	47602
RAIL	19	21	20	113
CORRELATION	121	99	791	1209
FOLD	135	132	132	16038	16038	0	47899
RAIL	19	22	20	114
CORRELATION	122	99	791	1209
FOLD	136	133	133	16161	16161	0	50052
RAIL	18	22	20	115
CORRELATION	125	103	791	1209
FOLD	137	134	134	16281	16281	0	50724
RAIL	18	23	20	116
CORRELATION	126	105	791	1209
FOLD	137	134	134	16281	16281	0	51549
RAIL	18	23	20	117
CORRELATION	128	108	791	1209
FOLD	138	135	135	16404	16404	0	51567
RAIL	17	23	20	117
CORRELATION	129	108	791	1209
FOLD	139	136	136	16524	16524	0	51790
RAIL	17	24	20	118
CORRELATION	130	108	791	1209
FOLD	140	137	137	16647	16647	0	52070
RAIL	6	35	20	119
CORRELATION	132	108	791	1209
FOLD	143	138	138	16767	16767	0	52665
RAIL	7	33	21	121
CORRELATION	135	108	791	1209
FOLD	144	139	139	16887	16887	0	53334
RAIL	7	34	21	122
CORRELATION	136	110	791	1209
FOLD	145	140	140	17010	17010	0	53549
RAIL	15	25	21	123
CORRELATION	137	110	791	1209
FOLD	146	141	141	17130	17130	0	54081
RAIL	15	26	21	124
CORRELATION	138	112	791	1209
FOLD	147	142	142	17253	17253	0	54652
RAIL	8	32	21	125
CORRELATION	139	114	791	1209
FOLD	156	143	143	17373	17373	0	57669
RAIL	10	31	25	130
CORRELATION	148	123	791	1209
FOLD	157	144	144	17496	17496	0	57943
RAIL	12	28	25	131
CORRELATION	149	123	791	1209
FOLD	158	145	145	17616	17616	0	58304
RAIL	12	29	25	132
CORRELATION	150	124	791	1209
FOLD	159	146	146	17739	17739	0	58727
RAIL	11	29	25	133
CORRELATION	151	126	791	1209
FOLD	160	147	147	17859	17859	0	59000
RAIL	11	30	25	134
CORRELATION	152	126	791	1209
FOLD	161	148	148	17982	17982	0	59451
RAIL	20	20	25	135
CORRELATION	155	129	791	1209
FOLD	162	149	149	18102	18102	0	59655
RAIL	20	21	25	136
CORRELATION	156	129	791	1209
FOLD	163	150	150	18225	18225	0	60624
RAIL	19	21	25	137
CORRELATION	159	131	791	1209
FOLD	164	151	151	18345	18345	0	60924
RAIL	19	22	25	138
CORRELATION	160	132	791	1209
FOLD	165	152	152	18468	18468	0	61475
RAIL	18	22	25	139
CORRELATION	163	137	791	1209
FOLD	166	153	153	18588	18588	0	61672
RAIL	18	23	25	140
CORRELATION	164	137	791	1209
FOLD	167	154	154	18711	18711	0	62126
RAIL	17	23	25	141
CORRELATION	167	138	791	1209
FOLD	168	155	155	18831	18831	0	62390
RAIL	17	24	25	142
CORRELATION	168	140	791	1209
FOLD	169	156	156	18954	18954	0	62794
RAIL	16	24	25	143
CORRELATION	171	141	791	1209
FOLD	170	157	157	19074	19074	0	63052
RAIL	16	25	25	144
CORRELATION	172	144	791	1209
FOLD	171	158	158	19197	19197	0	63210
RAIL	7	33	25	145
CORRELATION	173	144	791	1209
FOLD	176	159	159	19317	19317	0	64158
RAIL	8	33	27	148
CORRELATION	178	147	791	1209
FOLD	177	160	160	19440	19440	0	64763
RAIL	14	26	27	149
CORRELATION	179	150	791	1209
FOLD	178	161	161	19560	19560	0	64962
RAIL	14	27	27	150
CORRELATION	180	150	791	1209
FOLD	179	162	162	19683	19683	0	65718
RAIL	9	31	27	151
CORRELATION	181	151	791	1209
FOLD	188	163	163	19803	19803	0	68287
RAIL	11	30	31	156
CORRELATION	190	160	791	1209
FOLD	189	164	164	19926	19926	0	69300
RAIL	20	20	31	157
CORRELATION	193	164	791	1209
FOLD	190	165	165	20046	20046	0	69488
RAIL	20	21	31	158
CORRELATION	194	164	791	1209
FOLD	191	166	166	20169	20169	0	69690
RAIL	19	21	31	159
CORRELATION	197	164	791	1209
FOLD	192	167	167	20289	20289	0	69897
RAIL	19	22	31	160
CORRELATION	198	164	791	1209
FOLD	193	168	168	20412	20412	0	70710
RAIL	18	22	31	161
CORRELATION	201	169	791	1209
FOLD	194	169	169	20532	20532	0	71024
RAIL	18	23	31	162
CORRELATION	202	169	791	1209
FOLD	195	170	170	20655	20655	0	71685
RAIL	17	23	31	163
CORRELATION	205	172	791	1209
FOLD	196	171	171	20775	20775	0	72236
RAIL	17	24	31	164
CORRELATION	206	175	791	1209
FOLD	197	172	172	20898	20898	0	72854
RAIL	16	24	31	165
CORRELATION	209	178	791	1209
FOLD	198	173	173	21018	21018	0	73160
RAIL	16	25	31	166
CORRELATION	210	178	791	1209
FOLD	199	174	174	21141	21141	0	73607
RAIL	7	33	31	167
CORRELATION	211	180	791	1209
FOLD	208	175	175	21261	21261	0	77027
RAIL	9	32	35	172
CORRELATION	220	191	791	1209
FOLD	209	176	176	21384	21384	0	77210
RAIL	13	27	35	173
CORRELATION	221	191	791	1209
FOLD	210	177	177	21504	21504	0	78059
RAIL	13	28	35	174
CORRELATION	222	193	791	1209
FOLD	211	178	178	21627	21627	0	78825
RAIL	10	30	35	175
CORRELATION	223	195	791	1209
FOLD	220	179	179	21747	21747	0	80516
RAIL	19	22	39	180
CORRELATION	236	201	791	1209
FOLD	221	180	180	21870	21870	0	80752
RAIL	18	22	39	181
CORRELATION	239	201	791	1209
FOLD	222	181	181	21990	21990	0	80978
RAIL	18	23	39	182
CORRELATION	240	202	791	1209
FOLD	223	182	182	22113	22113	0	81543
RAIL	17	23	39	183
CORRELATION	243	206	791	1209
FOLD	224	183	183	22233	22233	0	81718
RAIL	17	24	39	184
CORRELATION	244	206	791	1209
FOLD	225	184	184	22356	22356	0	82068
RAIL	16	24	39	185
CORRELATION	247	208	791	1209
FOLD	226	185	185	22476	22476	0	82247
RAIL	16	25	39	186
CORRELATION	248	208	791	1209
FOLD	227	186	186	22599	22599	0	82550
RAIL	15	25	39	187
CORRELATION	251	209	791	1209
FOLD	228	187	187	22719	22719	0	82720
RAIL	15	26	39	188
CORRELATION	252	209	791	1209
FOLD	229	188	188	22842	22842	0	82908
RAIL	8	32	39	189
CORRELATION	253	209	791	1209
FOLD	231	186	188	22599	22842	0	83460
RAIL	14	26	41	190
CORRELATION	256	213	791	1209
FOLD	238	189	189	22962	22962	0	84867
RAIL	10	31	43	194
CORRELATION	262	217	791	1209
FOLD	239	190	190	23085	23085	0	85097
RAIL	12	28	43	195
CORRELATION	263	219	791	1209
FOLD	248	191	191	23205	23205	0	86799
RAIL	18	23	47	200
CORRELATION	278	229	791	1209
FOLD	249	192	192	23328	23328	0	87022
RAIL	17	23	47	201
CORRELATION	281	230	791	1209
FOLD	250	193	193	23448	23448	0	87178
RAIL	17	24	47	202
CORRELATION	282	230	791	1209
FOLD	251	194	194	23571	23571	0	87393
RAIL	16	24	47	203
CORRELATION	285	230	791	1209
FOLD	252	195	195	23691	23691	0	87565
RAIL	16	25	47	204
CORRELATION	286	230	791	1209
FOLD	253	196	196	23814	23814	0	87789
RAIL	15	25	47	205
CORRELATION	289	230	791	1209
FOLD	254	197	197	23934	23934	0	88029
RAIL	15	26	47	206
CORRELATION	290	230	791	1209
FOLD	255	198	198	24057	24057	0	88232
RAIL	8	32	47	207
CORRELATION	291	230	791	1209
FOLD	256	199	199	24177	24177	0	88382
RAIL	8	33	47	208
CORRELATION	292	230	791	1209
FOLD	257	200	200	24300	24300	0	88530
RAIL	14	26	47	209
CORRELATION	293	230	791	1209
FOLD	258	201	201	24420	24420	0	88914
RAIL	14	27	47	210
CORRELATION	294	234	791	1209
FOLD	259	202	202	24543	24543	0	89085
RAIL	9	31	47	211
CORRELATION	295	234	791	1209
FOLD	276	203	203	24663	24663	0	92485
RAIL	17	24	55	220
CORRELATION	320	252	791	1209
FOLD	277	204	204	24786	24786	0	92828
RAIL	16	24	55	221
CORRELATION	323	255	791	1209
FOLD	278	205	205	24906	24906	0	93050
RAIL	16	25	55	222
CORRELATION	324	255	791	1209
FOLD	279	206	206	25029	25029	0	93433
RAIL	15	25	55	223
CORRELATION	327	258	791	1209
FOLD	280	207	207	25149	25149	0	93660
RAIL	15	26	55	224
CORRELATION	328	258	791	1209
FOLD	281	208	208	25272	25272	0	93908
RAIL	8	32	55	225
CORRELATION	329	258	791	1209
FOLD	282	209	209	25392	25392	0	94137
RAIL	8	33	55	226
CORRELATION	330	260	791	1209
FOLD	283	210	210	25515	25515	0	94379
RAIL	14	26	55	227
CORRELATION	331	262	791	1209
FOLD	300	211	211	25635	25635	0	97616
RAIL	18	23	63	236
CORRELATION	354	273	791	1209
FOLD	301	212	212	25758	25758	0	97942
RAIL	17	23	63	237
CORRELATION	357	273	791	1209
FOLD	302	213	213	25878	25878	0	98213
RAIL	17	24	63	238
CORRELATION	358	273	791	1209
FOLD	303	214	214	26001	26001	0	98562
RAIL	16	24	63	239
CORRELATION	361	273	791	1209
FOLD	304	215	215	26121	26121	0	99119
RAIL	16	25	63	240
CORRELATION	362	276	791	1209
FOLD	305	216	216	26244	26244	0	99427
RAIL	15	25	63	241
CORRELATION	365	276	791	1209
FOLD	326	217	217	26364	26364	0	103751
RAIL	18	23	73	252
CORRELATION	392	286	791	1209
FOLD	327	218	218	26487	26487	0	104104
RAIL	17	23	73	253
CORRELATION	395	286	791	1209
FOLD	328	219	219	26607	26607	0	104347
RAIL	17	24	73	254
CORRELATION	396	286	791	1209
FOLD	329	220	220	26730	26730	0	104662
RAIL	16	24	73	255
CORRELATION	399	287	791	1209
FOLD	406	209	220	25398	26730	0	120811
RAIL	17	24	117	289
CORRELATION	512	355	791	1209
FOLD	512	191	220	23211	26730	0	163517
RAIL	9	32	179	332
CORRELATION	676	521	791	1209
FOLD	733	184	220	22356	26730	0	266357
RAIL	12	28	293	440
CORRELATION	1024	853	791	1209
FOLD	1024	181	220	21984	26730	0	409408
RAIL	12	29	440	583
CORRELATION	1518	1316	791	1209
FOLD	1329	160	220	19449	26730	0	579508
RAIL	10	30	603	726
CORRELATION	2048	1829	791	1209
FOLD	2048	149	220	18117	26730	0	994046
RAIL	19	22	968	1079
CORRELATION	3390	3086	791	1209
FOLD	2418	147	220	17874	26730	0	1265299
RAIL	14	27	1154	1264
CORRELATION	4096	3765	791	1209
FOLD	4096	137	220	16665	26730	0	2597505
RAIL	14	27	1998	2097
CORRELATION	7590	7140	791	1209
FOLD	4380	131	220	15927	26730	0	2821083
RAIL	16	25	2144	2236
CORRELATION	8192	7739	791	1209
FOLD	7876	109	220	13254	26730	0	6608365
RAIL	20	21	3903	3973
CORRELATION	16384	15571	791	1209
FOLD	8192	101	220	12270	26730	0	6910694
RAIL	18	22	4064	4127
CORRELATION	17149	16291	791	1209
FOLD	14005	96	220	11670	26730	0	15645812
RAIL	18	22	6973	7032
CORRELATION	32768	31122	791	1209
FOLD	16384	99	220	12045	26730	0	20312541
RAIL	15	26	8161	8222
CORRELATION	39696	37744	791	1209
FOLD	17151	100	220	12153	26730	0	22085081
RAIL	15	25	8545	8606
CORRELATION	42127	40096	791	1209
FRAME	20	19	1	3	22108987
RESULT	closed	933551	940067	22109006	779	1	1	197	505
