INPUT	152857672754471	48	22	244
FRAME	1	0	1	1	43
FOLD	0	0	0	0	0	0	78
RAIL	0	0	0	0
CORRELATION	0	0	0	0
SQUARE	1	90
FOLD	0	0	0	0	0	0	84
RAIL	0	0	0	0
CORRELATION	0	0	0	0
SQUARE	2	91
FOLD	0	0	0	0	0	0	106
RAIL	0	0	0	0
CORRELATION	0	0	0	0
SQUARE	4	94
FOLD	0	0	0	0	0	0	143
RAIL	0	0	0	0
CORRELATION	0	0	0	0
SQUARE	8	97
FOLD	0	0	0	0	0	0	208
RAIL	0	0	0	0
CORRELATION	0	0	0	0
SQUARE	16	99
FOLD	0	0	0	0	0	0	461
RAIL	0	0	0	0
CORRELATION	0	0	0	0
SQUARE	32	102
FOLD	1	1	1	144	144	0	795
RAIL	2	46	0	0
CORRELATION	0	0	0	0
SQUARE	48	104
FOLD	1	1	1	144	144	0	850
RAIL	2	46	1	0
CORRELATION	0	0	0	0
SQUARE	64	104
FOLD	2	1	1	147	147	0	933
RAIL	2	47	1	0
CORRELATION	0	0	0	0
SQUARE	96	107
FOLD	2	1	1	147	147	0	1019
RAIL	2	47	2	0
CORRELATION	0	0	0	0
SQUARE	128	107
FOLD	3	1	1	144	147	0	1864
RAIL	24	24	2	1
CORRELATION	1	0	1040	1547
SQUARE	144	107
FOLD	4	2	2	288	288	0	1874
RAIL	24	24	2	1
CORRELATION	1	0	1040	1547
SQUARE	144	107
FOLD	5	4	4	579	579	0	2483
RAIL	24	25	2	2
CORRELATION	1	0	1040	1547
SQUARE	192	109
FOLD	5	4	4	579	579	0	2718
RAIL	24	25	2	3
CORRELATION	2	0	1040	1547
SQUARE	192	109
FOLD	6	5	5	726	726	0	2724
RAIL	24	25	2	3
CORRELATION	2	0	1040	1547
SQUARE	192	109
FOLD	7	7	7	1017	1017	0	3027
RAIL	3	45	2	4
CORRELATION	2	0	1040	1547
SQUARE	240	109
FOLD	8	8	8	1161	1161	0	3417
RAIL	3	45	2	5
CORRELATION	3	0	1040	1547
SQUARE	240	109
FOLD	8	8	8	1161	1161	0	3466
RAIL	3	45	3	5
CORRELATION	3	0	1040	1547
SQUARE	256	109
FOLD	9	8	8	1164	1164	0	3558
RAIL	3	46	4	5
CORRELATION	4	0	1040	1547
SQUARE	288	109
FOLD	11	9	9	1305	1305	0	3978
RAIL	23	25	4	6
CORRELATION	5	0	1040	1547
SQUARE	336	109
FOLD	12	11	11	1596	1596	0	5691
RAIL	23	26	4	7
CORRELATION	5	0	1040	1547
SQUARE	384	112
FOLD	13	12	12	1743	1743	0	5931
RAIL	23	26	4	8
CORRELATION	6	0	1040	1547
SQUARE	384	112
FOLD	14	14	14	2034	2034	0	6313
RAIL	4	44	4	9
CORRELATION	6	0	1040	1547
SQUARE	432	112
FOLD	15	15	15	2178	2178	0	6563
RAIL	4	44	4	10
CORRELATION	7	0	1040	1547
SQUARE	432	112
FOLD	16	15	15	2181	2181	0	6718
RAIL	4	45	5	10
CORRELATION	7	0	1040	1547
SQUARE	480	112
FOLD	16	15	15	2181	2181	0	6768
RAIL	4	45	6	10
CORRELATION	8	0	1040	1547
SQUARE	480	112
FOLD	16	15	15	2181	2181	0	6852
RAIL	4	45	6	10
CORRELATION	8	0	1040	1547
SQUARE	512	112
FOLD	18	16	16	2322	2322	0	7091
RAIL	22	26	6	11
CORRELATION	9	0	1040	1547
SQUARE	528	112
FOLD	19	18	18	2613	2613	0	7411
RAIL	22	27	6	12
CORRELATION	9	0	1040	1547
SQUARE	576	112
FOLD	20	19	19	2760	2760	0	7674
RAIL	22	27	6	13
CORRELATION	10	0	1040	1547
SQUARE	576	112
FOLD	21	21	21	3051	3051	0	8018
RAIL	5	43	6	14
CORRELATION	10	0	1040	1547
SQUARE	624	112
FOLD	22	22	22	3195	3195	0	8304
RAIL	5	43	6	15
CORRELATION	11	0	1040	1547
SQUARE	624	112
FOLD	23	24	24	3486	3486	0	9335
RAIL	5	44	6	16
CORRELATION	11	0	1040	1547
SQUARE	672	112
FOLD	25	25	25	3627	3627	0	9827
RAIL	21	27	7	17
CORRELATION	13	1	1040	1547
SQUARE	720	114
FOLD	26	27	27	3918	3918	0	10247
RAIL	21	28	7	18
CORRELATION	13	1	1040	1547
SQUARE	768	114
FOLD	27	28	28	4065	4065	0	10526
RAIL	21	28	7	19
CORRELATION	14	1	1040	1547
SQUARE	768	114
FOLD	28	30	30	4356	4356	0	10911
RAIL	6	42	7	20
CORRELATION	14	1	1040	1547
SQUARE	816	114
FOLD	29	31	31	4500	4500	0	11157
RAIL	6	42	7	21
CORRELATION	15	1	1040	1547
SQUARE	816	114
FOLD	30	33	33	4791	4791	0	11518
RAIL	6	43	7	22
CORRELATION	15	1	1040	1547
SQUARE	864	114
FOLD	30	33	33	4791	4791	0	11607
RAIL	6	43	8	22
CORRELATION	16	1	1040	1547
SQUARE	864	114
FOLD	32	34	34	4932	4932	0	12295
RAIL	20	28	8	23
CORRELATION	17	1	1040	1547
SQUARE	912	114
FOLD	33	36	36	5223	5223	0	12997
RAIL	20	29	8	24
CORRELATION	17	1	1040	1547
SQUARE	960	114
FOLD	34	37	37	5370	5370	0	13784
RAIL	20	29	8	25
CORRELATION	18	1	1040	1547
SQUARE	960	114
FOLD	35	39	39	5661	5661	0	14789
RAIL	7	41	8	26
CORRELATION	18	1	1040	1547
SQUARE	1008	114
FOLD	36	40	40	5805	5805	0	15350
RAIL	7	41	8	27
CORRELATION	19	1	1040	1547
SQUARE	1008	114
FOLD	36	40	40	5805	5805	0	15587
RAIL	7	41	8	28
CORRELATION	19	1	1040	1547
SQUARE	1024	114
FOLD	37	42	42	6096	6096	0	15674
RAIL	7	42	8	28
CORRELATION	19	1	1040	1547
SQUARE	1056	114
FOLD	38	43	43	6243	6243	0	15941
RAIL	7	42	8	29
CORRELATION	20	1	1040	1547
SQUARE	1056	114
FOLD	40	44	44	6384	6384	0	16391
RAIL	19	29	9	30
CORRELATION	21	1	1040	1547
SQUARE	1104	114
FOLD	41	46	46	6675	6675	0	16723
RAIL	19	30	9	31
CORRELATION	21	1	1040	1547
SQUARE	1152	114
FOLD	42	47	47	6822	6822	0	17025
RAIL	19	30	9	32
CORRELATION	22	1	1040	1547
SQUARE	1152	114
FOLD	43	49	49	7113	7113	0	17350
RAIL	8	40	9	33
CORRELATION	22	1	1040	1547
SQUARE	1200	114
FOLD	44	50	50	7257	7257	0	17777
RAIL	8	40	9	34
CORRELATION	23	1	1040	1547
SQUARE	1200	114
FOLD	45	52	52	7548	7548	0	18116
RAIL	8	41	9	35
CORRELATION	23	1	1040	1547
SQUARE	1248	114
FOLD	46	53	53	7695	7695	0	18417
RAIL	8	41	9	36
CORRELATION	24	1	1040	1547
SQUARE	1248	114
FOLD	48	54	54	7836	7836	0	18904
RAIL	18	30	10	37
CORRELATION	25	1	1040	1547
SQUARE	1296	114
FOLD	49	56	56	8127	8127	0	19231
RAIL	18	31	10	38
CORRELATION	25	1	1040	1547
SQUARE	1344	114
FOLD	50	57	57	8274	8274	0	19930
RAIL	18	31	10	39
CORRELATION	26	3	1040	1547
SQUARE	1344	114
FOLD	51	59	59	8565	8565	0	20333
RAIL	9	39	10	40
CORRELATION	26	3	1040	1547
SQUARE	1392	117
FOLD	52	60	60	8709	8709	0	20784
RAIL	9	39	10	41
CORRELATION	27	5	1040	1547
SQUARE	1392	117
FOLD	53	62	62	9000	9000	0	21684
RAIL	9	40	10	42
CORRELATION	27	5	1040	1547
SQUARE	1440	117
FOLD	54	63	63	9147	9147	0	21873
RAIL	9	40	10	43
CORRELATION	28	5	1040	1547
SQUARE	1440	117
FOLD	56	64	64	9288	9288	0	23867
RAIL	17	31	11	44
CORRELATION	29	5	1040	1547
SQUARE	1488	117
FOLD	57	66	66	9579	9579	0	24168
RAIL	17	32	11	45
CORRELATION	29	5	1040	1547
SQUARE	1536	117
FOLD	58	67	67	9726	9726	0	24338
RAIL	17	32	11	46
CORRELATION	30	5	1040	1547
SQUARE	1536	117
FOLD	59	69	69	10017	10017	0	24622
RAIL	10	38	11	47
CORRELATION	30	5	1040	1547
SQUARE	1584	117
FOLD	60	70	70	10161	10161	0	24987
RAIL	10	38	11	48
CORRELATION	31	7	1040	1547
SQUARE	1584	117
FOLD	61	72	72	10452	10452	0	25309
RAIL	10	39	11	49
CORRELATION	31	7	1040	1547
SQUARE	1632	117
FOLD	61	72	72	10452	10452	0	25794
RAIL	10	39	11	50
CORRELATION	32	9	1040	1547
SQUARE	1632	117
FOLD	62	73	73	10599	10599	0	25803
RAIL	10	39	11	50
CORRELATION	32	9	1040	1547
SQUARE	1632	117
FOLD	63	75	75	10890	10890	0	26154
RAIL	16	32	11	51
CORRELATION	32	9	1040	1547
SQUARE	1680	117
FOLD	64	76	76	11034	11034	0	26725
RAIL	16	32	11	52
CORRELATION	33	11	1040	1547
SQUARE	1680	117
FOLD	65	78	78	11325	11325	0	27072
RAIL	16	33	11	53
CORRELATION	33	11	1040	1547
SQUARE	1728	117
FOLD	66	79	79	11472	11472	0	27278
RAIL	16	33	11	54
CORRELATION	34	11	1040	1547
SQUARE	1728	117
FOLD	67	81	81	11763	11763	0	27630
RAIL	11	37	11	55
CORRELATION	34	11	1040	1547
SQUARE	1776	117
FOLD	68	82	82	11907	11907	0	28210
RAIL	11	37	11	56
CORRELATION	35	13	1040	1547
SQUARE	1776	117
FOLD	69	84	84	12198	12198	0	29431
RAIL	11	38	11	57
CORRELATION	35	13	1040	1547
SQUARE	1824	117
FOLD	70	85	85	12345	12345	0	30370
RAIL	11	38	11	58
CORRELATION	36	15	1040	1547
SQUARE	1824	117
FOLD	71	87	87	12636	12636	0	30690
RAIL	15	33	11	59
CORRELATION	36	15	1040	1547
SQUARE	1872	117
FOLD	72	88	88	12780	12780	0	30893
RAIL	15	33	11	60
CORRELATION	37	15	1040	1547
SQUARE	1872	117
FOLD	73	90	90	13071	13071	0	31203
RAIL	15	34	11	61
CORRELATION	37	15	1040	1547
SQUARE	1920	117
FOLD	74	91	91	13218	13218	0	31425
RAIL	15	34	11	62
CORRELATION	38	15	1040	1547
SQUARE	1920	117
FOLD	75	93	93	13509	13509	0	31735
RAIL	12	36	11	63
CORRELATION	38	15	1040	1547
SQUARE	1968	117
FOLD	76	94	94	13653	13653	0	32314
RAIL	12	36	11	64
CORRELATION	39	17	1040	1547
SQUARE	1968	117
FOLD	77	96	96	13944	13944	0	32610
RAIL	12	37	11	65
CORRELATION	39	17	1040	1547
SQUARE	2016	117
FOLD	78	97	97	14091	14091	0	33173
RAIL	12	37	11	66
CORRELATION	40	19	1040	1547
SQUARE	2016	117
FOLD	78	97	97	14091	14091	0	33443
RAIL	12	37	11	67
CORRELATION	40	19	1040	1547
SQUARE	2048	117
FOLD	79	99	99	14382	14382	0	33488
RAIL	14	34	11	67
CORRELATION	40	19	1040	1547
SQUARE	2064	117
FOLD	80	100	100	14526	14526	0	33702
RAIL	14	34	11	68
CORRELATION	41	19	1040	1547
SQUARE	2064	117
FOLD	81	102	102	14817	14817	0	33992
RAIL	14	35	11	69
CORRELATION	41	19	1040	1547
SQUARE	2112	117
FOLD	82	103	103	14964	14964	0	34163
RAIL	14	35	11	70
CORRELATION	42	19	1040	1547
SQUARE	2112	117
FOLD	83	105	105	15255	15255	0	35303
RAIL	13	35	11	71
CORRELATION	42	19	1040	1547
SQUARE	2160	117
FOLD	84	106	106	15399	15399	0	35970
RAIL	13	35	11	72
CORRELATION	43	19	1040	1547
SQUARE	2160	117
FOLD	85	108	108	15690	15690	0	36295
RAIL	13	36	11	73
CORRELATION	43	19	1040	1547
SQUARE	2208	117
FOLD	86	109	109	15837	15837	0	36465
RAIL	13	36	11	74
CORRELATION	44	19	1040	1547
SQUARE	2208	117
FOLD	87	110	110	15984	15984	0	37862
RAIL	24	24	11	75
CORRELATION	47	23	1040	1547
SQUARE	2352	117
FOLD	88	111	111	16128	16128	0	38626
RAIL	24	25	11	76
CORRELATION	48	25	1040	1547
SQUARE	2400	117
FOLD	89	112	112	16275	16275	0	38927
RAIL	3	45	11	77
CORRELATION	49	25	1040	1547
SQUARE	2448	117
FOLD	92	113	113	16422	16422	0	40612
RAIL	4	44	12	79
CORRELATION	53	29	1040	1547
SQUARE	2640	117
FOLD	95	114	114	16569	16569	0	42451
RAIL	5	43	13	81
CORRELATION	57	33	1040	1547
SQUARE	2832	119
FOLD	98	115	115	16716	16716	0	44530
RAIL	6	42	14	83
CORRELATION	61	37	1040	1547
SQUARE	3024	119
FOLD	99	114	115	16572	16716	0	46403
RAIL	20	28	15	84
CORRELATION	64	41	1040	1547
SQUARE	3168	119
FOLD	101	116	116	16863	16863	0	46720
RAIL	7	41	15	85
CORRELATION	65	41	1040	1547
SQUARE	3216	119
FOLD	102	117	117	17007	17007	0	47049
RAIL	7	42	15	86
CORRELATION	66	41	1040	1547
SQUARE	3264	119
FOLD	105	118	118	17151	17151	0	48758
RAIL	8	40	16	88
CORRELATION	69	45	1040	1547
SQUARE	3408	119
FOLD	106	119	119	17295	17295	0	49605
RAIL	8	41	16	89
CORRELATION	70	47	1040	1547
SQUARE	3456	119
FOLD	109	120	120	17439	17439	0	50862
RAIL	9	39	17	91
CORRELATION	73	49	1040	1547
SQUARE	3600	119
FOLD	110	121	121	17583	17583	0	51671
RAIL	9	40	17	92
CORRELATION	74	51	1040	1547
SQUARE	3648	119
FOLD	111	122	122	17730	17730	0	52426
RAIL	17	31	17	93
CORRELATION	75	53	1040	1547
SQUARE	3696	119
FOLD	112	123	123	17874	17874	0	52821
RAIL	17	32	17	94
CORRELATION	76	53	1040	1547
SQUARE	3744	119
FOLD	113	124	124	18021	18021	0	53552
RAIL	10	38	17	95
CORRELATION	77	55	1040	1547
SQUARE	3792	119
FOLD	114	125	125	18165	18165	0	54297
RAIL	10	39	17	96
CORRELATION	78	57	1040	1547
SQUARE	3840	119
FOLD	115	126	126	18312	18312	0	54636
RAIL	16	32	17	97
CORRELATION	79	57	1040	1547
SQUARE	3888	119
FOLD	116	127	127	18456	18456	0	54965
RAIL	16	33	17	98
CORRELATION	80	57	1040	1547
SQUARE	3936	119
FOLD	117	128	128	18603	18603	0	55303
RAIL	11	37	17	99
CORRELATION	81	57	1040	1547
SQUARE	3984	119
FOLD	118	129	129	18747	18747	0	55650
RAIL	11	38	17	100
CORRELATION	82	57	1040	1547
SQUARE	4032	119
FOLD	119	130	130	18894	18894	0	55976
RAIL	15	33	17	101
CORRELATION	83	57	1040	1547
SQUARE	4080	119
FOLD	119	130	130	18894	18894	0	56193
RAIL	15	33	17	102
CORRELATION	83	57	1040	1547
SQUARE	4096	119
FOLD	120	131	131	19038	19038	0	56452
RAIL	15	34	17	102
CORRELATION	84	59	1040	1547
SQUARE	4128	119
FOLD	121	132	132	19185	19185	0	57020
RAIL	12	36	17	103
CORRELATION	85	61	1040	1547
SQUARE	4176	119
FOLD	122	133	133	19329	19329	0	57813
RAIL	12	37	17	104
CORRELATION	86	63	1040	1547
SQUARE	4224	119
FOLD	123	134	134	19476	19476	0	58185
RAIL	14	34	17	105
CORRELATION	87	63	1040	1547
SQUARE	4272	119
FOLD	124	135	135	19620	19620	0	58899
RAIL	14	35	17	106
CORRELATION	88	65	1040	1547
SQUARE	4320	119
FOLD	125	136	136	19767	19767	0	59616
RAIL	13	35	17	107
CORRELATION	89	67	1040	1547
SQUARE	4368	119
FOLD	126	137	137	19911	19911	0	59940
RAIL	13	36	17	108
CORRELATION	90	67	1040	1547
SQUARE	4416	119
FOLD	127	138	138	20058	20058	0	61035
RAIL	24	24	17	109
CORRELATION	93	69	1040	1547
SQUARE	4560	119
FOLD	128	139	139	20202	20202	0	61609
RAIL	24	25	17	110
CORRELATION	94	71	1040	1547
SQUARE	4608	119
FOLD	129	140	140	20349	20349	0	63081
RAIL	23	25	17	111
CORRELATION	97	75	1040	1547
SQUARE	4752	119
FOLD	130	141	141	20493	20493	0	63777
RAIL	23	26	17	112
CORRELATION	98	77	1040	1547
SQUARE	4800	119
FOLD	131	142	142	20640	20640	0	64378
RAIL	22	26	17	113
CORRELATION	101	77	1040	1547
SQUARE	4944	119
FOLD	132	143	143	20784	20784	0	65060
RAIL	22	27	17	114
CORRELATION	102	79	1040	1547
SQUARE	4992	119
FOLD	133	144	144	20931	20931	0	65778
RAIL	5	43	17	115
CORRELATION	103	81	1040	1547
SQUARE	5040	119
FOLD	136	145	145	21078	21078	0	67801
RAIL	6	42	18	117
CORRELATION	107	85	1040	1547
SQUARE	5232	119
FOLD	139	146	146	21225	21225	0	69393
RAIL	7	41	19	119
CORRELATION	111	89	1040	1547
SQUARE	5424	119
FOLD	142	147	147	21372	21372	0	70997
RAIL	8	40	20	121
CORRELATION	115	93	1040	1547
SQUARE	5616	122
FOLD	143	148	148	21516	21516	0	72423
RAIL	18	30	20	122
CORRELATION	117	97	1040	1547
SQUARE	5712	122
FOLD	144	149	149	21660	21660	0	72740
RAIL	18	31	20	123
CORRELATION	118	97	1040	1547
SQUARE	5760	122
FOLD	145	150	150	21807	21807	0	73067
RAIL	9	39	20	124
CORRELATION	119	97	1040	1547
SQUARE	5808	122
FOLD	146	151	151	21951	21951	0	73346
RAIL	9	40	20	125
CORRELATION	120	97	1040	1547
SQUARE	5856	122
FOLD	149	152	152	22095	22095	0	74191
RAIL	10	38	21	127
CORRELATION	123	97	1040	1547
SQUARE	6000	122
FOLD	150	153	153	22239	22239	0	74478
RAIL	10	39	21	128
CORRELATION	124	97	1040	1547
SQUARE	6048	122
FOLD	153	154	154	22383	22383	0	75353
RAIL	11	37	22	130
CORRELATION	127	99	1040	1547
SQUARE	6192	122
FOLD	153	154	154	22383	22383	0	75642
RAIL	11	37	22	131
CORRELATION	128	99	1040	1547
SQUARE	6240	122
FOLD	154	155	155	22527	22527	0	75646
RAIL	11	38	22	131
CORRELATION	128	99	1040	1547
SQUARE	6240	122
FOLD	155	156	156	22674	22674	0	75947
RAIL	15	33	22	132
CORRELATION	129	99	1040	1547
SQUARE	6288	122
FOLD	156	157	157	22818	22818	0	76605
RAIL	15	34	22	133
CORRELATION	130	99	1040	1547
SQUARE	6336	122
FOLD	157	158	158	22965	22965	0	76893
RAIL	12	36	22	134
CORRELATION	131	99	1040	1547
SQUARE	6384	122
FOLD	158	159	159	23109	23109	0	77172
RAIL	12	37	22	135
CORRELATION	132	99	1040	1547
SQUARE	6432	122
FOLD	159	160	160	23256	23256	0	77538
RAIL	14	34	22	136
CORRELATION	133	99	1040	1547
SQUARE	6480	122
FOLD	160	161	161	23400	23400	0	77898
RAIL	14	35	22	137
CORRELATION	134	99	1040	1547
SQUARE	6528	122
FOLD	161	162	162	23547	23547	0	78188
RAIL	13	35	22	138
CORRELATION	135	99	1040	1547
SQUARE	6576	122
FOLD	162	163	163	23691	23691	0	78484
RAIL	13	36	22	139
CORRELATION	136	99	1040	1547
SQUARE	6624	122
FOLD	163	164	164	23838	23838	0	79343
RAIL	24	24	22	140
CORRELATION	139	101	1040	1547
SQUARE	6768	122
FOLD	164	165	165	23982	23982	0	79637
RAIL	24	25	22	141
CORRELATION	140	101	1040	1547
SQUARE	6816	122
FOLD	165	166	166	24129	24129	0	80170
RAIL	23	25	22	142
CORRELATION	143	101	1040	1547
SQUARE	6960	122
FOLD	166	167	167	24273	24273	0	80453
RAIL	23	26	22	143
CORRELATION	144	101	1040	1547
SQUARE	7008	122
FOLD	167	168	168	24420	24420	0	81239
RAIL	22	26	22	144
CORRELATION	147	103	1040	1547
SQUARE	7152	122
FOLD	168	169	169	24564	24564	0	81719
RAIL	22	27	22	145
CORRELATION	148	105	1040	1547
SQUARE	7200	122
FOLD	169	170	170	24711	24711	0	82030
RAIL	5	43	22	146
CORRELATION	149	105	1040	1547
SQUARE	7248	122
FOLD	172	171	171	24858	24858	0	82920
RAIL	6	42	23	148
CORRELATION	153	105	1040	1547
SQUARE	7440	122
FOLD	173	172	172	25002	25002	0	83442
RAIL	20	28	23	149
CORRELATION	155	106	1040	1547
SQUARE	7536	122
FOLD	174	173	173	25146	25146	0	83741
RAIL	20	29	23	150
CORRELATION	156	106	1040	1547
SQUARE	7584	122
FOLD	175	174	174	25293	25293	0	84102
RAIL	7	41	23	151
CORRELATION	157	106	1040	1547
SQUARE	7632	122
FOLD	178	175	175	25440	25440	0	86717
RAIL	8	40	24	153
CORRELATION	161	112	1040	1547
SQUARE	7824	122
FOLD	181	176	176	25587	25587	0	88282
RAIL	9	39	25	155
CORRELATION	165	115	1040	1547
SQUARE	8016	122
FOLD	182	177	177	25731	25731	0	88572
RAIL	9	40	25	156
CORRELATION	166	115	1040	1547
SQUARE	8064	122
FOLD	184	177	177	25728	25731	0	89669
RAIL	17	32	26	158
CORRELATION	168	117	1040	1547
SQUARE	8192	122
FOLD	185	178	178	25875	25875	0	89938
RAIL	10	38	26	158
CORRELATION	169	119	1040	1547
SQUARE	8208	122
FOLD	186	179	179	26019	26019	0	90480
RAIL	10	39	26	159
CORRELATION	170	121	1040	1547
SQUARE	8256	122
FOLD	189	180	180	26163	26163	0	92137
RAIL	11	37	27	161
CORRELATION	173	125	1040	1547
SQUARE	8400	122
FOLD	190	181	181	26307	26307	0	92891
RAIL	11	38	27	162
CORRELATION	174	127	1040	1547
SQUARE	8448	122
FOLD	193	182	182	26451	26451	0	93731
RAIL	12	36	28	164
CORRELATION	177	127	1040	1547
SQUARE	8592	122
FOLD	194	183	183	26595	26595	0	94076
RAIL	12	37	28	165
CORRELATION	178	127	1040	1547
SQUARE	8640	122
FOLD	195	184	184	26742	26742	0	94855
RAIL	14	34	28	166
CORRELATION	179	129	1040	1547
SQUARE	8688	122
FOLD	196	185	185	26886	26886	0	95929
RAIL	14	35	28	167
CORRELATION	180	131	1040	1547
SQUARE	8736	122
FOLD	197	186	186	27033	27033	0	96257
RAIL	13	35	28	168
CORRELATION	181	131	1040	1547
SQUARE	8784	122
FOLD	198	187	187	27177	27177	0	97013
RAIL	13	36	28	169
CORRELATION	182	133	1040	1547
SQUARE	8832	122
FOLD	199	188	188	27324	27324	0	98097
RAIL	24	24	28	170
CORRELATION	185	135	1040	1547
SQUARE	8976	122
FOLD	200	189	189	27468	27468	0	98842
RAIL	24	25	28	171
CORRELATION	186	137	1040	1547
SQUARE	9024	122
FOLD	201	190	190	27615	27615	0	100219
RAIL	23	25	28	172
CORRELATION	189	141	1040	1547
SQUARE	9168	122
FOLD	202	191	191	27759	27759	0	100921
RAIL	23	26	28	173
CORRELATION	190	143	1040	1547
SQUARE	9216	122
FOLD	203	192	192	27906	27906	0	101721
RAIL	22	26	28	174
CORRELATION	193	143	1040	1547
SQUARE	9360	122
FOLD	204	193	193	28050	28050	0	102414
RAIL	22	27	28	175
CORRELATION	194	145	1040	1547
SQUARE	9408	122
FOLD	205	194	194	28197	28197	0	103878
RAIL	21	27	28	176
CORRELATION	197	149	1040	1547
SQUARE	9552	122
FOLD	206	195	195	28341	28341	0	104601
RAIL	21	28	28	177
CORRELATION	198	151	1040	1547
SQUARE	9600	122
FOLD	207	196	196	28488	28488	0	104963
RAIL	6	42	28	178
CORRELATION	199	151	1040	1547
SQUARE	9648	122
FOLD	210	197	197	28635	28635	0	106695
RAIL	7	41	29	180
CORRELATION	203	155	1040	1547
SQUARE	9840	122
FOLD	211	198	198	28779	28779	0	107780
RAIL	19	29	29	181
CORRELATION	205	159	1040	1547
SQUARE	9936	122
FOLD	212	199	199	28923	28923	0	108146
RAIL	19	30	29	182
CORRELATION	206	159	1040	1547
SQUARE	9984	122
FOLD	213	200	200	29070	29070	0	108460
RAIL	8	40	29	183
CORRELATION	207	159	1040	1547
SQUARE	10032	122
FOLD	216	201	201	29217	29217	0	109514
RAIL	9	39	30	185
CORRELATION	211	159	1040	1547
SQUARE	10224	122
FOLD	219	202	202	29364	29364	0	110980
RAIL	10	38	31	187
CORRELATION	215	163	1040	1547
SQUARE	10416	122
FOLD	220	203	203	29508	29508	0	111299
RAIL	10	39	31	188
CORRELATION	216	163	1040	1547
SQUARE	10464	122
FOLD	223	204	204	29652	29652	0	112468
RAIL	11	37	32	190
CORRELATION	219	167	1040	1547
SQUARE	10608	122
FOLD	224	205	205	29796	29796	0	113072
RAIL	11	38	32	191
CORRELATION	220	169	1040	1547
SQUARE	10656	122
FOLD	227	206	206	29940	29940	0	114775
RAIL	12	36	33	193
CORRELATION	223	173	1040	1547
SQUARE	10800	122
FOLD	228	207	207	30084	30084	0	115095
RAIL	12	37	33	194
CORRELATION	224	173	1040	1547
SQUARE	10848	122
FOLD	231	208	208	30228	30228	0	118374
RAIL	13	35	34	196
CORRELATION	227	177	1040	1547
SQUARE	10992	122
FOLD	232	209	209	30372	30372	0	118787
RAIL	13	36	34	197
CORRELATION	228	177	1040	1547
SQUARE	11040	122
FOLD	233	210	210	30519	30519	0	120437
RAIL	24	24	34	198
CORRELATION	231	181	1040	1547
SQUARE	11184	124
FOLD	234	211	211	30663	30663	0	120749
RAIL	24	25	34	199
CORRELATION	232	181	1040	1547
SQUARE	11232	124
FOLD	235	212	212	30810	30810	0	121803
RAIL	23	25	34	200
CORRELATION	235	183	1040	1547
SQUARE	11376	124
FOLD	236	213	213	30954	30954	0	122518
RAIL	23	26	34	201
CORRELATION	236	185	1040	1547
SQUARE	11424	124
FOLD	237	214	214	31101	31101	0	123982
RAIL	22	26	34	202
CORRELATION	239	188	1040	1547
SQUARE	11568	124
FOLD	238	215	215	31245	31245	0	124832
RAIL	22	27	34	203
CORRELATION	240	190	1040	1547
SQUARE	11616	124
FOLD	239	216	216	31392	31392	0	126121
RAIL	21	27	34	204
CORRELATION	243	192	1040	1547
SQUARE	11760	124
FOLD	240	217	217	31536	31536	0	126952
RAIL	21	28	34	205
CORRELATION	244	194	1040	1547
SQUARE	11808	124
FOLD	241	218	218	31683	31683	0	127342
RAIL	6	42	34	206
CORRELATION	245	194	1040	1547
SQUARE	11856	124
FOLD	244	219	219	31830	31830	0	129087
RAIL	7	41	35	208
CORRELATION	249	198	1040	1547
SQUARE	12048	124
FOLD	247	220	220	31977	31977	0	130953
RAIL	8	40	36	210
CORRELATION	253	202	1040	1547
SQUARE	12240	124
FOLD	248	221	221	32121	32121	0	132231
RAIL	18	30	36	211
CORRELATION	255	206	1040	1547
SQUARE	12336	124
FOLD	248	221	221	32121	32121	0	132528
RAIL	18	30	36	212
CORRELATION	256	206	1040	1547
SQUARE	12384	124
FOLD	249	222	222	32265	32265	0	132533
RAIL	18	31	36	212
CORRELATION	256	206	1040	1547
SQUARE	12384	124
FOLD	250	223	223	32412	32412	0	132846
RAIL	9	39	36	213
CORRELATION	257	206	1040	1547
SQUARE	12432	124
FOLD	253	224	224	32559	32559	0	134961
RAIL	10	38	37	215
CORRELATION	261	212	1040	1547
SQUARE	12624	124
FOLD	256	225	225	32706	32706	0	136217
RAIL	16	33	38	217
CORRELATION	264	214	1040	1547
SQUARE	12768	124
FOLD	257	226	226	32853	32853	0	136539
RAIL	11	37	38	218
CORRELATION	265	214	1040	1547
SQUARE	12816	124
FOLD	258	227	227	32997	32997	0	136829
RAIL	11	38	38	219
CORRELATION	266	214	1040	1547
SQUARE	12864	124
FOLD	259	228	228	33144	33144	0	137155
RAIL	15	33	38	220
CORRELATION	267	214	1040	1547
SQUARE	12912	124
FOLD	260	229	229	33288	33288	0	137963
RAIL	15	34	38	221
CORRELATION	268	216	1040	1547
SQUARE	12960	124
FOLD	261	230	230	33435	33435	0	138670
RAIL	12	36	38	222
CORRELATION	269	218	1040	1547
SQUARE	13008	124
FOLD	262	231	231	33579	33579	0	138961
RAIL	12	37	38	223
CORRELATION	270	218	1040	1547
SQUARE	13056	124
FOLD	265	232	232	33723	33723	0	140743
RAIL	13	35	39	225
CORRELATION	273	222	1040	1547
SQUARE	13200	124
FOLD	266	233	233	33867	33867	0	141054
RAIL	13	36	39	226
CORRELATION	274	222	1040	1547
SQUARE	13248	124
FOLD	269	234	234	34011	34011	0	144268
RAIL	23	25	40	228
CORRELATION	281	230	1040	1547
SQUARE	13584	124
FOLD	270	235	235	34155	34155	0	144656
RAIL	23	26	40	229
CORRELATION	282	230	1040	1547
SQUARE	13632	124
FOLD	271	236	236	34302	34302	0	146319
RAIL	22	26	40	230
CORRELATION	285	234	1040	1547
SQUARE	13776	124
FOLD	272	237	237	34446	34446	0	147060
RAIL	22	27	40	231
CORRELATION	286	236	1040	1547
SQUARE	13824	124
FOLD	273	238	238	34593	34593	0	148208
RAIL	21	27	40	232
CORRELATION	289	238	1040	1547
SQUARE	13968	124
FOLD	274	239	239	34737	34737	0	148515
RAIL	21	28	40	233
CORRELATION	290	238	1040	1547
SQUARE	14016	124
FOLD	275	240	240	34884	34884	0	150096
RAIL	20	28	40	234
CORRELATION	293	242	1040	1547
SQUARE	14160	124
FOLD	276	241	241	35028	35028	0	150828
RAIL	20	29	40	235
CORRELATION	294	244	1040	1547
SQUARE	14208	124
FOLD	277	242	242	35175	35175	0	151644
RAIL	7	41	40	236
CORRELATION	295	246	1040	1547
SQUARE	14256	124
FOLD	280	243	243	35322	35322	0	153009
RAIL	8	40	41	238
CORRELATION	299	248	1040	1547
SQUARE	14448	124
FOLD	283	244	244	35469	35469	0	155249
RAIL	9	39	42	240
CORRELATION	303	254	1040	1547
SQUARE	14640	124
FOLD	284	245	245	35613	35613	0	155663
RAIL	17	31	42	241
CORRELATION	305	254	1040	1547
SQUARE	14736	124
FOLD	285	246	246	35757	35757	0	156127
RAIL	17	32	42	242
CORRELATION	306	255	1040	1547
SQUARE	14784	124
FOLD	286	247	247	35904	35904	0	156915
RAIL	10	38	42	243
CORRELATION	307	257	1040	1547
SQUARE	14832	124
FOLD	295	248	248	36048	36048	0	161163
RAIL	12	37	46	248
CORRELATION	316	265	1040	1547
SQUARE	15264	124
FOLD	296	249	249	36195	36195	0	161936
RAIL	14	34	46	249
CORRELATION	317	267	1040	1547
SQUARE	15312	124
FOLD	297	250	250	36339	36339	0	162237
RAIL	14	35	46	250
CORRELATION	318	267	1040	1547
SQUARE	15360	124
FOLD	302	251	251	36480	36480	0	166164
RAIL	23	25	48	253
CORRELATION	327	277	1040	1547
SQUARE	15792	124
FOLD	303	252	252	36624	36624	0	167058
RAIL	23	26	48	254
CORRELATION	328	279	1040	1547
SQUARE	15840	124
FOLD	304	253	253	36771	36771	0	168042
RAIL	22	26	48	255
CORRELATION	331	281	1040	1547
SQUARE	15984	124
FOLD	305	254	254	36915	36915	0	168865
RAIL	22	27	48	256
CORRELATION	332	283	1040	1547
SQUARE	16032	124
FOLD	306	255	255	37062	37062	0	170368
RAIL	21	27	48	257
CORRELATION	335	287	1040	1547
SQUARE	16176	124
FOLD	307	256	256	37206	37206	0	170741
RAIL	21	28	48	258
CORRELATION	336	287	1040	1547
SQUARE	16224	124
FOLD	308	257	257	37353	37353	0	171664
RAIL	20	28	48	259
CORRELATION	339	289	1040	1547
SQUARE	16368	124
FOLD	308	257	257	37353	37353	0	171906
RAIL	20	28	48	260
CORRELATION	339	289	1040	1547
SQUARE	16384	124
FOLD	309	258	258	37497	37497	0	172495
RAIL	20	29	48	260
CORRELATION	340	291	1040	1547
SQUARE	16416	124
FOLD	310	259	259	37644	37644	0	172808
RAIL	7	41	48	261
CORRELATION	341	291	1040	1547
SQUARE	16464	124
FOLD	311	260	260	37788	37788	0	174164
RAIL	19	29	48	262
CORRELATION	343	295	1040	1547
SQUARE	16560	124
FOLD	312	261	261	37932	37932	0	174539
RAIL	19	30	48	263
CORRELATION	344	295	1040	1547
SQUARE	16608	124
FOLD	313	262	262	38079	38079	0	174940
RAIL	8	40	48	264
CORRELATION	345	295	1040	1547
SQUARE	16656	124
FOLD	316	263	263	38226	38226	0	176968
RAIL	9	39	49	266
CORRELATION	349	300	1040	1547
SQUARE	16848	124
FOLD	319	264	264	38373	38373	0	178859
RAIL	10	38	50	268
CORRELATION	353	304	1040	1547
SQUARE	17040	124
FOLD	320	265	265	38517	38517	0	179152
RAIL	10	39	50	269
CORRELATION	354	304	1040	1547
SQUARE	17088	124
FOLD	323	266	266	38661	38661	0	180740
RAIL	11	37	51	271
CORRELATION	357	308	1040	1547
SQUARE	17232	124
FOLD	336	267	267	38799	38799	0	187717
RAIL	23	26	57	278
CORRELATION	374	322	1040	1547
SQUARE	18048	124
FOLD	337	268	268	38946	38946	0	189139
RAIL	22	26	57	279
CORRELATION	377	326	1040	1547
SQUARE	18192	124
FOLD	338	269	269	39090	39090	0	190037
RAIL	22	27	57	280
CORRELATION	378	328	1040	1547
SQUARE	18240	124
FOLD	339	270	270	39237	39237	0	190639
RAIL	21	27	57	281
CORRELATION	381	328	1040	1547
SQUARE	18384	124
FOLD	340	271	271	39381	39381	0	191439
RAIL	21	28	57	282
CORRELATION	382	330	1040	1547
SQUARE	18432	124
FOLD	341	272	272	39528	39528	0	192856
RAIL	20	28	57	283
CORRELATION	385	334	1040	1547
SQUARE	18576	124
FOLD	342	273	273	39672	39672	0	193695
RAIL	20	29	57	284
CORRELATION	386	336	1040	1547
SQUARE	18624	124
FOLD	343	274	274	39819	39819	0	194021
RAIL	7	41	57	285
CORRELATION	387	336	1040	1547
SQUARE	18672	124
FOLD	344	275	275	39963	39963	0	194829
RAIL	19	29	57	286
CORRELATION	389	338	1040	1547
SQUARE	18768	124
FOLD	345	276	276	40107	40107	0	195563
RAIL	19	30	57	287
CORRELATION	390	340	1040	1547
SQUARE	18816	124
FOLD	346	277	277	40254	40254	0	195887
RAIL	8	40	57	288
CORRELATION	391	340	1040	1547
SQUARE	18864	124
FOLD	347	278	278	40398	40398	0	197304
RAIL	18	30	57	289
CORRELATION	393	344	1040	1547
SQUARE	18960	124
FOLD	348	279	279	40542	40542	0	197696
RAIL	18	31	57	290
CORRELATION	394	344	1040	1547
SQUARE	19008	124
FOLD	349	280	280	40689	40689	0	198015
RAIL	9	39	57	291
CORRELATION	395	344	1040	1547
SQUARE	19056	124
FOLD	352	281	281	40836	40836	0	199903
RAIL	10	38	58	293
CORRELATION	399	348	1040	1547
SQUARE	19248	124
FOLD	357	282	282	40980	40980	0	202639
RAIL	15	33	60	296
CORRELATION	405	354	1040	1547
SQUARE	19536	124
FOLD	358	283	283	41124	41124	0	203366
RAIL	15	34	60	297
CORRELATION	406	356	1040	1547
SQUARE	19584	124
FOLD	369	284	284	41268	41268	0	209991
RAIL	22	26	65	303
CORRELATION	423	371	1040	1547
SQUARE	20400	124
FOLD	370	285	285	41412	41412	0	210389
RAIL	22	27	65	304
CORRELATION	424	373	1040	1547
SQUARE	20448	124
FOLD	371	286	286	41559	41559	0	211641
RAIL	21	27	65	305
CORRELATION	427	378	1040	1547
SQUARE	20592	124
FOLD	372	287	287	41703	41703	0	211990
RAIL	21	28	65	306
CORRELATION	428	378	1040	1547
SQUARE	20640	124
FOLD	373	288	288	41850	41850	0	213548
RAIL	20	28	65	307
CORRELATION	431	382	1040	1547
SQUARE	20784	124
FOLD	374	289	289	41994	41994	0	213909
RAIL	20	29	65	308
CORRELATION	432	382	1040	1547
SQUARE	20832	124
FOLD	375	290	290	42141	42141	0	214228
RAIL	7	41	65	309
CORRELATION	433	382	1040	1547
SQUARE	20880	124
FOLD	378	291	291	42288	42288	0	215978
RAIL	8	40	66	311
CORRELATION	437	386	1040	1547
SQUARE	21072	124
FOLD	379	292	292	42432	42432	0	216712
RAIL	18	30	66	312
CORRELATION	439	388	1040	1547
SQUARE	21168	124
FOLD	380	293	293	42576	42576	0	217324
RAIL	18	31	66	313
CORRELATION	440	390	1040	1547
SQUARE	21216	124
FOLD	381	294	294	42723	42723	0	217689
RAIL	9	39	66	314
CORRELATION	441	390	1040	1547
SQUARE	21264	124
FOLD	382	295	295	42867	42867	0	218110
RAIL	17	31	66	315
CORRELATION	443	390	1040	1547
SQUARE	21360	124
FOLD	383	296	296	43011	43011	0	218765
RAIL	17	32	66	316
CORRELATION	444	392	1040	1547
SQUARE	21408	124
FOLD	401	296	296	43008	43011	0	229892
RAIL	22	26	75	326
CORRELATION	469	417	1040	1547
SQUARE	22651	127
FRAME	24	23	1	3	231454
RESULT	closed	11349509	13468219	231464	1540	1	1	205	537
