INPUT	28976313836636152757892409877128926666901358914798117051451985916080534082786945367333676597946379571694156025891523894637501684886677937697428731492335594927052011188788031212698471531021431167082213699283267757412397358450045252589192069391195807793410464493583654279866886285657463414706242186351916983415473889363202270732058307986945048617532221534127957616949477964213044128216328206065878796191241119740321514662973346208597301856493395454027604719226347091955762754804400063267520791598699696546990133122906877548218280936059441610215651471192288836706046646638489660271632638485623057797814240058053112057917	2048	1005	10244
FRAME	1	0	1	1	45
FOLD	0	0	0	0	0	0	521
RAIL	0	0	0	0
CORRELATION	0	0	0	0
SQUARE	1	2053
FOLD	0	0	0	0	0	0	535
RAIL	0	0	0	0
CORRELATION	0	0	0	0
SQUARE	2	2054
FOLD	0	0	0	0	0	0	756
RAIL	0	0	0	0
CORRELATION	0	0	0	0
SQUARE	4	3595
FOLD	0	0	0	0	0	0	859
RAIL	0	0	0	0
CORRELATION	0	0	0	0
SQUARE	8	3598
FOLD	0	0	0	0	0	0	1056
RAIL	0	0	0	0
CORRELATION	0	0	0	0
SQUARE	16	3599
FOLD	0	0	0	0	0	0	1469
RAIL	0	0	0	0
CORRELATION	0	0	0	0
SQUARE	32	3602
FOLD	0	0	0	0	0	0	2308
RAIL	0	0	0	0
CORRELATION	0	0	0	0
SQUARE	64	3604
FOLD	0	0	0	0	0	0	3906
RAIL	0	0	0	0
CORRELATION	0	0	0	0
SQUARE	128	3607
FOLD	0	0	0	0	0	0	7064
RAIL	0	0	0	0
CORRELATION	0	0	0	0
SQUARE	256	3609
FOLD	0	0	0	0	0	0	13539
RAIL	0	0	0	0
CORRELATION	0	0	0	0
SQUARE	512	3612
FOLD	0	0	0	0	0	0	26023
RAIL	0	0	0	0
CORRELATION	0	0	0	0
SQUARE	1024	3614
FOLD	0	0	0	0	0	0	51814
RAIL	0	0	0	0
CORRELATION	0	0	0	0
SQUARE	2048	3617
FOLD	1	1	1	6144	6144	0	51855
RAIL	2	2046	0	0
CORRELATION	0	0	0	0
SQUARE	2048	3617
FOLD	1	1	1	6144	6144	0	106105
RAIL	2	2046	1	0
CORRELATION	0	0	0	0
SQUARE	4096	3619
FOLD	2	1	1	6147	6147	0	106151
RAIL	2	2047	1	0
CORRELATION	0	0	0	0
SQUARE	4096	3619
FOLD	3	1	1	6144	6147	0	525872
RAIL	1024	1024	2	1
CORRELATION	1	0	2097142	3146740
SQUARE	6144	3622
FOLD	4	2	2	12288	12288	0	525894
RAIL	1024	1024	2	1
CORRELATION	1	0	2097142	3146740
SQUARE	6144	3622
FOLD	4	2	2	12288	12288	0	608051
RAIL	1024	1024	2	2
CORRELATION	1	0	2097142	3146740
SQUARE	8192	3622
FOLD	5	4	4	24579	24579	0	608092
RAIL	1024	1025	2	2
CORRELATION	1	0	2097142	3146740
SQUARE	8192	3622
FOLD	5	4	4	24579	24579	0	620152
RAIL	1024	1025	2	3
CORRELATION	2	0	2097142	3146740
SQUARE	8192	3622
FOLD	6	5	5	30726	30726	0	620170
RAIL	1024	1025	2	3
CORRELATION	2	0	2097142	3146740
SQUARE	8192	3622
FOLD	7	7	7	43017	43017	0	677933
RAIL	3	2045	2	4
CORRELATION	2	0	2097142	3146740
SQUARE	10240	3624
FOLD	8	7	7	43020	43020	0	732260
RAIL	3	2046	3	4
CORRELATION	3	0	2097142	3146740
SQUARE	12288	3624
FOLD	8	7	7	43020	43020	0	732980
RAIL	3	2046	4	4
CORRELATION	4	0	2097142	3146740
SQUARE	12288	3624
FOLD	10	8	8	49161	49161	0	795804
RAIL	1023	1025	4	5
CORRELATION	5	0	2097142	3146740
SQUARE	14336	3624
FOLD	10	8	8	49161	49161	0	856405
RAIL	1023	1025	4	6
CORRELATION	5	0	2097142	3146740
SQUARE	16384	3624
FOLD	11	10	10	61452	61452	0	856439
RAIL	1023	1026	4	6
CORRELATION	5	0	2097142	3146740
SQUARE	16384	3624
FOLD	12	11	11	67599	67599	0	869524
RAIL	1023	1026	4	7
CORRELATION	6	0	2097142	3146740
SQUARE	16384	3624
FOLD	13	13	13	79890	79890	0	928398
RAIL	4	2044	4	8
CORRELATION	6	0	2097142	3146740
SQUARE	18432	3627
FOLD	14	13	13	79893	79893	0	996472
RAIL	4	2045	5	9
CORRELATION	8	1	2097142	3146740
SQUARE	20480	3627
FOLD	15	14	14	86040	86040	0	996495
RAIL	4	2045	5	9
CORRELATION	8	1	2097142	3146740
SQUARE	20480	3627
FOLD	16	14	14	86037	86040	0	1043372
RAIL	1022	1026	6	9
CORRELATION	8	1	2097142	3146740
SQUARE	22528	3627
FOLD	17	15	15	92181	92181	0	1055924
RAIL	1022	1026	6	10
CORRELATION	9	1	2097142	3146740
SQUARE	22528	3627
FOLD	18	17	17	104472	104472	0	1114470
RAIL	1022	1027	6	11
CORRELATION	9	1	2097142	3146740
SQUARE	24576	3627
FOLD	19	18	18	110619	110619	0	1129177
RAIL	1022	1027	6	12
CORRELATION	10	1	2097142	3146740
SQUARE	24576	3627
FOLD	20	20	20	122910	122910	0	1204473
RAIL	5	2043	6	13
CORRELATION	10	1	2097142	3146740
SQUARE	26624	3627
FOLD	22	21	21	129060	129060	0	1281071
RAIL	5	2044	7	14
CORRELATION	12	1	2097142	3146740
SQUARE	28672	3627
FOLD	24	22	22	135201	135201	0	1356993
RAIL	1021	1027	8	15
CORRELATION	13	2	2097142	3146740
SQUARE	30720	3627
FOLD	24	22	22	135201	135201	0	1420554
RAIL	1021	1027	8	16
CORRELATION	13	2	2097142	3146740
SQUARE	32768	3627
FOLD	25	24	24	147492	147492	0	1420594
RAIL	1021	1028	8	16
CORRELATION	13	2	2097142	3146740
SQUARE	32768	3627
FOLD	26	25	25	153639	153639	0	1432850
RAIL	1021	1028	8	17
CORRELATION	14	3	2097142	3146740
SQUARE	32768	3627
FOLD	27	27	27	165930	165930	0	1535610
RAIL	6	2042	8	18
CORRELATION	14	3	2097142	3146740
SQUARE	34816	3629
FOLD	28	28	28	172074	172074	0	1544364
RAIL	6	2042	8	19
CORRELATION	15	3	2097142	3146740
SQUARE	34816	3629
FOLD	29	28	28	172077	172077	0	1651049
RAIL	6	2043	9	20
CORRELATION	16	3	2097142	3146740
SQUARE	36864	3629
FOLD	30	29	29	178224	178224	0	1651073
RAIL	6	2043	9	20
CORRELATION	16	3	2097142	3146740
SQUARE	36864	3629
FOLD	31	31	31	190515	190515	0	1763966
RAIL	1020	1028	9	21
CORRELATION	16	3	2097142	3146740
SQUARE	38912	3629
FOLD	32	32	32	196659	196659	0	1780387
RAIL	1020	1028	9	22
CORRELATION	17	3	2097142	3146740
SQUARE	38912	3629
FOLD	33	34	34	208950	208950	0	1845856
RAIL	1020	1029	9	23
CORRELATION	17	3	2097142	3146740
SQUARE	40960	3629
FOLD	34	35	35	215097	215097	0	1856824
RAIL	1020	1029	9	24
CORRELATION	18	3	2097142	3146740
SQUARE	40960	3629
FOLD	35	37	37	227388	227388	0	1919850
RAIL	7	2041	9	25
CORRELATION	18	3	2097142	3146740
SQUARE	43008	3629
FOLD	36	38	38	233532	233532	0	1929877
RAIL	7	2041	9	26
CORRELATION	19	3	2097142	3146740
SQUARE	43008	3629
FOLD	38	39	39	239682	239682	0	2000967
RAIL	7	2042	10	27
CORRELATION	20	5	2097142	3146740
SQUARE	45056	3629
FOLD	39	41	41	251973	251973	0	2060636
RAIL	1019	1029	10	28
CORRELATION	20	5	2097142	3146740
SQUARE	47104	3629
FOLD	40	42	42	258117	258117	0	2071842
RAIL	1019	1029	10	29
CORRELATION	21	5	2097142	3146740
SQUARE	47104	3629
FOLD	41	44	44	270408	270408	0	2128972
RAIL	1019	1030	10	30
CORRELATION	21	5	2097142	3146740
SQUARE	49152	3629
FOLD	42	45	45	276555	276555	0	2140223
RAIL	1019	1030	10	31
CORRELATION	22	5	2097142	3146740
SQUARE	49152	3629
FOLD	43	47	47	288846	288846	0	2197388
RAIL	8	2040	10	32
CORRELATION	22	5	2097142	3146740
SQUARE	51200	3629
FOLD	44	48	48	294990	294990	0	2204848
RAIL	8	2040	10	33
CORRELATION	23	5	2097142	3146740
SQUARE	51200	3629
FOLD	45	50	50	307281	307281	0	2256185
RAIL	8	2041	10	34
CORRELATION	23	5	2097142	3146740
SQUARE	53248	3629
FOLD	46	51	51	313428	313428	0	2268888
RAIL	8	2041	10	35
CORRELATION	24	7	2097142	3146740
SQUARE	53248	3629
FOLD	47	53	53	325719	325719	0	2319371
RAIL	1018	1030	10	36
CORRELATION	24	7	2097142	3146740
SQUARE	55296	3629
FOLD	48	54	54	331863	331863	0	2330487
RAIL	1018	1030	10	37
CORRELATION	25	7	2097142	3146740
SQUARE	55296	3629
FOLD	49	56	56	344154	344154	0	2388288
RAIL	1018	1031	10	38
CORRELATION	25	7	2097142	3146740
SQUARE	57344	3629
FOLD	50	57	57	350301	350301	0	2407070
RAIL	1018	1031	10	39
CORRELATION	26	9	2097142	3146740
SQUARE	57344	3629
FOLD	51	59	59	362592	362592	0	2462875
RAIL	9	2039	10	40
CORRELATION	26	9	2097142	3146740
SQUARE	59392	3629
FOLD	52	60	60	368736	368736	0	2471276
RAIL	9	2039	10	41
CORRELATION	27	9	2097142	3146740
SQUARE	59392	3629
FOLD	53	62	62	381027	381027	0	2527903
RAIL	9	2040	10	42
CORRELATION	27	9	2097142	3146740
SQUARE	61440	3629
FOLD	54	63	63	387174	387174	0	2535148
RAIL	9	2040	10	43
CORRELATION	28	9	2097142	3146740
SQUARE	61440	3629
FOLD	55	65	65	399465	399465	0	2594460
RAIL	1017	1031	10	44
CORRELATION	28	9	2097142	3146740
SQUARE	63488	3629
FOLD	56	66	66	405609	405609	0	2606116
RAIL	1017	1031	10	45
CORRELATION	29	9	2097142	3146740
SQUARE	63488	3629
FOLD	56	66	66	405609	405609	0	2661150
RAIL	1017	1031	10	46
CORRELATION	29	9	2097142	3146740
SQUARE	65536	3629
FOLD	57	68	68	417900	417900	0	2661188
RAIL	1017	1032	10	46
CORRELATION	29	9	2097142	3146740
SQUARE	65536	3629
FOLD	58	69	69	424047	424047	0	2672118
RAIL	1017	1032	10	47
CORRELATION	30	9	2097142	3146740
SQUARE	65536	3629
FOLD	59	71	71	436338	436338	0	2726810
RAIL	10	2038	10	48
CORRELATION	30	9	2097142	3146740
SQUARE	67584	3629
FOLD	60	72	72	442482	442482	0	2735332
RAIL	10	2038	10	49
CORRELATION	31	9	2097142	3146740
SQUARE	67584	3629
FOLD	61	74	74	454773	454773	0	2786604
RAIL	10	2039	10	50
CORRELATION	31	9	2097142	3146740
SQUARE	69632	3632
FOLD	61	74	74	454773	454773	0	2796809
RAIL	10	2039	10	51
CORRELATION	32	10	2097142	3146740
SQUARE	69632	3632
FOLD	62	75	75	460920	460920	0	2796829
RAIL	10	2039	10	51
CORRELATION	32	10	2097142	3146740
SQUARE	69632	3632
FOLD	63	77	77	473211	473211	0	2848403
RAIL	1016	1032	10	52
CORRELATION	32	10	2097142	3146740
SQUARE	71680	3632
FOLD	64	78	78	479355	479355	0	2859428
RAIL	1016	1032	10	53
CORRELATION	33	10	2097142	3146740
SQUARE	71680	3632
FOLD	65	80	80	491646	491646	0	2915203
RAIL	1016	1033	10	54
CORRELATION	33	10	2097142	3146740
SQUARE	73728	3632
FOLD	66	81	81	497793	497793	0	2925841
RAIL	1016	1033	10	55
CORRELATION	34	10	2097142	3146740
SQUARE	73728	3632
FOLD	67	83	83	510084	510084	0	2982019
RAIL	11	2037	10	56
CORRELATION	34	10	2097142	3146740
SQUARE	75776	3632
FOLD	68	84	84	516228	516228	0	2989975
RAIL	11	2037	10	57
CORRELATION	35	10	2097142	3146740
SQUARE	75776	3632
FOLD	69	86	86	528519	528519	0	3042419
RAIL	11	2038	10	58
CORRELATION	35	10	2097142	3146740
SQUARE	77824	3632
FOLD	70	87	87	534666	534666	0	3049742
RAIL	11	2038	10	59
CORRELATION	36	10	2097142	3146740
SQUARE	77824	3632
FOLD	71	89	89	546957	546957	0	3104076
RAIL	1015	1033	10	60
CORRELATION	36	10	2097142	3146740
SQUARE	79872	3632
FOLD	72	90	90	553101	553101	0	3115086
RAIL	1015	1033	10	61
CORRELATION	37	10	2097142	3146740
SQUARE	79872	3632
FOLD	73	92	92	565392	565392	0	3174788
RAIL	1015	1034	10	62
CORRELATION	37	10	2097142	3146740
SQUARE	81920	3632
FOLD	74	93	93	571539	571539	0	3185456
RAIL	1015	1034	10	63
CORRELATION	38	10	2097142	3146740
SQUARE	81920	3632
FOLD	75	95	95	583830	583830	0	3242727
RAIL	12	2036	10	64
CORRELATION	38	10	2097142	3146740
SQUARE	83968	3632
FOLD	76	96	96	589974	589974	0	3253244
RAIL	12	2036	10	65
CORRELATION	39	12	2097142	3146740
SQUARE	83968	3632
FOLD	77	98	98	602265	602265	0	3305538
RAIL	12	2037	10	66
CORRELATION	39	12	2097142	3146740
SQUARE	86016	3632
FOLD	78	99	99	608412	608412	0	3313247
RAIL	12	2037	10	67
CORRELATION	40	12	2097142	3146740
SQUARE	86016	3632
FOLD	79	101	101	620703	620703	0	3366438
RAIL	1014	1034	10	68
CORRELATION	40	12	2097142	3146740
SQUARE	88064	3632
FOLD	80	102	102	626847	626847	0	3378241
RAIL	1014	1034	10	69
CORRELATION	41	12	2097142	3146740
SQUARE	88064	3632
FOLD	81	104	104	639138	639138	0	3440531
RAIL	1014	1035	10	70
CORRELATION	41	12	2097142	3146740
SQUARE	90112	3632
FOLD	82	105	105	645285	645285	0	3451942
RAIL	1014	1035	10	71
CORRELATION	42	12	2097142	3146740
SQUARE	90112	3632
FOLD	83	107	107	657576	657576	0	3509432
RAIL	13	2035	10	72
CORRELATION	42	12	2097142	3146740
SQUARE	92160	3632
FOLD	84	108	108	663720	663720	0	3517344
RAIL	13	2035	10	73
CORRELATION	43	12	2097142	3146740
SQUARE	92160	3632
FOLD	85	110	110	676011	676011	0	3569931
RAIL	13	2036	10	74
CORRELATION	43	12	2097142	3146740
SQUARE	94208	3632
FOLD	86	111	111	682158	682158	0	3577712
RAIL	13	2036	10	75
CORRELATION	44	12	2097142	3146740
SQUARE	94208	3632
FOLD	87	113	113	694449	694449	0	3630026
RAIL	1013	1035	10	76
CORRELATION	44	12	2097142	3146740
SQUARE	96256	3632
FOLD	88	114	114	700593	700593	0	3647164
RAIL	1013	1035	10	77
CORRELATION	45	13	2097142	3146740
SQUARE	96256	3632
FOLD	89	116	116	712884	712884	0	3706077
RAIL	1013	1036	10	78
CORRELATION	45	13	2097142	3146740
SQUARE	98304	3632
FOLD	90	117	117	719031	719031	0	3717452
RAIL	1013	1036	10	79
CORRELATION	46	13	2097142	3146740
SQUARE	98304	3632
FOLD	91	119	119	731322	731322	0	3777728
RAIL	14	2034	10	80
CORRELATION	46	13	2097142	3146740
SQUARE	100352	3632
FOLD	92	120	120	737466	737466	0	3786122
RAIL	14	2034	10	81
CORRELATION	47	13	2097142	3146740
SQUARE	100352	3632
FOLD	93	122	122	749757	749757	0	3842786
RAIL	14	2035	10	82
CORRELATION	47	13	2097142	3146740
SQUARE	102400	3632
FOLD	94	123	123	755904	755904	0	3850832
RAIL	14	2035	10	83
CORRELATION	48	13	2097142	3146740
SQUARE	102400	3632
FOLD	95	125	125	768195	768195	0	3906857
RAIL	1012	1036	10	84
CORRELATION	48	13	2097142	3146740
SQUARE	104448	3632
FOLD	96	126	126	774339	774339	0	3917749
RAIL	1012	1036	10	85
CORRELATION	49	13	2097142	3146740
SQUARE	104448	3632
FOLD	97	128	128	786630	786630	0	3973041
RAIL	1012	1037	10	86
CORRELATION	49	13	2097142	3146740
SQUARE	106496	3632
FOLD	98	129	129	792777	792777	0	3983774
RAIL	1012	1037	10	87
CORRELATION	50	13	2097142	3146740
SQUARE	106496	3632
FOLD	99	131	131	805068	805068	0	4039099
RAIL	15	2033	10	88
CORRELATION	50	13	2097142	3146740
SQUARE	108544	3632
FOLD	100	132	132	811212	811212	0	4046809
RAIL	15	2033	10	89
CORRELATION	51	13	2097142	3146740
SQUARE	108544	3632
FOLD	101	134	134	823503	823503	0	4098810
RAIL	15	2034	10	90
CORRELATION	51	13	2097142	3146740
SQUARE	110592	3632
FOLD	102	135	135	829650	829650	0	4106657
RAIL	15	2034	10	91
CORRELATION	52	13	2097142	3146740
SQUARE	110592	3632
FOLD	103	137	137	841941	841941	0	4158556
RAIL	1011	1037	10	92
CORRELATION	52	13	2097142	3146740
SQUARE	112640	3632
FOLD	104	138	138	848085	848085	0	4169309
RAIL	1011	1037	10	93
CORRELATION	53	13	2097142	3146740
SQUARE	112640	3632
FOLD	105	140	140	860376	860376	0	4232106
RAIL	1011	1038	10	94
CORRELATION	53	13	2097142	3146740
SQUARE	114688	3632
FOLD	106	141	141	866523	866523	0	4242896
RAIL	1011	1038	10	95
CORRELATION	54	13	2097142	3146740
SQUARE	114688	3632
FOLD	107	143	143	878814	878814	0	4297907
RAIL	16	2032	10	96
CORRELATION	54	13	2097142	3146740
SQUARE	116736	3632
FOLD	108	144	144	884958	884958	0	4307100
RAIL	16	2032	10	97
CORRELATION	55	13	2097142	3146740
SQUARE	116736	3632
FOLD	109	146	146	897249	897249	0	4361057
RAIL	16	2033	10	98
CORRELATION	55	13	2097142	3146740
SQUARE	118784	3632
FOLD	110	147	147	903396	903396	0	4372782
RAIL	16	2033	10	99
CORRELATION	56	15	2097142	3146740
SQUARE	118784	3632
FOLD	111	149	149	915687	915687	0	4425915
RAIL	1010	1038	10	100
CORRELATION	56	15	2097142	3146740
SQUARE	120832	3632
FOLD	112	150	150	921831	921831	0	4440084
RAIL	1010	1038	10	101
CORRELATION	57	17	2097142	3146740
SQUARE	120832	3632
FOLD	113	152	152	934122	934122	0	4486472
RAIL	1010	1039	10	102
CORRELATION	57	17	2097142	3146740
SQUARE	122880	3632
FOLD	114	153	153	940269	940269	0	4497673
RAIL	1010	1039	10	103
CORRELATION	58	17	2097142	3146740
SQUARE	122880	3632
FOLD	115	155	155	952560	952560	0	4540776
RAIL	17	2031	10	104
CORRELATION	58	17	2097142	3146740
SQUARE	124928	3632
FOLD	116	156	156	958704	958704	0	4555397
RAIL	17	2031	10	105
CORRELATION	59	19	2097142	3146740
SQUARE	124928	3632
FOLD	117	158	158	970995	970995	0	4596457
RAIL	17	2032	10	106
CORRELATION	59	19	2097142	3146740
SQUARE	126976	3632
FOLD	118	159	159	977142	977142	0	4604786
RAIL	17	2032	10	107
CORRELATION	60	19	2097142	3146740
SQUARE	126976	3632
FOLD	119	161	161	989433	989433	0	4646622
RAIL	1009	1039	10	108
CORRELATION	60	19	2097142	3146740
SQUARE	129024	3632
FOLD	120	162	162	995577	995577	0	4658731
RAIL	1009	1039	10	109
CORRELATION	61	19	2097142	3146740
SQUARE	129024	3632
FOLD	120	162	162	995577	995577	0	4705273
RAIL	1009	1039	10	110
CORRELATION	61	19	2097142	3146740
SQUARE	131072	3632
FOLD	121	164	164	1007868	1007868	0	4705311
RAIL	1009	1040	10	110
CORRELATION	61	19	2097142	3146740
SQUARE	131072	3632
FOLD	122	165	165	1014015	1014015	0	4720298
RAIL	1009	1040	10	111
CORRELATION	62	21	2097142	3146740
SQUARE	131072	3632
FOLD	123	167	167	1026306	1026306	0	4771488
RAIL	18	2030	10	112
CORRELATION	62	21	2097142	3146740
SQUARE	133120	3632
FOLD	124	168	168	1032450	1032450	0	4780869
RAIL	18	2030	10	113
CORRELATION	63	21	2097142	3146740
SQUARE	133120	3632
FOLD	125	170	170	1044741	1044741	0	4827044
RAIL	18	2031	10	114
CORRELATION	63	21	2097142	3146740
SQUARE	135168	3632
FOLD	125	170	170	1044741	1044741	0	4835113
RAIL	18	2031	10	115
CORRELATION	64	21	2097142	3146740
SQUARE	135168	3632
FOLD	126	171	171	1050888	1050888	0	4835129
RAIL	18	2031	10	115
CORRELATION	64	21	2097142	3146740
SQUARE	135168	3632
FOLD	127	173	173	1063179	1063179	0	4880872
RAIL	1008	1040	10	116
CORRELATION	64	21	2097142	3146740
SQUARE	137216	3632
FOLD	128	174	174	1069323	1069323	0	4892036
RAIL	1008	1040	10	117
CORRELATION	65	21	2097142	3146740
SQUARE	137216	3632
FOLD	129	176	176	1081614	1081614	0	4938765
RAIL	1008	1041	10	118
CORRELATION	65	21	2097142	3146740
SQUARE	139264	3634
FOLD	130	177	177	1087761	1087761	0	4949694
RAIL	1008	1041	10	119
CORRELATION	66	21	2097142	3146740
SQUARE	139264	3634
FOLD	131	179	179	1100052	1100052	0	5001388
RAIL	19	2029	10	120
CORRELATION	66	21	2097142	3146740
SQUARE	141312	3634
FOLD	132	180	180	1106196	1106196	0	5009838
RAIL	19	2029	10	121
CORRELATION	67	21	2097142	3146740
SQUARE	141312	3634
FOLD	133	182	182	1118487	1118487	0	5059382
RAIL	19	2030	10	122
CORRELATION	67	21	2097142	3146740
SQUARE	143360	3634
FOLD	134	183	183	1124634	1124634	0	5067395
RAIL	19	2030	10	123
CORRELATION	68	21	2097142	3146740
SQUARE	143360	3634
FOLD	135	185	185	1136925	1136925	0	5115964
RAIL	1007	1041	10	124
CORRELATION	68	21	2097142	3146740
SQUARE	145408	3634
FOLD	136	186	186	1143069	1143069	0	5127202
RAIL	1007	1041	10	125
CORRELATION	69	21	2097142	3146740
SQUARE	145408	3634
FOLD	137	188	188	1155360	1155360	0	5177976
RAIL	1007	1042	10	126
CORRELATION	69	21	2097142	3146740
SQUARE	147456	3634
FOLD	138	189	189	1161507	1161507	0	5189824
RAIL	1007	1042	10	127
CORRELATION	70	21	2097142	3146740
SQUARE	147456	3634
FOLD	139	191	191	1173798	1173798	0	5237532
RAIL	20	2028	10	128
CORRELATION	70	21	2097142	3146740
SQUARE	149504	3634
FOLD	140	192	192	1179942	1179942	0	5246014
RAIL	20	2028	10	129
CORRELATION	71	21	2097142	3146740
SQUARE	149504	3634
FOLD	141	194	194	1192233	1192233	0	5287402
RAIL	20	2029	10	130
CORRELATION	71	21	2097142	3146740
SQUARE	151552	3634
FOLD	142	195	195	1198380	1198380	0	5295338
RAIL	20	2029	10	131
CORRELATION	72	21	2097142	3146740
SQUARE	151552	3634
FOLD	143	197	197	1210671	1210671	0	5338326
RAIL	1006	1042	10	132
CORRELATION	72	21	2097142	3146740
SQUARE	153600	3634
FOLD	144	198	198	1216815	1216815	0	5353292
RAIL	1006	1042	10	133
CORRELATION	73	24	2097142	3146740
SQUARE	153600	3634
FOLD	145	200	200	1229106	1229106	0	5418645
RAIL	1006	1043	10	134
CORRELATION	73	24	2097142	3146740
SQUARE	155648	3634
FOLD	146	201	201	1235253	1235253	0	5429879
RAIL	1006	1043	10	135
CORRELATION	74	24	2097142	3146740
SQUARE	155648	3634
FOLD	147	203	203	1247544	1247544	0	5492496
RAIL	21	2027	10	136
CORRELATION	74	24	2097142	3146740
SQUARE	157696	3634
FOLD	148	204	204	1253688	1253688	0	5500715
RAIL	21	2027	10	137
CORRELATION	75	24	2097142	3146740
SQUARE	157696	3634
FOLD	149	206	206	1265979	1265979	0	5564127
RAIL	21	2028	10	138
CORRELATION	75	24	2097142	3146740
SQUARE	159744	3634
FOLD	150	207	207	1272126	1272126	0	5572485
RAIL	21	2028	10	139
CORRELATION	76	24	2097142	3146740
SQUARE	159744	3634
FOLD	151	209	209	1284417	1284417	0	5637075
RAIL	1005	1043	10	140
CORRELATION	76	24	2097142	3146740
SQUARE	161792	3634
FOLD	152	210	210	1290561	1290561	0	5648533
RAIL	1005	1043	10	141
CORRELATION	77	24	2097142	3146740
SQUARE	161792	3634
FOLD	153	212	212	1302852	1302852	0	5721165
RAIL	1005	1044	10	142
CORRELATION	77	24	2097142	3146740
SQUARE	163840	3634
FOLD	154	213	213	1308999	1308999	0	5731811
RAIL	1005	1044	10	143
CORRELATION	78	24	2097142	3146740
SQUARE	163840	3634
FOLD	155	215	215	1321290	1321290	0	5805758
RAIL	22	2026	10	144
CORRELATION	78	24	2097142	3146740
SQUARE	165888	3634
FOLD	156	216	216	1327434	1327434	0	5815519
RAIL	22	2026	10	145
CORRELATION	79	24	2097142	3146740
SQUARE	165888	3634
FOLD	157	218	218	1339725	1339725	0	5885564
RAIL	22	2027	10	146
CORRELATION	79	24	2097142	3146740
SQUARE	167936	3634
FOLD	158	219	219	1345872	1345872	0	5893879
RAIL	22	2027	10	147
CORRELATION	80	24	2097142	3146740
SQUARE	167936	3634
FOLD	159	221	221	1358163	1358163	0	5961081
RAIL	1004	1044	10	148
CORRELATION	80	24	2097142	3146740
SQUARE	169984	3634
FOLD	160	222	222	1364307	1364307	0	5973559
RAIL	1004	1044	10	149
CORRELATION	81	24	2097142	3146740
SQUARE	169984	3634
FOLD	161	224	224	1376598	1376598	0	6039577
RAIL	1004	1045	10	150
CORRELATION	81	24	2097142	3146740
SQUARE	172032	3634
FOLD	162	225	225	1382745	1382745	0	6050236
RAIL	1004	1045	10	151
CORRELATION	82	24	2097142	3146740
SQUARE	172032	3634
FOLD	163	227	227	1395036	1395036	0	6121155
RAIL	23	2025	10	152
CORRELATION	82	24	2097142	3146740
SQUARE	174080	3634
FOLD	164	228	228	1401180	1401180	0	6134002
RAIL	23	2025	10	153
CORRELATION	83	26	2097142	3146740
SQUARE	174080	3634
FOLD	165	230	230	1413471	1413471	0	6196437
RAIL	23	2026	10	154
CORRELATION	83	26	2097142	3146740
SQUARE	176128	3634
FOLD	166	231	231	1419618	1419618	0	6204509
RAIL	23	2026	10	155
CORRELATION	84	26	2097142	3146740
SQUARE	176128	3634
FOLD	167	233	233	1431909	1431909	0	6266737
RAIL	1003	1045	10	156
CORRELATION	84	26	2097142	3146740
SQUARE	178176	3634
FOLD	168	234	234	1438053	1438053	0	6278225
RAIL	1003	1045	10	157
CORRELATION	85	26	2097142	3146740
SQUARE	178176	3634
FOLD	169	236	236	1450344	1450344	0	6333513
RAIL	1003	1046	10	158
CORRELATION	85	26	2097142	3146740
SQUARE	180224	3634
FOLD	170	237	237	1456491	1456491	0	6344170
RAIL	1003	1046	10	159
CORRELATION	86	26	2097142	3146740
SQUARE	180224	3634
FOLD	171	239	239	1468782	1468782	0	6401059
RAIL	24	2024	10	160
CORRELATION	86	26	2097142	3146740
SQUARE	182272	3634
FOLD	172	240	240	1474926	1474926	0	6409770
RAIL	24	2024	10	161
CORRELATION	87	26	2097142	3146740
SQUARE	182272	3634
FOLD	173	242	242	1487217	1487217	0	6467504
RAIL	24	2025	10	162
CORRELATION	87	26	2097142	3146740
SQUARE	184320	3634
FOLD	174	243	243	1493364	1493364	0	6475790
RAIL	24	2025	10	163
CORRELATION	88	26	2097142	3146740
SQUARE	184320	3634
FOLD	175	245	245	1505655	1505655	0	6530107
RAIL	1002	1046	10	164
CORRELATION	88	26	2097142	3146740
SQUARE	186368	3634
FOLD	176	246	246	1511799	1511799	0	6541409
RAIL	1002	1046	10	165
CORRELATION	89	26	2097142	3146740
SQUARE	186368	3634
FOLD	177	248	248	1524090	1524090	0	6601110
RAIL	1002	1047	10	166
CORRELATION	89	26	2097142	3146740
SQUARE	188416	3634
FOLD	178	249	249	1530237	1530237	0	6615859
RAIL	1002	1047	10	167
CORRELATION	90	26	2097142	3146740
SQUARE	188416	3634
FOLD	179	251	251	1542528	1542528	0	6688181
RAIL	25	2023	10	168
CORRELATION	90	26	2097142	3146740
SQUARE	190464	3634
FOLD	180	252	252	1548672	1548672	0	6697192
RAIL	25	2023	10	169
CORRELATION	91	26	2097142	3146740
SQUARE	190464	3634
FOLD	181	254	254	1560963	1560963	0	6767516
RAIL	25	2024	10	170
CORRELATION	91	26	2097142	3146740
SQUARE	192512	3634
FOLD	182	255	255	1567110	1567110	0	6779402
RAIL	25	2024	10	171
CORRELATION	92	26	2097142	3146740
SQUARE	192512	3634
FOLD	183	257	257	1579401	1579401	0	6850856
RAIL	1001	1047	10	172
CORRELATION	92	26	2097142	3146740
SQUARE	194560	3634
FOLD	184	258	258	1585545	1585545	0	6862619
RAIL	1001	1047	10	173
CORRELATION	93	26	2097142	3146740
SQUARE	194560	3634
FOLD	185	260	260	1597836	1597836	0	6939626
RAIL	1001	1048	10	174
CORRELATION	93	26	2097142	3146740
SQUARE	196608	3634
FOLD	186	261	261	1603983	1603983	0	6952404
RAIL	1001	1048	10	175
CORRELATION	94	26	2097142	3146740
SQUARE	196608	3634
FOLD	187	263	263	1616274	1616274	0	7028209
RAIL	26	2022	10	176
CORRELATION	94	26	2097142	3146740
SQUARE	198656	3634
FOLD	188	264	264	1622418	1622418	0	7036989
RAIL	26	2022	10	177
CORRELATION	95	26	2097142	3146740
SQUARE	198656	3634
FOLD	189	266	266	1634709	1634709	0	7104304
RAIL	26	2023	10	178
CORRELATION	95	26	2097142	3146740
SQUARE	200704	3634
FOLD	190	267	267	1640856	1640856	0	7112155
RAIL	26	2023	10	179
CORRELATION	96	26	2097142	3146740
SQUARE	200704	3634
FOLD	191	269	269	1653147	1653147	0	7177405
RAIL	1000	1048	10	180
CORRELATION	96	26	2097142	3146740
SQUARE	202752	3634
FOLD	192	270	270	1659291	1659291	0	7188596
RAIL	1000	1048	10	181
CORRELATION	97	26	2097142	3146740
SQUARE	202752	3634
FOLD	193	272	272	1671582	1671582	0	7250530
RAIL	1000	1049	10	182
CORRELATION	97	26	2097142	3146740
SQUARE	204800	3634
FOLD	194	273	273	1677729	1677729	0	7266410
RAIL	1000	1049	10	183
CORRELATION	98	30	2097142	3146740
SQUARE	204800	3634
FOLD	195	275	275	1690020	1690020	0	7321947
RAIL	27	2021	10	184
CORRELATION	98	30	2097142	3146740
SQUARE	206848	3634
FOLD	196	276	276	1696164	1696164	0	7330244
RAIL	27	2021	10	185
CORRELATION	99	30	2097142	3146740
SQUARE	206848	3634
FOLD	197	278	278	1708455	1708455	0	7383257
RAIL	27	2022	10	186
CORRELATION	99	30	2097142	3146740
SQUARE	208896	3634
FOLD	198	279	279	1714602	1714602	0	7392991
RAIL	27	2022	10	187
CORRELATION	100	30	2097142	3146740
SQUARE	208896	3634
FOLD	199	281	281	1726893	1726893	0	7448905
RAIL	999	1049	10	188
CORRELATION	100	30	2097142	3146740
SQUARE	210944	3634
FOLD	200	282	282	1733037	1733037	0	7466451
RAIL	999	1049	10	189
CORRELATION	101	32	2097142	3146740
SQUARE	210944	3634
FOLD	201	284	284	1745328	1745328	0	7530945
RAIL	999	1050	10	190
CORRELATION	101	32	2097142	3146740
SQUARE	212992	3634
FOLD	202	285	285	1751475	1751475	0	7541968
RAIL	999	1050	10	191
CORRELATION	102	32	2097142	3146740
SQUARE	212992	3634
FOLD	203	287	287	1763766	1763766	0	7605744
RAIL	28	2020	10	192
CORRELATION	102	32	2097142	3146740
SQUARE	215040	3634
FOLD	204	288	288	1769910	1769910	0	7616984
RAIL	28	2020	10	193
CORRELATION	103	32	2097142	3146740
SQUARE	215040	3634
FOLD	205	290	290	1782201	1782201	0	7682800
RAIL	28	2021	10	194
CORRELATION	103	32	2097142	3146740
SQUARE	217088	3634
FOLD	206	291	291	1788348	1788348	0	7691740
RAIL	28	2021	10	195
CORRELATION	104	32	2097142	3146740
SQUARE	217088	3634
FOLD	207	293	293	1800639	1800639	0	7757989
RAIL	998	1050	10	196
CORRELATION	104	32	2097142	3146740
SQUARE	219136	3634
FOLD	208	294	294	1806783	1806783	0	7776191
RAIL	998	1050	10	197
CORRELATION	105	34	2097142	3146740
SQUARE	219136	3634
FOLD	209	296	296	1819074	1819074	0	7838242
RAIL	998	1051	10	198
CORRELATION	105	34	2097142	3146740
SQUARE	221184	3634
FOLD	210	297	297	1825221	1825221	0	7848557
RAIL	998	1051	10	199
CORRELATION	106	34	2097142	3146740
SQUARE	221184	3634
FOLD	211	299	299	1837512	1837512	0	7936620
RAIL	29	2019	10	200
CORRELATION	106	34	2097142	3146740
SQUARE	223232	3634
FOLD	212	300	300	1843656	1843656	0	7945195
RAIL	29	2019	10	201
CORRELATION	107	34	2097142	3146740
SQUARE	223232	3634
