INPUT	3323090299	32	16	164
FRAME	1	0	1	1	38
FOLD	1	1	1	96	96	0	59
RAIL	2	30	0	0
CORRELATION	0	0	0	0
SQUARE	0	0
FOLD	2	1	1	99	99	0	72
RAIL	2	31	1	0
CORRELATION	0	0	0	0
SQUARE	0	0
FOLD	4	3	3	291	291	0	242
RAIL	16	17	2	1
CORRELATION	0	0	0	0
SQUARE	0	0
FOLD	5	5	5	486	486	0	390
RAIL	3	29	2	2
CORRELATION	0	0	0	0
SQUARE	0	0
FOLD	8	7	7	681	681	0	1460
RAIL	15	18	4	3
CORRELATION	0	0	0	0
SQUARE	0	0
FOLD	9	9	9	876	876	0	1639
RAIL	4	28	4	4
CORRELATION	0	0	0	0
SQUARE	0	0
FOLD	12	11	11	1071	1071	0	1904
RAIL	14	19	6	5
CORRELATION	0	0	0	0
SQUARE	0	0
FOLD	13	13	13	1266	1266	0	2058
RAIL	5	27	6	6
CORRELATION	0	0	0	0
SQUARE	0	0
FOLD	14	15	15	1461	1461	0	2203
RAIL	5	28	6	7
CORRELATION	0	0	0	0
SQUARE	0	0
FOLD	15	17	17	1656	1656	0	2344
RAIL	13	19	6	8
CORRELATION	0	0	0	0
SQUARE	0	0
FOLD	16	19	19	1851	1851	0	2519
RAIL	13	20	6	9
CORRELATION	0	0	0	0
SQUARE	0	0
FOLD	17	21	21	2046	2046	0	2881
RAIL	6	26	6	10
CORRELATION	0	0	0	0
SQUARE	0	0
FOLD	18	23	23	2241	2241	0	3015
RAIL	6	27	6	11
CORRELATION	0	0	0	0
SQUARE	0	0
FOLD	19	25	25	2436	2436	0	3177
RAIL	12	20	6	12
CORRELATION	0	0	0	0
SQUARE	0	0
FOLD	20	27	27	2631	2631	0	3314
RAIL	12	21	6	13
CORRELATION	0	0	0	0
SQUARE	0	0
FOLD	21	29	29	2826	2826	0	3455
RAIL	7	25	6	14
CORRELATION	0	0	0	0
SQUARE	0	0
FOLD	22	31	31	3021	3021	0	3621
RAIL	7	26	6	15
CORRELATION	0	0	0	0
SQUARE	0	0
FOLD	23	33	33	3216	3216	0	3775
RAIL	11	21	6	16
CORRELATION	0	0	0	0
SQUARE	0	0
FOLD	24	35	35	3411	3411	0	3951
RAIL	11	22	6	17
CORRELATION	0	0	0	0
SQUARE	0	0
FOLD	25	37	37	3606	3606	0	4114
RAIL	8	24	6	18
CORRELATION	0	0	0	0
SQUARE	0	0
FOLD	26	39	39	3801	3801	0	4265
RAIL	8	25	6	19
CORRELATION	0	0	0	0
SQUARE	0	0
FOLD	27	41	41	3996	3996	0	4448
RAIL	10	22	6	20
CORRELATION	0	0	0	0
SQUARE	0	0
FOLD	28	43	43	4191	4191	0	4601
RAIL	10	23	6	21
CORRELATION	0	0	0	0
SQUARE	0	0
FOLD	29	45	45	4386	4386	0	4804
RAIL	9	23	6	22
CORRELATION	0	0	0	0
SQUARE	0	0
FOLD	30	47	47	4581	4581	0	5012
RAIL	9	24	6	23
CORRELATION	0	0	0	0
SQUARE	0	0
FOLD	30	47	47	4581	4581	0	5403
RAIL	9	24	6	24
CORRELATION	0	0	503	773
SQUARE	1	37
FOLD	30	47	47	4581	4581	0	5423
RAIL	9	24	6	24
CORRELATION	0	0	503	773
SQUARE	2	65
FOLD	30	47	47	4581	4581	0	5432
RAIL	9	24	6	24
CORRELATION	0	0	503	773
SQUARE	4	67
FOLD	30	47	47	4581	4581	0	5447
RAIL	9	24	6	24
CORRELATION	0	0	503	773
SQUARE	8	69
FOLD	30	47	47	4581	4581	0	5470
RAIL	9	24	6	24
CORRELATION	0	0	503	773
SQUARE	16	71
FOLD	30	47	47	4581	4581	0	5511
RAIL	9	24	6	24
CORRELATION	0	0	503	773
SQUARE	32	74
FOLD	30	47	47	4581	4581	0	5549
RAIL	9	24	6	24
CORRELATION	1	0	503	773
SQUARE	32	74
FOLD	30	47	47	4581	4581	0	5788
RAIL	9	24	6	24
CORRELATION	1	0	503	773
SQUARE	64	76
FOLD	30	47	47	4581	4581	0	5809
RAIL	9	24	6	24
CORRELATION	2	0	503	773
SQUARE	64	76
FOLD	31	48	48	4680	4680	0	5901
RAIL	16	16	6	24
CORRELATION	3	0	503	773
SQUARE	96	79
FOLD	31	48	48	4680	4680	0	6053
RAIL	16	16	6	25
CORRELATION	3	0	503	773
SQUARE	102	79
FRAME	16	15	1	3	6324
RESULT	closed	52999	62701	6327	865	1	1	143	381
