INPUT	188141830464941	48	28	244
FRAME	1	0	1	1	51
FOLD	1	1	1	144	144	0	66
RAIL	2	46	0	0
FOLD	2	1	1	147	147	0	77
RAIL	2	47	1	0
FOLD	4	3	3	435	435	0	327
RAIL	24	25	2	1
FOLD	5	5	5	726	726	0	539
RAIL	3	45	2	2
FOLD	8	7	7	1017	1017	0	961
RAIL	23	26	4	3
FOLD	9	9	9	1308	1308	0	1229
RAIL	4	44	4	4
FOLD	10	11	11	1599	1599	0	1464
RAIL	4	45	4	5
FOLD	12	13	13	1887	1887	0	1681
RAIL	22	27	5	6
FOLD	13	15	15	2178	2178	0	2033
RAIL	5	43	5	7
FOLD	14	17	17	2469	2469	0	2277
RAIL	5	44	5	8
FOLD	15	19	19	2760	2760	0	2621
RAIL	21	27	5	9
FOLD	16	21	21	3051	3051	0	2893
RAIL	21	28	5	10
FOLD	17	23	23	3342	3342	0	3157
RAIL	6	42	5	11
FOLD	18	25	25	3633	3633	0	3368
RAIL	6	43	5	12
FOLD	19	27	27	3924	3924	0	3681
RAIL	20	28	5	13
FOLD	20	29	29	4215	4215	0	3968
RAIL	20	29	5	14
FOLD	21	31	31	4506	4506	0	4238
RAIL	7	41	5	15
FOLD	22	33	33	4797	4797	0	4420
RAIL	7	42	5	16
FOLD	23	35	35	5088	5088	0	4643
RAIL	19	29	5	17
FOLD	24	37	37	5379	5379	0	4851
RAIL	19	30	5	18
FOLD	25	39	39	5670	5670	0	5202
RAIL	8	40	5	19
FOLD	26	41	41	5961	5961	0	5414
RAIL	8	41	5	20
FOLD	27	43	43	6252	6252	0	5658
RAIL	18	30	5	21
FOLD	28	45	45	6543	6543	0	5917
RAIL	18	31	5	22
FOLD	29	47	47	6834	6834	0	6117
RAIL	9	39	5	23
FOLD	30	49	49	7125	7125	0	6341
RAIL	9	40	5	24
FOLD	31	51	51	7416	7416	0	6706
RAIL	17	31	5	25
FOLD	32	53	53	7707	7707	0	6926
RAIL	17	32	5	26
FOLD	33	55	55	7998	7998	0	7273
RAIL	10	38	5	27
FOLD	34	57	57	8289	8289	0	8416
RAIL	10	39	5	28
FOLD	35	59	59	8580	8580	0	8626
RAIL	16	32	5	29
FOLD	36	61	61	8871	8871	0	8820
RAIL	16	33	5	30
FOLD	37	63	63	9162	9162	0	9031
RAIL	11	37	5	31
FOLD	38	65	65	9453	9453	0	9217
RAIL	11	38	5	32
FOLD	39	67	67	9744	9744	0	9423
RAIL	15	33	5	33
FOLD	40	69	69	10035	10035	0	9603
RAIL	15	34	5	34
FOLD	41	71	71	10326	10326	0	9905
RAIL	12	36	5	35
FOLD	42	73	73	10617	10617	0	10097
RAIL	12	37	5	36
FOLD	43	75	75	10908	10908	0	10356
RAIL	14	34	5	37
FOLD	44	77	77	11199	11199	0	10656
RAIL	14	35	5	38
FOLD	45	79	79	11490	11490	0	10859
RAIL	13	35	5	39
FOLD	46	81	81	11781	11781	0	11041
RAIL	13	36	5	40
FOLD	47	82	82	11928	11928	0	11230
RAIL	24	24	5	41
FOLD	48	83	83	12072	12072	0	11466
RAIL	24	24	5	42
FOLD	49	84	84	12216	12216	0	11729
RAIL	24	24	5	43
FOLD	50	85	85	12360	12360	0	12049
RAIL	24	24	5	44
FOLD	51	86	86	12504	12504	0	12326
RAIL	24	25	5	45
FOLD	52	87	87	12651	12651	0	12554
RAIL	24	24	5	46
FOLD	53	88	88	12795	12795	0	12755
RAIL	24	24	5	47
FOLD	54	89	89	12939	12939	0	12958
RAIL	24	24	5	48
FOLD	55	90	90	13083	13083	0	13273
RAIL	23	25	5	49
FOLD	56	91	91	13227	13227	0	13498
RAIL	24	24	5	50
FOLD	57	92	92	13371	13371	0	13806
RAIL	23	26	5	51
FOLD	58	93	93	13518	13518	0	14020
RAIL	24	24	5	52
FOLD	59	94	94	13662	13662	0	14305
RAIL	4	44	5	53
FOLD	62	95	95	13806	13806	0	14882
RAIL	22	26	6	55
FOLD	63	96	96	13950	13950	0	15114
RAIL	24	24	6	56
FOLD	64	97	97	14094	14094	0	15353
RAIL	22	27	6	57
FOLD	65	98	98	14241	14241	0	15596
RAIL	24	24	6	58
FOLD	66	99	99	14385	14385	0	15817
RAIL	5	43	6	59
FOLD	71	100	100	14526	14526	0	16586
RAIL	24	24	8	62
FOLD	72	101	101	14670	14670	0	16866
RAIL	21	28	8	63
FOLD	73	102	102	14817	14817	0	17101
RAIL	24	24	8	64
FOLD	74	103	103	14961	14961	0	17358
RAIL	6	42	8	65
FOLD	75	104	104	15105	15105	0	17548
RAIL	24	24	8	66
FOLD	88	105	105	15246	15246	0	19616
RAIL	19	30	14	73
FOLD	89	106	106	15393	15393	0	19821
RAIL	24	24	14	74
FOLD	94	107	107	15540	15540	0	20536
RAIL	18	30	16	77
FOLD	95	108	108	15684	15684	0	20742
RAIL	24	24	16	78
FOLD	100	109	109	15831	15831	0	21701
RAIL	9	40	18	81
FOLD	101	110	110	15978	15978	0	21895
RAIL	24	24	18	82
FOLD	102	111	111	16122	16122	0	22135
RAIL	17	31	18	83
FOLD	103	112	112	16266	16266	0	22364
RAIL	24	24	18	84
FOLD	104	113	113	16410	16410	0	22665
RAIL	17	32	18	85
FOLD	105	114	114	16557	16557	0	22883
RAIL	24	24	18	86
FOLD	110	115	115	16704	16704	0	23732
RAIL	16	32	20	89
FOLD	111	116	116	16848	16848	0	23987
RAIL	24	24	20	90
FOLD	116	117	117	16995	16995	0	24765
RAIL	11	38	22	93
FOLD	117	118	118	17142	17142	0	24958
RAIL	24	24	22	94
FOLD	118	119	119	17286	17286	0	25225
RAIL	15	33	22	95
FOLD	119	120	120	17430	17430	0	25420
RAIL	24	24	22	96
FOLD	124	121	121	17577	17577	0	26183
RAIL	12	37	24	99
FOLD	125	122	122	17724	17724	0	26431
RAIL	24	24	24	100
FOLD	128	121	122	17580	17724	0	26798
RAIL	14	35	26	101
FOLD	130	123	123	17871	17871	0	27261
RAIL	13	35	26	103
FOLD	131	124	124	18015	18015	0	27454
RAIL	24	24	26	104
FOLD	132	125	125	18159	18159	0	27716
RAIL	13	36	26	105
FOLD	133	126	126	18306	18306	0	27915
RAIL	24	24	26	106
FOLD	134	127	127	18450	18450	0	28179
RAIL	24	24	26	107
FOLD	135	128	128	18594	18594	0	28512
RAIL	24	24	26	108
FOLD	144	129	129	18744	18744	0	29881
RAIL	24	24	30	113
FOLD	145	130	130	18888	18888	0	30199
RAIL	4	44	30	114
FOLD	160	131	131	19035	19035	0	32313
RAIL	6	42	37	122
FOLD	175	132	132	19185	19185	0	34411
RAIL	24	24	44	130
FOLD	180	133	133	19332	19332	0	35310
RAIL	18	30	46	133
FOLD	181	134	134	19476	19476	0	35493
RAIL	24	24	46	134
FOLD	186	135	135	19623	19623	0	36199
RAIL	9	40	48	137
FOLD	187	136	136	19770	19770	0	36510
RAIL	24	24	48	138
FOLD	188	137	137	19914	19914	0	36932
RAIL	17	31	48	139
FOLD	189	138	138	20058	20058	0	37195
RAIL	24	24	48	140
FOLD	190	139	139	20202	20202	0	37522
RAIL	17	32	48	141
FOLD	191	140	140	20349	20349	0	37785
RAIL	24	24	48	142
FOLD	192	141	141	20493	20493	0	38140
RAIL	10	38	48	143
FOLD	193	142	142	20637	20637	0	38378
RAIL	24	24	48	144
FOLD	194	143	143	20781	20781	0	38652
RAIL	10	39	48	145
FOLD	195	144	144	20928	20928	0	38850
RAIL	24	24	48	146
FOLD	200	145	145	21075	21075	0	39577
RAIL	11	37	50	149
FOLD	201	146	146	21219	21219	0	39744
RAIL	24	24	50	150
FOLD	206	147	147	21366	21366	0	40393
RAIL	15	34	52	153
FOLD	207	148	148	21513	21513	0	40561
RAIL	24	24	52	154
FOLD	208	149	149	21657	21657	0	40953
RAIL	12	36	52	155
FOLD	209	150	150	21801	21801	0	41174
RAIL	24	24	52	156
FOLD	214	151	151	21948	21948	0	41874
RAIL	14	35	54	159
FOLD	215	152	152	22095	22095	0	42041
RAIL	24	24	54	160
FOLD	220	153	153	22242	22242	0	42925
RAIL	24	24	56	163
FOLD	221	154	154	22386	22386	0	43146
RAIL	24	24	56	164
FOLD	222	155	155	22530	22530	0	43408
RAIL	24	24	56	165
FOLD	231	156	156	22680	22680	0	44540
RAIL	24	24	60	170
FOLD	232	157	157	22824	22824	0	44743
RAIL	24	24	60	171
FOLD	237	158	158	22971	22971	0	45408
RAIL	24	24	62	174
FOLD	242	159	159	23118	23118	0	46045
RAIL	24	24	64	177
FOLD	243	160	160	23262	23262	0	46288
RAIL	6	42	64	178
FOLD	246	161	161	23406	23406	0	46814
RAIL	20	28	65	180
FOLD	247	162	162	23550	23550	0	46988
RAIL	24	24	65	181
FOLD	256	159	162	23118	23553	0	47849
RAIL	19	30	71	184
FOLD	272	163	163	23700	23700	0	50129
RAIL	17	32	77	194
FOLD	273	164	164	23847	23847	0	50336
RAIL	24	24	77	195
FOLD	274	165	165	23991	23991	0	50671
RAIL	10	38	77	196
FOLD	275	166	166	24135	24135	0	50848
RAIL	24	24	77	197
FOLD	276	167	167	24279	24279	0	51054
RAIL	10	39	77	198
FOLD	277	168	168	24426	24426	0	51261
RAIL	24	24	77	199
FOLD	282	169	169	24573	24573	0	51985
RAIL	11	37	79	202
FOLD	283	170	170	24717	24717	0	52191
RAIL	24	24	79	203
FOLD	288	171	171	24864	24864	0	52969
RAIL	15	34	81	206
FOLD	289	172	172	25011	25011	0	53153
RAIL	24	24	81	207
FOLD	290	173	173	25155	25155	0	53376
RAIL	12	36	81	208
FOLD	291	174	174	25299	25299	0	53550
RAIL	24	24	81	209
FOLD	296	175	175	25446	25446	0	54339
RAIL	14	35	83	212
FOLD	297	176	176	25593	25593	0	54556
RAIL	24	24	83	213
FOLD	302	177	177	25740	25740	0	55258
RAIL	24	24	85	216
FOLD	303	178	178	25884	25884	0	55444
RAIL	24	24	85	217
FOLD	304	179	179	26028	26028	0	55641
RAIL	24	24	85	218
FOLD	305	180	180	26172	26172	0	55834
RAIL	24	25	85	219
FOLD	306	181	181	26319	26319	0	56029
RAIL	24	24	85	220
FOLD	307	182	182	26463	26463	0	56249
RAIL	24	24	85	221
FOLD	308	183	183	26607	26607	0	56520
RAIL	24	24	85	222
FOLD	313	184	184	26754	26754	0	57284
RAIL	24	24	87	225
FOLD	318	185	185	26901	26901	0	57993
RAIL	24	24	89	228
FOLD	319	186	186	27045	27045	0	58208
RAIL	24	24	89	229
FOLD	324	187	187	27192	27192	0	58949
RAIL	24	24	91	232
FOLD	331	188	188	27339	27339	0	59882
RAIL	24	24	94	236
FOLD	332	189	189	27483	27483	0	60113
RAIL	7	41	94	237
FOLD	333	190	190	27627	27627	0	60263
RAIL	24	24	94	238
FOLD	360	191	191	27774	27774	0	63575
RAIL	16	32	107	252
FOLD	361	192	192	27918	27918	0	63762
RAIL	24	24	107	253
FOLD	362	193	193	28062	28062	0	63964
RAIL	16	33	107	254
FOLD	363	194	194	28209	28209	0	64125
RAIL	24	24	107	255
FOLD	364	195	195	28353	28353	0	64323
RAIL	11	37	107	256
FOLD	365	196	196	28497	28497	0	64489
RAIL	24	24	107	257
FOLD	370	197	197	28644	28644	0	65170
RAIL	15	34	109	260
FOLD	371	198	198	28791	28791	0	65328
RAIL	24	24	109	261
FOLD	376	199	199	28938	28938	0	65973
RAIL	14	34	111	264
FOLD	377	200	200	29082	29082	0	66242
RAIL	24	24	111	265
FOLD	378	201	201	29226	29226	0	66614
RAIL	14	35	111	266
FOLD	379	202	202	29373	29373	0	66879
RAIL	24	24	111	267
FOLD	384	203	203	29520	29520	0	67490
RAIL	24	24	113	270
FOLD	389	204	204	29667	29667	0	68204
RAIL	24	24	115	273
FOLD	390	205	205	29811	29811	0	68402
RAIL	24	24	115	274
FOLD	395	206	206	29958	29958	0	69069
RAIL	24	24	117	277
FOLD	400	207	207	30105	30105	0	69761
RAIL	24	24	119	280
FOLD	401	208	208	30249	30249	0	69957
RAIL	24	24	119	281
FOLD	406	209	209	30396	30396	0	70600
RAIL	24	24	121	284
FOLD	411	210	210	30540	30540	0	71314
RAIL	20	29	123	287
FOLD	412	211	211	30687	30687	0	71508
RAIL	24	24	123	288
FOLD	413	212	212	30831	30831	0	71701
RAIL	7	41	123	289
FOLD	416	213	213	30975	30975	0	72127
RAIL	19	29	124	291
FOLD	417	214	214	31119	31119	0	72288
RAIL	24	24	124	292
FOLD	422	215	215	31266	31266	0	72907
RAIL	8	41	126	295
FOLD	423	216	216	31413	31413	0	73068
RAIL	24	24	126	296
FOLD	428	217	217	31560	31560	0	73743
RAIL	9	39	128	299
FOLD	445	218	218	31704	31704	0	75845
RAIL	24	24	136	308
FOLD	446	219	219	31848	31848	0	76047
RAIL	11	38	136	309
FOLD	453	220	220	31992	31992	0	76842
RAIL	24	24	139	313
FOLD	458	221	221	32139	32139	0	77456
RAIL	14	35	141	316
FOLD	459	222	222	32286	32286	0	77617
RAIL	24	24	141	317
FOLD	460	223	223	32430	32430	0	77810
RAIL	13	35	141	318
FOLD	461	224	224	32574	32574	0	77965
RAIL	24	24	141	319
FOLD	470	225	225	32724	32724	0	79094
RAIL	24	24	145	324
FOLD	471	226	226	32868	32868	0	79307
RAIL	23	25	145	325
FOLD	472	227	227	33012	33012	0	79494
RAIL	24	24	145	326
FOLD	473	228	228	33156	33156	0	79692
RAIL	23	26	145	327
FOLD	474	229	229	33303	33303	0	79860
RAIL	24	24	145	328
FOLD	483	230	230	33450	33450	0	81083
RAIL	21	27	149	333
FOLD	484	231	231	33594	33594	0	81261
RAIL	24	24	149	334
FOLD	493	232	232	33744	33744	0	82490
RAIL	7	41	153	339
FOLD	494	233	233	33888	33888	0	82698
RAIL	24	24	153	340
FOLD	495	234	234	34032	34032	0	82895
RAIL	24	24	153	341
FOLD	496	235	235	34176	34176	0	83122
RAIL	19	29	153	342
FOLD	497	236	236	34320	34320	0	83299
RAIL	24	24	153	343
FOLD	510	237	237	34467	34467	0	84812
RAIL	9	40	159	350
FOLD	511	238	238	34614	34614	0	85010
RAIL	24	24	159	351
FOLD	512	237	238	34470	34614	0	85083
RAIL	17	31	160	351
FOLD	516	239	239	34761	34761	0	85693
RAIL	10	38	161	354
FOLD	529	240	240	34902	34902	0	87366
RAIL	24	24	167	361
FOLD	530	241	241	35046	35046	0	87569
RAIL	15	34	167	362
FOLD	531	242	242	35193	35193	0	87741
RAIL	24	24	167	363
FOLD	532	243	243	35337	35337	0	87936
RAIL	12	36	167	364
FOLD	533	244	244	35481	35481	0	88098
RAIL	24	24	167	365
FOLD	534	245	245	35625	35625	0	88289
RAIL	12	37	167	366
FOLD	541	246	246	35769	35769	0	89176
RAIL	24	24	170	370
FOLD	546	247	247	35916	35916	0	89823
RAIL	24	24	172	373
FOLD	555	248	248	36066	36066	0	91089
RAIL	24	24	176	378
FOLD	556	249	249	36210	36210	0	91286
RAIL	24	24	176	379
FOLD	557	250	250	36354	36354	0	91480
RAIL	22	26	176	380
FOLD	558	251	251	36498	36498	0	91664
RAIL	24	24	176	381
FOLD	567	252	252	36648	36648	0	92807
RAIL	24	24	180	386
FOLD	568	253	253	36792	36792	0	92998
RAIL	24	24	180	387
FOLD	573	254	254	36939	36939	0	93675
RAIL	7	41	182	390
FOLD	580	255	255	37086	37086	0	94576
RAIL	8	40	185	394
FOLD	585	256	256	37227	37227	0	95210
RAIL	24	24	187	397
FOLD	598	257	257	37374	37374	0	96790
RAIL	10	39	193	404
FOLD	611	258	258	37524	37524	0	98468
RAIL	24	24	199	411
FOLD	612	259	259	37668	37668	0	98705
RAIL	12	36	199	412
FOLD	621	260	260	37812	37812	0	99861
RAIL	24	24	203	417
FOLD	636	261	261	37959	37959	0	101737
RAIL	24	24	210	425
FOLD	637	262	262	38103	38103	0	101945
RAIL	22	26	210	426
FOLD	638	263	263	38247	38247	0	102128
RAIL	24	24	210	427
FOLD	639	264	264	38391	38391	0	102364
RAIL	22	27	210	428
FOLD	640	265	265	38538	38538	0	102570
RAIL	24	24	210	429
FOLD	641	266	266	38682	38682	0	102788
RAIL	24	24	210	430
FOLD	646	267	267	38829	38829	0	103477
RAIL	24	24	212	433
FOLD	651	268	268	38973	38973	0	104263
RAIL	20	29	214	436
FOLD	652	269	269	39120	39120	0	104447
RAIL	24	24	214	437
FOLD	663	270	270	39270	39270	0	105818
RAIL	24	24	219	443
FOLD	664	271	271	39414	39414	0	106033
RAIL	18	30	219	444
FOLD	665	272	272	39558	39558	0	106258
RAIL	24	24	219	445
FOLD	666	273	273	39702	39702	0	106496
RAIL	18	31	219	446
FOLD	667	274	274	39849	39849	0	106705
RAIL	24	24	219	447
FOLD	686	275	275	39999	39999	0	109125
RAIL	11	38	228	457
FOLD	695	276	276	40146	40146	0	110416
RAIL	24	24	232	462
FOLD	696	277	277	40290	40290	0	110685
RAIL	14	34	232	463
FOLD	697	278	278	40434	40434	0	110921
RAIL	24	24	232	464
FOLD	698	279	279	40578	40578	0	111142
RAIL	14	35	232	465
FOLD	721	280	280	40725	40725	0	114502
RAIL	24	24	243	477
FOLD	726	281	281	40872	40872	0	115230
RAIL	24	24	245	480
FOLD	731	282	282	41016	41016	0	115976
RAIL	20	29	247	483
FOLD	732	283	283	41163	41163	0	116153
RAIL	24	24	247	484
FOLD	741	284	284	41310	41310	0	117305
RAIL	8	41	251	489
FOLD	744	285	285	41451	41451	0	117875
RAIL	24	24	252	491
FOLD	745	286	286	41595	41595	0	118076
RAIL	18	31	252	492
FOLD	746	287	287	41742	41742	0	118251
RAIL	24	24	252	493
FOLD	747	288	288	41886	41886	0	118459
RAIL	9	39	252	494
FOLD	748	289	289	42030	42030	0	118700
RAIL	24	24	252	495
FOLD	749	290	290	42174	42174	0	118914
RAIL	9	40	252	496
FOLD	750	291	291	42321	42321	0	119070
RAIL	24	24	252	497
FOLD	751	292	292	42465	42465	0	119283
RAIL	17	31	252	498
FOLD	752	293	293	42609	42609	0	119544
RAIL	24	24	252	499
FOLD	801	294	294	42762	42762	0	125878
RAIL	24	24	276	524
FOLD	802	295	295	42906	42906	0	126184
RAIL	21	27	276	525
FOLD	803	296	296	43050	43050	0	126394
RAIL	24	24	276	526
FOLD	804	297	297	43194	43194	0	126625
RAIL	21	28	276	527
FOLD	805	298	298	43341	43341	0	126810
RAIL	24	24	276	528
FOLD	814	299	299	43488	43488	0	128022
RAIL	19	29	280	533
FOLD	815	300	300	43632	43632	0	128216
RAIL	24	24	280	534
FOLD	828	301	301	43779	43779	0	129974
RAIL	9	40	286	541
FOLD	831	302	302	43920	43920	0	130417
RAIL	24	24	287	543
FOLD	836	303	303	44067	44067	0	131125
RAIL	10	39	289	546
FOLD	837	304	304	44214	44214	0	131298
RAIL	24	24	289	547
FOLD	880	305	305	44361	44361	0	136939
RAIL	24	24	310	569
FOLD	881	306	306	44505	44505	0	137151
RAIL	21	27	310	570
FOLD	882	307	307	44649	44649	0	137340
RAIL	24	24	310	571
FOLD	891	308	308	44799	44799	0	138559
RAIL	24	24	314	576
FOLD	892	309	309	44943	44943	0	138761
RAIL	24	24	314	577
FOLD	897	310	310	45090	45090	0	139430
RAIL	8	40	316	580
FOLD	904	311	311	45237	45237	0	140433
RAIL	9	39	319	584
FOLD	907	312	312	45384	45384	0	140858
RAIL	24	24	320	586
FOLD	908	313	313	45528	45528	0	141063
RAIL	17	31	320	587
FOLD	909	314	314	45672	45672	0	141297
RAIL	24	24	320	588
FOLD	962	315	315	45816	45816	0	148209
RAIL	24	24	346	615
FOLD	963	316	316	45960	45960	0	148418
RAIL	24	24	346	616
FOLD	964	317	317	46104	46104	0	148608
RAIL	24	24	346	617
FOLD	965	318	318	46248	46248	0	148806
RAIL	20	28	346	618
FOLD	966	319	319	46392	46392	0	149031
RAIL	24	24	346	619
FOLD	967	320	320	46536	46536	0	149254
RAIL	20	29	346	620
FOLD	968	321	321	46683	46683	0	149443
RAIL	24	24	346	621
FOLD	977	322	322	46830	46830	0	150695
RAIL	24	24	350	626
FOLD	978	323	323	46974	46974	0	150930
RAIL	18	30	350	627
FOLD	979	324	324	47118	47118	0	151157
RAIL	24	24	350	628
FOLD	1024	317	324	46101	47118	0	156321
RAIL	24	24	376	647
FOLD	1046	325	325	47265	47265	0	159941
RAIL	24	24	383	662
FOLD	1113	326	326	47415	47415	0	168613
RAIL	24	24	416	696
FOLD	1118	327	327	47562	47562	0	169409
RAIL	24	24	418	699
FOLD	1123	328	328	47706	47706	0	170262
RAIL	20	29	420	702
FOLD	1126	329	329	47847	47847	0	170808
RAIL	24	24	421	704
FOLD	1183	330	330	47997	47997	0	178291
RAIL	23	26	449	733
FOLD	1184	331	331	48144	48144	0	178525
RAIL	24	24	449	734
FOLD	1185	332	332	48288	48288	0	178734
RAIL	24	24	449	735
FOLD	1190	333	333	48435	48435	0	179510
RAIL	24	24	451	738
FOLD	1195	334	334	48579	48579	0	180251
RAIL	21	28	453	741
FOLD	2048	295	334	42906	48579	0	291552
RAIL	24	24	899	1148
FOLD	4096	277	334	40302	48579	0	560687
RAIL	15	33	1932	2163
FOLD	8192	257	334	37377	48579	0	1087785
RAIL	24	24	3990	4201
FOLD	16384	223	334	32445	48579	0	2177713
RAIL	24	24	8103	8280
FOLD	32768	209	334	30399	48579	0	4316508
RAIL	24	24	16302	16465
