INPUT	877600487917	40	20	204
FRAME	1	0	1	1	51
FOLD	1	1	1	120	120	0	84
RAIL	2	38	0	0
CORRELATION	0	0	0	0
FOLD	2	1	1	123	123	0	100
RAIL	2	39	1	0
CORRELATION	0	0	0	0
FOLD	4	3	3	363	363	0	412
RAIL	20	21	2	1
CORRELATION	0	0	0	0
FOLD	5	5	5	606	606	0	1346
RAIL	3	37	2	2
CORRELATION	0	0	0	0
FOLD	8	7	7	849	849	0	1770
RAIL	19	22	4	3
CORRELATION	0	0	0	0
FOLD	9	9	9	1092	1092	0	1923
RAIL	4	36	4	4
CORRELATION	0	0	0	0
FOLD	12	11	11	1335	1335	0	2172
RAIL	18	23	6	5
CORRELATION	0	0	0	0
FOLD	13	13	13	1578	1578	0	2345
RAIL	5	35	6	6
CORRELATION	0	0	0	0
FOLD	14	15	15	1821	1821	0	2520
RAIL	5	36	6	7
CORRELATION	0	0	0	0
FOLD	15	17	17	2064	2064	0	2697
RAIL	17	23	6	8
CORRELATION	0	0	0	0
FOLD	16	19	19	2307	2307	0	2870
RAIL	17	24	6	9
CORRELATION	0	0	0	0
FOLD	17	21	21	2550	2550	0	3051
RAIL	6	34	6	10
CORRELATION	0	0	0	0
FOLD	18	23	23	2793	2793	0	3256
RAIL	6	35	6	11
CORRELATION	0	0	0	0
FOLD	19	25	25	3036	3036	0	3482
RAIL	16	24	6	12
CORRELATION	0	0	0	0
FOLD	20	27	27	3279	3279	0	3663
RAIL	16	25	6	13
CORRELATION	0	0	0	0
FOLD	21	29	29	3522	3522	0	3891
RAIL	7	33	6	14
CORRELATION	0	0	0	0
FOLD	22	31	31	3765	3765	0	4350
RAIL	7	34	6	15
CORRELATION	0	0	0	0
FOLD	23	33	33	4008	4008	0	4912
RAIL	15	25	6	16
CORRELATION	0	0	0	0
FOLD	24	35	35	4251	4251	0	5158
RAIL	15	26	6	17
CORRELATION	0	0	0	0
FOLD	25	37	37	4494	4494	0	5312
RAIL	8	32	6	18
CORRELATION	0	0	0	0
FOLD	26	39	39	4737	4737	0	5524
RAIL	8	33	6	19
CORRELATION	0	0	0	0
FOLD	27	41	41	4980	4980	0	5751
RAIL	14	26	6	20
CORRELATION	0	0	0	0
FOLD	28	43	43	5223	5223	0	6359
RAIL	14	27	6	21
CORRELATION	0	0	0	0
FOLD	29	45	45	5466	5466	0	6593
RAIL	9	31	6	22
CORRELATION	0	0	0	0
FOLD	30	47	47	5709	5709	0	6811
RAIL	9	32	6	23
CORRELATION	0	0	0	0
FOLD	31	49	49	5952	5952	0	7002
RAIL	13	27	6	24
CORRELATION	0	0	0	0
FOLD	32	51	51	6195	6195	0	7177
RAIL	13	28	6	25
CORRELATION	0	0	0	0
FOLD	33	53	53	6438	6438	0	7428
RAIL	10	30	6	26
CORRELATION	0	0	0	0
FOLD	34	55	55	6681	6681	0	7643
RAIL	10	31	6	27
CORRELATION	0	0	0	0
FOLD	35	57	57	6924	6924	0	7821
RAIL	12	28	6	28
CORRELATION	0	0	0	0
FOLD	36	59	59	7167	7167	0	8363
RAIL	12	29	6	29
CORRELATION	0	0	0	0
FOLD	37	61	61	7410	7410	0	9010
RAIL	11	29	6	30
CORRELATION	0	0	0	0
FOLD	38	63	63	7653	7653	0	9200
RAIL	11	30	6	31
CORRELATION	0	0	0	0
FOLD	38	63	63	7653	7653	0	10096
RAIL	11	30	6	32
CORRELATION	1	0	791	1209
FOLD	38	63	63	7653	7653	0	10118
RAIL	11	30	6	32
CORRELATION	2	0	791	1209
FOLD	39	64	64	7776	7776	0	10169
RAIL	20	20	6	32
CORRELATION	3	0	791	1209
FOLD	39	64	64	7776	7776	0	10359
RAIL	20	20	6	33
CORRELATION	4	0	791	1209
FOLD	40	65	65	7896	7896	0	10364
RAIL	20	21	6	33
CORRELATION	4	0	791	1209
FOLD	41	66	66	8019	8019	0	10627
RAIL	19	21	6	34
CORRELATION	7	0	791	1209
FOLD	41	66	66	8019	8019	0	10852
RAIL	19	21	6	35
CORRELATION	8	0	791	1209
FOLD	42	67	67	8139	8139	0	10859
RAIL	19	22	6	35
CORRELATION	8	0	791	1209
FOLD	43	68	68	8262	8262	0	11325
RAIL	18	22	6	36
CORRELATION	11	0	791	1209
FOLD	44	69	69	8382	8382	0	11848
RAIL	18	23	6	37
CORRELATION	12	0	791	1209
FOLD	45	70	70	8505	8505	0	12067
RAIL	5	35	6	38
CORRELATION	13	0	791	1209
FOLD	47	68	70	8262	8505	0	12725
RAIL	17	23	8	39
CORRELATION	16	1	791	1209
FOLD	52	71	71	8628	8628	0	14396
RAIL	16	25	9	42
CORRELATION	20	6	791	1209
FOLD	53	72	72	8751	8751	0	14571
RAIL	7	33	9	43
CORRELATION	21	6	791	1209
FOLD	54	73	73	8871	8871	0	14924
RAIL	7	34	9	44
CORRELATION	22	8	791	1209
FOLD	55	74	74	8994	8994	0	15598
RAIL	15	25	9	45
CORRELATION	23	10	791	1209
FOLD	56	75	75	9114	9114	0	15775
RAIL	15	26	9	46
CORRELATION	24	10	791	1209
FOLD	57	76	76	9237	9237	0	15944
RAIL	8	32	9	47
CORRELATION	25	10	791	1209
FOLD	58	77	77	9357	9357	0	16491
RAIL	8	33	9	48
CORRELATION	26	12	791	1209
FOLD	59	78	78	9480	9480	0	17154
RAIL	14	26	9	49
CORRELATION	27	14	791	1209
FOLD	60	79	79	9600	9600	0	17334
RAIL	14	27	9	50
CORRELATION	28	14	791	1209
FOLD	61	80	80	9723	9723	0	17674
RAIL	9	31	9	51
CORRELATION	29	15	791	1209
FOLD	62	81	81	9843	9843	0	17866
RAIL	9	32	9	52
CORRELATION	30	15	791	1209
FOLD	63	82	82	9966	9966	0	18036
RAIL	13	27	9	53
CORRELATION	31	15	791	1209
FOLD	63	82	82	9966	9966	0	18735
RAIL	13	27	9	54
CORRELATION	32	18	791	1209
FOLD	64	83	83	10086	10086	0	18741
RAIL	13	28	9	54
CORRELATION	32	18	791	1209
FOLD	65	84	84	10209	10209	0	19057
RAIL	10	30	9	55
CORRELATION	33	20	791	1209
FOLD	66	85	85	10329	10329	0	19298
RAIL	10	31	9	56
CORRELATION	34	20	791	1209
FOLD	67	86	86	10452	10452	0	19537
RAIL	12	28	9	57
CORRELATION	35	20	791	1209
FOLD	68	87	87	10572	10572	0	19909
RAIL	12	29	9	58
CORRELATION	36	22	791	1209
FOLD	69	88	88	10695	10695	0	20360
RAIL	11	29	9	59
CORRELATION	37	24	791	1209
FOLD	70	89	89	10815	10815	0	20599
RAIL	11	30	9	60
CORRELATION	38	24	791	1209
FOLD	71	90	90	10938	10938	0	20937
RAIL	20	20	9	61
CORRELATION	41	25	791	1209
FOLD	72	91	91	11058	11058	0	21233
RAIL	20	21	9	62
CORRELATION	42	26	791	1209
FOLD	73	92	92	11181	11181	0	22428
RAIL	19	21	9	63
CORRELATION	45	30	791	1209
FOLD	74	93	93	11301	11301	0	22680
RAIL	19	22	9	64
CORRELATION	46	30	791	1209
FOLD	75	94	94	11424	11424	0	23650
RAIL	18	22	9	65
CORRELATION	49	34	791	1209
FOLD	76	95	95	11544	11544	0	23965
RAIL	18	23	9	66
CORRELATION	50	34	791	1209
FOLD	77	96	96	11667	11667	0	24214
RAIL	5	35	9	67
CORRELATION	51	34	791	1209
FOLD	89	96	96	11667	11667	0	29413
RAIL	8	32	15	74
CORRELATION	64	51	791	1209
FOLD	90	97	97	11787	11787	0	29427
RAIL	8	33	15	74
CORRELATION	64	51	791	1209
FOLD	91	98	98	11910	11910	0	29654
RAIL	14	26	15	75
CORRELATION	65	51	791	1209
FOLD	92	99	99	12030	12030	0	29816
RAIL	14	27	15	76
CORRELATION	66	51	791	1209
FOLD	93	100	100	12153	12153	0	29989
RAIL	9	31	15	77
CORRELATION	67	51	791	1209
FOLD	94	101	101	12273	12273	0	30268
RAIL	9	32	15	78
CORRELATION	68	51	791	1209
FOLD	95	102	102	12396	12396	0	30726
RAIL	13	27	15	79
CORRELATION	69	53	791	1209
FOLD	96	103	103	12516	12516	0	31127
RAIL	13	28	15	80
CORRELATION	70	55	791	1209
FOLD	97	104	104	12639	12639	0	31359
RAIL	10	30	15	81
CORRELATION	71	55	791	1209
FOLD	98	105	105	12759	12759	0	31796
RAIL	10	31	15	82
CORRELATION	72	57	791	1209
FOLD	99	106	106	12882	12882	0	32080
RAIL	12	28	15	83
CORRELATION	73	57	791	1209
FOLD	100	107	107	13002	13002	0	32604
RAIL	12	29	15	84
CORRELATION	74	59	791	1209
FOLD	101	108	108	13125	13125	0	32968
RAIL	11	29	15	85
CORRELATION	75	61	791	1209
FOLD	102	109	109	13245	13245	0	33194
RAIL	11	30	15	86
CORRELATION	76	61	791	1209
FOLD	103	110	110	13368	13368	0	33825
RAIL	20	20	15	87
CORRELATION	79	63	791	1209
FOLD	104	111	111	13488	13488	0	34247
RAIL	20	21	15	88
CORRELATION	80	65	791	1209
FOLD	105	112	112	13611	13611	0	35153
RAIL	19	21	15	89
CORRELATION	83	68	791	1209
FOLD	106	113	113	13731	13731	0	35833
RAIL	19	22	15	90
CORRELATION	84	70	791	1209
FOLD	107	114	114	13854	13854	0	36328
RAIL	18	22	15	91
CORRELATION	87	72	791	1209
FOLD	108	115	115	13974	13974	0	36625
RAIL	18	23	15	92
CORRELATION	88	72	791	1209
FOLD	109	116	116	14097	14097	0	37715
RAIL	17	23	15	93
CORRELATION	91	76	791	1209
FOLD	110	117	117	14217	14217	0	37927
RAIL	17	24	15	94
CORRELATION	92	76	791	1209
FOLD	111	118	118	14340	14340	0	39108
RAIL	6	35	15	95
CORRELATION	94	80	791	1209
FOLD	114	119	119	14460	14460	0	40566
RAIL	7	33	16	97
CORRELATION	97	84	791	1209
FOLD	123	120	120	14580	14580	0	43408
RAIL	9	32	20	102
CORRELATION	106	90	791	1209
FOLD	124	121	121	14703	14703	0	43738
RAIL	13	27	20	103
CORRELATION	107	90	791	1209
FOLD	125	122	122	14823	14823	0	44634
RAIL	13	28	20	104
CORRELATION	108	92	791	1209
FOLD	126	123	123	14946	14946	0	45681
RAIL	10	30	20	105
CORRELATION	109	94	791	1209
FOLD	127	124	124	15066	15066	0	46018
RAIL	10	31	20	106
CORRELATION	110	94	791	1209
FOLD	128	125	125	15189	15189	0	46662
RAIL	12	28	20	107
CORRELATION	111	96	791	1209
FOLD	129	126	126	15309	15309	0	47342
RAIL	12	29	20	108
CORRELATION	112	98	791	1209
FOLD	130	127	127	15432	15432	0	47614
RAIL	11	29	20	109
CORRELATION	113	98	791	1209
FOLD	131	128	128	15552	15552	0	47926
RAIL	11	30	20	110
CORRELATION	114	98	791	1209
FOLD	132	129	129	15675	15675	0	48917
RAIL	20	20	20	111
CORRELATION	117	102	791	1209
FOLD	133	130	130	15795	15795	0	49457
RAIL	20	21	20	112
CORRELATION	118	104	791	1209
FOLD	134	131	131	15918	15918	0	50066
RAIL	19	21	20	113
CORRELATION	121	106	791	1209
FOLD	135	132	132	16038	16038	0	50375
RAIL	19	22	20	114
CORRELATION	122	106	791	1209
FOLD	136	133	133	16161	16161	0	51593
RAIL	18	22	20	115
CORRELATION	125	111	791	1209
FOLD	137	134	134	16281	16281	0	51859
RAIL	18	23	20	116
CORRELATION	126	111	791	1209
FOLD	137	134	134	16281	16281	0	52699
RAIL	18	23	20	117
CORRELATION	128	113	791	1209
FOLD	138	135	135	16404	16404	0	53437
RAIL	17	23	20	117
CORRELATION	129	116	791	1209
FOLD	139	136	136	16524	16524	0	53750
RAIL	17	24	20	118
CORRELATION	130	116	791	1209
FOLD	140	137	137	16647	16647	0	53989
RAIL	6	35	20	119
CORRELATION	132	117	791	1209
FOLD	143	138	138	16767	16767	0	55308
RAIL	7	33	21	121
CORRELATION	135	121	791	1209
FOLD	144	139	139	16887	16887	0	55877
RAIL	7	34	21	122
CORRELATION	136	123	791	1209
FOLD	145	140	140	17010	17010	0	56129
RAIL	15	25	21	123
CORRELATION	137	124	791	1209
FOLD	146	141	141	17130	17130	0	56380
RAIL	15	26	21	124
CORRELATION	138	124	791	1209
FOLD	147	142	142	17253	17253	0	56622
RAIL	8	32	21	125
CORRELATION	139	124	791	1209
FOLD	156	143	143	17373	17373	0	59148
RAIL	10	31	25	130
CORRELATION	148	132	791	1209
FOLD	157	144	144	17496	17496	0	59480
RAIL	12	28	25	131
CORRELATION	149	132	791	1209
FOLD	158	145	145	17616	17616	0	60120
RAIL	12	29	25	132
CORRELATION	150	135	791	1209
FOLD	159	146	146	17739	17739	0	60418
RAIL	11	29	25	133
CORRELATION	151	135	791	1209
FOLD	160	147	147	17859	17859	0	60683
RAIL	11	30	25	134
CORRELATION	152	135	791	1209
FOLD	161	148	148	17982	17982	0	61688
RAIL	20	20	25	135
CORRELATION	155	139	791	1209
FOLD	162	149	149	18102	18102	0	62831
RAIL	20	21	25	136
CORRELATION	156	142	791	1209
FOLD	163	150	150	18225	18225	0	63124
RAIL	19	21	25	137
CORRELATION	159	142	791	1209
FOLD	164	151	151	18345	18345	0	63482
RAIL	19	22	25	138
CORRELATION	160	142	791	1209
FOLD	165	152	152	18468	18468	0	64102
RAIL	18	22	25	139
CORRELATION	163	145	791	1209
FOLD	166	153	153	18588	18588	0	64433
RAIL	18	23	25	140
CORRELATION	164	145	791	1209
FOLD	167	154	154	18711	18711	0	64889
RAIL	17	23	25	141
CORRELATION	167	147	791	1209
FOLD	168	155	155	18831	18831	0	65166
RAIL	17	24	25	142
CORRELATION	168	147	791	1209
FOLD	169	156	156	18954	18954	0	65945
RAIL	16	24	25	143
CORRELATION	171	151	791	1209
FOLD	170	157	157	19074	19074	0	66172
RAIL	16	25	25	144
CORRELATION	172	151	791	1209
FOLD	171	158	158	19197	19197	0	66585
RAIL	7	33	25	145
CORRELATION	173	153	791	1209
FOLD	176	159	159	19317	19317	0	67771
RAIL	8	33	27	148
CORRELATION	178	156	791	1209
FOLD	177	160	160	19440	19440	0	68177
RAIL	14	26	27	149
CORRELATION	179	158	791	1209
FOLD	178	161	161	19560	19560	0	68615
RAIL	14	27	27	150
CORRELATION	180	159	791	1209
FOLD	179	162	162	19683	19683	0	68957
RAIL	9	31	27	151
CORRELATION	181	161	791	1209
FOLD	188	163	163	19803	19803	0	71215
RAIL	11	30	31	156
CORRELATION	190	167	791	1209
FOLD	189	164	164	19926	19926	0	72352
RAIL	20	20	31	157
CORRELATION	193	171	791	1209
FOLD	190	165	165	20046	20046	0	72654
RAIL	20	21	31	158
CORRELATION	194	173	791	1209
FOLD	191	166	166	20169	20169	0	73757
RAIL	19	21	31	159
CORRELATION	197	178	791	1209
FOLD	192	167	167	20289	20289	0	73931
RAIL	19	22	31	160
CORRELATION	198	178	791	1209
FOLD	193	168	168	20412	20412	0	74762
RAIL	18	22	31	161
CORRELATION	201	181	791	1209
FOLD	194	169	169	20532	20532	0	74948
RAIL	18	23	31	162
CORRELATION	202	181	791	1209
FOLD	195	170	170	20655	20655	0	75441
RAIL	17	23	31	163
CORRELATION	205	182	791	1209
FOLD	196	171	171	20775	20775	0	76534
RAIL	17	24	31	164
CORRELATION	206	185	791	1209
FOLD	197	172	172	20898	20898	0	77409
RAIL	16	24	31	165
CORRELATION	209	188	791	1209
FOLD	198	173	173	21018	21018	0	77819
RAIL	16	25	31	166
CORRELATION	210	190	791	1209
FOLD	199	174	174	21141	21141	0	77994
RAIL	7	33	31	167
CORRELATION	211	190	791	1209
FOLD	208	175	175	21261	21261	0	80141
RAIL	9	32	35	172
CORRELATION	220	195	791	1209
FOLD	209	176	176	21384	21384	0	80580
RAIL	13	27	35	173
CORRELATION	221	196	791	1209
FOLD	210	177	177	21504	21504	0	81080
RAIL	13	28	35	174
CORRELATION	222	198	791	1209
FOLD	211	178	178	21627	21627	0	81477
RAIL	10	30	35	175
CORRELATION	223	200	791	1209
FOLD	220	179	179	21747	21747	0	84911
RAIL	19	22	39	180
CORRELATION	236	212	791	1209
FOLD	221	180	180	21870	21870	0	85912
RAIL	18	22	39	181
CORRELATION	239	216	791	1209
FOLD	222	181	181	21990	21990	0	86356
RAIL	18	23	39	182
CORRELATION	240	218	791	1209
FOLD	223	182	182	22113	22113	0	87580
RAIL	17	23	39	183
CORRELATION	243	222	791	1209
FOLD	224	183	183	22233	22233	0	87758
RAIL	17	24	39	184
CORRELATION	244	222	791	1209
FOLD	225	184	184	22356	22356	0	88845
RAIL	16	24	39	185
CORRELATION	247	226	791	1209
FOLD	226	185	185	22476	22476	0	89006
RAIL	16	25	39	186
CORRELATION	248	226	791	1209
FOLD	227	186	186	22599	22599	0	90401
RAIL	15	25	39	187
CORRELATION	251	230	791	1209
FOLD	228	187	187	22719	22719	0	90700
RAIL	15	26	39	188
CORRELATION	252	230	791	1209
FOLD	229	188	188	22842	22842	0	91041
RAIL	8	32	39	189
CORRELATION	253	230	791	1209
FOLD	231	186	188	22599	22842	0	92024
RAIL	14	26	41	190
CORRELATION	256	233	791	1209
FOLD	238	189	189	22962	22962	0	93858
RAIL	10	31	43	194
CORRELATION	262	240	791	1209
FOLD	239	190	190	23085	23085	0	94198
RAIL	12	28	43	195
CORRELATION	263	242	791	1209
FOLD	248	191	191	23205	23205	0	98258
RAIL	18	23	47	200
CORRELATION	278	257	791	1209
FOLD	249	192	192	23328	23328	0	99094
RAIL	17	23	47	201
CORRELATION	281	260	791	1209
FOLD	250	193	193	23448	23448	0	99253
RAIL	17	24	47	202
CORRELATION	282	260	791	1209
FOLD	251	194	194	23571	23571	0	100067
RAIL	16	24	47	203
CORRELATION	285	265	791	1209
FOLD	252	195	195	23691	23691	0	100223
RAIL	16	25	47	204
CORRELATION	286	265	791	1209
FOLD	253	196	196	23814	23814	0	100897
RAIL	15	25	47	205
CORRELATION	289	267	791	1209
FOLD	254	197	197	23934	23934	0	101333
RAIL	15	26	47	206
CORRELATION	290	268	791	1209
FOLD	255	198	198	24057	24057	0	101909
RAIL	8	32	47	207
CORRELATION	291	270	791	1209
FOLD	256	199	199	24177	24177	0	102087
RAIL	8	33	47	208
CORRELATION	292	270	791	1209
FOLD	257	200	200	24300	24300	0	102342
RAIL	14	26	47	209
CORRELATION	293	272	791	1209
FOLD	258	201	201	24420	24420	0	102529
RAIL	14	27	47	210
CORRELATION	294	272	791	1209
FOLD	259	202	202	24543	24543	0	102923
RAIL	9	31	47	211
CORRELATION	295	273	791	1209
FOLD	276	203	203	24663	24663	0	109938
RAIL	17	24	55	220
CORRELATION	320	297	791	1209
FOLD	277	204	204	24786	24786	0	110554
RAIL	16	24	55	221
CORRELATION	323	299	791	1209
FOLD	278	205	205	24906	24906	0	110768
RAIL	16	25	55	222
CORRELATION	324	301	791	1209
FOLD	279	206	206	25029	25029	0	110992
RAIL	15	25	55	223
CORRELATION	327	301	791	1209
FOLD	280	207	207	25149	25149	0	111204
RAIL	15	26	55	224
CORRELATION	328	303	791	1209
FOLD	281	208	208	25272	25272	0	111433
RAIL	8	32	55	225
CORRELATION	329	303	791	1209
FOLD	282	209	209	25392	25392	0	111611
RAIL	8	33	55	226
CORRELATION	330	303	791	1209
FOLD	283	210	210	25515	25515	0	111766
RAIL	14	26	55	227
CORRELATION	331	303	791	1209
FOLD	300	211	211	25635	25635	0	118264
RAIL	18	23	63	236
CORRELATION	354	327	791	1209
FOLD	301	212	212	25758	25758	0	119049
RAIL	17	23	63	237
CORRELATION	357	331	791	1209
FOLD	302	213	213	25878	25878	0	119403
RAIL	17	24	63	238
CORRELATION	358	333	791	1209
FOLD	303	214	214	26001	26001	0	120154
RAIL	16	24	63	239
CORRELATION	361	336	791	1209
FOLD	304	215	215	26121	26121	0	120385
RAIL	16	25	63	240
CORRELATION	362	337	791	1209
FOLD	305	216	216	26244	26244	0	120853
RAIL	15	25	63	241
CORRELATION	365	339	791	1209
FOLD	326	217	217	26364	26364	0	126124
RAIL	18	23	73	252
CORRELATION	392	357	791	1209
FOLD	327	218	218	26487	26487	0	126739
RAIL	17	23	73	253
CORRELATION	395	359	791	1209
FOLD	328	219	219	26607	26607	0	127207
RAIL	17	24	73	254
CORRELATION	396	361	791	1209
FOLD	329	220	220	26730	26730	0	128276
RAIL	16	24	73	255
CORRELATION	399	365	791	1209
FOLD	406	209	220	25398	26730	0	166105
RAIL	17	24	117	289
CORRELATION	512	479	791	1209
FOLD	512	191	220	23211	26730	0	219649
RAIL	9	32	179	332
CORRELATION	676	639	791	1209
FOLD	733	184	220	22356	26730	0	305036
RAIL	12	28	293	440
CORRELATION	1024	952	791	1209
FOLD	1024	181	220	21984	26730	0	419745
RAIL	12	29	440	583
CORRELATION	1518	1379	791	1209
FOLD	1329	160	220	19449	26730	0	569612
RAIL	10	30	603	726
CORRELATION	2048	1839	791	1209
FOLD	2048	149	220	18117	26730	0	870290
RAIL	19	22	968	1079
CORRELATION	3390	2976	791	1209
FOLD	2418	147	220	17874	26730	0	982328
RAIL	14	27	1154	1264
CORRELATION	4096	3576	791	1209
FOLD	4096	137	220	16665	26730	0	2050940
RAIL	14	27	1998	2097
CORRELATION	7590	6783	791	1209
FOLD	4380	131	220	15927	26730	0	2298426
RAIL	16	25	2144	2236
CORRELATION	8192	7336	791	1209
FOLD	7876	109	220	13254	26730	0	5128393
RAIL	20	21	3903	3973
CORRELATION	16384	14537	791	1209
FOLD	8192	101	220	12270	26730	0	5425474
RAIL	18	22	4064	4127
CORRELATION	17149	15203	791	1209
FOLD	11726	99	220	12030	26730	0	9351091
RAIL	17	24	5833	5893
CORRELATION	26578	23765	791	1209
FRAME	20	19	1	3	9364528
RESULT	closed	933551	940067	9364550	739	1	1	197	505
