INPUT	565095413137	40	19	204
FRAME	1	0	1	1	27
FOLD	1	1	1	120	120	0	48
RAIL	2	38	0	0
FOLD	2	1	1	123	123	0	60
RAIL	2	39	1	0
FOLD	4	3	3	363	363	0	267
RAIL	20	21	2	1
FOLD	5	5	5	606	606	0	441
RAIL	3	37	2	2
FOLD	6	7	7	849	849	0	594
RAIL	3	38	2	3
FOLD	8	9	9	1089	1089	0	1067
RAIL	19	22	3	4
FOLD	9	11	11	1332	1332	0	1308
RAIL	4	36	3	5
FOLD	10	13	13	1575	1575	0	1583
RAIL	4	37	3	6
FOLD	12	15	15	1815	1815	0	2393
RAIL	18	23	4	7
FOLD	13	17	17	2058	2058	0	2567
RAIL	5	35	4	8
FOLD	14	19	19	2301	2301	0	2724
RAIL	5	36	4	9
FOLD	16	21	21	2541	2541	0	2942
RAIL	17	24	5	10
FOLD	17	23	23	2784	2784	0	3150
RAIL	6	34	5	11
FOLD	18	25	25	3027	3027	0	3344
RAIL	6	35	5	12
FOLD	20	27	27	3267	3267	0	3604
RAIL	16	25	6	13
FOLD	21	29	29	3510	3510	0	3786
RAIL	7	33	6	14
FOLD	22	31	31	3753	3753	0	3933
RAIL	7	34	6	15
FOLD	24	33	33	3993	3993	0	4117
RAIL	15	26	7	16
FOLD	25	35	35	4236	4236	0	4346
RAIL	8	32	7	17
FOLD	26	37	37	4479	4479	0	4513
RAIL	8	33	7	18
FOLD	28	39	39	4719	4719	0	4706
RAIL	14	27	8	19
FOLD	29	41	41	4962	4962	0	4872
RAIL	9	31	8	20
FOLD	30	43	43	5205	5205	0	5120
RAIL	9	32	8	21
FOLD	31	45	45	5448	5448	0	5349
RAIL	13	27	8	22
FOLD	32	47	47	5691	5691	0	5560
RAIL	13	28	8	23
FOLD	33	49	49	5934	5934	0	5893
RAIL	10	30	8	24
FOLD	34	51	51	6177	6177	0	6054
RAIL	10	31	8	25
FOLD	35	53	53	6420	6420	0	6209
RAIL	12	28	8	26
FOLD	36	55	55	6663	6663	0	6361
RAIL	12	29	8	27
FOLD	37	57	57	6906	6906	0	6594
RAIL	11	29	8	28
FOLD	38	59	59	7149	7149	0	6797
RAIL	11	30	8	29
FOLD	39	60	60	7272	7272	0	6953
RAIL	20	20	8	30
FOLD	40	61	61	7392	7392	0	7154
RAIL	20	20	8	31
FOLD	41	62	62	7512	7512	0	7351
RAIL	20	20	8	32
FOLD	42	63	63	7632	7632	0	7572
RAIL	20	20	8	33
FOLD	43	64	64	7752	7752	0	7784
RAIL	20	21	8	34
FOLD	44	65	65	7875	7875	0	8114
RAIL	20	20	8	35
FOLD	45	66	66	7995	7995	0	8551
RAIL	3	37	8	36
FOLD	48	67	67	8115	8115	0	9548
RAIL	19	21	9	38
FOLD	49	68	68	8235	8235	0	9963
RAIL	20	20	9	39
FOLD	50	69	69	8355	8355	0	10368
RAIL	19	22	9	40
FOLD	51	70	70	8478	8478	0	10733
RAIL	20	20	9	41
FOLD	52	71	71	8598	8598	0	11138
RAIL	4	36	9	42
FOLD	55	72	72	8718	8718	0	11765
RAIL	18	22	10	44
FOLD	56	73	73	8838	8838	0	11956
RAIL	20	20	10	45
FOLD	57	74	74	8958	8958	0	12163
RAIL	18	23	10	46
FOLD	58	75	75	9081	9081	0	12328
RAIL	20	20	10	47
FOLD	59	76	76	9201	9201	0	12532
RAIL	5	35	10	48
FOLD	60	77	77	9321	9321	0	12699
RAIL	20	20	10	49
FOLD	63	78	78	9441	9441	0	13186
RAIL	20	20	11	51
FOLD	64	77	78	9321	9441	0	13198
RAIL	17	24	12	51
FOLD	68	79	79	9564	9564	0	13859
RAIL	20	20	13	54
FOLD	69	80	80	9684	9684	0	14098
RAIL	16	24	13	55
FOLD	70	81	81	9804	9804	0	14285
RAIL	20	20	13	56
FOLD	75	82	82	9927	9927	0	14907
RAIL	20	20	15	59
FOLD	80	83	83	10050	10050	0	15593
RAIL	8	32	17	62
FOLD	81	84	84	10170	10170	0	15762
RAIL	20	20	17	63
FOLD	82	85	85	10290	10290	0	17519
RAIL	20	20	17	64
FOLD	83	86	86	10410	10410	0	17977
RAIL	14	26	17	65
FOLD	84	87	87	10530	10530	0	18268
RAIL	20	20	17	66
FOLD	89	88	88	10653	10653	0	20269
RAIL	9	32	19	69
FOLD	96	89	89	10773	10773	0	21064
RAIL	20	20	22	73
FOLD	97	90	90	10893	10893	0	21346
RAIL	10	31	22	74
FOLD	104	91	91	11013	11013	0	22218
RAIL	20	20	25	78
FOLD	109	92	92	11136	11136	0	23031
RAIL	20	20	27	81
FOLD	110	93	93	11256	11256	0	23251
RAIL	20	21	27	82
FOLD	111	94	94	11379	11379	0	23429
RAIL	20	20	27	83
FOLD	112	95	95	11499	11499	0	23650
RAIL	3	37	27	84
FOLD	125	96	96	11625	11625	0	25076
RAIL	20	20	33	91
FOLD	128	93	96	11265	11625	0	25129
RAIL	20	20	36	91
FOLD	138	97	97	11748	11748	0	26610
RAIL	16	25	39	98
FOLD	139	98	98	11871	11871	0	26798
RAIL	20	20	39	99
FOLD	144	99	99	11991	11991	0	27405
RAIL	20	20	41	102
FOLD	149	100	100	12114	12114	0	28095
RAIL	20	20	43	105
FOLD	154	101	101	12237	12237	0	32642
RAIL	9	31	45	108
FOLD	155	102	102	12357	12357	0	32910
RAIL	20	20	45	109
FOLD	156	103	103	12477	12477	0	33171
RAIL	9	32	45	110
FOLD	159	104	104	12594	12594	0	33763
RAIL	20	20	46	112
FOLD	160	105	105	12714	12714	0	34042
RAIL	13	28	46	113
FOLD	161	106	106	12837	12837	0	34248
RAIL	20	20	46	114
FOLD	164	107	107	12957	12957	0	34857
RAIL	10	31	47	116
FOLD	171	108	108	13077	13077	0	36035
RAIL	20	20	50	120
FOLD	172	109	109	13197	13197	0	36341
RAIL	11	30	50	121
FOLD	183	110	110	13317	13317	0	38015
RAIL	19	22	55	127
FOLD	184	111	111	13440	13440	0	38351
RAIL	20	20	55	128
FOLD	191	112	112	13563	13563	0	39576
RAIL	5	35	58	132
FOLD	204	113	113	13689	13689	0	41257
RAIL	20	20	64	139
FOLD	205	114	114	13809	13809	0	41564
RAIL	7	33	64	140
FOLD	214	115	115	13932	13932	0	42782
RAIL	20	20	68	145
FOLD	215	116	116	14052	14052	0	43027
RAIL	14	26	68	146
FOLD	216	117	117	14172	14172	0	43193
RAIL	20	20	68	147
FOLD	221	118	118	14295	14295	0	43884
RAIL	20	20	70	150
FOLD	226	119	119	14418	14418	0	44443
RAIL	10	30	72	153
FOLD	227	120	120	14538	14538	0	44617
RAIL	20	20	72	154
FOLD	228	121	121	14658	14658	0	44864
RAIL	20	20	72	155
FOLD	229	122	122	14778	14778	0	45105
RAIL	12	28	72	156
FOLD	230	123	123	14898	14898	0	45272
RAIL	20	20	72	157
FOLD	247	124	124	15018	15018	0	47459
RAIL	20	20	80	166
FOLD	248	125	125	15138	15138	0	47665
RAIL	20	20	80	167
FOLD	249	126	126	15258	15258	0	47868
RAIL	20	20	80	168
FOLD	252	127	127	15378	15378	0	48329
RAIL	18	23	81	170
FOLD	253	128	128	15501	15501	0	48528
RAIL	20	20	81	171
FOLD	256	127	128	15381	15501	0	48694
RAIL	20	20	83	172
FOLD	258	129	129	15621	15621	0	49054
RAIL	20	20	83	174
FOLD	261	130	130	15744	15744	0	49612
RAIL	6	34	84	176
FOLD	262	131	131	15864	15864	0	49772
RAIL	20	20	84	177
FOLD	267	132	132	15987	15987	0	50279
RAIL	20	20	86	180
FOLD	268	133	133	16107	16107	0	50502
RAIL	7	33	86	181
FOLD	275	134	134	16230	16230	0	51353
RAIL	8	32	89	185
FOLD	282	135	135	16353	16353	0	52450
RAIL	9	31	92	189
FOLD	283	136	136	16473	16473	0	52678
RAIL	20	20	92	190
FOLD	294	137	137	16590	16590	0	53766
RAIL	12	29	97	196
FOLD	297	138	138	16707	16707	0	54171
RAIL	20	20	98	198
FOLD	298	139	139	16827	16827	0	54359
RAIL	11	30	98	199
FOLD	299	140	140	16950	16950	0	54644
RAIL	20	20	98	200
FOLD	308	141	141	17073	17073	0	55734
RAIL	20	20	102	205
FOLD	317	142	142	17199	17199	0	56724
RAIL	5	35	106	210
FOLD	322	143	143	17319	17319	0	57407
RAIL	17	24	108	213
FOLD	323	144	144	17442	17442	0	57673
RAIL	20	20	108	214
FOLD	330	145	145	17565	17565	0	58482
RAIL	20	20	111	218
FOLD	335	146	146	17685	17685	0	59115
RAIL	20	20	113	221
FOLD	342	147	147	17808	17808	0	59854
RAIL	20	20	116	225
FOLD	343	148	148	17928	17928	0	60094
RAIL	14	27	116	226
FOLD	358	149	149	18045	18045	0	61998
RAIL	20	20	123	234
FOLD	369	150	150	18165	18165	0	63520
RAIL	20	20	128	240
FOLD	376	151	151	18288	18288	0	64906
RAIL	18	22	131	244
FOLD	377	152	152	18408	18408	0	65103
RAIL	20	20	131	245
FOLD	378	153	153	18528	18528	0	65296
RAIL	18	23	131	246
FOLD	379	154	154	18651	18651	0	65572
RAIL	20	20	131	247
FOLD	380	155	155	18771	18771	0	65779
RAIL	5	35	131	248
FOLD	405	156	156	18894	18894	0	69140
RAIL	20	20	143	261
FOLD	418	157	157	19014	19014	0	71018
RAIL	12	28	149	268
FOLD	419	158	158	19134	19134	0	71197
RAIL	20	20	149	269
FOLD	420	159	159	19254	19254	0	71415
RAIL	12	29	149	270
FOLD	439	160	160	19374	19374	0	73871
RAIL	18	22	158	280
FOLD	440	161	161	19494	19494	0	74472
RAIL	20	20	158	281
FOLD	441	162	162	19614	19614	0	74785
RAIL	18	23	158	282
FOLD	442	163	163	19737	19737	0	75009
RAIL	20	20	158	283
FOLD	451	164	164	19860	19860	0	76061
RAIL	16	24	162	288
FOLD	452	165	165	19980	19980	0	76351
RAIL	20	20	162	289
FOLD	473	166	166	20097	20097	0	78850
RAIL	20	20	172	300
FOLD	502	167	167	20220	20220	0	82918
RAIL	20	20	186	315
FOLD	512	167	167	20217	20220	0	84005
RAIL	20	20	191	320
FOLD	513	168	168	20337	20337	0	84231
RAIL	16	25	191	321
FOLD	516	169	169	20454	20454	0	84717
RAIL	20	20	192	323
FOLD	521	170	170	20577	20577	0	85545
RAIL	20	20	194	326
FOLD	522	171	171	20697	20697	0	85767
RAIL	8	32	194	327
FOLD	585	172	172	20808	20808	0	94190
RAIL	14	26	225	359
FOLD	586	173	173	20928	20928	0	94369
RAIL	20	20	225	360
FOLD	587	174	174	21048	21048	0	94613
RAIL	14	27	225	361
FOLD	684	175	175	21165	21165	0	105923
RAIL	20	20	273	410
FOLD	687	176	176	21285	21285	0	106811
RAIL	17	24	274	412
FOLD	1024	153	176	18498	21285	0	149123
RAIL	20	20	454	569
FOLD	2048	127	176	15348	21285	0	285433
RAIL	20	20	979	1068
FOLD	4096	135	176	16326	21285	0	504422
RAIL	20	20	1999	2096
FOLD	8192	117	176	14136	21285	0	947986
RAIL	20	20	4056	4135
FOLD	16384	93	176	11220	21285	0	1853438
RAIL	20	20	8164	8219
FOLD	32768	67	176	8091	21285	0	3513740
RAIL	20	20	16369	16398
FOLD	43029	76	176	9156	21285	0	4567385
RAIL	20	20	21495	21533
FRAME	20	19	1	3	4567760
RESULT	closed	703789	802933	4567765	616	1	1	198	507
