INPUT	586065369353	40	18	204
FRAME	1	0	1	1	28
FOLD	1	1	1	120	120	0	47
RAIL	2	38	0	0
FOLD	2	1	1	123	123	0	60
RAIL	2	39	1	0
FOLD	4	3	3	363	363	0	306
RAIL	20	21	2	1
FOLD	5	5	5	606	606	0	479
RAIL	3	37	2	2
FOLD	6	7	7	849	849	0	631
RAIL	3	38	2	3
FOLD	8	9	9	1089	1089	0	1051
RAIL	19	22	3	4
FOLD	9	11	11	1332	1332	0	1318
RAIL	4	36	3	5
FOLD	10	13	13	1575	1575	0	1535
RAIL	4	37	3	6
FOLD	12	15	15	1815	1815	0	2406
RAIL	18	23	4	7
FOLD	13	17	17	2058	2058	0	2581
RAIL	5	35	4	8
FOLD	14	19	19	2301	2301	0	2739
RAIL	5	36	4	9
FOLD	16	21	21	2541	2541	0	2989
RAIL	17	24	5	10
FOLD	17	23	23	2784	2784	0	3165
RAIL	6	34	5	11
FOLD	18	25	25	3027	3027	0	3352
RAIL	6	35	5	12
FOLD	20	27	27	3267	3267	0	3595
RAIL	16	25	6	13
FOLD	21	29	29	3510	3510	0	3777
RAIL	7	33	6	14
FOLD	22	31	31	3753	3753	0	3924
RAIL	7	34	6	15
FOLD	24	33	33	3993	3993	0	4124
RAIL	15	26	7	16
FOLD	25	35	35	4236	4236	0	4286
RAIL	8	32	7	17
FOLD	26	37	37	4479	4479	0	4487
RAIL	8	33	7	18
FOLD	27	39	39	4722	4722	0	4895
RAIL	14	26	7	19
FOLD	28	41	41	4965	4965	0	5121
RAIL	14	27	7	20
FOLD	29	43	43	5208	5208	0	5523
RAIL	9	31	7	21
FOLD	30	45	45	5451	5451	0	5749
RAIL	9	32	7	22
FOLD	31	47	47	5694	5694	0	5938
RAIL	13	27	7	23
FOLD	32	49	49	5937	5937	0	6097
RAIL	13	28	7	24
FOLD	33	51	51	6180	6180	0	6335
RAIL	10	30	7	25
FOLD	34	53	53	6423	6423	0	6497
RAIL	10	31	7	26
FOLD	35	55	55	6666	6666	0	6685
RAIL	12	28	7	27
FOLD	36	57	57	6909	6909	0	7729
RAIL	12	29	7	28
FOLD	37	59	59	7152	7152	0	7915
RAIL	11	29	7	29
FOLD	38	61	61	7395	7395	0	8074
RAIL	11	30	7	30
FOLD	39	62	62	7518	7518	0	8291
RAIL	20	20	7	31
FOLD	40	63	63	7638	7638	0	8514
RAIL	20	20	7	32
FOLD	41	64	64	7758	7758	0	8710
RAIL	20	20	7	33
FOLD	42	65	65	7878	7878	0	8887
RAIL	20	20	7	34
FOLD	43	66	66	7998	7998	0	9130
RAIL	20	21	7	35
FOLD	44	67	67	8121	8121	0	9414
RAIL	20	20	7	36
FOLD	45	68	68	8241	8241	0	9656
RAIL	3	37	7	37
FOLD	48	69	69	8361	8361	0	10187
RAIL	19	21	8	39
FOLD	49	70	70	8481	8481	0	10378
RAIL	20	20	8	40
FOLD	50	71	71	8601	8601	0	10632
RAIL	19	22	8	41
FOLD	51	72	72	8724	8724	0	10848
RAIL	20	20	8	42
FOLD	52	73	73	8844	8844	0	11112
RAIL	4	36	8	43
FOLD	55	74	74	8964	8964	0	11685
RAIL	18	22	9	45
FOLD	56	75	75	9084	9084	0	11886
RAIL	20	20	9	46
FOLD	57	76	76	9204	9204	0	12135
RAIL	18	23	9	47
FOLD	58	77	77	9327	9327	0	12300
RAIL	20	20	9	48
FOLD	59	78	78	9447	9447	0	12543
RAIL	5	35	9	49
FOLD	60	79	79	9567	9567	0	12705
RAIL	20	20	9	50
FOLD	61	80	80	9687	9687	0	12951
RAIL	20	20	9	51
FOLD	64	79	80	9567	9687	0	13127
RAIL	17	24	11	52
FOLD	66	81	81	9810	9810	0	13830
RAIL	6	34	11	54
FOLD	67	82	82	9930	9930	0	14079
RAIL	20	20	11	55
FOLD	72	83	83	10053	10053	0	14744
RAIL	20	20	13	58
FOLD	73	84	84	10173	10173	0	14997
RAIL	7	33	13	59
FOLD	74	85	85	10293	10293	0	15197
RAIL	20	20	13	60
FOLD	79	86	86	10416	10416	0	15785
RAIL	20	20	15	63
FOLD	86	87	87	10533	10533	0	16588
RAIL	14	27	18	67
FOLD	87	88	88	10656	10656	0	16765
RAIL	20	20	18	68
FOLD	88	89	89	10776	10776	0	16979
RAIL	9	31	18	69
FOLD	89	90	90	10896	10896	0	17164
RAIL	20	20	18	70
FOLD	100	91	91	11019	11019	0	18567
RAIL	12	28	23	76
FOLD	101	92	92	11139	11139	0	18786
RAIL	20	20	23	77
FOLD	102	93	93	11259	11259	0	19021
RAIL	12	29	23	78
FOLD	103	94	94	11382	11382	0	19193
RAIL	20	20	23	79
FOLD	108	95	95	11505	11505	0	19779
RAIL	20	20	25	82
FOLD	113	96	96	11628	11628	0	20412
RAIL	3	37	27	85
FOLD	118	97	97	11748	11748	0	21178
RAIL	19	22	29	88
FOLD	119	98	98	11871	11871	0	21369
RAIL	20	20	29	89
FOLD	126	99	99	11994	11994	0	22293
RAIL	20	20	32	93
FOLD	128	97	99	11754	11994	0	22312
RAIL	20	20	34	93
FOLD	139	100	100	12117	12117	0	24021
RAIL	16	25	38	100
FOLD	140	101	101	12240	12240	0	24205
RAIL	20	20	38	101
FOLD	145	102	102	12360	12360	0	25031
RAIL	20	20	40	104
FOLD	150	103	103	12483	12483	0	25997
RAIL	8	33	42	107
FOLD	153	104	104	12600	12600	0	26472
RAIL	20	20	43	109
FOLD	158	105	105	12723	12723	0	27141
RAIL	9	32	45	112
FOLD	165	106	106	12843	12843	0	28071
RAIL	20	20	48	116
FOLD	166	107	107	12963	12963	0	28309
RAIL	10	31	48	117
FOLD	169	108	108	13080	13080	0	28784
RAIL	20	20	49	119
FOLD	170	109	109	13200	13200	0	29001
RAIL	12	29	49	120
FOLD	171	110	110	13323	13323	0	29692
RAIL	20	20	49	121
FOLD	172	111	111	13443	13443	0	30017
RAIL	11	29	49	122
FOLD	173	112	112	13563	13563	0	30331
RAIL	20	20	49	123
FOLD	182	113	113	13689	13689	0	31892
RAIL	20	20	53	128
FOLD	187	114	114	13812	13812	0	32495
RAIL	20	20	55	131
FOLD	192	115	115	13935	13935	0	33045
RAIL	20	20	57	134
FOLD	193	116	116	14055	14055	0	33275
RAIL	5	35	57	135
FOLD	200	117	117	14178	14178	0	34042
RAIL	6	34	60	139
FOLD	207	118	118	14301	14301	0	34829
RAIL	7	33	63	143
FOLD	218	119	119	14424	14424	0	35890
RAIL	20	20	68	149
FOLD	219	120	120	14544	14544	0	36079
RAIL	14	27	68	150
FOLD	220	121	121	14667	14667	0	36251
RAIL	20	20	68	151
FOLD	221	122	122	14787	14787	0	36451
RAIL	9	31	68	152
FOLD	222	123	123	14907	14907	0	36605
RAIL	20	20	68	153
FOLD	223	124	124	15027	15027	0	36792
RAIL	20	20	68	154
FOLD	228	125	125	15150	15150	0	37284
RAIL	10	30	70	157
FOLD	229	126	126	15270	15270	0	37461
RAIL	20	20	70	158
FOLD	236	127	127	15390	15390	0	38177
RAIL	11	29	73	162
FOLD	237	128	128	15510	15510	0	38350
RAIL	20	20	73	163
FOLD	248	129	129	15630	15630	0	39474
RAIL	20	20	78	169
FOLD	256	129	129	15636	15636	0	40160
RAIL	20	20	82	173
FOLD	257	130	130	15756	15756	0	40444
RAIL	5	35	82	174
FOLD	264	131	131	15879	15879	0	41405
RAIL	6	34	85	178
FOLD	265	132	132	15999	15999	0	41551
RAIL	20	20	85	179
FOLD	266	133	133	16119	16119	0	41731
RAIL	20	20	85	180
FOLD	267	134	134	16239	16239	0	41928
RAIL	16	24	85	181
FOLD	268	135	135	16359	16359	0	42102
RAIL	20	20	85	182
FOLD	269	136	136	16479	16479	0	42298
RAIL	16	25	85	183
FOLD	270	137	137	16602	16602	0	42460
RAIL	20	20	85	184
FOLD	271	138	138	16722	16722	0	42654
RAIL	7	33	85	185
FOLD	284	139	139	16848	16848	0	43946
RAIL	20	20	91	192
FOLD	289	140	140	16968	16968	0	44444
RAIL	20	20	93	195
FOLD	294	141	141	17091	17091	0	45005
RAIL	10	31	95	198
FOLD	295	142	142	17214	17214	0	45158
RAIL	20	20	95	199
FOLD	296	143	143	17334	17334	0	45366
RAIL	12	28	95	200
FOLD	297	144	144	17454	17454	0	45533
RAIL	20	20	95	201
FOLD	298	145	145	17574	17574	0	45732
RAIL	12	29	95	202
FOLD	319	146	146	17694	17694	0	47965
RAIL	18	23	105	213
FOLD	320	147	147	17817	17817	0	48127
RAIL	20	20	105	214
FOLD	321	148	148	17937	17937	0	48311
RAIL	20	20	105	215
FOLD	322	149	149	18057	18057	0	48493
RAIL	20	20	105	216
FOLD	327	150	150	18180	18180	0	48997
RAIL	6	34	107	219
FOLD	334	151	151	18303	18303	0	49866
RAIL	7	33	110	223
FOLD	335	152	152	18423	18423	0	50019
RAIL	20	20	110	224
FOLD	344	153	153	18546	18546	0	50989
RAIL	14	26	114	229
FOLD	345	154	154	18666	18666	0	51170
RAIL	20	20	114	230
FOLD	368	155	155	18783	18783	0	53512
RAIL	20	20	125	242
FOLD	369	156	156	18903	18903	0	53711
RAIL	20	20	125	243
FOLD	370	157	157	19023	19023	0	53913
RAIL	20	21	125	244
FOLD	371	158	158	19146	19146	0	54082
RAIL	20	20	125	245
FOLD	380	159	159	19269	19269	0	55030
RAIL	18	22	129	250
FOLD	381	160	160	19389	19389	0	55197
RAIL	20	20	129	251
FOLD	390	161	161	19515	19515	0	56108
RAIL	6	34	133	256
FOLD	393	162	162	19635	19635	0	56571
RAIL	16	24	134	258
FOLD	394	163	163	19755	19755	0	56737
RAIL	20	20	134	259
FOLD	405	164	164	19881	19881	0	57891
RAIL	20	20	139	265
FOLD	406	165	165	20001	20001	0	58088
RAIL	20	20	139	266
FOLD	441	166	166	20118	20118	0	61776
RAIL	20	20	156	284
FOLD	442	167	167	20238	20238	0	61971
RAIL	20	20	156	285
FOLD	447	168	168	20361	20361	0	62570
RAIL	20	20	158	288
FOLD	452	169	169	20484	20484	0	63206
RAIL	20	20	160	291
FOLD	453	170	170	20604	20604	0	63429
RAIL	20	20	160	292
FOLD	462	171	171	20727	20727	0	64493
RAIL	15	25	164	297
FOLD	463	172	172	20847	20847	0	64698
RAIL	20	20	164	298
FOLD	464	173	173	20967	20967	0	64952
RAIL	15	26	164	299
FOLD	469	174	174	21084	21084	0	65639
RAIL	14	26	166	302
FOLD	470	175	175	21204	21204	0	65813
RAIL	20	20	166	303
FOLD	505	176	176	21324	21324	0	69648
RAIL	20	20	183	321
FOLD	512	175	176	21207	21327	0	70338
RAIL	17	24	187	324
FOLD	514	177	177	21450	21450	0	70693
RAIL	20	20	187	326
FOLD	515	178	178	21570	21570	0	70883
RAIL	20	20	187	327
FOLD	516	179	179	21690	21690	0	71079
RAIL	16	24	187	328
FOLD	517	180	180	21810	21810	0	71320
RAIL	20	20	187	329
FOLD	542	181	181	21924	21924	0	74513
RAIL	20	20	199	342
FOLD	563	182	182	22050	22050	0	76969
RAIL	20	20	209	353
FOLD	564	183	183	22170	22170	0	77170
RAIL	20	20	209	354
FOLD	569	184	184	22293	22293	0	77903
RAIL	20	20	211	357
FOLD	586	185	185	22407	22407	0	80793
RAIL	15	26	219	366
FOLD	587	186	186	22530	22530	0	81006
RAIL	20	20	219	367
FOLD	588	187	187	22650	22650	0	81268
RAIL	8	32	219	368
FOLD	589	188	188	22770	22770	0	81499
RAIL	20	20	219	369
FOLD	642	189	189	22893	22893	0	88008
RAIL	7	33	245	396
FOLD	663	190	190	23010	23010	0	92294
RAIL	10	30	255	407
FOLD	670	191	191	23133	23133	0	93831
RAIL	11	29	258	411
FOLD	1024	167	191	20214	23133	0	143761
RAIL	13	28	447	576
FOLD	2048	137	191	16572	23133	0	257798
RAIL	18	23	974	1073
FOLD	4096	137	191	16593	23133	0	461050
RAIL	16	24	1998	2097
FOLD	8192	131	191	15837	23133	0	909679
RAIL	20	20	4049	4142
FOLD	10705	92	191	11124	23133	0	1149525
RAIL	20	20	5325	5379
FRAME	20	19	1	3	1150005
RESULT	closed	754703	776551	1150009	668	1	1	199	509
