0: 0.000000000000 1.000000000000
1: 0.382683432365 0.923879532511
2: 0.707106781187 0.707106781187
3: 0.923879532511 0.382683432365
4: 1.000000000000 0.000000000000
5: 0.923879532511 -0.382683432365
6: 0.707106781187 -0.707106781187
7: 0.382683432365 -0.923879532511
8: 0.000000000000 -1.000000000000
9: -0.382683432365 -0.923879532511
10: -0.707106781187 -0.707106781187
11: -0.923879532511 -0.382683432365
12: -1.000000000000 -0.000000000000
13: -0.923879532511 0.382683432365
14: -0.707106781187 0.707106781187
15: -0.382683432365 0.923879532511
sorted: 95 100.0000
sorted: 196 100.0000
sorted: 297 100.0000
sorted: 398 100.0000
sorted: 499 100.0000
sorted: 600 100.0000
sorted: 701 100.0000
sorted: 802 100.0000
