INPUT	140943780112609	48	18	244
FRAME	1	0	1	1	42
FOLD	1	1	1	144	144	0	60
RAIL	2	46	0	0
CORRELATION	0	0	0	0
SQUARE	0	0
FOLD	2	1	1	147	147	0	73
RAIL	2	47	1	0
CORRELATION	0	0	0	0
SQUARE	0	0
FOLD	4	3	3	435	435	0	320
RAIL	24	25	2	1
CORRELATION	0	0	0	0
SQUARE	0	0
FOLD	5	5	5	726	726	0	555
RAIL	3	45	2	2
CORRELATION	0	0	0	0
SQUARE	0	0
FOLD	6	7	7	1017	1017	0	891
RAIL	3	46	2	3
CORRELATION	0	0	0	0
SQUARE	0	0
FOLD	8	9	9	1305	1305	0	1219
RAIL	23	26	3	4
CORRELATION	0	0	0	0
SQUARE	0	0
FOLD	9	11	11	1596	1596	0	1512
RAIL	4	44	3	5
CORRELATION	0	0	0	0
SQUARE	0	0
FOLD	10	13	13	1887	1887	0	1753
RAIL	4	45	3	6
CORRELATION	0	0	0	0
SQUARE	0	0
FOLD	12	15	15	2175	2175	0	2811
RAIL	22	27	4	7
CORRELATION	0	0	0	0
SQUARE	0	0
FOLD	13	17	17	2466	2466	0	3020
RAIL	5	43	4	8
CORRELATION	0	0	0	0
SQUARE	0	0
FOLD	14	19	19	2757	2757	0	3255
RAIL	5	44	4	9
CORRELATION	0	0	0	0
SQUARE	0	0
FOLD	16	21	21	3045	3045	0	3560
RAIL	21	28	5	10
CORRELATION	0	0	0	0
SQUARE	0	0
FOLD	17	23	23	3336	3336	0	3807
RAIL	6	42	5	11
CORRELATION	0	0	0	0
SQUARE	0	0
FOLD	18	25	25	3627	3627	0	3991
RAIL	6	43	5	12
CORRELATION	0	0	0	0
SQUARE	0	0
FOLD	20	27	27	3915	3915	0	4233
RAIL	20	29	6	13
CORRELATION	0	0	0	0
SQUARE	0	0
FOLD	21	29	29	4206	4206	0	4517
RAIL	7	41	6	14
CORRELATION	0	0	0	0
SQUARE	0	0
FOLD	22	31	31	4497	4497	0	4807
RAIL	7	42	6	15
CORRELATION	0	0	0	0
SQUARE	0	0
FOLD	24	33	33	4785	4785	0	5043
RAIL	19	30	7	16
CORRELATION	0	0	0	0
SQUARE	0	0
FOLD	25	35	35	5076	5076	0	5277
RAIL	8	40	7	17
CORRELATION	0	0	0	0
SQUARE	0	0
FOLD	26	37	37	5367	5367	0	5536
RAIL	8	41	7	18
CORRELATION	0	0	0	0
SQUARE	0	0
FOLD	28	39	39	5655	5655	0	5817
RAIL	18	31	8	19
CORRELATION	0	0	0	0
SQUARE	0	0
FOLD	29	41	41	5946	5946	0	6020
RAIL	9	39	8	20
CORRELATION	0	0	0	0
SQUARE	0	0
FOLD	30	43	43	6237	6237	0	6261
RAIL	9	40	8	21
CORRELATION	0	0	0	0
SQUARE	0	0
FOLD	32	45	45	6525	6525	0	6515
RAIL	17	32	9	22
CORRELATION	0	0	0	0
SQUARE	0	0
FOLD	33	47	47	6816	6816	0	6717
RAIL	10	38	9	23
CORRELATION	0	0	0	0
SQUARE	0	0
FOLD	34	49	49	7107	7107	0	6917
RAIL	10	39	9	24
CORRELATION	0	0	0	0
SQUARE	0	0
FOLD	36	51	51	7395	7395	0	7160
RAIL	16	33	10	25
CORRELATION	0	0	0	0
SQUARE	0	0
FOLD	37	53	53	7686	7686	0	7354
RAIL	11	37	10	26
CORRELATION	0	0	0	0
SQUARE	0	0
FOLD	38	55	55	7977	7977	0	7555
RAIL	11	38	10	27
CORRELATION	0	0	0	0
SQUARE	0	0
FOLD	40	57	57	8265	8265	0	8624
RAIL	15	34	11	28
CORRELATION	0	0	0	0
SQUARE	0	0
FOLD	41	59	59	8556	8556	0	8998
RAIL	12	36	11	29
CORRELATION	0	0	0	0
SQUARE	0	0
FOLD	42	61	61	8847	8847	0	9232
RAIL	12	37	11	30
CORRELATION	0	0	0	0
SQUARE	0	0
FOLD	44	63	63	9135	9135	0	9466
RAIL	14	35	12	31
CORRELATION	0	0	0	0
SQUARE	0	0
FOLD	45	65	65	9426	9426	0	9718
RAIL	13	35	12	32
CORRELATION	0	0	0	0
SQUARE	0	0
FOLD	46	67	67	9717	9717	0	9900
RAIL	13	36	12	33
CORRELATION	0	0	0	0
SQUARE	0	0
FOLD	46	67	67	9717	9717	0	10807
RAIL	13	36	12	34
CORRELATION	0	0	1142	1740
SQUARE	1	86
FOLD	46	67	67	9717	9717	0	10814
RAIL	13	36	12	34
CORRELATION	0	0	1142	1740
SQUARE	2	87
FOLD	46	67	67	9717	9717	0	10820
RAIL	13	36	12	34
CORRELATION	0	0	1142	1740
SQUARE	4	88
FOLD	46	67	67	9717	9717	0	10834
RAIL	13	36	12	34
CORRELATION	0	0	1142	1740
SQUARE	8	95
FOLD	46	67	67	9717	9717	0	10844
RAIL	13	36	12	34
CORRELATION	0	0	1142	1740
SQUARE	16	96
FOLD	46	67	67	9717	9717	0	10869
RAIL	13	36	12	34
CORRELATION	0	0	1142	1740
SQUARE	32	102
FOLD	46	67	67	9717	9717	0	10933
RAIL	13	36	12	34
CORRELATION	1	0	1142	1740
SQUARE	48	103
FOLD	46	67	67	9717	9717	0	11494
RAIL	13	36	12	34
CORRELATION	1	0	1142	1740
SQUARE	64	104
FOLD	46	67	67	9717	9717	0	11986
RAIL	13	36	12	34
CORRELATION	2	0	1142	1740
SQUARE	96	105
FOLD	46	67	67	9717	9717	0	12025
RAIL	13	36	12	34
CORRELATION	2	0	1142	1740
SQUARE	128	107
FOLD	47	68	68	9864	9864	0	12095
RAIL	24	24	12	34
CORRELATION	3	0	1142	1740
SQUARE	144	107
FOLD	47	68	68	9864	9864	0	12445
RAIL	24	24	12	35
CORRELATION	4	0	1142	1740
SQUARE	192	109
FOLD	48	69	69	10008	10008	0	12451
RAIL	24	25	12	35
CORRELATION	4	0	1142	1740
SQUARE	192	109
FOLD	49	70	70	10155	10155	0	12717
RAIL	3	45	12	36
CORRELATION	5	0	1142	1740
SQUARE	240	109
FOLD	49	70	70	10155	10155	0	12743
RAIL	3	45	13	36
CORRELATION	5	0	1142	1740
SQUARE	256	109
FOLD	50	69	70	10011	10155	0	13205
RAIL	23	25	13	37
CORRELATION	8	0	1142	1740
SQUARE	384	112
FOLD	52	71	71	10302	10302	0	13558
RAIL	4	44	13	38
CORRELATION	9	0	1142	1740
SQUARE	432	112
FOLD	52	71	71	10302	10302	0	13906
RAIL	4	44	14	38
CORRELATION	10	0	1142	1740
SQUARE	512	112
FOLD	55	72	72	10449	10449	0	14582
RAIL	5	43	14	40
CORRELATION	13	0	1142	1740
SQUARE	624	112
FOLD	56	73	73	10593	10593	0	14946
RAIL	21	27	14	41
CORRELATION	15	0	1142	1740
SQUARE	720	112
FOLD	56	73	73	10593	10593	0	15267
RAIL	21	27	14	42
CORRELATION	16	0	1142	1740
SQUARE	768	114
FOLD	57	74	74	10737	10737	0	15274
RAIL	21	28	14	42
CORRELATION	16	0	1142	1740
SQUARE	768	114
FOLD	58	75	75	10884	10884	0	15543
RAIL	6	42	14	43
CORRELATION	17	0	1142	1740
SQUARE	816	114
FOLD	59	76	76	11028	11028	0	15892
RAIL	20	28	14	44
CORRELATION	19	0	1142	1740
SQUARE	912	114
FOLD	60	77	77	11172	11172	0	16193
RAIL	20	29	14	45
CORRELATION	20	0	1142	1740
SQUARE	960	114
FOLD	61	78	78	11319	11319	0	16588
RAIL	7	41	14	46
CORRELATION	21	1	1142	1740
SQUARE	1008	114
FOLD	61	78	78	11319	11319	0	16857
RAIL	7	41	14	47
CORRELATION	21	1	1142	1740
SQUARE	1024	114
FOLD	62	79	79	11463	11463	0	17364
RAIL	19	29	14	47
CORRELATION	23	4	1142	1740
SQUARE	1104	114
FOLD	63	80	80	11607	11607	0	17849
RAIL	19	30	14	48
CORRELATION	24	6	1142	1740
SQUARE	1152	114
FOLD	64	81	81	11754	11754	0	18268
RAIL	8	40	14	49
CORRELATION	25	6	1142	1740
SQUARE	1200	114
FOLD	65	82	82	11898	11898	0	18685
RAIL	18	30	14	50
CORRELATION	27	7	1142	1740
SQUARE	1296	114
FOLD	66	83	83	12042	12042	0	19240
RAIL	18	31	14	51
CORRELATION	28	9	1142	1740
SQUARE	1344	114
FOLD	67	84	84	12189	12189	0	19740
RAIL	9	39	14	52
CORRELATION	29	10	1142	1740
SQUARE	1392	114
FOLD	68	85	85	12333	12333	0	20286
RAIL	17	31	14	53
CORRELATION	31	12	1142	1740
SQUARE	1488	117
FOLD	68	85	85	12333	12333	0	20563
RAIL	17	31	14	54
CORRELATION	32	12	1142	1740
SQUARE	1536	117
FOLD	69	86	86	12477	12477	0	20570
RAIL	17	32	14	54
CORRELATION	32	12	1142	1740
SQUARE	1536	117
FOLD	70	87	87	12624	12624	0	21217
RAIL	10	38	14	55
CORRELATION	33	12	1142	1740
SQUARE	1584	117
FOLD	71	88	88	12768	12768	0	22364
RAIL	16	32	14	56
CORRELATION	35	17	1142	1740
SQUARE	1680	117
FOLD	72	89	89	12912	12912	0	22689
RAIL	16	33	14	57
CORRELATION	36	17	1142	1740
SQUARE	1728	117
FOLD	73	90	90	13059	13059	0	23615
RAIL	11	37	14	58
CORRELATION	37	20	1142	1740
SQUARE	1776	117
FOLD	74	91	91	13203	13203	0	23958
RAIL	15	33	14	59
CORRELATION	39	20	1142	1740
SQUARE	1872	117
FOLD	75	92	92	13347	13347	0	24221
RAIL	15	34	14	60
CORRELATION	40	20	1142	1740
SQUARE	1920	117
FOLD	76	91	92	13200	13347	0	24991
RAIL	12	36	15	61
CORRELATION	42	21	1142	1740
SQUARE	2048	117
FOLD	78	93	93	13488	13488	0	25361
RAIL	14	35	15	62
CORRELATION	44	22	1142	1740
SQUARE	2112	117
FOLD	83	94	94	13629	13629	0	27572
RAIL	3	45	17	65
CORRELATION	51	31	1142	1740
SQUARE	2448	117
FOLD	86	95	95	13776	13776	0	28754
RAIL	4	44	18	67
CORRELATION	55	35	1142	1740
SQUARE	2640	117
FOLD	89	96	96	13923	13923	0	29868
RAIL	5	43	19	69
CORRELATION	59	37	1142	1740
SQUARE	2832	117
FOLD	92	97	97	14070	14070	0	31263
RAIL	6	42	20	71
CORRELATION	63	42	1142	1740
SQUARE	3024	119
FOLD	92	97	97	14070	14070	0	31384
RAIL	6	42	21	71
CORRELATION	64	42	1142	1740
SQUARE	3072	119
FOLD	95	98	98	14217	14217	0	32386
RAIL	7	41	21	73
CORRELATION	67	45	1142	1740
SQUARE	3216	119
FOLD	96	99	99	14361	14361	0	32995
RAIL	19	29	21	74
CORRELATION	69	49	1142	1740
SQUARE	3312	119
FOLD	97	100	100	14505	14505	0	33241
RAIL	19	30	21	75
CORRELATION	70	49	1142	1740
SQUARE	3360	119
FOLD	98	101	101	14652	14652	0	33783
RAIL	8	40	21	76
CORRELATION	71	51	1142	1740
SQUARE	3408	119
FOLD	99	102	102	14796	14796	0	34551
RAIL	18	30	21	77
CORRELATION	73	54	1142	1740
SQUARE	3504	119
FOLD	100	103	103	14940	14940	0	34786
RAIL	18	31	21	78
CORRELATION	74	54	1142	1740
SQUARE	3552	119
FOLD	101	104	104	15087	15087	0	35188
RAIL	9	39	21	79
CORRELATION	75	54	1142	1740
SQUARE	3600	119
FOLD	102	105	105	15231	15231	0	35494
RAIL	17	31	21	80
CORRELATION	77	54	1142	1740
SQUARE	3696	119
FOLD	103	106	106	15375	15375	0	35739
RAIL	17	32	21	81
CORRELATION	78	54	1142	1740
SQUARE	3744	119
FOLD	104	107	107	15522	15522	0	36208
RAIL	10	38	21	82
CORRELATION	79	55	1142	1740
SQUARE	3792	119
FOLD	105	108	108	15666	15666	0	36622
RAIL	16	32	21	83
CORRELATION	81	58	1142	1740
SQUARE	3888	119
FOLD	106	109	109	15810	15810	0	36943
RAIL	16	33	21	84
CORRELATION	82	58	1142	1740
SQUARE	3936	119
FOLD	108	109	109	15807	15810	0	37873
RAIL	15	33	22	86
CORRELATION	85	60	1142	1740
SQUARE	4096	119
FOLD	109	110	110	15951	15951	0	37944
RAIL	15	34	22	86
CORRELATION	86	61	1142	1740
SQUARE	4128	119
FOLD	112	111	111	16092	16092	0	39183
RAIL	14	35	23	88
CORRELATION	90	64	1142	1740
SQUARE	4320	119
FOLD	117	112	112	16233	16233	0	42725
RAIL	23	25	25	91
CORRELATION	99	76	1142	1740
SQUARE	4752	119
FOLD	118	113	113	16377	16377	0	43111
RAIL	23	26	25	92
CORRELATION	100	76	1142	1740
SQUARE	4800	119
FOLD	119	114	114	16524	16524	0	43955
RAIL	22	26	25	93
CORRELATION	103	79	1142	1740
SQUARE	4944	119
FOLD	120	115	115	16668	16668	0	44192
RAIL	22	27	25	94
CORRELATION	104	79	1142	1740
SQUARE	4992	119
FOLD	121	116	116	16815	16815	0	45022
RAIL	5	43	25	95
CORRELATION	105	82	1142	1740
SQUARE	5040	119
FOLD	124	117	117	16962	16962	0	45933
RAIL	6	42	26	97
CORRELATION	109	85	1142	1740
SQUARE	5232	119
FOLD	127	118	118	17109	17109	0	48144
RAIL	7	41	27	99
CORRELATION	113	92	1142	1740
SQUARE	5424	119
FOLD	128	117	118	16965	17109	0	48327
RAIL	19	29	28	99
CORRELATION	115	92	1142	1740
SQUARE	5520	119
FOLD	130	119	119	17256	17256	0	49034
RAIL	8	40	28	101
CORRELATION	117	92	1142	1740
SQUARE	5616	119
FOLD	131	120	120	17400	17400	0	49544
RAIL	18	30	28	102
CORRELATION	119	93	1142	1740
SQUARE	5712	119
FOLD	132	121	121	17544	17544	0	49801
RAIL	18	31	28	103
CORRELATION	120	93	1142	1740
SQUARE	5760	119
FOLD	133	122	122	17691	17691	0	50291
RAIL	9	39	28	104
CORRELATION	121	93	1142	1740
SQUARE	5808	122
FOLD	134	123	123	17835	17835	0	50976
RAIL	17	31	28	105
CORRELATION	123	97	1142	1740
SQUARE	5904	122
FOLD	135	124	124	17979	17979	0	51302
RAIL	17	32	28	106
CORRELATION	124	97	1142	1740
SQUARE	5952	122
FOLD	137	124	124	17976	17979	0	52134
RAIL	16	32	29	108
CORRELATION	128	99	1142	1740
SQUARE	6144	122
FOLD	138	125	125	18120	18120	0	52142
RAIL	16	33	29	108
CORRELATION	128	99	1142	1740
SQUARE	6144	122
FOLD	141	126	126	18261	18261	0	53525
RAIL	12	36	30	110
CORRELATION	133	103	1142	1740
SQUARE	6384	122
FOLD	142	127	127	18405	18405	0	54115
RAIL	14	34	30	111
CORRELATION	135	106	1142	1740
SQUARE	6480	122
FOLD	143	128	128	18549	18549	0	55170
RAIL	13	35	30	112
CORRELATION	137	110	1142	1740
SQUARE	6576	122
FOLD	144	129	129	18693	18693	0	55876
RAIL	24	24	30	113
CORRELATION	141	112	1142	1740
SQUARE	6768	122
FOLD	145	130	130	18837	18837	0	56559
RAIL	24	25	30	114
CORRELATION	142	114	1142	1740
SQUARE	6816	122
FOLD	146	131	131	18984	18984	0	57331
RAIL	23	25	30	115
CORRELATION	145	116	1142	1740
SQUARE	6960	122
FOLD	147	132	132	19128	19128	0	57776
RAIL	23	26	30	116
CORRELATION	146	119	1142	1740
SQUARE	7008	122
FOLD	148	133	133	19275	19275	0	58423
RAIL	22	26	30	117
CORRELATION	149	121	1142	1740
SQUARE	7152	122
FOLD	149	134	134	19419	19419	0	58732
RAIL	22	27	30	118
CORRELATION	150	122	1142	1740
SQUARE	7200	122
FOLD	150	135	135	19566	19566	0	59024
RAIL	5	43	30	119
CORRELATION	151	122	1142	1740
SQUARE	7248	122
FOLD	151	136	136	19710	19710	0	59943
RAIL	21	27	30	120
CORRELATION	153	126	1142	1740
SQUARE	7344	122
FOLD	152	137	137	19854	19854	0	60342
RAIL	21	28	30	121
CORRELATION	154	126	1142	1740
SQUARE	7392	122
FOLD	153	138	138	20001	20001	0	60844
RAIL	6	42	30	122
CORRELATION	155	126	1142	1740
SQUARE	7440	122
FOLD	154	139	139	20145	20145	0	61689
RAIL	20	28	30	123
CORRELATION	157	130	1142	1740
SQUARE	7536	122
FOLD	155	140	140	20289	20289	0	62141
RAIL	20	29	30	124
CORRELATION	158	130	1142	1740
SQUARE	7584	122
FOLD	156	141	141	20436	20436	0	62594
RAIL	7	41	30	125
CORRELATION	159	130	1142	1740
SQUARE	7632	122
FOLD	159	142	142	20583	20583	0	64618
RAIL	8	40	31	127
CORRELATION	163	135	1142	1740
SQUARE	7824	122
FOLD	164	143	143	20724	20724	0	67187
RAIL	17	32	33	130
CORRELATION	170	141	1142	1740
SQUARE	8160	122
FOLD	164	143	143	20724	20724	0	67271
RAIL	17	32	34	130
CORRELATION	170	141	1142	1740
SQUARE	8192	122
FOLD	167	144	144	20865	20865	0	68113
RAIL	16	33	34	132
CORRELATION	174	143	1142	1740
SQUARE	8352	122
FOLD	168	145	145	21012	21012	0	68538
RAIL	11	37	34	133
CORRELATION	175	143	1142	1740
SQUARE	8400	122
FOLD	169	146	146	21156	21156	0	68896
RAIL	15	33	34	134
CORRELATION	177	143	1142	1740
SQUARE	8496	122
FOLD	170	147	147	21300	21300	0	69903
RAIL	12	36	34	135
CORRELATION	179	147	1142	1740
SQUARE	8592	122
FOLD	171	148	148	21444	21444	0	70359
RAIL	14	34	34	136
CORRELATION	181	148	1142	1740
SQUARE	8688	122
FOLD	172	149	149	21588	21588	0	70970
RAIL	13	35	34	137
CORRELATION	183	151	1142	1740
SQUARE	8784	122
FOLD	173	150	150	21732	21732	0	71683
RAIL	24	24	34	138
CORRELATION	187	156	1142	1740
SQUARE	8976	122
FOLD	174	151	151	21876	21876	0	71948
RAIL	24	25	34	139
CORRELATION	188	156	1142	1740
SQUARE	9024	122
FOLD	177	152	152	22020	22020	0	74082
RAIL	22	26	35	141
CORRELATION	195	164	1142	1740
SQUARE	9360	122
FOLD	178	153	153	22164	22164	0	74353
RAIL	22	27	35	142
CORRELATION	196	164	1142	1740
SQUARE	9408	122
FOLD	179	154	154	22311	22311	0	74618
RAIL	5	43	35	143
CORRELATION	197	164	1142	1740
SQUARE	9456	122
FOLD	182	155	155	22458	22458	0	75732
RAIL	6	42	36	145
CORRELATION	201	168	1142	1740
SQUARE	9648	122
FOLD	185	156	156	22605	22605	0	77057
RAIL	7	41	37	147
CORRELATION	205	172	1142	1740
SQUARE	9840	122
FOLD	186	157	157	22749	22749	0	77371
RAIL	19	29	37	148
CORRELATION	207	172	1142	1740
SQUARE	9936	122
FOLD	187	158	158	22893	22893	0	77629
RAIL	19	30	37	149
CORRELATION	208	172	1142	1740
SQUARE	9984	122
FOLD	196	159	159	23034	23034	0	80755
RAIL	16	33	41	154
CORRELATION	220	180	1142	1740
SQUARE	10560	122
FOLD	199	160	160	23175	23175	0	82422
RAIL	12	36	42	156
CORRELATION	225	188	1142	1740
SQUARE	10800	122
FOLD	200	161	161	23319	23319	0	83066
RAIL	14	34	42	157
CORRELATION	227	189	1142	1740
SQUARE	10896	122
FOLD	201	162	162	23463	23463	0	83594
RAIL	13	35	42	158
CORRELATION	229	192	1142	1740
SQUARE	10992	122
FOLD	202	163	163	23607	23607	0	84768
RAIL	24	24	42	159
CORRELATION	233	197	1142	1740
SQUARE	11184	122
FOLD	203	164	164	23751	23751	0	85300
RAIL	24	25	42	160
CORRELATION	234	199	1142	1740
SQUARE	11232	122
FOLD	208	165	165	23892	23892	0	89146
RAIL	5	43	44	163
CORRELATION	243	206	1142	1740
SQUARE	11664	124
FOLD	211	166	166	24039	24039	0	90433
RAIL	6	42	45	165
CORRELATION	247	210	1142	1740
SQUARE	11856	124
FOLD	217	164	166	23745	24039	0	93294
RAIL	8	40	49	168
CORRELATION	256	218	1142	1740
SQUARE	12288	124
FOLD	220	167	167	24180	24180	0	94667
RAIL	9	39	49	170
CORRELATION	259	222	1142	1740
SQUARE	12432	124
FOLD	229	168	168	24318	24318	0	98012
RAIL	14	34	53	175
CORRELATION	273	229	1142	1740
SQUARE	13104	124
FOLD	230	169	169	24462	24462	0	98780
RAIL	13	35	53	176
CORRELATION	275	234	1142	1740
SQUARE	13200	124
FOLD	231	170	170	24606	24606	0	99566
RAIL	24	24	53	177
CORRELATION	279	237	1142	1740
SQUARE	13392	124
FOLD	232	171	171	24750	24750	0	99853
RAIL	24	25	53	178
CORRELATION	280	237	1142	1740
SQUARE	13440	124
FOLD	233	172	172	24897	24897	0	100870
RAIL	23	25	53	179
CORRELATION	283	240	1142	1740
SQUARE	13584	124
FOLD	234	173	173	25041	25041	0	101346
RAIL	23	26	53	180
CORRELATION	284	242	1142	1740
SQUARE	13632	124
FOLD	249	174	174	25173	25173	0	108407
RAIL	17	32	60	188
CORRELATION	308	264	1142	1740
SQUARE	14784	124
FOLD	256	175	175	25314	25314	0	111202
RAIL	13	35	63	192
CORRELATION	321	271	1142	1740
SQUARE	15408	124
FOLD	257	176	176	25458	25458	0	112253
RAIL	24	24	63	193
CORRELATION	325	274	1142	1740
SQUARE	15600	124
FOLD	258	177	177	25602	25602	0	113074
RAIL	24	25	63	194
CORRELATION	326	276	1142	1740
SQUARE	15648	124
FOLD	261	178	178	25746	25746	0	117353
RAIL	22	26	64	196
CORRELATION	333	285	1142	1740
SQUARE	15984	124
FOLD	262	179	179	25890	25890	0	117704
RAIL	22	27	64	197
CORRELATION	334	285	1142	1740
SQUARE	16032	124
FOLD	265	178	179	25740	25890	0	119980
RAIL	20	28	66	199
CORRELATION	341	292	1142	1740
SQUARE	16384	124
FOLD	267	180	180	26031	26031	0	120888
RAIL	7	41	66	200
CORRELATION	343	295	1142	1740
SQUARE	16464	124
FOLD	268	181	181	26175	26175	0	121338
RAIL	19	29	66	201
CORRELATION	345	297	1142	1740
SQUARE	16560	124
FOLD	269	182	182	26319	26319	0	121602
RAIL	19	30	66	202
CORRELATION	346	297	1142	1740
SQUARE	16608	124
FOLD	278	183	183	26460	26460	0	126517
RAIL	11	37	70	207
CORRELATION	359	309	1142	1740
SQUARE	17232	124
FOLD	283	184	184	26604	26604	0	128072
RAIL	24	24	72	210
CORRELATION	371	312	1142	1740
SQUARE	17808	124
FOLD	284	185	185	26748	26748	0	128331
RAIL	24	25	72	211
CORRELATION	372	312	1142	1740
SQUARE	17856	124
FOLD	289	186	186	26889	26889	0	131759
RAIL	21	27	74	214
CORRELATION	383	323	1142	1740
SQUARE	18384	124
FOLD	290	187	187	27033	27033	0	132186
RAIL	21	28	74	215
CORRELATION	384	324	1142	1740
SQUARE	18432	124
FOLD	291	188	188	27180	27180	0	132807
RAIL	20	28	74	216
CORRELATION	387	326	1142	1740
SQUARE	18576	124
FOLD	292	189	189	27324	27324	0	133182
RAIL	20	29	74	217
CORRELATION	388	326	1142	1740
SQUARE	18624	124
FOLD	295	190	190	27465	27465	0	134318
RAIL	19	30	75	219
CORRELATION	392	330	1142	1740
SQUARE	18816	124
FOLD	298	191	191	27606	27606	0	135162
RAIL	18	31	76	221
CORRELATION	396	332	1142	1740
SQUARE	19008	124
FOLD	299	192	192	27753	27753	0	135637
RAIL	9	39	76	222
CORRELATION	397	332	1142	1740
SQUARE	19056	124
FOLD	302	193	193	27900	27900	0	137120
RAIL	10	38	77	224
CORRELATION	401	336	1142	1740
SQUARE	19248	124
FOLD	305	194	194	28044	28044	0	138470
RAIL	15	33	78	226
CORRELATION	407	340	1142	1740
SQUARE	19536	124
FOLD	306	195	195	28188	28188	0	138930
RAIL	12	36	78	227
CORRELATION	409	340	1142	1740
SQUARE	19632	124
FOLD	311	196	196	28335	28335	0	143149
RAIL	23	25	80	230
CORRELATION	421	356	1142	1740
SQUARE	20208	124
FOLD	312	197	197	28479	28479	0	143878
RAIL	23	26	80	231
CORRELATION	422	358	1142	1740
SQUARE	20256	124
FOLD	323	198	198	28614	28614	0	148929
RAIL	18	30	85	237
CORRELATION	441	369	1142	1740
SQUARE	21168	124
FOLD	324	199	199	28758	28758	0	149220
RAIL	18	31	85	238
CORRELATION	442	369	1142	1740
SQUARE	21216	124
FOLD	325	200	200	28905	28905	0	150159
RAIL	9	39	85	239
CORRELATION	443	372	1142	1740
SQUARE	21264	124
FOLD	326	201	201	29049	29049	0	150917
RAIL	17	31	85	240
CORRELATION	445	375	1142	1740
SQUARE	21360	124
FOLD	327	202	202	29193	29193	0	151184
RAIL	17	32	85	241
CORRELATION	446	375	1142	1740
SQUARE	21408	124
FOLD	338	203	203	29337	29337	0	156801
RAIL	23	26	90	247
CORRELATION	468	395	1142	1740
SQUARE	22464	124
FOLD	339	204	204	29484	29484	0	157820
RAIL	22	26	90	248
CORRELATION	471	401	1142	1740
SQUARE	22608	124
FOLD	340	205	205	29628	29628	0	158125
RAIL	22	27	90	249
CORRELATION	472	401	1142	1740
SQUARE	22656	124
FOLD	345	206	206	29769	29769	0	160872
RAIL	7	41	92	252
CORRELATION	481	409	1142	1740
SQUARE	23088	124
FOLD	348	207	207	29916	29916	0	162398
RAIL	8	40	93	254
CORRELATION	485	414	1142	1740
SQUARE	23280	127
FOLD	353	208	208	30057	30057	0	164305
RAIL	17	32	95	257
CORRELATION	492	419	1142	1740
SQUARE	23616	127
FOLD	356	209	209	30198	30198	0	165175
RAIL	11	37	96	259
CORRELATION	497	419	1142	1740
SQUARE	23856	127
FOLD	362	207	209	29910	30198	0	168718
RAIL	24	25	101	261
CORRELATION	512	436	1142	1740
SQUARE	24576	127
FOLD	367	210	210	30345	30345	0	171816
RAIL	21	27	101	265
CORRELATION	521	446	1142	1740
SQUARE	25008	127
FOLD	368	211	211	30489	30489	0	172443
RAIL	21	28	101	266
CORRELATION	522	448	1142	1740
SQUARE	25056	127
FOLD	369	212	212	30636	30636	0	172863
RAIL	20	28	101	267
CORRELATION	525	448	1142	1740
SQUARE	25200	127
FOLD	370	213	213	30780	30780	0	173171
RAIL	20	29	101	268
CORRELATION	526	448	1142	1740
SQUARE	25248	127
FOLD	371	214	214	30927	30927	0	173668
RAIL	7	41	101	269
CORRELATION	527	450	1142	1740
SQUARE	25296	127
FOLD	372	215	215	31071	31071	0	174014
RAIL	19	29	101	270
CORRELATION	529	450	1142	1740
SQUARE	25392	127
FOLD	373	216	216	31215	31215	0	174317
RAIL	19	30	101	271
CORRELATION	530	450	1142	1740
SQUARE	25440	127
FOLD	394	217	217	31353	31353	0	185511
RAIL	21	28	111	282
CORRELATION	568	487	1142	1740
SQUARE	27264	127
FOLD	395	218	218	31500	31500	0	186768
RAIL	20	28	111	283
CORRELATION	571	492	1142	1740
SQUARE	27408	127
FOLD	396	219	219	31644	31644	0	187081
RAIL	20	29	111	284
CORRELATION	572	492	1142	1740
SQUARE	27456	127
FOLD	403	220	220	31785	31785	0	189966
RAIL	9	39	114	288
CORRELATION	581	500	1142	1740
SQUARE	27888	127
FOLD	458	213	220	30753	31785	0	220570
RAIL	11	37	146	312
CORRELATION	682	599	1142	1740
SQUARE	32768	127
FOLD	512	213	220	30747	31785	0	256930
RAIL	24	25	172	339
CORRELATION	786	693	1142	1740
SQUARE	37728	127
FOLD	635	208	220	30042	31785	0	330897
RAIL	22	26	236	399
CORRELATION	1024	897	1142	1740
SQUARE	49152	129
FOLD	815	190	220	27420	31785	0	451179
RAIL	17	31	335	480
CORRELATION	1365	1214	1142	1740
SQUARE	65536	129
FOLD	1024	193	220	27867	31785	0	582830
RAIL	23	26	438	585
CORRELATION	1802	1588	1142	1740
SQUARE	86496	129
FOLD	1058	189	220	27282	31785	0	616496
RAIL	10	38	458	600
CORRELATION	1874	1656	1142	1740
SQUARE	89990	129
FRAME	24	23	1	3	618676
RESULT	closed	9976913	14126993	618692	1366	1	1	205	537
