warning: unused variable: `rho_steps`
    --> src/morphism_factor.rs:1360:23
     |
1360 |     let (trial_bound, rho_steps): (u64, u64) = if bits <= 40 {
     |                       ^^^^^^^^^ help: if this is intentional, prefix it with an underscore: `_rho_steps`
     |
     = note: `#[warn(unused_variables)]` (part of `#[warn(unused)]`) on by default

warning: `vox` (lib) generated 1 warning (run `cargo fix --lib -p vox` to apply 1 suggestion)
   Compiling vox v0.1.0 (/home/mrnob0dy666/imsgct/Vox)
    Finished `release` profile [optimized] target(s) in 10.18s
warning: unused variable: `rho_steps`
    --> src/morphism_factor.rs:1360:23
     |
1360 |     let (trial_bound, rho_steps): (u64, u64) = if bits <= 40 {
     |                       ^^^^^^^^^ help: if this is intentional, prefix it with an underscore: `_rho_steps`
     |
     = note: `#[warn(unused_variables)]` (part of `#[warn(unused)]`) on by default

warning: `vox` (lib) generated 1 warning (run `cargo fix --lib -p vox` to apply 1 suggestion)
warning: field `rows` is never read
 --> src/bin/../prime_power_membrane.rs:4:5
  |
3 | pub struct PrimePowerMembrane {
  |            ------------------ field in this struct
4 |     rows: Vec<u64>,
  |     ^^^^
  |
  = note: `#[warn(dead_code)]` (part of `#[warn(unused)]`) on by default

warning: method `row_gcd` is never used
  --> src/bin/../prime_power_membrane.rs:34:12
   |
 8 | impl PrimePowerMembrane {
   | ----------------------- method in this implementation
...
34 |     pub fn row_gcd(&self, n: usize) -> Option<u64> { self.rows.get(n).copied() }
   |            ^^^^^^^

warning: `vox` (bin "lcm_one") generated 2 warnings
    Finished `release` profile [optimized] target(s) in 0.01s
saved membranes/lcm_one/0_1_10_20_40_80_100_10/payload.elf.imasm
n=0 lcm_1_to_n=1
n=1 lcm_1_to_n=1
n=10 lcm_1_to_n=2520
n=20 lcm_1_to_n=232792560
n=40 lcm_1_to_n=5342931457063200
n=80 lcm_1_to_n=32433859254793982911622772305630400
n=100 lcm_1_to_n=overflow_u128
n=10 lcm_1_to_n=2520
entry(...) exited(0)   [70751 steps in the twelve]
Native control matches Vox output. Complete module: membranes/lcm_one/0_1_10_20_40_80_100_10/payload.elf.imasm
