INPUT	1000036000099	40	20	204
FRAME	1	0	1	1	27
FOLD	1	1	1	120	120	0	46
RAIL	2	38	0	0
FOLD	2	1	1	123	123	0	56
RAIL	2	39	1	0
FOLD	4	3	3	363	363	0	306
RAIL	20	21	2	1
FOLD	5	5	5	606	606	0	503
RAIL	3	37	2	2
FOLD	8	7	7	849	849	0	826
RAIL	19	22	4	3
FOLD	9	9	9	1092	1092	0	993
RAIL	4	36	4	4
FOLD	11	11	11	1338	1338	0	1374
RAIL	18	22	5	5
FOLD	12	13	13	1581	1581	0	1671
RAIL	18	23	5	6
FOLD	13	15	15	1824	1824	0	2585
RAIL	5	35	5	7
FOLD	15	17	17	2070	2070	0	2837
RAIL	17	23	6	8
FOLD	16	19	19	2313	2313	0	3076
RAIL	17	24	6	9
FOLD	17	21	21	2556	2556	0	3278
RAIL	6	34	6	10
FOLD	18	23	23	2799	2799	0	3472
RAIL	6	35	6	11
FOLD	19	25	25	3042	3042	0	3691
RAIL	16	24	6	12
FOLD	20	27	27	3285	3285	0	3995
RAIL	16	25	6	13
FOLD	21	29	29	3528	3528	0	4168
RAIL	7	33	6	14
FOLD	22	31	31	3771	3771	0	4318
RAIL	7	34	6	15
FOLD	23	33	33	4014	4014	0	4456
RAIL	15	25	6	16
FOLD	24	35	35	4257	4257	0	5347
RAIL	15	26	6	17
FOLD	25	37	37	4500	4500	0	5516
RAIL	8	32	6	18
FOLD	26	39	39	4743	4743	0	5732
RAIL	8	33	6	19
FOLD	27	41	41	4986	4986	0	5902
RAIL	14	26	6	20
FOLD	28	43	43	5229	5229	0	6125
RAIL	14	27	6	21
FOLD	29	45	45	5472	5472	0	6272
RAIL	9	31	6	22
FOLD	30	47	47	5715	5715	0	6432
RAIL	9	32	6	23
FOLD	31	49	49	5958	5958	0	6639
RAIL	13	27	6	24
FOLD	32	51	51	6201	6201	0	6909
RAIL	13	28	6	25
FOLD	33	53	53	6444	6444	0	7462
RAIL	10	30	6	26
FOLD	34	55	55	6687	6687	0	7689
RAIL	10	31	6	27
FOLD	35	57	57	6930	6930	0	8565
RAIL	12	28	6	28
FOLD	36	59	59	7173	7173	0	9083
RAIL	12	29	6	29
FOLD	37	61	61	7416	7416	0	9683
RAIL	11	29	6	30
FOLD	38	63	63	7659	7659	0	9896
RAIL	11	30	6	31
FOLD	39	64	64	7782	7782	0	10058
RAIL	20	20	6	32
FOLD	40	65	65	7902	7902	0	10237
RAIL	20	20	6	33
FOLD	41	66	66	8022	8022	0	10417
RAIL	20	20	6	34
FOLD	42	67	67	8142	8142	0	10603
RAIL	20	20	6	35
FOLD	43	68	68	8262	8262	0	10819
RAIL	20	21	6	36
FOLD	44	69	69	8385	8385	0	11015
RAIL	20	20	6	37
FOLD	45	70	70	8505	8505	0	11210
RAIL	20	20	6	38
FOLD	46	71	71	8625	8625	0	11390
RAIL	20	20	6	39
FOLD	47	72	72	8745	8745	0	11577
RAIL	19	21	6	40
FOLD	48	73	73	8865	8865	0	11869
RAIL	20	20	6	41
FOLD	49	74	74	8985	8985	0	12090
RAIL	19	22	6	42
FOLD	50	75	75	9108	9108	0	12304
RAIL	20	20	6	43
FOLD	51	76	76	9228	9228	0	12529
RAIL	20	20	6	44
FOLD	52	77	77	9348	9348	0	12754
RAIL	4	37	6	45
FOLD	55	78	78	9465	9465	0	13217
RAIL	20	20	7	47
FOLD	64	77	78	9348	9468	0	14389
RAIL	20	20	12	51
FOLD	68	79	79	9591	9591	0	15082
RAIL	20	20	13	54
FOLD	73	80	80	9714	9714	0	15919
RAIL	7	33	15	57
FOLD	80	81	81	9840	9840	0	16836
RAIL	20	20	18	61
FOLD	81	82	82	9960	9960	0	17014
RAIL	8	32	18	62
FOLD	82	83	83	10080	10080	0	17162
RAIL	20	20	18	63
FOLD	83	84	84	10200	10200	0	17346
RAIL	8	33	18	64
FOLD	84	85	85	10323	10323	0	17517
RAIL	20	20	18	65
FOLD	89	86	86	10446	10446	0	18129
RAIL	9	31	20	68
FOLD	90	87	87	10566	10566	0	18306
RAIL	20	20	20	69
FOLD	95	88	88	10689	10689	0	19008
RAIL	13	28	22	72
FOLD	96	89	89	10812	10812	0	19177
RAIL	20	20	22	73
FOLD	97	90	90	10932	10932	0	19385
RAIL	10	30	22	74
FOLD	98	91	91	11052	11052	0	19549
RAIL	20	20	22	75
FOLD	103	92	92	11175	11175	0	20181
RAIL	12	29	24	78
FOLD	104	93	93	11298	11298	0	20346
RAIL	20	20	24	79
FOLD	107	94	94	11418	11418	0	20803
RAIL	11	30	25	81
FOLD	108	95	95	11541	11541	0	20977
RAIL	20	20	25	82
FOLD	113	96	96	11664	11664	0	21719
RAIL	20	20	27	85
FOLD	114	97	97	11784	11784	0	22068
RAIL	20	20	27	86
FOLD	115	98	98	11904	11904	0	22431
RAIL	20	20	27	87
FOLD	120	99	99	12027	12027	0	23328
RAIL	20	20	29	90
FOLD	127	100	100	12147	12147	0	24576
RAIL	20	20	32	94
FOLD	128	99	100	12027	12147	0	24661
RAIL	5	36	33	94
FOLD	142	101	101	12267	12267	0	27579
RAIL	7	33	39	102
FOLD	149	102	102	12393	12393	0	28453
RAIL	20	20	42	106
FOLD	156	103	103	12516	12516	0	29328
RAIL	14	27	45	110
FOLD	157	104	104	12639	12639	0	29486
RAIL	20	20	45	111
FOLD	162	105	105	12762	12762	0	30130
RAIL	13	27	47	114
FOLD	163	106	106	12882	12882	0	30310
RAIL	20	20	47	115
FOLD	166	107	107	13005	13005	0	30806
RAIL	10	30	48	117
FOLD	167	108	108	13125	13125	0	31002
RAIL	20	20	48	118
FOLD	172	109	109	13248	13248	0	31549
RAIL	12	29	50	121
FOLD	173	110	110	13371	13371	0	31714
RAIL	20	20	50	122
FOLD	174	111	111	13491	13491	0	31892
RAIL	11	29	50	123
FOLD	175	112	112	13611	13611	0	32089
RAIL	20	20	50	124
FOLD	176	113	113	13731	13731	0	32281
RAIL	11	30	50	125
FOLD	177	114	114	13854	13854	0	32449
RAIL	20	20	50	126
FOLD	178	115	115	13974	13974	0	32632
RAIL	20	20	50	127
FOLD	179	116	116	14094	14094	0	32840
RAIL	20	20	50	128
FOLD	188	117	117	14220	14220	0	33950
RAIL	20	20	54	133
FOLD	189	118	118	14340	14340	0	34139
RAIL	20	20	54	134
FOLD	194	119	119	14463	14463	0	35051
RAIL	20	20	56	137
FOLD	199	120	120	14583	14583	0	35692
RAIL	17	24	58	140
FOLD	200	121	121	14706	14706	0	35892
RAIL	20	20	58	141
FOLD	201	122	122	14826	14826	0	36087
RAIL	20	20	58	142
FOLD	214	123	123	14946	14946	0	37566
RAIL	20	20	64	149
FOLD	231	124	124	15072	15072	0	39422
RAIL	10	30	72	158
FOLD	234	125	125	15195	15195	0	39802
RAIL	20	20	73	160
FOLD	235	126	126	15315	15315	0	39979
RAIL	12	28	73	161
FOLD	236	127	127	15435	15435	0	40155
RAIL	20	20	73	162
FOLD	241	128	128	15558	15558	0	40752
RAIL	11	30	75	165
FOLD	242	129	129	15681	15681	0	40915
RAIL	20	20	75	166
FOLD	247	130	130	15804	15804	0	41476
RAIL	20	20	77	169
FOLD	256	131	131	15927	15927	0	42516
RAIL	18	22	81	174
FOLD	257	132	132	16047	16047	0	42674
RAIL	20	20	81	175
FOLD	258	133	133	16167	16167	0	42873
RAIL	18	23	81	176
FOLD	259	134	134	16290	16290	0	43029
RAIL	20	20	81	177
FOLD	268	135	135	16416	16416	0	44104
RAIL	20	20	85	182
FOLD	269	136	136	16536	16536	0	44346
RAIL	16	24	85	183
FOLD	270	137	137	16656	16656	0	44514
RAIL	20	20	85	184
FOLD	279	138	138	16779	16779	0	45531
RAIL	20	20	89	189
FOLD	284	139	139	16902	16902	0	46018
RAIL	14	26	91	192
FOLD	285	140	140	17022	17022	0	46286
RAIL	20	20	91	193
FOLD	286	141	141	17142	17142	0	46571
RAIL	14	27	91	194
FOLD	287	142	142	17265	17265	0	46917
RAIL	20	20	91	195
FOLD	288	143	143	17385	17385	0	47130
RAIL	9	31	91	196
FOLD	293	144	144	17502	17502	0	47795
RAIL	20	20	93	199
FOLD	294	145	145	17622	17622	0	48013
RAIL	13	28	93	200
FOLD	295	146	146	17745	17745	0	48229
RAIL	20	20	93	201
FOLD	308	147	147	17874	17874	0	49672
RAIL	20	20	99	208
FOLD	317	148	148	17997	17997	0	51033
RAIL	19	22	103	213
FOLD	318	149	149	18120	18120	0	51191
RAIL	20	20	103	214
FOLD	319	150	150	18240	18240	0	51370
RAIL	20	20	103	215
FOLD	324	151	151	18363	18363	0	51999
RAIL	20	20	105	218
FOLD	329	152	152	18483	18483	0	52661
RAIL	17	24	107	221
FOLD	330	153	153	18606	18606	0	52805
RAIL	20	20	107	222
FOLD	341	154	154	18729	18729	0	54001
RAIL	15	25	112	228
FOLD	342	155	155	18849	18849	0	54189
RAIL	20	20	112	229
FOLD	343	156	156	18969	18969	0	54358
RAIL	15	26	112	230
FOLD	344	157	157	19092	19092	0	54526
RAIL	20	20	112	231
FOLD	345	158	158	19212	19212	0	54710
RAIL	8	32	112	232
FOLD	360	159	159	19338	19338	0	56401
RAIL	20	20	119	240
FOLD	383	160	160	19467	19467	0	59125
RAIL	20	20	130	252
FOLD	384	161	161	19587	19587	0	59329
RAIL	20	20	130	253
FOLD	389	162	162	19710	19710	0	59942
RAIL	20	20	132	256
FOLD	396	163	163	19833	19833	0	60676
RAIL	20	20	135	260
FOLD	397	164	164	19953	19953	0	60912
RAIL	6	35	135	261
FOLD	400	165	165	20070	20070	0	61306
RAIL	20	20	136	263
FOLD	401	166	166	20190	20190	0	61602
RAIL	16	25	136	264
FOLD	402	167	167	20313	20313	0	61767
RAIL	20	20	136	265
FOLD	403	168	168	20433	20433	0	61955
RAIL	20	20	136	266
FOLD	448	169	169	20562	20562	0	67415
RAIL	20	20	158	289
FOLD	455	170	170	20685	20685	0	68181
RAIL	20	20	161	293
FOLD	456	171	171	20805	20805	0	68462
RAIL	20	20	161	294
FOLD	457	172	172	20925	20925	0	68683
RAIL	17	23	161	295
FOLD	458	173	173	21045	21045	0	68903
RAIL	20	20	161	296
FOLD	459	174	174	21165	21165	0	69083
RAIL	17	24	161	297
FOLD	460	175	175	21288	21288	0	69235
RAIL	20	20	161	298
FOLD	471	176	176	21408	21408	0	70559
RAIL	20	20	166	304
FOLD	476	177	177	21534	21534	0	71291
RAIL	20	20	168	307
FOLD	512	173	177	21060	21537	0	74869
RAIL	20	20	188	323
FOLD	517	178	178	21663	21663	0	75894
RAIL	20	20	188	328
FOLD	518	179	179	21783	21783	0	76097
RAIL	20	20	188	329
FOLD	519	180	180	21903	21903	0	76298
RAIL	20	20	188	330
FOLD	520	181	181	22023	22023	0	76611
RAIL	17	23	188	331
FOLD	521	182	182	22143	22143	0	76852
RAIL	20	20	188	332
FOLD	522	183	183	22263	22263	0	77098
RAIL	17	24	188	333
FOLD	523	184	184	22386	22386	0	77265
RAIL	20	20	188	334
FOLD	532	185	185	22512	22512	0	78378
RAIL	20	20	192	339
FOLD	533	186	186	22632	22632	0	78566
RAIL	15	25	192	340
FOLD	546	187	187	22761	22761	0	80221
RAIL	9	32	198	347
FOLD	547	188	188	22884	22884	0	80395
RAIL	20	20	198	348
FOLD	548	189	189	23004	23004	0	80578
RAIL	13	27	198	349
FOLD	549	190	190	23124	23124	0	80733
RAIL	20	20	198	350
FOLD	578	191	191	23244	23244	0	84315
RAIL	20	20	212	365
FOLD	587	192	192	23370	23370	0	85444
RAIL	20	20	216	370
FOLD	588	193	193	23490	23490	0	85697
RAIL	20	20	216	371
FOLD	601	194	194	23619	23619	0	87259
RAIL	8	33	222	378
FOLD	634	195	195	23739	23739	0	91255
RAIL	19	21	238	395
FOLD	635	196	196	23859	23859	0	91485
RAIL	20	20	238	396
FOLD	644	197	197	23985	23985	0	93420
RAIL	20	20	242	401
FOLD	645	198	198	24105	24105	0	93746
RAIL	20	20	242	402
FOLD	1024	183	198	22299	24111	0	138609
RAIL	16	24	439	584
FOLD	2048	153	198	18648	24111	0	247736
RAIL	20	20	966	1081
FOLD	4096	153	198	18669	24111	0	461441
RAIL	20	20	1990	2105
FOLD	6358	133	198	16221	24111	0	685224
RAIL	20	20	3131	3226
FRAME	20	19	1	2	685595
RESULT	closed	1000003	1000033	685603	1185	1	1	196	503
