INPUT	877600487917	40	20	204
FRAME	1	0	1	1	30
FOLD	1	1	1	120	120	0	48
RAIL	2	38	0	0
CORRELATION	0	0	0	0
SQUARE	0	0
FOLD	2	1	1	123	123	0	59
RAIL	2	39	1	0
CORRELATION	0	0	0	0
SQUARE	0	0
FOLD	4	3	3	363	363	0	291
RAIL	20	21	2	1
CORRELATION	0	0	0	0
SQUARE	0	0
FOLD	5	5	5	606	606	0	1152
RAIL	3	37	2	2
CORRELATION	0	0	0	0
SQUARE	0	0
FOLD	8	7	7	849	849	0	1582
RAIL	19	22	4	3
CORRELATION	0	0	0	0
SQUARE	0	0
FOLD	9	9	9	1092	1092	0	1754
RAIL	4	36	4	4
CORRELATION	0	0	0	0
SQUARE	0	0
FOLD	12	11	11	1335	1335	0	2030
RAIL	18	23	6	5
CORRELATION	0	0	0	0
SQUARE	0	0
FOLD	13	13	13	1578	1578	0	2210
RAIL	5	35	6	6
CORRELATION	0	0	0	0
SQUARE	0	0
FOLD	14	15	15	1821	1821	0	2377
RAIL	5	36	6	7
CORRELATION	0	0	0	0
SQUARE	0	0
FOLD	15	17	17	2064	2064	0	2549
RAIL	17	23	6	8
CORRELATION	0	0	0	0
SQUARE	0	0
FOLD	16	19	19	2307	2307	0	2723
RAIL	17	24	6	9
CORRELATION	0	0	0	0
SQUARE	0	0
FOLD	17	21	21	2550	2550	0	2938
RAIL	6	34	6	10
CORRELATION	0	0	0	0
SQUARE	0	0
FOLD	18	23	23	2793	2793	0	3127
RAIL	6	35	6	11
CORRELATION	0	0	0	0
SQUARE	0	0
FOLD	19	25	25	3036	3036	0	3309
RAIL	16	24	6	12
CORRELATION	0	0	0	0
SQUARE	0	0
FOLD	20	27	27	3279	3279	0	3488
RAIL	16	25	6	13
CORRELATION	0	0	0	0
SQUARE	0	0
FOLD	21	29	29	3522	3522	0	3736
RAIL	7	33	6	14
CORRELATION	0	0	0	0
SQUARE	0	0
FOLD	22	31	31	3765	3765	0	4209
RAIL	7	34	6	15
CORRELATION	0	0	0	0
SQUARE	0	0
FOLD	23	33	33	4008	4008	0	4822
RAIL	15	25	6	16
CORRELATION	0	0	0	0
SQUARE	0	0
FOLD	24	35	35	4251	4251	0	5056
RAIL	15	26	6	17
CORRELATION	0	0	0	0
SQUARE	0	0
FOLD	25	37	37	4494	4494	0	5241
RAIL	8	32	6	18
CORRELATION	0	0	0	0
SQUARE	0	0
FOLD	26	39	39	4737	4737	0	5444
RAIL	8	33	6	19
CORRELATION	0	0	0	0
SQUARE	0	0
FOLD	27	41	41	4980	4980	0	5700
RAIL	14	26	6	20
CORRELATION	0	0	0	0
SQUARE	0	0
FOLD	28	43	43	5223	5223	0	6349
RAIL	14	27	6	21
CORRELATION	0	0	0	0
SQUARE	0	0
FOLD	29	45	45	5466	5466	0	6590
RAIL	9	31	6	22
CORRELATION	0	0	0	0
SQUARE	0	0
FOLD	30	47	47	5709	5709	0	6810
RAIL	9	32	6	23
CORRELATION	0	0	0	0
SQUARE	0	0
FOLD	31	49	49	5952	5952	0	6976
RAIL	13	27	6	24
CORRELATION	0	0	0	0
SQUARE	0	0
FOLD	32	51	51	6195	6195	0	7144
RAIL	13	28	6	25
CORRELATION	0	0	0	0
SQUARE	0	0
FOLD	33	53	53	6438	6438	0	7349
RAIL	10	30	6	26
CORRELATION	0	0	0	0
SQUARE	0	0
FOLD	34	55	55	6681	6681	0	7566
RAIL	10	31	6	27
CORRELATION	0	0	0	0
SQUARE	0	0
FOLD	35	57	57	6924	6924	0	7758
RAIL	12	28	6	28
CORRELATION	0	0	0	0
SQUARE	0	0
FOLD	36	59	59	7167	7167	0	8281
RAIL	12	29	6	29
CORRELATION	0	0	0	0
SQUARE	0	0
FOLD	37	61	61	7410	7410	0	8885
RAIL	11	29	6	30
CORRELATION	0	0	0	0
SQUARE	0	0
FOLD	38	63	63	7653	7653	0	9076
RAIL	11	30	6	31
CORRELATION	0	0	0	0
SQUARE	0	0
FOLD	38	63	63	7653	7653	0	10080
RAIL	11	30	6	32
CORRELATION	0	0	791	1209
SQUARE	1	45
FOLD	38	63	63	7653	7653	0	10107
RAIL	11	30	6	32
CORRELATION	0	0	791	1209
SQUARE	2	79
FOLD	38	63	63	7653	7653	0	10116
RAIL	11	30	6	32
CORRELATION	0	0	791	1209
SQUARE	3	80
FRAME	20	19	1	3	10660
RESULT	closed	933551	940067	10668	1864	1	1	197	505
