INPUT	248634134622378624265272678886859666411	128	62	644
FRAME	1	0	1	1	31
FOLD	1	1	1	384	384	0	57
RAIL	2	126	0	0
FOLD	2	1	1	387	387	0	94
RAIL	2	127	1	0
FOLD	4	3	3	1155	1155	0	5061
RAIL	64	65	2	1
FOLD	5	5	5	1926	1926	0	9146
RAIL	3	125	2	2
FOLD	8	7	7	2697	2697	0	11151
RAIL	63	66	4	3
FOLD	9	9	9	3468	3468	0	14458
RAIL	4	124	4	4
FOLD	12	11	11	4239	4239	0	18278
RAIL	62	67	6	5
FOLD	13	13	13	5010	5010	0	22609
RAIL	5	123	6	6
FOLD	14	15	15	5781	5781	0	24160
RAIL	5	124	6	7
FOLD	15	17	17	6552	6552	0	26035
RAIL	61	67	6	8
FOLD	16	19	19	7323	7323	0	28171
RAIL	61	68	6	9
FOLD	17	21	21	8094	8094	0	32432
RAIL	6	122	6	10
FOLD	18	23	23	8865	8865	0	34583
RAIL	6	123	6	11
FOLD	19	25	25	9636	9636	0	36208
RAIL	60	68	6	12
FOLD	20	27	27	10407	10407	0	38724
RAIL	60	69	6	13
FOLD	21	29	29	11178	11178	0	42576
RAIL	7	121	6	14
FOLD	22	31	31	11949	11949	0	43497
RAIL	7	122	6	15
FOLD	23	33	33	12720	12720	0	45285
RAIL	59	69	6	16
FOLD	24	35	35	13491	13491	0	46830
RAIL	59	70	6	17
FOLD	25	37	37	14262	14262	0	49916
RAIL	8	120	6	18
FOLD	26	39	39	15033	15033	0	50804
RAIL	8	121	6	19
FOLD	27	41	41	15804	15804	0	52589
RAIL	58	70	6	20
FOLD	28	43	43	16575	16575	0	54099
RAIL	58	71	6	21
FOLD	29	45	45	17346	17346	0	57125
RAIL	9	119	6	22
FOLD	30	47	47	18117	18117	0	58059
RAIL	9	120	6	23
FOLD	31	49	49	18888	18888	0	59581
RAIL	57	71	6	24
FOLD	32	51	51	19659	19659	0	61087
RAIL	57	72	6	25
FOLD	33	53	53	20430	20430	0	64062
RAIL	10	118	6	26
FOLD	34	55	55	21201	21201	0	64888
RAIL	10	119	6	27
FOLD	35	57	57	21972	21972	0	66608
RAIL	56	72	6	28
FOLD	36	59	59	22743	22743	0	68153
RAIL	56	73	6	29
FOLD	37	61	61	23514	23514	0	71214
RAIL	11	117	6	30
FOLD	38	63	63	24285	24285	0	72087
RAIL	11	118	6	31
FOLD	39	65	65	25056	25056	0	74128
RAIL	55	73	6	32
FOLD	40	67	67	25827	25827	0	76113
RAIL	55	74	6	33
FOLD	41	69	69	26598	26598	0	80382
RAIL	12	116	6	34
FOLD	42	71	71	27369	27369	0	81450
RAIL	12	117	6	35
FOLD	43	73	73	28140	28140	0	83145
RAIL	54	74	6	36
FOLD	44	75	75	28911	28911	0	84877
RAIL	54	75	6	37
FOLD	45	77	77	29682	29682	0	88262
RAIL	13	115	6	38
FOLD	46	79	79	30453	30453	0	89470
RAIL	13	116	6	39
FOLD	47	81	81	31224	31224	0	91283
RAIL	53	75	6	40
FOLD	48	83	83	31995	31995	0	92785
RAIL	53	76	6	41
FOLD	49	85	85	32766	32766	0	95896
RAIL	14	114	6	42
FOLD	50	87	87	33537	33537	0	96809
RAIL	14	115	6	43
FOLD	51	89	89	34308	34308	0	98581
RAIL	52	76	6	44
FOLD	52	91	91	35079	35079	0	100037
RAIL	52	77	6	45
FOLD	53	93	93	35850	35850	0	102960
RAIL	15	113	6	46
FOLD	54	95	95	36621	36621	0	103920
RAIL	15	114	6	47
FOLD	55	97	97	37392	37392	0	106003
RAIL	51	77	6	48
FOLD	56	99	99	38163	38163	0	107549
RAIL	51	78	6	49
FOLD	57	101	101	38934	38934	0	110894
RAIL	16	112	6	50
FOLD	58	103	103	39705	39705	0	111975
RAIL	16	113	6	51
FOLD	59	105	105	40476	40476	0	113989
RAIL	50	78	6	52
FOLD	60	107	107	41247	41247	0	115684
RAIL	50	79	6	53
FOLD	61	109	109	42018	42018	0	118874
RAIL	17	111	6	54
FOLD	62	111	111	42789	42789	0	119899
RAIL	17	112	6	55
FOLD	63	113	113	43560	43560	0	121966
RAIL	49	79	6	56
FOLD	64	115	115	44331	44331	0	123447
RAIL	49	80	6	57
FOLD	65	117	117	45102	45102	0	128346
RAIL	18	110	6	58
FOLD	66	119	119	45873	45873	0	130512
RAIL	18	111	6	59
FOLD	67	121	121	46644	46644	0	133961
RAIL	48	80	6	60
FOLD	68	123	123	47415	47415	0	135605
RAIL	48	81	6	61
FOLD	69	125	125	48186	48186	0	138546
RAIL	19	109	6	62
FOLD	70	127	127	48957	48957	0	139661
RAIL	19	110	6	63
FOLD	71	129	129	49728	49728	0	142171
RAIL	47	81	6	64
FOLD	72	131	131	50499	50499	0	143977
RAIL	47	82	6	65
FOLD	73	133	133	51270	51270	0	147571
RAIL	20	108	6	66
FOLD	74	135	135	52041	52041	0	148891
RAIL	20	109	6	67
FOLD	75	137	137	52812	52812	0	151278
RAIL	46	82	6	68
FOLD	76	139	139	53583	53583	0	152733
RAIL	46	83	6	69
FOLD	77	141	141	54354	54354	0	155778
RAIL	21	107	6	70
FOLD	78	143	143	55125	55125	0	156914
RAIL	21	108	6	71
FOLD	79	145	145	55896	55896	0	159075
RAIL	45	83	6	72
FOLD	80	147	147	56667	56667	0	160482
RAIL	45	84	6	73
FOLD	81	149	149	57438	57438	0	163340
RAIL	22	106	6	74
FOLD	82	151	151	58209	58209	0	164398
RAIL	22	107	6	75
FOLD	83	153	153	58980	58980	0	167226
RAIL	44	84	6	76
FOLD	84	155	155	59751	59751	0	169232
RAIL	44	85	6	77
FOLD	85	157	157	60522	60522	0	172950
RAIL	23	105	6	78
FOLD	86	159	159	61293	61293	0	174148
RAIL	23	106	6	79
FOLD	87	161	161	62064	62064	0	176439
RAIL	43	85	6	80
FOLD	88	163	163	62835	62835	0	177896
RAIL	43	86	6	81
FOLD	89	165	165	63606	63606	0	180749
RAIL	24	104	6	82
FOLD	90	167	167	64377	64377	0	181955
RAIL	24	105	6	83
FOLD	91	169	169	65148	65148	0	184317
RAIL	42	86	6	84
FOLD	92	171	171	65919	65919	0	185797
RAIL	42	87	6	85
FOLD	93	173	173	66690	66690	0	188673
RAIL	25	103	6	86
FOLD	94	175	175	67461	67461	0	190021
RAIL	25	104	6	87
FOLD	95	177	177	68232	68232	0	192426
RAIL	41	87	6	88
FOLD	96	179	179	69003	69003	0	193908
RAIL	41	88	6	89
FOLD	97	181	181	69774	69774	0	196838
RAIL	26	102	6	90
FOLD	98	183	183	70545	70545	0	198089
RAIL	26	103	6	91
FOLD	99	185	185	71316	71316	0	200584
RAIL	40	88	6	92
FOLD	100	187	187	72087	72087	0	202073
RAIL	40	89	6	93
FOLD	101	189	189	72858	72858	0	204990
RAIL	27	101	6	94
FOLD	102	191	191	73629	73629	0	206236
RAIL	27	102	6	95
FOLD	103	193	193	74400	74400	0	208620
RAIL	39	89	6	96
FOLD	104	195	195	75171	75171	0	210095
RAIL	39	90	6	97
FOLD	105	197	197	75942	75942	0	213146
RAIL	28	100	6	98
FOLD	106	199	199	76713	76713	0	214638
RAIL	28	101	6	99
FOLD	107	201	201	77484	77484	0	217139
RAIL	38	90	6	100
FOLD	108	203	203	78255	78255	0	218570
RAIL	38	91	6	101
FOLD	109	205	205	79026	79026	0	221511
RAIL	29	99	6	102
FOLD	110	207	207	79797	79797	0	222838
RAIL	29	100	6	103
FOLD	111	209	209	80568	80568	0	225288
RAIL	37	91	6	104
FOLD	112	211	211	81339	81339	0	226660
RAIL	37	92	6	105
FOLD	113	213	213	82110	82110	0	230049
RAIL	30	98	6	106
FOLD	114	215	215	82881	82881	0	231348
RAIL	30	99	6	107
FOLD	115	217	217	83652	83652	0	233951
RAIL	36	92	6	108
FOLD	116	219	219	84423	84423	0	235328
RAIL	36	93	6	109
FOLD	117	221	221	85194	85194	0	238186
RAIL	31	97	6	110
FOLD	118	223	223	85965	85965	0	239567
RAIL	31	98	6	111
FOLD	119	225	225	86736	86736	0	242156
RAIL	35	93	6	112
FOLD	120	227	227	87507	87507	0	243541
RAIL	35	94	6	113
FOLD	121	229	229	88278	88278	0	246277
RAIL	32	96	6	114
FOLD	122	231	231	89049	89049	0	247581
RAIL	32	97	6	115
FOLD	123	233	233	89820	89820	0	250250
RAIL	34	94	6	116
FOLD	124	235	235	90591	90591	0	251574
RAIL	34	95	6	117
FOLD	125	237	237	91362	91362	0	254355
RAIL	33	95	6	118
FOLD	126	239	239	92133	92133	0	255643
RAIL	33	96	6	119
FOLD	127	240	240	92520	92520	0	258253
RAIL	64	64	6	120
FOLD	128	241	241	92904	92904	0	261348
RAIL	64	64	6	121
FOLD	129	242	242	93288	93288	0	264447
RAIL	64	64	6	122
FOLD	130	243	243	93672	93672	0	267401
RAIL	64	64	6	123
FOLD	131	244	244	94056	94056	0	270647
RAIL	64	65	6	124
FOLD	132	245	245	94443	94443	0	273776
RAIL	64	64	6	125
FOLD	133	246	246	94827	94827	0	276793
RAIL	64	64	6	126
FOLD	134	247	247	95211	95211	0	279736
RAIL	64	64	6	127
FOLD	135	248	248	95595	95595	0	282744
RAIL	63	65	6	128
FOLD	136	249	249	95979	95979	0	285844
RAIL	64	64	6	129
FOLD	137	250	250	96363	96363	0	288850
RAIL	63	66	6	130
FOLD	138	251	251	96750	96750	0	291849
RAIL	64	64	6	131
FOLD	139	252	252	97134	97134	0	294913
RAIL	64	64	6	132
FOLD	140	253	253	97518	97518	0	297924
RAIL	64	64	6	133
FOLD	141	254	254	97902	97902	0	300826
RAIL	62	66	6	134
FOLD	142	255	255	98286	98286	0	304326
RAIL	64	64	6	135
FOLD	143	256	256	98670	98670	0	307280
RAIL	62	67	6	136
FOLD	144	257	257	99057	99057	0	310592
RAIL	64	64	6	137
FOLD	145	258	258	99441	99441	0	313461
RAIL	5	123	6	138
FOLD	150	259	259	99822	99822	0	322351
RAIL	64	64	8	141
FOLD	151	260	260	100206	100206	0	325355
RAIL	61	68	8	142
FOLD	152	261	261	100593	100593	0	328484
RAIL	64	64	8	143
FOLD	153	262	262	100977	100977	0	331429
RAIL	6	122	8	144
FOLD	158	263	263	101358	101358	0	344116
RAIL	64	64	10	147
FOLD	159	264	264	101742	101742	0	347374
RAIL	60	69	10	148
FOLD	160	265	265	102129	102129	0	350427
RAIL	64	64	10	149
FOLD	161	266	266	102513	102513	0	355163
RAIL	7	121	10	150
FOLD	162	267	267	102897	102897	0	357377
RAIL	64	64	10	151
FOLD	163	268	268	103281	103281	0	360292
RAIL	7	122	10	152
FOLD	164	269	269	103668	103668	0	363035
RAIL	64	64	10	153
FOLD	165	270	270	104052	104052	0	366040
RAIL	59	69	10	154
FOLD	166	271	271	104436	104436	0	368959
RAIL	64	64	10	155
FOLD	167	272	272	104820	104820	0	371757
RAIL	59	70	10	156
FOLD	168	273	273	105207	105207	0	374713
RAIL	64	64	10	157
FOLD	169	274	274	105591	105591	0	377604
RAIL	8	120	10	158
FOLD	170	275	275	105975	105975	0	379990
RAIL	64	64	10	159
FOLD	171	276	276	106359	106359	0	382851
RAIL	8	121	10	160
FOLD	172	277	277	106746	106746	0	384355
RAIL	64	64	10	161
FOLD	173	278	278	107130	107130	0	387344
RAIL	58	70	10	162
FOLD	174	279	279	107514	107514	0	390514
RAIL	64	64	10	163
FOLD	175	280	280	107898	107898	0	393671
RAIL	58	71	10	164
FOLD	176	281	281	108285	108285	0	396795
RAIL	64	64	10	165
FOLD	177	282	282	108669	108669	0	399819
RAIL	9	119	10	166
FOLD	178	283	283	109053	109053	0	401677
RAIL	64	64	10	167
FOLD	179	284	284	109437	109437	0	405339
RAIL	9	120	10	168
FOLD	180	285	285	109824	109824	0	406983
RAIL	64	64	10	169
FOLD	181	286	286	110208	110208	0	411188
RAIL	57	71	10	170
FOLD	182	287	287	110592	110592	0	415180
RAIL	64	64	10	171
FOLD	183	288	288	110976	110976	0	418532
RAIL	57	72	10	172
FOLD	184	289	289	111363	111363	0	422448
RAIL	64	64	10	173
FOLD	185	290	290	111747	111747	0	425870
RAIL	10	118	10	174
FOLD	186	291	291	112131	112131	0	427609
RAIL	64	64	10	175
FOLD	187	292	292	112515	112515	0	431714
RAIL	10	119	10	176
FOLD	188	293	293	112902	112902	0	433746
RAIL	64	64	10	177
FOLD	189	294	294	113286	113286	0	438865
RAIL	56	72	10	178
FOLD	190	295	295	113670	113670	0	442910
RAIL	64	64	10	179
FOLD	191	296	296	114054	114054	0	446370
RAIL	56	73	10	180
FOLD	192	297	297	114441	114441	0	450849
RAIL	64	64	10	181
FOLD	193	298	298	114825	114825	0	454637
RAIL	11	117	10	182
FOLD	194	299	299	115209	115209	0	456948
RAIL	64	64	10	183
FOLD	195	300	300	115593	115593	0	460727
RAIL	11	118	10	184
FOLD	196	301	301	115980	115980	0	462523
RAIL	64	64	10	185
FOLD	197	302	302	116364	116364	0	468734
RAIL	55	73	10	186
FOLD	198	303	303	116748	116748	0	472421
RAIL	64	64	10	187
FOLD	199	304	304	117132	117132	0	475958
RAIL	55	74	10	188
FOLD	200	305	305	117519	117519	0	479374
RAIL	64	64	10	189
FOLD	201	306	306	117903	117903	0	483126
RAIL	12	116	10	190
FOLD	202	307	307	118287	118287	0	485152
RAIL	64	64	10	191
FOLD	203	308	308	118671	118671	0	489590
RAIL	12	117	10	192
FOLD	204	309	309	119058	119058	0	491573
RAIL	64	64	10	193
FOLD	205	310	310	119442	119442	0	498792
RAIL	54	74	10	194
FOLD	206	311	311	119826	119826	0	502459
RAIL	64	64	10	195
FOLD	207	312	312	120210	120210	0	506130
RAIL	54	75	10	196
FOLD	208	313	313	120597	120597	0	509476
RAIL	64	64	10	197
FOLD	209	314	314	120981	120981	0	513237
RAIL	13	115	10	198
FOLD	210	315	315	121365	121365	0	515347
RAIL	64	64	10	199
FOLD	211	316	316	121749	121749	0	519154
RAIL	13	116	10	200
FOLD	212	317	317	122136	122136	0	521059
RAIL	64	64	10	201
FOLD	213	318	318	122520	122520	0	524495
RAIL	53	75	10	202
FOLD	214	319	319	122904	122904	0	528055
RAIL	64	64	10	203
FOLD	215	320	320	123288	123288	0	531665
RAIL	53	76	10	204
FOLD	216	321	321	123675	123675	0	535096
RAIL	64	64	10	205
FOLD	217	322	322	124059	124059	0	538739
RAIL	14	114	10	206
FOLD	218	323	323	124443	124443	0	540775
RAIL	64	64	10	207
FOLD	219	324	324	124827	124827	0	544657
RAIL	14	115	10	208
FOLD	220	325	325	125214	125214	0	546615
RAIL	64	64	10	209
FOLD	221	326	326	125598	125598	0	550178
RAIL	52	76	10	210
FOLD	222	327	327	125982	125982	0	553387
RAIL	64	64	10	211
FOLD	223	328	328	126366	126366	0	557237
RAIL	52	77	10	212
FOLD	224	329	329	126753	126753	0	560341
RAIL	64	64	10	213
FOLD	225	330	330	127137	127137	0	564199
RAIL	15	113	10	214
FOLD	226	331	331	127521	127521	0	566537
RAIL	64	64	10	215
FOLD	227	332	332	127905	127905	0	570399
RAIL	15	114	10	216
FOLD	228	333	333	128292	128292	0	572613
RAIL	64	64	10	217
FOLD	229	334	334	128676	128676	0	576439
RAIL	51	77	10	218
FOLD	230	335	335	129060	129060	0	579610
RAIL	64	64	10	219
FOLD	231	336	336	129444	129444	0	583519
RAIL	51	78	10	220
FOLD	232	337	337	129831	129831	0	586623
RAIL	64	64	10	221
FOLD	233	338	338	130215	130215	0	593297
RAIL	16	112	10	222
FOLD	234	339	339	130599	130599	0	595587
RAIL	64	64	10	223
FOLD	239	340	340	130986	130986	0	606077
RAIL	50	79	12	226
FOLD	240	341	341	131373	131373	0	609476
RAIL	64	64	12	227
FOLD	245	342	342	131760	131760	0	624745
RAIL	49	79	14	230
FOLD	246	343	343	132144	132144	0	628109
RAIL	64	64	14	231
FOLD	251	344	344	132531	132531	0	648614
RAIL	18	111	16	234
FOLD	252	345	345	132918	132918	0	653027
RAIL	64	64	16	235
FOLD	253	346	346	133302	133302	0	656890
RAIL	48	80	16	236
FOLD	254	347	347	133686	133686	0	660778
RAIL	64	64	16	237
FOLD	255	348	348	134070	134070	0	666978
RAIL	48	81	16	238
FOLD	256	349	349	134457	134457	0	671166
RAIL	64	64	16	239
FOLD	261	350	350	134844	134844	0	679790
RAIL	47	81	18	242
FOLD	262	351	351	135228	135228	0	682799
RAIL	64	64	18	243
FOLD	267	352	352	135615	135615	0	701151
RAIL	20	109	20	246
FOLD	268	353	353	136002	136002	0	703409
RAIL	64	64	20	247
FOLD	271	354	354	136386	136386	0	716327
RAIL	46	83	21	249
FOLD	272	355	355	136773	136773	0	719474
RAIL	64	64	21	250
FOLD	277	356	356	137160	137160	0	727745
RAIL	45	83	23	253
FOLD	278	357	357	137544	137544	0	730649
RAIL	64	64	23	254
FOLD	279	358	358	137928	137928	0	734454
RAIL	45	84	23	255
FOLD	280	359	359	138315	138315	0	737434
RAIL	64	64	23	256
FOLD	281	360	360	138699	138699	0	741265
RAIL	22	106	23	257
FOLD	282	361	361	139083	139083	0	743551
RAIL	64	64	23	258
FOLD	283	362	362	139467	139467	0	749139
RAIL	22	107	23	259
FOLD	284	363	363	139854	139854	0	751338
RAIL	64	64	23	260
FOLD	289	364	364	140241	140241	0	761770
RAIL	23	105	25	263
FOLD	290	365	365	140625	140625	0	764214
RAIL	64	64	25	264
FOLD	295	366	366	141012	141012	0	779237
RAIL	43	86	27	267
FOLD	296	367	367	141399	141399	0	782852
RAIL	64	64	27	268
FOLD	299	368	368	141783	141783	0	795531
RAIL	24	105	28	270
FOLD	300	369	369	142170	142170	0	797778
RAIL	64	64	28	271
FOLD	305	370	370	142557	142557	0	810891
RAIL	25	103	30	274
FOLD	306	371	371	142941	142941	0	815148
RAIL	64	64	30	275
FOLD	307	372	372	143325	143325	0	818991
RAIL	25	104	30	276
FOLD	308	373	373	143712	143712	0	821116
RAIL	64	64	30	277
FOLD	309	374	374	144096	144096	0	826810
RAIL	41	87	30	278
FOLD	310	375	375	144480	144480	0	829391
RAIL	64	64	30	279
FOLD	315	376	376	144867	144867	0	838551
RAIL	26	103	32	282
FOLD	316	377	377	145254	145254	0	840728
RAIL	64	64	32	283
FOLD	321	378	378	145641	145641	0	856180
RAIL	27	101	34	286
FOLD	322	379	379	146025	146025	0	858493
RAIL	64	64	34	287
FOLD	323	380	380	146409	146409	0	866041
RAIL	27	102	34	288
FOLD	324	381	381	146796	146796	0	869533
RAIL	64	64	34	289
FOLD	329	382	382	147183	147183	0	882241
RAIL	28	100	36	292
FOLD	330	383	383	147567	147567	0	884466
RAIL	64	64	36	293
FOLD	335	384	384	147954	147954	0	896662
RAIL	38	91	38	296
FOLD	336	385	385	148341	148341	0	900026
RAIL	64	64	38	297
FOLD	337	386	386	148725	148725	0	904109
RAIL	29	99	38	298
FOLD	338	387	387	149109	149109	0	907172
RAIL	64	64	38	299
FOLD	339	388	388	149493	149493	0	911366
RAIL	29	100	38	300
FOLD	340	389	389	149880	149880	0	914311
RAIL	64	64	38	301
FOLD	341	390	390	150264	150264	0	917746
RAIL	37	91	38	302
FOLD	342	391	391	150648	150648	0	921436
RAIL	64	64	38	303
FOLD	343	392	392	151032	151032	0	931169
RAIL	37	92	38	304
FOLD	344	393	393	151419	151419	0	934525
RAIL	64	64	38	305
FOLD	349	394	394	151806	151806	0	944678
RAIL	36	92	40	308
FOLD	350	395	395	152190	152190	0	948092
RAIL	64	64	40	309
FOLD	355	396	396	152577	152577	0	968218
RAIL	31	98	42	312
FOLD	356	397	397	152964	152964	0	972249
RAIL	64	64	42	313
FOLD	359	398	398	153348	153348	0	988602
RAIL	35	94	43	315
FOLD	360	399	399	153735	153735	0	992041
RAIL	64	64	43	316
FOLD	365	400	400	154122	154122	0	1003405
RAIL	34	94	45	319
FOLD	366	401	401	154506	154506	0	1008613
RAIL	64	64	45	320
FOLD	367	402	402	154890	154890	0	1014050
RAIL	34	95	45	321
FOLD	368	403	403	155277	155277	0	1017803
RAIL	64	64	45	322
FOLD	369	404	404	155661	155661	0	1023609
RAIL	33	95	45	323
FOLD	370	405	405	156045	156045	0	1026936
RAIL	64	64	45	324
FOLD	381	406	406	156435	156435	0	1063149
RAIL	64	64	50	330
FOLD	386	407	407	156822	156822	0	1074871
RAIL	62	66	52	333
FOLD	387	408	408	157206	157206	0	1078783
RAIL	64	64	52	334
FOLD	388	409	409	157590	157590	0	1082603
RAIL	62	67	52	335
FOLD	389	410	410	157977	157977	0	1086734
RAIL	64	64	52	336
FOLD	390	411	411	158361	158361	0	1092724
RAIL	5	123	52	337
FOLD	405	412	412	158745	158745	0	1127151
RAIL	64	64	59	345
FOLD	418	413	413	159132	159132	0	1155649
RAIL	58	70	65	352
FOLD	419	414	414	159516	159516	0	1159904
RAIL	64	64	65	353
FOLD	420	415	415	159900	159900	0	1166017
RAIL	58	71	65	354
FOLD	421	416	416	160287	160287	0	1170316
RAIL	64	64	65	355
FOLD	426	417	417	160674	160674	0	1180213
RAIL	57	71	67	358
FOLD	427	418	418	161058	161058	0	1183516
RAIL	64	64	67	359
FOLD	432	419	419	161445	161445	0	1200915
RAIL	10	119	69	362
FOLD	433	420	420	161832	161832	0	1202589
RAIL	64	64	69	363
FOLD	438	421	421	162219	162219	0	1220201
RAIL	11	117	71	366
FOLD	439	422	422	162603	162603	0	1222035
RAIL	64	64	71	367
FOLD	440	423	423	162987	162987	0	1225397
RAIL	11	118	71	368
FOLD	441	424	424	163374	163374	0	1227015
RAIL	64	64	71	369
FOLD	442	425	425	163758	163758	0	1230673
RAIL	55	73	71	370
FOLD	443	426	426	164142	164142	0	1235077
RAIL	64	64	71	371
FOLD	444	427	427	164526	164526	0	1238572
RAIL	55	74	71	372
FOLD	445	428	428	164913	164913	0	1242368
RAIL	64	64	71	373
FOLD	446	429	429	165297	165297	0	1247714
RAIL	12	116	71	374
FOLD	447	430	430	165681	165681	0	1249584
RAIL	64	64	71	375
FOLD	448	431	431	166065	166065	0	1255485
RAIL	12	117	71	376
FOLD	449	432	432	166452	166452	0	1257424
RAIL	64	64	71	377
FOLD	454	433	433	166839	166839	0	1267434
RAIL	13	115	73	380
FOLD	455	434	434	167223	167223	0	1269390
RAIL	64	64	73	381
FOLD	460	435	435	167610	167610	0	1286686
RAIL	53	76	75	384
FOLD	461	436	436	167997	167997	0	1289568
RAIL	64	64	75	385
FOLD	466	437	437	168384	168384	0	1305963
RAIL	52	76	77	388
FOLD	467	438	438	168768	168768	0	1309113
RAIL	64	64	77	389
FOLD	468	439	439	169152	169152	0	1313348
RAIL	52	77	77	390
FOLD	469	440	440	169539	169539	0	1316370
RAIL	64	64	77	391
FOLD	470	441	441	169923	169923	0	1322493
RAIL	15	113	77	392
FOLD	471	442	442	170307	170307	0	1324461
RAIL	64	64	77	393
FOLD	476	443	443	170694	170694	0	1334283
RAIL	51	78	79	396
FOLD	477	444	444	171081	171081	0	1337336
RAIL	64	64	79	397
FOLD	482	445	445	171468	171468	0	1355935
RAIL	50	78	81	400
FOLD	483	446	446	171852	171852	0	1358721
RAIL	64	64	81	401
FOLD	484	447	447	172236	172236	0	1364411
RAIL	50	79	81	402
FOLD	485	448	448	172623	172623	0	1367205
RAIL	64	64	81	403
FOLD	490	449	449	173010	173010	0	1375662
RAIL	49	79	83	406
FOLD	491	450	450	173394	173394	0	1378707
RAIL	64	64	83	407
FOLD	496	451	451	173781	173781	0	1388654
RAIL	18	111	85	410
FOLD	497	452	452	174168	174168	0	1390537
RAIL	64	64	85	411
FOLD	498	453	453	174552	174552	0	1394043
RAIL	48	80	85	412
FOLD	499	454	454	174936	174936	0	1396770
RAIL	64	64	85	413
FOLD	500	455	455	175320	175320	0	1400371
RAIL	48	81	85	414
FOLD	501	456	456	175707	175707	0	1403117
RAIL	64	64	85	415
FOLD	502	457	457	176091	176091	0	1408264
RAIL	19	109	85	416
FOLD	503	458	458	176475	176475	0	1410205
RAIL	64	64	85	417
FOLD	508	459	459	176862	176862	0	1418606
RAIL	47	82	87	420
FOLD	509	460	460	177249	177249	0	1421344
RAIL	64	64	87	421
FOLD	512	459	460	176865	177249	0	1426311
RAIL	20	109	89	422
FOLD	514	461	461	177636	177636	0	1435510
RAIL	46	82	89	424
FOLD	515	462	462	178020	178020	0	1439031
RAIL	64	64	89	425
FOLD	518	463	463	178407	178407	0	1451047
RAIL	21	107	90	427
FOLD	519	464	464	178791	178791	0	1453191
RAIL	64	64	90	428
FOLD	524	465	465	179178	179178	0	1464464
RAIL	45	84	92	431
FOLD	525	466	466	179565	179565	0	1468237
RAIL	64	64	92	432
FOLD	526	467	467	179949	179949	0	1471699
RAIL	22	106	92	433
FOLD	527	468	468	180333	180333	0	1474482
RAIL	64	64	92	434
FOLD	528	469	469	180717	180717	0	1480419
RAIL	22	107	92	435
FOLD	529	470	470	181104	181104	0	1482433
RAIL	64	64	92	436
FOLD	534	471	471	181491	181491	0	1491843
RAIL	23	105	94	439
FOLD	535	472	472	181875	181875	0	1493912
RAIL	64	64	94	440
FOLD	540	473	473	182262	182262	0	1507304
RAIL	43	86	96	443
FOLD	541	474	474	182649	182649	0	1510073
RAIL	64	64	96	444
FOLD	544	475	475	183033	183033	0	1521595
RAIL	24	105	97	446
FOLD	545	476	476	183420	183420	0	1523607
RAIL	64	64	97	447
FOLD	550	477	477	183807	183807	0	1532714
RAIL	25	103	99	450
FOLD	551	478	478	184191	184191	0	1534937
RAIL	64	64	99	451
FOLD	552	479	479	184575	184575	0	1538378
RAIL	25	104	99	452
FOLD	553	480	480	184962	184962	0	1540412
RAIL	64	64	99	453
FOLD	554	481	481	185346	185346	0	1544404
RAIL	41	87	99	454
FOLD	555	482	482	185730	185730	0	1546980
RAIL	64	64	99	455
FOLD	556	483	483	186114	186114	0	1551318
RAIL	41	88	99	456
FOLD	557	484	484	186501	186501	0	1553969
RAIL	64	64	99	457
FOLD	558	485	485	186885	186885	0	1560088
RAIL	26	102	99	458
FOLD	559	486	486	187269	187269	0	1562300
RAIL	64	64	99	459
FOLD	564	487	487	187656	187656	0	1573817
RAIL	40	89	101	462
FOLD	565	488	488	188043	188043	0	1576562
RAIL	64	64	101	463
FOLD	570	489	489	188430	188430	0	1590885
RAIL	39	89	103	466
FOLD	571	490	490	188814	188814	0	1593391
RAIL	64	64	103	467
FOLD	572	491	491	189198	189198	0	1598360
RAIL	39	90	103	468
FOLD	573	492	492	189585	189585	0	1600917
RAIL	64	64	103	469
FOLD	578	493	493	189972	189972	0	1608421
RAIL	38	90	105	472
FOLD	579	494	494	190356	190356	0	1611155
RAIL	64	64	105	473
FOLD	584	495	495	190743	190743	0	1621764
RAIL	29	100	107	476
FOLD	585	496	496	191130	191130	0	1623846
RAIL	64	64	107	477
FOLD	586	497	497	191514	191514	0	1629218
RAIL	37	91	107	478
FOLD	587	498	498	191898	191898	0	1631663
RAIL	64	64	107	479
FOLD	588	499	499	192282	192282	0	1636674
RAIL	37	92	107	480
FOLD	589	500	500	192669	192669	0	1639071
RAIL	64	64	107	481
FOLD	594	501	501	193056	193056	0	1647040
RAIL	36	92	109	484
FOLD	595	502	502	193440	193440	0	1649441
RAIL	64	64	109	485
FOLD	600	503	503	193827	193827	0	1666858
RAIL	31	98	111	488
FOLD	601	504	504	194214	194214	0	1669514
RAIL	64	64	111	489
FOLD	604	505	505	194598	194598	0	1680633
RAIL	35	94	112	491
FOLD	605	506	506	194985	194985	0	1683111
RAIL	64	64	112	492
FOLD	610	507	507	195372	195372	0	1696625
RAIL	34	94	114	495
FOLD	611	508	508	195756	195756	0	1700995
RAIL	64	64	114	496
FOLD	612	509	509	196140	196140	0	1706898
RAIL	34	95	114	497
FOLD	613	510	510	196527	196527	0	1711004
RAIL	64	64	114	498
FOLD	614	511	511	196911	196911	0	1717228
RAIL	33	95	114	499
FOLD	615	512	512	197295	197295	0	1720014
RAIL	64	64	114	500
FOLD	618	513	513	197682	197682	0	1730270
RAIL	64	64	115	502
FOLD	629	514	514	198072	198072	0	1757069
RAIL	64	64	120	508
FOLD	630	515	515	198456	198456	0	1761938
RAIL	64	64	120	509
FOLD	635	516	516	198843	198843	0	1780565
RAIL	64	64	122	512
FOLD	640	517	517	199230	199230	0	1793092
RAIL	64	64	124	515
FOLD	641	518	518	199614	199614	0	1796490
RAIL	6	122	124	516
FOLD	644	519	519	199998	199998	0	1803433
RAIL	60	68	125	518
FOLD	645	520	520	200382	200382	0	1806297
RAIL	64	64	125	519
FOLD	646	521	521	200766	200766	0	1809891
RAIL	60	69	125	520
FOLD	647	522	522	201153	201153	0	1812660
RAIL	64	64	125	521
FOLD	648	523	523	201537	201537	0	1816164
RAIL	7	121	125	522
FOLD	665	524	524	201921	201921	0	1854775
RAIL	64	64	133	531
FOLD	670	525	525	202308	202308	0	1864030
RAIL	57	72	135	534
FOLD	671	526	526	202695	202695	0	1867151
RAIL	64	64	135	535
FOLD	676	527	527	203082	203082	0	1876230
RAIL	56	72	137	538
FOLD	677	528	528	203466	203466	0	1879305
RAIL	64	64	137	539
FOLD	678	529	529	203850	203850	0	1886686
RAIL	56	73	137	540
FOLD	679	530	530	204237	204237	0	1889713
RAIL	64	64	137	541
FOLD	680	531	531	204621	204621	0	1895489
RAIL	11	117	137	542
FOLD	681	532	532	205005	205005	0	1897223
RAIL	64	64	137	543
FOLD	686	533	533	205392	205392	0	1908089
RAIL	55	74	139	546
FOLD	687	534	534	205779	205779	0	1911093
RAIL	64	64	139	547
FOLD	692	535	535	206166	206166	0	1922190
RAIL	54	74	141	550
FOLD	693	536	536	206550	206550	0	1925284
RAIL	64	64	141	551
FOLD	696	537	537	206937	206937	0	1940238
RAIL	13	115	142	553
FOLD	697	538	538	207321	207321	0	1942316
RAIL	64	64	142	554
FOLD	702	539	539	207708	207708	0	1953097
RAIL	53	76	144	557
FOLD	703	540	540	208095	208095	0	1956043
RAIL	64	64	144	558
FOLD	704	541	541	208479	208479	0	1959480
RAIL	14	114	144	559
FOLD	705	542	542	208863	208863	0	1961411
RAIL	64	64	144	560
FOLD	706	543	543	209247	209247	0	1966779
RAIL	14	115	144	561
FOLD	707	544	544	209634	209634	0	1968556
RAIL	64	64	144	562
FOLD	708	545	545	210018	210018	0	1974299
RAIL	52	76	144	563
FOLD	709	546	546	210402	210402	0	1977282
RAIL	64	64	144	564
FOLD	714	547	547	210789	210789	0	1987273
RAIL	15	114	146	567
FOLD	715	548	548	211176	211176	0	1989098
RAIL	64	64	146	568
FOLD	720	549	549	211563	211563	0	2007602
RAIL	16	112	148	571
FOLD	721	550	550	211947	211947	0	2010724
RAIL	64	64	148	572
FOLD	724	551	551	212334	212334	0	2023506
RAIL	50	78	149	574
FOLD	725	552	552	212718	212718	0	2028383
RAIL	64	64	149	575
FOLD	730	553	553	213105	213105	0	2038930
RAIL	17	112	151	578
FOLD	731	554	554	213492	213492	0	2041301
RAIL	64	64	151	579
FOLD	732	555	555	213876	213876	0	2045120
RAIL	49	79	151	580
FOLD	733	556	556	214260	214260	0	2050581
RAIL	64	64	151	581
FOLD	734	557	557	214644	214644	0	2056380
RAIL	49	80	151	582
FOLD	735	558	558	215031	215031	0	2060721
RAIL	64	64	151	583
FOLD	740	559	559	215418	215418	0	2070197
RAIL	48	80	153	586
FOLD	741	560	560	215802	215802	0	2073147
RAIL	64	64	153	587
FOLD	746	561	561	216189	216189	0	2089827
RAIL	19	110	155	590
FOLD	747	562	562	216576	216576	0	2091773
RAIL	64	64	155	591
FOLD	750	563	563	216960	216960	0	2104584
RAIL	47	82	156	593
FOLD	751	564	564	217347	217347	0	2107486
RAIL	64	64	156	594
FOLD	756	565	565	217734	217734	0	2116565
RAIL	46	82	158	597
FOLD	757	566	566	218118	218118	0	2119613
RAIL	64	64	158	598
FOLD	758	567	567	218502	218502	0	2123240
RAIL	46	83	158	599
FOLD	759	568	568	218889	218889	0	2125956
RAIL	64	64	158	600
FOLD	760	569	569	219273	219273	0	2129544
RAIL	21	107	158	601
FOLD	761	570	570	219657	219657	0	2131684
RAIL	64	64	158	602
FOLD	762	571	571	220041	220041	0	2135324
RAIL	21	108	158	603
FOLD	763	572	572	220428	220428	0	2137673
RAIL	64	64	158	604
FOLD	764	573	573	220812	220812	0	2143121
RAIL	45	83	158	605
FOLD	765	574	574	221196	221196	0	2146817
RAIL	64	64	158	606
FOLD	770	575	575	221583	221583	0	2157172
RAIL	22	107	160	609
FOLD	771	576	576	221970	221970	0	2159949
RAIL	64	64	160	610
FOLD	776	577	577	222357	222357	0	2185769
RAIL	23	105	162	613
FOLD	777	578	578	222741	222741	0	2187854
RAIL	64	64	162	614
FOLD	782	579	579	223128	223128	0	2206719
RAIL	43	86	164	617
FOLD	783	580	580	223515	223515	0	2209471
RAIL	64	64	164	618
FOLD	784	581	581	223899	223899	0	2212963
RAIL	24	104	164	619
FOLD	785	582	582	224283	224283	0	2215046
RAIL	64	64	164	620
FOLD	786	583	583	224667	224667	0	2220470
RAIL	24	105	164	621
FOLD	787	584	584	225054	225054	0	2222518
RAIL	64	64	164	622
FOLD	792	585	585	225441	225441	0	2231780
RAIL	25	103	166	625
FOLD	793	586	586	225825	225825	0	2233940
RAIL	64	64	166	626
FOLD	798	587	587	226212	226212	0	2249460
RAIL	41	88	168	629
FOLD	799	588	588	226599	226599	0	2251934
RAIL	64	64	168	630
FOLD	802	589	589	226983	226983	0	2263003
RAIL	26	103	169	632
FOLD	803	590	590	227370	227370	0	2265079
RAIL	64	64	169	633
FOLD	808	591	591	227757	227757	0	2274705
RAIL	27	101	171	636
FOLD	809	592	592	228141	228141	0	2276907
RAIL	64	64	171	637
FOLD	810	593	593	228525	228525	0	2280321
RAIL	27	102	171	638
FOLD	811	594	594	228912	228912	0	2283069
RAIL	64	64	171	639
FOLD	812	595	595	229296	229296	0	2290558
RAIL	39	89	171	640
FOLD	813	596	596	229680	229680	0	2294003
RAIL	64	64	171	641
FOLD	814	597	597	230064	230064	0	2299470
RAIL	39	90	171	642
FOLD	815	598	598	230451	230451	0	2302895
RAIL	64	64	171	643
FOLD	820	599	599	230838	230838	0	2311631
RAIL	38	90	173	646
FOLD	821	600	600	231222	231222	0	2314494
RAIL	64	64	173	647
FOLD	826	601	601	231609	231609	0	2328743
RAIL	29	100	175	650
FOLD	827	602	602	231996	231996	0	2331142
RAIL	64	64	175	651
FOLD	828	603	603	232380	232380	0	2336262
RAIL	37	91	175	652
FOLD	829	604	604	232764	232764	0	2338880
RAIL	64	64	175	653
FOLD	834	605	605	233151	233151	0	2346930
RAIL	30	99	177	656
FOLD	835	606	606	233538	233538	0	2349236
RAIL	64	64	177	657
FOLD	840	607	607	233925	233925	0	2358960
RAIL	31	97	179	660
FOLD	841	608	608	234309	234309	0	2361421
RAIL	64	64	179	661
FOLD	842	609	609	234693	234693	0	2364801
RAIL	31	98	179	662
FOLD	843	610	610	235080	235080	0	2368071
RAIL	64	64	179	663
FOLD	844	611	611	235464	235464	0	2373382
RAIL	35	93	179	664
FOLD	845	612	612	235848	235848	0	2375928
RAIL	64	64	179	665
FOLD	850	613	613	236235	236235	0	2385562
RAIL	32	97	181	668
FOLD	851	614	614	236622	236622	0	2388732
RAIL	64	64	181	669
FOLD	856	615	615	237009	237009	0	2400526
RAIL	33	95	183	672
FOLD	857	616	616	237393	237393	0	2402950
RAIL	64	64	183	673
FOLD	860	617	617	237780	237780	0	2418426
RAIL	64	64	184	675
FOLD	865	618	618	238167	238167	0	2429984
RAIL	64	64	186	678
FOLD	866	619	619	238551	238551	0	2437917
RAIL	64	64	186	679
FOLD	867	620	620	238935	238935	0	2441452
RAIL	63	65	186	680
FOLD	868	621	621	239319	239319	0	2444334
RAIL	64	64	186	681
FOLD	869	622	622	239703	239703	0	2447853
RAIL	63	66	186	682
FOLD	870	623	623	240090	240090	0	2450890
RAIL	64	64	186	683
FOLD	871	624	624	240474	240474	0	2456752
RAIL	64	64	186	684
FOLD	876	625	625	240861	240861	0	2466897
RAIL	64	64	188	687
FOLD	883	626	626	241248	241248	0	2496066
RAIL	6	122	191	691
FOLD	890	627	627	241635	241635	0	2518086
RAIL	7	121	194	695
FOLD	891	628	628	242019	242019	0	2520278
RAIL	64	64	194	696
FOLD	892	629	629	242403	242403	0	2525638
RAIL	7	122	194	697
FOLD	893	630	630	242790	242790	0	2526851
RAIL	64	64	194	698
FOLD	898	631	631	243177	243177	0	2536390
RAIL	8	120	196	701
FOLD	919	632	632	243564	243564	0	2581408
RAIL	64	64	206	712
FOLD	920	633	633	243948	243948	0	2584773
RAIL	56	73	206	713
FOLD	921	634	634	244335	244335	0	2587694
RAIL	64	64	206	714
FOLD	922	635	635	244719	244719	0	2591119
RAIL	11	117	206	715
FOLD	923	636	636	245103	245103	0	2594253
RAIL	64	64	206	716
FOLD	924	637	637	245487	245487	0	2599234
RAIL	11	118	206	717
FOLD	925	638	638	245874	245874	0	2600739
RAIL	64	64	206	718
FOLD	930	639	639	246261	246261	0	2610259
RAIL	12	116	208	721
FOLD	931	640	640	246645	246645	0	2611902
RAIL	64	64	208	722
FOLD	936	641	641	247032	247032	0	2626020
RAIL	54	75	210	725
FOLD	937	642	642	247419	247419	0	2628700
RAIL	64	64	210	726
FOLD	940	643	643	247803	247803	0	2640697
RAIL	13	116	211	728
FOLD	941	644	644	248190	248190	0	2642287
RAIL	64	64	211	729
FOLD	946	645	645	248577	248577	0	2651924
RAIL	14	114	213	732
FOLD	947	646	646	248961	248961	0	2653774
RAIL	64	64	213	733
FOLD	948	647	647	249345	249345	0	2658548
RAIL	14	115	213	734
FOLD	949	648	648	249732	249732	0	2660060
RAIL	64	64	213	735
FOLD	954	649	649	250119	250119	0	2676690
RAIL	15	113	215	738
FOLD	955	650	650	250503	250503	0	2678821
RAIL	64	64	215	739
FOLD	960	651	651	250890	250890	0	2689668
RAIL	51	78	217	742
FOLD	961	652	652	251277	251277	0	2692335
RAIL	64	64	217	743
FOLD	962	653	653	251661	251661	0	2695589
RAIL	16	112	217	744
FOLD	963	654	654	252045	252045	0	2697720
RAIL	64	64	217	745
FOLD	964	655	655	252429	252429	0	2700977
RAIL	16	113	217	746
FOLD	965	656	656	252816	252816	0	2702742
RAIL	64	64	217	747
FOLD	966	657	657	253200	253200	0	2706141
RAIL	50	78	217	748
FOLD	967	658	658	253584	253584	0	2708872
RAIL	64	64	217	749
FOLD	968	659	659	253968	253968	0	2713957
RAIL	50	79	217	750
FOLD	969	660	660	254355	254355	0	2716645
RAIL	64	64	217	751
FOLD	974	661	661	254742	254742	0	2724838
RAIL	49	79	219	754
FOLD	975	662	662	255126	255126	0	2728640
RAIL	64	64	219	755
FOLD	980	663	663	255513	255513	0	2740957
RAIL	18	111	221	758
FOLD	981	664	664	255900	255900	0	2742752
RAIL	64	64	221	759
FOLD	982	665	665	256284	256284	0	2747675
RAIL	48	80	221	760
FOLD	983	666	666	256668	256668	0	2751788
RAIL	64	64	221	761
FOLD	988	667	667	257055	257055	0	2759713
RAIL	19	110	223	764
FOLD	989	668	668	257442	257442	0	2761544
RAIL	64	64	223	765
FOLD	994	669	669	257829	257829	0	2771813
RAIL	20	108	225	768
FOLD	995	670	670	258213	258213	0	2774508
RAIL	64	64	225	769
FOLD	996	671	671	258597	258597	0	2777739
RAIL	20	109	225	770
FOLD	997	672	672	258984	258984	0	2779592
RAIL	64	64	225	771
FOLD	998	673	673	259368	259368	0	2784763
RAIL	46	82	225	772
FOLD	999	674	674	259752	259752	0	2788738
RAIL	64	64	225	773
FOLD	1004	675	675	260139	260139	0	2798356
RAIL	21	108	227	776
FOLD	1005	676	676	260526	260526	0	2800292
RAIL	64	64	227	777
FOLD	1010	677	677	260913	260913	0	2812135
RAIL	22	106	229	780
FOLD	1011	678	678	261297	261297	0	2814330
RAIL	64	64	229	781
FOLD	1014	679	679	261684	261684	0	2824576
RAIL	44	84	230	783
FOLD	1015	680	680	262068	262068	0	2827271
RAIL	64	64	230	784
FOLD	1020	681	681	262455	262455	0	2836926
RAIL	23	106	232	787
FOLD	1021	682	682	262842	262842	0	2838873
RAIL	64	64	232	788
FOLD	1022	683	683	263226	263226	0	2842240
RAIL	43	85	232	789
FOLD	1023	684	684	263610	263610	0	2844880
RAIL	64	64	232	790
FOLD	1024	685	685	263994	263994	0	2848289
RAIL	43	86	232	791
FOLD	1025	686	686	264381	264381	0	2850796
RAIL	64	64	232	792
FOLD	1026	687	687	264765	264765	0	2855997
RAIL	24	104	232	793
FOLD	1027	688	688	265149	265149	0	2858440
RAIL	64	64	232	794
FOLD	1032	689	689	265536	265536	0	2869077
RAIL	42	87	234	797
FOLD	1033	690	690	265923	265923	0	2872576
RAIL	64	64	234	798
FOLD	1038	691	691	266310	266310	0	2888203
RAIL	41	87	236	801
FOLD	1039	692	692	266694	266694	0	2891907
RAIL	64	64	236	802
FOLD	1042	693	693	267081	267081	0	2904996
RAIL	26	102	237	804
FOLD	1043	694	694	267465	267465	0	2907180
RAIL	64	64	237	805
FOLD	1048	695	695	267852	267852	0	2915978
RAIL	40	89	239	808
FOLD	1049	696	696	268239	268239	0	2918724
RAIL	64	64	239	809
FOLD	1050	697	697	268623	268623	0	2925533
RAIL	27	101	239	810
FOLD	1051	698	698	269007	269007	0	2927706
RAIL	64	64	239	811
FOLD	1056	699	699	269394	269394	0	2950725
RAIL	39	90	241	814
FOLD	1057	700	700	269781	269781	0	2953237
RAIL	64	64	241	815
FOLD	1060	701	701	270165	270165	0	2961643
RAIL	28	101	242	817
FOLD	1061	702	702	270552	270552	0	2963846
RAIL	64	64	242	818
FOLD	1066	703	703	270939	270939	0	2973925
RAIL	29	99	244	821
FOLD	1067	704	704	271323	271323	0	2976373
RAIL	64	64	244	822
FOLD	1068	705	705	271707	271707	0	2979655
RAIL	29	100	244	823
FOLD	1069	706	706	272094	272094	0	2981854
RAIL	64	64	244	824
FOLD	1070	707	707	272478	272478	0	2985201
RAIL	37	91	244	825
FOLD	1071	708	708	272862	272862	0	2987622
RAIL	64	64	244	826
FOLD	1072	709	709	273246	273246	0	2991095
RAIL	37	92	244	827
FOLD	1073	710	710	273633	273633	0	2993536
RAIL	64	64	244	828
FOLD	1074	711	711	274017	274017	0	2997086
RAIL	30	98	244	829
FOLD	1075	712	712	274401	274401	0	2999444
RAIL	64	64	244	830
FOLD	1076	713	713	274785	274785	0	3002893
RAIL	30	99	244	831
FOLD	1077	714	714	275172	275172	0	3005308
RAIL	64	64	244	832
FOLD	1078	715	715	275556	275556	0	3008839
RAIL	36	92	244	833
FOLD	1079	716	716	275940	275940	0	3011439
RAIL	64	64	244	834
FOLD	1080	717	717	276324	276324	0	3016856
RAIL	36	93	244	835
FOLD	1081	718	718	276711	276711	0	3019409
RAIL	64	64	244	836
FOLD	1086	719	719	277098	277098	0	3028179
RAIL	35	93	246	839
FOLD	1087	720	720	277482	277482	0	3030707
RAIL	64	64	246	840
FOLD	1092	721	721	277869	277869	0	3042958
RAIL	32	97	248	843
FOLD	1093	722	722	278256	278256	0	3045424
RAIL	64	64	248	844
FOLD	1094	723	723	278640	278640	0	3050576
RAIL	34	94	248	845
FOLD	1095	724	724	279024	279024	0	3053179
RAIL	64	64	248	846
FOLD	1100	725	725	279411	279411	0	3063265
RAIL	33	96	250	849
FOLD	1101	726	726	279798	279798	0	3065553
RAIL	64	64	250	850
FOLD	1106	727	727	280185	280185	0	3075535
RAIL	64	64	252	853
FOLD	1107	728	728	280569	280569	0	3080868
RAIL	64	64	252	854
FOLD	1112	729	729	280956	280956	0	3090291
RAIL	64	64	254	857
FOLD	1119	730	730	281343	281343	0	3115490
RAIL	64	64	257	861
FOLD	1124	731	731	281730	281730	0	3124826
RAIL	64	64	259	864
FOLD	1125	732	732	282114	282114	0	3128346
RAIL	64	64	259	865
FOLD	1126	733	733	282498	282498	0	3131919
RAIL	64	64	259	866
FOLD	1127	734	734	282882	282882	0	3137289
RAIL	60	68	259	867
FOLD	1128	735	735	283266	283266	0	3140270
RAIL	64	64	259	868
FOLD	1143	736	736	283656	283656	0	3177364
RAIL	58	70	266	876
FOLD	1144	737	737	284040	284040	0	3180255
RAIL	64	64	266	877
FOLD	1153	738	738	284424	284424	0	3204152
RAIL	57	72	270	882
FOLD	1154	739	739	284811	284811	0	3207165
RAIL	64	64	270	883
FOLD	1169	740	740	285198	285198	0	3242387
RAIL	55	74	277	891
FOLD	1170	741	741	285585	285585	0	3245380
RAIL	64	64	277	892
FOLD	1175	742	742	285972	285972	0	3255515
RAIL	54	74	279	895
FOLD	1176	743	743	286356	286356	0	3259630
RAIL	64	64	279	896
FOLD	1177	744	744	286740	286740	0	3263066
RAIL	54	75	279	897
FOLD	1178	745	745	287127	287127	0	3266064
RAIL	64	64	279	898
FOLD	1179	746	746	287511	287511	0	3274260
RAIL	13	115	279	899
FOLD	1180	747	747	287895	287895	0	3276833
RAIL	64	64	279	900
FOLD	1181	748	748	288279	288279	0	3280390
RAIL	13	116	279	901
FOLD	1182	749	749	288666	288666	0	3282106
RAIL	64	64	279	902
FOLD	1183	750	750	289050	289050	0	3288012
RAIL	53	75	279	903
FOLD	1184	751	751	289434	289434	0	3290923
RAIL	64	64	279	904
FOLD	1189	752	752	289821	289821	0	3300197
RAIL	14	115	281	907
FOLD	1190	753	753	290208	290208	0	3302060
RAIL	64	64	281	908
FOLD	1195	754	754	290595	290595	0	3319816
RAIL	15	113	283	911
FOLD	1196	755	755	290979	290979	0	3322278
RAIL	64	64	283	912
FOLD	1201	756	756	291366	291366	0	3340074
RAIL	51	78	285	915
FOLD	1202	757	757	291753	291753	0	3343037
RAIL	64	64	285	916
FOLD	1203	758	758	292137	292137	0	3349348
RAIL	16	112	285	917
FOLD	1204	759	759	292521	292521	0	3351347
RAIL	64	64	285	918
FOLD	1205	760	760	292905	292905	0	3356648
RAIL	16	113	285	919
FOLD	1206	761	761	293292	293292	0	3358566
RAIL	64	64	285	920
FOLD	1211	762	762	293679	293679	0	3368590
RAIL	17	111	287	923
FOLD	1212	763	763	294063	294063	0	3370739
RAIL	64	64	287	924
FOLD	1217	764	764	294450	294450	0	3387320
RAIL	49	80	289	927
FOLD	1218	765	765	294837	294837	0	3390238
RAIL	64	64	289	928
FOLD	1221	766	766	295221	295221	0	3402228
RAIL	18	111	290	930
FOLD	1222	767	767	295608	295608	0	3404283
RAIL	64	64	290	931
FOLD	1227	768	768	295995	295995	0	3414264
RAIL	19	109	292	934
FOLD	1228	769	769	296379	296379	0	3417518
RAIL	64	64	292	935
FOLD	1229	770	770	296763	296763	0	3420800
RAIL	19	110	292	936
FOLD	1230	771	771	297150	297150	0	3422910
RAIL	64	64	292	937
FOLD	1231	772	772	297534	297534	0	3431748
RAIL	47	81	292	938
FOLD	1232	773	773	297918	297918	0	3434676
RAIL	64	64	292	939
FOLD	1233	774	774	298302	298302	0	3440298
RAIL	47	82	292	940
FOLD	1234	775	775	298689	298689	0	3443381
RAIL	64	64	292	941
FOLD	1239	776	776	299076	299076	0	3453465
RAIL	46	82	294	944
FOLD	1240	777	777	299460	299460	0	3456373
RAIL	64	64	294	945
FOLD	1245	778	778	299847	299847	0	3471082
RAIL	21	108	296	948
FOLD	1246	779	779	300234	300234	0	3473254
RAIL	64	64	296	949
FOLD	1247	780	780	300618	300618	0	3478476
RAIL	45	83	296	950
FOLD	1248	781	781	301002	301002	0	3481342
RAIL	64	64	296	951
FOLD	1253	782	782	301389	301389	0	3490085
RAIL	22	107	298	954
FOLD	1254	783	783	301776	301776	0	3492145
RAIL	64	64	298	955
FOLD	1259	784	784	302163	302163	0	3502686
RAIL	23	105	300	958
FOLD	1260	785	785	302547	302547	0	3504882
RAIL	64	64	300	959
FOLD	1261	786	786	302931	302931	0	3508299
RAIL	23	106	300	960
FOLD	1262	787	787	303318	303318	0	3510579
RAIL	64	64	300	961
FOLD	1267	788	788	303705	303705	0	3530345
RAIL	24	104	302	964
FOLD	1268	789	789	304089	304089	0	3532936
RAIL	64	64	302	965
FOLD	1273	790	790	304476	304476	0	3542665
RAIL	42	87	304	968
FOLD	1274	791	791	304863	304863	0	3545301
RAIL	64	64	304	969
FOLD	1275	792	792	305247	305247	0	3548774
RAIL	25	103	304	970
FOLD	1276	793	793	305631	305631	0	3551642
RAIL	64	64	304	971
FOLD	1277	794	794	306015	306015	0	3555058
RAIL	25	104	304	972
FOLD	1278	795	795	306402	306402	0	3557300
RAIL	64	64	304	973
FOLD	1279	796	796	306786	306786	0	3562892
RAIL	41	87	304	974
FOLD	1280	797	797	307170	307170	0	3565847
RAIL	64	64	304	975
FOLD	1281	798	798	307554	307554	0	3569627
RAIL	41	88	304	976
FOLD	1282	799	799	307941	307941	0	3572493
RAIL	64	64	304	977
FOLD	1283	800	800	308325	308325	0	3578229
RAIL	26	102	304	978
FOLD	1284	801	801	308709	308709	0	3580400
RAIL	64	64	304	979
FOLD	1289	802	802	309096	309096	0	3589178
RAIL	40	89	306	982
FOLD	1290	803	803	309483	309483	0	3591939
RAIL	64	64	306	983
FOLD	1295	804	804	309870	309870	0	3605780
RAIL	39	89	308	986
FOLD	1296	805	805	310254	310254	0	3608409
RAIL	64	64	308	987
FOLD	1301	806	806	310641	310641	0	3627157
RAIL	28	101	310	990
FOLD	1302	807	807	311028	311028	0	3629368
RAIL	64	64	310	991
FOLD	1303	808	808	311412	311412	0	3632849
RAIL	38	90	310	992
FOLD	1304	809	809	311796	311796	0	3635397
RAIL	64	64	310	993
FOLD	1305	810	810	312180	312180	0	3640909
RAIL	38	91	310	994
FOLD	1306	811	811	312567	312567	0	3643531
RAIL	64	64	310	995
FOLD	1311	812	812	312954	312954	0	3652271
RAIL	37	91	312	998
FOLD	1312	813	813	313338	313338	0	3655327
RAIL	64	64	312	999
FOLD	1317	814	814	313725	313725	0	3670147
RAIL	30	99	314	1002
FOLD	1318	815	815	314112	314112	0	3673009
RAIL	64	64	314	1003
FOLD	1319	816	816	314496	314496	0	3678328
RAIL	36	92	314	1004
FOLD	1320	817	817	314880	314880	0	3681367
RAIL	64	64	314	1005
FOLD	1325	818	818	315267	315267	0	3694569
RAIL	31	98	316	1008
FOLD	1326	819	819	315654	315654	0	3697465
RAIL	64	64	316	1009
FOLD	1331	820	820	316041	316041	0	3708876
RAIL	32	96	318	1012
FOLD	1332	821	821	316425	316425	0	3711936
RAIL	64	64	318	1013
FOLD	1333	822	822	316809	316809	0	3715593
RAIL	32	97	318	1014
FOLD	1334	823	823	317196	317196	0	3718493
RAIL	64	64	318	1015
FOLD	1335	824	824	317580	317580	0	3721981
RAIL	34	94	318	1016
FOLD	1336	825	825	317964	317964	0	3725018
RAIL	64	64	318	1017
FOLD	1337	826	826	318348	318348	0	3730482
RAIL	34	95	318	1018
FOLD	1338	827	827	318735	318735	0	3733385
RAIL	64	64	318	1019
FOLD	1343	828	828	319122	319122	0	3743282
RAIL	64	64	320	1022
FOLD	1354	829	829	319512	319512	0	3776537
RAIL	64	64	325	1028
FOLD	1355	830	830	319896	319896	0	3781721
RAIL	64	64	325	1029
FOLD	1356	831	831	320280	320280	0	3786889
RAIL	62	66	325	1030
FOLD	1357	832	832	320664	320664	0	3790374
RAIL	64	64	325	1031
FOLD	1366	833	833	321054	321054	0	3813449
RAIL	64	64	329	1036
FOLD	1369	834	834	321438	321438	0	3825740
RAIL	64	64	330	1038
FOLD	1378	835	835	321822	321822	0	3844759
RAIL	59	70	334	1043
FOLD	1379	836	836	322209	322209	0	3847815
RAIL	64	64	334	1044
FOLD	1380	837	837	322593	322593	0	3851468
RAIL	8	120	334	1045
FOLD	1389	838	838	322977	322977	0	3871232
RAIL	64	64	338	1050
FOLD	1394	839	839	323364	323364	0	3885319
RAIL	57	72	340	1053
FOLD	1395	840	840	323751	323751	0	3888496
RAIL	64	64	340	1054
FOLD	1396	841	841	324135	324135	0	3893859
RAIL	10	118	340	1055
FOLD	1413	842	842	324519	324519	0	3934037
RAIL	64	64	348	1064
FOLD	1418	843	843	324906	324906	0	3943187
RAIL	54	75	350	1067
FOLD	1419	844	844	325293	325293	0	3946236
RAIL	64	64	350	1068
FOLD	1424	845	845	325680	325680	0	3961890
RAIL	53	75	352	1071
FOLD	1425	846	846	326064	326064	0	3964974
RAIL	64	64	352	1072
FOLD	1428	847	847	326451	326451	0	3980668
RAIL	14	114	353	1074
FOLD	1429	848	848	326835	326835	0	3982570
RAIL	64	64	353	1075
FOLD	1434	849	849	327222	327222	0	3992408
RAIL	52	77	355	1078
FOLD	1435	850	850	327609	327609	0	3995634
RAIL	64	64	355	1079
FOLD	1436	851	851	327993	327993	0	4003335
RAIL	15	113	355	1080
FOLD	1437	852	852	328377	328377	0	4005339
RAIL	64	64	355	1081
FOLD	1438	853	853	328761	328761	0	4008915
RAIL	15	114	355	1082
FOLD	1439	854	854	329148	329148	0	4011636
RAIL	64	64	355	1083
FOLD	1440	855	855	329532	329532	0	4016892
RAIL	51	77	355	1084
FOLD	1441	856	856	329916	329916	0	4020951
RAIL	64	64	355	1085
FOLD	1446	857	857	330303	330303	0	4031638
RAIL	16	113	357	1088
FOLD	1447	858	858	330690	330690	0	4033919
RAIL	64	64	357	1089
FOLD	1452	859	859	331077	331077	0	4051839
RAIL	17	111	359	1092
FOLD	1453	860	860	331461	331461	0	4053937
RAIL	64	64	359	1093
FOLD	1456	861	861	331848	331848	0	4064790
RAIL	49	79	360	1095
FOLD	1457	862	862	332232	332232	0	4067632
RAIL	64	64	360	1096
FOLD	1462	863	863	332619	332619	0	4077537
RAIL	18	111	362	1099
FOLD	1463	864	864	333006	333006	0	4079298
RAIL	64	64	362	1100
FOLD	1464	865	865	333390	333390	0	4088122
RAIL	48	80	362	1101
FOLD	1465	866	866	333774	333774	0	4090866
RAIL	64	64	362	1102
FOLD	1470	867	867	334161	334161	0	4111045
RAIL	19	110	364	1105
FOLD	1471	868	868	334548	334548	0	4112982
RAIL	64	64	364	1106
FOLD	1474	869	869	334932	334932	0	4122891
RAIL	47	82	365	1108
FOLD	1475	870	870	335319	335319	0	4125769
RAIL	64	64	365	1109
FOLD	1480	871	871	335706	335706	0	4135434
RAIL	46	82	367	1112
FOLD	1481	872	872	336090	336090	0	4139099
RAIL	64	64	367	1113
FOLD	1482	873	873	336474	336474	0	4142417
RAIL	46	83	367	1114
FOLD	1483	874	874	336861	336861	0	4146159
RAIL	64	64	367	1115
FOLD	1484	875	875	337245	337245	0	4149376
RAIL	21	107	367	1116
FOLD	1485	876	876	337629	337629	0	4151411
RAIL	64	64	367	1117
FOLD	1486	877	877	338013	338013	0	4154965
RAIL	21	108	367	1118
FOLD	1487	878	878	338400	338400	0	4157608
RAIL	64	64	367	1119
FOLD	1488	879	879	338784	338784	0	4161076
RAIL	45	83	367	1120
FOLD	1489	880	880	339168	339168	0	4164457
RAIL	64	64	367	1121
FOLD	1490	881	881	339552	339552	0	4168060
RAIL	45	84	367	1122
FOLD	1491	882	882	339939	339939	0	4171564
RAIL	64	64	367	1123
FOLD	1492	883	883	340323	340323	0	4176774
RAIL	22	106	367	1124
FOLD	1493	884	884	340707	340707	0	4179061
RAIL	64	64	367	1125
FOLD	1498	885	885	341094	341094	0	4188380
RAIL	44	85	369	1128
FOLD	1499	886	886	341481	341481	0	4191049
RAIL	64	64	369	1129
FOLD	1504	887	887	341868	341868	0	4204383
RAIL	43	85	371	1132
FOLD	1505	888	888	342252	342252	0	4207137
RAIL	64	64	371	1133
FOLD	1510	889	889	342639	342639	0	4225801
RAIL	24	105	373	1136
FOLD	1511	890	890	343026	343026	0	4227866
RAIL	64	64	373	1137
FOLD	1512	891	891	343410	343410	0	4231340
RAIL	42	86	373	1138
FOLD	1513	892	892	343794	343794	0	4234048
RAIL	64	64	373	1139
FOLD	1514	893	893	344178	344178	0	4239129
RAIL	42	87	373	1140
FOLD	1515	894	894	344565	344565	0	4241869
RAIL	64	64	373	1141
FOLD	1520	895	895	344952	344952	0	4251275
RAIL	41	87	375	1144
FOLD	1521	896	896	345336	345336	0	4255851
RAIL	64	64	375	1145
FOLD	1526	897	897	345723	345723	0	4270599
RAIL	26	103	377	1148
FOLD	1527	898	898	346110	346110	0	4273585
RAIL	64	64	377	1149
FOLD	1528	899	899	346494	346494	0	4278688
RAIL	40	88	377	1150
FOLD	1529	900	900	346878	346878	0	4282423
RAIL	64	64	377	1151
FOLD	1534	901	901	347265	347265	0	4292155
RAIL	27	102	379	1154
FOLD	1535	902	902	347652	347652	0	4294784
RAIL	64	64	379	1155
FOLD	1540	903	903	348039	348039	0	4305044
RAIL	28	100	381	1158
FOLD	1541	904	904	348423	348423	0	4307223
RAIL	64	64	381	1159
FOLD	1542	905	905	348807	348807	0	4310778
RAIL	28	101	381	1160
FOLD	1543	906	906	349194	349194	0	4312993
RAIL	64	64	381	1161
FOLD	1544	907	907	349578	349578	0	4316521
RAIL	38	90	381	1162
FOLD	1545	908	908	349962	349962	0	4319197
RAIL	64	64	381	1163
FOLD	1546	909	909	350346	350346	0	4324482
RAIL	38	91	381	1164
FOLD	1547	910	910	350733	350733	0	4327100
RAIL	64	64	381	1165
FOLD	1552	911	911	351120	351120	0	4335528
RAIL	37	91	383	1168
FOLD	1553	912	912	351504	351504	0	4338042
RAIL	64	64	383	1169
FOLD	1558	913	913	351891	351891	0	4352801
RAIL	30	99	385	1172
FOLD	1559	914	914	352278	352278	0	4355254
RAIL	64	64	385	1173
FOLD	1562	915	915	352662	352662	0	4365700
RAIL	36	93	386	1175
FOLD	1563	916	916	353049	353049	0	4368116
RAIL	64	64	386	1176
FOLD	1568	917	917	353436	353436	0	4376436
RAIL	35	93	388	1179
FOLD	1569	918	918	353820	353820	0	4378855
RAIL	64	64	388	1180
FOLD	1570	919	919	354204	354204	0	4382205
RAIL	35	94	388	1181
FOLD	1571	920	920	354591	354591	0	4384673
RAIL	64	64	388	1182
FOLD	1572	921	921	354975	354975	0	4389948
RAIL	32	96	388	1183
FOLD	1573	922	922	355359	355359	0	4392313
RAIL	64	64	388	1184
FOLD	1578	923	923	355746	355746	0	4400922
RAIL	34	95	390	1187
FOLD	1579	924	924	356133	356133	0	4403440
RAIL	64	64	390	1188
FOLD	1584	925	925	356520	356520	0	4420501
RAIL	64	64	392	1191
FOLD	1589	926	926	356907	356907	0	4432836
RAIL	64	64	394	1194
FOLD	1590	927	927	357291	357291	0	4436431
RAIL	64	64	394	1195
FOLD	1591	928	928	357675	357675	0	4439706
RAIL	63	65	394	1196
FOLD	1592	929	929	358059	358059	0	4442540
RAIL	64	64	394	1197
FOLD	1593	930	930	358443	358443	0	4447654
RAIL	63	66	394	1198
FOLD	1594	931	931	358830	358830	0	4450510
RAIL	64	64	394	1199
FOLD	1607	932	932	359220	359220	0	4486638
RAIL	64	64	400	1206
FOLD	1608	933	933	359604	359604	0	4490014
RAIL	64	64	400	1207
FOLD	1609	934	934	359988	359988	0	4499810
RAIL	60	68	400	1208
FOLD	1610	935	935	360372	360372	0	4502771
RAIL	64	64	400	1209
FOLD	1619	936	936	360762	360762	0	4525835
RAIL	8	120	404	1214
FOLD	1634	937	937	361146	361146	0	4564765
RAIL	64	64	411	1222
FOLD	1635	938	938	361530	361530	0	4570490
RAIL	10	118	411	1223
FOLD	1636	939	939	361914	361914	0	4572129
RAIL	64	64	411	1224
FOLD	1641	940	940	362301	362301	0	4582087
RAIL	56	73	413	1227
FOLD	1642	941	941	362688	362688	0	4585082
RAIL	64	64	413	1228
FOLD	1661	942	942	363072	363072	0	4642840
RAIL	13	116	422	1238
FOLD	1662	943	943	363459	363459	0	4644684
RAIL	64	64	422	1239
FOLD	1667	944	944	363846	363846	0	4654136
RAIL	14	114	424	1242
FOLD	1668	945	945	364230	364230	0	4658364
RAIL	64	64	424	1243
FOLD	1673	946	946	364617	364617	0	4672944
RAIL	52	77	426	1246
FOLD	1674	947	947	365004	365004	0	4675661
RAIL	64	64	426	1247
FOLD	1677	948	948	365388	365388	0	4686318
RAIL	15	114	427	1249
FOLD	1678	949	949	365775	365775	0	4688583
RAIL	64	64	427	1250
FOLD	1683	950	950	366162	366162	0	4698907
RAIL	16	112	429	1253
FOLD	1684	951	951	366546	366546	0	4700637
RAIL	64	64	429	1254
FOLD	1685	952	952	366930	366930	0	4704049
RAIL	16	113	429	1255
FOLD	1686	953	953	367317	367317	0	4705785
RAIL	64	64	429	1256
FOLD	1687	954	954	367701	367701	0	4709327
RAIL	50	78	429	1257
FOLD	1688	955	955	368085	368085	0	4711972
RAIL	64	64	429	1258
FOLD	1689	956	956	368469	368469	0	4715395
RAIL	50	79	429	1259
FOLD	1690	957	957	368856	368856	0	4718865
RAIL	64	64	429	1260
FOLD	1691	958	958	369240	369240	0	4722442
RAIL	17	111	429	1261
FOLD	1692	959	959	369624	369624	0	4724352
RAIL	64	64	429	1262
FOLD	1693	960	960	370008	370008	0	4735850
RAIL	17	112	429	1263
FOLD	1694	961	961	370395	370395	0	4738178
RAIL	64	64	429	1264
FOLD	1699	962	962	370782	370782	0	4750437
RAIL	18	110	431	1267
FOLD	1700	963	963	371166	371166	0	4752434
RAIL	64	64	431	1268
FOLD	1705	964	964	371553	371553	0	4767217
RAIL	48	81	433	1271
FOLD	1706	965	965	371940	371940	0	4771216
RAIL	64	64	433	1272
FOLD	1709	966	966	372324	372324	0	4784451
RAIL	19	110	434	1274
FOLD	1710	967	967	372711	372711	0	4787105
RAIL	64	64	434	1275
FOLD	1715	968	968	373098	373098	0	4796990
RAIL	20	108	436	1278
FOLD	1716	969	969	373482	373482	0	4799220
RAIL	64	64	436	1279
FOLD	1717	970	970	373866	373866	0	4802787
RAIL	20	109	436	1280
FOLD	1718	971	971	374253	374253	0	4805196
RAIL	64	64	436	1281
FOLD	1719	972	972	374637	374637	0	4810771
RAIL	46	82	436	1282
FOLD	1720	973	973	375021	375021	0	4813782
RAIL	64	64	436	1283
FOLD	1725	974	974	375408	375408	0	4823110
RAIL	21	108	438	1286
FOLD	1726	975	975	375795	375795	0	4825402
RAIL	64	64	438	1287
FOLD	1731	976	976	376182	376182	0	4838551
RAIL	22	106	440	1290
FOLD	1732	977	977	376566	376566	0	4840630
RAIL	64	64	440	1291
FOLD	1735	978	978	376953	376953	0	4851836
RAIL	44	84	441	1293
FOLD	1736	979	979	377337	377337	0	4855140
RAIL	64	64	441	1294
FOLD	1741	980	980	377724	377724	0	4865725
RAIL	23	106	443	1297
FOLD	1742	981	981	378111	378111	0	4868439
RAIL	64	64	443	1298
FOLD	1743	982	982	378495	378495	0	4871798
RAIL	43	85	443	1299
FOLD	1744	983	983	378879	378879	0	4875839
RAIL	64	64	443	1300
FOLD	1745	984	984	379263	379263	0	4879133
RAIL	43	86	443	1301
FOLD	1746	985	985	379650	379650	0	4883230
RAIL	64	64	443	1302
FOLD	1747	986	986	380034	380034	0	4888374
RAIL	24	104	443	1303
FOLD	1748	987	987	380418	380418	0	4890679
RAIL	64	64	443	1304
FOLD	1753	988	988	380805	380805	0	4902118
RAIL	42	87	445	1307
FOLD	1754	989	989	381192	381192	0	4905836
RAIL	64	64	445	1308
FOLD	1759	990	990	381579	381579	0	4917433
RAIL	41	87	447	1311
FOLD	1760	991	991	381963	381963	0	4919953
RAIL	64	64	447	1312
FOLD	1763	992	992	382350	382350	0	4930884
RAIL	26	102	448	1314
FOLD	1764	993	993	382734	382734	0	4933028
RAIL	64	64	448	1315
FOLD	1769	994	994	383121	383121	0	4942659
RAIL	40	89	450	1318
FOLD	1770	995	995	383508	383508	0	4945199
RAIL	64	64	450	1319
FOLD	1771	996	996	383892	383892	0	4948558
RAIL	27	101	450	1320
FOLD	1772	997	997	384276	384276	0	4950875
RAIL	64	64	450	1321
FOLD	1773	998	998	384660	384660	0	4956193
RAIL	27	102	450	1322
FOLD	1774	999	999	385047	385047	0	4958931
RAIL	64	64	450	1323
FOLD	1779	1000	1000	385434	385434	0	4969554
RAIL	28	100	452	1326
FOLD	1780	1001	1001	385818	385818	0	4971818
RAIL	64	64	452	1327
FOLD	1785	1002	1002	386205	386205	0	4988604
RAIL	38	91	454	1330
FOLD	1786	1003	1003	386592	386592	0	4992232
RAIL	64	64	454	1331
FOLD	1791	1004	1004	386979	386979	0	5010050
RAIL	37	91	456	1334
FOLD	1792	1005	1005	387363	387363	0	5012520
RAIL	64	64	456	1335
FOLD	1793	1006	1006	387747	387747	0	5015874
RAIL	37	92	456	1336
FOLD	1794	1007	1007	388134	388134	0	5018444
RAIL	64	64	456	1337
FOLD	1795	1008	1008	388518	388518	0	5021930
RAIL	30	98	456	1338
FOLD	1796	1009	1009	388902	388902	0	5024197
RAIL	64	64	456	1339
FOLD	1797	1010	1010	389286	389286	0	5027479
RAIL	30	99	456	1340
FOLD	1798	1011	1011	389673	389673	0	5029892
RAIL	64	64	456	1341
FOLD	1803	1012	1012	390060	390060	0	5045169
RAIL	31	97	458	1344
FOLD	1804	1013	1013	390444	390444	0	5047514
RAIL	64	64	458	1345
FOLD	1807	1014	1014	390831	390831	0	5058400
RAIL	35	93	459	1347
FOLD	1808	1015	1015	391215	391215	0	5060763
RAIL	64	64	459	1348
FOLD	1813	1016	1016	391602	391602	0	5071465
RAIL	32	97	461	1351
FOLD	1814	1017	1017	391989	391989	0	5073938
RAIL	64	64	461	1352
FOLD	1815	1018	1018	392373	392373	0	5079111
RAIL	34	94	461	1353
FOLD	1816	1019	1019	392757	392757	0	5081652
RAIL	64	64	461	1354
FOLD	1819	1020	1020	393144	393144	0	5091090
RAIL	33	95	462	1356
FOLD	1820	1021	1021	393528	393528	0	5093625
RAIL	64	64	462	1357
FOLD	1827	1022	1022	393918	393918	0	5115580
RAIL	64	64	465	1361
FOLD	1832	1023	1023	394302	394302	0	5126812
RAIL	63	66	467	1364
FOLD	1833	1024	1024	394689	394689	0	5129901
RAIL	64	64	467	1365
FOLD	1834	1025	1025	395073	395073	0	5133468
RAIL	64	64	467	1366
FOLD	1839	1026	1026	395460	395460	0	5152539
RAIL	64	64	469	1369
FOLD	1844	1027	1027	395844	395844	0	5168911
RAIL	61	68	471	1372
FOLD	1845	1028	1028	396231	396231	0	5173011
RAIL	64	64	471	1373
FOLD	1846	1029	1029	396615	396615	0	5176416
RAIL	64	64	471	1374
FOLD	1855	1030	1030	397002	397002	0	5201406
RAIL	64	64	475	1379
FOLD	1856	1031	1031	397386	397386	0	5205727
RAIL	59	70	475	1380
FOLD	1857	1032	1032	397773	397773	0	5209178
RAIL	64	64	475	1381
FOLD	1858	1033	1033	398157	398157	0	5213118
RAIL	8	120	475	1382
FOLD	1859	1034	1034	398541	398541	0	5217235
RAIL	64	64	475	1383
FOLD	1860	1035	1035	398925	398925	0	5221065
RAIL	8	121	475	1384
FOLD	1861	1036	1036	399312	399312	0	5223035
RAIL	64	64	475	1385
FOLD	1862	1037	1037	399696	399696	0	5226843
RAIL	58	70	475	1386
FOLD	1863	1038	1038	400080	400080	0	5230483
RAIL	64	64	475	1387
FOLD	1864	1039	1039	400464	400464	0	5234748
RAIL	58	71	475	1388
FOLD	1865	1040	1040	400851	400851	0	5238416
RAIL	64	64	475	1389
FOLD	1866	1041	1041	401235	401235	0	5242234
RAIL	9	119	475	1390
FOLD	1883	1042	1042	401619	401619	0	5283866
RAIL	64	64	483	1399
FOLD	1888	1043	1043	402006	402006	0	5294071
RAIL	55	74	485	1402
FOLD	1889	1044	1044	402393	402393	0	5297267
RAIL	64	64	485	1403
FOLD	1898	1045	1045	402777	402777	0	5320999
RAIL	13	115	489	1408
FOLD	1911	1046	1046	403164	403164	0	5354475
RAIL	64	64	495	1415
FOLD	1916	1047	1047	403551	403551	0	5373665
RAIL	15	114	497	1418
FOLD	1917	1048	1048	403938	403938	0	5375645
RAIL	64	64	497	1419
FOLD	1918	1049	1049	404322	404322	0	5379444
RAIL	51	77	497	1420
FOLD	1919	1050	1050	404706	404706	0	5382639
RAIL	64	64	497	1421
FOLD	1920	1051	1051	405090	405090	0	5386375
RAIL	51	78	497	1422
FOLD	1921	1052	1052	405477	405477	0	5389924
RAIL	64	64	497	1423
FOLD	1922	1053	1053	405861	405861	0	5395310
RAIL	16	112	497	1424
FOLD	1923	1054	1054	406245	406245	0	5397455
RAIL	64	64	497	1425
FOLD	1928	1055	1055	406632	406632	0	5406642
RAIL	50	79	499	1428
FOLD	1929	1056	1056	407019	407019	0	5410746
RAIL	64	64	499	1429
FOLD	1934	1057	1057	407406	407406	0	5422171
RAIL	49	79	501	1432
FOLD	1935	1058	1058	407790	407790	0	5425289
RAIL	64	64	501	1433
FOLD	1938	1059	1059	408177	408177	0	5439089
RAIL	18	110	502	1435
FOLD	1939	1060	1060	408561	408561	0	5441170
RAIL	64	64	502	1436
FOLD	1944	1061	1061	408948	408948	0	5453951
RAIL	48	81	504	1439
FOLD	1945	1062	1062	409335	409335	0	5456828
RAIL	64	64	504	1440
FOLD	1946	1063	1063	409719	409719	0	5460424
RAIL	19	109	504	1441
FOLD	1947	1064	1064	410103	410103	0	5462734
RAIL	64	64	504	1442
FOLD	1948	1065	1065	410487	410487	0	5468295
RAIL	19	110	504	1443
FOLD	1949	1066	1066	410874	410874	0	5470899
RAIL	64	64	504	1444
FOLD	1954	1067	1067	411261	411261	0	5482694
RAIL	20	108	506	1447
FOLD	1955	1068	1068	411645	411645	0	5484945
RAIL	64	64	506	1448
FOLD	1960	1069	1069	412032	412032	0	5504888
RAIL	46	83	508	1451
FOLD	1961	1070	1070	412419	412419	0	5509325
RAIL	64	64	508	1452
FOLD	1962	1071	1071	412803	412803	0	5514706
RAIL	21	107	508	1453
FOLD	1963	1072	1072	413187	413187	0	5517086
RAIL	64	64	508	1454
FOLD	1968	1073	1073	413574	413574	0	5527968
RAIL	45	84	510	1457
FOLD	1969	1074	1074	413961	413961	0	5531577
RAIL	64	64	510	1458
FOLD	1974	1075	1075	414348	414348	0	5541484
RAIL	44	84	512	1461
FOLD	1975	1076	1076	414732	414732	0	5544305
RAIL	64	64	512	1462
FOLD	1976	1077	1077	415116	415116	0	5547925
RAIL	44	85	512	1463
FOLD	1977	1078	1078	415503	415503	0	5550781
RAIL	64	64	512	1464
FOLD	1978	1079	1079	415887	415887	0	5554412
RAIL	23	105	512	1465
FOLD	1979	1080	1080	416271	416271	0	5556645
RAIL	64	64	512	1466
FOLD	1980	1081	1081	416655	416655	0	5560368
RAIL	23	106	512	1467
FOLD	1981	1082	1082	417042	417042	0	5562872
RAIL	64	64	512	1468
FOLD	1982	1083	1083	417426	417426	0	5568407
RAIL	43	85	512	1469
FOLD	1983	1084	1084	417810	417810	0	5571326
RAIL	64	64	512	1470
FOLD	1988	1085	1085	418197	418197	0	5580804
RAIL	24	105	514	1473
FOLD	1989	1086	1086	418584	418584	0	5583368
RAIL	64	64	514	1474
FOLD	1994	1087	1087	418971	418971	0	5600071
RAIL	25	103	516	1477
FOLD	1995	1088	1088	419355	419355	0	5602595
RAIL	64	64	516	1478
FOLD	2000	1089	1089	419742	419742	0	5621557
RAIL	41	88	518	1481
FOLD	2001	1090	1090	420129	420129	0	5625263
RAIL	64	64	518	1482
FOLD	2002	1091	1091	420513	420513	0	5628842
RAIL	26	102	518	1483
FOLD	2003	1092	1092	420897	420897	0	5631289
RAIL	64	64	518	1484
FOLD	2004	1093	1093	421281	421281	0	5636524
RAIL	26	103	518	1485
FOLD	2005	1094	1094	421668	421668	0	5639713
RAIL	64	64	518	1486
FOLD	2010	1095	1095	422055	422055	0	5650093
RAIL	27	101	520	1489
FOLD	2011	1096	1096	422439	422439	0	5652535
RAIL	64	64	520	1490
FOLD	2016	1097	1097	422826	422826	0	5668525
RAIL	39	90	522	1493
FOLD	2017	1098	1098	423213	423213	0	5671304
RAIL	64	64	522	1494
FOLD	2020	1099	1099	423597	423597	0	5682832
RAIL	28	101	523	1496
FOLD	2021	1100	1100	423984	423984	0	5685224
RAIL	64	64	523	1497
FOLD	2026	1101	1101	424371	424371	0	5694642
RAIL	29	99	525	1500
FOLD	2027	1102	1102	424755	424755	0	5697204
RAIL	64	64	525	1501
FOLD	2028	1103	1103	425139	425139	0	5704124
RAIL	29	100	525	1502
FOLD	2029	1104	1104	425526	425526	0	5706568
RAIL	64	64	525	1503
FOLD	2030	1105	1105	425910	425910	0	5710184
RAIL	37	91	525	1504
FOLD	2031	1106	1106	426294	426294	0	5712896
RAIL	64	64	525	1505
FOLD	2032	1107	1107	426678	426678	0	5718353
RAIL	37	92	525	1506
FOLD	2033	1108	1108	427065	427065	0	5721428
RAIL	64	64	525	1507
FOLD	2038	1109	1109	427452	427452	0	5730354
RAIL	36	92	527	1510
FOLD	2039	1110	1110	427836	427836	0	5733005
RAIL	64	64	527	1511
FOLD	2044	1111	1111	428223	428223	0	5751413
RAIL	31	98	529	1514
FOLD	2045	1112	1112	428610	428610	0	5754222
RAIL	64	64	529	1515
FOLD	2046	1113	1113	428994	428994	0	5760075
RAIL	35	93	529	1516
FOLD	2047	1114	1114	429378	429378	0	5762793
RAIL	64	64	529	1517
FOLD	2048	1113	1114	428994	429378	0	5762815
RAIL	35	94	530	1517
FOLD	2052	1115	1115	429765	429765	0	5772021
RAIL	32	97	531	1520
FOLD	2053	1116	1116	430152	430152	0	5774682
RAIL	64	64	531	1521
FOLD	2058	1117	1117	430539	430539	0	5785402
RAIL	33	95	533	1524
FOLD	2059	1118	1118	430923	430923	0	5788038
RAIL	64	64	533	1525
FOLD	2060	1119	1119	431307	431307	0	5796502
RAIL	33	96	533	1526
FOLD	2061	1120	1120	431694	431694	0	5799282
RAIL	64	64	533	1527
FOLD	2062	1121	1121	432078	432078	0	5804715
RAIL	64	64	533	1528
FOLD	2075	1122	1122	432468	432468	0	5842566
RAIL	62	66	539	1535
FOLD	2076	1123	1123	432852	432852	0	5845945
RAIL	64	64	539	1536
FOLD	2077	1124	1124	433236	433236	0	5849527
RAIL	62	67	539	1537
FOLD	2078	1125	1125	433623	433623	0	5852623
RAIL	64	64	539	1538
FOLD	2079	1126	1126	434007	434007	0	5856292
RAIL	64	64	539	1539
FOLD	2080	1127	1127	434391	434391	0	5860017
RAIL	64	64	539	1540
FOLD	2081	1128	1128	434775	434775	0	5865552
RAIL	61	67	539	1541
FOLD	2082	1129	1129	435159	435159	0	5868701
RAIL	64	64	539	1542
FOLD	2091	1130	1130	435549	435549	0	5894185
RAIL	64	64	543	1547
FOLD	2096	1131	1131	435936	435936	0	5916300
RAIL	64	64	545	1550
FOLD	2097	1132	1132	436320	436320	0	5919885
RAIL	8	120	545	1551
FOLD	2098	1133	1133	436704	436704	0	5921561
RAIL	64	64	545	1552
FOLD	2099	1134	1134	437088	437088	0	5927061
RAIL	8	121	545	1553
FOLD	2100	1135	1135	437475	437475	0	5928568
RAIL	64	64	545	1554
FOLD	2105	1136	1136	437862	437862	0	5939358
RAIL	9	119	547	1557
FOLD	2106	1137	1137	438246	438246	0	5945020
RAIL	64	64	547	1558
FOLD	2111	1138	1138	438633	438633	0	5966766
RAIL	57	72	549	1561
FOLD	2112	1139	1139	439020	439020	0	5971596
RAIL	64	64	549	1562
FOLD	2113	1140	1140	439404	439404	0	5977212
RAIL	10	118	549	1563
FOLD	2130	1141	1141	439788	439788	0	6012189
RAIL	64	64	557	1572
FOLD	2131	1142	1142	440172	440172	0	6023215
RAIL	12	117	557	1573
FOLD	2132	1143	1143	440559	440559	0	6024804
RAIL	64	64	557	1574
FOLD	2137	1144	1144	440946	440946	0	6034934
RAIL	13	115	559	1577
FOLD	2156	1145	1145	441333	441333	0	6083257
RAIL	64	64	568	1587
FOLD	2157	1146	1146	441717	441717	0	6088259
RAIL	51	77	568	1588
FOLD	2158	1147	1147	442101	442101	0	6090921
RAIL	64	64	568	1589
FOLD	2163	1148	1148	442488	442488	0	6100724
RAIL	16	113	570	1592
FOLD	2164	1149	1149	442875	442875	0	6102504
RAIL	64	64	570	1593
FOLD	2169	1150	1150	443262	443262	0	6117093
RAIL	17	111	572	1596
FOLD	2170	1151	1151	443646	443646	0	6118988
RAIL	64	64	572	1597
FOLD	2173	1152	1152	444033	444033	0	6129493
RAIL	49	79	573	1599
FOLD	2174	1153	1153	444417	444417	0	6133635
RAIL	64	64	573	1600
FOLD	2179	1154	1154	444804	444804	0	6143163
RAIL	18	111	575	1603
FOLD	2180	1155	1155	445191	445191	0	6145532
RAIL	64	64	575	1604
FOLD	2181	1156	1156	445575	445575	0	6148879
RAIL	48	80	575	1605
FOLD	2182	1157	1157	445959	445959	0	6152145
RAIL	64	64	575	1606
FOLD	2183	1158	1158	446343	446343	0	6155591
RAIL	48	81	575	1607
FOLD	2184	1159	1159	446730	446730	0	6158827
RAIL	64	64	575	1608
FOLD	2185	1160	1160	447114	447114	0	6163668
RAIL	19	109	575	1609
FOLD	2186	1161	1161	447498	447498	0	6165605
RAIL	64	64	575	1610
FOLD	2187	1162	1162	447882	447882	0	6170782
RAIL	19	110	575	1611
FOLD	2188	1163	1163	448269	448269	0	6172515
RAIL	64	64	575	1612
FOLD	2193	1164	1164	448656	448656	0	6181770
RAIL	20	108	577	1615
FOLD	2194	1165	1165	449040	449040	0	6183686
RAIL	64	64	577	1616
FOLD	2199	1166	1166	449427	449427	0	6196791
RAIL	46	83	579	1619
FOLD	2200	1167	1167	449814	449814	0	6199502
RAIL	64	64	579	1620
FOLD	2201	1168	1168	450198	450198	0	6204537
RAIL	21	107	579	1621
FOLD	2202	1169	1169	450582	450582	0	6206682
RAIL	64	64	579	1622
FOLD	2207	1170	1170	450969	450969	0	6214644
RAIL	45	84	581	1625
FOLD	2208	1171	1171	451356	451356	0	6217234
RAIL	64	64	581	1626
FOLD	2213	1172	1172	451743	451743	0	6227041
RAIL	44	84	583	1629
FOLD	2214	1173	1173	452127	452127	0	6231396
RAIL	64	64	583	1630
FOLD	2215	1174	1174	452511	452511	0	6234972
RAIL	44	85	583	1631
FOLD	2216	1175	1175	452898	452898	0	6239268
RAIL	64	64	583	1632
FOLD	2217	1176	1176	453282	453282	0	6244810
RAIL	23	105	583	1633
FOLD	2218	1177	1177	453666	453666	0	6246983
RAIL	64	64	583	1634
FOLD	2223	1178	1178	454053	454053	0	6257241
RAIL	43	86	585	1637
FOLD	2224	1179	1179	454440	454440	0	6260774
RAIL	64	64	585	1638
FOLD	2229	1180	1180	454827	454827	0	6274757
RAIL	42	86	587	1641
FOLD	2230	1181	1181	455211	455211	0	6277522
RAIL	64	64	587	1642
FOLD	2235	1182	1182	455598	455598	0	6291329
RAIL	25	104	589	1645
FOLD	2236	1183	1183	455985	455985	0	6293431
RAIL	64	64	589	1646
FOLD	2237	1184	1184	456369	456369	0	6296760
RAIL	41	87	589	1647
FOLD	2238	1185	1185	456753	456753	0	6299236
RAIL	64	64	589	1648
FOLD	2239	1186	1186	457137	457137	0	6302603
RAIL	41	88	589	1649
FOLD	2240	1187	1187	457524	457524	0	6305055
RAIL	64	64	589	1650
FOLD	2241	1188	1188	457908	457908	0	6310141
RAIL	26	102	589	1651
FOLD	2242	1189	1189	458292	458292	0	6312213
RAIL	64	64	589	1652
FOLD	2247	1190	1190	458679	458679	0	6321106
RAIL	40	89	591	1655
FOLD	2248	1191	1191	459066	459066	0	6323612
RAIL	64	64	591	1656
FOLD	2253	1192	1192	459453	459453	0	6335248
RAIL	39	89	593	1659
FOLD	2254	1193	1193	459837	459837	0	6338376
RAIL	64	64	593	1660
FOLD	2257	1194	1194	460224	460224	0	6351809
RAIL	28	100	594	1662
FOLD	2258	1195	1195	460608	460608	0	6354016
RAIL	64	64	594	1663
FOLD	2263	1196	1196	460995	460995	0	6364562
RAIL	38	91	596	1666
FOLD	2264	1197	1197	461382	461382	0	6368245
RAIL	64	64	596	1667
FOLD	2265	1198	1198	461766	461766	0	6371902
RAIL	29	99	596	1668
FOLD	2266	1199	1199	462150	462150	0	6375047
RAIL	64	64	596	1669
FOLD	2267	1200	1200	462534	462534	0	6380383
RAIL	29	100	596	1670
FOLD	2268	1201	1201	462921	462921	0	6382626
RAIL	64	64	596	1671
FOLD	2273	1202	1202	463308	463308	0	6391293
RAIL	30	98	598	1674
FOLD	2274	1203	1203	463692	463692	0	6393973
RAIL	64	64	598	1675
FOLD	2279	1204	1204	464079	464079	0	6408469
RAIL	36	93	600	1678
FOLD	2280	1205	1205	464466	464466	0	6411013
RAIL	64	64	600	1679
FOLD	2281	1206	1206	464850	464850	0	6415946
RAIL	31	97	600	1680
FOLD	2282	1207	1207	465234	465234	0	6418270
RAIL	64	64	600	1681
FOLD	2287	1208	1208	465621	465621	0	6426319
RAIL	35	94	602	1684
FOLD	2288	1209	1209	466008	466008	0	6428698
RAIL	64	64	602	1685
FOLD	2293	1210	1210	466395	466395	0	6437907
RAIL	34	94	604	1688
FOLD	2294	1211	1211	466779	466779	0	6440373
RAIL	64	64	604	1689
FOLD	2295	1212	1212	467163	467163	0	6443595
RAIL	34	95	604	1690
FOLD	2296	1213	1213	467550	467550	0	6445950
RAIL	64	64	604	1691
FOLD	2297	1214	1214	467934	467934	0	6449301
RAIL	33	95	604	1692
FOLD	2298	1215	1215	468318	468318	0	6451648
RAIL	64	64	604	1693
FOLD	2299	1216	1216	468702	468702	0	6455085
RAIL	33	96	604	1694
FOLD	2300	1217	1217	469089	469089	0	6457457
RAIL	64	64	604	1695
FOLD	2301	1218	1218	469473	469473	0	6460887
RAIL	64	64	604	1696
FOLD	2302	1219	1219	469857	469857	0	6464422
RAIL	64	64	604	1697
FOLD	2303	1220	1220	470241	470241	0	6469824
RAIL	64	64	604	1698
FOLD	2312	1221	1221	470631	470631	0	6491329
RAIL	64	64	608	1703
FOLD	2317	1222	1222	471018	471018	0	6510728
RAIL	64	64	610	1706
FOLD	2318	1223	1223	471402	471402	0	6514208
RAIL	64	64	610	1707
FOLD	2319	1224	1224	471786	471786	0	6523894
RAIL	64	64	610	1708
FOLD	2324	1225	1225	472173	472173	0	6533813
RAIL	64	64	612	1711
FOLD	2329	1226	1226	472560	472560	0	6547008
RAIL	64	64	614	1714
FOLD	2336	1227	1227	472947	472947	0	6567827
RAIL	8	120	617	1718
FOLD	2341	1228	1228	473328	473328	0	6580522
RAIL	64	64	619	1721
FOLD	2342	1229	1229	473712	473712	0	6586224
RAIL	58	71	619	1722
FOLD	2343	1230	1230	474099	474099	0	6591915
RAIL	64	64	619	1723
FOLD	2348	1231	1231	474486	474486	0	6604433
RAIL	57	71	621	1726
FOLD	2349	1232	1232	474870	474870	0	6608497
RAIL	64	64	621	1727
FOLD	2354	1233	1233	475257	475257	0	6624536
RAIL	10	119	623	1730
FOLD	2355	1234	1234	475644	475644	0	6627398
RAIL	64	64	623	1731
FOLD	2358	1235	1235	476028	476028	0	6639259
RAIL	56	73	624	1733
FOLD	2359	1236	1236	476415	476415	0	6642136
RAIL	64	64	624	1734
FOLD	2368	1237	1237	476799	476799	0	6662037
RAIL	12	116	628	1739
FOLD	2381	1238	1238	477186	477186	0	6687792
RAIL	64	64	634	1746
FOLD	2390	1239	1239	477570	477570	0	6710382
RAIL	52	77	638	1751
FOLD	2391	1240	1240	477957	477957	0	6713171
RAIL	64	64	638	1752
FOLD	2392	1241	1241	478341	478341	0	6716567
RAIL	15	113	638	1753
FOLD	2401	1242	1242	478725	478725	0	6735119
RAIL	64	64	642	1758
FOLD	2406	1243	1243	479112	479112	0	6750038
RAIL	50	79	644	1761
FOLD	2407	1244	1244	479499	479499	0	6752809
RAIL	64	64	644	1762
FOLD	2412	1245	1245	479886	479886	0	6770856
RAIL	49	79	646	1765
FOLD	2413	1246	1246	480270	480270	0	6773556
RAIL	64	64	646	1766
FOLD	2414	1247	1247	480654	480654	0	6776940
RAIL	49	80	646	1767
FOLD	2415	1248	1248	481041	481041	0	6779559
RAIL	64	64	646	1768
FOLD	2416	1249	1249	481425	481425	0	6784969
RAIL	18	110	646	1769
FOLD	2417	1250	1250	481809	481809	0	6787282
RAIL	64	64	646	1770
FOLD	2422	1251	1251	482196	482196	0	6795745
RAIL	48	81	648	1773
FOLD	2423	1252	1252	482583	482583	0	6798456
RAIL	64	64	648	1774
FOLD	2428	1253	1253	482970	482970	0	6813969
RAIL	47	81	650	1777
FOLD	2429	1254	1254	483354	483354	0	6816727
RAIL	64	64	650	1778
FOLD	2432	1255	1255	483741	483741	0	6828102
RAIL	20	108	651	1780
FOLD	2433	1256	1256	484125	484125	0	6830082
RAIL	64	64	651	1781
FOLD	2438	1257	1257	484512	484512	0	6838164
RAIL	46	83	653	1784
FOLD	2439	1258	1258	484899	484899	0	6840768
RAIL	64	64	653	1785
FOLD	2440	1259	1259	485283	485283	0	6844175
RAIL	21	107	653	1786
FOLD	2441	1260	1260	485667	485667	0	6846378
RAIL	64	64	653	1787
FOLD	2442	1261	1261	486051	486051	0	6849952
RAIL	21	108	653	1788
FOLD	2443	1262	1262	486438	486438	0	6852336
RAIL	64	64	653	1789
FOLD	2444	1263	1263	486822	486822	0	6858322
RAIL	45	83	653	1790
FOLD	2445	1264	1264	487206	487206	0	6861622
RAIL	64	64	653	1791
FOLD	2452	1265	1265	487596	487596	0	6881734
RAIL	44	84	656	1795
FOLD	2453	1266	1266	487980	487980	0	6885935
RAIL	64	64	656	1796
FOLD	2454	1267	1267	488364	488364	0	6891169
RAIL	44	85	656	1797
FOLD	2455	1268	1268	488751	488751	0	6895287
RAIL	64	64	656	1798
FOLD	2462	1269	1269	489138	489138	0	6908138
RAIL	43	86	659	1802
FOLD	2463	1270	1270	489525	489525	0	6910960
RAIL	64	64	659	1803
FOLD	2464	1271	1271	489909	489909	0	6916290
RAIL	24	104	659	1804
FOLD	2465	1272	1272	490293	490293	0	6918587
RAIL	64	64	659	1805
FOLD	2466	1273	1273	490677	490677	0	6924109
RAIL	24	105	659	1806
FOLD	2467	1274	1274	491064	491064	0	6926367
RAIL	64	64	659	1807
FOLD	2472	1275	1275	491451	491451	0	6936436
RAIL	25	103	661	1810
FOLD	2473	1276	1276	491835	491835	0	6938854
RAIL	64	64	661	1811
FOLD	2478	1277	1277	492222	492222	0	6953965
RAIL	41	88	663	1814
FOLD	2479	1278	1278	492609	492609	0	6956851
RAIL	64	64	663	1815
FOLD	2482	1279	1279	492993	492993	0	6966577
RAIL	26	103	664	1817
FOLD	2483	1280	1280	493380	493380	0	6968965
RAIL	64	64	664	1818
FOLD	2488	1281	1281	493767	493767	0	6982673
RAIL	27	101	666	1821
FOLD	2489	1282	1282	494151	494151	0	6985625
RAIL	64	64	666	1822
FOLD	2490	1283	1283	494535	494535	0	6989197
RAIL	27	102	666	1823
FOLD	2491	1284	1284	494922	494922	0	6992216
RAIL	64	64	666	1824
FOLD	2492	1285	1285	495306	495306	0	6995781
RAIL	39	89	666	1825
FOLD	2493	1286	1286	495690	495690	0	6999625
RAIL	64	64	666	1826
FOLD	2494	1287	1287	496074	496074	0	7003042
RAIL	39	90	666	1827
FOLD	2495	1288	1288	496461	496461	0	7006851
RAIL	64	64	666	1828
FOLD	2496	1289	1289	496845	496845	0	7012952
RAIL	28	100	666	1829
FOLD	2497	1290	1290	497229	497229	0	7015376
RAIL	64	64	666	1830
FOLD	2498	1291	1291	497613	497613	0	7020739
RAIL	28	101	666	1831
FOLD	2499	1292	1292	498000	498000	0	7024126
RAIL	64	64	666	1832
FOLD	2504	1293	1293	498387	498387	0	7036330
RAIL	29	99	668	1835
FOLD	2505	1294	1294	498771	498771	0	7039337
RAIL	64	64	668	1836
FOLD	2510	1295	1295	499158	499158	0	7053508
RAIL	37	92	670	1839
FOLD	2511	1296	1296	499545	499545	0	7055842
RAIL	64	64	670	1840
FOLD	2514	1297	1297	499929	499929	0	7066619
RAIL	30	99	671	1842
FOLD	2515	1298	1298	500316	500316	0	7068853
RAIL	64	64	671	1843
FOLD	2520	1299	1299	500703	500703	0	7077557
RAIL	31	97	673	1846
FOLD	2521	1300	1300	501087	501087	0	7079902
RAIL	64	64	673	1847
FOLD	2522	1301	1301	501471	501471	0	7083370
RAIL	31	98	673	1848
FOLD	2523	1302	1302	501858	501858	0	7085701
RAIL	64	64	673	1849
FOLD	2524	1303	1303	502242	502242	0	7091062
RAIL	35	93	673	1850
FOLD	2525	1304	1304	502626	502626	0	7093529
RAIL	64	64	673	1851
FOLD	2530	1305	1305	503013	503013	0	7103792
RAIL	32	97	675	1854
FOLD	2531	1306	1306	503400	503400	0	7106153
RAIL	64	64	675	1855
FOLD	2536	1307	1307	503787	503787	0	7119034
RAIL	33	95	677	1858
FOLD	2537	1308	1308	504171	504171	0	7121427
RAIL	64	64	677	1859
FOLD	2540	1309	1309	504558	504558	0	7130383
RAIL	64	64	678	1861
FOLD	2545	1310	1310	504945	504945	0	7141193
RAIL	64	64	680	1864
FOLD	2546	1311	1311	505329	505329	0	7147065
RAIL	64	64	680	1865
FOLD	2547	1312	1312	505713	505713	0	7152209
RAIL	63	65	680	1866
FOLD	2548	1313	1313	506097	506097	0	7155019
RAIL	64	64	680	1867
FOLD	2557	1314	1314	506487	506487	0	7174620
RAIL	64	64	684	1872
FOLD	2560	1315	1315	506871	506871	0	7187295
RAIL	64	64	685	1874
FOLD	2565	1316	1316	507258	507258	0	7199202
RAIL	60	68	687	1877
FOLD	2566	1317	1317	507642	507642	0	7201974
RAIL	64	64	687	1878
FOLD	2567	1318	1318	508026	508026	0	7207255
RAIL	60	69	687	1879
FOLD	2568	1319	1319	508413	508413	0	7210173
RAIL	64	64	687	1880
FOLD	2591	1320	1320	508800	508800	0	7263120
RAIL	10	118	698	1892
FOLD	2592	1321	1321	509184	509184	0	7264614
RAIL	64	64	698	1893
FOLD	2593	1322	1322	509568	509568	0	7268370
RAIL	10	119	698	1894
FOLD	2594	1323	1323	509955	509955	0	7269853
RAIL	64	64	698	1895
FOLD	2595	1324	1324	510339	510339	0	7275737
RAIL	56	72	698	1896
FOLD	2596	1325	1325	510723	510723	0	7278684
RAIL	64	64	698	1897
FOLD	2601	1326	1326	511110	511110	0	7287671
RAIL	11	118	700	1900
FOLD	2602	1327	1327	511497	511497	0	7289223
RAIL	64	64	700	1901
FOLD	2607	1328	1328	511884	511884	0	7303149
RAIL	12	116	702	1904
FOLD	2622	1329	1329	512268	512268	0	7345657
RAIL	64	64	709	1912
FOLD	2627	1330	1330	512655	512655	0	7353140
RAIL	52	76	711	1915
FOLD	2628	1331	1331	513039	513039	0	7356019
RAIL	64	64	711	1916
FOLD	2647	1332	1332	513426	513426	0	7406736
RAIL	17	111	720	1926
FOLD	2648	1333	1333	513810	513810	0	7408564
RAIL	64	64	720	1927
FOLD	2649	1334	1334	514194	514194	0	7414094
RAIL	17	112	720	1928
FOLD	2650	1335	1335	514581	514581	0	7415926
RAIL	64	64	720	1929
FOLD	2655	1336	1336	514968	514968	0	7430835
RAIL	18	110	722	1932
FOLD	2656	1337	1337	515352	515352	0	7434804
RAIL	64	64	722	1933
FOLD	2661	1338	1338	515739	515739	0	7449885
RAIL	48	81	724	1936
FOLD	2662	1339	1339	516126	516126	0	7452723
RAIL	64	64	724	1937
FOLD	2665	1340	1340	516510	516510	0	7470098
RAIL	19	110	725	1939
FOLD	2666	1341	1341	516897	516897	0	7472260
RAIL	64	64	725	1940
FOLD	2671	1342	1342	517284	517284	0	7481283
RAIL	20	108	727	1943
FOLD	2672	1343	1343	517668	517668	0	7483394
RAIL	64	64	727	1944
FOLD	2673	1344	1344	518052	518052	0	7490606
RAIL	20	109	727	1945
FOLD	2674	1345	1345	518439	518439	0	7492550
RAIL	64	64	727	1946
FOLD	2679	1346	1346	518826	518826	0	7513051
RAIL	21	107	729	1949
FOLD	2680	1347	1347	519210	519210	0	7514984
RAIL	64	64	729	1950
FOLD	2685	1348	1348	519597	519597	0	7531368
RAIL	45	84	731	1953
FOLD	2686	1349	1349	519984	519984	0	7534016
RAIL	64	64	731	1954
FOLD	2687	1350	1350	520368	520368	0	7537166
RAIL	22	106	731	1955
FOLD	2688	1351	1351	520752	520752	0	7539112
RAIL	64	64	731	1956
FOLD	2689	1352	1352	521136	521136	0	7542273
RAIL	22	107	731	1957
FOLD	2690	1353	1353	521523	521523	0	7544166
RAIL	64	64	731	1958
FOLD	2691	1354	1354	521907	521907	0	7547317
RAIL	44	84	731	1959
FOLD	2692	1355	1355	522291	522291	0	7550669
RAIL	64	64	731	1960
FOLD	2693	1356	1356	522675	522675	0	7556001
RAIL	44	85	731	1961
FOLD	2694	1357	1357	523062	523062	0	7559717
RAIL	64	64	731	1962
FOLD	2695	1358	1358	523446	523446	0	7563391
RAIL	23	105	731	1963
FOLD	2696	1359	1359	523830	523830	0	7565875
RAIL	64	64	731	1964
FOLD	2697	1360	1360	524214	524214	0	7569080
RAIL	23	106	731	1965
FOLD	2698	1361	1361	524601	524601	0	7571090
RAIL	64	64	731	1966
FOLD	2701	1362	1362	524985	524985	0	7581345
RAIL	43	86	732	1968
FOLD	2702	1363	1363	525372	525372	0	7584123
RAIL	64	64	732	1969
FOLD	2707	1364	1364	525759	525759	0	7596420
RAIL	42	86	734	1972
FOLD	2708	1365	1365	526143	526143	0	7599350
RAIL	64	64	734	1973
FOLD	2709	1366	1366	526527	526527	0	7605402
RAIL	42	87	734	1974
FOLD	2710	1367	1367	526914	526914	0	7608144
RAIL	64	64	734	1975
FOLD	2715	1368	1368	527301	527301	0	7615762
RAIL	41	87	736	1978
FOLD	2716	1369	1369	527685	527685	0	7618538
RAIL	64	64	736	1979
FOLD	2721	1370	1370	528072	528072	0	7626822
RAIL	26	103	738	1982
FOLD	2722	1371	1371	528459	528459	0	7628895
RAIL	64	64	738	1983
FOLD	2723	1372	1372	528843	528843	0	7632006
RAIL	40	88	738	1984
FOLD	2724	1373	1373	529227	529227	0	7634642
RAIL	64	64	738	1985
FOLD	2725	1374	1374	529611	529611	0	7639684
RAIL	40	89	738	1986
FOLD	2726	1375	1375	529998	529998	0	7642186
RAIL	64	64	738	1987
FOLD	2731	1376	1376	530385	530385	0	7650266
RAIL	39	89	740	1990
FOLD	2732	1377	1377	530769	530769	0	7653166
RAIL	64	64	740	1991
FOLD	2737	1378	1378	531156	531156	0	7666469
RAIL	28	101	742	1994
FOLD	2738	1379	1379	531543	531543	0	7668602
RAIL	64	64	742	1995
FOLD	2743	1380	1380	531930	531930	0	7685379
RAIL	29	99	744	1998
FOLD	2744	1381	1381	532314	532314	0	7687672
RAIL	64	64	744	1999
FOLD	2745	1382	1382	532698	532698	0	7690811
RAIL	29	100	744	2000
FOLD	2746	1383	1383	533085	533085	0	7693806
RAIL	64	64	744	2001
FOLD	2747	1384	1384	533469	533469	0	7696976
RAIL	37	91	744	2002
FOLD	2748	1385	1385	533853	533853	0	7700794
RAIL	64	64	744	2003
FOLD	2749	1386	1386	534237	534237	0	7705494
RAIL	37	92	744	2004
FOLD	2750	1387	1387	534624	534624	0	7708840
RAIL	64	64	744	2005
FOLD	2755	1388	1388	535011	535011	0	7718590
RAIL	36	92	746	2008
FOLD	2756	1389	1389	535395	535395	0	7721972
RAIL	64	64	746	2009
FOLD	2761	1390	1390	535782	535782	0	7737734
RAIL	31	98	748	2012
FOLD	2762	1391	1391	536169	536169	0	7740747
RAIL	64	64	748	2013
FOLD	2765	1392	1392	536553	536553	0	7752445
RAIL	35	94	749	2015
FOLD	2766	1393	1393	536940	536940	0	7756227
RAIL	64	64	749	2016
FOLD	2771	1394	1394	537327	537327	0	7765816
RAIL	34	94	751	2019
FOLD	2772	1395	1395	537711	537711	0	7768986
RAIL	64	64	751	2020
FOLD	2773	1396	1396	538095	538095	0	7772153
RAIL	34	95	751	2021
FOLD	2774	1397	1397	538482	538482	0	7775436
RAIL	64	64	751	2022
FOLD	2775	1398	1398	538866	538866	0	7780232
RAIL	33	95	751	2023
FOLD	2776	1399	1399	539250	539250	0	7783496
RAIL	64	64	751	2024
FOLD	2785	1400	1400	539640	539640	0	7808577
RAIL	64	64	755	2029
FOLD	2790	1401	1401	540027	540027	0	7818726
RAIL	64	64	757	2032
FOLD	2795	1402	1402	540414	540414	0	7830453
RAIL	64	64	759	2035
FOLD	2796	1403	1403	540798	540798	0	7833654
RAIL	64	64	759	2036
FOLD	2797	1404	1404	541182	541182	0	7837020
RAIL	64	64	759	2037
FOLD	2798	1405	1405	541566	541566	0	7840535
RAIL	61	67	759	2038
FOLD	2799	1406	1406	541950	541950	0	7844060
RAIL	64	64	759	2039
FOLD	2800	1407	1407	542334	542334	0	7849281
RAIL	61	68	759	2040
FOLD	2801	1408	1408	542721	542721	0	7853914
RAIL	64	64	759	2041
FOLD	2814	1409	1409	543111	543111	0	7896990
RAIL	8	120	765	2048
FOLD	2815	1410	1410	543495	543495	0	7898757
RAIL	64	64	765	2049
FOLD	2816	1411	1411	543879	543879	0	7904803
RAIL	8	121	765	2050
FOLD	2817	1412	1412	544266	544266	0	7906587
RAIL	64	64	765	2051
FOLD	2818	1413	1413	544650	544650	0	7911850
RAIL	58	70	765	2052
FOLD	2819	1414	1414	545034	545034	0	7915000
RAIL	64	64	765	2053
FOLD	2842	1415	1415	545424	545424	0	7963361
RAIL	55	73	776	2065
FOLD	2843	1416	1416	545808	545808	0	7966174
RAIL	64	64	776	2066
FOLD	2844	1417	1417	546192	546192	0	7969431
RAIL	55	74	776	2067
FOLD	2845	1418	1418	546579	546579	0	7972200
RAIL	64	64	776	2068
FOLD	2846	1419	1419	546963	546963	0	7977245
RAIL	12	116	776	2069
FOLD	2847	1420	1420	547347	547347	0	7978904
RAIL	64	64	776	2070
FOLD	2852	1421	1421	547734	547734	0	7987113
RAIL	54	75	778	2073
FOLD	2853	1422	1422	548121	548121	0	7989818
RAIL	64	64	778	2074
