control_35 6 ['closed', '5', '7', '83', '271', '1', '1', '62', '163'] last ['3', '2', '1', '1', '81']
control_prime_127 7 ['exhausted_exact_set', '-', '-', '158', '0', '0', '1', '0', '0'] last ['1', '0', '1', '1', '2']
control_8051 13 ['closed', '83', '97', '789', '755', '1', '1', '91', '238'] last ['7', '6', '1', '1', '786']
balanced_14 14 ['closed', '101', '103', '1008', '589', '1', '1', '92', '241'] last ['7', '6', '1', '2', '1004']
square_17 17 ['closed', '257', '257', '504', '963', '1', '1', '125', '314'] last ['9', '8', '1', '1', '497']
balanced_20 20 ['closed', '1009', '1013', '1184', '913', '1', '1', '130', '331'] last ['10', '9', '1', '3', '1181']
balanced_27 27 ['closed', '10007', '10009', '26461', '1329', '1', '1', '137', '360'] last ['14', '13', '1', '3', '26450']
dense_32 32 ['closed', '3', '1431612075', '689', '1218', '1', '1', '216', '528'] last ['31', '30', '1', '1', '685']
balanced_40 40 ['closed', '1000003', '1000033', '2263781', '513', '1', '1', '196', '503'] last ['20', '19', '1', '2', '2263776']
balanced_64 64 ['closed', '4294967279', '4294967291', '4878', '3267', '1', '1', '229', '617'] last ['32', '31', '1', '5', '4871']
sparse_17 17 ['closed', '256', '256', '70', '662', '1', '3', '125', '314'] last ['9', '8', '1', '1', '62']
sparse_33 33 ['closed', '65536', '65536', '280', '1152', '1', '3', '188', '474'] last ['17', '16', '1', '1', '275']
sparse_65 65 ['closed', '4294967296', '4294967296', '349', '1894', '1', '3', '316', '629'] last ['33', '32', '1', '1', '342']
sparse_129 129 ['closed', '18446744073709551616', '18446744073709551616', '1070', '3623', '1', '3', '525', '1600'] last ['65', '64', '1', '1', '1060']
sparse_257 257 ['closed', '340282366920938463463374607431768211456', '340282366920938463463374607431768211456', '4043', '10259', '1', '3', '959', '4223'] last ['129', '128', '1', '1', '4024']
unbalanced_18 18 ['closed', '3', '65537', '716', '1014', '1', '1', '188', '444'] last ['17', '16', '1', '1', '707']
unbalanced_34 34 ['closed', '3', '4294967297', '309', '1909', '1', '1', '316', '567'] last ['33', '32', '1', '1', '296']
unbalanced_66 66 ['closed', '3', '18446744073709551617', '727', '2582', '1', '1', '525', '1474'] last ['65', '64', '1', '1', '723']
unbalanced_130 130 ['closed', '3', '340282366920938463463374607431768211457', '3382', '11387', '1', '1', '959', '3969'] last ['129', '128', '1', '1', '3358']
unbalanced_258 258 ['closed', '3', '115792089237316195423570985008687907853269984665640564039457584007913129639937', '11420', '18863', '1', '1', '1794', '12803'] last ['257', '256', '1', '1', '11392']
unbalanced_5_259 259 ['closed', '5', '115792089237316195423570985008687907853269984665640564039457584007913129639937', '10777', '17394', '1', '1', '1794', '12805'] last ['257', '256', '1', '1', '10766']
unbalanced_17_261 261 ['closed', '17', '115792089237316195423570985008687907853269984665640564039457584007913129639937', '11234', '19442', '1', '1', '1794', '12809'] last ['257', '256', '1', '1', '11213']
