control_35 6 ['closed', '5', '7', '111', '287', '1', '1', '62', '163'] last ['3', '2', '1', '1', '106']
control_prime_127 7 ['exhausted_exact_set', '-', '-', '205', '0', '0', '1', '0', '0'] last ['1', '0', '1', '1', '3']
control_8051 13 ['closed', '83', '97', '679', '808', '1', '1', '91', '238'] last ['7', '6', '1', '1', '676']
balanced_14 14 ['closed', '101', '103', '1115', '964', '1', '1', '92', '241'] last ['7', '6', '1', '2', '1111']
square_17 17 ['closed', '257', '257', '431', '845', '1', '1', '125', '314'] last ['9', '8', '1', '1', '422']
balanced_20 20 ['closed', '1009', '1013', '3918', '1276', '1', '1', '130', '331'] last ['10', '9', '1', '3', '3911']
balanced_27 27 ['closed', '10007', '10009', '43070', '1632', '1', '1', '137', '360'] last ['14', '13', '1', '3', '43062']
dense_32 32 ['closed', '3', '1431612075', '710', '1212', '1', '1', '216', '528'] last ['31', '30', '1', '1', '706']
balanced_40 40 ['closed', '1000003', '1000033', '4209369', '1296', '1', '1', '196', '503'] last ['20', '19', '1', '2', '4209360']
balanced_64 64 time_interrupt last ['1', '0', '1', '1', '2']
sparse_17 17 ['closed', '256', '256', '72', '566', '1', '3', '125', '314'] last ['9', '8', '1', '1', '64']
sparse_33 33 ['closed', '65536', '65536', '130', '899', '1', '3', '188', '474'] last ['17', '16', '1', '1', '126']
sparse_65 65 ['closed', '4294967296', '4294967296', '358', '1801', '1', '3', '316', '629'] last ['33', '32', '1', '1', '350']
sparse_129 129 ['closed', '18446744073709551616', '18446744073709551616', '957', '3619', '1', '3', '525', '1600'] last ['65', '64', '1', '1', '954']
sparse_257 257 ['closed', '340282366920938463463374607431768211456', '340282366920938463463374607431768211456', '4089', '10875', '1', '3', '959', '4223'] last ['129', '128', '1', '1', '4074']
unbalanced_18 18 ['closed', '3', '65537', '611', '1046', '1', '1', '188', '444'] last ['17', '16', '1', '1', '606']
unbalanced_34 34 ['closed', '3', '4294967297', '296', '1959', '1', '1', '316', '567'] last ['33', '32', '1', '1', '288']
unbalanced_66 66 ['closed', '3', '18446744073709551617', '905', '2481', '1', '1', '525', '1474'] last ['65', '64', '1', '1', '901']
unbalanced_130 130 ['closed', '3', '340282366920938463463374607431768211457', '3181', '10546', '1', '1', '959', '3969'] last ['129', '128', '1', '1', '3172']
unbalanced_258 258 ['closed', '3', '115792089237316195423570985008687907853269984665640564039457584007913129639937', '10454', '17081', '1', '1', '1794', '12803'] last ['257', '256', '1', '1', '10429']
unbalanced_5_259 259 time_interrupt last ['1', '0', '1', '1', '18']
unbalanced_17_261 261 time_interrupt last ['1', '0', '1', '1', '13']
