control_35 6 ['closed', '5', '7', '445', '434', '2', '4', '62', '163'] last ['3', '1', '4', '1', '327']
control_prime_127 7 ['exhausted_exact_set', '-', '-', '1197', '0', '6', '8', '0', '0'] last ['7', '1', '2', '1', '1188']
control_8051 13 ['closed', '83', '97', '4289', '430', '6', '54', '154', '366'] last ['7', '1', '54', '2', '3820']
balanced_14 14 ['closed', '101', '103', '2474', '324', '6', '60', '155', '369'] last ['7', '1', '60', '3', '2161']
square_17 17 ['closed', '257', '257', '14484', '578', '8', '167', '214', '494'] last ['9', '1', '167', '3', '13492']
balanced_20 20 ['closed', '1009', '1013', '31027', '536', '9', '512', '252', '575'] last ['10', '1', '512', '3', '26888']
balanced_27 27 ['closed', '10007', '10009', '584966', '1494', '13', '6074', '422', '983'] last ['14', '1', '6074', '4', '498022']
dense_32 32 ['closed', '65535', '65535', '2401253', '3230', '15', '32768', '538', '1460'] last ['16', '1', '32768', '4', '1955695']
balanced_40 40 interrupted last ['17', '1', '65536', '4', '4096520']
balanced_64 64 interrupted last ['17', '1', '65536', '4', '5644517']
sparse_17 17 ['closed', '256', '256', '31662', '417', '8', '2073', '214', '494'] last ['9', '1', '2073', '1', '28525']
sparse_33 33 interrupted last ['15', '1', '278528', '1', '4518762']
sparse_65 65 interrupted last ['15', '1', '278528', '1', '3410606']
sparse_129 129 interrupted last ['15', '1', '278528', '1', '3602724']
sparse_257 257 interrupted last ['15', '1', '278528', '1', '3915511']
unbalanced_18 18 ['closed', '3', '65537', '49636', '699', '12', '254', '385', '814'] last ['17', '4', '4', '1', '49611']
unbalanced_34 34 interrupted last ['17', '1', '63306', '4', '4314253']
unbalanced_66 66 interrupted last ['17', '1', '65536', '4', '7196801']
unbalanced_130 130 interrupted last ['17', '1', '65536', '4', '5184183']
unbalanced_258 258 interrupted last ['17', '1', '65536', '4', '4928368']
