[2;37m[boot][0m Interrupts: none — the host owns the IDT, no periodic slot
[2;37m[boot][0m Heap: host allocator, 1484 bytes counted, 48MB declared budget
[2;37m[boot][0m IG Catalog: 8752 entries loaded
[2;37m[boot][0m Kernel online — graph execution, token-arity driven
[2;37m[boot][0m Canonical ordinal check...
[2;37m[boot][0m Ordinal faithfulness: [1;32mall 44 values match Lean canonical[0m
[2;37m[boot][0m Clay Millennium status: 2 closed, 1 one-bump-short, 3 unclosed
[2;37m[boot][0m SIC-POVM d=12: Crystal-forced (dual lattice), Shavian count 49=7², WH group |orbit|=144
[2;37m[boot][0m Frobenius identity check...
[2;37m[boot][0m Frobenius identity: hamming=3, weighted=3.1000 — kernel is grammar operationalized
[2;37m[boot][0m Bootstrap: IMSCRIB→AREV→FSPLIT→AFWD→FFUSE→CLINK→IFIX→IMSCRIB (cyclic)
                       F unitary: PASS
  Pentagon form (F^2=I, anti-diag, a^2+b^2=1): PASS
            Braid relation (Y-B): PASS
                 Spin-statistics: PASS
                       S unitary: PASS
        Charge conjugation S^2=I: PASS
                 TQFT identities: PASS
                Verlinde formula: PASS
              Braid Artin B_n<=8: PASS
  Phase lattice = tenths of a winding: PASS
    Constants derivable from PHI: PASS
[2;37m[boot][0m Fibonacci anyon QC: algebra verified = true
[36m[TORUS][0m kernel wound: ⊢⊙∈⊤⋈∋⊡⊞≺⋈⊣  (11 tokens, pinch=0.0000)
[2;37m[boot][0m Crystal FS: 17280000 addresses
[2;37m[boot][0m 29 total programs (I–XXIX): 12 canonical + 4 continuous + 4 novel + 9 shunted


   [1;35m⊙[0m   [1;37mG-mOMonadOS[0m
   [2;37mGPU-native build, mOMonadOS ported to run via CUDA[0m
   [1;33mμ∘δ = id[0m

   [2;37mFrobenius core · Belnap FOUR · crystal FS · graph execution[0m

   [1;34mhelp[0m for commands, [1;34m?[0m for the menu, Tab completes.

   [1;34mask[0m runs a structural dry-run here; the full wet-run is on the host:
   [2;37m./ask --file <path> | ./ask --ask "…" | ./ask -i[0m

⊙> factor_phase
⊢≻⋈∈⊥∋≻⋈∈⊥∋≻⋈∈⊥∋≻⋈∈⊥∋⊙⊡⊣
⊢≻⋈∈⊥∋≻⋈∈⊤∋≻⋈∈⊥∋⊙⊡⊣
⊢≻⋈∈⊥∋≻⋈∈⊥∋⊙⊡⊣
⊢∈⊥⊥⊥⊥∋∈⊥⊤⊥∋∈⊥⊥∋∈⊥∋∈⊥⊤⊥⊤⊤⊥∋∈⋈⊤⊤⊡∈⊥⊥⊥⊤⊥⊤⊥⊤∋⊢∈⊥⊥⊥⊥∈⊤⊥⊙∈⊤≺⊥⋈≻∋∋∋⊡⊣∋∈⊥⊤⊥⊤⊤⊥∋∈⋈⊤⊤⊡∈⊥⊥⊥⊤⊥⊤⊥⊤∋⊢∈⊥⊥⊥⊥∈⊤⊥⊙∈⊤≺⊥⋈≻∋∋∋⊡⊣∋⊣
⊙> help quantum
═══ Quantum ═══
Quantum computation (fibqc, jones, braids, shor, shors_btc_2, btc_oneshot, secp256k1_unwinder, baryon_asymmetry, qft, iuft, sic, d12, d2048, dqi)

  factor_phase           Exact folded coherent CPU simulation and pair measurement over baked IMASM source and quantile
                           e.g.  factor_phase
  fibqc                  Fibonacci anyon QC: verify | compile | jones | knot | winding (see also qc, jp)
                           e.g.  fibqc verify
  qc                     Compile a circuit over H T S X to a braid word; spaces optional; draw|svg|loop before the gates renders it, and two depths size the net and the recursion (aliases quantum_compile, fibqc compile)
                           e.g.  qc loop HTSX 10 3
  bi                     Draw a braid word — strand diagram in the terminal, SVG with `svg`, the closed braid as a ring with `loop`; window with start:count, column height with /N (alias braid_image)
                           e.g.  bi loop 1 2 -1 -2 1 2
  jp                     Jones polynomial at the 1/5 winding; signed Artin generators (alias jones_polynomial)
                           e.g.  jp 1 1 1
  bg                     Braid word to grammar tuple (alias braid-grammar); winding is a closed form in the writhe
                           e.g.  bg tuple 1,2,1 3
  shor                   Belnap Shor pipeline + dialetheic Fibonacci Shor (word ⊢∈≻⋈⊞∈⊤≻⊥≺∋⊙⋈⊡⊣); N=15,21
                           e.g.  shor dialetheic 15 7
  shors_btc_2            Shor over secp256k1 ECDLP: recover a Bitcoin private key from a public key (x,y)
                           e.g.  shors_btc_2
  prime_winding          Winding period of the primes on the number line - ob3ect-backed: find | factor | cycle | tuple | verdict
                           e.g.  prime_winding find 100
  oneshot_prime_winder   One-shot primality test using IMASM word ⊢∈≻⊤⋈⊙≺⊥⊞∋⊡⊣ winding certificate
                           e.g.  oneshot_prime_winder 17
  dyn_nest               Dynamic Nesting Prime Finder - pipes oneshot verdict, searches optimal nesting depth d=1,2,3,...; period P(d)=5d+7, closure-derived seed
                           e.g.  dyn_nest 1234567
  qft                    Quantum Fourier Transform: circuit | phases | iqft | iqft braid | braid, on n qubits
                           e.g.  qft circuit 3
  btc_oneshot            BTC Secret Key Oneshot Operator — structural verification & phase steps
                           e.g.  btc_oneshot verify
  secp256k1_unwinder     19-glyph morphism sequence for secp256k1 scalar recovery: word | steps | mapping | walk [k] | verdict [k] | tuple | constants
                           e.g.  secp256k1_unwinder walk 0
  baryon_asymmetry       baryon asymmetry as a banked survival: the word run through the live weight + banked instruments (report | word | mapping | reading)
                           e.g.  baryon_asymmetry report
  theta-link             IUTT housed in the paraconsistent ambient: the Θ-link closes yet holds register A (four-valued B, the Inclosure), unreachable by the Boolean adjoints (alias iutt)
                           e.g.  theta-link
  winding                Period as a torus winding: order | factor | closure | factorgen (alias wperiod)
                           e.g.  winding order 2 101
  iuft                   IUFT QC gates — the 12->3 Euler-angle SU(2) encoding of an IG tuple
                           e.g.  iuft list
  teich                  IUFT <-> IUTT bridge: Teichmuller deformation paths as gate trajectories
                           e.g.  teich canonical
  hqe                    Holonomic quasi-ergodic quantale, MBL holonomy
                           e.g.  hqe report
  dyson                  Dyson beta-ensemble, double-ramified cycle
                           e.g.  dyson report
  troq                   Triple-ramified ouroboric quantale
                           e.g.  troq report
  afdmc                  Asymptotic frozen-disordered monadic cohomology
                           e.g.  afdmc report
  hop                    Universe hopping, cross-framework transport
                           e.g.  hop report
  manifold               Topological manifold operations
                           e.g.  manifold
  triple                 Triple-frame von Neumann superoperator algebra
                           e.g.  triple report
  sic                    SIC-POVM d=12 identity, three lattice proofs
                           e.g.  sic
  bip39                  BIP39-SIC-POVM: search | words | verify | map | gap
                           e.g.  bip39 sic verify
  d12                    d=12 SIC Phase VI: tower, magnitudes, orbits, existence, duallink, z0
                           e.g.  d12 tower
  d2048                  d=2048 moduli tower ascent (alias d2k)
                           e.g.  d2048 next
  dqi                    Decoded Quantum Interferometry operator: word | period | phase | verdict <arm> | syndrome <bits> | tuple | report
                           e.g.  dqi report
⊙> quit
Halting. μ∘δ=id.
[SHUTDOWN] μ∘δ=id. Goodbye.
