family                     cell-binary
value                      266175155279792434973506259190185380993589458872977057421959357
word                       ⊢≻⋈∈⊥∋≻⋈∈⊤∋≻⋈∈⊥∋≻⋈∈⊥∋≻⋈∈⊥∋≻⋈∈⊥∋≻⋈∈⊤∋≻⋈∈⊥∋≻⋈∈⊤∋≻⋈∈⊤∋≻⋈∈⊤∋≻⋈∈⊤∋≻⋈∈⊤∋≻⋈∈⊥∋≻⋈∈⊤∋≻⋈∈⊥∋≻⋈∈⊥∋≻⋈∈⊥∋≻⋈∈⊤∋≻⋈∈⊥∋≻⋈∈⊥∋≻⋈∈⊥∋≻⋈∈⊤∋≻⋈∈⊥∋≻⋈∈⊤∋≻⋈∈⊤∋≻⋈∈⊥∋≻⋈∈⊥∋≻⋈∈⊥∋≻⋈∈⊥∋≻⋈∈⊥∋≻⋈∈⊥∋≻⋈∈⊤∋≻⋈∈⊥∋≻⋈∈⊥∋≻⋈∈⊤∋≻⋈∈⊥∋≻⋈∈⊥∋≻⋈∈⊤∋≻⋈∈⊥∋≻⋈∈⊥∋≻⋈∈⊥∋≻⋈∈⊥∋≻⋈∈⊤∋≻⋈∈⊥∋≻⋈∈⊤∋≻⋈∈⊤∋≻⋈∈⊥∋≻⋈∈⊥∋≻⋈∈⊥∋≻⋈∈⊤∋≻⋈∈⊥∋≻⋈∈⊤∋≻⋈∈⊥∋≻⋈∈⊤∋≻⋈∈⊤∋≻⋈∈⊥∋≻⋈∈⊤∋≻⋈∈⊥∋≻⋈∈⊥∋≻⋈∈⊤∋≻⋈∈⊥∋≻⋈∈⊤∋≻⋈∈⊥∋≻⋈∈⊥∋≻⋈∈⊤∋≻⋈∈⊥∋≻⋈∈⊥∋≻⋈∈⊤∋≻⋈∈⊤∋≻⋈∈⊥∋≻⋈∈⊤∋≻⋈∈⊥∋≻⋈∈⊥∋≻⋈∈⊤∋≻⋈∈⊤∋≻⋈∈⊥∋≻⋈∈⊤∋≻⋈∈⊤∋≻⋈∈⊥∋≻⋈∈⊥∋≻⋈∈⊥∋≻⋈∈⊥∋≻⋈∈⊤∋≻⋈∈⊥∋≻⋈∈⊥∋≻⋈∈⊥∋≻⋈∈⊥∋≻⋈∈⊤∋≻⋈∈⊤∋≻⋈∈⊥∋≻⋈∈⊥∋≻⋈∈⊥∋≻⋈∈⊥∋≻⋈∈⊤∋≻⋈∈⊥∋≻⋈∈⊥∋≻⋈∈⊥∋≻⋈∈⊤∋≻⋈∈⊥∋≻⋈∈⊥∋≻⋈∈⊤∋≻⋈∈⊥∋≻⋈∈⊥∋≻⋈∈⊤∋≻⋈∈⊤∋≻⋈∈⊥∋≻⋈∈⊥∋≻⋈∈⊤∋≻⋈∈⊤∋≻⋈∈⊤∋≻⋈∈⊥∋≻⋈∈⊤∋≻⋈∈⊥∋≻⋈∈⊤∋≻⋈∈⊥∋≻⋈∈⊥∋≻⋈∈⊥∋≻⋈∈⊤∋≻⋈∈⊤∋≻⋈∈⊥∋≻⋈∈⊤∋≻⋈∈⊤∋≻⋈∈⊥∋≻⋈∈⊤∋≻⋈∈⊤∋≻⋈∈⊤∋≻⋈∈⊥∋≻⋈∈⊥∋≻⋈∈⊤∋≻⋈∈⊤∋≻⋈∈⊤∋≻⋈∈⊥∋≻⋈∈⊤∋≻⋈∈⊤∋≻⋈∈⊤∋≻⋈∈⊥∋≻⋈∈⊤∋≻⋈∈⊥∋≻⋈∈⊥∋≻⋈∈⊤∋≻⋈∈⊤∋≻⋈∈⊤∋≻⋈∈⊤∋≻⋈∈⊥∋≻⋈∈⊤∋≻⋈∈⊥∋≻⋈∈⊤∋≻⋈∈⊥∋≻⋈∈⊥∋≻⋈∈⊥∋≻⋈∈⊥∋≻⋈∈⊥∋≻⋈∈⊥∋≻⋈∈⊤∋≻⋈∈⊥∋≻⋈∈⊥∋≻⋈∈⊥∋≻⋈∈⊤∋≻⋈∈⊥∋≻⋈∈⊥∋≻⋈∈⊥∋≻⋈∈⊤∋≻⋈∈⊤∋≻⋈∈⊤∋≻⋈∈⊥∋≻⋈∈⊤∋≻⋈∈⊤∋≻⋈∈⊥∋≻⋈∈⊥∋≻⋈∈⊥∋≻⋈∈⊤∋≻⋈∈⊤∋≻⋈∈⊤∋≻⋈∈⊤∋≻⋈∈⊤∋≻⋈∈⊤∋≻⋈∈⊤∋≻⋈∈⊤∋≻⋈∈⊤∋≻⋈∈⊥∋≻⋈∈⊤∋≻⋈∈⊤∋≻⋈∈⊤∋≻⋈∈⊤∋≻⋈∈⊥∋≻⋈∈⊥∋≻⋈∈⊤∋≻⋈∈⊤∋≻⋈∈⊥∋≻⋈∈⊤∋≻⋈∈⊤∋≻⋈∈⊤∋≻⋈∈⊤∋≻⋈∈⊥∋≻⋈∈⊤∋≻⋈∈⊤∋≻⋈∈⊥∋≻⋈∈⊤∋≻⋈∈⊥∋≻⋈∈⊥∋≻⋈∈⊤∋≻⋈∈⊥∋≻⋈∈⊤∋≻⋈∈⊤∋≻⋈∈⊥∋≻⋈∈⊤∋≻⋈∈⊥∋⊙⊡⊣
binary                     1010010110100100001001100001000000000111001000111011101111110101000011010001000110001001001110101000110011011011101111001111011110010011010011011010110100101011100101111011011011111100101110111010000010111101
bits-le                    1011110100000101110111010011111101101101111010011101010010110101101100101100100111101111001111011101101100110001010111001001000110001000101100001010111111011101110001001110000000001000011001000010010110100101
support                    {0,2,3,4,5,7,13,15,16,17,19,20,21,23,26,27,28,29,30,31,33,34,36,37,39,40,41,42,44,47,48,49,51,53,56,58,59,61,63,64,66,67,70,72,73,76,79,80,81,82,84,85,86,87,90,91,92,93,95,96,97,99,100,102,103,106,107,111,113,115,116,117,120,123,127,128,132,136,138,139,144,146,148,149,150,151,152,153,155,156,157,159,160,161,165,168,169,170,180,185,186,189,194,197,199,200,202,205,207}
polynomial                 1 + x^2 + x^3 + x^4 + x^5 + x^7 + x^13 + x^15 + x^16 + x^17 + x^19 + x^20 + x^21 + x^23 + x^26 + x^27 + x^28 + x^29 + x^30 + x^31 + x^33 + x^34 + x^36 + x^37 + x^39 + x^40 + x^41 + x^42 + x^44 + x^47 + x^48 + x^49 + x^51 + x^53 + x^56 + x^58 + x^59 + x^61 + x^63 + x^64 + x^66 + x^67 + x^70 + x^72 + x^73 + x^76 + x^79 + x^80 + x^81 + x^82 + x^84 + x^85 + x^86 + x^87 + x^90 + x^91 + x^92 + x^93 + x^95 + x^96 + x^97 + x^99 + x^100 + x^102 + x^103 + x^106 + x^107 + x^111 + x^113 + x^115 + x^116 + x^117 + x^120 + x^123 + x^127 + x^128 + x^132 + x^136 + x^138 + x^139 + x^144 + x^146 + x^148 + x^149 + x^150 + x^151 + x^152 + x^153 + x^155 + x^156 + x^157 + x^159 + x^160 + x^161 + x^165 + x^168 + x^169 + x^170 + x^180 + x^185 + x^186 + x^189 + x^194 + x^197 + x^199 + x^200 + x^202 + x^205 + x^207
assert.support             PASS
assert.binary-reverse      PASS
assert.word-glyph-map      PASS
assert.roundtrip           PASS
assert.bitlength           PASS
primitive.v2               0
primitive.v2+1             1
primitive.v2-1             2
primitive.popcount         109
primitive.bitlength        208
primitive.runs             [[0,1),[2,6),[7,8),[13,14),[15,18),[19,22),[23,24),[26,32),[33,35),[36,38),[39,43),[44,45),[47,50),[51,52),[53,54),[56,57),[58,60),[61,62),[63,65),[66,68),[70,71),[72,74),[76,77),[79,83),[84,88),[90,94),[95,98),[99,101),[102,104),[106,108),[111,112),[113,114),[115,118),[120,121),[123,124),[127,129),[132,133),[136,137),[138,140),[144,145),[146,147),[148,154),[155,158),[159,162),[165,166),[168,171),[180,181),[185,187),[189,190),[194,195),[197,198),[199,201),[202,203),[205,206),[207,208)]
primitive.gaps             [[1,2),[6,7),[8,13),[14,15),[18,19),[22,23),[24,26),[32,33),[35,36),[38,39),[43,44),[45,47),[50,51),[52,53),[54,56),[57,58),[60,61),[62,63),[65,66),[68,70),[71,72),[74,76),[77,79),[83,84),[88,90),[94,95),[98,99),[101,102),[104,106),[108,111),[112,113),[114,115),[118,120),[121,123),[124,127),[129,132),[133,136),[137,138),[140,144),[145,146),[147,148),[154,155),[158,159),[162,165),[166,168),[171,180),[181,185),[187,189),[190,194),[195,197),[198,199),[201,202),[203,205),[206,207)]
primitive.odd-part         266175155279792434973506259190185380993589458872977057421959357
primitive.shift-factor     0
composite.decomp-k         1
composite.decomp-prefix    1
composite.decomp-remainder 133087577639896217486753129595092690496794729436488528710979678
composite.residue-2^k      1
word.width                 208
window.period              none
negative.factor-bound      >256
negative.tested-primes     53
negative.cert-aperture     2^8
sieve.aperture            2^8=256
primitive.v2              0
2-part                    2^0
primitive.odd-part        266175155279792434973506259190185380993589458872977057421959357
decomp-2k                 1
sieve.tested-primes       53
witness                   none
factor-bound              >256
product-closure           open
semiprime-closure         N
handoff                   prime_winding factor 266175155279792434973506259190185380993589458872977057421959357
stage4.engine               Vox folded tape factor
266175155279792434973506259190185380993589458872977057421959357 = 13419294329574030763782528217097 × 19835257260375005453724574658581
stage4.factor-pair          13419294329574030763782528217097 × 19835257260375005453724574658581
stage4.product              266175155279792434973506259190185380993589458872977057421959357
stage4.godel.check.mul      PASS
stage4.word-primality       PASS
stage4.semiprime-closure    T
