family                     cell-binary
value                      248634134622378624265272678886859666411
word                       ⊢≻⋈∈⊥∋≻⋈∈⊥∋≻⋈∈⊤∋≻⋈∈⊥∋≻⋈∈⊤∋≻⋈∈⊥∋≻⋈∈⊥∋≻⋈∈⊥∋≻⋈∈⊥∋≻⋈∈⊥∋≻⋈∈⊤∋≻⋈∈⊤∋≻⋈∈⊥∋≻⋈∈⊥∋≻⋈∈⊥∋≻⋈∈⊥∋≻⋈∈⊤∋≻⋈∈⊤∋≻⋈∈⊤∋≻⋈∈⊥∋≻⋈∈⊤∋≻⋈∈⊤∋≻⋈∈⊤∋≻⋈∈⊥∋≻⋈∈⊥∋≻⋈∈⊥∋≻⋈∈⊤∋≻⋈∈⊤∋≻⋈∈⊥∋≻⋈∈⊤∋≻⋈∈⊤∋≻⋈∈⊥∋≻⋈∈⊤∋≻⋈∈⊤∋≻⋈∈⊥∋≻⋈∈⊤∋≻⋈∈⊤∋≻⋈∈⊤∋≻⋈∈⊤∋≻⋈∈⊤∋≻⋈∈⊤∋≻⋈∈⊤∋≻⋈∈⊥∋≻⋈∈⊤∋≻⋈∈⊥∋≻⋈∈⊥∋≻⋈∈⊤∋≻⋈∈⊥∋≻⋈∈⊥∋≻⋈∈⊤∋≻⋈∈⊤∋≻⋈∈⊤∋≻⋈∈⊤∋≻⋈∈⊤∋≻⋈∈⊥∋≻⋈∈⊤∋≻⋈∈⊤∋≻⋈∈⊥∋≻⋈∈⊤∋≻⋈∈⊥∋≻⋈∈⊥∋≻⋈∈⊥∋≻⋈∈⊥∋≻⋈∈⊥∋≻⋈∈⊥∋≻⋈∈⊥∋≻⋈∈⊥∋≻⋈∈⊥∋≻⋈∈⊥∋≻⋈∈⊥∋≻⋈∈⊤∋≻⋈∈⊥∋≻⋈∈⊤∋≻⋈∈⊤∋≻⋈∈⊤∋≻⋈∈⊥∋≻⋈∈⊥∋≻⋈∈⊤∋≻⋈∈⊤∋≻⋈∈⊤∋≻⋈∈⊥∋≻⋈∈⊥∋≻⋈∈⊤∋≻⋈∈⊤∋≻⋈∈⊤∋≻⋈∈⊥∋≻⋈∈⊥∋≻⋈∈⊥∋≻⋈∈⊤∋≻⋈∈⊤∋≻⋈∈⊥∋≻⋈∈⊥∋≻⋈∈⊥∋≻⋈∈⊤∋≻⋈∈⊤∋≻⋈∈⊤∋≻⋈∈⊤∋≻⋈∈⊤∋≻⋈∈⊤∋≻⋈∈⊥∋≻⋈∈⊤∋≻⋈∈⊤∋≻⋈∈⊥∋≻⋈∈⊤∋≻⋈∈⊥∋≻⋈∈⊤∋≻⋈∈⊤∋≻⋈∈⊤∋≻⋈∈⊥∋≻⋈∈⊥∋≻⋈∈⊤∋≻⋈∈⊤∋≻⋈∈⊥∋≻⋈∈⊤∋≻⋈∈⊥∋≻⋈∈⊥∋≻⋈∈⊤∋≻⋈∈⊤∋≻⋈∈⊤∋≻⋈∈⊤∋≻⋈∈⊥∋≻⋈∈⊥∋≻⋈∈⊤∋≻⋈∈⊥∋≻⋈∈⊥∋≻⋈∈⊥∋≻⋈∈⊤∋≻⋈∈⊥∋⊙⊡⊣
binary                     10111011000011010011000101001000000111001110001100011000101111111111101001000001101101000000010010010011100010001111001111101011
bits-le                    11010111110011110001000111001001001000000010110110000010010111111111110100011000110001110011100000010010100011001011000011011101
support                    {0,1,3,5,6,7,8,9,12,13,14,15,19,23,24,25,28,31,34,42,44,45,47,48,54,57,59,60,61,62,63,64,65,66,67,68,69,71,75,76,80,81,85,86,87,90,91,92,99,102,104,108,109,112,114,115,120,121,123,124,125,127}
polynomial                 1 + x + x^3 + x^5 + x^6 + x^7 + x^8 + x^9 + x^12 + x^13 + x^14 + x^15 + x^19 + x^23 + x^24 + x^25 + x^28 + x^31 + x^34 + x^42 + x^44 + x^45 + x^47 + x^48 + x^54 + x^57 + x^59 + x^60 + x^61 + x^62 + x^63 + x^64 + x^65 + x^66 + x^67 + x^68 + x^69 + x^71 + x^75 + x^76 + x^80 + x^81 + x^85 + x^86 + x^87 + x^90 + x^91 + x^92 + x^99 + x^102 + x^104 + x^108 + x^109 + x^112 + x^114 + x^115 + x^120 + x^121 + x^123 + x^124 + x^125 + x^127
assert.support             PASS
assert.binary-reverse      PASS
assert.word-glyph-map      PASS
assert.roundtrip           PASS
assert.bitlength           PASS
primitive.v2               0
primitive.v2+1             2
primitive.v2-1             1
primitive.popcount         62
primitive.bitlength        128
primitive.runs             [[0,2),[3,4),[5,10),[12,16),[19,20),[23,26),[28,29),[31,32),[34,35),[42,43),[44,46),[47,49),[54,55),[57,58),[59,70),[71,72),[75,77),[80,82),[85,88),[90,93),[99,100),[102,103),[104,105),[108,110),[112,113),[114,116),[120,122),[123,126),[127,128)]
primitive.gaps             [[2,3),[4,5),[10,12),[16,19),[20,23),[26,28),[29,31),[32,34),[35,42),[43,44),[46,47),[49,54),[55,57),[58,59),[70,71),[72,75),[77,80),[82,85),[88,90),[93,99),[100,102),[103,104),[105,108),[110,112),[113,114),[116,120),[122,123),[126,127)]
primitive.odd-part         248634134622378624265272678886859666411
primitive.shift-factor     0
composite.decomp-k         2
composite.decomp-prefix    3
composite.decomp-remainder 62158533655594656066318169721714916602
composite.residue-2^k      3
window.width               128
window.aperture            2^128
window.period              none
negative.factor-bound      uncertified
negative.tested-primes     none
negative.cert-aperture     none
