N = 266175155279792434973506259190185380993589458872977057421959357
hex = a5a426100723bbf50d11893a8cdbbcf7934dad2b97b6fcbba0bd
bitlength = 208
popcount = 109
shift-faithful domain = odd, non-Mersenne integers greater than one
dialect register = 111111111111 (non-Mersenne)
hex-digit word = ⊢∈≻⋈⊥≺⋈∋⊙⊡⊣⊢⊤≻⋈≺⊞⊙⊡⊣⊢∈≻⋈⊥≺⋈∋⊙⊡⊣⊢≻⋈≺⊞⊙⊡⊣⊢≻⋈⊥≺⊙⊡⊣⊢≻⋈⊥≺⊞⊙⊡⊣⊢⊤≻⋈≺⊙⊡⊣⊢≻⋈≺⊙⊡⊣⊢≻⋈≺⊙⊡⊣⊢⊤≻⋈⊥≺⊞⊙⊡⊣⊢≻⋈⊥≺⊙⊡⊣⊢⊤≻⋈⊥≺⊙⊡⊣⊢∈⊤≻⋈⊥≺⋈∋⊙⊡⊣⊢∈⊤≻⋈⊥≺⋈∋⊙⊡⊣⊢∈⊤≻⋈⊥≺⋈⊞∋⊙⊡⊣⊢⊤≻⋈≺⊞⊙⊡⊣⊢≻⋈≺⊙⊡⊣⊢∈⊤≻⋈≺⋈⊞∋⊙⊡⊣⊢⊤≻⋈≺⊙⊡⊣⊢⊤≻⋈≺⊙⊡⊣⊢∈≻⋈≺⋈∋⊙⊡⊣⊢∈⊤≻⋈≺⋈∋⊙⊡⊣⊢⊤≻⋈⊥≺⊙⊡⊣⊢∈≻⋈⊥≺⋈∋⊙⊡⊣⊢∈≻⋈≺⋈∋⊙⊡⊣⊢∈≻⋈≺⋈⊞∋⊙⊡⊣⊢∈⊤≻⋈≺⋈⊞∋⊙⊡⊣⊢∈⊤≻⋈⊥≺⋈∋⊙⊡⊣⊢∈⊤≻⋈⊥≺⋈∋⊙⊡⊣⊢∈≻⋈≺⋈⊞∋⊙⊡⊣⊢∈⊤≻⋈⊥≺⋈⊞∋⊙⊡⊣⊢⊤≻⋈⊥≺⊞⊙⊡⊣⊢∈⊤≻⋈≺⋈∋⊙⊡⊣⊢⊤≻⋈⊥≺⊙⊡⊣⊢≻⋈≺⊞⊙⊡⊣⊢∈⊤≻⋈≺⋈⊞∋⊙⊡⊣⊢∈≻⋈⊥≺⋈∋⊙⊡⊣⊢∈⊤≻⋈≺⋈⊞∋⊙⊡⊣⊢≻⋈⊥≺⊙⊡⊣⊢∈⊤≻⋈⊥≺⋈∋⊙⊡⊣⊢∈⊤≻⋈≺⋈∋⊙⊡⊣⊢⊤≻⋈⊥≺⊞⊙⊡⊣⊢∈⊤≻⋈⊥≺⋈∋⊙⊡⊣⊢≻⋈⊥≺⊞⊙⊡⊣⊢∈⊤≻⋈⊥≺⋈⊞∋⊙⊡⊣⊢∈≻⋈≺⋈⊞∋⊙⊡⊣⊢∈⊤≻⋈⊥≺⋈∋⊙⊡⊣⊢∈⊤≻⋈⊥≺⋈∋⊙⊡⊣⊢∈≻⋈⊥≺⋈∋⊙⊡⊣⊢≻⋈≺⊙⊡⊣⊢∈⊤≻⋈⊥≺⋈∋⊙⊡⊣⊢∈⊤≻⋈≺⋈⊞∋⊙⊡⊣
native word = ⊢≻⋈∈⊥∋≻⋈∈⊤∋≻⋈∈⊥∋≻⋈∈⊥∋≻⋈∈⊥∋≻⋈∈⊥∋≻⋈∈⊤∋≻⋈∈⊥∋≻⋈∈⊤∋≻⋈∈⊤∋≻⋈∈⊤∋≻⋈∈⊤∋≻⋈∈⊤∋≻⋈∈⊥∋≻⋈∈⊤∋≻⋈∈⊥∋≻⋈∈⊥∋≻⋈∈⊥∋≻⋈∈⊤∋≻⋈∈⊥∋≻⋈∈⊥∋≻⋈∈⊥∋≻⋈∈⊤∋≻⋈∈⊥∋≻⋈∈⊤∋≻⋈∈⊤∋≻⋈∈⊥∋≻⋈∈⊥∋≻⋈∈⊥∋≻⋈∈⊥∋≻⋈∈⊥∋≻⋈∈⊥∋≻⋈∈⊤∋≻⋈∈⊥∋≻⋈∈⊥∋≻⋈∈⊤∋≻⋈∈⊥∋≻⋈∈⊥∋≻⋈∈⊤∋≻⋈∈⊥∋≻⋈∈⊥∋≻⋈∈⊥∋≻⋈∈⊥∋≻⋈∈⊤∋≻⋈∈⊥∋≻⋈∈⊤∋≻⋈∈⊤∋≻⋈∈⊥∋≻⋈∈⊥∋≻⋈∈⊥∋≻⋈∈⊤∋≻⋈∈⊥∋≻⋈∈⊤∋≻⋈∈⊥∋≻⋈∈⊤∋≻⋈∈⊤∋≻⋈∈⊥∋≻⋈∈⊤∋≻⋈∈⊥∋≻⋈∈⊥∋≻⋈∈⊤∋≻⋈∈⊥∋≻⋈∈⊤∋≻⋈∈⊥∋≻⋈∈⊥∋≻⋈∈⊤∋≻⋈∈⊥∋≻⋈∈⊥∋≻⋈∈⊤∋≻⋈∈⊤∋≻⋈∈⊥∋≻⋈∈⊤∋≻⋈∈⊥∋≻⋈∈⊥∋≻⋈∈⊤∋≻⋈∈⊤∋≻⋈∈⊥∋≻⋈∈⊤∋≻⋈∈⊤∋≻⋈∈⊥∋≻⋈∈⊥∋≻⋈∈⊥∋≻⋈∈⊥∋≻⋈∈⊤∋≻⋈∈⊥∋≻⋈∈⊥∋≻⋈∈⊥∋≻⋈∈⊥∋≻⋈∈⊤∋≻⋈∈⊤∋≻⋈∈⊥∋≻⋈∈⊥∋≻⋈∈⊥∋≻⋈∈⊥∋≻⋈∈⊤∋≻⋈∈⊥∋≻⋈∈⊥∋≻⋈∈⊥∋≻⋈∈⊤∋≻⋈∈⊥∋≻⋈∈⊥∋≻⋈∈⊤∋≻⋈∈⊥∋≻⋈∈⊥∋≻⋈∈⊤∋≻⋈∈⊤∋≻⋈∈⊥∋≻⋈∈⊥∋≻⋈∈⊤∋≻⋈∈⊤∋≻⋈∈⊤∋≻⋈∈⊥∋≻⋈∈⊤∋≻⋈∈⊥∋≻⋈∈⊤∋≻⋈∈⊥∋≻⋈∈⊥∋≻⋈∈⊥∋≻⋈∈⊤∋≻⋈∈⊤∋≻⋈∈⊥∋≻⋈∈⊤∋≻⋈∈⊤∋≻⋈∈⊥∋≻⋈∈⊤∋≻⋈∈⊤∋≻⋈∈⊤∋≻⋈∈⊥∋≻⋈∈⊥∋≻⋈∈⊤∋≻⋈∈⊤∋≻⋈∈⊤∋≻⋈∈⊥∋≻⋈∈⊤∋≻⋈∈⊤∋≻⋈∈⊤∋≻⋈∈⊥∋≻⋈∈⊤∋≻⋈∈⊥∋≻⋈∈⊥∋≻⋈∈⊤∋≻⋈∈⊤∋≻⋈∈⊤∋≻⋈∈⊤∋≻⋈∈⊥∋≻⋈∈⊤∋≻⋈∈⊥∋≻⋈∈⊤∋≻⋈∈⊥∋≻⋈∈⊥∋≻⋈∈⊥∋≻⋈∈⊥∋≻⋈∈⊥∋≻⋈∈⊥∋≻⋈∈⊤∋≻⋈∈⊥∋≻⋈∈⊥∋≻⋈∈⊥∋≻⋈∈⊤∋≻⋈∈⊥∋≻⋈∈⊥∋≻⋈∈⊥∋≻⋈∈⊤∋≻⋈∈⊤∋≻⋈∈⊤∋≻⋈∈⊥∋≻⋈∈⊤∋≻⋈∈⊤∋≻⋈∈⊥∋≻⋈∈⊥∋≻⋈∈⊥∋≻⋈∈⊤∋≻⋈∈⊤∋≻⋈∈⊤∋≻⋈∈⊤∋≻⋈∈⊤∋≻⋈∈⊤∋≻⋈∈⊤∋≻⋈∈⊤∋≻⋈∈⊤∋≻⋈∈⊥∋≻⋈∈⊤∋≻⋈∈⊤∋≻⋈∈⊤∋≻⋈∈⊤∋≻⋈∈⊥∋≻⋈∈⊥∋≻⋈∈⊤∋≻⋈∈⊤∋≻⋈∈⊥∋≻⋈∈⊤∋≻⋈∈⊤∋≻⋈∈⊤∋≻⋈∈⊤∋≻⋈∈⊥∋≻⋈∈⊤∋≻⋈∈⊤∋≻⋈∈⊥∋≻⋈∈⊤∋≻⋈∈⊥∋≻⋈∈⊥∋≻⋈∈⊤∋≻⋈∈⊥∋≻⋈∈⊤∋≻⋈∈⊤∋≻⋈∈⊥∋≻⋈∈⊤∋≻⋈∈⊥∋⊙⊡⊣
native word glyph count = 1044
native ROTAT period = 1044
period equals native word length = true
roundtrip hex-word = true
roundtrip native-word = true
factor source = supplied factor witness
p = 13419294329574030763782528217097
p_bits = 104
p_popcount = 40
q = 19835257260375005453724574658581
q_bits = 104
q_popcount = 56
p dialect register = 111111111111 (non-Mersenne)
q dialect register = 111111111111 (non-Mersenne)
product check = true
popcount sum = 96
popcount delta = 13
binary multiplication nonzero carry-out columns = 195
carry-out positions (0-based) = [12, 13, 14, 15, 16, 17, 18, 19, 20, 21, 22, 23, 24, 25, 26, 27, 28, 29, 30, 31, 32, 33, 34, 35, 36, 37, 38, 39, 40, 41, 42, 43, 44, 45, 46, 47, 48, 49, 50, 51, 52, 53, 54, 55, 56, 57, 58, 59, 60, 61, 62, 63, 64, 65, 66, 67, 68, 69, 70, 71, 72, 73, 74, 75, 76, 77, 78, 79, 80, 81, 82, 83, 84, 85, 86, 87, 88, 89, 90, 91, 92, 93, 94, 95, 96, 97, 98, 99, 100, 101, 102, 103, 104, 105, 106, 107, 108, 109, 110, 111, 112, 113, 114, 115, 116, 117, 118, 119, 120, 121, 122, 123, 124, 125, 126, 127, 128, 129, 130, 131, 132, 133, 134, 135, 136, 137, 138, 139, 140, 141, 142, 143, 144, 145, 146, 147, 148, 149, 150, 151, 152, 153, 154, 155, 156, 157, 158, 159, 160, 161, 162, 163, 164, 165, 166, 167, 168, 169, 170, 171, 172, 173, 174, 175, 176, 177, 178, 179, 180, 181, 182, 183, 184, 185, 186, 187, 188, 189, 190, 191, 192, 193, 194, 195, 196, 197, 198, 199, 200, 201, 202, 203, 204, 205, 206]
sum of carry-out values = 2131
carry identity: popcount(p) * popcount(q) - popcount(N) = 2131
This identity equals the sum of carry-out values; it does not equal the number of nonzero carry columns.

Live g-mOMonadOS trilattice readings:
[N]
[2;37m[boot][0m Interrupts: none — the host owns the IDT, no periodic slot
[2;37m[boot][0m Heap: host allocator, 1850 bytes counted, 48MB declared budget
[2;37m[boot][0m IG Catalog: 8682 entries loaded
[2;37m[boot][0m Kernel online — graph execution, token-arity driven
[2;37m[boot][0m Canonical ordinal check...
[2;37m[boot][0m Ordinal faithfulness: [1;32mall 44 values match Lean canonical[0m
[2;37m[boot][0m Clay Millennium status: 2 closed, 1 one-bump-short, 3 unclosed
[2;37m[boot][0m SIC-POVM d=12: Crystal-forced (dual lattice), Shavian count 49=7², WH group |orbit|=144
[2;37m[boot][0m Frobenius identity check...
[2;37m[boot][0m Frobenius identity: hamming=3, weighted=3.1000 — kernel is grammar operationalized
[2;37m[boot][0m Bootstrap: IMSCRIB→AREV→FSPLIT→AFWD→FFUSE→CLINK→IFIX→IMSCRIB (cyclic)
                       F unitary: PASS
  Pentagon form (F^2=I, anti-diag, a^2+b^2=1): PASS
            Braid relation (Y-B): PASS
                 Spin-statistics: PASS
                       S unitary: PASS
        Charge conjugation S^2=I: PASS
                 TQFT identities: PASS
                Verlinde formula: PASS
              Braid Artin B_n<=8: PASS
  Phase lattice = tenths of a winding: PASS
    Constants derivable from PHI: PASS
[2;37m[boot][0m Fibonacci anyon QC: algebra verified = true
[36m[TORUS][0m kernel wound: ⊢⊙∈⊤⋈∋⊡⊞≺⋈⊣  (11 tokens, pinch=0.0000)
[2;37m[boot][0m Crystal FS: 17280000 addresses
[2;37m[boot][0m 29 total programs (I–XXIX): 12 canonical + 4 continuous + 4 novel + 9 shunted


   [1;35m⊙[0m   [1;37mG-mOMonadOS[0m
   [2;37mGPU-native build, mOMonadOS ported to run via CUDA[0m
   [1;33mμ∘δ = id[0m

   [2;37mFrobenius core · Belnap FOUR · crystal FS · graph execution[0m

   [1;34mhelp[0m for commands, [1;34m?[0m for the menu, Tab completes.

   [1;34mask[0m runs a structural dry-run here; the full wet-run is on the host:
   [2;37m./ask --file <path> | ./ask --ask "…" | ./ask -i[0m

trilattice_factor read 266175155279792434973506259190185380993589458872977057421959357:
  hex-digit word   : ⊢∈≻⋈⊥≺⋈∋⊙⊡⊣⊢⊤≻⋈≺⊞⊙⊡⊣⊢∈≻⋈⊥≺⋈∋⊙⊡⊣⊢≻⋈≺⊞⊙⊡⊣⊢≻⋈⊥≺⊙⊡⊣⊢≻⋈⊥≺⊞⊙⊡⊣⊢⊤≻⋈≺⊙⊡⊣⊢≻⋈≺⊙⊡⊣⊢≻⋈≺⊙⊡⊣⊢⊤≻⋈⊥≺⊞⊙⊡⊣⊢≻⋈⊥≺⊙⊡⊣⊢⊤≻⋈⊥≺⊙⊡⊣⊢∈⊤≻⋈⊥≺⋈∋⊙⊡⊣⊢∈⊤≻⋈⊥≺⋈∋⊙⊡⊣⊢∈⊤≻⋈⊥≺⋈⊞∋⊙⊡⊣⊢⊤≻⋈≺⊞⊙⊡⊣⊢≻⋈≺⊙⊡⊣⊢∈⊤≻⋈≺⋈⊞∋⊙⊡⊣⊢⊤≻⋈≺⊙⊡⊣⊢⊤≻⋈≺⊙⊡⊣⊢∈≻⋈≺⋈∋⊙⊡⊣⊢∈⊤≻⋈≺⋈∋⊙⊡⊣⊢⊤≻⋈⊥≺⊙⊡⊣⊢∈≻⋈⊥≺⋈∋⊙⊡⊣⊢∈≻⋈≺⋈∋⊙⊡⊣⊢∈≻⋈≺⋈⊞∋⊙⊡⊣⊢∈⊤≻⋈≺⋈⊞∋⊙⊡⊣⊢∈⊤≻⋈⊥≺⋈∋⊙⊡⊣⊢∈⊤≻⋈⊥≺⋈∋⊙⊡⊣⊢∈≻⋈≺⋈⊞∋⊙⊡⊣⊢∈⊤≻⋈⊥≺⋈⊞∋⊙⊡⊣⊢⊤≻⋈⊥≺⊞⊙⊡⊣⊢∈⊤≻⋈≺⋈∋⊙⊡⊣⊢⊤≻⋈⊥≺⊙⊡⊣⊢≻⋈≺⊞⊙⊡⊣⊢∈⊤≻⋈≺⋈⊞∋⊙⊡⊣⊢∈≻⋈⊥≺⋈∋⊙⊡⊣⊢∈⊤≻⋈≺⋈⊞∋⊙⊡⊣⊢≻⋈⊥≺⊙⊡⊣⊢∈⊤≻⋈⊥≺⋈∋⊙⊡⊣⊢∈⊤≻⋈≺⋈∋⊙⊡⊣⊢⊤≻⋈⊥≺⊞⊙⊡⊣⊢∈⊤≻⋈⊥≺⋈∋⊙⊡⊣⊢≻⋈⊥≺⊞⊙⊡⊣⊢∈⊤≻⋈⊥≺⋈⊞∋⊙⊡⊣⊢∈≻⋈≺⋈⊞∋⊙⊡⊣⊢∈⊤≻⋈⊥≺⋈∋⊙⊡⊣⊢∈⊤≻⋈⊥≺⋈∋⊙⊡⊣⊢∈≻⋈⊥≺⋈∋⊙⊡⊣⊢≻⋈≺⊙⊡⊣⊢∈⊤≻⋈⊥≺⋈∋⊙⊡⊣⊢∈⊤≻⋈≺⋈⊞∋⊙⊡⊣
  period 533, 328 winding-commit cut(s) over the orbit
  native word      : ⊢≻⋈∈⊥∋≻⋈∈⊤∋≻⋈∈⊥∋≻⋈∈⊥∋≻⋈∈⊥∋≻⋈∈⊥∋≻⋈∈⊤∋≻⋈∈⊥∋≻⋈∈⊤∋≻⋈∈⊤∋≻⋈∈⊤∋≻⋈∈⊤∋≻⋈∈⊤∋≻⋈∈⊥∋≻⋈∈⊤∋≻⋈∈⊥∋≻⋈∈⊥∋≻⋈∈⊥∋≻⋈∈⊤∋≻⋈∈⊥∋≻⋈∈⊥∋≻⋈∈⊥∋≻⋈∈⊤∋≻⋈∈⊥∋≻⋈∈⊤∋≻⋈∈⊤∋≻⋈∈⊥∋≻⋈∈⊥∋≻⋈∈⊥∋≻⋈∈⊥∋≻⋈∈⊥∋≻⋈∈⊥∋≻⋈∈⊤∋≻⋈∈⊥∋≻⋈∈⊥∋≻⋈∈⊤∋≻⋈∈⊥∋≻⋈∈⊥∋≻⋈∈⊤∋≻⋈∈⊥∋≻⋈∈⊥∋≻⋈∈⊥∋≻⋈∈⊥∋≻⋈∈⊤∋≻⋈∈⊥∋≻⋈∈⊤∋≻⋈∈⊤∋≻⋈∈⊥∋≻⋈∈⊥∋≻⋈∈⊥∋≻⋈∈⊤∋≻⋈∈⊥∋≻⋈∈⊤∋≻⋈∈⊥∋≻⋈∈⊤∋≻⋈∈⊤∋≻⋈∈⊥∋≻⋈∈⊤∋≻⋈∈⊥∋≻⋈∈⊥∋≻⋈∈⊤∋≻⋈∈⊥∋≻⋈∈⊤∋≻⋈∈⊥∋≻⋈∈⊥∋≻⋈∈⊤∋≻⋈∈⊥∋≻⋈∈⊥∋≻⋈∈⊤∋≻⋈∈⊤∋≻⋈∈⊥∋≻⋈∈⊤∋≻⋈∈⊥∋≻⋈∈⊥∋≻⋈∈⊤∋≻⋈∈⊤∋≻⋈∈⊥∋≻⋈∈⊤∋≻⋈∈⊤∋≻⋈∈⊥∋≻⋈∈⊥∋≻⋈∈⊥∋≻⋈∈⊥∋≻⋈∈⊤∋≻⋈∈⊥∋≻⋈∈⊥∋≻⋈∈⊥∋≻⋈∈⊥∋≻⋈∈⊤∋≻⋈∈⊤∋≻⋈∈⊥∋≻⋈∈⊥∋≻⋈∈⊥∋≻⋈∈⊥∋≻⋈∈⊤∋≻⋈∈⊥∋≻⋈∈⊥∋≻⋈∈⊥∋≻⋈∈⊤∋≻⋈∈⊥∋≻⋈∈⊥∋≻⋈∈⊤∋≻⋈∈⊥∋≻⋈∈⊥∋≻⋈∈⊤∋≻⋈∈⊤∋≻⋈∈⊥∋≻⋈∈⊥∋≻⋈∈⊤∋≻⋈∈⊤∋≻⋈∈⊤∋≻⋈∈⊥∋≻⋈∈⊤∋≻⋈∈⊥∋≻⋈∈⊤∋≻⋈∈⊥∋≻⋈∈⊥∋≻⋈∈⊥∋≻⋈∈⊤∋≻⋈∈⊤∋≻⋈∈⊥∋≻⋈∈⊤∋≻⋈∈⊤∋≻⋈∈⊥∋≻⋈∈⊤∋≻⋈∈⊤∋≻⋈∈⊤∋≻⋈∈⊥∋≻⋈∈⊥∋≻⋈∈⊤∋≻⋈∈⊤∋≻⋈∈⊤∋≻⋈∈⊥∋≻⋈∈⊤∋≻⋈∈⊤∋≻⋈∈⊤∋≻⋈∈⊥∋≻⋈∈⊤∋≻⋈∈⊥∋≻⋈∈⊥∋≻⋈∈⊤∋≻⋈∈⊤∋≻⋈∈⊤∋≻⋈∈⊤∋≻⋈∈⊥∋≻⋈∈⊤∋≻⋈∈⊥∋≻⋈∈⊤∋≻⋈∈⊥∋≻⋈∈⊥∋≻⋈∈⊥∋≻⋈∈⊥∋≻⋈∈⊥∋≻⋈∈⊥∋≻⋈∈⊤∋≻⋈∈⊥∋≻⋈∈⊥∋≻⋈∈⊥∋≻⋈∈⊤∋≻⋈∈⊥∋≻⋈∈⊥∋≻⋈∈⊥∋≻⋈∈⊤∋≻⋈∈⊤∋≻⋈∈⊤∋≻⋈∈⊥∋≻⋈∈⊤∋≻⋈∈⊤∋≻⋈∈⊥∋≻⋈∈⊥∋≻⋈∈⊥∋≻⋈∈⊤∋≻⋈∈⊤∋≻⋈∈⊤∋≻⋈∈⊤∋≻⋈∈⊤∋≻⋈∈⊤∋≻⋈∈⊤∋≻⋈∈⊤∋≻⋈∈⊤∋≻⋈∈⊥∋≻⋈∈⊤∋≻⋈∈⊤∋≻⋈∈⊤∋≻⋈∈⊤∋≻⋈∈⊥∋≻⋈∈⊥∋≻⋈∈⊤∋≻⋈∈⊤∋≻⋈∈⊥∋≻⋈∈⊤∋≻⋈∈⊤∋≻⋈∈⊤∋≻⋈∈⊤∋≻⋈∈⊥∋≻⋈∈⊤∋≻⋈∈⊤∋≻⋈∈⊥∋≻⋈∈⊤∋≻⋈∈⊥∋≻⋈∈⊥∋≻⋈∈⊤∋≻⋈∈⊥∋≻⋈∈⊤∋≻⋈∈⊤∋≻⋈∈⊥∋≻⋈∈⊤∋≻⋈∈⊥∋⊙⊡⊣
  dialect register : 111111111111  (U[9, 25, 32, 35, 40, 43, 52, 54, 66, 72, 76, 83])
  crystal identity : 19777070493544798805922769265432730928748012459911574830090093954191936896128668938308574231557029604171914096850191614976449252169865381423775297361913101157340020725944162935082402069540304193011800892670471919341085210958864972121137985818889025936774914065091320839437435058746470416842603688332200076884161513889728291941821786814924192667044204061971295622804538417745602 (digit-type tensor, injective in n)
  type hash        : 16389838 of 17280000 (coarse single-cell fold)
Halting. μ∘δ=id.
[SHUTDOWN] μ∘δ=id. Goodbye.
[p]
[2;37m[boot][0m Interrupts: none — the host owns the IDT, no periodic slot
[2;37m[boot][0m Heap: host allocator, 1788 bytes counted, 48MB declared budget
[2;37m[boot][0m IG Catalog: 8682 entries loaded
[2;37m[boot][0m Kernel online — graph execution, token-arity driven
[2;37m[boot][0m Canonical ordinal check...
[2;37m[boot][0m Ordinal faithfulness: [1;32mall 44 values match Lean canonical[0m
[2;37m[boot][0m Clay Millennium status: 2 closed, 1 one-bump-short, 3 unclosed
[2;37m[boot][0m SIC-POVM d=12: Crystal-forced (dual lattice), Shavian count 49=7², WH group |orbit|=144
[2;37m[boot][0m Frobenius identity check...
[2;37m[boot][0m Frobenius identity: hamming=3, weighted=3.1000 — kernel is grammar operationalized
[2;37m[boot][0m Bootstrap: IMSCRIB→AREV→FSPLIT→AFWD→FFUSE→CLINK→IFIX→IMSCRIB (cyclic)
                       F unitary: PASS
  Pentagon form (F^2=I, anti-diag, a^2+b^2=1): PASS
            Braid relation (Y-B): PASS
                 Spin-statistics: PASS
                       S unitary: PASS
        Charge conjugation S^2=I: PASS
                 TQFT identities: PASS
                Verlinde formula: PASS
              Braid Artin B_n<=8: PASS
  Phase lattice = tenths of a winding: PASS
    Constants derivable from PHI: PASS
[2;37m[boot][0m Fibonacci anyon QC: algebra verified = true
[36m[TORUS][0m kernel wound: ⊢⊙∈⊤⋈∋⊡⊞≺⋈⊣  (11 tokens, pinch=0.0000)
[2;37m[boot][0m Crystal FS: 17280000 addresses
[2;37m[boot][0m 29 total programs (I–XXIX): 12 canonical + 4 continuous + 4 novel + 9 shunted


   [1;35m⊙[0m   [1;37mG-mOMonadOS[0m
   [2;37mGPU-native build, mOMonadOS ported to run via CUDA[0m
   [1;33mμ∘δ = id[0m

   [2;37mFrobenius core · Belnap FOUR · crystal FS · graph execution[0m

   [1;34mhelp[0m for commands, [1;34m?[0m for the menu, Tab completes.

   [1;34mask[0m runs a structural dry-run here; the full wet-run is on the host:
   [2;37m./ask --file <path> | ./ask --ask "…" | ./ask -i[0m

trilattice_factor read 13419294329574030763782528217097:
  hex-digit word   : ⊢∈≻⋈⊥≺⋈∋⊙⊡⊣⊢∈⊤≻⋈≺⋈∋⊙⊡⊣⊢≻⋈⊥≺⊞⊙⊡⊣⊢≻⋈≺⊙⊡⊣⊢⊤≻⋈≺⊙⊡⊣⊢≻⋈≺⊞⊙⊡⊣⊢⊤≻⋈≺⊙⊡⊣⊢∈≻⋈⊥≺⋈∋⊙⊡⊣⊢∈≻⋈≺⋈∋⊙⊡⊣⊢⊤≻⋈⊥≺⊙⊡⊣⊢⊤≻⋈≺⊞⊙⊡⊣⊢≻⋈≺⊞⊙⊡⊣⊢≻⋈⊥≺⊙⊡⊣⊢∈≻⋈≺⋈∋⊙⊡⊣⊢∈⊤≻⋈≺⋈∋⊙⊡⊣⊢⊤≻⋈⊥≺⊞⊙⊡⊣⊢⊤≻⋈≺⊙⊡⊣⊢⊤≻⋈⊥≺⊞⊙⊡⊣⊢∈⊤≻⋈≺⋈∋⊙⊡⊣⊢⊤≻⋈≺⊞⊙⊡⊣⊢≻⋈⊥≺⊞⊙⊡⊣⊢≻⋈⊥≺⊙⊡⊣⊢∈⊤≻⋈⊥≺⋈∋⊙⊡⊣⊢≻⋈≺⊙⊡⊣⊢≻⋈≺⊙⊡⊣⊢∈⊤≻⋈≺⋈∋⊙⊡⊣
  period 240, 175 winding-commit cut(s) over the orbit
  native word      : ⊢≻⋈∈⊥∋≻⋈∈⊤∋≻⋈∈⊤∋≻⋈∈⊥∋≻⋈∈⊤∋≻⋈∈⊤∋≻⋈∈⊤∋≻⋈∈⊤∋≻⋈∈⊤∋≻⋈∈⊤∋≻⋈∈⊤∋≻⋈∈⊤∋≻⋈∈⊥∋≻⋈∈⊥∋≻⋈∈⊤∋≻⋈∈⊥∋≻⋈∈⊤∋≻⋈∈⊥∋≻⋈∈⊤∋≻⋈∈⊤∋≻⋈∈⊤∋≻⋈∈⊥∋≻⋈∈⊥∋≻⋈∈⊤∋≻⋈∈⊥∋≻⋈∈⊤∋≻⋈∈⊥∋≻⋈∈⊤∋≻⋈∈⊥∋≻⋈∈⊤∋≻⋈∈⊤∋≻⋈∈⊥∋≻⋈∈⊥∋≻⋈∈⊥∋≻⋈∈⊥∋≻⋈∈⊤∋≻⋈∈⊥∋≻⋈∈⊤∋≻⋈∈⊤∋≻⋈∈⊤∋≻⋈∈⊥∋≻⋈∈⊥∋≻⋈∈⊥∋≻⋈∈⊤∋≻⋈∈⊥∋≻⋈∈⊤∋≻⋈∈⊤∋≻⋈∈⊥∋≻⋈∈⊤∋≻⋈∈⊤∋≻⋈∈⊤∋≻⋈∈⊥∋≻⋈∈⊤∋≻⋈∈⊥∋≻⋈∈⊤∋≻⋈∈⊤∋≻⋈∈⊤∋≻⋈∈⊤∋≻⋈∈⊥∋≻⋈∈⊤∋≻⋈∈⊥∋≻⋈∈⊤∋≻⋈∈⊥∋≻⋈∈⊤∋≻⋈∈⊥∋≻⋈∈⊥∋≻⋈∈⊤∋≻⋈∈⊤∋≻⋈∈⊤∋≻⋈∈⊤∋≻⋈∈⊤∋≻⋈∈⊥∋≻⋈∈⊤∋≻⋈∈⊥∋≻⋈∈⊤∋≻⋈∈⊥∋≻⋈∈⊥∋≻⋈∈⊤∋≻⋈∈⊤∋≻⋈∈⊤∋≻⋈∈⊤∋≻⋈∈⊤∋≻⋈∈⊥∋≻⋈∈⊤∋≻⋈∈⊥∋≻⋈∈⊤∋≻⋈∈⊤∋≻⋈∈⊤∋≻⋈∈⊤∋≻⋈∈⊤∋≻⋈∈⊤∋≻⋈∈⊤∋≻⋈∈⊤∋≻⋈∈⊥∋≻⋈∈⊥∋≻⋈∈⊤∋≻⋈∈⊥∋≻⋈∈⊤∋≻⋈∈⊤∋≻⋈∈⊥∋≻⋈∈⊤∋≻⋈∈⊥∋≻⋈∈⊤∋≻⋈∈⊥∋⊙⊡⊣
  dialect register : 111111111111  (U[9, 25, 32, 35, 40, 43, 52, 54, 66, 72, 76, 83])
  crystal identity : 131833192706688208161691015429728650604126182673510971623713577837734435595119866763153187484372275944505060035017487441477468315985455995637582758194030245017990100591180371559499233919981 (digit-type tensor, injective in n)
  type hash        : 16389838 of 17280000 (coarse single-cell fold)
Halting. μ∘δ=id.
[SHUTDOWN] μ∘δ=id. Goodbye.
[q]
[2;37m[boot][0m Interrupts: none — the host owns the IDT, no periodic slot
[2;37m[boot][0m Heap: host allocator, 1788 bytes counted, 48MB declared budget
[2;37m[boot][0m IG Catalog: 8682 entries loaded
[2;37m[boot][0m Kernel online — graph execution, token-arity driven
[2;37m[boot][0m Canonical ordinal check...
[2;37m[boot][0m Ordinal faithfulness: [1;32mall 44 values match Lean canonical[0m
[2;37m[boot][0m Clay Millennium status: 2 closed, 1 one-bump-short, 3 unclosed
[2;37m[boot][0m SIC-POVM d=12: Crystal-forced (dual lattice), Shavian count 49=7², WH group |orbit|=144
[2;37m[boot][0m Frobenius identity check...
[2;37m[boot][0m Frobenius identity: hamming=3, weighted=3.1000 — kernel is grammar operationalized
[2;37m[boot][0m Bootstrap: IMSCRIB→AREV→FSPLIT→AFWD→FFUSE→CLINK→IFIX→IMSCRIB (cyclic)
                       F unitary: PASS
  Pentagon form (F^2=I, anti-diag, a^2+b^2=1): PASS
            Braid relation (Y-B): PASS
                 Spin-statistics: PASS
                       S unitary: PASS
        Charge conjugation S^2=I: PASS
                 TQFT identities: PASS
                Verlinde formula: PASS
              Braid Artin B_n<=8: PASS
  Phase lattice = tenths of a winding: PASS
    Constants derivable from PHI: PASS
[2;37m[boot][0m Fibonacci anyon QC: algebra verified = true
[36m[TORUS][0m kernel wound: ⊢⊙∈⊤⋈∋⊡⊞≺⋈⊣  (11 tokens, pinch=0.0000)
[2;37m[boot][0m Crystal FS: 17280000 addresses
[2;37m[boot][0m 29 total programs (I–XXIX): 12 canonical + 4 continuous + 4 novel + 9 shunted


   [1;35m⊙[0m   [1;37mG-mOMonadOS[0m
   [2;37mGPU-native build, mOMonadOS ported to run via CUDA[0m
   [1;33mμ∘δ = id[0m

   [2;37mFrobenius core · Belnap FOUR · crystal FS · graph execution[0m

   [1;34mhelp[0m for commands, [1;34m?[0m for the menu, Tab completes.

   [1;34mask[0m runs a structural dry-run here; the full wet-run is on the host:
   [2;37m./ask --file <path> | ./ask --ask "…" | ./ask -i[0m

trilattice_factor read 19835257260375005453724574658581:
  hex-digit word   : ⊢∈⊤≻⋈⊥≺⋈⊞∋⊙⊡⊣⊢∈≻⋈⊥≺⋈∋⊙⊡⊣⊢⊤≻⋈≺⊞⊙⊡⊣⊢∈⊤≻⋈⊥≺⋈∋⊙⊡⊣⊢≻⋈⊥≺⊙⊡⊣⊢∈≻⋈≺⋈⊞∋⊙⊡⊣⊢≻⋈≺⊞⊙⊡⊣⊢≻⋈≺⊙⊡⊣⊢⊤≻⋈⊥≺⊙⊡⊣⊢⊤≻⋈⊥≺⊙⊡⊣⊢⊤≻⋈≺⊞⊙⊡⊣⊢∈⊤≻⋈⊥≺⋈⊞∋⊙⊡⊣⊢≻⋈⊥≺⊞⊙⊡⊣⊢∈⊤≻⋈⊥≺⋈⊞∋⊙⊡⊣⊢≻⋈⊥≺⊙⊡⊣⊢⊤≻⋈⊥≺⊞⊙⊡⊣⊢∈⊤≻⋈≺⋈⊞∋⊙⊡⊣⊢∈≻⋈≺⋈⊞∋⊙⊡⊣⊢∈⊤≻⋈≺⋈∋⊙⊡⊣⊢∈≻⋈⊥≺⋈∋⊙⊡⊣⊢∈⊤≻⋈⊥≺⋈⊞∋⊙⊡⊣⊢⊤≻⋈≺⊞⊙⊡⊣⊢∈⊤≻⋈⊥≺⋈∋⊙⊡⊣⊢≻⋈≺⊙⊡⊣⊢⊤≻⋈≺⊙⊡⊣⊢⊤≻⋈≺⊞⊙⊡⊣
  period 262, 136 winding-commit cut(s) over the orbit
  native word      : ⊢≻⋈∈⊥∋≻⋈∈⊤∋≻⋈∈⊥∋≻⋈∈⊤∋≻⋈∈⊥∋≻⋈∈⊤∋≻⋈∈⊤∋≻⋈∈⊤∋≻⋈∈⊤∋≻⋈∈⊤∋≻⋈∈⊤∋≻⋈∈⊤∋≻⋈∈⊥∋≻⋈∈⊥∋≻⋈∈⊤∋≻⋈∈⊥∋≻⋈∈⊥∋≻⋈∈⊤∋≻⋈∈⊥∋≻⋈∈⊤∋≻⋈∈⊥∋≻⋈∈⊥∋≻⋈∈⊥∋≻⋈∈⊥∋≻⋈∈⊤∋≻⋈∈⊥∋≻⋈∈⊤∋≻⋈∈⊥∋≻⋈∈⊥∋≻⋈∈⊤∋≻⋈∈⊤∋≻⋈∈⊥∋≻⋈∈⊤∋≻⋈∈⊤∋≻⋈∈⊥∋≻⋈∈⊥∋≻⋈∈⊥∋≻⋈∈⊤∋≻⋈∈⊥∋≻⋈∈⊥∋≻⋈∈⊥∋≻⋈∈⊥∋≻⋈∈⊥∋≻⋈∈⊤∋≻⋈∈⊤∋≻⋈∈⊥∋≻⋈∈⊤∋≻⋈∈⊤∋≻⋈∈⊥∋≻⋈∈⊥∋≻⋈∈⊥∋≻⋈∈⊥∋≻⋈∈⊤∋≻⋈∈⊥∋≻⋈∈⊥∋≻⋈∈⊤∋≻⋈∈⊥∋≻⋈∈⊥∋≻⋈∈⊥∋≻⋈∈⊥∋≻⋈∈⊥∋≻⋈∈⊤∋≻⋈∈⊥∋≻⋈∈⊤∋≻⋈∈⊥∋≻⋈∈⊥∋≻⋈∈⊤∋≻⋈∈⊤∋≻⋈∈⊥∋≻⋈∈⊥∋≻⋈∈⊤∋≻⋈∈⊤∋≻⋈∈⊤∋≻⋈∈⊤∋≻⋈∈⊤∋≻⋈∈⊤∋≻⋈∈⊤∋≻⋈∈⊤∋≻⋈∈⊥∋≻⋈∈⊤∋≻⋈∈⊤∋≻⋈∈⊤∋≻⋈∈⊥∋≻⋈∈⊥∋≻⋈∈⊤∋≻⋈∈⊥∋≻⋈∈⊤∋≻⋈∈⊤∋≻⋈∈⊥∋≻⋈∈⊥∋≻⋈∈⊤∋≻⋈∈⊥∋≻⋈∈⊥∋≻⋈∈⊤∋≻⋈∈⊥∋≻⋈∈⊤∋≻⋈∈⊤∋≻⋈∈⊥∋≻⋈∈⊤∋≻⋈∈⊥∋≻⋈∈⊥∋≻⋈∈⊥∋≻⋈∈⊥∋≻⋈∈⊥∋⊙⊡⊣
  dialect register : 111111111111  (U[9, 25, 32, 35, 40, 43, 52, 54, 66, 72, 76, 83])
  crystal identity : 131958416446369847707867895981340747140482033437261396318888344090342418094268355696927881525087922124843658519360082771541438244431181619418095991966114816565967383612226131492808127985577 (digit-type tensor, injective in n)
  type hash        : 16389838 of 17280000 (coarse single-cell fold)
Halting. μ∘δ=id.
[SHUTDOWN] μ∘δ=id. Goodbye.
Candidate-pair membrane checks:
  p and q dialect registers equal N: true
  p and q coarse type hashes equal N: true
  period residual N - p - q: 31
  cut residual p + q - N: -17
