N = 271690685666312585018220346622515128917
hex = cc65b903c1ec8a3fdc4684a27b20aa55
bitlength = 128
popcount = 60
shift-faithful domain = odd, non-Mersenne integers greater than one
dialect register = 111111111111 (non-Mersenne)
hex-digit word = ⊢∈≻⋈≺⋈⊞∋⊙⊡⊣⊢∈≻⋈≺⋈⊞∋⊙⊡⊣⊢≻⋈⊥≺⊞⊙⊡⊣⊢⊤≻⋈≺⊞⊙⊡⊣⊢∈⊤≻⋈⊥≺⋈∋⊙⊡⊣⊢∈⊤≻⋈≺⋈∋⊙⊡⊣⊢≻⋈≺⊙⊡⊣⊢⊤≻⋈⊥≺⊙⊡⊣⊢∈≻⋈≺⋈⊞∋⊙⊡⊣⊢⊤≻⋈≺⊙⊡⊣⊢∈≻⋈⊥≺⋈⊞∋⊙⊡⊣⊢∈≻⋈≺⋈⊞∋⊙⊡⊣⊢∈≻⋈≺⋈∋⊙⊡⊣⊢∈≻⋈⊥≺⋈∋⊙⊡⊣⊢⊤≻⋈⊥≺⊙⊡⊣⊢∈⊤≻⋈⊥≺⋈⊞∋⊙⊡⊣⊢∈⊤≻⋈≺⋈⊞∋⊙⊡⊣⊢∈≻⋈≺⋈⊞∋⊙⊡⊣⊢≻⋈≺⊞⊙⊡⊣⊢≻⋈⊥≺⊞⊙⊡⊣⊢∈≻⋈≺⋈∋⊙⊡⊣⊢≻⋈≺⊞⊙⊡⊣⊢∈≻⋈⊥≺⋈∋⊙⊡⊣⊢≻⋈⊥≺⊙⊡⊣⊢⊤≻⋈⊥≺⊞⊙⊡⊣⊢∈⊤≻⋈⊥≺⋈∋⊙⊡⊣⊢≻⋈⊥≺⊙⊡⊣⊢≻⋈≺⊙⊡⊣⊢∈≻⋈⊥≺⋈∋⊙⊡⊣⊢∈≻⋈⊥≺⋈∋⊙⊡⊣⊢⊤≻⋈≺⊞⊙⊡⊣⊢⊤≻⋈≺⊞⊙⊡⊣
native word = ⊢≻⋈∈⊥∋≻⋈∈⊤∋≻⋈∈⊥∋≻⋈∈⊤∋≻⋈∈⊥∋≻⋈∈⊤∋≻⋈∈⊥∋≻⋈∈⊤∋≻⋈∈⊤∋≻⋈∈⊥∋≻⋈∈⊤∋≻⋈∈⊥∋≻⋈∈⊤∋≻⋈∈⊥∋≻⋈∈⊤∋≻⋈∈⊥∋≻⋈∈⊤∋≻⋈∈⊤∋≻⋈∈⊤∋≻⋈∈⊤∋≻⋈∈⊤∋≻⋈∈⊥∋≻⋈∈⊤∋≻⋈∈⊤∋≻⋈∈⊥∋≻⋈∈⊥∋≻⋈∈⊤∋≻⋈∈⊥∋≻⋈∈⊥∋≻⋈∈⊥∋≻⋈∈⊥∋≻⋈∈⊤∋≻⋈∈⊤∋≻⋈∈⊥∋≻⋈∈⊤∋≻⋈∈⊤∋≻⋈∈⊤∋≻⋈∈⊥∋≻⋈∈⊤∋≻⋈∈⊥∋≻⋈∈⊤∋≻⋈∈⊤∋≻⋈∈⊥∋≻⋈∈⊤∋≻⋈∈⊤∋≻⋈∈⊤∋≻⋈∈⊤∋≻⋈∈⊥∋≻⋈∈⊤∋≻⋈∈⊥∋≻⋈∈⊥∋≻⋈∈⊤∋≻⋈∈⊤∋≻⋈∈⊤∋≻⋈∈⊥∋≻⋈∈⊤∋≻⋈∈⊤∋≻⋈∈⊤∋≻⋈∈⊥∋≻⋈∈⊥∋≻⋈∈⊥∋≻⋈∈⊤∋≻⋈∈⊥∋≻⋈∈⊥∋≻⋈∈⊥∋≻⋈∈⊥∋≻⋈∈⊥∋≻⋈∈⊥∋≻⋈∈⊥∋≻⋈∈⊥∋≻⋈∈⊤∋≻⋈∈⊤∋≻⋈∈⊤∋≻⋈∈⊥∋≻⋈∈⊤∋≻⋈∈⊥∋≻⋈∈⊤∋≻⋈∈⊤∋≻⋈∈⊤∋≻⋈∈⊥∋≻⋈∈⊤∋≻⋈∈⊤∋≻⋈∈⊥∋≻⋈∈⊥∋≻⋈∈⊤∋≻⋈∈⊥∋≻⋈∈⊥∋≻⋈∈⊥∋≻⋈∈⊥∋≻⋈∈⊤∋≻⋈∈⊤∋≻⋈∈⊤∋≻⋈∈⊤∋≻⋈∈⊤∋≻⋈∈⊥∋≻⋈∈⊥∋≻⋈∈⊥∋≻⋈∈⊥∋≻⋈∈⊤∋≻⋈∈⊤∋≻⋈∈⊤∋≻⋈∈⊤∋≻⋈∈⊤∋≻⋈∈⊤∋≻⋈∈⊥∋≻⋈∈⊤∋≻⋈∈⊤∋≻⋈∈⊥∋≻⋈∈⊥∋≻⋈∈⊥∋≻⋈∈⊤∋≻⋈∈⊥∋≻⋈∈⊥∋≻⋈∈⊤∋≻⋈∈⊥∋≻⋈∈⊤∋≻⋈∈⊤∋≻⋈∈⊥∋≻⋈∈⊥∋≻⋈∈⊤∋≻⋈∈⊤∋≻⋈∈⊤∋≻⋈∈⊥∋≻⋈∈⊥∋≻⋈∈⊤∋≻⋈∈⊤∋≻⋈∈⊥∋≻⋈∈⊥∋⊙⊡⊣
native word glyph count = 644
native ROTAT period = 644
period equals native word length = true
roundtrip hex-word = true
roundtrip native-word = true
factor source = supplied factor witness
p = 15726440087894854657
p_bits = 64
p_popcount = 30
q = 17276044937559748181
q_bits = 64
q_popcount = 38
p dialect register = 111111111111 (non-Mersenne)
q dialect register = 111111111111 (non-Mersenne)
product check = true
popcount sum = 68
popcount delta = -8
binary multiplication nonzero carry-out columns = 117
carry-out positions (0-based) = [10, 11, 12, 13, 14, 15, 16, 17, 18, 19, 20, 21, 22, 23, 24, 25, 26, 27, 28, 29, 30, 31, 32, 33, 34, 35, 36, 37, 38, 39, 40, 41, 42, 43, 44, 45, 46, 47, 48, 49, 50, 51, 52, 53, 54, 55, 56, 57, 58, 59, 60, 61, 62, 63, 64, 65, 66, 67, 68, 69, 70, 71, 72, 73, 74, 75, 76, 77, 78, 79, 80, 81, 82, 83, 84, 85, 86, 87, 88, 89, 90, 91, 92, 93, 94, 95, 96, 97, 98, 99, 100, 101, 102, 103, 104, 105, 106, 107, 108, 109, 110, 111, 112, 113, 114, 115, 116, 117, 118, 119, 120, 121, 122, 123, 124, 125, 126]
sum of carry-out values = 1080
carry identity: popcount(p) * popcount(q) - popcount(N) = 1080
This identity equals the sum of carry-out values; it does not equal the number of nonzero carry columns.

Live g-mOMonadOS trilattice readings:
[N]
[2;37m[boot][0m Interrupts: none — the host owns the IDT, no periodic slot
[2;37m[boot][0m Heap: host allocator, 1802 bytes counted, 48MB declared budget
[2;37m[boot][0m IG Catalog: 8682 entries loaded
[2;37m[boot][0m Kernel online — graph execution, token-arity driven
[2;37m[boot][0m Canonical ordinal check...
[2;37m[boot][0m Ordinal faithfulness: [1;32mall 44 values match Lean canonical[0m
[2;37m[boot][0m Clay Millennium status: 2 closed, 1 one-bump-short, 3 unclosed
[2;37m[boot][0m SIC-POVM d=12: Crystal-forced (dual lattice), Shavian count 49=7², WH group |orbit|=144
[2;37m[boot][0m Frobenius identity check...
[2;37m[boot][0m Frobenius identity: hamming=3, weighted=3.1000 — kernel is grammar operationalized
[2;37m[boot][0m Bootstrap: IMSCRIB→AREV→FSPLIT→AFWD→FFUSE→CLINK→IFIX→IMSCRIB (cyclic)
                       F unitary: PASS
  Pentagon form (F^2=I, anti-diag, a^2+b^2=1): PASS
            Braid relation (Y-B): PASS
                 Spin-statistics: PASS
                       S unitary: PASS
        Charge conjugation S^2=I: PASS
                 TQFT identities: PASS
                Verlinde formula: PASS
              Braid Artin B_n<=8: PASS
  Phase lattice = tenths of a winding: PASS
    Constants derivable from PHI: PASS
[2;37m[boot][0m Fibonacci anyon QC: algebra verified = true
[36m[TORUS][0m kernel wound: ⊢⊙∈⊤⋈∋⊡⊞≺⋈⊣  (11 tokens, pinch=0.0000)
[2;37m[boot][0m Crystal FS: 17280000 addresses
[2;37m[boot][0m 29 total programs (I–XXIX): 12 canonical + 4 continuous + 4 novel + 9 shunted


   [1;35m⊙[0m   [1;37mG-mOMonadOS[0m
   [2;37mGPU-native build, mOMonadOS ported to run via CUDA[0m
   [1;33mμ∘δ = id[0m

   [2;37mFrobenius core · Belnap FOUR · crystal FS · graph execution[0m

   [1;34mhelp[0m for commands, [1;34m?[0m for the menu, Tab completes.

   [1;34mask[0m runs a structural dry-run here; the full wet-run is on the host:
   [2;37m./ask --file <path> | ./ask --ask "…" | ./ask -i[0m

trilattice_factor read 271690685666312585018220346622515128917:
  hex-digit word   : ⊢∈≻⋈≺⋈⊞∋⊙⊡⊣⊢∈≻⋈≺⋈⊞∋⊙⊡⊣⊢≻⋈⊥≺⊞⊙⊡⊣⊢⊤≻⋈≺⊞⊙⊡⊣⊢∈⊤≻⋈⊥≺⋈∋⊙⊡⊣⊢∈⊤≻⋈≺⋈∋⊙⊡⊣⊢≻⋈≺⊙⊡⊣⊢⊤≻⋈⊥≺⊙⊡⊣⊢∈≻⋈≺⋈⊞∋⊙⊡⊣⊢⊤≻⋈≺⊙⊡⊣⊢∈≻⋈⊥≺⋈⊞∋⊙⊡⊣⊢∈≻⋈≺⋈⊞∋⊙⊡⊣⊢∈≻⋈≺⋈∋⊙⊡⊣⊢∈≻⋈⊥≺⋈∋⊙⊡⊣⊢⊤≻⋈⊥≺⊙⊡⊣⊢∈⊤≻⋈⊥≺⋈⊞∋⊙⊡⊣⊢∈⊤≻⋈≺⋈⊞∋⊙⊡⊣⊢∈≻⋈≺⋈⊞∋⊙⊡⊣⊢≻⋈≺⊞⊙⊡⊣⊢≻⋈⊥≺⊞⊙⊡⊣⊢∈≻⋈≺⋈∋⊙⊡⊣⊢≻⋈≺⊞⊙⊡⊣⊢∈≻⋈⊥≺⋈∋⊙⊡⊣⊢≻⋈⊥≺⊙⊡⊣⊢⊤≻⋈⊥≺⊞⊙⊡⊣⊢∈⊤≻⋈⊥≺⋈∋⊙⊡⊣⊢≻⋈⊥≺⊙⊡⊣⊢≻⋈≺⊙⊡⊣⊢∈≻⋈⊥≺⋈∋⊙⊡⊣⊢∈≻⋈⊥≺⋈∋⊙⊡⊣⊢⊤≻⋈≺⊞⊙⊡⊣⊢⊤≻⋈≺⊞⊙⊡⊣
  period 318, 177 winding-commit cut(s) over the orbit
  native word      : ⊢≻⋈∈⊥∋≻⋈∈⊤∋≻⋈∈⊥∋≻⋈∈⊤∋≻⋈∈⊥∋≻⋈∈⊤∋≻⋈∈⊥∋≻⋈∈⊤∋≻⋈∈⊤∋≻⋈∈⊥∋≻⋈∈⊤∋≻⋈∈⊥∋≻⋈∈⊤∋≻⋈∈⊥∋≻⋈∈⊤∋≻⋈∈⊥∋≻⋈∈⊤∋≻⋈∈⊤∋≻⋈∈⊤∋≻⋈∈⊤∋≻⋈∈⊤∋≻⋈∈⊥∋≻⋈∈⊤∋≻⋈∈⊤∋≻⋈∈⊥∋≻⋈∈⊥∋≻⋈∈⊤∋≻⋈∈⊥∋≻⋈∈⊥∋≻⋈∈⊥∋≻⋈∈⊥∋≻⋈∈⊤∋≻⋈∈⊤∋≻⋈∈⊥∋≻⋈∈⊤∋≻⋈∈⊤∋≻⋈∈⊤∋≻⋈∈⊥∋≻⋈∈⊤∋≻⋈∈⊥∋≻⋈∈⊤∋≻⋈∈⊤∋≻⋈∈⊥∋≻⋈∈⊤∋≻⋈∈⊤∋≻⋈∈⊤∋≻⋈∈⊤∋≻⋈∈⊥∋≻⋈∈⊤∋≻⋈∈⊥∋≻⋈∈⊥∋≻⋈∈⊤∋≻⋈∈⊤∋≻⋈∈⊤∋≻⋈∈⊥∋≻⋈∈⊤∋≻⋈∈⊤∋≻⋈∈⊤∋≻⋈∈⊥∋≻⋈∈⊥∋≻⋈∈⊥∋≻⋈∈⊤∋≻⋈∈⊥∋≻⋈∈⊥∋≻⋈∈⊥∋≻⋈∈⊥∋≻⋈∈⊥∋≻⋈∈⊥∋≻⋈∈⊥∋≻⋈∈⊥∋≻⋈∈⊤∋≻⋈∈⊤∋≻⋈∈⊤∋≻⋈∈⊥∋≻⋈∈⊤∋≻⋈∈⊥∋≻⋈∈⊤∋≻⋈∈⊤∋≻⋈∈⊤∋≻⋈∈⊥∋≻⋈∈⊤∋≻⋈∈⊤∋≻⋈∈⊥∋≻⋈∈⊥∋≻⋈∈⊤∋≻⋈∈⊥∋≻⋈∈⊥∋≻⋈∈⊥∋≻⋈∈⊥∋≻⋈∈⊤∋≻⋈∈⊤∋≻⋈∈⊤∋≻⋈∈⊤∋≻⋈∈⊤∋≻⋈∈⊥∋≻⋈∈⊥∋≻⋈∈⊥∋≻⋈∈⊥∋≻⋈∈⊤∋≻⋈∈⊤∋≻⋈∈⊤∋≻⋈∈⊤∋≻⋈∈⊤∋≻⋈∈⊤∋≻⋈∈⊥∋≻⋈∈⊤∋≻⋈∈⊤∋≻⋈∈⊥∋≻⋈∈⊥∋≻⋈∈⊥∋≻⋈∈⊤∋≻⋈∈⊥∋≻⋈∈⊥∋≻⋈∈⊤∋≻⋈∈⊥∋≻⋈∈⊤∋≻⋈∈⊤∋≻⋈∈⊥∋≻⋈∈⊥∋≻⋈∈⊤∋≻⋈∈⊤∋≻⋈∈⊤∋≻⋈∈⊥∋≻⋈∈⊥∋≻⋈∈⊤∋≻⋈∈⊤∋≻⋈∈⊥∋≻⋈∈⊥∋⊙⊡⊣
  dialect register : 111111111111  (U[9, 25, 32, 35, 40, 43, 52, 54, 66, 72, 76, 83])
  crystal identity : 3513173131592263115714437133839911305447576656157942114173722488656465367424529773131693889746864863190891710629692138450945826848221095386241762479679343521158999541876426408180099312707505264302684862797471822482852287033981425577 (digit-type tensor, injective in n)
  type hash        : 16389838 of 17280000 (coarse single-cell fold)
Halting. μ∘δ=id.
[SHUTDOWN] μ∘δ=id. Goodbye.
[p]
[2;37m[boot][0m Interrupts: none — the host owns the IDT, no periodic slot
[2;37m[boot][0m Heap: host allocator, 1764 bytes counted, 48MB declared budget
[2;37m[boot][0m IG Catalog: 8682 entries loaded
[2;37m[boot][0m Kernel online — graph execution, token-arity driven
[2;37m[boot][0m Canonical ordinal check...
[2;37m[boot][0m Ordinal faithfulness: [1;32mall 44 values match Lean canonical[0m
[2;37m[boot][0m Clay Millennium status: 2 closed, 1 one-bump-short, 3 unclosed
[2;37m[boot][0m SIC-POVM d=12: Crystal-forced (dual lattice), Shavian count 49=7², WH group |orbit|=144
[2;37m[boot][0m Frobenius identity check...
[2;37m[boot][0m Frobenius identity: hamming=3, weighted=3.1000 — kernel is grammar operationalized
[2;37m[boot][0m Bootstrap: IMSCRIB→AREV→FSPLIT→AFWD→FFUSE→CLINK→IFIX→IMSCRIB (cyclic)
                       F unitary: PASS
  Pentagon form (F^2=I, anti-diag, a^2+b^2=1): PASS
            Braid relation (Y-B): PASS
                 Spin-statistics: PASS
                       S unitary: PASS
        Charge conjugation S^2=I: PASS
                 TQFT identities: PASS
                Verlinde formula: PASS
              Braid Artin B_n<=8: PASS
  Phase lattice = tenths of a winding: PASS
    Constants derivable from PHI: PASS
[2;37m[boot][0m Fibonacci anyon QC: algebra verified = true
[36m[TORUS][0m kernel wound: ⊢⊙∈⊤⋈∋⊡⊞≺⋈⊣  (11 tokens, pinch=0.0000)
[2;37m[boot][0m Crystal FS: 17280000 addresses
[2;37m[boot][0m 29 total programs (I–XXIX): 12 canonical + 4 continuous + 4 novel + 9 shunted


   [1;35m⊙[0m   [1;37mG-mOMonadOS[0m
   [2;37mGPU-native build, mOMonadOS ported to run via CUDA[0m
   [1;33mμ∘δ = id[0m

   [2;37mFrobenius core · Belnap FOUR · crystal FS · graph execution[0m

   [1;34mhelp[0m for commands, [1;34m?[0m for the menu, Tab completes.

   [1;34mask[0m runs a structural dry-run here; the full wet-run is on the host:
   [2;37m./ask --file <path> | ./ask --ask "…" | ./ask -i[0m

trilattice_factor read 15726440087894854657:
  hex-digit word   : ⊢∈⊤≻⋈≺⋈⊞∋⊙⊡⊣⊢∈≻⋈⊥≺⋈∋⊙⊡⊣⊢⊤≻⋈⊥≺⊙⊡⊣⊢∈⊤≻⋈⊥≺⋈⊞∋⊙⊡⊣⊢∈≻⋈≺⋈∋⊙⊡⊣⊢∈⊤≻⋈≺⋈∋⊙⊡⊣⊢∈⊤≻⋈⊥≺⋈⊞∋⊙⊡⊣⊢≻⋈≺⊙⊡⊣⊢≻⋈≺⊙⊡⊣⊢∈≻⋈≺⋈⊞∋⊙⊡⊣⊢≻⋈⊥≺⊞⊙⊡⊣⊢∈⊤≻⋈⊥≺⋈⊞∋⊙⊡⊣⊢∈≻⋈≺⋈∋⊙⊡⊣⊢∈≻⋈≺⋈⊞∋⊙⊡⊣⊢≻⋈≺⊙⊡⊣⊢⊤≻⋈≺⊙⊡⊣
  period 162, 97 winding-commit cut(s) over the orbit
  native word      : ⊢≻⋈∈⊥∋≻⋈∈⊤∋≻⋈∈⊤∋≻⋈∈⊤∋≻⋈∈⊤∋≻⋈∈⊤∋≻⋈∈⊤∋≻⋈∈⊤∋≻⋈∈⊤∋≻⋈∈⊤∋≻⋈∈⊥∋≻⋈∈⊥∋≻⋈∈⊤∋≻⋈∈⊤∋≻⋈∈⊤∋≻⋈∈⊥∋≻⋈∈⊥∋≻⋈∈⊥∋≻⋈∈⊥∋≻⋈∈⊥∋≻⋈∈⊤∋≻⋈∈⊥∋≻⋈∈⊥∋≻⋈∈⊤∋≻⋈∈⊤∋≻⋈∈⊤∋≻⋈∈⊥∋≻⋈∈⊥∋≻⋈∈⊤∋≻⋈∈⊤∋≻⋈∈⊤∋≻⋈∈⊤∋≻⋈∈⊤∋≻⋈∈⊤∋≻⋈∈⊤∋≻⋈∈⊤∋≻⋈∈⊥∋≻⋈∈⊥∋≻⋈∈⊥∋≻⋈∈⊥∋≻⋈∈⊥∋≻⋈∈⊤∋≻⋈∈⊤∋≻⋈∈⊥∋≻⋈∈⊤∋≻⋈∈⊤∋≻⋈∈⊤∋≻⋈∈⊥∋≻⋈∈⊥∋≻⋈∈⊥∋≻⋈∈⊥∋≻⋈∈⊥∋≻⋈∈⊥∋≻⋈∈⊥∋≻⋈∈⊤∋≻⋈∈⊤∋≻⋈∈⊤∋≻⋈∈⊥∋≻⋈∈⊤∋≻⋈∈⊥∋≻⋈∈⊥∋≻⋈∈⊤∋≻⋈∈⊥∋≻⋈∈⊥∋⊙⊡⊣
  dialect register : 111111111111  (U[9, 25, 32, 35, 40, 43, 52, 54, 66, 72, 76, 83])
  crystal identity : 55537728173614529175223247327251879248398220874227318887406382852975430413909428609448455832465135829806564831759729 (digit-type tensor, injective in n)
  type hash        : 16389838 of 17280000 (coarse single-cell fold)
Halting. μ∘δ=id.
[SHUTDOWN] μ∘δ=id. Goodbye.
[q]
[2;37m[boot][0m Interrupts: none — the host owns the IDT, no periodic slot
[2;37m[boot][0m Heap: host allocator, 1764 bytes counted, 48MB declared budget
[2;37m[boot][0m IG Catalog: 8682 entries loaded
[2;37m[boot][0m Kernel online — graph execution, token-arity driven
[2;37m[boot][0m Canonical ordinal check...
[2;37m[boot][0m Ordinal faithfulness: [1;32mall 44 values match Lean canonical[0m
[2;37m[boot][0m Clay Millennium status: 2 closed, 1 one-bump-short, 3 unclosed
[2;37m[boot][0m SIC-POVM d=12: Crystal-forced (dual lattice), Shavian count 49=7², WH group |orbit|=144
[2;37m[boot][0m Frobenius identity check...
[2;37m[boot][0m Frobenius identity: hamming=3, weighted=3.1000 — kernel is grammar operationalized
[2;37m[boot][0m Bootstrap: IMSCRIB→AREV→FSPLIT→AFWD→FFUSE→CLINK→IFIX→IMSCRIB (cyclic)
                       F unitary: PASS
  Pentagon form (F^2=I, anti-diag, a^2+b^2=1): PASS
            Braid relation (Y-B): PASS
                 Spin-statistics: PASS
                       S unitary: PASS
        Charge conjugation S^2=I: PASS
                 TQFT identities: PASS
                Verlinde formula: PASS
              Braid Artin B_n<=8: PASS
  Phase lattice = tenths of a winding: PASS
    Constants derivable from PHI: PASS
[2;37m[boot][0m Fibonacci anyon QC: algebra verified = true
[36m[TORUS][0m kernel wound: ⊢⊙∈⊤⋈∋⊡⊞≺⋈⊣  (11 tokens, pinch=0.0000)
[2;37m[boot][0m Crystal FS: 17280000 addresses
[2;37m[boot][0m 29 total programs (I–XXIX): 12 canonical + 4 continuous + 4 novel + 9 shunted


   [1;35m⊙[0m   [1;37mG-mOMonadOS[0m
   [2;37mGPU-native build, mOMonadOS ported to run via CUDA[0m
   [1;33mμ∘δ = id[0m

   [2;37mFrobenius core · Belnap FOUR · crystal FS · graph execution[0m

   [1;34mhelp[0m for commands, [1;34m?[0m for the menu, Tab completes.

   [1;34mask[0m runs a structural dry-run here; the full wet-run is on the host:
   [2;37m./ask --file <path> | ./ask --ask "…" | ./ask -i[0m

trilattice_factor read 17276044937559748181:
  hex-digit word   : ⊢∈≻⋈⊥≺⋈⊞∋⊙⊡⊣⊢∈⊤≻⋈⊥≺⋈⊞∋⊙⊡⊣⊢∈≻⋈≺⋈⊞∋⊙⊡⊣⊢≻⋈≺⊙⊡⊣⊢∈⊤≻⋈≺⋈⊞∋⊙⊡⊣⊢⊤≻⋈⊥≺⊞⊙⊡⊣⊢⊤≻⋈≺⊞⊙⊡⊣⊢≻⋈⊥≺⊞⊙⊡⊣⊢∈⊤≻⋈≺⋈∋⊙⊡⊣⊢∈≻⋈⊥≺⋈∋⊙⊡⊣⊢∈≻⋈⊥≺⋈⊞∋⊙⊡⊣⊢∈⊤≻⋈⊥≺⋈⊞∋⊙⊡⊣⊢≻⋈⊥≺⊙⊡⊣⊢∈≻⋈⊥≺⋈⊞∋⊙⊡⊣⊢⊤≻⋈≺⊞⊙⊡⊣⊢⊤≻⋈≺⊞⊙⊡⊣
  period 168, 65 winding-commit cut(s) over the orbit
  native word      : ⊢≻⋈∈⊥∋≻⋈∈⊤∋≻⋈∈⊥∋≻⋈∈⊤∋≻⋈∈⊥∋≻⋈∈⊤∋≻⋈∈⊥∋≻⋈∈⊤∋≻⋈∈⊤∋≻⋈∈⊥∋≻⋈∈⊥∋≻⋈∈⊥∋≻⋈∈⊤∋≻⋈∈⊥∋≻⋈∈⊤∋≻⋈∈⊤∋≻⋈∈⊥∋≻⋈∈⊥∋≻⋈∈⊥∋≻⋈∈⊥∋≻⋈∈⊤∋≻⋈∈⊥∋≻⋈∈⊥∋≻⋈∈⊥∋≻⋈∈⊤∋≻⋈∈⊥∋≻⋈∈⊤∋≻⋈∈⊥∋≻⋈∈⊥∋≻⋈∈⊤∋≻⋈∈⊤∋≻⋈∈⊥∋≻⋈∈⊤∋≻⋈∈⊥∋≻⋈∈⊥∋≻⋈∈⊤∋≻⋈∈⊥∋≻⋈∈⊤∋≻⋈∈⊥∋≻⋈∈⊤∋≻⋈∈⊥∋≻⋈∈⊥∋≻⋈∈⊥∋≻⋈∈⊤∋≻⋈∈⊥∋≻⋈∈⊤∋≻⋈∈⊥∋≻⋈∈⊥∋≻⋈∈⊤∋≻⋈∈⊤∋≻⋈∈⊤∋≻⋈∈⊤∋≻⋈∈⊤∋≻⋈∈⊤∋≻⋈∈⊥∋≻⋈∈⊥∋≻⋈∈⊥∋≻⋈∈⊥∋≻⋈∈⊥∋≻⋈∈⊥∋≻⋈∈⊤∋≻⋈∈⊥∋≻⋈∈⊥∋≻⋈∈⊥∋⊙⊡⊣
  dialect register : 111111111111  (U[9, 25, 32, 35, 40, 43, 52, 54, 66, 72, 76, 83])
  crystal identity : 55590345204888863081785786145005652500376769032585604533597474616541731967471305649001648899178191057895174781425577 (digit-type tensor, injective in n)
  type hash        : 16389838 of 17280000 (coarse single-cell fold)
Halting. μ∘δ=id.
[SHUTDOWN] μ∘δ=id. Goodbye.
Candidate-pair membrane checks:
  p and q dialect registers equal N: true
  p and q coarse type hashes equal N: true
  period residual N - p - q: -12
  cut residual p + q - N: -15
