[2;37m[boot][0m Interrupts: none — the host owns the IDT, no periodic slot
[2;37m[boot][0m Heap: host allocator, 1484 bytes counted, 48MB declared budget
[2;37m[boot][0m IG Catalog: 8752 entries loaded
[2;37m[boot][0m Kernel online — graph execution, token-arity driven
[2;37m[boot][0m Canonical ordinal check...
[2;37m[boot][0m Ordinal faithfulness: [1;32mall 44 values match Lean canonical[0m
[2;37m[boot][0m Clay Millennium status: 2 closed, 1 one-bump-short, 3 unclosed
[2;37m[boot][0m SIC-POVM d=12: Crystal-forced (dual lattice), Shavian count 49=7², WH group |orbit|=144
[2;37m[boot][0m Frobenius identity check...
[2;37m[boot][0m Frobenius identity: hamming=3, weighted=3.1000 — kernel is grammar operationalized
[2;37m[boot][0m Bootstrap: IMSCRIB→AREV→FSPLIT→AFWD→FFUSE→CLINK→IFIX→IMSCRIB (cyclic)
                       F unitary: PASS
  Pentagon form (F^2=I, anti-diag, a^2+b^2=1): PASS
            Braid relation (Y-B): PASS
                 Spin-statistics: PASS
                       S unitary: PASS
        Charge conjugation S^2=I: PASS
                 TQFT identities: PASS
                Verlinde formula: PASS
              Braid Artin B_n<=8: PASS
  Phase lattice = tenths of a winding: PASS
    Constants derivable from PHI: PASS
[2;37m[boot][0m Fibonacci anyon QC: algebra verified = true
[36m[TORUS][0m kernel wound: ⊢⊙∈⊤⋈∋⊡⊞≺⋈⊣  (11 tokens, pinch=0.0000)
[2;37m[boot][0m Crystal FS: 17280000 addresses
[2;37m[boot][0m 29 total programs (I–XXIX): 12 canonical + 4 continuous + 4 novel + 9 shunted


   [1;35m⊙[0m   [1;37mG-mOMonadOS[0m
   [2;37mGPU-native build, mOMonadOS ported to run via CUDA[0m
   [1;33mμ∘δ = id[0m

   [2;37mFrobenius core · Belnap FOUR · crystal FS · graph execution[0m

   [1;34mhelp[0m for commands, [1;34m?[0m for the menu, Tab completes.

   [1;34mask[0m runs a structural dry-run here; the full wet-run is on the host:
   [2;37m./ask --file <path> | ./ask --ask "…" | ./ask -i[0m

⊙> triple verify
  ✓ if       ρ=2.2242   T  Clean closure
  ✓ are      ρ=2.2791   B  Paradox held at ENGAGR — Belnap B
  ✓ ear      ρ=2.2581   B  Paradox held at ENGAGR — Belnap B
  ✓ tot      ρ=2.2581   B  Paradox held at ENGAGR — Belnap B
  ✓ out      ρ=2.2568   T  Clean closure
  ✓ peep     ρ=2.3203   B  Paradox held at ENGAGR — Belnap B
  ✓ egg      ρ=2.2657   B  Paradox held at ENGAGR — Belnap B
  ✓ thigh    ρ=2.3203   T  Clean closure
  ✓ vow      ρ=2.2417   T  Clean closure
  ✓ monad    ρ=2.3106   T  Clean closure
  ✓ sure     ρ=2.2581   T  Clean closure
  ✓ so       ρ=2.2552   T  Clean closure
  ✓ ah       ρ=2.3180   T  Clean closure

⊙> quit
Halting. μ∘δ=id.
[SHUTDOWN] μ∘δ=id. Goodbye.
