INPUT	11647198307356338841	64	27	324
FRAME	1	0	1	1	11
FOLD	1	1	1	192	192	0	27
RAIL	2	62	0	0
FOLD	2	1	1	195	195	0	73
RAIL	2	63	1	0
FOLD	4	3	3	579	579	0	420
RAIL	32	33	2	1
FOLD	5	5	5	966	966	0	720
RAIL	3	61	2	2
FOLD	8	7	7	1353	1353	0	2091
RAIL	31	34	4	3
FOLD	9	9	9	1740	1740	0	2408
RAIL	4	60	4	4
FOLD	10	11	11	2127	2127	0	2667
RAIL	4	61	4	5
FOLD	12	13	13	2511	2511	0	2975
RAIL	30	35	5	6
FOLD	13	15	15	2898	2898	0	3266
RAIL	5	59	5	7
FOLD	14	17	17	3285	3285	0	3621
RAIL	5	60	5	8
FOLD	16	19	19	3669	3669	0	3969
RAIL	29	36	6	9
FOLD	17	21	21	4056	4056	0	4336
RAIL	6	58	6	10
FOLD	18	23	23	4443	4443	0	4582
RAIL	6	59	6	11
FOLD	19	25	25	4830	4830	0	4839
RAIL	28	36	6	12
FOLD	20	27	27	5217	5217	0	5136
RAIL	28	37	6	13
FOLD	21	29	29	5604	5604	0	5430
RAIL	7	57	6	14
FOLD	22	31	31	5991	5991	0	5925
RAIL	7	58	6	15
FOLD	23	33	33	6378	6378	0	6231
RAIL	27	37	6	16
FOLD	24	35	35	6765	6765	0	6558
RAIL	27	38	6	17
FOLD	25	37	37	7152	7152	0	6833
RAIL	8	56	6	18
FOLD	26	39	39	7539	7539	0	7113
RAIL	8	57	6	19
FOLD	27	41	41	7926	7926	0	7439
RAIL	26	38	6	20
FOLD	28	43	43	8313	8313	0	7829
RAIL	26	39	6	21
FOLD	29	45	45	8700	8700	0	8135
RAIL	9	55	6	22
FOLD	30	47	47	9087	9087	0	8378
RAIL	9	56	6	23
FOLD	31	49	49	9474	9474	0	8695
RAIL	25	39	6	24
FOLD	32	51	51	9861	9861	0	9914
RAIL	25	40	6	25
FOLD	33	53	53	10248	10248	0	10296
RAIL	10	54	6	26
FOLD	34	55	55	10635	10635	0	10592
RAIL	10	55	6	27
FOLD	35	57	57	11022	11022	0	10859
RAIL	24	40	6	28
FOLD	36	59	59	11409	11409	0	11105
RAIL	24	41	6	29
FOLD	37	61	61	11796	11796	0	11385
RAIL	11	53	6	30
FOLD	38	63	63	12183	12183	0	11679
RAIL	11	54	6	31
FOLD	39	65	65	12570	12570	0	11957
RAIL	23	41	6	32
FOLD	40	67	67	12957	12957	0	12222
RAIL	23	42	6	33
FOLD	41	69	69	13344	13344	0	12751
RAIL	12	52	6	34
FOLD	42	71	71	13731	13731	0	12988
RAIL	12	53	6	35
FOLD	43	73	73	14118	14118	0	13250
RAIL	22	42	6	36
FOLD	44	75	75	14505	14505	0	13561
RAIL	22	43	6	37
FOLD	45	77	77	14892	14892	0	13909
RAIL	13	51	6	38
FOLD	46	79	79	15279	15279	0	15159
RAIL	13	52	6	39
FOLD	47	81	81	15666	15666	0	15450
RAIL	21	43	6	40
FOLD	48	83	83	16053	16053	0	15749
RAIL	21	44	6	41
FOLD	49	85	85	16440	16440	0	16057
RAIL	14	50	6	42
FOLD	50	87	87	16827	16827	0	16294
RAIL	14	51	6	43
FOLD	51	89	89	17214	17214	0	16565
RAIL	20	44	6	44
FOLD	52	91	91	17601	17601	0	16908
RAIL	20	45	6	45
FOLD	53	93	93	17988	17988	0	17264
RAIL	15	49	6	46
FOLD	54	95	95	18375	18375	0	17515
RAIL	15	50	6	47
FOLD	55	97	97	18762	18762	0	17810
RAIL	19	45	6	48
FOLD	56	99	99	19149	19149	0	18170
RAIL	19	46	6	49
FOLD	57	101	101	19536	19536	0	18444
RAIL	16	48	6	50
FOLD	58	103	103	19923	19923	0	18753
RAIL	16	49	6	51
FOLD	59	105	105	20310	20310	0	19008
RAIL	18	46	6	52
FOLD	60	107	107	20697	20697	0	20339
RAIL	18	47	6	53
FOLD	61	109	109	21084	21084	0	20655
RAIL	17	47	6	54
FOLD	62	111	111	21471	21471	0	20967
RAIL	17	48	6	55
FOLD	63	112	112	21666	21666	0	21287
RAIL	32	32	6	56
FOLD	64	113	113	21858	21858	0	21616
RAIL	32	32	6	57
FOLD	65	114	114	22050	22050	0	21976
RAIL	32	32	6	58
FOLD	66	115	115	22242	22242	0	22330
RAIL	32	32	6	59
FOLD	67	116	116	22434	22434	0	22636
RAIL	32	33	6	60
FOLD	68	117	117	22629	22629	0	22988
RAIL	32	32	6	61
FOLD	69	118	118	22821	22821	0	23280
RAIL	32	32	6	62
FOLD	70	119	119	23013	23013	0	23577
RAIL	32	32	6	63
FOLD	71	120	120	23205	23205	0	23869
RAIL	31	33	6	64
FOLD	72	121	121	23397	23397	0	24162
RAIL	32	32	6	65
FOLD	73	122	122	23589	23589	0	24444
RAIL	31	34	6	66
FOLD	74	123	123	23784	23784	0	24748
RAIL	32	32	6	67
FOLD	75	124	124	23976	23976	0	25251
RAIL	4	60	6	68
FOLD	78	125	125	24168	24168	0	26110
RAIL	30	34	7	70
FOLD	79	126	126	24360	24360	0	26473
RAIL	32	32	7	71
FOLD	80	127	127	24552	24552	0	26777
RAIL	30	35	7	72
FOLD	81	128	128	24747	24747	0	27145
RAIL	32	32	7	73
FOLD	82	129	129	24939	24939	0	27569
RAIL	5	59	7	74
FOLD	85	130	130	25131	25131	0	28353
RAIL	29	35	8	76
FOLD	86	131	131	25323	25323	0	28646
RAIL	32	32	8	77
FOLD	87	132	132	25515	25515	0	28957
RAIL	29	36	8	78
FOLD	88	133	133	25710	25710	0	29257
RAIL	32	32	8	79
FOLD	89	134	134	25902	25902	0	29644
RAIL	6	58	8	80
FOLD	90	135	135	26094	26094	0	29892
RAIL	32	32	8	81
FOLD	91	136	136	26286	26286	0	30278
RAIL	6	59	8	82
FOLD	94	137	137	26475	26475	0	30965
RAIL	32	32	9	84
FOLD	95	138	138	26667	26667	0	31319
RAIL	28	37	9	85
FOLD	96	139	139	26862	26862	0	31633
RAIL	32	32	9	86
FOLD	97	140	140	27054	27054	0	31968
RAIL	7	57	9	87
FOLD	98	141	141	27246	27246	0	32208
RAIL	32	32	9	88
FOLD	99	142	142	27438	27438	0	32546
RAIL	7	58	9	89
FOLD	100	143	143	27633	27633	0	32803
RAIL	32	32	9	90
FOLD	101	144	144	27825	27825	0	33158
RAIL	27	37	9	91
FOLD	102	145	145	28017	28017	0	33449
RAIL	32	32	9	92
FOLD	103	146	146	28209	28209	0	33829
RAIL	27	38	9	93
FOLD	104	147	147	28404	28404	0	34106
RAIL	32	32	9	94
FOLD	105	148	148	28596	28596	0	34536
RAIL	8	56	9	95
FOLD	106	149	149	28788	28788	0	34792
RAIL	32	32	9	96
FOLD	111	150	150	28983	28983	0	36212
RAIL	26	39	11	99
FOLD	112	151	151	29178	29178	0	36604
RAIL	32	32	11	100
FOLD	117	152	152	29373	29373	0	37970
RAIL	25	39	13	103
FOLD	118	153	153	29565	29565	0	38340
RAIL	32	32	13	104
FOLD	119	154	154	29757	29757	0	38723
RAIL	25	40	13	105
FOLD	120	155	155	29952	29952	0	39079
RAIL	32	32	13	106
FOLD	125	156	156	30147	30147	0	40536
RAIL	24	40	15	109
FOLD	126	157	157	30339	30339	0	40871
RAIL	32	32	15	110
FOLD	128	157	157	30342	30342	0	41340
RAIL	32	32	16	111
FOLD	131	158	158	30534	30534	0	42476
RAIL	11	54	17	113
FOLD	132	159	159	30729	30729	0	42863
RAIL	32	32	17	114
FOLD	133	160	160	30921	30921	0	43334
RAIL	23	41	17	115
FOLD	134	161	161	31113	31113	0	43651
RAIL	32	32	17	116
FOLD	135	162	162	31305	31305	0	44140
RAIL	23	42	17	117
FOLD	136	163	163	31500	31500	0	44423
RAIL	32	32	17	118
FOLD	141	164	164	31695	31695	0	45762
RAIL	22	42	19	121
FOLD	142	165	165	31887	31887	0	46112
RAIL	32	32	19	122
FOLD	147	166	166	32082	32082	0	47520
RAIL	13	52	21	125
FOLD	148	167	167	32277	32277	0	47834
RAIL	32	32	21	126
FOLD	149	168	168	32469	32469	0	48343
RAIL	21	43	21	127
FOLD	150	169	169	32661	32661	0	48612
RAIL	32	32	21	128
FOLD	153	170	170	32856	32856	0	50727
RAIL	14	50	22	130
FOLD	154	171	171	33048	33048	0	50994
RAIL	32	32	22	131
FOLD	159	172	172	33243	33243	0	51986
RAIL	20	45	24	134
FOLD	160	173	173	33438	33438	0	52275
RAIL	32	32	24	135
FOLD	165	174	174	33633	33633	0	53710
RAIL	19	45	26	138
FOLD	166	175	175	33825	33825	0	54045
RAIL	32	32	26	139
FOLD	167	176	176	34017	34017	0	54560
RAIL	19	46	26	140
FOLD	168	177	177	34212	34212	0	54958
RAIL	32	32	26	141
FOLD	169	178	178	34404	34404	0	55354
RAIL	16	48	26	142
FOLD	170	179	179	34596	34596	0	55709
RAIL	32	32	26	143
FOLD	171	180	180	34788	34788	0	56171
RAIL	16	49	26	144
FOLD	172	181	181	34983	34983	0	56435
RAIL	32	32	26	145
FOLD	177	182	182	35178	35178	0	57995
RAIL	17	47	28	148
FOLD	178	183	183	35370	35370	0	58317
RAIL	32	32	28	149
FOLD	183	184	184	35565	35565	0	59879
RAIL	32	32	30	152
FOLD	192	185	185	35763	35763	0	62213
RAIL	4	60	34	157
FOLD	195	186	186	35955	35955	0	63115
RAIL	30	34	35	159
FOLD	196	187	187	36147	36147	0	63529
RAIL	32	32	35	160
FOLD	215	188	188	36345	36345	0	68392
RAIL	32	32	44	170
FOLD	222	189	189	36537	36537	0	69969
RAIL	8	56	47	174
FOLD	223	190	190	36729	36729	0	70223
RAIL	32	32	47	175
FOLD	224	191	191	36921	36921	0	70567
RAIL	8	57	47	176
FOLD	227	192	192	37110	37110	0	71279
RAIL	32	32	48	178
FOLD	228	193	193	37302	37302	0	71779
RAIL	26	39	48	179
FOLD	229	194	194	37497	37497	0	72124
RAIL	32	32	48	180
FOLD	234	195	195	37692	37692	0	73374
RAIL	25	39	50	183
FOLD	235	196	196	37884	37884	0	73684
RAIL	32	32	50	184
FOLD	238	197	197	38079	38079	0	74741
RAIL	10	54	51	186
FOLD	239	198	198	38271	38271	0	74989
RAIL	32	32	51	187
FOLD	244	199	199	38466	38466	0	76010
RAIL	24	41	53	190
FOLD	245	200	200	38661	38661	0	76311
RAIL	32	32	53	191
FOLD	246	201	201	38853	38853	0	76669
RAIL	11	53	53	192
FOLD	247	202	202	39045	39045	0	76953
RAIL	32	32	53	193
FOLD	250	203	203	39240	39240	0	78029
RAIL	23	41	54	195
FOLD	251	204	204	39432	39432	0	78320
RAIL	32	32	54	196
FOLD	256	205	205	39627	39627	0	79232
RAIL	12	53	56	199
FOLD	257	206	206	39822	39822	0	79760
RAIL	32	32	56	200
FOLD	262	207	207	40017	40017	0	80957
RAIL	13	51	58	203
FOLD	263	208	208	40209	40209	0	81206
RAIL	32	32	58	204
FOLD	264	209	209	40401	40401	0	81555
RAIL	13	52	58	205
FOLD	265	210	210	40596	40596	0	81831
RAIL	32	32	58	206
FOLD	266	211	211	40788	40788	0	82196
RAIL	21	43	58	207
FOLD	267	212	212	40980	40980	0	82542
RAIL	32	32	58	208
FOLD	272	213	213	41175	41175	0	83868
RAIL	14	51	60	211
FOLD	273	214	214	41370	41370	0	84135
RAIL	32	32	60	212
FOLD	278	215	215	41565	41565	0	85349
RAIL	15	49	62	215
FOLD	279	216	216	41757	41757	0	85632
RAIL	32	32	62	216
FOLD	280	217	217	41949	41949	0	86000
RAIL	15	50	62	217
FOLD	281	218	218	42144	42144	0	86255
RAIL	32	32	62	218
FOLD	286	219	219	42339	42339	0	87636
RAIL	16	48	64	221
FOLD	287	220	220	42531	42531	0	87961
RAIL	32	32	64	222
FOLD	292	221	221	42726	42726	0	89098
RAIL	18	47	66	225
FOLD	293	222	222	42921	42921	0	89413
RAIL	32	32	66	226
FOLD	294	223	223	43113	43113	0	89772
RAIL	17	47	66	227
FOLD	295	224	224	43305	43305	0	90061
RAIL	32	32	66	228
FOLD	296	225	225	43497	43497	0	90423
RAIL	17	48	66	229
FOLD	297	226	226	43692	43692	0	90718
RAIL	32	32	66	230
FOLD	298	227	227	43884	43884	0	91173
RAIL	32	32	66	231
FOLD	307	228	228	44079	44079	0	93393
RAIL	31	34	70	236
FOLD	308	229	229	44274	44274	0	93694
RAIL	32	32	70	237
FOLD	317	230	230	44469	44469	0	96113
RAIL	29	35	74	242
FOLD	318	231	231	44661	44661	0	96415
RAIL	32	32	74	243
FOLD	319	232	232	44853	44853	0	96807
RAIL	29	36	74	244
FOLD	320	233	233	45048	45048	0	97134
RAIL	32	32	74	245
FOLD	345	234	234	45243	45243	0	102623
RAIL	32	32	86	258
FOLD	346	235	235	45435	45435	0	103056
RAIL	9	56	86	259
FOLD	349	236	236	45624	45624	0	103877
RAIL	32	32	87	261
FOLD	350	237	237	45816	45816	0	104269
RAIL	25	40	87	262
FOLD	351	238	238	46011	46011	0	104524
RAIL	32	32	87	263
FOLD	352	239	239	46203	46203	0	104947
RAIL	10	54	87	264
FOLD	353	240	240	46395	46395	0	105202
RAIL	32	32	87	265
FOLD	354	241	241	46587	46587	0	105678
RAIL	10	55	87	266
FOLD	355	242	242	46782	46782	0	105929
RAIL	32	32	87	267
FOLD	360	243	243	46977	46977	0	107117
RAIL	11	53	89	270
FOLD	361	244	244	47169	47169	0	107374
RAIL	32	32	89	271
FOLD	366	245	245	47364	47364	0	108762
RAIL	23	42	91	274
FOLD	367	246	246	47559	47559	0	109060
RAIL	32	32	91	275
FOLD	368	247	247	47751	47751	0	109471
RAIL	12	52	91	276
FOLD	369	248	248	47943	47943	0	109720
RAIL	32	32	91	277
FOLD	374	249	249	48138	48138	0	110993
RAIL	22	43	93	280
FOLD	375	250	250	48333	48333	0	111293
RAIL	32	32	93	281
FOLD	380	251	251	48528	48528	0	112470
RAIL	21	43	95	284
FOLD	381	252	252	48720	48720	0	112784
RAIL	32	32	95	285
FOLD	382	253	253	48912	48912	0	113194
RAIL	21	44	95	286
FOLD	383	254	254	49107	49107	0	113493
RAIL	32	32	95	287
FOLD	384	255	255	49299	49299	0	113956
RAIL	14	50	95	288
FOLD	385	256	256	49491	49491	0	114202
RAIL	32	32	95	289
FOLD	390	257	257	49686	49686	0	115486
RAIL	20	45	97	292
FOLD	391	258	258	49881	49881	0	115772
RAIL	32	32	97	293
FOLD	396	259	259	50076	50076	0	116968
RAIL	19	45	99	296
FOLD	397	260	260	50268	50268	0	117217
RAIL	32	32	99	297
FOLD	398	261	261	50460	50460	0	117547
RAIL	19	46	99	298
FOLD	399	262	262	50655	50655	0	117807
RAIL	32	32	99	299
FOLD	404	263	263	50850	50850	0	118948
RAIL	18	46	101	302
FOLD	405	264	264	51042	51042	0	119177
RAIL	32	32	101	303
FOLD	410	265	265	51237	51237	0	120310
RAIL	17	48	103	306
FOLD	411	266	266	51432	51432	0	120560
RAIL	32	32	103	307
FOLD	412	267	267	51624	51624	0	120916
RAIL	32	32	103	308
FOLD	413	268	268	51816	51816	0	121283
RAIL	32	32	103	309
FOLD	414	269	269	52008	52008	0	121699
RAIL	32	32	103	310
FOLD	423	270	270	52206	52206	0	123894
RAIL	32	32	107	315
FOLD	424	271	271	52398	52398	0	124317
RAIL	32	32	107	316
FOLD	429	272	272	52593	52593	0	125447
RAIL	32	32	109	319
FOLD	434	273	273	52788	52788	0	126578
RAIL	32	32	111	322
FOLD	435	274	274	52980	52980	0	126971
RAIL	6	58	111	323
FOLD	436	275	275	53172	53172	0	128202
RAIL	32	32	111	324
FOLD	437	276	276	53364	53364	0	128567
RAIL	32	32	111	325
FOLD	440	277	277	53556	53556	0	129343
RAIL	28	37	112	327
FOLD	441	278	278	53751	53751	0	129581
RAIL	32	32	112	328
FOLD	460	279	279	53949	53949	0	133273
RAIL	9	56	121	338
FOLD	467	280	280	54141	54141	0	134706
RAIL	32	32	124	342
FOLD	468	281	281	54333	54333	0	135013
RAIL	10	55	124	343
FOLD	471	282	282	54522	54522	0	135712
RAIL	32	32	125	345
FOLD	472	283	283	54714	54714	0	136039
RAIL	24	41	125	346
FOLD	473	284	284	54909	54909	0	136278
RAIL	32	32	125	347
FOLD	474	285	285	55101	55101	0	136697
RAIL	11	53	125	348
FOLD	475	286	286	55293	55293	0	136943
RAIL	32	32	125	349
FOLD	480	287	287	55488	55488	0	137968
RAIL	23	42	127	352
FOLD	481	288	288	55683	55683	0	138208
RAIL	32	32	127	353
FOLD	486	289	289	55878	55878	0	139256
RAIL	22	42	129	356
FOLD	487	290	290	56070	56070	0	139533
RAIL	32	32	129	357
FOLD	488	291	291	56262	56262	0	139855
RAIL	22	43	129	358
FOLD	489	292	292	56457	56457	0	140113
RAIL	32	32	129	359
FOLD	492	293	293	56649	56649	0	140846
RAIL	13	52	130	361
FOLD	493	294	294	56844	56844	0	141097
RAIL	32	32	130	362
FOLD	498	295	295	57039	57039	0	141977
RAIL	14	50	132	365
FOLD	499	296	296	57231	57231	0	142228
RAIL	32	32	132	366
FOLD	504	297	297	57426	57426	0	143245
RAIL	20	45	134	369
FOLD	505	298	298	57621	57621	0	143625
RAIL	32	32	134	370
FOLD	506	299	299	57813	57813	0	143945
RAIL	15	49	134	371
FOLD	507	300	300	58005	58005	0	144173
RAIL	32	32	134	372
FOLD	508	301	301	58197	58197	0	144490
RAIL	15	50	134	373
FOLD	509	302	302	58392	58392	0	144729
RAIL	32	32	134	374
FOLD	512	301	302	58200	58392	0	145278
RAIL	19	46	136	375
FOLD	514	303	303	58587	58587	0	145833
RAIL	16	48	136	377
FOLD	515	304	304	58779	58779	0	146063
RAIL	32	32	136	378
FOLD	520	305	305	58974	58974	0	147188
RAIL	18	47	138	381
FOLD	521	306	306	59169	59169	0	147479
RAIL	32	32	138	382
FOLD	522	307	307	59361	59361	0	147804
RAIL	17	47	138	383
FOLD	523	308	308	59553	59553	0	148040
RAIL	32	32	138	384
FOLD	532	309	309	59751	59751	0	149980
RAIL	32	32	142	389
FOLD	533	310	310	59943	59943	0	150296
RAIL	31	33	142	390
FOLD	534	311	311	60135	60135	0	150532
RAIL	32	32	142	391
FOLD	535	312	312	60327	60327	0	150919
RAIL	31	34	142	392
FOLD	536	313	313	60522	60522	0	151199
RAIL	32	32	142	393
FOLD	545	314	314	60717	60717	0	153339
RAIL	29	35	146	398
FOLD	546	315	315	60909	60909	0	153579
RAIL	32	32	146	399
FOLD	559	316	316	61107	61107	0	156255
RAIL	27	37	152	406
FOLD	560	317	317	61299	61299	0	156484
RAIL	32	32	152	407
FOLD	579	318	318	61500	61500	0	160170
RAIL	10	54	161	417
FOLD	580	319	319	61692	61692	0	160420
RAIL	32	32	161	418
FOLD	587	320	320	61884	61884	0	161807
RAIL	11	53	164	422
FOLD	588	321	321	62076	62076	0	162069
RAIL	32	32	164	423
FOLD	589	322	322	62268	62268	0	162441
RAIL	11	54	164	424
FOLD	592	323	323	62457	62457	0	163043
RAIL	32	32	165	426
FOLD	593	324	324	62649	62649	0	163388
RAIL	23	42	165	427
FOLD	594	325	325	62844	62844	0	163661
RAIL	32	32	165	428
FOLD	595	326	326	63036	63036	0	164010
RAIL	12	52	165	429
FOLD	596	327	327	63228	63228	0	164288
RAIL	32	32	165	430
FOLD	597	328	328	63420	63420	0	164660
RAIL	12	53	165	431
FOLD	598	329	329	63615	63615	0	164893
RAIL	32	32	165	432
FOLD	603	330	330	63810	63810	0	165918
RAIL	13	51	167	435
FOLD	604	331	331	64002	64002	0	166220
RAIL	32	32	167	436
FOLD	609	332	332	64197	64197	0	167322
RAIL	21	44	169	439
FOLD	610	333	333	64392	64392	0	167607
RAIL	32	32	169	440
FOLD	611	334	334	64584	64584	0	167964
RAIL	14	50	169	441
FOLD	612	335	335	64776	64776	0	168243
RAIL	32	32	169	442
FOLD	617	336	336	64971	64971	0	169423
RAIL	20	45	171	445
FOLD	618	337	337	65166	65166	0	169742
RAIL	32	32	171	446
FOLD	623	338	338	65361	65361	0	170864
RAIL	19	45	173	449
FOLD	624	339	339	65553	65553	0	171150
RAIL	32	32	173	450
FOLD	625	340	340	65745	65745	0	171492
RAIL	19	46	173	451
FOLD	626	341	341	65940	65940	0	171771
RAIL	32	32	173	452
FOLD	627	342	342	66132	66132	0	172144
RAIL	16	48	173	453
FOLD	628	343	343	66324	66324	0	172366
RAIL	32	32	173	454
FOLD	633	344	344	66519	66519	0	173428
RAIL	18	47	175	457
FOLD	634	345	345	66714	66714	0	173679
RAIL	32	32	175	458
FOLD	639	346	346	66909	66909	0	174708
RAIL	32	32	177	461
FOLD	640	347	347	67101	67101	0	175036
RAIL	32	32	177	462
FOLD	649	348	348	67299	67299	0	177015
RAIL	32	32	181	467
FOLD	650	349	349	67491	67491	0	177564
RAIL	32	32	181	468
FOLD	651	350	350	67683	67683	0	177997
RAIL	32	32	181	469
FOLD	652	351	351	67875	67875	0	178365
RAIL	30	34	181	470
FOLD	653	352	352	68067	68067	0	178605
RAIL	32	32	181	471
FOLD	662	353	353	68265	68265	0	180693
RAIL	6	58	185	476
FOLD	669	354	354	68460	68460	0	182139
RAIL	7	57	188	480
FOLD	670	355	355	68652	68652	0	182347
RAIL	32	32	188	481
FOLD	675	356	356	68847	68847	0	183395
RAIL	32	32	190	484
FOLD	676	357	357	69039	69039	0	183744
RAIL	8	56	190	485
FOLD	701	358	358	69237	69237	0	188733
RAIL	32	32	202	498
FOLD	702	359	359	69429	69429	0	189116
RAIL	11	54	202	499
FOLD	705	360	360	69618	69618	0	189699
RAIL	32	32	203	501
FOLD	706	361	361	69810	69810	0	190015
RAIL	23	42	203	502
FOLD	707	362	362	70005	70005	0	190264
RAIL	32	32	203	503
FOLD	708	363	363	70197	70197	0	190652
RAIL	12	52	203	504
FOLD	709	364	364	70389	70389	0	190947
RAIL	32	32	203	505
FOLD	720	365	365	70584	70584	0	193370
RAIL	21	43	208	511
FOLD	721	366	366	70776	70776	0	193653
RAIL	32	32	208	512
FOLD	722	367	367	70968	70968	0	193968
RAIL	21	44	208	513
FOLD	723	368	368	71163	71163	0	194239
RAIL	32	32	208	514
FOLD	728	369	369	71358	71358	0	195391
RAIL	20	44	210	517
FOLD	729	370	370	71550	71550	0	195654
RAIL	32	32	210	518
FOLD	734	371	371	71745	71745	0	196743
RAIL	15	50	212	521
FOLD	735	372	372	71940	71940	0	197016
RAIL	32	32	212	522
FOLD	736	373	373	72132	72132	0	197330
RAIL	19	45	212	523
FOLD	737	374	374	72324	72324	0	197577
RAIL	32	32	212	524
FOLD	738	375	375	72516	72516	0	197897
RAIL	19	46	212	525
FOLD	739	376	376	72711	72711	0	198143
RAIL	32	32	212	526
FOLD	742	377	377	72903	72903	0	198948
RAIL	16	49	213	528
FOLD	743	378	378	73098	73098	0	199191
RAIL	32	32	213	529
FOLD	748	379	379	73293	73293	0	200106
RAIL	17	47	215	532
FOLD	749	380	380	73485	73485	0	200357
RAIL	32	32	215	533
FOLD	754	381	381	73680	73680	0	201509
RAIL	32	32	217	536
FOLD	757	382	382	73875	73875	0	202293
RAIL	32	32	218	538
FOLD	762	383	383	74070	74070	0	203133
RAIL	32	32	220	541
FOLD	767	384	384	74262	74262	0	204306
RAIL	30	35	222	544
FOLD	768	385	385	74457	74457	0	204627
RAIL	32	32	222	545
FOLD	769	386	386	74649	74649	0	204944
RAIL	32	32	222	546
FOLD	770	387	387	74841	74841	0	205339
RAIL	32	32	222	547
FOLD	775	388	388	75036	75036	0	206422
RAIL	32	32	224	550
FOLD	780	389	389	75231	75231	0	207617
RAIL	32	32	226	553
FOLD	781	390	390	75423	75423	0	207960
RAIL	7	57	226	554
FOLD	782	391	391	75615	75615	0	208213
RAIL	32	32	226	555
FOLD	787	392	392	75810	75810	0	209440
RAIL	32	32	228	558
FOLD	792	393	393	76002	76002	0	210488
RAIL	32	32	230	561
FOLD	793	394	394	76194	76194	0	210794
RAIL	26	39	230	562
FOLD	794	395	395	76389	76389	0	211049
RAIL	32	32	230	563
FOLD	795	396	396	76581	76581	0	211370
RAIL	9	55	230	564
FOLD	824	397	397	76776	76776	0	216879
RAIL	32	32	244	579
FOLD	825	398	398	76968	76968	0	217205
RAIL	22	43	244	580
FOLD	826	399	399	77163	77163	0	217507
RAIL	32	32	244	581
FOLD	827	400	400	77355	77355	0	217830
RAIL	13	51	244	582
FOLD	828	401	401	77547	77547	0	218090
RAIL	32	32	244	583
FOLD	829	402	402	77739	77739	0	218417
RAIL	13	52	244	584
FOLD	832	403	403	77928	77928	0	219178
RAIL	32	32	245	586
FOLD	837	404	404	78123	78123	0	220299
RAIL	14	51	247	589
FOLD	838	405	405	78318	78318	0	220573
RAIL	32	32	247	590
FOLD	843	406	406	78513	78513	0	221702
RAIL	15	49	249	593
FOLD	844	407	407	78705	78705	0	221971
RAIL	32	32	249	594
FOLD	845	408	408	78897	78897	0	222291
RAIL	15	50	249	595
FOLD	846	409	409	79092	79092	0	222698
RAIL	32	32	249	596
FOLD	851	410	410	79287	79287	0	223934
RAIL	16	48	251	599
FOLD	852	411	411	79479	79479	0	224180
RAIL	32	32	251	600
FOLD	857	412	412	79674	79674	0	225244
RAIL	18	47	253	603
FOLD	858	413	413	79869	79869	0	225480
RAIL	32	32	253	604
FOLD	859	414	414	80061	80061	0	225784
RAIL	17	47	253	605
FOLD	860	415	415	80253	80253	0	226022
RAIL	32	32	253	606
FOLD	861	416	416	80445	80445	0	226356
RAIL	17	48	253	607
FOLD	862	417	417	80640	80640	0	226597
RAIL	32	32	253	608
FOLD	871	418	418	80835	80835	0	228642
RAIL	32	32	257	613
FOLD	880	419	419	81033	81033	0	230497
RAIL	32	32	261	618
FOLD	881	420	420	81225	81225	0	230799
RAIL	32	32	261	619
FOLD	882	421	421	81417	81417	0	231108
RAIL	29	35	261	620
FOLD	883	422	422	81609	81609	0	231355
RAIL	32	32	261	621
FOLD	884	423	423	81801	81801	0	231760
RAIL	29	36	261	622
FOLD	885	424	424	81996	81996	0	232033
RAIL	32	32	261	623
FOLD	896	425	425	82191	82191	0	234246
RAIL	32	32	266	629
FOLD	899	426	426	82386	82386	0	234987
RAIL	8	56	267	631
FOLD	900	427	427	82578	82578	0	235209
RAIL	32	32	267	632
FOLD	905	428	428	82773	82773	0	236047
RAIL	32	32	269	635
FOLD	910	429	429	82968	82968	0	237009
RAIL	25	39	271	638
FOLD	911	430	430	83160	83160	0	237287
RAIL	32	32	271	639
FOLD	912	431	431	83352	83352	0	237591
RAIL	25	40	271	640
FOLD	913	432	432	83547	83547	0	237897
RAIL	32	32	271	641
FOLD	914	433	433	83739	83739	0	238215
RAIL	10	54	271	642
FOLD	915	434	434	83931	83931	0	238451
RAIL	32	32	271	643
FOLD	940	435	435	84129	84129	0	243269
RAIL	13	52	283	656
FOLD	943	436	436	84318	84318	0	243862
RAIL	32	32	284	658
FOLD	944	437	437	84510	84510	0	244177
RAIL	21	44	284	659
FOLD	945	438	438	84705	84705	0	244418
RAIL	32	32	284	660
FOLD	946	439	439	84897	84897	0	244734
RAIL	14	50	284	661
FOLD	947	440	440	85089	85089	0	245011
RAIL	32	32	284	662
FOLD	948	441	441	85281	85281	0	245413
RAIL	14	51	284	663
FOLD	955	442	442	85473	85473	0	246923
RAIL	32	32	287	667
FOLD	960	443	443	85668	85668	0	248106
RAIL	19	46	289	670
FOLD	961	444	444	85863	85863	0	248351
RAIL	32	32	289	671
FOLD	962	445	445	86055	86055	0	248678
RAIL	16	48	289	672
FOLD	963	446	446	86247	86247	0	248919
RAIL	32	32	289	673
FOLD	968	447	447	86442	86442	0	250089
RAIL	18	47	291	676
FOLD	969	448	448	86637	86637	0	250332
RAIL	32	32	291	677
FOLD	974	449	449	86832	86832	0	251462
RAIL	32	32	293	680
FOLD	975	450	450	87024	87024	0	251781
RAIL	32	32	293	681
FOLD	976	451	451	87216	87216	0	252099
RAIL	32	32	293	682
FOLD	985	452	452	87414	87414	0	254161
RAIL	32	32	297	687
FOLD	986	453	453	87606	87606	0	254475
RAIL	32	32	297	688
FOLD	991	454	454	87801	87801	0	255642
RAIL	32	32	299	691
FOLD	996	455	455	87996	87996	0	256712
RAIL	32	32	301	694
FOLD	997	456	456	88188	88188	0	257039
RAIL	32	32	301	695
FOLD	998	457	457	88380	88380	0	257355
RAIL	32	32	301	696
FOLD	999	458	458	88572	88572	0	257723
RAIL	28	36	301	697
FOLD	1000	459	459	88764	88764	0	257970
RAIL	32	32	301	698
FOLD	1017	460	460	88965	88965	0	261340
RAIL	9	55	309	707
FOLD	1018	461	461	89157	89157	0	261576
RAIL	32	32	309	708
FOLD	1023	462	462	89352	89352	0	262622
RAIL	25	40	311	711
FOLD	1024	463	463	89547	89547	0	262914
RAIL	32	32	311	712
FOLD	1025	464	464	89739	89739	0	263226
RAIL	10	54	311	713
FOLD	1028	465	465	89934	89934	0	263808
RAIL	32	32	312	715
FOLD	1033	466	466	90129	90129	0	265170
RAIL	11	53	314	718
FOLD	1034	467	467	90321	90321	0	265435
RAIL	32	32	314	719
FOLD	1041	468	468	90513	90513	0	266801
RAIL	12	52	317	723
FOLD	1056	469	469	90711	90711	0	269839
RAIL	32	32	324	731
FOLD	1057	470	470	90903	90903	0	270129
RAIL	14	50	324	732
FOLD	1058	471	471	91095	91095	0	270548
RAIL	32	32	324	733
FOLD	1059	472	472	91287	91287	0	270841
RAIL	14	51	324	734
FOLD	1062	473	473	91476	91476	0	271473
RAIL	32	32	325	736
FOLD	1063	474	474	91668	91668	0	271793
RAIL	20	45	325	737
FOLD	1064	475	475	91863	91863	0	272066
RAIL	32	32	325	738
FOLD	1065	476	476	92055	92055	0	272381
RAIL	15	49	325	739
FOLD	1066	477	477	92247	92247	0	272618
RAIL	32	32	325	740
FOLD	1067	478	478	92439	92439	0	273007
RAIL	15	50	325	741
FOLD	1074	479	479	92631	92631	0	274408
RAIL	32	32	328	745
FOLD	1079	480	480	92826	92826	0	275777
RAIL	18	47	330	748
FOLD	1080	481	481	93021	93021	0	276044
RAIL	32	32	330	749
FOLD	1081	482	482	93213	93213	0	276362
RAIL	17	47	330	750
FOLD	1082	483	483	93405	93405	0	276606
RAIL	32	32	330	751
FOLD	1091	484	484	93603	93603	0	278820
RAIL	32	32	334	756
FOLD	1092	485	485	93795	93795	0	279213
RAIL	31	33	334	757
FOLD	1093	486	486	93987	93987	0	279494
RAIL	32	32	334	758
FOLD	1102	487	487	94185	94185	0	281380
RAIL	32	32	338	763
FOLD	1103	488	488	94377	94377	0	281691
RAIL	32	32	338	764
FOLD	1108	489	489	94572	94572	0	282916
RAIL	32	32	340	767
FOLD	1113	490	490	94767	94767	0	284061
RAIL	32	32	342	770
FOLD	1114	491	491	94959	94959	0	284416
RAIL	7	57	342	771
FOLD	1117	492	492	95151	95151	0	285367
RAIL	27	37	343	773
FOLD	1118	493	493	95343	95343	0	285615
RAIL	32	32	343	774
FOLD	1143	494	494	95547	95547	0	290640
RAIL	32	32	355	787
FOLD	1144	495	495	95739	95739	0	290999
RAIL	11	53	355	788
FOLD	1147	496	496	95934	95934	0	291614
RAIL	32	32	356	790
FOLD	1150	497	497	96126	96126	0	293282
RAIL	23	42	357	792
FOLD	1151	498	498	96321	96321	0	293586
RAIL	32	32	357	793
FOLD	1168	499	499	96513	96513	0	296920
RAIL	14	50	365	802
FOLD	1175	500	500	96711	96711	0	298122
RAIL	32	32	368	806
FOLD	1182	501	501	96900	96900	0	299671
RAIL	19	46	371	810
FOLD	1183	502	502	97095	97095	0	299953
RAIL	32	32	371	811
FOLD	1184	503	503	97287	97287	0	300260
RAIL	16	48	371	812
FOLD	1185	504	504	97479	97479	0	300512
RAIL	32	32	371	813
FOLD	1186	505	505	97671	97671	0	300909
RAIL	16	49	371	814
FOLD	1189	506	506	97860	97860	0	301641
RAIL	32	32	372	816
FOLD	1194	507	507	98055	98055	0	302724
RAIL	17	48	374	819
FOLD	1195	508	508	98250	98250	0	303004
RAIL	32	32	374	820
FOLD	1200	509	509	98445	98445	0	304265
RAIL	32	32	376	823
FOLD	1209	510	510	98640	98640	0	306394
RAIL	30	34	380	828
FOLD	1210	511	511	98832	98832	0	306668
RAIL	32	32	380	829
FOLD	1211	512	512	99024	99024	0	307006
RAIL	30	35	380	830
FOLD	1212	513	513	99219	99219	0	307281
RAIL	32	32	380	831
FOLD	1221	514	514	99414	99414	0	309594
RAIL	28	36	384	836
FOLD	1222	515	515	99606	99606	0	309869
RAIL	32	32	384	837
FOLD	1231	516	516	99804	99804	0	311975
RAIL	8	56	388	842
FOLD	1234	517	517	99996	99996	0	312718
RAIL	26	38	389	844
FOLD	1235	518	518	100188	100188	0	312992
RAIL	32	32	389	845
FOLD	1236	519	519	100380	100380	0	313390
RAIL	26	39	389	846
FOLD	1237	520	520	100575	100575	0	313668
RAIL	32	32	389	847
FOLD	1254	521	521	100767	100767	0	317233
RAIL	11	53	397	856
FOLD	1261	522	522	100965	100965	0	318300
RAIL	32	32	400	860
FOLD	1268	523	523	101160	101160	0	319860
RAIL	22	43	403	864
FOLD	1269	524	524	101355	101355	0	320156
RAIL	32	32	403	865
FOLD	1270	525	525	101547	101547	0	320478
RAIL	13	51	403	866
FOLD	1271	526	526	101739	101739	0	320771
RAIL	32	32	403	867
FOLD	1296	527	527	101937	101937	0	325815
RAIL	16	49	415	880
FOLD	1299	528	528	102126	102126	0	326436
RAIL	32	32	416	882
FOLD	1300	529	529	102318	102318	0	326768
RAIL	18	47	416	883
FOLD	1301	530	530	102513	102513	0	327106
RAIL	32	32	416	884
FOLD	1302	531	531	102705	102705	0	327478
RAIL	17	47	416	885
FOLD	1303	532	532	102897	102897	0	327734
RAIL	32	32	416	886
FOLD	1304	533	533	103089	103089	0	328043
RAIL	17	48	416	887
FOLD	1317	534	534	103284	103284	0	330840
RAIL	32	32	422	894
FOLD	1318	535	535	103476	103476	0	331236
RAIL	32	32	422	895
FOLD	1321	536	536	103668	103668	0	332178
RAIL	30	35	423	897
FOLD	1322	537	537	103863	103863	0	332518
RAIL	32	32	423	898
FOLD	1331	538	538	104058	104058	0	334457
RAIL	28	36	427	903
FOLD	1332	539	539	104250	104250	0	334709
RAIL	32	32	427	904
FOLD	1333	540	540	104442	104442	0	335225
RAIL	28	37	427	905
FOLD	1334	541	541	104637	104637	0	335576
RAIL	32	32	427	906
FOLD	1343	542	542	104832	104832	0	337942
RAIL	32	32	431	911
FOLD	1344	543	543	105024	105024	0	338302
RAIL	26	38	431	912
FOLD	1345	544	544	105216	105216	0	338612
RAIL	32	32	431	913
FOLD	1356	545	545	105417	105417	0	341096
RAIL	10	54	436	919
FOLD	1357	546	546	105609	105609	0	341403
RAIL	32	32	436	920
FOLD	1358	547	547	105801	105801	0	341741
RAIL	10	55	436	921
FOLD	1361	548	548	105990	105990	0	342427
RAIL	32	32	437	923
FOLD	1362	549	549	106182	106182	0	342867
RAIL	24	41	437	924
FOLD	1363	550	550	106377	106377	0	343145
RAIL	32	32	437	925
FOLD	1376	551	551	106572	106572	0	346053
RAIL	22	42	443	932
FOLD	1377	552	552	106764	106764	0	346467
RAIL	32	32	443	933
FOLD	1388	553	553	106965	106965	0	349057
RAIL	14	50	448	939
FOLD	1389	554	554	107157	107157	0	349513
RAIL	32	32	448	940
FOLD	1390	555	555	107349	107349	0	349934
RAIL	14	51	448	941
FOLD	1393	556	556	107538	107538	0	350689
RAIL	32	32	449	943
FOLD	1420	557	557	107733	107733	0	357393
RAIL	32	32	462	957
FOLD	1421	558	558	107925	107925	0	357731
RAIL	32	32	462	958
FOLD	1422	559	559	108117	108117	0	358115
RAIL	32	32	462	959
FOLD	1427	560	560	108312	108312	0	359607
RAIL	32	32	464	962
FOLD	1432	561	561	108507	108507	0	360733
RAIL	32	32	466	965
FOLD	1433	562	562	108699	108699	0	361112
RAIL	32	32	466	966
FOLD	1438	563	563	108894	108894	0	362369
RAIL	32	32	468	969
FOLD	1443	564	564	109086	109086	0	363636
RAIL	28	37	470	972
FOLD	1444	565	565	109281	109281	0	363962
RAIL	32	32	470	973
FOLD	1445	566	566	109473	109473	0	364283
RAIL	32	32	470	974
FOLD	1448	567	567	109665	109665	0	365194
RAIL	32	32	471	976
FOLD	1453	568	568	109860	109860	0	366103
RAIL	32	32	473	979
FOLD	1458	569	569	110055	110055	0	367336
RAIL	9	55	475	982
FOLD	1459	570	570	110247	110247	0	367623
RAIL	32	32	475	983
FOLD	1460	571	571	110439	110439	0	368128
RAIL	9	56	475	984
FOLD	1473	572	572	110637	110637	0	371546
RAIL	32	32	481	991
FOLD	1474	573	573	110829	110829	0	371858
RAIL	11	53	481	992
FOLD	1475	574	574	111021	111021	0	372106
RAIL	32	32	481	993
FOLD	1476	575	575	111213	111213	0	372457
RAIL	11	54	481	994
FOLD	1479	576	576	111402	111402	0	373176
RAIL	32	32	482	996
FOLD	1484	577	577	111597	111597	0	374274
RAIL	12	53	484	999
FOLD	1493	578	578	111792	111792	0	376240
RAIL	32	32	488	1004
FOLD	1498	579	579	111987	111987	0	377466
RAIL	14	50	490	1007
FOLD	1505	580	580	112185	112185	0	379127
RAIL	32	32	493	1011
FOLD	1506	581	581	112377	112377	0	379534
RAIL	15	49	493	1012
FOLD	1507	582	582	112569	112569	0	379871
RAIL	32	32	493	1013
FOLD	1508	583	583	112761	112761	0	380363
RAIL	15	50	493	1014
FOLD	1537	584	584	112950	112950	0	386979
RAIL	32	32	507	1029
FOLD	1538	585	585	113142	113142	0	387341
RAIL	32	32	507	1030
FOLD	1539	586	586	113334	113334	0	387724
RAIL	30	34	507	1031
FOLD	1540	587	587	113526	113526	0	388137
RAIL	32	32	507	1032
FOLD	1549	588	588	113724	113724	0	390856
RAIL	32	32	511	1037
FOLD	1550	589	589	113916	113916	0	391209
RAIL	32	32	511	1038
FOLD	1555	590	590	114111	114111	0	392479
RAIL	32	32	513	1041
FOLD	1560	591	591	114306	114306	0	393553
RAIL	32	32	515	1044
FOLD	1561	592	592	114498	114498	0	393871
RAIL	8	56	515	1045
FOLD	1568	593	593	114693	114693	0	395631
RAIL	9	55	518	1049
FOLD	1569	594	594	114885	114885	0	395852
RAIL	32	32	518	1050
FOLD	1576	595	595	115077	115077	0	397415
RAIL	10	54	521	1054
FOLD	1593	596	596	115275	115275	0	401081
RAIL	32	32	529	1063
FOLD	1594	597	597	115467	115467	0	401421
RAIL	12	53	529	1064
FOLD	1597	598	598	115656	115656	0	402169
RAIL	32	32	530	1066
FOLD	1598	599	599	115848	115848	0	402561
RAIL	22	43	530	1067
FOLD	1599	600	600	116043	116043	0	403033
RAIL	32	32	530	1068
FOLD	1612	601	601	116238	116238	0	405904
RAIL	20	44	536	1075
FOLD	1613	602	602	116430	116430	0	406194
RAIL	32	32	536	1076
FOLD	1652	603	603	116625	116625	0	414740
RAIL	32	32	555	1096
FOLD	1653	604	604	116817	116817	0	415101
RAIL	32	32	555	1097
FOLD	1654	605	605	117009	117009	0	415555
RAIL	32	32	555	1098
FOLD	1659	606	606	117204	117204	0	417032
RAIL	32	32	557	1101
FOLD	1664	607	607	117399	117399	0	418365
RAIL	32	32	559	1104
FOLD	1665	608	608	117591	117591	0	418791
RAIL	32	32	559	1105
FOLD	1670	609	609	117786	117786	0	420302
RAIL	32	32	561	1108
FOLD	1677	610	610	117981	117981	0	421977
RAIL	32	32	564	1112
FOLD	1678	611	611	118173	118173	0	422316
RAIL	9	55	564	1113
FOLD	1679	612	612	118365	118365	0	422561
RAIL	32	32	564	1114
FOLD	1684	613	613	118560	118560	0	423944
RAIL	32	32	566	1117
FOLD	1707	614	614	118755	118755	0	428658
RAIL	22	43	577	1129
FOLD	1708	615	615	118950	118950	0	428975
RAIL	32	32	577	1130
FOLD	1709	616	616	119142	119142	0	429345
RAIL	13	51	577	1131
FOLD	1710	617	617	119334	119334	0	429649
RAIL	32	32	577	1132
FOLD	1763	618	618	119526	119526	0	441255
RAIL	32	32	603	1159
FOLD	1764	619	619	119718	119718	0	441587
RAIL	29	35	603	1160
FOLD	1765	620	620	119910	119910	0	441864
RAIL	32	32	603	1161
FOLD	1766	621	621	120102	120102	0	442234
RAIL	29	36	603	1162
FOLD	1767	622	622	120297	120297	0	442578
RAIL	32	32	603	1163
FOLD	1776	623	623	120492	120492	0	444840
RAIL	27	37	607	1168
FOLD	1777	624	624	120684	120684	0	445184
RAIL	32	32	607	1169
FOLD	1782	625	625	120879	120879	0	446404
RAIL	32	32	609	1172
FOLD	1787	626	626	121074	121074	0	447801
RAIL	9	55	611	1175
FOLD	1790	627	627	121266	121266	0	449113
RAIL	25	39	612	1177
FOLD	1791	628	628	121458	121458	0	449639
RAIL	32	32	612	1178
FOLD	1796	629	629	121653	121653	0	451196
RAIL	10	55	614	1181
FOLD	1797	630	630	121848	121848	0	452461
RAIL	32	32	614	1182
FOLD	1802	631	631	122043	122043	0	453773
RAIL	11	53	616	1185
FOLD	1809	632	632	122235	122235	0	455671
RAIL	32	32	619	1189
FOLD	1876	633	633	122430	122430	0	471344
RAIL	32	32	652	1223
FOLD	1877	634	634	122622	122622	0	471841
RAIL	32	32	652	1224
FOLD	1878	635	635	122814	122814	0	472783
RAIL	32	32	652	1225
FOLD	1879	636	636	123006	123006	0	473210
RAIL	28	36	652	1226
FOLD	1880	637	637	123198	123198	0	473575
RAIL	32	32	652	1227
FOLD	1887	638	638	123393	123393	0	475459
RAIL	27	38	655	1231
FOLD	1888	639	639	123588	123588	0	475774
RAIL	32	32	655	1232
FOLD	1895	640	640	123783	123783	0	477429
RAIL	32	32	658	1236
FOLD	1906	641	641	123981	123981	0	481601
RAIL	32	32	663	1242
FOLD	1907	642	642	124173	124173	0	481948
RAIL	24	40	663	1243
FOLD	1908	643	643	124365	124365	0	482307
RAIL	32	32	663	1244
FOLD	1909	644	644	124557	124557	0	482645
RAIL	24	41	663	1245
FOLD	1910	645	645	124752	124752	0	482938
RAIL	32	32	663	1246
FOLD	1915	646	646	124947	124947	0	484174
RAIL	23	41	665	1249
FOLD	1916	647	647	125139	125139	0	484486
RAIL	32	32	665	1250
FOLD	1991	648	648	125334	125334	0	501942
RAIL	32	32	702	1288
FOLD	1992	649	649	125526	125526	0	502276
RAIL	32	32	702	1289
FOLD	1993	650	650	125718	125718	0	502603
RAIL	32	32	702	1290
FOLD	1994	651	651	125910	125910	0	502932
RAIL	27	37	702	1291
FOLD	1995	652	652	126102	126102	0	503329
RAIL	32	32	702	1292
FOLD	1996	653	653	126294	126294	0	503675
RAIL	27	38	702	1293
FOLD	1997	654	654	126489	126489	0	504051
RAIL	32	32	702	1294
FOLD	1998	655	655	126681	126681	0	504388
RAIL	8	56	702	1295
FOLD	1999	656	656	126873	126873	0	504637
RAIL	32	32	702	1296
FOLD	2000	657	657	127065	127065	0	505024
RAIL	32	32	702	1297
FOLD	2005	658	658	127260	127260	0	506316
RAIL	9	55	704	1300
FOLD	2012	659	659	127455	127455	0	508538
RAIL	10	54	707	1304
FOLD	2013	660	660	127647	127647	0	508796
RAIL	32	32	707	1305
FOLD	2018	661	661	127842	127842	0	510149
RAIL	24	41	709	1308
FOLD	2025	662	662	128034	128034	0	511856
RAIL	32	32	712	1312
FOLD	2026	663	663	128226	128226	0	512209
RAIL	23	42	712	1313
FOLD	2029	664	664	128415	128415	0	512877
RAIL	32	32	713	1315
FOLD	2048	657	664	127068	128421	0	515878
RAIL	20	44	726	1321
FOLD	2100	665	665	128619	128619	0	528108
RAIL	32	32	748	1351
FOLD	2101	666	666	128811	128811	0	528449
RAIL	32	32	748	1352
FOLD	2106	667	667	129006	129006	0	529745
RAIL	32	32	750	1355
FOLD	2113	668	668	129201	129201	0	531195
RAIL	32	32	753	1359
FOLD	2114	669	669	129393	129393	0	531617
RAIL	9	55	753	1360
FOLD	2115	670	670	129585	129585	0	531869
RAIL	32	32	753	1361
FOLD	2116	671	671	129777	129777	0	532195
RAIL	32	32	753	1362
FOLD	2117	672	672	129969	129969	0	532572
RAIL	25	39	753	1363
FOLD	2118	673	673	130161	130161	0	532932
RAIL	32	32	753	1364
FOLD	2151	674	674	130353	130353	0	539922
RAIL	21	44	769	1381
FOLD	2206	675	675	130551	130551	0	550900
RAIL	28	36	796	1409
FOLD	2207	676	676	130743	130743	0	551282
RAIL	32	32	796	1410
FOLD	2216	677	677	130941	130941	0	553645
RAIL	8	56	800	1415
FOLD	2237	678	678	131127	131127	0	558077
RAIL	32	32	810	1426
FOLD	2238	679	679	131319	131319	0	558455
RAIL	11	53	810	1427
FOLD	2269	680	680	131517	131517	0	564619
RAIL	32	32	825	1443
FOLD	2310	681	681	131709	131709	0	573898
RAIL	32	32	845	1464
FOLD	2319	682	682	131907	131907	0	575968
RAIL	32	32	849	1469
FOLD	2320	683	683	132099	132099	0	576374
RAIL	32	32	849	1470
FOLD	2321	684	684	132291	132291	0	576770
RAIL	27	37	849	1471
FOLD	2322	685	685	132483	132483	0	577088
RAIL	32	32	849	1472
FOLD	2431	686	686	132678	132678	0	601399
RAIL	27	38	903	1527
FOLD	2522	687	687	132873	132873	0	621054
RAIL	32	32	948	1573
FOLD	4096	645	687	124740	132873	0	953366
RAIL	32	32	1756	2339
FOLD	8192	601	687	116235	132873	0	1801812
RAIL	32	32	3826	4365
FOLD	16384	585	687	113163	132873	0	3675473
RAIL	32	32	7930	8453
FOLD	32768	561	687	108483	132873	0	7520671
RAIL	26	39	16134	16633
