INPUT	51044703440874713	56	25	284
FRAME	1	0	1	1	37
FOLD	1	1	1	168	168	0	53
RAIL	2	54	0	0
FOLD	2	1	1	171	171	0	64
RAIL	2	55	1	0
FOLD	4	3	3	507	507	0	339
RAIL	28	29	2	1
FOLD	5	5	5	846	846	0	593
RAIL	3	53	2	2
FOLD	8	7	7	1185	1185	0	926
RAIL	27	30	4	3
FOLD	9	9	9	1524	1524	0	1195
RAIL	4	52	4	4
FOLD	12	11	11	1863	1863	0	1616
RAIL	26	31	6	5
FOLD	13	13	13	2202	2202	0	1863
RAIL	5	51	6	6
FOLD	14	15	15	2541	2541	0	2933
RAIL	5	52	6	7
FOLD	15	17	17	2880	2880	0	3155
RAIL	25	31	6	8
FOLD	16	19	19	3219	3219	0	3413
RAIL	25	32	6	9
FOLD	17	21	21	3558	3558	0	3709
RAIL	6	50	6	10
FOLD	18	23	23	3897	3897	0	3970
RAIL	6	51	6	11
FOLD	19	25	25	4236	4236	0	4193
RAIL	24	32	6	12
FOLD	20	27	27	4575	4575	0	4436
RAIL	24	33	6	13
FOLD	21	29	29	4914	4914	0	4672
RAIL	7	49	6	14
FOLD	22	31	31	5253	5253	0	4913
RAIL	7	50	6	15
FOLD	23	33	33	5592	5592	0	5130
RAIL	23	33	6	16
FOLD	24	35	35	5931	5931	0	5402
RAIL	23	34	6	17
FOLD	25	37	37	6270	6270	0	5657
RAIL	8	48	6	18
FOLD	26	39	39	6609	6609	0	5913
RAIL	8	49	6	19
FOLD	27	41	41	6948	6948	0	6157
RAIL	22	34	6	20
FOLD	28	43	43	7287	7287	0	6432
RAIL	22	35	6	21
FOLD	29	45	45	7626	7626	0	6721
RAIL	9	47	6	22
FOLD	30	47	47	7965	7965	0	6932
RAIL	9	48	6	23
FOLD	31	49	49	8304	8304	0	7206
RAIL	21	35	6	24
FOLD	32	51	51	8643	8643	0	7439
RAIL	21	36	6	25
FOLD	33	53	53	8982	8982	0	7697
RAIL	10	46	6	26
FOLD	34	55	55	9321	9321	0	7918
RAIL	10	47	6	27
FOLD	35	57	57	9660	9660	0	8193
RAIL	20	36	6	28
FOLD	36	59	59	9999	9999	0	8475
RAIL	20	37	6	29
FOLD	37	61	61	10338	10338	0	8741
RAIL	11	45	6	30
FOLD	38	63	63	10677	10677	0	8964
RAIL	11	46	6	31
FOLD	39	65	65	11016	11016	0	9186
RAIL	19	37	6	32
FOLD	40	67	67	11355	11355	0	9491
RAIL	19	38	6	33
FOLD	41	69	69	11694	11694	0	9806
RAIL	12	44	6	34
FOLD	42	71	71	12033	12033	0	10960
RAIL	12	45	6	35
FOLD	43	73	73	12372	12372	0	11207
RAIL	18	38	6	36
FOLD	44	75	75	12711	12711	0	11487
RAIL	18	39	6	37
FOLD	45	77	77	13050	13050	0	11800
RAIL	13	43	6	38
FOLD	46	79	79	13389	13389	0	12090
RAIL	13	44	6	39
FOLD	47	81	81	13728	13728	0	12313
RAIL	17	39	6	40
FOLD	48	83	83	14067	14067	0	12575
RAIL	17	40	6	41
FOLD	49	85	85	14406	14406	0	12837
RAIL	14	42	6	42
FOLD	50	87	87	14745	14745	0	13046
RAIL	14	43	6	43
FOLD	51	89	89	15084	15084	0	13261
RAIL	16	40	6	44
FOLD	52	91	91	15423	15423	0	13516
RAIL	16	41	6	45
FOLD	53	93	93	15762	15762	0	13753
RAIL	15	41	6	46
FOLD	54	95	95	16101	16101	0	13968
RAIL	15	42	6	47
FOLD	55	96	96	16272	16272	0	14251
RAIL	28	28	6	48
FOLD	56	97	97	16440	16440	0	14523
RAIL	28	28	6	49
FOLD	57	98	98	16608	16608	0	14796
RAIL	28	28	6	50
FOLD	58	99	99	16776	16776	0	15190
RAIL	28	28	6	51
FOLD	59	100	100	16944	16944	0	15468
RAIL	28	29	6	52
FOLD	60	101	101	17115	17115	0	15732
RAIL	28	28	6	53
FOLD	61	102	102	17283	17283	0	16014
RAIL	28	28	6	54
FOLD	62	103	103	17451	17451	0	16284
RAIL	28	28	6	55
FOLD	63	104	104	17619	17619	0	16553
RAIL	27	29	6	56
FOLD	64	105	105	17787	17787	0	16825
RAIL	28	28	6	57
FOLD	65	106	106	17955	17955	0	17066
RAIL	27	30	6	58
FOLD	66	107	107	18126	18126	0	17371
RAIL	28	28	6	59
FOLD	67	108	108	18294	18294	0	17646
RAIL	28	28	6	60
FOLD	68	109	109	18462	18462	0	17899
RAIL	28	28	6	61
FOLD	69	110	110	18630	18630	0	19029
RAIL	26	30	6	62
FOLD	70	111	111	18798	18798	0	19246
RAIL	28	28	6	63
FOLD	71	112	112	18966	18966	0	19516
RAIL	26	31	6	64
FOLD	72	113	113	19137	19137	0	19740
RAIL	28	28	6	65
FOLD	73	114	114	19305	19305	0	19992
RAIL	5	51	6	66
FOLD	78	115	115	19470	19470	0	20772
RAIL	28	28	8	69
FOLD	79	116	116	19638	19638	0	21038
RAIL	25	32	8	70
FOLD	80	117	117	19809	19809	0	21306
RAIL	28	28	8	71
FOLD	81	118	118	19977	19977	0	21687
RAIL	6	50	8	72
FOLD	86	119	119	20142	20142	0	22692
RAIL	28	28	10	75
FOLD	87	120	120	20310	20310	0	23019
RAIL	24	33	10	76
FOLD	88	121	121	20481	20481	0	23277
RAIL	28	28	10	77
FOLD	89	122	122	20649	20649	0	23577
RAIL	7	49	10	78
FOLD	90	123	123	20817	20817	0	23784
RAIL	28	28	10	79
FOLD	95	124	124	20988	20988	0	24686
RAIL	23	34	12	82
FOLD	96	125	125	21159	21159	0	24924
RAIL	28	28	12	83
FOLD	101	126	126	21330	21330	0	25887
RAIL	22	34	14	86
FOLD	102	127	127	21498	21498	0	26130
RAIL	28	28	14	87
FOLD	103	128	128	21666	21666	0	26429
RAIL	22	35	14	88
FOLD	104	129	129	21837	21837	0	26695
RAIL	28	28	14	89
FOLD	111	130	130	22008	22008	0	28347
RAIL	21	36	17	93
FOLD	112	131	131	22179	22179	0	28629
RAIL	28	28	17	94
FOLD	113	132	132	22347	22347	0	28983
RAIL	10	46	17	95
FOLD	114	133	133	22515	22515	0	29335
RAIL	28	28	17	96
FOLD	115	134	134	22683	22683	0	29686
RAIL	10	47	17	97
FOLD	116	135	135	22854	22854	0	30026
RAIL	28	28	17	98
FOLD	121	136	136	23025	23025	0	31017
RAIL	11	45	19	101
FOLD	122	137	137	23193	23193	0	31330
RAIL	28	28	19	102
FOLD	127	138	138	23364	23364	0	32334
RAIL	19	38	21	105
FOLD	128	139	139	23535	23535	0	32586
RAIL	28	28	21	106
FOLD	129	140	140	23703	23703	0	32956
RAIL	12	44	21	107
FOLD	130	141	141	23871	23871	0	33190
RAIL	28	28	21	108
FOLD	137	142	142	24045	24045	0	34732
RAIL	13	43	24	112
FOLD	138	143	143	24213	24213	0	34952
RAIL	28	28	24	113
FOLD	139	144	144	24381	24381	0	35221
RAIL	13	44	24	114
FOLD	140	145	145	24552	24552	0	35470
RAIL	28	28	24	115
FOLD	141	146	146	24720	24720	0	35744
RAIL	17	39	24	116
FOLD	142	147	147	24888	24888	0	35992
RAIL	28	28	24	117
FOLD	143	148	148	25056	25056	0	36284
RAIL	17	40	24	118
FOLD	144	149	149	25227	25227	0	36537
RAIL	28	28	24	119
FOLD	149	150	150	25398	25398	0	37865
RAIL	16	40	26	122
FOLD	150	151	151	25566	25566	0	38099
RAIL	28	28	26	123
FOLD	155	152	152	25737	25737	0	38880
RAIL	15	42	28	126
FOLD	156	153	153	25908	25908	0	39093
RAIL	28	28	28	127
FOLD	157	154	154	26076	26076	0	39414
RAIL	28	28	28	128
FOLD	164	155	155	26247	26247	0	40985
RAIL	27	29	31	132
FOLD	165	156	156	26415	26415	0	41234
RAIL	28	28	31	133
FOLD	172	157	157	26586	26586	0	42934
RAIL	26	31	34	137
FOLD	173	158	158	26757	26757	0	43224
RAIL	28	28	34	138
FOLD	184	159	159	26925	26925	0	45565
RAIL	6	51	39	144
FOLD	187	160	160	27090	27090	0	46258
RAIL	28	28	40	146
FOLD	188	161	161	27258	27258	0	46612
RAIL	24	33	40	147
FOLD	189	162	162	27429	27429	0	46957
RAIL	28	28	40	148
FOLD	200	163	163	27597	27597	0	49020
RAIL	8	49	45	154
FOLD	201	164	164	27768	27768	0	49281
RAIL	28	28	45	155
FOLD	202	165	165	27936	27936	0	49740
RAIL	22	34	45	156
FOLD	203	166	166	28104	28104	0	50015
RAIL	28	28	45	157
FOLD	208	167	167	28275	28275	0	51158
RAIL	9	48	47	160
FOLD	209	168	168	28446	28446	0	51368
RAIL	28	28	47	161
FOLD	214	169	169	28617	28617	0	52171
RAIL	10	46	49	164
FOLD	215	170	170	28785	28785	0	52467
RAIL	28	28	49	165
FOLD	216	171	171	28953	28953	0	52811
RAIL	10	47	49	166
FOLD	217	172	172	29124	29124	0	53034
RAIL	28	28	49	167
FOLD	218	173	173	29292	29292	0	53333
RAIL	20	36	49	168
FOLD	219	174	174	29460	29460	0	53694
RAIL	28	28	49	169
FOLD	224	175	175	29631	29631	0	54680
RAIL	11	46	51	172
FOLD	225	176	176	29802	29802	0	54902
RAIL	28	28	51	173
FOLD	230	177	177	29973	29973	0	55784
RAIL	12	44	53	176
FOLD	231	178	178	30141	30141	0	55994
RAIL	28	28	53	177
FOLD	232	179	179	30309	30309	0	56369
RAIL	12	45	53	178
FOLD	233	180	180	30480	30480	0	56624
RAIL	28	28	53	179
FOLD	240	181	181	30651	30651	0	58309
RAIL	13	44	56	183
FOLD	241	182	182	30822	30822	0	58559
RAIL	28	28	56	184
FOLD	242	183	183	30990	30990	0	58834
RAIL	17	39	56	185
FOLD	243	184	184	31158	31158	0	59085
RAIL	28	28	56	186
FOLD	244	185	185	31326	31326	0	59410
RAIL	17	40	56	187
FOLD	245	186	186	31497	31497	0	59669
RAIL	28	28	56	188
FOLD	246	187	187	31665	31665	0	59960
RAIL	14	42	56	189
FOLD	247	188	188	31833	31833	0	60170
RAIL	28	28	56	190
FOLD	252	189	189	32004	32004	0	61044
RAIL	16	41	58	193
FOLD	253	190	190	32175	32175	0	61283
RAIL	28	28	58	194
FOLD	256	189	190	32007	32175	0	61682
RAIL	15	42	60	195
FOLD	258	191	191	32346	32346	0	62157
RAIL	28	28	60	197
FOLD	259	192	192	32514	32514	0	62487
RAIL	28	28	60	198
FOLD	266	193	193	32685	32685	0	64040
RAIL	28	28	63	202
FOLD	267	194	194	32853	32853	0	64335
RAIL	27	30	63	203
FOLD	268	195	195	33024	33024	0	64596
RAIL	28	28	63	204
FOLD	277	196	196	33195	33195	0	66269
RAIL	25	31	67	209
FOLD	278	197	197	33363	33363	0	66546
RAIL	28	28	67	210
FOLD	287	198	198	33537	33537	0	68238
RAIL	28	28	71	215
FOLD	288	199	199	33705	33705	0	68493
RAIL	7	49	71	216
FOLD	293	200	200	33870	33870	0	69274
RAIL	28	28	73	219
FOLD	294	201	201	34038	34038	0	69610
RAIL	23	34	73	220
FOLD	295	202	202	34209	34209	0	69827
RAIL	28	28	73	221
FOLD	308	203	203	34380	34380	0	71898
RAIL	21	35	79	228
FOLD	309	204	204	34548	34548	0	72146
RAIL	28	28	79	229
FOLD	314	205	205	34719	34719	0	73080
RAIL	10	47	81	232
FOLD	315	206	206	34890	34890	0	73293
RAIL	28	28	81	233
FOLD	320	207	207	35061	35061	0	74183
RAIL	11	45	83	236
FOLD	321	208	208	35229	35229	0	74465
RAIL	28	28	83	237
FOLD	322	209	209	35397	35397	0	74740
RAIL	11	46	83	238
FOLD	323	210	210	35568	35568	0	75019
RAIL	28	28	83	239
FOLD	324	211	211	35736	35736	0	75303
RAIL	19	37	83	240
FOLD	325	212	212	35904	35904	0	75562
RAIL	28	28	83	241
FOLD	330	213	213	36075	36075	0	76479
RAIL	12	45	85	244
FOLD	331	214	214	36246	36246	0	76782
RAIL	28	28	85	245
FOLD	336	215	215	36417	36417	0	77758
RAIL	13	43	87	248
FOLD	337	216	216	36585	36585	0	78008
RAIL	28	28	87	249
FOLD	338	217	217	36753	36753	0	78284
RAIL	13	44	87	250
FOLD	339	218	218	36924	36924	0	78530
RAIL	28	28	87	251
FOLD	344	219	219	37095	37095	0	79528
RAIL	14	42	89	254
FOLD	345	220	220	37263	37263	0	79790
RAIL	28	28	89	255
FOLD	350	221	221	37434	37434	0	80598
RAIL	16	41	91	258
FOLD	351	222	222	37605	37605	0	80859
RAIL	28	28	91	259
FOLD	352	223	223	37773	37773	0	81111
RAIL	15	41	91	260
FOLD	353	224	224	37941	37941	0	81351
RAIL	28	28	91	261
FOLD	354	225	225	38109	38109	0	81683
RAIL	15	42	91	262
FOLD	355	226	226	38280	38280	0	81964
RAIL	28	28	91	263
FOLD	356	227	227	38448	38448	0	82234
RAIL	28	28	91	264
FOLD	365	228	228	38619	38619	0	83919
RAIL	27	30	95	269
FOLD	366	229	229	38790	38790	0	84185
RAIL	28	28	95	270
FOLD	373	230	230	38961	38961	0	85713
RAIL	28	28	98	274
FOLD	374	231	231	39129	39129	0	85993
RAIL	28	28	98	275
FOLD	383	232	232	39300	39300	0	87859
RAIL	28	28	102	280
FOLD	392	233	233	39474	39474	0	89533
RAIL	23	34	106	285
FOLD	393	234	234	39645	39645	0	89750
RAIL	28	28	106	286
FOLD	394	235	235	39813	39813	0	90003
RAIL	8	48	106	287
FOLD	399	236	236	39978	39978	0	90833
RAIL	28	28	108	290
FOLD	412	237	237	40149	40149	0	92853
RAIL	10	47	114	297
FOLD	413	238	238	40320	40320	0	93157
RAIL	28	28	114	298
FOLD	420	239	239	40491	40491	0	94675
RAIL	11	46	117	302
FOLD	421	240	240	40662	40662	0	94885
RAIL	28	28	117	303
FOLD	422	241	241	40830	40830	0	95137
RAIL	19	37	117	304
FOLD	423	242	242	40998	40998	0	95325
RAIL	28	28	117	305
FOLD	424	243	243	41166	41166	0	95581
RAIL	19	38	117	306
FOLD	425	244	244	41337	41337	0	95783
RAIL	28	28	117	307
FOLD	432	245	245	41508	41508	0	97229
RAIL	18	39	120	311
FOLD	433	246	246	41679	41679	0	97575
RAIL	28	28	120	312
FOLD	434	247	247	41847	41847	0	97862
RAIL	13	43	120	313
FOLD	435	248	248	42015	42015	0	98096
RAIL	28	28	120	314
FOLD	442	249	249	42189	42189	0	99411
RAIL	14	42	123	318
FOLD	443	250	250	42357	42357	0	99642
RAIL	28	28	123	319
FOLD	444	251	251	42525	42525	0	99967
RAIL	14	43	123	320
FOLD	445	252	252	42696	42696	0	100221
RAIL	28	28	123	321
FOLD	446	253	253	42864	42864	0	100472
RAIL	16	40	123	322
FOLD	447	254	254	43032	43032	0	100654
RAIL	28	28	123	323
FOLD	448	255	255	43200	43200	0	100955
RAIL	16	41	123	324
FOLD	449	256	256	43371	43371	0	101209
RAIL	28	28	123	325
FOLD	454	257	257	43542	43542	0	102181
RAIL	28	28	125	328
FOLD	459	258	258	43713	43713	0	103022
RAIL	28	28	127	331
FOLD	466	259	259	43884	43884	0	104401
RAIL	28	28	130	335
FOLD	467	260	260	44052	44052	0	104722
RAIL	26	30	130	336
FOLD	468	261	261	44220	44220	0	104911
RAIL	28	28	130	337
FOLD	475	262	262	44391	44391	0	106350
RAIL	25	32	133	341
FOLD	476	263	263	44562	44562	0	106599
RAIL	28	28	133	342
FOLD	483	264	264	44733	44733	0	107908
RAIL	7	49	136	346
FOLD	488	265	265	44898	44898	0	108699
RAIL	28	28	138	349
FOLD	489	266	266	45066	45066	0	108954
RAIL	23	34	138	350
FOLD	490	267	267	45237	45237	0	109160
RAIL	28	28	138	351
FOLD	491	268	268	45405	45405	0	109448
RAIL	8	48	138	352
FOLD	492	269	269	45573	45573	0	110543
RAIL	28	28	138	353
FOLD	493	270	270	45741	45741	0	110810
RAIL	8	49	138	354
FOLD	494	271	271	45912	45912	0	111011
RAIL	28	28	138	355
FOLD	499	272	272	46083	46083	0	111889
RAIL	9	47	140	358
FOLD	512	269	272	45576	46083	0	113398
RAIL	28	28	148	363
FOLD	518	273	273	46254	46254	0	115378
RAIL	28	28	149	368
FOLD	519	274	274	46422	46422	0	115657
RAIL	19	37	149	369
FOLD	520	275	275	46590	46590	0	115849
RAIL	28	28	149	370
FOLD	525	276	276	46761	46761	0	116676
RAIL	12	45	151	373
FOLD	526	277	277	46932	46932	0	116923
RAIL	28	28	151	374
FOLD	531	278	278	47103	47103	0	117789
RAIL	13	43	153	377
FOLD	532	279	279	47271	47271	0	118064
RAIL	28	28	153	378
FOLD	533	280	280	47439	47439	0	118373
RAIL	13	44	153	379
FOLD	534	281	281	47610	47610	0	118595
RAIL	28	28	153	380
FOLD	541	282	282	47781	47781	0	119911
RAIL	14	43	156	384
FOLD	542	283	283	47952	47952	0	120130
RAIL	28	28	156	385
FOLD	543	284	284	48120	48120	0	120387
RAIL	16	40	156	386
FOLD	544	285	285	48288	48288	0	120665
RAIL	28	28	156	387
FOLD	545	286	286	48456	48456	0	120957
RAIL	16	41	156	388
FOLD	546	287	287	48627	48627	0	121184
RAIL	28	28	156	389
FOLD	547	288	288	48795	48795	0	121490
RAIL	15	41	156	390
FOLD	548	289	289	48963	48963	0	121712
RAIL	28	28	156	391
FOLD	557	290	290	49137	49137	0	123198
RAIL	28	28	160	396
FOLD	564	291	291	49308	49308	0	124587
RAIL	26	30	163	400
FOLD	565	292	292	49476	49476	0	124812
RAIL	28	28	163	401
FOLD	566	293	293	49644	49644	0	125095
RAIL	26	31	163	402
FOLD	567	294	294	49815	49815	0	125326
RAIL	28	28	163	403
FOLD	576	295	295	49986	49986	0	126859
RAIL	24	32	167	408
FOLD	577	296	296	50154	50154	0	127117
RAIL	28	28	167	409
FOLD	586	297	297	50322	50322	0	128925
RAIL	23	34	171	414
FOLD	587	298	298	50493	50493	0	129177
RAIL	28	28	171	415
FOLD	588	299	299	50661	50661	0	129504
RAIL	8	48	171	416
FOLD	593	300	300	50826	50826	0	130398
RAIL	28	28	173	419
FOLD	598	301	301	50997	50997	0	131284
RAIL	9	48	175	422
FOLD	599	302	302	51168	51168	0	131481
RAIL	28	28	175	423
FOLD	604	303	303	51339	51339	0	132365
RAIL	10	46	177	426
FOLD	621	304	304	51507	51507	0	135013
RAIL	28	28	185	435
FOLD	622	305	305	51675	51675	0	135338
RAIL	12	45	185	436
FOLD	623	306	306	51846	51846	0	135599
RAIL	28	28	185	437
FOLD	630	307	307	52017	52017	0	136982
RAIL	13	44	188	441
FOLD	631	308	308	52188	52188	0	137213
RAIL	28	28	188	442
FOLD	632	309	309	52356	52356	0	137630
RAIL	17	39	188	443
FOLD	633	310	310	52524	52524	0	137828
RAIL	28	28	188	444
FOLD	638	311	311	52695	52695	0	138670
RAIL	14	43	190	447
FOLD	639	312	312	52866	52866	0	138930
RAIL	28	28	190	448
FOLD	644	313	313	53037	53037	0	139739
RAIL	15	41	192	451
FOLD	645	314	314	53205	53205	0	139951
RAIL	28	28	192	452
FOLD	646	315	315	53373	53373	0	140295
RAIL	15	42	192	453
FOLD	647	316	316	53544	53544	0	140509
RAIL	28	28	192	454
FOLD	648	317	317	53712	53712	0	140759
RAIL	28	28	192	455
FOLD	649	318	318	53880	53880	0	141014
RAIL	28	28	192	456
FOLD	658	319	319	54054	54054	0	142411
RAIL	28	28	196	461
FOLD	659	320	320	54222	54222	0	142725
RAIL	28	28	196	462
FOLD	666	321	321	54393	54393	0	144279
RAIL	28	28	199	466
FOLD	667	322	322	54561	54561	0	144544
RAIL	25	31	199	467
FOLD	668	323	323	54729	54729	0	144738
RAIL	28	28	199	468
FOLD	675	324	324	54900	54900	0	146247
RAIL	24	33	202	472
FOLD	676	325	325	55071	55071	0	146488
RAIL	28	28	202	473
FOLD	689	326	326	55239	55239	0	148734
RAIL	28	28	208	480
FOLD	690	327	327	55407	55407	0	149021
RAIL	22	35	208	481
FOLD	691	328	328	55578	55578	0	149256
RAIL	28	28	208	482
FOLD	692	329	329	55746	55746	0	149578
RAIL	9	47	208	483
FOLD	705	330	330	55917	55917	0	151435
RAIL	28	28	214	490
FOLD	706	331	331	56085	56085	0	151733
RAIL	20	37	214	491
FOLD	707	332	332	56256	56256	0	151945
RAIL	28	28	214	492
FOLD	728	333	333	56427	56427	0	155253
RAIL	17	39	224	503
FOLD	729	334	334	56595	56595	0	155453
RAIL	28	28	224	504
FOLD	734	335	335	56766	56766	0	156254
RAIL	14	43	226	507
FOLD	735	336	336	56937	56937	0	156513
RAIL	28	28	226	508
FOLD	736	337	337	57105	57105	0	156821
RAIL	16	40	226	509
FOLD	737	338	338	57273	57273	0	157045
RAIL	28	28	226	510
FOLD	742	339	339	57444	57444	0	158016
RAIL	15	42	228	513
FOLD	743	340	340	57615	57615	0	158243
RAIL	28	28	228	514
FOLD	748	341	341	57786	57786	0	159037
RAIL	28	28	230	517
FOLD	749	342	342	57954	57954	0	159346
RAIL	28	28	230	518
FOLD	750	343	343	58122	58122	0	159637
RAIL	28	28	230	519
FOLD	755	344	344	58293	58293	0	160522
RAIL	28	28	232	522
FOLD	760	345	345	58464	58464	0	161302
RAIL	28	28	234	525
FOLD	761	346	346	58632	58632	0	161657
RAIL	28	28	234	526
FOLD	768	347	347	58803	58803	0	163175
RAIL	28	28	237	530
FOLD	769	348	348	58971	58971	0	163488
RAIL	24	32	237	531
FOLD	770	349	349	59139	59139	0	163686
RAIL	28	28	237	532
FOLD	779	350	350	59313	59313	0	165563
RAIL	28	28	241	537
FOLD	786	351	351	59484	59484	0	166972
RAIL	22	35	244	541
FOLD	787	352	352	59655	59655	0	167186
RAIL	28	28	244	542
FOLD	788	353	353	59823	59823	0	167429
RAIL	9	47	244	543
FOLD	793	354	354	59988	59988	0	168389
RAIL	28	28	246	546
FOLD	794	355	355	60156	60156	0	168691
RAIL	21	36	246	547
FOLD	795	356	356	60327	60327	0	168903
RAIL	28	28	246	548
FOLD	808	357	357	60498	60498	0	171001
RAIL	19	37	252	555
FOLD	809	358	358	60666	60666	0	171207
RAIL	28	28	252	556
FOLD	820	359	359	60837	60837	0	174237
RAIL	13	43	257	562
FOLD	831	360	360	61008	61008	0	178008
RAIL	28	28	262	568
FOLD	838	361	361	61179	61179	0	180463
RAIL	15	42	265	572
FOLD	839	362	362	61350	61350	0	180794
RAIL	28	28	265	573
FOLD	840	363	363	61518	61518	0	181200
RAIL	28	28	265	574
FOLD	841	364	364	61686	61686	0	181677
RAIL	28	28	265	575
FOLD	842	365	365	61854	61854	0	182204
RAIL	28	28	265	576
FOLD	851	366	366	62028	62028	0	184230
RAIL	28	28	269	581
FOLD	852	367	367	62196	62196	0	184507
RAIL	28	28	269	582
FOLD	859	368	368	62367	62367	0	185965
RAIL	25	31	272	586
FOLD	860	369	369	62535	62535	0	186191
RAIL	28	28	272	587
FOLD	861	370	370	62703	62703	0	186486
RAIL	25	32	272	588
FOLD	862	371	371	62874	62874	0	186715
RAIL	28	28	272	589
FOLD	869	372	372	63045	63045	0	188091
RAIL	28	28	275	593
FOLD	876	373	373	63216	63216	0	189289
RAIL	28	28	278	597
FOLD	877	374	374	63384	63384	0	189539
RAIL	8	49	278	598
FOLD	878	375	375	63555	63555	0	189747
RAIL	28	28	278	599
FOLD	879	376	376	63723	63723	0	189987
RAIL	22	34	278	600
FOLD	880	377	377	63891	63891	0	190240
RAIL	28	28	278	601
FOLD	881	378	378	64059	64059	0	190573
RAIL	22	35	278	602
FOLD	882	379	379	64230	64230	0	190829
RAIL	28	28	278	603
FOLD	883	380	380	64398	64398	0	191108
RAIL	9	47	278	604
FOLD	884	381	381	64566	64566	0	191317
RAIL	28	28	278	605
FOLD	885	382	382	64734	64734	0	191576
RAIL	9	48	278	606
FOLD	886	383	383	64905	64905	0	191779
RAIL	28	28	278	607
FOLD	887	384	384	65073	65073	0	192046
RAIL	21	35	278	608
FOLD	888	385	385	65241	65241	0	192268
RAIL	28	28	278	609
FOLD	889	386	386	65409	65409	0	192533
RAIL	21	36	278	610
FOLD	890	387	387	65580	65580	0	192769
RAIL	28	28	278	611
FOLD	913	388	388	65751	65751	0	196850
RAIL	18	39	289	623
FOLD	914	389	389	65922	65922	0	197079
RAIL	28	28	289	624
FOLD	915	390	390	66090	66090	0	197349
RAIL	13	43	289	625
FOLD	938	391	391	66261	66261	0	201248
RAIL	28	29	300	637
FOLD	939	392	392	66432	66432	0	201495
RAIL	28	28	300	638
FOLD	940	393	393	66600	66600	0	201976
RAIL	28	28	300	639
FOLD	945	394	394	66771	66771	0	202980
RAIL	28	28	302	642
FOLD	950	395	395	66939	66939	0	203836
RAIL	26	31	304	645
FOLD	951	396	396	67110	67110	0	204061
RAIL	28	28	304	646
FOLD	960	397	397	67281	67281	0	205631
RAIL	24	32	308	651
FOLD	961	398	398	67449	67449	0	205847
RAIL	28	28	308	652
FOLD	962	399	399	67617	67617	0	206097
RAIL	24	33	308	653
FOLD	963	400	400	67788	67788	0	206325
RAIL	28	28	308	654
FOLD	970	401	401	67959	67959	0	207950
RAIL	8	48	311	658
FOLD	981	402	402	68130	68130	0	209811
RAIL	28	28	316	664
FOLD	982	403	403	68298	68298	0	210062
RAIL	21	35	316	665
FOLD	983	404	404	68466	68466	0	210327
RAIL	28	28	316	666
FOLD	984	405	405	68634	68634	0	210567
RAIL	21	36	316	667
FOLD	985	406	406	68805	68805	0	210790
RAIL	28	28	316	668
FOLD	986	407	407	68973	68973	0	211090
RAIL	10	46	316	669
FOLD	987	408	408	69141	69141	0	211272
RAIL	28	28	316	670
FOLD	992	409	409	69312	69312	0	212228
RAIL	20	37	318	673
FOLD	993	410	410	69483	69483	0	212458
RAIL	28	28	318	674
FOLD	1014	411	411	69654	69654	0	215630
RAIL	17	39	328	685
FOLD	1015	412	412	69822	69822	0	215839
RAIL	28	28	328	686
FOLD	1016	413	413	69990	69990	0	216119
RAIL	17	40	328	687
FOLD	1017	414	414	70161	70161	0	216347
RAIL	28	28	328	688
FOLD	1024	411	414	69654	70161	0	217095
RAIL	16	41	333	690
FOLD	1040	415	415	70332	70332	0	220293
RAIL	28	28	339	700
FOLD	1049	416	416	70503	70503	0	221816
RAIL	25	31	343	705
FOLD	1050	417	417	70671	70671	0	222047
RAIL	28	28	343	706
FOLD	1059	418	418	70845	70845	0	223503
RAIL	28	28	347	711
FOLD	1060	419	419	71013	71013	0	223771
RAIL	28	28	347	712
FOLD	1061	420	420	71181	71181	0	224035
RAIL	23	33	347	713
FOLD	1062	421	421	71349	71349	0	224251
RAIL	28	28	347	714
FOLD	1083	422	422	71520	71520	0	227976
RAIL	10	47	357	725
FOLD	1084	423	423	71691	71691	0	228177
RAIL	28	28	357	726
FOLD	1085	424	424	71859	71859	0	228426
RAIL	20	36	357	727
FOLD	1086	425	425	72027	72027	0	228632
RAIL	28	28	357	728
FOLD	1087	426	426	72195	72195	0	228930
RAIL	20	37	357	729
FOLD	1088	427	427	72366	72366	0	229153
RAIL	28	28	357	730
FOLD	1089	428	428	72534	72534	0	229458
RAIL	11	45	357	731
FOLD	1090	429	429	72702	72702	0	229677
RAIL	28	28	357	732
FOLD	1095	430	430	72873	72873	0	230437
RAIL	19	38	359	735
FOLD	1096	431	431	73044	73044	0	230663
RAIL	28	28	359	736
FOLD	1117	432	432	73215	73215	0	234408
RAIL	16	40	369	747
FOLD	1140	433	433	73383	73383	0	238270
RAIL	26	31	380	759
FOLD	1141	434	434	73554	73554	0	238505
RAIL	28	28	380	760
FOLD	1150	435	435	73725	73725	0	239958
RAIL	24	32	384	765
FOLD	1151	436	436	73893	73893	0	240169
RAIL	28	28	384	766
FOLD	1158	437	437	74064	74064	0	241630
RAIL	23	34	387	770
FOLD	1159	438	438	74235	74235	0	241885
RAIL	28	28	387	771
FOLD	1160	439	439	74403	74403	0	242144
RAIL	8	48	387	772
FOLD	1161	440	440	74571	74571	0	242310
RAIL	28	28	387	773
FOLD	1168	441	441	74745	74745	0	243693
RAIL	9	47	390	777
FOLD	1183	442	442	74913	74913	0	246233
RAIL	28	28	397	785
FOLD	1184	443	443	75081	75081	0	246492
RAIL	11	45	397	786
FOLD	1185	444	444	75249	75249	0	246744
RAIL	28	28	397	787
FOLD	1186	445	445	75417	75417	0	247026
RAIL	11	46	397	788
FOLD	1193	446	446	75585	75585	0	248116
RAIL	28	28	400	792
FOLD	1198	447	447	75756	75756	0	249300
RAIL	18	39	402	795
FOLD	1199	448	448	75927	75927	0	249603
RAIL	28	28	402	796
FOLD	1200	449	449	76095	76095	0	249874
RAIL	13	43	402	797
FOLD	1251	450	450	76269	76269	0	258737
RAIL	23	33	427	823
FOLD	1252	451	451	76437	76437	0	258954
RAIL	28	28	427	824
FOLD	1253	452	452	76605	76605	0	259213
RAIL	23	34	427	825
FOLD	1254	453	453	76776	76776	0	259441
RAIL	28	28	427	826
FOLD	1269	454	454	76947	76947	0	262029
RAIL	21	36	434	834
FOLD	1270	455	455	77118	77118	0	262276
RAIL	28	28	434	835
FOLD	1279	456	456	77286	77286	0	263682
RAIL	11	45	438	840
FOLD	1282	457	457	77457	77457	0	264163
RAIL	28	28	439	842
FOLD	1283	458	458	77625	77625	0	264429
RAIL	19	37	439	843
FOLD	1284	459	459	77793	77793	0	264722
RAIL	28	28	439	844
FOLD	1285	460	460	77961	77961	0	265015
RAIL	19	38	439	845
FOLD	1286	461	461	78132	78132	0	265288
RAIL	28	28	439	846
FOLD	1287	462	462	78300	78300	0	265616
RAIL	12	44	439	847
FOLD	1288	463	463	78468	78468	0	265849
RAIL	28	28	439	848
FOLD	1343	464	464	78642	78642	0	275032
RAIL	28	28	466	876
FOLD	1344	465	465	78810	78810	0	275321
RAIL	28	28	466	877
FOLD	1355	466	466	78978	78978	0	277420
RAIL	28	28	471	883
FOLD	1368	467	467	79149	79149	0	279474
RAIL	10	47	477	890
FOLD	1369	468	468	79320	79320	0	279670
RAIL	28	28	477	891
FOLD	1430	469	469	79491	79491	0	290084
RAIL	28	28	507	922
FOLD	1431	470	470	79659	79659	0	290520
RAIL	25	32	507	923
FOLD	1432	471	471	79830	79830	0	290764
RAIL	28	28	507	924
FOLD	1433	472	472	79998	79998	0	291063
RAIL	28	28	507	925
FOLD	1438	473	473	80169	80169	0	291976
RAIL	28	28	509	928
FOLD	1443	474	474	80337	80337	0	292877
RAIL	23	34	511	931
FOLD	1444	475	475	80508	80508	0	293218
RAIL	28	28	511	932
FOLD	1451	476	476	80679	80679	0	294784
RAIL	9	47	514	936
FOLD	1532	477	477	80847	80847	0	307672
RAIL	28	28	554	977
FOLD	1533	478	478	81015	81015	0	307988
RAIL	28	28	554	978
FOLD	1534	479	479	81183	81183	0	308352
RAIL	23	33	554	979
FOLD	1535	480	480	81351	81351	0	308587
RAIL	28	28	554	980
FOLD	1544	481	481	81525	81525	0	310391
RAIL	9	47	558	985
FOLD	1545	482	482	81693	81693	0	310577
RAIL	28	28	558	986
FOLD	1546	483	483	81861	81861	0	310897
RAIL	9	48	558	987
FOLD	1547	484	484	82032	82032	0	311116
RAIL	28	28	558	988
FOLD	1628	485	485	82203	82203	0	325749
RAIL	28	28	598	1029
FOLD	1629	486	486	82371	82371	0	326052
RAIL	23	34	598	1030
FOLD	1630	487	487	82542	82542	0	326462
RAIL	28	28	598	1031
FOLD	1653	488	488	82713	82713	0	330271
RAIL	11	45	609	1043
FOLD	1688	489	489	82878	82878	0	335958
RAIL	28	28	626	1061
FOLD	1697	490	490	83049	83049	0	337671
RAIL	28	28	630	1066
FOLD	1704	491	491	83220	83220	0	339384
RAIL	26	31	633	1070
FOLD	1705	492	492	83391	83391	0	339655
RAIL	28	28	633	1071
FOLD	1706	493	493	83559	83559	0	339906
RAIL	28	28	633	1072
FOLD	1711	494	494	83730	83730	0	340970
RAIL	28	28	635	1075
FOLD	1716	495	495	83898	83898	0	342163
RAIL	24	33	637	1078
FOLD	1717	496	496	84069	84069	0	342475
RAIL	28	28	637	1079
FOLD	1740	497	497	84237	84237	0	346456
RAIL	10	47	648	1091
FOLD	1741	498	498	84408	84408	0	346656
RAIL	28	28	648	1092
FOLD	1798	499	499	84579	84579	0	356887
RAIL	28	28	676	1121
FOLD	1805	500	500	84750	84750	0	358631
RAIL	28	28	679	1125
FOLD	1806	501	501	84918	84918	0	358961
RAIL	28	28	679	1126
FOLD	2048	487	501	82545	84918	0	402255
RAIL	28	28	807	1240
FOLD	4096	437	501	74055	84918	0	739684
RAIL	26	31	1856	2239
FOLD	8192	419	501	71010	84918	0	1403751
RAIL	28	28	3913	4278
FOLD	16384	385	501	65250	84918	0	2759280
RAIL	28	28	8026	8357
FOLD	32768	339	501	57453	84918	0	5456055
RAIL	13	44	16241	16526
