INPUT	28976313836636152757892409877128926666901358914798117051451985916080534082786945367333676597946379571694156025891523894637501684886677937697428731492335594927052011188788031212698471531021431167082213699283267757412397358450045252589192069391195807793410464493583654279866886285657463414706242186351916983415473889363202270732058307986945048617532221534127957616949477964213044128216328206065878796191241119740321514662973346208597301856493395454027604719226347091955762754804400063267520791598699696546990133122906877548218280936059441610215651471192288836706046646638489660271632638485623057797814240058053112057917	2048	1005	10244
FRAME	1	0	1	1	39
FOLD	1	1	1	6144	6144	0	381
RAIL	2	2046	0	0
FOLD	2	1	1	6147	6147	0	506
RAIL	2	2047	1	0
FOLD	4	3	3	18435	18435	0	11803
RAIL	1024	1025	2	1
FOLD	5	5	5	30726	30726	0	23030
RAIL	3	2045	2	2
FOLD	8	7	7	43017	43017	0	35248
RAIL	1023	1026	4	3
FOLD	9	9	9	55308	55308	0	46433
RAIL	4	2044	4	4
FOLD	11	11	11	67602	67602	0	61712
RAIL	1022	1026	5	5
FOLD	12	13	13	79893	79893	0	73406
RAIL	1022	1027	5	6
FOLD	13	15	15	92184	92184	0	84440
RAIL	5	2043	5	7
FOLD	15	17	17	104478	104478	0	96396
RAIL	1021	1027	6	8
FOLD	16	19	19	116769	116769	0	107417
RAIL	1021	1028	6	9
FOLD	17	21	21	129060	129060	0	118771
RAIL	6	2042	6	10
FOLD	18	23	23	141351	141351	0	126254
RAIL	6	2043	6	11
FOLD	19	25	25	153642	153642	0	136113
RAIL	1020	1028	6	12
FOLD	20	27	27	165933	165933	0	150135
RAIL	1020	1029	6	13
FOLD	21	29	29	178224	178224	0	164274
RAIL	7	2041	6	14
FOLD	22	31	31	190515	190515	0	171474
RAIL	7	2042	6	15
FOLD	23	33	33	202806	202806	0	178629
RAIL	1019	1029	6	16
FOLD	24	35	35	215097	215097	0	190107
RAIL	1019	1030	6	17
FOLD	25	37	37	227388	227388	0	200990
RAIL	8	2040	6	18
FOLD	26	39	39	239679	239679	0	208186
RAIL	8	2041	6	19
FOLD	27	41	41	251970	251970	0	215432
RAIL	1018	1030	6	20
FOLD	28	43	43	264261	264261	0	226205
RAIL	1018	1031	6	21
FOLD	29	45	45	276552	276552	0	236696
RAIL	9	2039	6	22
FOLD	30	47	47	288843	288843	0	244470
RAIL	9	2040	6	23
FOLD	31	49	49	301134	301134	0	251871
RAIL	1017	1031	6	24
FOLD	32	51	51	313425	313425	0	263244
RAIL	1017	1032	6	25
FOLD	33	53	53	325716	325716	0	274883
RAIL	10	2038	6	26
FOLD	34	55	55	338007	338007	0	282616
RAIL	10	2039	6	27
FOLD	35	57	57	350298	350298	0	289557
RAIL	1016	1032	6	28
FOLD	36	59	59	362589	362589	0	300190
RAIL	1016	1033	6	29
FOLD	37	61	61	374880	374880	0	311082
RAIL	11	2037	6	30
FOLD	38	63	63	387171	387171	0	318975
RAIL	11	2038	6	31
FOLD	39	65	65	399462	399462	0	326443
RAIL	1015	1033	6	32
FOLD	40	67	67	411753	411753	0	340001
RAIL	1015	1034	6	33
FOLD	41	69	69	424044	424044	0	351027
RAIL	12	2036	6	34
FOLD	42	71	71	436335	436335	0	358759
RAIL	12	2037	6	35
FOLD	43	73	73	448626	448626	0	366012
RAIL	1014	1034	6	36
FOLD	44	75	75	460917	460917	0	377203
RAIL	1014	1035	6	37
FOLD	45	77	77	473208	473208	0	388330
RAIL	13	2035	6	38
FOLD	46	79	79	485499	485499	0	395775
RAIL	13	2036	6	39
FOLD	47	81	81	497790	497790	0	403000
RAIL	1013	1035	6	40
FOLD	48	83	83	510081	510081	0	414468
RAIL	1013	1036	6	41
FOLD	49	85	85	522372	522372	0	425543
RAIL	14	2034	6	42
FOLD	50	87	87	534663	534663	0	433425
RAIL	14	2035	6	43
FOLD	51	89	89	546954	546954	0	441012
RAIL	1012	1036	6	44
FOLD	52	91	91	559245	559245	0	452124
RAIL	1012	1037	6	45
FOLD	53	93	93	571536	571536	0	463010
RAIL	15	2033	6	46
FOLD	54	95	95	583827	583827	0	471034
RAIL	15	2034	6	47
FOLD	55	97	97	596118	596118	0	478645
RAIL	1011	1037	6	48
FOLD	56	99	99	608409	608409	0	489782
RAIL	1011	1038	6	49
FOLD	57	101	101	620700	620700	0	501088
RAIL	16	2032	6	50
FOLD	58	103	103	632991	632991	0	509390
RAIL	16	2033	6	51
FOLD	59	105	105	645282	645282	0	517635
RAIL	1010	1038	6	52
FOLD	60	107	107	657573	657573	0	529110
RAIL	1010	1039	6	53
FOLD	61	109	109	669864	669864	0	539934
RAIL	17	2031	6	54
FOLD	62	111	111	682155	682155	0	548327
RAIL	17	2032	6	55
FOLD	63	113	113	694446	694446	0	556249
RAIL	1009	1039	6	56
FOLD	64	115	115	706737	706737	0	567017
RAIL	1009	1040	6	57
FOLD	65	117	117	719028	719028	0	577874
RAIL	18	2030	6	58
FOLD	66	119	119	731319	731319	0	587429
RAIL	18	2031	6	59
FOLD	67	121	121	743610	743610	0	595657
RAIL	1008	1040	6	60
FOLD	68	123	123	755901	755901	0	606870
RAIL	1008	1041	6	61
FOLD	69	125	125	768192	768192	0	617862
RAIL	19	2029	6	62
FOLD	70	127	127	780483	780483	0	626176
RAIL	19	2030	6	63
FOLD	71	129	129	792774	792774	0	634188
RAIL	1007	1041	6	64
FOLD	72	131	131	805065	805065	0	648654
RAIL	1007	1042	6	65
FOLD	73	133	133	817356	817356	0	659318
RAIL	20	2028	6	66
FOLD	74	135	135	829647	829647	0	666921
RAIL	20	2029	6	67
FOLD	75	137	137	841938	841938	0	674797
RAIL	1006	1042	6	68
FOLD	76	139	139	854229	854229	0	685876
RAIL	1006	1043	6	69
FOLD	77	141	141	866520	866520	0	696888
RAIL	21	2027	6	70
FOLD	78	143	143	878811	878811	0	705266
RAIL	21	2028	6	71
FOLD	79	145	145	891102	891102	0	713511
RAIL	1005	1043	6	72
FOLD	80	147	147	903393	903393	0	725334
RAIL	1005	1044	6	73
FOLD	81	149	149	915684	915684	0	736333
RAIL	22	2026	6	74
FOLD	82	151	151	927975	927975	0	744222
RAIL	22	2027	6	75
FOLD	83	153	153	940266	940266	0	752168
RAIL	1004	1044	6	76
FOLD	84	155	155	952557	952557	0	763363
RAIL	1004	1045	6	77
FOLD	85	157	157	964848	964848	0	774975
RAIL	23	2025	6	78
FOLD	86	159	159	977139	977139	0	783139
RAIL	23	2026	6	79
FOLD	87	161	161	989430	989430	0	791354
RAIL	1003	1045	6	80
FOLD	88	163	163	1001721	1001721	0	802936
RAIL	1003	1046	6	81
FOLD	89	165	165	1014012	1014012	0	813961
RAIL	24	2024	6	82
FOLD	90	167	167	1026303	1026303	0	822487
RAIL	24	2025	6	83
FOLD	91	169	169	1038594	1038594	0	830189
RAIL	1002	1046	6	84
FOLD	92	171	171	1050885	1050885	0	841262
RAIL	1002	1047	6	85
FOLD	93	173	173	1063176	1063176	0	854903
RAIL	25	2023	6	86
FOLD	94	175	175	1075467	1075467	0	863322
RAIL	25	2024	6	87
FOLD	95	177	177	1087758	1087758	0	870915
RAIL	1001	1047	6	88
FOLD	96	179	179	1100049	1100049	0	882197
RAIL	1001	1048	6	89
FOLD	97	181	181	1112340	1112340	0	892751
RAIL	26	2022	6	90
FOLD	98	183	183	1124631	1124631	0	900646
RAIL	26	2023	6	91
FOLD	99	185	185	1136922	1136922	0	908502
RAIL	1000	1048	6	92
FOLD	100	187	187	1149213	1149213	0	920070
RAIL	1000	1049	6	93
FOLD	101	189	189	1161504	1161504	0	935774
RAIL	27	2021	6	94
FOLD	102	191	191	1173795	1173795	0	943948
RAIL	27	2022	6	95
FOLD	103	193	193	1186086	1186086	0	951697
RAIL	999	1049	6	96
FOLD	104	195	195	1198377	1198377	0	964976
RAIL	999	1050	6	97
FOLD	105	197	197	1210668	1210668	0	977506
RAIL	28	2020	6	98
FOLD	106	199	199	1222959	1222959	0	986163
RAIL	28	2021	6	99
FOLD	107	201	201	1235250	1235250	0	994324
RAIL	998	1050	6	100
FOLD	108	203	203	1247541	1247541	0	1005568
RAIL	998	1051	6	101
FOLD	109	205	205	1259832	1259832	0	1016270
RAIL	29	2019	6	102
FOLD	110	207	207	1272123	1272123	0	1024422
RAIL	29	2020	6	103
FOLD	111	209	209	1284414	1284414	0	1032559
RAIL	997	1051	6	104
FOLD	112	211	211	1296705	1296705	0	1043913
RAIL	997	1052	6	105
FOLD	113	213	213	1308996	1308996	0	1055002
RAIL	30	2018	6	106
FOLD	114	215	215	1321287	1321287	0	1062930
RAIL	30	2019	6	107
FOLD	115	217	217	1333578	1333578	0	1070974
RAIL	996	1052	6	108
FOLD	116	219	219	1345869	1345869	0	1081731
RAIL	996	1053	6	109
FOLD	117	221	221	1358160	1358160	0	1092763
RAIL	31	2017	6	110
FOLD	118	223	223	1370451	1370451	0	1100906
RAIL	31	2018	6	111
FOLD	119	225	225	1382742	1382742	0	1109195
RAIL	995	1053	6	112
FOLD	120	227	227	1395033	1395033	0	1120279
RAIL	995	1054	6	113
FOLD	121	229	229	1407324	1407324	0	1130922
RAIL	32	2016	6	114
FOLD	122	231	231	1419615	1419615	0	1140257
RAIL	32	2017	6	115
FOLD	123	233	233	1431906	1431906	0	1147950
RAIL	994	1054	6	116
FOLD	124	235	235	1444197	1444197	0	1159818
RAIL	994	1055	6	117
FOLD	125	237	237	1456488	1456488	0	1179313
RAIL	33	2015	6	118
FOLD	126	239	239	1468779	1468779	0	1192102
RAIL	33	2016	6	119
FOLD	127	241	241	1481070	1481070	0	1204324
RAIL	993	1055	6	120
FOLD	128	243	243	1493361	1493361	0	1215064
RAIL	993	1056	6	121
FOLD	129	245	245	1505652	1505652	0	1226639
RAIL	34	2014	6	122
FOLD	130	247	247	1517943	1517943	0	1236017
RAIL	34	2015	6	123
FOLD	131	249	249	1530234	1530234	0	1248540
RAIL	992	1056	6	124
FOLD	132	251	251	1542525	1542525	0	1260533
RAIL	992	1057	6	125
FOLD	133	253	253	1554816	1554816	0	1272896
RAIL	35	2013	6	126
FOLD	134	255	255	1567107	1567107	0	1281373
RAIL	35	2014	6	127
FOLD	135	257	257	1579398	1579398	0	1288895
RAIL	991	1057	6	128
FOLD	136	259	259	1591689	1591689	0	1299964
RAIL	991	1058	6	129
FOLD	137	261	261	1603980	1603980	0	1310676
RAIL	36	2012	6	130
FOLD	138	263	263	1616271	1616271	0	1318448
RAIL	36	2013	6	131
FOLD	139	265	265	1628562	1628562	0	1325962
RAIL	990	1058	6	132
FOLD	140	267	267	1640853	1640853	0	1337131
RAIL	990	1059	6	133
FOLD	141	269	269	1653144	1653144	0	1349414
RAIL	37	2011	6	134
FOLD	142	271	271	1665435	1665435	0	1358919
RAIL	37	2012	6	135
FOLD	143	273	273	1677726	1677726	0	1367500
RAIL	989	1059	6	136
FOLD	144	275	275	1690017	1690017	0	1379623
RAIL	989	1060	6	137
FOLD	145	277	277	1702308	1702308	0	1391625
RAIL	38	2010	6	138
FOLD	146	279	279	1714599	1714599	0	1400053
RAIL	38	2011	6	139
FOLD	147	281	281	1726890	1726890	0	1408089
RAIL	988	1060	6	140
FOLD	148	283	283	1739181	1739181	0	1419333
RAIL	988	1061	6	141
FOLD	149	285	285	1751472	1751472	0	1430274
RAIL	39	2009	6	142
FOLD	150	287	287	1763763	1763763	0	1439601
RAIL	39	2010	6	143
FOLD	151	289	289	1776054	1776054	0	1448174
RAIL	987	1061	6	144
FOLD	152	291	291	1788345	1788345	0	1459775
RAIL	987	1062	6	145
FOLD	153	293	293	1800636	1800636	0	1470405
RAIL	40	2008	6	146
FOLD	154	295	295	1812927	1812927	0	1478425
RAIL	40	2009	6	147
FOLD	155	297	297	1825218	1825218	0	1486398
RAIL	986	1062	6	148
FOLD	156	299	299	1837509	1837509	0	1497283
RAIL	986	1063	6	149
FOLD	157	301	301	1849800	1849800	0	1508089
RAIL	41	2007	6	150
FOLD	158	303	303	1862091	1862091	0	1516143
RAIL	41	2008	6	151
FOLD	159	305	305	1874382	1874382	0	1523975
RAIL	985	1063	6	152
FOLD	160	307	307	1886673	1886673	0	1535174
RAIL	985	1064	6	153
FOLD	161	309	309	1898964	1898964	0	1546073
RAIL	42	2006	6	154
FOLD	162	311	311	1911255	1911255	0	1554346
RAIL	42	2007	6	155
FOLD	163	313	313	1923546	1923546	0	1562471
RAIL	984	1064	6	156
FOLD	164	315	315	1935837	1935837	0	1573538
RAIL	984	1065	6	157
FOLD	165	317	317	1948128	1948128	0	1584505
RAIL	43	2005	6	158
FOLD	166	319	319	1960419	1960419	0	1592439
RAIL	43	2006	6	159
FOLD	167	321	321	1972710	1972710	0	1600230
RAIL	983	1065	6	160
FOLD	168	323	323	1985001	1985001	0	1612640
RAIL	983	1066	6	161
FOLD	169	325	325	1997292	1997292	0	1623572
RAIL	44	2004	6	162
FOLD	170	327	327	2009583	2009583	0	1631864
RAIL	44	2005	6	163
FOLD	171	329	329	2021874	2021874	0	1639892
RAIL	982	1066	6	164
FOLD	172	331	331	2034165	2034165	0	1650923
RAIL	982	1067	6	165
FOLD	173	333	333	2046456	2046456	0	1661987
RAIL	45	2003	6	166
FOLD	174	335	335	2058747	2058747	0	1670116
RAIL	45	2004	6	167
FOLD	175	337	337	2071038	2071038	0	1678138
RAIL	981	1067	6	168
FOLD	176	339	339	2083329	2083329	0	1689451
RAIL	981	1068	6	169
FOLD	177	341	341	2095620	2095620	0	1700326
RAIL	46	2002	6	170
FOLD	178	343	343	2107911	2107911	0	1709589
RAIL	46	2003	6	171
FOLD	179	345	345	2120202	2120202	0	1717295
RAIL	980	1068	6	172
FOLD	180	347	347	2132493	2132493	0	1728422
RAIL	980	1069	6	173
FOLD	181	349	349	2144784	2144784	0	1739146
RAIL	47	2001	6	174
FOLD	182	351	351	2157075	2157075	0	1747441
RAIL	47	2002	6	175
FOLD	183	353	353	2169366	2169366	0	1755394
RAIL	979	1069	6	176
FOLD	184	355	355	2181657	2181657	0	1773692
RAIL	979	1070	6	177
FOLD	185	357	357	2193948	2193948	0	1786856
RAIL	48	2000	6	178
FOLD	186	359	359	2206239	2206239	0	1794850
RAIL	48	2001	6	179
FOLD	187	361	361	2218530	2218530	0	1803018
RAIL	978	1070	6	180
FOLD	188	363	363	2230821	2230821	0	1813777
RAIL	978	1071	6	181
FOLD	189	365	365	2243112	2243112	0	1824430
RAIL	49	1999	6	182
FOLD	190	367	367	2255403	2255403	0	1832422
RAIL	49	2000	6	183
FOLD	191	369	369	2267694	2267694	0	1840139
RAIL	977	1071	6	184
FOLD	192	371	371	2279985	2279985	0	1850968
RAIL	977	1072	6	185
FOLD	193	373	373	2292276	2292276	0	1861267
RAIL	50	1998	6	186
FOLD	194	375	375	2304567	2304567	0	1869514
RAIL	50	1999	6	187
FOLD	195	377	377	2316858	2316858	0	1877265
RAIL	976	1072	6	188
FOLD	196	379	379	2329149	2329149	0	1887938
RAIL	976	1073	6	189
FOLD	197	381	381	2341440	2341440	0	1898243
RAIL	51	1997	6	190
FOLD	198	383	383	2353731	2353731	0	1906059
RAIL	51	1998	6	191
FOLD	199	385	385	2366022	2366022	0	1914275
RAIL	975	1073	6	192
FOLD	200	387	387	2378313	2378313	0	1925234
RAIL	975	1074	6	193
FOLD	201	389	389	2390604	2390604	0	1935570
RAIL	52	1996	6	194
FOLD	202	391	391	2402895	2402895	0	1943539
RAIL	52	1997	6	195
FOLD	203	393	393	2415186	2415186	0	1951171
RAIL	974	1074	6	196
FOLD	204	395	395	2427477	2427477	0	1961913
RAIL	974	1075	6	197
FOLD	205	397	397	2439768	2439768	0	1972290
RAIL	53	1995	6	198
FOLD	206	399	399	2452059	2452059	0	1981439
RAIL	53	1996	6	199
FOLD	207	401	401	2464350	2464350	0	1989720
RAIL	973	1075	6	200
FOLD	208	403	403	2476641	2476641	0	2000134
RAIL	973	1076	6	201
FOLD	209	405	405	2488932	2488932	0	2010776
RAIL	54	1994	6	202
FOLD	210	407	407	2501223	2501223	0	2018911
RAIL	54	1995	6	203
FOLD	211	409	409	2513514	2513514	0	2026839
RAIL	972	1076	6	204
FOLD	212	411	411	2525805	2525805	0	2037633
RAIL	972	1077	6	205
FOLD	213	413	413	2538096	2538096	0	2048881
RAIL	55	1993	6	206
FOLD	214	415	415	2550387	2550387	0	2056988
RAIL	55	1994	6	207
FOLD	215	417	417	2562678	2562678	0	2064718
RAIL	971	1077	6	208
FOLD	216	419	419	2574969	2574969	0	2075448
RAIL	971	1078	6	209
FOLD	217	421	421	2587260	2587260	0	2085643
RAIL	56	1992	6	210
FOLD	218	423	423	2599551	2599551	0	2093406
RAIL	56	1993	6	211
FOLD	219	425	425	2611842	2611842	0	2100661
RAIL	970	1078	6	212
FOLD	220	427	427	2624133	2624133	0	2111537
RAIL	970	1079	6	213
FOLD	221	429	429	2636424	2636424	0	2122282
RAIL	57	1991	6	214
FOLD	222	431	431	2648715	2648715	0	2130486
RAIL	57	1992	6	215
FOLD	223	433	433	2661006	2661006	0	2138023
RAIL	969	1079	6	216
FOLD	224	435	435	2673297	2673297	0	2148739
RAIL	969	1080	6	217
FOLD	225	437	437	2685588	2685588	0	2159569
RAIL	58	1990	6	218
FOLD	226	439	439	2697879	2697879	0	2167281
RAIL	58	1991	6	219
FOLD	227	441	441	2710170	2710170	0	2174946
RAIL	968	1080	6	220
FOLD	228	443	443	2722461	2722461	0	2185594
RAIL	968	1081	6	221
FOLD	229	445	445	2734752	2734752	0	2196850
RAIL	59	1989	6	222
FOLD	230	447	447	2747043	2747043	0	2211407
RAIL	59	1990	6	223
FOLD	231	449	449	2759334	2759334	0	2219019
RAIL	967	1081	6	224
FOLD	232	451	451	2771625	2771625	0	2229711
RAIL	967	1082	6	225
FOLD	233	453	453	2783916	2783916	0	2239813
RAIL	60	1988	6	226
FOLD	234	455	455	2796207	2796207	0	2247774
RAIL	60	1989	6	227
FOLD	235	457	457	2808498	2808498	0	2255197
RAIL	966	1082	6	228
FOLD	236	459	459	2820789	2820789	0	2265550
RAIL	966	1083	6	229
FOLD	237	461	461	2833080	2833080	0	2276104
RAIL	61	1987	6	230
FOLD	238	463	463	2845371	2845371	0	2287431
RAIL	61	1988	6	231
FOLD	239	465	465	2857662	2857662	0	2295181
RAIL	965	1083	6	232
FOLD	240	467	467	2869953	2869953	0	2305540
RAIL	965	1084	6	233
FOLD	241	469	469	2882244	2882244	0	2315657
RAIL	62	1986	6	234
FOLD	242	471	471	2894535	2894535	0	2323499
RAIL	62	1987	6	235
FOLD	243	473	473	2906826	2906826	0	2331298
RAIL	964	1084	6	236
FOLD	244	475	475	2919117	2919117	0	2341954
RAIL	964	1085	6	237
FOLD	245	477	477	2931408	2931408	0	2352539
RAIL	63	1985	6	238
FOLD	246	479	479	2943699	2943699	0	2360779
RAIL	63	1986	6	239
FOLD	247	481	481	2955990	2955990	0	2368617
RAIL	963	1085	6	240
FOLD	248	483	483	2968281	2968281	0	2379186
RAIL	963	1086	6	241
FOLD	249	485	485	2980572	2980572	0	2389775
RAIL	64	1984	6	242
FOLD	250	487	487	2992863	2992863	0	2398411
RAIL	64	1985	6	243
FOLD	251	489	489	3005154	3005154	0	2405942
RAIL	962	1086	6	244
FOLD	252	491	491	3017445	3017445	0	2417107
RAIL	962	1087	6	245
FOLD	253	493	493	3029736	3029736	0	2427532
RAIL	65	1983	6	246
FOLD	254	495	495	3042027	3042027	0	2435336
RAIL	65	1984	6	247
FOLD	255	497	497	3054318	3054318	0	2443264
RAIL	961	1087	6	248
FOLD	256	499	499	3066609	3066609	0	2453738
RAIL	961	1088	6	249
FOLD	257	501	501	3078900	3078900	0	2464169
RAIL	66	1982	6	250
FOLD	258	503	503	3091191	3091191	0	2472360
RAIL	66	1983	6	251
FOLD	259	505	505	3103482	3103482	0	2480448
RAIL	960	1088	6	252
FOLD	260	507	507	3115773	3115773	0	2490943
RAIL	960	1089	6	253
FOLD	261	509	509	3128064	3128064	0	2501535
RAIL	67	1981	6	254
FOLD	262	511	511	3140355	3140355	0	2509671
RAIL	67	1982	6	255
FOLD	263	513	513	3152646	3152646	0	2517934
RAIL	959	1089	6	256
FOLD	264	515	515	3164937	3164937	0	2528850
RAIL	959	1090	6	257
FOLD	265	517	517	3177228	3177228	0	2539462
RAIL	68	1980	6	258
FOLD	266	519	519	3189519	3189519	0	2547479
RAIL	68	1981	6	259
FOLD	267	521	521	3201810	3201810	0	2556114
RAIL	958	1090	6	260
FOLD	268	523	523	3214101	3214101	0	2566605
RAIL	958	1091	6	261
FOLD	269	525	525	3226392	3226392	0	2577454
RAIL	69	1979	6	262
FOLD	270	527	527	3238683	3238683	0	2585809
RAIL	69	1980	6	263
FOLD	271	529	529	3250974	3250974	0	2594208
RAIL	957	1091	6	264
FOLD	272	531	531	3263265	3263265	0	2604957
RAIL	957	1092	6	265
FOLD	273	533	533	3275556	3275556	0	2615460
RAIL	70	1978	6	266
FOLD	274	535	535	3287847	3287847	0	2623704
RAIL	70	1979	6	267
FOLD	275	537	537	3300138	3300138	0	2632055
RAIL	956	1092	6	268
FOLD	276	539	539	3312429	3312429	0	2643018
RAIL	956	1093	6	269
FOLD	277	541	541	3324720	3324720	0	2653631
RAIL	71	1977	6	270
FOLD	278	543	543	3337011	3337011	0	2662806
RAIL	71	1978	6	271
FOLD	279	545	545	3349302	3349302	0	2676417
RAIL	955	1093	6	272
FOLD	280	547	547	3361593	3361593	0	2687294
RAIL	955	1094	6	273
FOLD	281	549	549	3373884	3373884	0	2697955
RAIL	72	1976	6	274
FOLD	282	551	551	3386175	3386175	0	2706113
RAIL	72	1977	6	275
FOLD	283	553	553	3398466	3398466	0	2714551
RAIL	954	1094	6	276
FOLD	284	555	555	3410757	3410757	0	2725099
RAIL	954	1095	6	277
FOLD	285	557	557	3423048	3423048	0	2735685
RAIL	73	1975	6	278
FOLD	286	559	559	3435339	3435339	0	2743665
RAIL	73	1976	6	279
FOLD	287	561	561	3447630	3447630	0	2751578
RAIL	953	1095	6	280
FOLD	288	563	563	3459921	3459921	0	2762278
RAIL	953	1096	6	281
FOLD	289	565	565	3472212	3472212	0	2772830
RAIL	74	1974	6	282
FOLD	290	567	567	3484503	3484503	0	2780656
RAIL	74	1975	6	283
FOLD	291	569	569	3496794	3496794	0	2789224
RAIL	952	1096	6	284
FOLD	292	571	571	3509085	3509085	0	2800169
RAIL	952	1097	6	285
FOLD	293	573	573	3521376	3521376	0	2810547
RAIL	75	1973	6	286
FOLD	294	575	575	3533667	3533667	0	2818937
RAIL	75	1974	6	287
FOLD	295	577	577	3545958	3545958	0	2826862
RAIL	951	1097	6	288
FOLD	296	579	579	3558249	3558249	0	2837835
RAIL	951	1098	6	289
FOLD	297	581	581	3570540	3570540	0	2848629
RAIL	76	1972	6	290
FOLD	298	583	583	3582831	3582831	0	2857133
RAIL	76	1973	6	291
FOLD	299	585	585	3595122	3595122	0	2865830
RAIL	950	1098	6	292
FOLD	300	587	587	3607413	3607413	0	2877240
RAIL	950	1099	6	293
FOLD	301	589	589	3619704	3619704	0	2888152
RAIL	77	1971	6	294
FOLD	302	591	591	3631995	3631995	0	2896780
RAIL	77	1972	6	295
FOLD	303	593	593	3644286	3644286	0	2905425
RAIL	949	1099	6	296
FOLD	304	595	595	3656577	3656577	0	2916238
RAIL	949	1100	6	297
FOLD	305	597	597	3668868	3668868	0	2927164
RAIL	78	1970	6	298
FOLD	306	599	599	3681159	3681159	0	2935555
RAIL	78	1971	6	299
FOLD	307	601	601	3693450	3693450	0	2943855
RAIL	948	1100	6	300
FOLD	308	603	603	3705741	3705741	0	2954359
RAIL	948	1101	6	301
FOLD	309	605	605	3718032	3718032	0	2964609
RAIL	79	1969	6	302
FOLD	310	607	607	3730323	3730323	0	2972613
RAIL	79	1970	6	303
FOLD	311	609	609	3742614	3742614	0	2981129
RAIL	947	1101	6	304
FOLD	312	611	611	3754905	3754905	0	2992495
RAIL	947	1102	6	305
FOLD	313	613	613	3767196	3767196	0	3002913
RAIL	80	1968	6	306
FOLD	314	615	615	3779487	3779487	0	3011032
RAIL	80	1969	6	307
FOLD	315	617	617	3791778	3791778	0	3019099
RAIL	946	1102	6	308
FOLD	316	619	619	3804069	3804069	0	3029722
RAIL	946	1103	6	309
FOLD	317	621	621	3816360	3816360	0	3040445
RAIL	81	1967	6	310
FOLD	318	623	623	3828651	3828651	0	3048779
RAIL	81	1968	6	311
FOLD	319	625	625	3840942	3840942	0	3057329
RAIL	945	1103	6	312
FOLD	320	627	627	3853233	3853233	0	3067934
RAIL	945	1104	6	313
FOLD	321	629	629	3865524	3865524	0	3078310
RAIL	82	1966	6	314
FOLD	322	631	631	3877815	3877815	0	3092654
RAIL	82	1967	6	315
FOLD	323	633	633	3890106	3890106	0	3102133
RAIL	944	1104	6	316
FOLD	324	635	635	3902397	3902397	0	3113115
RAIL	944	1105	6	317
FOLD	325	637	637	3914688	3914688	0	3123849
RAIL	83	1965	6	318
FOLD	326	639	639	3926979	3926979	0	3132298
RAIL	83	1966	6	319
FOLD	327	641	641	3939270	3939270	0	3141303
RAIL	943	1105	6	320
FOLD	328	643	643	3951561	3951561	0	3152088
RAIL	943	1106	6	321
FOLD	329	645	645	3963852	3963852	0	3162481
RAIL	84	1964	6	322
FOLD	330	647	647	3976143	3976143	0	3170331
RAIL	84	1965	6	323
FOLD	331	649	649	3988434	3988434	0	3178547
RAIL	942	1106	6	324
FOLD	332	651	651	4000725	4000725	0	3189188
RAIL	942	1107	6	325
FOLD	333	653	653	4013016	4013016	0	3199907
RAIL	85	1963	6	326
FOLD	334	655	655	4025307	4025307	0	3208199
RAIL	85	1964	6	327
FOLD	335	657	657	4037598	4037598	0	3216280
RAIL	941	1107	6	328
FOLD	336	659	659	4049889	4049889	0	3227160
RAIL	941	1108	6	329
FOLD	337	661	661	4062180	4062180	0	3237892
RAIL	86	1962	6	330
FOLD	338	663	663	4074471	4074471	0	3245771
RAIL	86	1963	6	331
FOLD	339	665	665	4086762	4086762	0	3253887
RAIL	940	1108	6	332
FOLD	340	667	667	4099053	4099053	0	3264724
RAIL	940	1109	6	333
FOLD	341	669	669	4111344	4111344	0	3275611
RAIL	87	1961	6	334
FOLD	342	671	671	4123635	4123635	0	3284184
RAIL	87	1962	6	335
FOLD	343	673	673	4135926	4135926	0	3292072
RAIL	939	1109	6	336
FOLD	344	675	675	4148217	4148217	0	3303159
RAIL	939	1110	6	337
FOLD	345	677	677	4160508	4160508	0	3313813
RAIL	88	1960	6	338
FOLD	346	679	679	4172799	4172799	0	3321767
RAIL	88	1961	6	339
FOLD	347	681	681	4185090	4185090	0	3329905
RAIL	938	1110	6	340
FOLD	348	683	683	4197381	4197381	0	3340795
RAIL	938	1111	6	341
FOLD	349	685	685	4209672	4209672	0	3351374
RAIL	89	1959	6	342
FOLD	350	687	687	4221963	4221963	0	3359047
RAIL	89	1960	6	343
FOLD	351	689	689	4234254	4234254	0	3366935
RAIL	937	1111	6	344
FOLD	352	691	691	4246545	4246545	0	3377102
RAIL	937	1112	6	345
FOLD	353	693	693	4258836	4258836	0	3387350
RAIL	90	1958	6	346
FOLD	354	695	695	4271127	4271127	0	3395737
RAIL	90	1959	6	347
FOLD	355	697	697	4283418	4283418	0	3405141
RAIL	936	1112	6	348
FOLD	356	699	699	4295709	4295709	0	3416101
RAIL	936	1113	6	349
FOLD	357	701	701	4308000	4308000	0	3426446
RAIL	91	1957	6	350
FOLD	358	703	703	4320291	4320291	0	3434816
RAIL	91	1958	6	351
FOLD	359	705	705	4332582	4332582	0	3443725
RAIL	935	1113	6	352
FOLD	360	707	707	4344873	4344873	0	3454663
RAIL	935	1114	6	353
FOLD	361	709	709	4357164	4357164	0	3465593
RAIL	92	1956	6	354
FOLD	362	711	711	4369455	4369455	0	3473892
RAIL	92	1957	6	355
FOLD	363	713	713	4381746	4381746	0	3482711
RAIL	934	1114	6	356
FOLD	364	715	715	4394037	4394037	0	3494464
RAIL	934	1115	6	357
FOLD	365	717	717	4406328	4406328	0	3505984
RAIL	93	1955	6	358
FOLD	366	719	719	4418619	4418619	0	3514591
RAIL	93	1956	6	359
FOLD	367	721	721	4430910	4430910	0	3522731
RAIL	933	1115	6	360
FOLD	368	723	723	4443201	4443201	0	3534311
RAIL	933	1116	6	361
FOLD	369	725	725	4455492	4455492	0	3544884
RAIL	94	1954	6	362
FOLD	370	727	727	4467783	4467783	0	3553665
RAIL	94	1955	6	363
FOLD	371	729	729	4480074	4480074	0	3562258
RAIL	932	1116	6	364
FOLD	372	731	731	4492365	4492365	0	3573991
RAIL	932	1117	6	365
FOLD	373	733	733	4504656	4504656	0	3584677
RAIL	95	1953	6	366
FOLD	374	735	735	4516947	4516947	0	3593035
RAIL	95	1954	6	367
FOLD	375	737	737	4529238	4529238	0	3601270
RAIL	931	1117	6	368
FOLD	376	739	739	4541529	4541529	0	3611867
RAIL	931	1118	6	369
FOLD	377	741	741	4553820	4553820	0	3626753
RAIL	96	1952	6	370
FOLD	378	743	743	4566111	4566111	0	3637085
RAIL	96	1953	6	371
FOLD	379	745	745	4578402	4578402	0	3646455
RAIL	930	1118	6	372
FOLD	380	747	747	4590693	4590693	0	3657977
RAIL	930	1119	6	373
FOLD	381	749	749	4602984	4602984	0	3669533
RAIL	97	1951	6	374
FOLD	382	751	751	4615275	4615275	0	3678028
RAIL	97	1952	6	375
FOLD	383	753	753	4627566	4627566	0	3686775
RAIL	929	1119	6	376
FOLD	384	755	755	4639857	4639857	0	3697248
RAIL	929	1120	6	377
FOLD	385	757	757	4652148	4652148	0	3708141
RAIL	98	1950	6	378
FOLD	386	759	759	4664439	4664439	0	3719220
RAIL	98	1951	6	379
FOLD	387	761	761	4676730	4676730	0	3733928
RAIL	928	1120	6	380
FOLD	388	763	763	4689021	4689021	0	3745976
RAIL	928	1121	6	381
FOLD	389	765	765	4701312	4701312	0	3756302
RAIL	99	1949	6	382
FOLD	390	767	767	4713603	4713603	0	3765447
RAIL	99	1950	6	383
FOLD	391	769	769	4725894	4725894	0	3774045
RAIL	927	1121	6	384
FOLD	392	771	771	4738185	4738185	0	3784641
RAIL	927	1122	6	385
FOLD	393	773	773	4750476	4750476	0	3795244
RAIL	100	1948	6	386
FOLD	394	775	775	4762767	4762767	0	3803712
RAIL	100	1949	6	387
FOLD	395	777	777	4775058	4775058	0	3811838
RAIL	926	1122	6	388
FOLD	396	779	779	4787349	4787349	0	3822856
RAIL	926	1123	6	389
FOLD	397	781	781	4799640	4799640	0	3833552
RAIL	101	1947	6	390
FOLD	398	783	783	4811931	4811931	0	3841757
RAIL	101	1948	6	391
FOLD	399	785	785	4824222	4824222	0	3850570
RAIL	925	1123	6	392
FOLD	400	787	787	4836513	4836513	0	3861225
RAIL	925	1124	6	393
FOLD	401	789	789	4848804	4848804	0	3871930
RAIL	102	1946	6	394
FOLD	402	791	791	4861095	4861095	0	3880276
RAIL	102	1947	6	395
FOLD	403	793	793	4873386	4873386	0	3888709
RAIL	924	1124	6	396
FOLD	404	795	795	4885677	4885677	0	3899651
RAIL	924	1125	6	397
FOLD	405	797	797	4897968	4897968	0	3910036
RAIL	103	1945	6	398
FOLD	406	799	799	4910259	4910259	0	3918588
RAIL	103	1946	6	399
FOLD	407	801	801	4922550	4922550	0	3927272
RAIL	923	1125	6	400
FOLD	408	803	803	4934841	4934841	0	3937540
RAIL	923	1126	6	401
FOLD	409	805	805	4947132	4947132	0	3948762
RAIL	104	1944	6	402
FOLD	410	807	807	4959423	4959423	0	3960542
RAIL	104	1945	6	403
FOLD	411	809	809	4971714	4971714	0	3975540
RAIL	922	1126	6	404
FOLD	412	811	811	4984005	4984005	0	3989191
RAIL	922	1127	6	405
FOLD	413	813	813	4996296	4996296	0	3999532
RAIL	105	1943	6	406
FOLD	414	815	815	5008587	5008587	0	4007535
RAIL	105	1944	6	407
FOLD	415	817	817	5020878	5020878	0	4015823
RAIL	921	1127	6	408
FOLD	416	819	819	5033169	5033169	0	4026600
RAIL	921	1128	6	409
FOLD	417	821	821	5045460	5045460	0	4036840
RAIL	106	1942	6	410
FOLD	418	823	823	5057751	5057751	0	4045042
RAIL	106	1943	6	411
FOLD	419	825	825	5070042	5070042	0	4053413
RAIL	920	1128	6	412
FOLD	420	827	827	5082333	5082333	0	4064582
RAIL	920	1129	6	413
FOLD	421	829	829	5094624	5094624	0	4075019
RAIL	107	1941	6	414
FOLD	422	831	831	5106915	5106915	0	4083218
RAIL	107	1942	6	415
FOLD	423	833	833	5119206	5119206	0	4091100
RAIL	919	1129	6	416
FOLD	424	835	835	5131497	5131497	0	4101618
RAIL	919	1130	6	417
FOLD	425	837	837	5143788	5143788	0	4111863
RAIL	108	1940	6	418
FOLD	426	839	839	5156079	5156079	0	4123139
RAIL	108	1941	6	419
FOLD	427	841	841	5168370	5168370	0	4138419
RAIL	918	1130	6	420
FOLD	428	843	843	5180661	5180661	0	4153955
RAIL	918	1131	6	421
FOLD	429	845	845	5192952	5192952	0	4164324
RAIL	109	1939	6	422
FOLD	430	847	847	5205243	5205243	0	4172612
RAIL	109	1940	6	423
FOLD	431	849	849	5217534	5217534	0	4183886
RAIL	917	1131	6	424
FOLD	432	851	851	5229825	5229825	0	4196043
RAIL	917	1132	6	425
FOLD	433	853	853	5242116	5242116	0	4206628
RAIL	110	1938	6	426
FOLD	434	855	855	5254407	5254407	0	4215035
RAIL	110	1939	6	427
FOLD	435	857	857	5266698	5266698	0	4223610
RAIL	916	1132	6	428
FOLD	436	859	859	5278989	5278989	0	4234248
RAIL	916	1133	6	429
FOLD	437	861	861	5291280	5291280	0	4244745
RAIL	111	1937	6	430
FOLD	438	863	863	5303571	5303571	0	4252969
RAIL	111	1938	6	431
FOLD	439	865	865	5315862	5315862	0	4261172
RAIL	915	1133	6	432
FOLD	440	867	867	5328153	5328153	0	4271940
RAIL	915	1134	6	433
FOLD	441	869	869	5340444	5340444	0	4282093
RAIL	112	1936	6	434
FOLD	442	871	871	5352735	5352735	0	4290190
RAIL	112	1937	6	435
FOLD	443	873	873	5365026	5365026	0	4298605
RAIL	914	1134	6	436
FOLD	444	875	875	5377317	5377317	0	4309129
RAIL	914	1135	6	437
FOLD	445	877	877	5389608	5389608	0	4319932
RAIL	113	1935	6	438
FOLD	446	879	879	5401899	5401899	0	4327945
RAIL	113	1936	6	439
FOLD	447	881	881	5414190	5414190	0	4336483
RAIL	913	1135	6	440
FOLD	448	883	883	5426481	5426481	0	4347154
RAIL	913	1136	6	441
FOLD	449	885	885	5438772	5438772	0	4357737
RAIL	114	1934	6	442
FOLD	450	887	887	5451063	5451063	0	4366280
RAIL	114	1935	6	443
FOLD	451	889	889	5463354	5463354	0	4374942
RAIL	912	1136	6	444
FOLD	452	891	891	5475645	5475645	0	4385697
RAIL	912	1137	6	445
FOLD	453	893	893	5487936	5487936	0	4398852
RAIL	115	1933	6	446
FOLD	454	895	895	5500227	5500227	0	4407639
RAIL	115	1934	6	447
FOLD	455	897	897	5512518	5512518	0	4415654
RAIL	911	1137	6	448
FOLD	456	899	899	5524809	5524809	0	4426204
RAIL	911	1138	6	449
FOLD	457	901	901	5537100	5537100	0	4436285
RAIL	116	1932	6	450
FOLD	458	903	903	5549391	5549391	0	4444308
RAIL	116	1933	6	451
FOLD	459	905	905	5561682	5561682	0	4452277
RAIL	910	1138	6	452
FOLD	460	907	907	5573973	5573973	0	4463003
RAIL	910	1139	6	453
FOLD	461	909	909	5586264	5586264	0	4473097
RAIL	117	1931	6	454
FOLD	462	911	911	5598555	5598555	0	4480880
RAIL	117	1932	6	455
FOLD	463	913	913	5610846	5610846	0	4490197
RAIL	909	1139	6	456
FOLD	464	915	915	5623137	5623137	0	4500950
RAIL	909	1140	6	457
FOLD	465	917	917	5635428	5635428	0	4511543
RAIL	118	1930	6	458
FOLD	466	919	919	5647719	5647719	0	4519674
RAIL	118	1931	6	459
FOLD	467	921	921	5660010	5660010	0	4528255
RAIL	908	1140	6	460
FOLD	468	923	923	5672301	5672301	0	4538824
RAIL	908	1141	6	461
FOLD	469	925	925	5684592	5684592	0	4549260
RAIL	119	1929	6	462
FOLD	470	927	927	5696883	5696883	0	4558002
RAIL	119	1930	6	463
FOLD	471	929	929	5709174	5709174	0	4566620
RAIL	907	1141	6	464
FOLD	472	931	931	5721465	5721465	0	4577871
RAIL	907	1142	6	465
FOLD	473	933	933	5733756	5733756	0	4588201
RAIL	120	1928	6	466
FOLD	474	935	935	5746047	5746047	0	4596310
RAIL	120	1929	6	467
FOLD	475	937	937	5758338	5758338	0	4605079
RAIL	906	1142	6	468
FOLD	476	939	939	5770629	5770629	0	4615655
RAIL	906	1143	6	469
FOLD	477	941	941	5782920	5782920	0	4625894
RAIL	121	1927	6	470
FOLD	478	943	943	5795211	5795211	0	4634044
RAIL	121	1928	6	471
FOLD	479	945	945	5807502	5807502	0	4642711
RAIL	905	1143	6	472
FOLD	480	947	947	5819793	5819793	0	4653391
RAIL	905	1144	6	473
FOLD	481	949	949	5832084	5832084	0	4663621
RAIL	122	1926	6	474
FOLD	482	951	951	5844375	5844375	0	4672108
RAIL	122	1927	6	475
FOLD	483	953	953	5856666	5856666	0	4680315
RAIL	904	1144	6	476
FOLD	484	955	955	5868957	5868957	0	4690465
RAIL	904	1145	6	477
FOLD	485	957	957	5881248	5881248	0	4701313
RAIL	123	1925	6	478
FOLD	486	959	959	5893539	5893539	0	4709721
RAIL	123	1926	6	479
FOLD	487	961	961	5905830	5905830	0	4717960
RAIL	903	1145	6	480
FOLD	488	963	963	5918121	5918121	0	4728298
RAIL	903	1146	6	481
FOLD	489	965	965	5930412	5930412	0	4738781
RAIL	124	1924	6	482
FOLD	490	967	967	5942703	5942703	0	4747485
RAIL	124	1925	6	483
FOLD	491	969	969	5954994	5954994	0	4755710
RAIL	902	1146	6	484
FOLD	492	971	971	5967285	5967285	0	4766131
RAIL	902	1147	6	485
FOLD	493	973	973	5979576	5979576	0	4776586
RAIL	125	1923	6	486
FOLD	494	975	975	5991867	5991867	0	4784721
RAIL	125	1924	6	487
FOLD	495	977	977	6004158	6004158	0	4793805
RAIL	901	1147	6	488
FOLD	496	979	979	6016449	6016449	0	4806661
RAIL	901	1148	6	489
FOLD	497	981	981	6028740	6028740	0	4817247
RAIL	126	1922	6	490
FOLD	498	983	983	6041031	6041031	0	4825617
RAIL	126	1923	6	491
FOLD	499	985	985	6053322	6053322	0	4834289
RAIL	900	1148	6	492
FOLD	500	987	987	6065613	6065613	0	4845148
RAIL	900	1149	6	493
FOLD	501	989	989	6077904	6077904	0	4855760
RAIL	127	1921	6	494
FOLD	502	991	991	6090195	6090195	0	4863863
RAIL	127	1922	6	495
FOLD	503	993	993	6102486	6102486	0	4871558
RAIL	899	1149	6	496
FOLD	504	995	995	6114777	6114777	0	4881994
RAIL	899	1150	6	497
FOLD	505	997	997	6127068	6127068	0	4892257
RAIL	128	1920	6	498
FOLD	506	999	999	6139359	6139359	0	4900525
RAIL	128	1921	6	499
FOLD	507	1001	1001	6151650	6151650	0	4908862
RAIL	898	1150	6	500
FOLD	508	1003	1003	6163941	6163941	0	4919502
RAIL	898	1151	6	501
FOLD	509	1005	1005	6176232	6176232	0	4929768
RAIL	129	1919	6	502
FOLD	510	1007	1007	6188523	6188523	0	4938111
RAIL	129	1920	6	503
FOLD	511	1009	1009	6200814	6200814	0	4946478
RAIL	897	1151	6	504
FOLD	512	1011	1011	6213105	6213105	0	4957407
RAIL	897	1152	6	505
FOLD	513	1013	1013	6225396	6225396	0	4968353
RAIL	130	1918	6	506
FOLD	514	1015	1015	6237687	6237687	0	4976915
RAIL	130	1919	6	507
FOLD	515	1017	1017	6249978	6249978	0	4985372
RAIL	896	1152	6	508
FOLD	516	1019	1019	6262269	6262269	0	4996052
RAIL	896	1153	6	509
FOLD	517	1021	1021	6274560	6274560	0	5006170
RAIL	131	1917	6	510
FOLD	518	1023	1023	6286851	6286851	0	5014861
RAIL	131	1918	6	511
FOLD	519	1025	1025	6299142	6299142	0	5023104
RAIL	895	1153	6	512
FOLD	520	1027	1027	6311433	6311433	0	5033861
RAIL	895	1154	6	513
FOLD	521	1029	1029	6323724	6323724	0	5044291
RAIL	132	1916	6	514
FOLD	522	1031	1031	6336015	6336015	0	5052655
RAIL	132	1917	6	515
FOLD	523	1033	1033	6348306	6348306	0	5060648
RAIL	894	1154	6	516
FOLD	524	1035	1035	6360597	6360597	0	5071525
RAIL	894	1155	6	517
FOLD	525	1037	1037	6372888	6372888	0	5081502
RAIL	133	1915	6	518
FOLD	526	1039	1039	6385179	6385179	0	5089604
RAIL	133	1916	6	519
FOLD	527	1041	1041	6397470	6397470	0	5097990
RAIL	893	1155	6	520
FOLD	528	1043	1043	6409761	6409761	0	5108314
RAIL	893	1156	6	521
FOLD	529	1045	1045	6422052	6422052	0	5118944
RAIL	134	1914	6	522
FOLD	530	1047	1047	6434343	6434343	0	5129301
RAIL	134	1915	6	523
FOLD	531	1049	1049	6446634	6446634	0	5142563
RAIL	892	1156	6	524
FOLD	532	1051	1051	6458925	6458925	0	5153317
RAIL	892	1157	6	525
FOLD	533	1053	1053	6471216	6471216	0	5164187
RAIL	135	1913	6	526
FOLD	534	1055	1055	6483507	6483507	0	5172535
RAIL	135	1914	6	527
FOLD	535	1057	1057	6495798	6495798	0	5180625
RAIL	891	1157	6	528
FOLD	536	1059	1059	6508089	6508089	0	5190897
RAIL	891	1158	6	529
FOLD	537	1061	1061	6520380	6520380	0	5201032
RAIL	136	1912	6	530
FOLD	538	1063	1063	6532671	6532671	0	5209123
RAIL	136	1913	6	531
FOLD	539	1065	1065	6544962	6544962	0	5218460
RAIL	890	1158	6	532
FOLD	540	1067	1067	6557253	6557253	0	5237336
RAIL	890	1159	6	533
FOLD	541	1069	1069	6569544	6569544	0	5255908
RAIL	137	1911	6	534
FOLD	542	1071	1071	6581835	6581835	0	5271230
RAIL	137	1912	6	535
FOLD	543	1073	1073	6594126	6594126	0	5281507
RAIL	889	1159	6	536
FOLD	544	1075	1075	6606417	6606417	0	5292386
RAIL	889	1160	6	537
FOLD	545	1077	1077	6618708	6618708	0	5308536
RAIL	138	1910	6	538
FOLD	546	1079	1079	6630999	6630999	0	5317069
RAIL	138	1911	6	539
FOLD	547	1081	1081	6643290	6643290	0	5325138
RAIL	888	1160	6	540
FOLD	548	1083	1083	6655581	6655581	0	5335093
RAIL	888	1161	6	541
FOLD	549	1085	1085	6667872	6667872	0	5344965
RAIL	139	1909	6	542
FOLD	550	1087	1087	6680163	6680163	0	5352909
RAIL	139	1910	6	543
FOLD	551	1089	1089	6692454	6692454	0	5361051
RAIL	887	1161	6	544
FOLD	552	1091	1091	6704745	6704745	0	5371327
RAIL	887	1162	6	545
FOLD	553	1093	1093	6717036	6717036	0	5381194
RAIL	140	1908	6	546
FOLD	554	1095	1095	6729327	6729327	0	5389245
RAIL	140	1909	6	547
FOLD	555	1097	1097	6741618	6741618	0	5397218
RAIL	886	1162	6	548
FOLD	556	1099	1099	6753909	6753909	0	5407331
RAIL	886	1163	6	549
FOLD	557	1101	1101	6766200	6766200	0	5417490
RAIL	141	1907	6	550
FOLD	558	1103	1103	6778491	6778491	0	5425962
RAIL	141	1908	6	551
FOLD	559	1105	1105	6790782	6790782	0	5433983
RAIL	885	1163	6	552
FOLD	560	1107	1107	6803073	6803073	0	5444286
RAIL	885	1164	6	553
FOLD	561	1109	1109	6815364	6815364	0	5454353
RAIL	142	1906	6	554
FOLD	562	1111	1111	6827655	6827655	0	5462975
RAIL	142	1907	6	555
FOLD	563	1113	1113	6839946	6839946	0	5472199
RAIL	884	1164	6	556
FOLD	564	1115	1115	6852237	6852237	0	5488289
RAIL	884	1165	6	557
FOLD	565	1117	1117	6864528	6864528	0	5498675
RAIL	143	1905	6	558
FOLD	566	1119	1119	6876819	6876819	0	5508008
RAIL	143	1906	6	559
FOLD	567	1121	1121	6889110	6889110	0	5516778
RAIL	883	1165	6	560
FOLD	568	1123	1123	6901401	6901401	0	5526953
RAIL	883	1166	6	561
FOLD	569	1125	1125	6913692	6913692	0	5540016
RAIL	144	1904	6	562
FOLD	570	1127	1127	6925983	6925983	0	5552133
RAIL	144	1905	6	563
FOLD	571	1129	1129	6938274	6938274	0	5563928
RAIL	882	1166	6	564
FOLD	572	1131	1131	6950565	6950565	0	5574703
RAIL	882	1167	6	565
FOLD	573	1133	1133	6962856	6962856	0	5584746
RAIL	145	1903	6	566
FOLD	574	1135	1135	6975147	6975147	0	5593002
RAIL	145	1904	6	567
FOLD	575	1137	1137	6987438	6987438	0	5601221
RAIL	881	1167	6	568
FOLD	576	1139	1139	6999729	6999729	0	5611530
RAIL	881	1168	6	569
FOLD	577	1141	1141	7012020	7012020	0	5621635
RAIL	146	1902	6	570
FOLD	578	1143	1143	7024311	7024311	0	5630006
RAIL	146	1903	6	571
FOLD	579	1145	1145	7036602	7036602	0	5638072
RAIL	880	1168	6	572
FOLD	580	1147	1147	7048893	7048893	0	5648329
RAIL	880	1169	6	573
FOLD	581	1149	1149	7061184	7061184	0	5658695
RAIL	147	1901	6	574
FOLD	582	1151	1151	7073475	7073475	0	5667229
RAIL	147	1902	6	575
FOLD	583	1153	1153	7085766	7085766	0	5675352
RAIL	879	1169	6	576
FOLD	584	1155	1155	7098057	7098057	0	5685707
RAIL	879	1170	6	577
FOLD	585	1157	1157	7110348	7110348	0	5695911
RAIL	148	1900	6	578
FOLD	586	1159	1159	7122639	7122639	0	5704754
RAIL	148	1901	6	579
FOLD	587	1161	1161	7134930	7134930	0	5714679
RAIL	878	1170	6	580
FOLD	588	1163	1163	7147221	7147221	0	5729168
RAIL	878	1171	6	581
FOLD	589	1165	1165	7159512	7159512	0	5739318
RAIL	149	1899	6	582
FOLD	590	1167	1167	7171803	7171803	0	5748202
RAIL	149	1900	6	583
FOLD	591	1169	1169	7184094	7184094	0	5756266
RAIL	877	1171	6	584
FOLD	592	1171	1171	7196385	7196385	0	5767053
RAIL	877	1172	6	585
FOLD	593	1173	1173	7208676	7208676	0	5777314
RAIL	150	1898	6	586
FOLD	594	1175	1175	7220967	7220967	0	5786402
RAIL	150	1899	6	587
FOLD	595	1177	1177	7233258	7233258	0	5795435
RAIL	876	1172	6	588
FOLD	596	1179	1179	7245549	7245549	0	5806992
RAIL	876	1173	6	589
FOLD	597	1181	1181	7257840	7257840	0	5817878
RAIL	151	1897	6	590
FOLD	598	1183	1183	7270131	7270131	0	5827161
RAIL	151	1898	6	591
FOLD	599	1185	1185	7282422	7282422	0	5836073
RAIL	875	1173	6	592
FOLD	600	1187	1187	7294713	7294713	0	5847563
RAIL	875	1174	6	593
FOLD	601	1189	1189	7307004	7307004	0	5857992
RAIL	152	1896	6	594
FOLD	602	1191	1191	7319295	7319295	0	5867154
RAIL	152	1897	6	595
FOLD	603	1193	1193	7331586	7331586	0	5875577
RAIL	874	1174	6	596
FOLD	604	1195	1195	7343877	7343877	0	5885965
RAIL	874	1175	6	597
FOLD	605	1197	1197	7356168	7356168	0	5895856
RAIL	153	1895	6	598
FOLD	606	1199	1199	7368459	7368459	0	5904496
RAIL	153	1896	6	599
FOLD	607	1201	1201	7380750	7380750	0	5913124
RAIL	873	1175	6	600
FOLD	608	1203	1203	7393041	7393041	0	5925973
RAIL	873	1176	6	601
FOLD	609	1205	1205	7405332	7405332	0	5937311
RAIL	154	1894	6	602
FOLD	610	1207	1207	7417623	7417623	0	5946592
RAIL	154	1895	6	603
FOLD	611	1209	1209	7429914	7429914	0	5956235
RAIL	872	1176	6	604
FOLD	612	1211	1211	7442205	7442205	0	5967693
RAIL	872	1177	6	605
FOLD	613	1213	1213	7454496	7454496	0	5977882
RAIL	155	1893	6	606
FOLD	614	1215	1215	7466787	7466787	0	5986197
RAIL	155	1894	6	607
FOLD	615	1217	1217	7479078	7479078	0	5994354
RAIL	871	1177	6	608
FOLD	616	1219	1219	7491369	7491369	0	6005147
RAIL	871	1178	6	609
FOLD	617	1221	1221	7503660	7503660	0	6015686
RAIL	156	1892	6	610
FOLD	618	1223	1223	7515951	7515951	0	6024408
RAIL	156	1893	6	611
FOLD	619	1225	1225	7528242	7528242	0	6033173
RAIL	870	1178	6	612
FOLD	620	1227	1227	7540533	7540533	0	6043568
RAIL	870	1179	6	613
FOLD	621	1229	1229	7552824	7552824	0	6053958
RAIL	157	1891	6	614
FOLD	622	1231	1231	7565115	7565115	0	6062810
RAIL	157	1892	6	615
FOLD	623	1233	1233	7577406	7577406	0	6071002
RAIL	869	1179	6	616
FOLD	624	1235	1235	7589697	7589697	0	6081258
RAIL	869	1180	6	617
FOLD	625	1237	1237	7601988	7601988	0	6091287
RAIL	158	1890	6	618
FOLD	626	1239	1239	7614279	7614279	0	6099761
RAIL	158	1891	6	619
FOLD	627	1241	1241	7626570	7626570	0	6107956
RAIL	868	1180	6	620
FOLD	628	1243	1243	7638861	7638861	0	6118474
RAIL	868	1181	6	621
FOLD	629	1245	1245	7651152	7651152	0	6129319
RAIL	159	1889	6	622
FOLD	630	1247	1247	7663443	7663443	0	6138810
RAIL	159	1890	6	623
FOLD	631	1249	1249	7675734	7675734	0	6146838
RAIL	867	1181	6	624
FOLD	632	1251	1251	7688025	7688025	0	6157368
RAIL	867	1182	6	625
FOLD	633	1253	1253	7700316	7700316	0	6167608
RAIL	160	1888	6	626
FOLD	634	1255	1255	7712607	7712607	0	6176292
RAIL	160	1889	6	627
FOLD	635	1257	1257	7724898	7724898	0	6184601
RAIL	866	1182	6	628
FOLD	636	1259	1259	7737189	7737189	0	6194961
RAIL	866	1183	6	629
FOLD	637	1261	1261	7749480	7749480	0	6204925
RAIL	161	1887	6	630
FOLD	638	1263	1263	7761771	7761771	0	6213709
RAIL	161	1888	6	631
FOLD	639	1265	1265	7774062	7774062	0	6222099
RAIL	865	1183	6	632
FOLD	640	1267	1267	7786353	7786353	0	6233255
RAIL	865	1184	6	633
FOLD	641	1269	1269	7798644	7798644	0	6243472
RAIL	162	1886	6	634
FOLD	642	1271	1271	7810935	7810935	0	6251848
RAIL	162	1887	6	635
FOLD	643	1273	1273	7823226	7823226	0	6260150
RAIL	864	1184	6	636
FOLD	644	1275	1275	7835517	7835517	0	6270483
RAIL	864	1185	6	637
FOLD	645	1277	1277	7847808	7847808	0	6280810
RAIL	163	1885	6	638
FOLD	646	1279	1279	7860099	7860099	0	6289313
RAIL	163	1886	6	639
FOLD	647	1281	1281	7872390	7872390	0	6297744
RAIL	863	1185	6	640
FOLD	648	1283	1283	7884681	7884681	0	6307999
RAIL	863	1186	6	641
FOLD	649	1285	1285	7896972	7896972	0	6318158
RAIL	164	1884	6	642
FOLD	650	1287	1287	7909263	7909263	0	6326880
RAIL	164	1885	6	643
FOLD	651	1289	1289	7921554	7921554	0	6335183
RAIL	862	1186	6	644
FOLD	652	1291	1291	7933845	7933845	0	6345664
RAIL	862	1187	6	645
FOLD	653	1293	1293	7946136	7946136	0	6355714
RAIL	165	1883	6	646
FOLD	654	1295	1295	7958427	7958427	0	6364433
RAIL	165	1884	6	647
FOLD	655	1297	1297	7970718	7970718	0	6373108
RAIL	861	1187	6	648
FOLD	656	1299	1299	7983009	7983009	0	6384313
RAIL	861	1188	6	649
FOLD	657	1301	1301	7995300	7995300	0	6394776
RAIL	166	1882	6	650
FOLD	658	1303	1303	8007591	8007591	0	6403495
RAIL	166	1883	6	651
FOLD	659	1305	1305	8019882	8019882	0	6412189
RAIL	860	1188	6	652
FOLD	660	1307	1307	8032173	8032173	0	6423578
RAIL	860	1189	6	653
FOLD	661	1309	1309	8044464	8044464	0	6433364
RAIL	167	1881	6	654
FOLD	662	1311	1311	8056755	8056755	0	6441621
RAIL	167	1882	6	655
FOLD	663	1313	1313	8069046	8069046	0	6449376
RAIL	859	1189	6	656
FOLD	664	1315	1315	8081337	8081337	0	6460204
RAIL	859	1190	6	657
FOLD	665	1317	1317	8093628	8093628	0	6472441
RAIL	168	1880	6	658
FOLD	666	1319	1319	8105919	8105919	0	6480743
RAIL	168	1881	6	659
FOLD	667	1321	1321	8118210	8118210	0	6496139
RAIL	858	1190	6	660
FOLD	668	1323	1323	8130501	8130501	0	6507693
RAIL	858	1191	6	661
FOLD	669	1325	1325	8142792	8142792	0	6518610
RAIL	169	1879	6	662
FOLD	670	1327	1327	8155083	8155083	0	6528064
RAIL	169	1880	6	663
FOLD	671	1329	1329	8167374	8167374	0	6537657
RAIL	857	1191	6	664
FOLD	672	1331	1331	8179665	8179665	0	6548917
RAIL	857	1192	6	665
FOLD	673	1333	1333	8191956	8191956	0	6559634
RAIL	170	1878	6	666
FOLD	674	1335	1335	8204247	8204247	0	6568538
RAIL	170	1879	6	667
FOLD	675	1337	1337	8216538	8216538	0	6577034
RAIL	856	1192	6	668
FOLD	676	1339	1339	8228829	8228829	0	6587487
RAIL	856	1193	6	669
FOLD	677	1341	1341	8241120	8241120	0	6597993
RAIL	171	1877	6	670
FOLD	678	1343	1343	8253411	8253411	0	6606643
RAIL	171	1878	6	671
FOLD	679	1345	1345	8265702	8265702	0	6614780
RAIL	855	1193	6	672
FOLD	680	1347	1347	8277993	8277993	0	6625517
RAIL	855	1194	6	673
FOLD	681	1349	1349	8290284	8290284	0	6635640
RAIL	172	1876	6	674
FOLD	682	1351	1351	8302575	8302575	0	6644464
RAIL	172	1877	6	675
FOLD	683	1353	1353	8314866	8314866	0	6659340
RAIL	854	1194	6	676
FOLD	684	1355	1355	8327157	8327157	0	6670397
RAIL	854	1195	6	677
FOLD	685	1357	1357	8339448	8339448	0	6680790
RAIL	173	1875	6	678
FOLD	686	1359	1359	8351739	8351739	0	6689323
RAIL	173	1876	6	679
FOLD	687	1361	1361	8364030	8364030	0	6698017
RAIL	853	1195	6	680
FOLD	688	1363	1363	8376321	8376321	0	6708553
RAIL	853	1196	6	681
FOLD	689	1365	1365	8388612	8388612	0	6718852
RAIL	174	1874	6	682
FOLD	690	1367	1367	8400903	8400903	0	6728027
RAIL	174	1875	6	683
FOLD	691	1369	1369	8413194	8413194	0	6736528
RAIL	852	1196	6	684
FOLD	692	1371	1371	8425485	8425485	0	6747258
RAIL	852	1197	6	685
FOLD	693	1373	1373	8437776	8437776	0	6763103
RAIL	175	1873	6	686
FOLD	694	1375	1375	8450067	8450067	0	6778104
RAIL	175	1874	6	687
FOLD	695	1377	1377	8462358	8462358	0	6792086
RAIL	851	1197	6	688
FOLD	696	1379	1379	8474649	8474649	0	6803030
RAIL	851	1198	6	689
FOLD	697	1381	1381	8486940	8486940	0	6813931
RAIL	176	1872	6	690
FOLD	698	1383	1383	8499231	8499231	0	6822699
RAIL	176	1873	6	691
FOLD	699	1385	1385	8511522	8511522	0	6830930
RAIL	850	1198	6	692
FOLD	700	1387	1387	8523813	8523813	0	6841064
RAIL	850	1199	6	693
FOLD	701	1389	1389	8536104	8536104	0	6851202
RAIL	177	1871	6	694
FOLD	702	1391	1391	8548395	8548395	0	6859848
RAIL	177	1872	6	695
FOLD	703	1393	1393	8560686	8560686	0	6868254
RAIL	849	1199	6	696
FOLD	704	1395	1395	8572977	8572977	0	6878825
RAIL	849	1200	6	697
FOLD	705	1397	1397	8585268	8585268	0	6888889
RAIL	178	1870	6	698
FOLD	706	1399	1399	8597559	8597559	0	6897664
RAIL	178	1871	6	699
FOLD	707	1401	1401	8609850	8609850	0	6906156
RAIL	848	1200	6	700
FOLD	708	1403	1403	8622141	8622141	0	6916352
RAIL	848	1201	6	701
FOLD	709	1405	1405	8634432	8634432	0	6926800
RAIL	179	1869	6	702
FOLD	710	1407	1407	8646723	8646723	0	6935495
RAIL	179	1870	6	703
FOLD	711	1409	1409	8659014	8659014	0	6943802
RAIL	847	1201	6	704
FOLD	712	1411	1411	8671305	8671305	0	6954243
RAIL	847	1202	6	705
FOLD	713	1413	1413	8683596	8683596	0	6964385
RAIL	180	1868	6	706
FOLD	714	1415	1415	8695887	8695887	0	6973039
RAIL	180	1869	6	707
FOLD	715	1417	1417	8708178	8708178	0	6982904
RAIL	846	1202	6	708
FOLD	716	1419	1419	8720469	8720469	0	6993345
RAIL	846	1203	6	709
FOLD	717	1421	1421	8732760	8732760	0	7003903
RAIL	181	1867	6	710
FOLD	718	1423	1423	8745051	8745051	0	7012708
RAIL	181	1868	6	711
FOLD	719	1425	1425	8757342	8757342	0	7021153
RAIL	845	1203	6	712
FOLD	720	1427	1427	8769633	8769633	0	7031291
RAIL	845	1204	6	713
FOLD	721	1429	1429	8781924	8781924	0	7041522
RAIL	182	1866	6	714
FOLD	722	1431	1431	8794215	8794215	0	7050380
RAIL	182	1867	6	715
FOLD	723	1433	1433	8806506	8806506	0	7058976
RAIL	844	1204	6	716
FOLD	724	1435	1435	8818797	8818797	0	7070977
RAIL	844	1205	6	717
FOLD	725	1437	1437	8831088	8831088	0	7081009
RAIL	183	1865	6	718
FOLD	726	1439	1439	8843379	8843379	0	7089388
RAIL	183	1866	6	719
FOLD	727	1441	1441	8855670	8855670	0	7097598
RAIL	843	1205	6	720
FOLD	728	1443	1443	8867961	8867961	0	7107891
RAIL	843	1206	6	721
FOLD	729	1445	1445	8880252	8880252	0	7118618
RAIL	184	1864	6	722
FOLD	730	1447	1447	8892543	8892543	0	7126895
RAIL	184	1865	6	723
FOLD	731	1449	1449	8904834	8904834	0	7135493
RAIL	842	1206	6	724
FOLD	732	1451	1451	8917125	8917125	0	7145827
RAIL	842	1207	6	725
FOLD	733	1453	1453	8929416	8929416	0	7156244
RAIL	185	1863	6	726
FOLD	734	1455	1455	8941707	8941707	0	7165190
RAIL	185	1864	6	727
FOLD	735	1457	1457	8953998	8953998	0	7173737
RAIL	841	1207	6	728
FOLD	736	1459	1459	8966289	8966289	0	7184218
RAIL	841	1208	6	729
FOLD	737	1461	1461	8978580	8978580	0	7194457
RAIL	186	1862	6	730
FOLD	738	1463	1463	8990871	8990871	0	7203132
RAIL	186	1863	6	731
FOLD	739	1465	1465	9003162	9003162	0	7211261
RAIL	840	1208	6	732
FOLD	740	1467	1467	9015453	9015453	0	7228272
RAIL	840	1209	6	733
FOLD	741	1469	1469	9027744	9027744	0	7238492
RAIL	187	1861	6	734
FOLD	742	1471	1471	9040035	9040035	0	7246974
RAIL	187	1862	6	735
FOLD	743	1473	1473	9052326	9052326	0	7255264
RAIL	839	1209	6	736
FOLD	744	1475	1475	9064617	9064617	0	7265701
RAIL	839	1210	6	737
FOLD	745	1477	1477	9076908	9076908	0	7275782
RAIL	188	1860	6	738
FOLD	746	1479	1479	9089199	9089199	0	7284578
RAIL	188	1861	6	739
FOLD	747	1481	1481	9101490	9101490	0	7293030
RAIL	838	1210	6	740
FOLD	748	1483	1483	9113781	9113781	0	7303436
RAIL	838	1211	6	741
FOLD	749	1485	1485	9126072	9126072	0	7313396
RAIL	189	1859	6	742
FOLD	750	1487	1487	9138363	9138363	0	7321947
RAIL	189	1860	6	743
FOLD	751	1489	1489	9150654	9150654	0	7330015
RAIL	837	1211	6	744
FOLD	752	1491	1491	9162945	9162945	0	7346091
RAIL	837	1212	6	745
FOLD	753	1493	1493	9175236	9175236	0	7357007
RAIL	190	1858	6	746
FOLD	754	1495	1495	9187527	9187527	0	7366849
RAIL	190	1859	6	747
FOLD	755	1497	1497	9199818	9199818	0	7375425
RAIL	836	1212	6	748
FOLD	756	1499	1499	9212109	9212109	0	7385746
RAIL	836	1213	6	749
FOLD	757	1501	1501	9224400	9224400	0	7395866
RAIL	191	1857	6	750
FOLD	758	1503	1503	9236691	9236691	0	7404482
RAIL	191	1858	6	751
FOLD	759	1505	1505	9248982	9248982	0	7412515
RAIL	835	1213	6	752
FOLD	760	1507	1507	9261273	9261273	0	7422676
RAIL	835	1214	6	753
FOLD	761	1509	1509	9273564	9273564	0	7432600
RAIL	192	1856	6	754
FOLD	762	1511	1511	9285855	9285855	0	7441067
RAIL	192	1857	6	755
FOLD	763	1513	1513	9298146	9298146	0	7449647
RAIL	834	1214	6	756
FOLD	764	1515	1515	9310437	9310437	0	7460032
RAIL	834	1215	6	757
FOLD	765	1517	1517	9322728	9322728	0	7470262
RAIL	193	1855	6	758
FOLD	766	1519	1519	9335019	9335019	0	7478973
RAIL	193	1856	6	759
FOLD	767	1521	1521	9347310	9347310	0	7488176
RAIL	833	1215	6	760
FOLD	768	1523	1523	9359601	9359601	0	7498325
RAIL	833	1216	6	761
FOLD	769	1525	1525	9371892	9371892	0	7508446
RAIL	194	1854	6	762
FOLD	770	1527	1527	9384183	9384183	0	7519149
RAIL	194	1855	6	763
FOLD	771	1529	1529	9396474	9396474	0	7527752
RAIL	832	1216	6	764
FOLD	772	1531	1531	9408765	9408765	0	7538327
RAIL	832	1217	6	765
FOLD	773	1533	1533	9421056	9421056	0	7548746
RAIL	195	1853	6	766
FOLD	774	1535	1535	9433347	9433347	0	7557603
RAIL	195	1854	6	767
FOLD	775	1537	1537	9445638	9445638	0	7572706
RAIL	831	1217	6	768
FOLD	776	1539	1539	9457929	9457929	0	7583179
RAIL	831	1218	6	769
FOLD	777	1541	1541	9470220	9470220	0	7593380
RAIL	196	1852	6	770
FOLD	778	1543	1543	9482511	9482511	0	7602085
RAIL	196	1853	6	771
FOLD	779	1545	1545	9494802	9494802	0	7610938
RAIL	830	1218	6	772
FOLD	780	1547	1547	9507093	9507093	0	7621462
RAIL	830	1219	6	773
FOLD	781	1549	1549	9519384	9519384	0	7632078
RAIL	197	1851	6	774
FOLD	782	1551	1551	9531675	9531675	0	7640740
RAIL	197	1852	6	775
FOLD	783	1553	1553	9543966	9543966	0	7653078
RAIL	829	1219	6	776
FOLD	784	1555	1555	9556257	9556257	0	7667918
RAIL	829	1220	6	777
FOLD	785	1557	1557	9568548	9568548	0	7678717
RAIL	198	1850	6	778
FOLD	786	1559	1559	9580839	9580839	0	7687793
RAIL	198	1851	6	779
FOLD	787	1561	1561	9593130	9593130	0	7696459
RAIL	828	1220	6	780
FOLD	788	1563	1563	9605421	9605421	0	7706848
RAIL	828	1221	6	781
FOLD	789	1565	1565	9617712	9617712	0	7717048
RAIL	199	1849	6	782
FOLD	790	1567	1567	9630003	9630003	0	7726480
RAIL	199	1850	6	783
FOLD	791	1569	1569	9642294	9642294	0	7735213
RAIL	827	1221	6	784
FOLD	792	1571	1571	9654585	9654585	0	7745570
RAIL	827	1222	6	785
FOLD	793	1573	1573	9666876	9666876	0	7755980
RAIL	200	1848	6	786
FOLD	794	1575	1575	9679167	9679167	0	7764739
RAIL	200	1849	6	787
FOLD	795	1577	1577	9691458	9691458	0	7773444
RAIL	826	1222	6	788
FOLD	796	1579	1579	9703749	9703749	0	7783798
RAIL	826	1223	6	789
FOLD	797	1581	1581	9716040	9716040	0	7793964
RAIL	201	1847	6	790
FOLD	798	1583	1583	9728331	9728331	0	7803068
RAIL	201	1848	6	791
FOLD	799	1585	1585	9740622	9740622	0	7811688
RAIL	825	1223	6	792
FOLD	800	1587	1587	9752913	9752913	0	7821668
RAIL	825	1224	6	793
FOLD	801	1589	1589	9765204	9765204	0	7832182
RAIL	202	1846	6	794
FOLD	802	1591	1591	9777495	9777495	0	7840867
RAIL	202	1847	6	795
FOLD	803	1593	1593	9789786	9789786	0	7849327
RAIL	824	1224	6	796
FOLD	804	1595	1595	9802077	9802077	0	7859357
RAIL	824	1225	6	797
FOLD	805	1597	1597	9814368	9814368	0	7869434
RAIL	203	1845	6	798
FOLD	806	1599	1599	9826659	9826659	0	7877960
RAIL	203	1846	6	799
FOLD	807	1601	1601	9838950	9838950	0	7886130
RAIL	823	1225	6	800
FOLD	808	1603	1603	9851241	9851241	0	7896223
RAIL	823	1226	6	801
FOLD	809	1605	1605	9863532	9863532	0	7906168
RAIL	204	1844	6	802
FOLD	810	1607	1607	9875823	9875823	0	7914932
RAIL	204	1845	6	803
FOLD	811	1609	1609	9888114	9888114	0	7923256
RAIL	822	1226	6	804
FOLD	812	1611	1611	9900405	9900405	0	7932970
RAIL	822	1227	6	805
FOLD	813	1613	1613	9912696	9912696	0	7942948
RAIL	205	1843	6	806
FOLD	814	1615	1615	9924987	9924987	0	7951449
RAIL	205	1844	6	807
FOLD	815	1617	1617	9937278	9937278	0	7959638
RAIL	821	1227	6	808
FOLD	816	1619	1619	9949569	9949569	0	7969816
RAIL	821	1228	6	809
FOLD	817	1621	1621	9961860	9961860	0	7982089
RAIL	206	1842	6	810
FOLD	818	1623	1623	9974151	9974151	0	7994118
RAIL	206	1843	6	811
FOLD	819	1625	1625	9986442	9986442	0	8002268
RAIL	820	1228	6	812
