INPUT	11647198307356338841	64	27	324
FRAME	1	0	1	1	12
FOLD	1	1	1	192	192	0	17
FOLD	2	1	1	195	195	0	66
FOLD	4	3	3	579	579	0	89
FOLD	5	5	5	966	966	0	116
FOLD	8	7	7	1353	1353	0	233
FOLD	9	9	9	1740	1740	0	282
FOLD	10	11	11	2127	2127	0	294
FOLD	12	13	13	2511	2511	0	356
FOLD	13	15	15	2898	2898	0	391
FOLD	14	17	17	3285	3285	0	412
FOLD	16	19	19	3669	3669	0	496
FOLD	17	21	21	4056	4056	0	558
FOLD	18	23	23	4443	4443	0	570
FOLD	19	25	25	4830	4830	0	592
FOLD	20	27	27	5217	5217	0	602
FOLD	21	29	29	5604	5604	0	631
FOLD	22	31	31	5991	5991	0	648
FOLD	23	33	33	6378	6378	0	692
FOLD	24	35	35	6765	6765	0	706
FOLD	25	37	37	7152	7152	0	734
FOLD	26	39	39	7539	7539	0	765
FOLD	27	41	41	7926	7926	0	798
FOLD	28	43	43	8313	8313	0	809
FOLD	29	45	45	8700	8700	0	845
FOLD	30	47	47	9087	9087	0	857
FOLD	31	49	49	9474	9474	0	885
FOLD	32	51	51	9861	9861	0	902
FOLD	33	53	53	10248	10248	0	948
FOLD	34	55	55	10635	10635	0	961
FOLD	35	57	57	11022	11022	0	1005
FOLD	36	59	59	11409	11409	0	1017
FOLD	37	61	61	11796	11796	0	1054
FOLD	38	63	63	12183	12183	0	1070
FOLD	39	65	65	12570	12570	0	1110
FOLD	40	67	67	12957	12957	0	1121
FOLD	41	69	69	13344	13344	0	1206
FOLD	42	71	71	13731	13731	0	1217
FOLD	43	73	73	14118	14118	0	1245
FOLD	44	75	75	14505	14505	0	1262
FOLD	45	77	77	14892	14892	0	1310
FOLD	46	79	79	15279	15279	0	1331
FOLD	47	81	81	15666	15666	0	1367
FOLD	48	83	83	16053	16053	0	1383
FOLD	49	85	85	16440	16440	0	1412
FOLD	50	87	87	16827	16827	0	1428
FOLD	51	89	89	17214	17214	0	1476
FOLD	52	91	91	17601	17601	0	1487
FOLD	53	93	93	17988	17988	0	1520
FOLD	54	95	95	18375	18375	0	1532
FOLD	55	97	97	18762	18762	0	1626
FOLD	56	99	99	19149	19149	0	1682
FOLD	57	101	101	19536	19536	0	1720
FOLD	58	103	103	19923	19923	0	1749
FOLD	59	105	105	20310	20310	0	1777
FOLD	60	107	107	20697	20697	0	1789
FOLD	61	109	109	21084	21084	0	1822
FOLD	62	111	111	21471	21471	0	1872
FOLD	63	112	112	21666	21666	0	1943
FOLD	64	113	113	21858	21858	0	1967
FOLD	65	114	114	22053	22053	0	1989
FOLD	66	115	115	22245	22245	0	2013
FOLD	67	116	116	22440	22440	0	2032
FOLD	70	117	117	22635	22635	0	2106
FOLD	73	118	118	22830	22830	0	2201
FOLD	74	119	119	23022	23022	0	2222
FOLD	77	120	120	23214	23214	0	2296
FOLD	78	121	121	23406	23406	0	2316
FOLD	79	122	122	23601	23601	0	2362
FOLD	80	123	123	23793	23793	0	2382
FOLD	81	124	124	23988	23988	0	2440
FOLD	82	125	125	24180	24180	0	2467
FOLD	83	126	126	24375	24375	0	2488
FOLD	84	127	127	24567	24567	0	2513
FOLD	85	128	128	24762	24762	0	2573
FOLD	86	129	129	24954	24954	0	2595
FOLD	87	130	130	25149	25149	0	2616
FOLD	88	131	131	25341	25341	0	2679
FOLD	89	132	132	25536	25536	0	2749
FOLD	90	133	133	25728	25728	0	2796
FOLD	91	134	134	25923	25923	0	2861
FOLD	92	135	135	26115	26115	0	2882
FOLD	93	136	136	26310	26310	0	2902
FOLD	94	137	137	26502	26502	0	2923
FOLD	95	138	138	26697	26697	0	2943
FOLD	96	139	139	26889	26889	0	2963
FOLD	97	140	140	27084	27084	0	2983
FOLD	98	141	141	27276	27276	0	3003
FOLD	99	142	142	27471	27471	0	3036
FOLD	100	143	143	27663	27663	0	3077
FOLD	101	144	144	27858	27858	0	3122
FOLD	102	145	145	28050	28050	0	3163
FOLD	103	146	146	28245	28245	0	3190
FOLD	104	147	147	28437	28437	0	3210
FOLD	105	148	148	28632	28632	0	3230
FOLD	106	149	149	28824	28824	0	3250
FOLD	107	150	150	29019	29019	0	3270
FOLD	108	151	151	29211	29211	0	3291
FOLD	109	152	152	29406	29406	0	3310
FOLD	110	153	153	29598	29598	0	3350
FOLD	111	154	154	29793	29793	0	3396
FOLD	112	155	155	29985	29985	0	3422
FOLD	113	156	156	30180	30180	0	3443
FOLD	114	157	157	30372	30372	0	3463
FOLD	115	158	158	30567	30567	0	3483
FOLD	116	159	159	30759	30759	0	3502
FOLD	117	160	160	30954	30954	0	3522
FOLD	118	161	161	31146	31146	0	3542
FOLD	119	162	162	31341	31341	0	3562
FOLD	120	163	163	31533	31533	0	3585
FOLD	121	164	164	31728	31728	0	3606
FOLD	122	165	165	31920	31920	0	3637
FOLD	123	166	166	32115	32115	0	3691
FOLD	126	167	167	32310	32310	0	3754
FOLD	128	167	167	32310	32310	0	3828
FOLD	129	168	168	32505	32505	0	3853
FOLD	134	169	169	32697	32697	0	3939
FOLD	137	170	170	32889	32889	0	3999
FOLD	138	171	171	33081	33081	0	4026
FOLD	141	172	172	33273	33273	0	4127
FOLD	142	173	173	33465	33465	0	4150
FOLD	143	174	174	33660	33660	0	4173
FOLD	144	175	175	33852	33852	0	4246
FOLD	145	176	176	34047	34047	0	4269
FOLD	146	177	177	34239	34239	0	4292
FOLD	147	178	178	34434	34434	0	4314
FOLD	148	179	179	34626	34626	0	4361
FOLD	149	180	180	34821	34821	0	4383
FOLD	150	181	181	35013	35013	0	4406
FOLD	151	182	182	35208	35208	0	4509
FOLD	152	183	183	35400	35400	0	4532
FOLD	153	184	184	35595	35595	0	4553
FOLD	154	185	185	35787	35787	0	4575
FOLD	155	186	186	35982	35982	0	4597
FOLD	156	187	187	36174	36174	0	4630
FOLD	157	188	188	36369	36369	0	4667
FOLD	158	189	189	36561	36561	0	4691
FOLD	159	190	190	36756	36756	0	4715
FOLD	160	191	191	36948	36948	0	4780
FOLD	161	192	192	37143	37143	0	4803
FOLD	162	193	193	37335	37335	0	4825
FOLD	163	194	194	37530	37530	0	4847
FOLD	164	195	195	37722	37722	0	4868
FOLD	165	196	196	37917	37917	0	4889
FOLD	166	197	197	38109	38109	0	4911
FOLD	167	198	198	38304	38304	0	4933
FOLD	168	199	199	38496	38496	0	4954
FOLD	169	200	200	38691	38691	0	4975
FOLD	170	201	201	38883	38883	0	5014
FOLD	171	202	202	39078	39078	0	5037
FOLD	172	203	203	39270	39270	0	5075
FOLD	173	204	204	39465	39465	0	5097
FOLD	174	205	205	39657	39657	0	5118
FOLD	175	206	206	39852	39852	0	5142
FOLD	176	207	207	40044	40044	0	5165
FOLD	177	208	208	40239	40239	0	5187
FOLD	178	209	209	40431	40431	0	5235
FOLD	179	210	210	40626	40626	0	5290
FOLD	180	211	211	40818	40818	0	5314
FOLD	181	212	212	41013	41013	0	5341
FOLD	182	213	213	41205	41205	0	5365
FOLD	183	214	214	41400	41400	0	5387
FOLD	186	215	215	41595	41595	0	5477
FOLD	191	216	216	41787	41787	0	5586
FOLD	194	217	217	41979	41979	0	5752
FOLD	195	218	218	42171	42171	0	5779
FOLD	198	219	219	42363	42363	0	5889
FOLD	199	220	220	42555	42555	0	5914
FOLD	200	221	221	42750	42750	0	5938
FOLD	201	222	222	42942	42942	0	5967
FOLD	202	223	223	43137	43137	0	5998
FOLD	203	224	224	43329	43329	0	6023
FOLD	204	225	225	43524	43524	0	6052
FOLD	205	226	226	43716	43716	0	6115
FOLD	206	227	227	43911	43911	0	6140
FOLD	207	228	228	44103	44103	0	6168
FOLD	208	229	229	44298	44298	0	6196
FOLD	209	230	230	44490	44490	0	6221
FOLD	210	231	231	44685	44685	0	6250
FOLD	211	232	232	44877	44877	0	6276
FOLD	212	233	233	45072	45072	0	6299
FOLD	213	234	234	45264	45264	0	6325
FOLD	214	235	235	45459	45459	0	6353
FOLD	215	236	236	45651	45651	0	6378
FOLD	216	237	237	45846	45846	0	6449
FOLD	217	238	238	46038	46038	0	6511
FOLD	218	239	239	46233	46233	0	6536
FOLD	219	240	240	46425	46425	0	6561
FOLD	220	241	241	46620	46620	0	6590
FOLD	221	242	242	46812	46812	0	6615
FOLD	222	243	243	47007	47007	0	6644
FOLD	223	244	244	47199	47199	0	6668
FOLD	224	245	245	47394	47394	0	6696
FOLD	225	246	246	47586	47586	0	6729
FOLD	226	247	247	47781	47781	0	6753
FOLD	227	248	248	47973	47973	0	6779
FOLD	228	249	249	48168	48168	0	6817
FOLD	229	250	250	48360	48360	0	6843
FOLD	230	251	251	48555	48555	0	6867
FOLD	231	252	252	48747	48747	0	6929
FOLD	232	253	253	48942	48942	0	6954
FOLD	233	254	254	49134	49134	0	6977
FOLD	234	255	255	49329	49329	0	7000
FOLD	235	256	256	49521	49521	0	7023
FOLD	236	257	257	49716	49716	0	7085
FOLD	237	258	258	49908	49908	0	7106
FOLD	238	259	259	50100	50100	0	7145
FOLD	239	260	260	50295	50295	0	7172
FOLD	246	261	261	50490	50490	0	7334
FOLD	247	262	262	50685	50685	0	7421
FOLD	248	263	263	50877	50877	0	7481
FOLD	251	264	264	51069	51069	0	7640
FOLD	252	265	265	51261	51261	0	7669
FOLD	255	266	266	51453	51453	0	7737
FOLD	256	267	267	51645	51645	0	7765
FOLD	257	268	268	51840	51840	0	7791
FOLD	258	269	269	52032	52032	0	7816
FOLD	259	270	270	52227	52227	0	7841
FOLD	260	271	271	52419	52419	0	7909
FOLD	261	272	272	52614	52614	0	7952
FOLD	262	273	273	52806	52806	0	7979
FOLD	263	274	274	53001	53001	0	8030
FOLD	264	275	275	53193	53193	0	8058
FOLD	265	276	276	53388	53388	0	8106
FOLD	266	277	277	53580	53580	0	8164
FOLD	267	278	278	53775	53775	0	8189
FOLD	268	279	279	53967	53967	0	8240
FOLD	269	280	280	54162	54162	0	8268
FOLD	270	281	281	54354	54354	0	8292
FOLD	271	282	282	54549	54549	0	8319
FOLD	272	283	283	54741	54741	0	8344
FOLD	273	284	284	54936	54936	0	8370
FOLD	274	285	285	55128	55128	0	8395
FOLD	275	286	286	55323	55323	0	8420
FOLD	276	287	287	55515	55515	0	8445
FOLD	277	288	288	55710	55710	0	8472
FOLD	278	289	289	55902	55902	0	8543
FOLD	279	290	290	56097	56097	0	8568
FOLD	280	291	291	56289	56289	0	8592
FOLD	281	292	292	56484	56484	0	8617
FOLD	282	293	293	56676	56676	0	8643
FOLD	283	294	294	56871	56871	0	8668
FOLD	284	295	295	57063	57063	0	8694
FOLD	285	296	296	57258	57258	0	8765
FOLD	286	297	297	57450	57450	0	8830
FOLD	287	298	298	57645	57645	0	8871
FOLD	288	299	299	57837	57837	0	8899
FOLD	289	300	300	58032	58032	0	8924
FOLD	292	301	301	58227	58227	0	8991
FOLD	295	302	302	58422	58422	0	9110
FOLD	302	303	303	58617	58617	0	9343
FOLD	303	304	304	58812	58812	0	9376
FOLD	304	305	305	59004	59004	0	9421
FOLD	307	306	306	59196	59196	0	9500
FOLD	308	307	307	59388	59388	0	9531
FOLD	311	308	308	59580	59580	0	9658
FOLD	312	309	309	59772	59772	0	9687
FOLD	313	310	310	59967	59967	0	9715
FOLD	314	311	311	60159	60159	0	9741
FOLD	315	312	312	60354	60354	0	9768
FOLD	316	313	313	60546	60546	0	9796
FOLD	317	314	314	60741	60741	0	9823
FOLD	318	315	315	60933	60933	0	9850
FOLD	319	316	316	61128	61128	0	9877
FOLD	320	317	317	61320	61320	0	9904
FOLD	321	318	318	61515	61515	0	9931
FOLD	322	319	319	61707	61707	0	9980
FOLD	323	320	320	61902	61902	0	10078
FOLD	324	321	321	62094	62094	0	10109
FOLD	325	322	322	62289	62289	0	10170
FOLD	326	323	323	62481	62481	0	10236
FOLD	327	324	324	62676	62676	0	10288
FOLD	328	325	325	62868	62868	0	10317
FOLD	329	326	326	63063	63063	0	10343
FOLD	330	327	327	63255	63255	0	10370
FOLD	331	328	328	63450	63450	0	10397
FOLD	332	329	329	63642	63642	0	10430
FOLD	333	330	330	63837	63837	0	10457
FOLD	334	331	331	64029	64029	0	10486
FOLD	335	332	332	64224	64224	0	10515
FOLD	336	333	333	64416	64416	0	10544
FOLD	337	334	334	64611	64611	0	10608
FOLD	338	335	335	64803	64803	0	10638
FOLD	339	336	336	64998	64998	0	10666
FOLD	340	337	337	65190	65190	0	10745
FOLD	341	338	338	65385	65385	0	10791
FOLD	344	339	339	65580	65580	0	10871
FOLD	345	340	340	65772	65772	0	10890
FOLD	346	341	341	65964	65964	0	10919
FOLD	347	342	342	66159	66159	0	10948
FOLD	358	343	343	66354	66354	0	11323
FOLD	359	344	344	66549	66549	0	11358
FOLD	360	345	345	66741	66741	0	11403
FOLD	363	346	346	66933	66933	0	11480
FOLD	364	347	347	67125	67125	0	11511
FOLD	367	348	348	67317	67317	0	11640
FOLD	368	349	349	67509	67509	0	11670
FOLD	369	350	350	67704	67704	0	11700
FOLD	370	351	351	67896	67896	0	11784
FOLD	371	352	352	68091	68091	0	11845
FOLD	372	353	353	68283	68283	0	11877
FOLD	373	354	354	68478	68478	0	11907
FOLD	374	355	355	68670	68670	0	11937
FOLD	375	356	356	68865	68865	0	11966
FOLD	376	357	357	69057	69057	0	11999
FOLD	377	358	358	69252	69252	0	12031
FOLD	378	359	359	69444	69444	0	12060
FOLD	379	360	360	69639	69639	0	12090
FOLD	380	361	361	69831	69831	0	12121
FOLD	381	362	362	70026	70026	0	12150
FOLD	382	363	363	70218	70218	0	12179
FOLD	383	364	364	70413	70413	0	12254
FOLD	384	365	365	70605	70605	0	12285
FOLD	385	366	366	70800	70800	0	12315
FOLD	386	367	367	70992	70992	0	12352
FOLD	387	368	368	71187	71187	0	12387
FOLD	388	369	369	71379	71379	0	12419
FOLD	389	370	370	71574	71574	0	12488
FOLD	390	371	371	71766	71766	0	12528
FOLD	391	372	372	71961	71961	0	12561
FOLD	392	373	373	72153	72153	0	12597
FOLD	393	374	374	72348	72348	0	12639
FOLD	394	375	375	72540	72540	0	12693
FOLD	395	376	376	72735	72735	0	12741
FOLD	396	377	377	72927	72927	0	12764
FOLD	397	378	378	73119	73119	0	12846
FOLD	398	379	379	73314	73314	0	12921
FOLD	399	380	380	73506	73506	0	12966
FOLD	400	381	381	73698	73698	0	13023
FOLD	401	382	382	73893	73893	0	13117
FOLD	412	383	383	74088	74088	0	13508
FOLD	413	384	384	74283	74283	0	13542
FOLD	414	385	385	74475	74475	0	13592
FOLD	417	386	386	74667	74667	0	13716
FOLD	418	387	387	74859	74859	0	13753
FOLD	421	388	388	75051	75051	0	13936
FOLD	422	389	389	75243	75243	0	13970
FOLD	423	390	390	75438	75438	0	14007
FOLD	424	391	391	75630	75630	0	14066
FOLD	425	392	392	75825	75825	0	14099
FOLD	426	393	393	76017	76017	0	14133
FOLD	427	394	394	76212	76212	0	14166
FOLD	428	395	395	76404	76404	0	14231
FOLD	429	396	396	76599	76599	0	14295
FOLD	430	397	397	76791	76791	0	14366
FOLD	431	398	398	76986	76986	0	14406
FOLD	432	399	399	77178	77178	0	14438
FOLD	433	400	400	77373	77373	0	14471
FOLD	434	401	401	77565	77565	0	14515
FOLD	435	402	402	77760	77760	0	14559
FOLD	436	403	403	77952	77952	0	14595
FOLD	437	404	404	78147	78147	0	14629
FOLD	438	405	405	78339	78339	0	14692
FOLD	439	406	406	78534	78534	0	14787
FOLD	440	407	407	78726	78726	0	14888
FOLD	441	408	408	78921	78921	0	14925
FOLD	442	409	409	79113	79113	0	14960
FOLD	443	410	410	79308	79308	0	14994
FOLD	444	411	411	79500	79500	0	15027
FOLD	445	412	412	79695	79695	0	15061
FOLD	448	413	413	79890	79890	0	15144
FOLD	449	414	414	80082	80082	0	15177
FOLD	450	415	415	80274	80274	0	15211
FOLD	451	416	416	80469	80469	0	15314
FOLD	452	417	417	80661	80661	0	15341
FOLD	453	418	418	80856	80856	0	15369
FOLD	454	419	419	81048	81048	0	15404
FOLD	455	420	420	81243	81243	0	15439
FOLD	456	421	421	81435	81435	0	15477
FOLD	459	422	422	81627	81627	0	15610
FOLD	466	423	423	81822	81822	0	15765
FOLD	467	424	424	82017	82017	0	15801
FOLD	468	425	425	82209	82209	0	15853
FOLD	471	426	426	82401	82401	0	15944
FOLD	472	427	427	82593	82593	0	15980
FOLD	475	428	428	82785	82785	0	16183
FOLD	476	429	429	82977	82977	0	16220
FOLD	477	430	430	83172	83172	0	16256
FOLD	478	431	431	83364	83364	0	16290
FOLD	479	432	432	83559	83559	0	16328
FOLD	480	433	433	83751	83751	0	16379
FOLD	481	434	434	83946	83946	0	16420
FOLD	482	435	435	84138	84138	0	16458
FOLD	483	436	436	84333	84333	0	16496
FOLD	484	437	437	84525	84525	0	16535
FOLD	485	438	438	84720	84720	0	16573
FOLD	486	439	439	84912	84912	0	16610
FOLD	487	440	440	85107	85107	0	16647
FOLD	488	441	441	85299	85299	0	16683
FOLD	489	442	442	85494	85494	0	16825
FOLD	490	443	443	85686	85686	0	16923
FOLD	491	444	444	85881	85881	0	16962
FOLD	492	445	445	86073	86073	0	16998
FOLD	493	446	446	86268	86268	0	17034
FOLD	494	447	447	86460	86460	0	17070
FOLD	495	448	448	86655	86655	0	17106
FOLD	498	449	449	86850	86850	0	17185
FOLD	501	450	450	87045	87045	0	17371
FOLD	502	451	451	87237	87237	0	17410
FOLD	503	452	452	87432	87432	0	17430
FOLD	504	453	453	87624	87624	0	17516
FOLD	505	454	454	87819	87819	0	17586
FOLD	508	455	455	88014	88014	0	17647
FOLD	509	456	456	88209	88209	0	17687
FOLD	510	457	457	88401	88401	0	17729
FOLD	512	457	457	88398	88401	0	17785
FOLD	513	458	458	88593	88593	0	17822
FOLD	520	459	459	88788	88788	0	18032
FOLD	521	460	460	88983	88983	0	18071
FOLD	522	461	461	89175	89175	0	18127
FOLD	525	462	462	89367	89367	0	18239
FOLD	526	463	463	89559	89559	0	18292
FOLD	529	464	464	89751	89751	0	18478
FOLD	530	465	465	89943	89943	0	18520
FOLD	531	466	466	90138	90138	0	18563
FOLD	532	467	467	90330	90330	0	18651
FOLD	533	468	468	90525	90525	0	18694
FOLD	534	469	469	90717	90717	0	18745
FOLD	535	470	470	90912	90912	0	18783
FOLD	536	471	471	91104	91104	0	18826
FOLD	537	472	472	91299	91299	0	18866
FOLD	538	473	473	91491	91491	0	18905
FOLD	539	474	474	91686	91686	0	18945
FOLD	540	475	475	91878	91878	0	19014
FOLD	541	476	476	92073	92073	0	19122
FOLD	542	477	477	92265	92265	0	19183
FOLD	543	478	478	92460	92460	0	19224
FOLD	544	479	479	92652	92652	0	19264
FOLD	545	480	480	92847	92847	0	19304
FOLD	546	481	481	93039	93039	0	19333
FOLD	547	482	482	93231	93231	0	19376
FOLD	548	483	483	93426	93426	0	19417
FOLD	551	484	484	93621	93621	0	19567
FOLD	558	485	485	93816	93816	0	19741
FOLD	559	486	486	94011	94011	0	19782
FOLD	562	487	487	94206	94206	0	19876
FOLD	563	488	488	94401	94401	0	19949
FOLD	564	489	489	94593	94593	0	20002
FOLD	567	490	490	94785	94785	0	20120
FOLD	574	491	491	94980	94980	0	20320
FOLD	575	492	492	95175	95175	0	20412
FOLD	576	493	493	95367	95367	0	20476
FOLD	579	494	494	95559	95559	0	20580
FOLD	580	495	495	95751	95751	0	20621
FOLD	583	496	496	95943	95943	0	20774
FOLD	584	497	497	96135	96135	0	20814
FOLD	585	498	498	96330	96330	0	20855
FOLD	586	499	499	96522	96522	0	20898
FOLD	587	500	500	96717	96717	0	20940
FOLD	588	501	501	96909	96909	0	20983
FOLD	589	502	502	97104	97104	0	21025
FOLD	590	503	503	97296	97296	0	21068
FOLD	591	504	504	97491	97491	0	21178
FOLD	592	505	505	97683	97683	0	21223
FOLD	593	506	506	97878	97878	0	21293
FOLD	594	507	507	98070	98070	0	21350
FOLD	595	508	508	98265	98265	0	21424
FOLD	598	509	509	98460	98460	0	21517
FOLD	601	510	510	98655	98655	0	21751
FOLD	606	511	511	98847	98847	0	21928
FOLD	609	512	512	99039	99039	0	22087
FOLD	612	513	513	99234	99234	0	22159
FOLD	613	514	514	99429	99429	0	22203
FOLD	616	515	515	99624	99624	0	22274
FOLD	617	516	516	99819	99819	0	22317
FOLD	618	517	517	100011	100011	0	22366
FOLD	621	518	518	100203	100203	0	22538
FOLD	628	519	519	100398	100398	0	22821
FOLD	629	520	520	100593	100593	0	22871
FOLD	630	521	521	100785	100785	0	22936
FOLD	633	522	522	100977	100977	0	23116
FOLD	634	523	523	101169	101169	0	23163
FOLD	637	524	524	101361	101361	0	23350
FOLD	638	525	525	101553	101553	0	23396
FOLD	639	526	526	101748	101748	0	23443
FOLD	640	527	527	101940	101940	0	23489
FOLD	641	528	528	102135	102135	0	23595
FOLD	642	529	529	102327	102327	0	23643
FOLD	643	530	530	102522	102522	0	23689
FOLD	644	531	531	102714	102714	0	23736
FOLD	645	532	532	102909	102909	0	23801
FOLD	648	533	533	103104	103104	0	23916
FOLD	649	534	534	103296	103296	0	23939
FOLD	650	535	535	103488	103488	0	23994
FOLD	651	536	536	103683	103683	0	24140
FOLD	654	537	537	103878	103878	0	24256
FOLD	655	538	538	104073	104073	0	24305
FOLD	656	539	539	104265	104265	0	24346
FOLD	659	540	540	104457	104457	0	24461
FOLD	660	541	541	104649	104649	0	24488
FOLD	663	542	542	104841	104841	0	24605
FOLD	666	543	543	105036	105036	0	24731
FOLD	667	544	544	105231	105231	0	24781
FOLD	670	545	545	105426	105426	0	24859
FOLD	671	546	546	105621	105621	0	24908
FOLD	672	547	547	105813	105813	0	24966
FOLD	675	548	548	106005	106005	0	25128
FOLD	682	549	549	106200	106200	0	25494
FOLD	687	550	550	106389	106389	0	25837
FOLD	688	551	551	106581	106581	0	25992
FOLD	689	552	552	106776	106776	0	26065
FOLD	690	553	553	106968	106968	0	26118
FOLD	691	554	554	107163	107163	0	26169
FOLD	692	555	555	107355	107355	0	26265
FOLD	693	556	556	107550	107550	0	26317
FOLD	694	557	557	107742	107742	0	26379
FOLD	695	558	558	107937	107937	0	26460
FOLD	696	559	559	108129	108129	0	26573
FOLD	697	560	560	108324	108324	0	26753
FOLD	698	561	561	108516	108516	0	26800
FOLD	699	562	562	108708	108708	0	26887
FOLD	700	563	563	108903	108903	0	27071
FOLD	701	564	564	109095	109095	0	27112
FOLD	704	565	565	109287	109287	0	27267
FOLD	707	566	566	109482	109482	0	27345
FOLD	708	567	567	109677	109677	0	27397
FOLD	709	568	568	109869	109869	0	27438
FOLD	712	569	569	110061	110061	0	27580
FOLD	713	570	570	110253	110253	0	27612
FOLD	716	571	571	110445	110445	0	27786
FOLD	719	572	572	110640	110640	0	27870
FOLD	720	573	573	110835	110835	0	27922
FOLD	723	574	574	111030	111030	0	28005
FOLD	724	575	575	111225	111225	0	28057
FOLD	725	576	576	111417	111417	0	28116
FOLD	738	577	577	111606	111606	0	28828
FOLD	739	578	578	111798	111798	0	28911
FOLD	740	579	579	111993	111993	0	28986
FOLD	741	580	580	112185	112185	0	29107
FOLD	742	581	581	112380	112380	0	29162
FOLD	743	582	582	112572	112572	0	29215
FOLD	744	583	583	112767	112767	0	29268
FOLD	745	584	584	112959	112959	0	29336
FOLD	746	585	585	113154	113154	0	29399
FOLD	747	586	586	113346	113346	0	29436
FOLD	748	587	587	113538	113538	0	29496
FOLD	749	588	588	113733	113733	0	29627
FOLD	750	589	589	113925	113925	0	29653
FOLD	753	590	590	114117	114117	0	29805
FOLD	760	591	591	114312	114312	0	30091
FOLD	761	592	592	114507	114507	0	30147
FOLD	762	593	593	114699	114699	0	30194
FOLD	765	594	594	114891	114891	0	30323
FOLD	766	595	595	115083	115083	0	30356
FOLD	769	596	596	115275	115275	0	30539
FOLD	772	597	597	115470	115470	0	30631
FOLD	787	598	598	115662	115662	0	31347
FOLD	788	599	599	115854	115854	0	31415
FOLD	789	600	600	116049	116049	0	31486
FOLD	790	601	601	116241	116241	0	31636
FOLD	791	602	602	116436	116436	0	31713
FOLD	792	603	603	116628	116628	0	31815
FOLD	793	604	604	116823	116823	0	31884
FOLD	794	605	605	117015	117015	0	31946
FOLD	795	606	606	117210	117210	0	32012
FOLD	798	607	607	117405	117405	0	32212
FOLD	799	608	608	117597	117597	0	32252
FOLD	800	609	609	117789	117789	0	32313
FOLD	801	610	610	117984	117984	0	32374
FOLD	812	611	611	118179	118179	0	32842
FOLD	813	612	612	118374	118374	0	32904
FOLD	814	613	613	118566	118566	0	32958
FOLD	835	614	614	118755	118755	0	33905
FOLD	836	615	615	118947	118947	0	33969
FOLD	837	616	616	119142	119142	0	34037
FOLD	838	617	617	119334	119334	0	34099
FOLD	839	618	618	119529	119529	0	34160
FOLD	840	619	619	119721	119721	0	34221
FOLD	841	620	620	119916	119916	0	34334
FOLD	842	621	621	120108	120108	0	34398
FOLD	843	622	622	120303	120303	0	34465
FOLD	846	623	623	120498	120498	0	34661
FOLD	849	624	624	120693	120693	0	34834
FOLD	850	625	625	120885	120885	0	34878
FOLD	851	626	626	121080	121080	0	34902
FOLD	852	627	627	121272	121272	0	34974
FOLD	853	628	628	121467	121467	0	35044
FOLD	884	629	629	121656	121656	0	36435
FOLD	885	630	630	121851	121851	0	36502
FOLD	886	631	631	122043	122043	0	36568
FOLD	887	632	632	122238	122238	0	36634
FOLD	888	633	633	122430	122430	0	36711
FOLD	889	634	634	122625	122625	0	36788
FOLD	890	635	635	122817	122817	0	36862
FOLD	891	636	636	123012	123012	0	36936
FOLD	894	637	637	123207	123207	0	37191
FOLD	897	638	638	123402	123402	0	37330
FOLD	898	639	639	123594	123594	0	37357
FOLD	899	640	640	123789	123789	0	37379
FOLD	900	641	641	123981	123981	0	37446
FOLD	901	642	642	124176	124176	0	37513
FOLD	902	643	643	124368	124368	0	37539
FOLD	903	644	644	124563	124563	0	37570
FOLD	904	645	645	124755	124755	0	37638
FOLD	935	646	646	124947	124947	0	39217
FOLD	936	647	647	125139	125139	0	39304
FOLD	937	648	648	125334	125334	0	39376
FOLD	938	649	649	125526	125526	0	39447
FOLD	939	650	650	125721	125721	0	39519
FOLD	940	651	651	125913	125913	0	39542
FOLD	941	652	652	126105	126105	0	39614
FOLD	942	653	653	126300	126300	0	39759
FOLD	945	654	654	126495	126495	0	39987
FOLD	946	655	655	126687	126687	0	40036
FOLD	947	656	656	126882	126882	0	40061
FOLD	948	657	657	127074	127074	0	40143
FOLD	951	658	658	127266	127266	0	40334
FOLD	952	659	659	127458	127458	0	40463
FOLD	955	660	660	127650	127650	0	40650
FOLD	982	661	661	127845	127845	0	41913
FOLD	983	662	662	128040	128040	0	42025
FOLD	984	663	663	128232	128232	0	42147
FOLD	985	664	664	128427	128427	0	42250
FOLD	986	665	665	128619	128619	0	42339
FOLD	987	666	666	128814	128814	0	42468
FOLD	988	667	667	129006	129006	0	42503
FOLD	989	668	668	129198	129198	0	42583
FOLD	990	669	669	129393	129393	0	42785
FOLD	991	670	670	129585	129585	0	42820
FOLD	992	671	671	129777	129777	0	42899
FOLD	1003	672	672	129969	129969	0	43389
FOLD	1008	673	673	130161	130161	0	43589
FOLD	1024	669	673	129387	130161	0	44213
FOLD	1029	674	674	130356	130356	0	44624
FOLD	1030	675	675	130548	130548	0	44706
FOLD	1031	676	676	130743	130743	0	44788
FOLD	1032	677	677	130935	130935	0	44936
FOLD	1033	678	678	131130	131130	0	45041
FOLD	1034	679	679	131322	131322	0	45125
FOLD	1035	680	680	131517	131517	0	45208
FOLD	1040	681	681	131706	131706	0	45642
FOLD	1077	682	682	131901	131901	0	47346
FOLD	1078	683	683	132093	132093	0	47441
FOLD	1079	684	684	132288	132288	0	47560
FOLD	1080	685	685	132480	132480	0	47682
FOLD	1081	686	686	132675	132675	0	47791
FOLD	1082	687	687	132867	132867	0	47892
FOLD	1127	688	688	133065	133065	0	50311
FOLD	1128	689	689	133257	133257	0	50429
FOLD	1173	690	690	133449	133449	0	52945
FOLD	1174	691	691	133641	133641	0	53100
FOLD	2048	639	691	123576	133641	0	105542
FOLD	4096	609	691	117801	133641	0	229916
FOLD	8192	563	691	108897	133641	0	476244
FOLD	16384	497	691	96108	133641	0	954597
FOLD	32768	539	691	104208	133641	0	1954136
FOLD	65536	473	691	91455	133641	0	4037781
