INPUT	18446743979220271189	64	33	324
FRAME	1	0	1	1	2
FOLD	1	1	1	192	192	0	12
FOLD	2	1	1	195	195	0	21
FOLD	4	3	3	579	579	0	90
FOLD	5	5	5	966	966	0	209
FOLD	7	7	7	1356	1356	0	226
FOLD	8	9	9	1743	1743	0	258
FOLD	9	11	11	2130	2130	0	270
FOLD	11	13	13	2520	2520	0	301
FOLD	12	15	15	2907	2907	0	336
FOLD	13	17	17	3294	3294	0	348
FOLD	15	19	19	3684	3684	0	369
FOLD	16	19	19	3687	3687	0	492
FOLD	17	21	21	4074	4074	0	525
FOLD	19	23	23	4464	4464	0	609
FOLD	21	25	25	4854	4854	0	729
FOLD	23	27	27	5244	5244	0	783
FOLD	25	29	29	5634	5634	0	825
FOLD	27	31	31	6024	6024	0	906
FOLD	29	33	33	6414	6414	0	939
FOLD	31	35	35	6804	6804	0	971
FOLD	32	35	35	6807	6807	0	977
FOLD	33	37	37	7194	7194	0	1009
FOLD	35	39	39	7584	7584	0	1065
FOLD	37	41	41	7974	7974	0	1114
FOLD	39	43	43	8364	8364	0	1142
FOLD	41	45	45	8754	8754	0	1166
FOLD	43	47	47	9144	9144	0	1241
FOLD	45	49	49	9534	9534	0	1299
FOLD	47	51	51	9924	9924	0	1371
FOLD	49	53	53	10314	10314	0	1402
FOLD	51	55	55	10704	10704	0	1438
FOLD	53	57	57	11094	11094	0	1466
FOLD	55	59	59	11484	11484	0	1492
FOLD	57	61	61	11874	11874	0	1524
FOLD	59	63	63	12264	12264	0	1554
FOLD	61	65	65	12654	12654	0	1601
FOLD	63	66	66	12852	12852	0	1628
FOLD	64	67	67	13044	13044	0	1647
FOLD	65	68	68	13239	13239	0	1692
FOLD	74	69	69	13440	13440	0	2053
FOLD	75	70	70	13635	13635	0	2093
FOLD	76	71	71	13830	13830	0	2155
FOLD	77	72	72	14025	14025	0	2196
FOLD	78	73	73	14220	14220	0	2251
FOLD	79	74	74	14415	14415	0	2292
FOLD	80	75	75	14610	14610	0	2353
FOLD	81	76	76	14805	14805	0	2396
FOLD	82	77	77	15000	15000	0	2453
FOLD	83	78	78	15195	15195	0	2514
FOLD	84	79	79	15390	15390	0	2558
FOLD	85	80	80	15585	15585	0	2600
FOLD	86	81	81	15780	15780	0	2641
FOLD	87	82	82	15975	15975	0	2683
FOLD	88	83	83	16170	16170	0	2744
FOLD	89	84	84	16365	16365	0	2787
FOLD	90	85	85	16560	16560	0	2841
FOLD	91	86	86	16755	16755	0	2901
FOLD	92	87	87	16950	16950	0	2943
FOLD	93	88	88	17145	17145	0	2986
FOLD	94	89	89	17340	17340	0	3045
FOLD	95	90	90	17535	17535	0	3092
FOLD	96	91	91	17730	17730	0	3152
FOLD	96	91	91	17730	17730	0	3653
FRAME	32	31	1	5	4871
RESULT	closed	4294967279	4294967291	4878	3267	1	1	229	617
