INPUT	586065369353	40	18	204
FRAME	1	0	1	1	32
FOLD	1	1	1	120	120	0	52
RAIL	2	38	0	0
CORRELATION	0	0	0	0
SQUARE	0	0
FOLD	2	1	1	123	123	0	66
RAIL	2	39	1	0
CORRELATION	0	0	0	0
SQUARE	0	0
FOLD	4	3	3	363	363	0	312
RAIL	20	21	2	1
CORRELATION	0	0	0	0
SQUARE	0	0
FOLD	5	5	5	606	606	0	488
RAIL	3	37	2	2
CORRELATION	0	0	0	0
SQUARE	0	0
FOLD	6	7	7	849	849	0	641
RAIL	3	38	2	3
CORRELATION	0	0	0	0
SQUARE	0	0
FOLD	8	9	9	1089	1089	0	1059
RAIL	19	22	3	4
CORRELATION	0	0	0	0
SQUARE	0	0
FOLD	9	11	11	1332	1332	0	1304
RAIL	4	36	3	5
CORRELATION	0	0	0	0
SQUARE	0	0
FOLD	10	13	13	1575	1575	0	1512
RAIL	4	37	3	6
CORRELATION	0	0	0	0
SQUARE	0	0
FOLD	12	15	15	1815	1815	0	2341
RAIL	18	23	4	7
CORRELATION	0	0	0	0
SQUARE	0	0
FOLD	13	17	17	2058	2058	0	2518
RAIL	5	35	4	8
CORRELATION	0	0	0	0
SQUARE	0	0
FOLD	14	19	19	2301	2301	0	2682
RAIL	5	36	4	9
CORRELATION	0	0	0	0
SQUARE	0	0
FOLD	16	21	21	2541	2541	0	2949
RAIL	17	24	5	10
CORRELATION	0	0	0	0
SQUARE	0	0
FOLD	17	23	23	2784	2784	0	3132
RAIL	6	34	5	11
CORRELATION	0	0	0	0
SQUARE	0	0
FOLD	18	25	25	3027	3027	0	3320
RAIL	6	35	5	12
CORRELATION	0	0	0	0
SQUARE	0	0
FOLD	20	27	27	3267	3267	0	3569
RAIL	16	25	6	13
CORRELATION	0	0	0	0
SQUARE	0	0
FOLD	21	29	29	3510	3510	0	3750
RAIL	7	33	6	14
CORRELATION	0	0	0	0
SQUARE	0	0
FOLD	22	31	31	3753	3753	0	3898
RAIL	7	34	6	15
CORRELATION	0	0	0	0
SQUARE	0	0
FOLD	24	33	33	3993	3993	0	4127
RAIL	15	26	7	16
CORRELATION	0	0	0	0
SQUARE	0	0
FOLD	25	35	35	4236	4236	0	4293
RAIL	8	32	7	17
CORRELATION	0	0	0	0
SQUARE	0	0
FOLD	26	37	37	4479	4479	0	4496
RAIL	8	33	7	18
CORRELATION	0	0	0	0
SQUARE	0	0
FOLD	27	39	39	4722	4722	0	4879
RAIL	14	26	7	19
CORRELATION	0	0	0	0
SQUARE	0	0
FOLD	28	41	41	4965	4965	0	5076
RAIL	14	27	7	20
CORRELATION	0	0	0	0
SQUARE	0	0
FOLD	29	43	43	5208	5208	0	5315
RAIL	9	31	7	21
CORRELATION	0	0	0	0
SQUARE	0	0
FOLD	30	45	45	5451	5451	0	5509
RAIL	9	32	7	22
CORRELATION	0	0	0	0
SQUARE	0	0
FOLD	31	47	47	5694	5694	0	5717
RAIL	13	27	7	23
CORRELATION	0	0	0	0
SQUARE	0	0
FOLD	32	49	49	5937	5937	0	5878
RAIL	13	28	7	24
CORRELATION	0	0	0	0
SQUARE	0	0
FOLD	33	51	51	6180	6180	0	6096
RAIL	10	30	7	25
CORRELATION	0	0	0	0
SQUARE	0	0
FOLD	34	53	53	6423	6423	0	6254
RAIL	10	31	7	26
CORRELATION	0	0	0	0
SQUARE	0	0
FOLD	35	55	55	6666	6666	0	6433
RAIL	12	28	7	27
CORRELATION	0	0	0	0
SQUARE	0	0
FOLD	36	57	57	6909	6909	0	7293
RAIL	12	29	7	28
CORRELATION	0	0	0	0
SQUARE	0	0
FOLD	37	59	59	7152	7152	0	7485
RAIL	11	29	7	29
CORRELATION	0	0	0	0
SQUARE	0	0
FOLD	38	61	61	7395	7395	0	7660
RAIL	11	30	7	30
CORRELATION	0	0	0	0
SQUARE	0	0
FOLD	38	61	61	7395	7395	0	8358
RAIL	11	30	7	31
CORRELATION	0	0	792	1210
SQUARE	1	45
FOLD	38	61	61	7395	7395	0	8366
RAIL	11	30	7	31
CORRELATION	0	0	792	1210
SQUARE	2	46
FOLD	38	61	61	7395	7395	0	8372
RAIL	11	30	7	31
CORRELATION	0	0	792	1210
SQUARE	4	46
FOLD	38	61	61	7395	7395	0	8395
RAIL	11	30	7	31
CORRELATION	0	0	792	1210
SQUARE	8	83
FOLD	38	61	61	7395	7395	0	8410
RAIL	11	30	7	31
CORRELATION	0	0	792	1210
SQUARE	16	85
FOLD	38	61	61	7395	7395	0	8426
RAIL	11	30	7	31
CORRELATION	0	0	792	1210
SQUARE	32	86
FOLD	38	61	61	7395	7395	0	8441
RAIL	11	30	7	31
CORRELATION	0	0	792	1210
SQUARE	39	88
FRAME	20	19	1	3	8933
RESULT	closed	754703	776551	8942	1882	1	1	199	509
