INPUT	152857672754471	48	22	244
FRAME	1	0	1	1	37
FOLD	1	1	1	144	144	0	54
RAIL	2	46	0	0
CORRELATION	0	0	0	0
SQUARE	0	0
FOLD	2	1	1	147	147	0	68
RAIL	2	47	1	0
CORRELATION	0	0	0	0
SQUARE	0	0
FOLD	4	3	3	435	435	0	277
RAIL	24	25	2	1
CORRELATION	0	0	0	0
SQUARE	0	0
FOLD	5	5	5	726	726	0	563
RAIL	3	45	2	2
CORRELATION	0	0	0	0
SQUARE	0	0
FOLD	6	7	7	1017	1017	0	863
RAIL	3	46	2	3
CORRELATION	0	0	0	0
SQUARE	0	0
FOLD	8	9	9	1305	1305	0	1205
RAIL	23	26	3	4
CORRELATION	0	0	0	0
SQUARE	0	0
FOLD	9	11	11	1596	1596	0	1517
RAIL	4	44	3	5
CORRELATION	0	0	0	0
SQUARE	0	0
FOLD	10	13	13	1887	1887	0	1742
RAIL	4	45	3	6
CORRELATION	0	0	0	0
SQUARE	0	0
FOLD	12	15	15	2175	2175	0	2778
RAIL	22	27	4	7
CORRELATION	0	0	0	0
SQUARE	0	0
FOLD	13	17	17	2466	2466	0	2999
RAIL	5	43	4	8
CORRELATION	0	0	0	0
SQUARE	0	0
FOLD	14	19	19	2757	2757	0	3217
RAIL	5	44	4	9
CORRELATION	0	0	0	0
SQUARE	0	0
FOLD	16	21	21	3045	3045	0	3527
RAIL	21	28	5	10
CORRELATION	0	0	0	0
SQUARE	0	0
FOLD	17	23	23	3336	3336	0	3742
RAIL	6	42	5	11
CORRELATION	0	0	0	0
SQUARE	0	0
FOLD	18	25	25	3627	3627	0	3949
RAIL	6	43	5	12
CORRELATION	0	0	0	0
SQUARE	0	0
FOLD	20	27	27	3915	3915	0	4225
RAIL	20	29	6	13
CORRELATION	0	0	0	0
SQUARE	0	0
FOLD	21	29	29	4206	4206	0	4477
RAIL	7	41	6	14
CORRELATION	0	0	0	0
SQUARE	0	0
FOLD	22	31	31	4497	4497	0	4737
RAIL	7	42	6	15
CORRELATION	0	0	0	0
SQUARE	0	0
FOLD	23	33	33	4788	4788	0	4976
RAIL	19	29	6	16
CORRELATION	0	0	0	0
SQUARE	0	0
FOLD	24	35	35	5079	5079	0	5180
RAIL	19	30	6	17
CORRELATION	0	0	0	0
SQUARE	0	0
FOLD	25	37	37	5370	5370	0	5434
RAIL	8	40	6	18
CORRELATION	0	0	0	0
SQUARE	0	0
FOLD	26	39	39	5661	5661	0	5657
RAIL	8	41	6	19
CORRELATION	0	0	0	0
SQUARE	0	0
FOLD	27	41	41	5952	5952	0	5956
RAIL	18	30	6	20
CORRELATION	0	0	0	0
SQUARE	0	0
FOLD	28	43	43	6243	6243	0	6222
RAIL	18	31	6	21
CORRELATION	0	0	0	0
SQUARE	0	0
FOLD	29	45	45	6534	6534	0	6440
RAIL	9	39	6	22
CORRELATION	0	0	0	0
SQUARE	0	0
FOLD	30	47	47	6825	6825	0	6628
RAIL	9	40	6	23
CORRELATION	0	0	0	0
SQUARE	0	0
FOLD	31	49	49	7116	7116	0	6824
RAIL	17	31	6	24
CORRELATION	0	0	0	0
SQUARE	0	0
FOLD	32	51	51	7407	7407	0	7049
RAIL	17	32	6	25
CORRELATION	0	0	0	0
SQUARE	0	0
FOLD	33	53	53	7698	7698	0	7354
RAIL	10	38	6	26
CORRELATION	0	0	0	0
SQUARE	0	0
FOLD	34	55	55	7989	7989	0	7595
RAIL	10	39	6	27
CORRELATION	0	0	0	0
SQUARE	0	0
FOLD	35	57	57	8280	8280	0	7857
RAIL	16	32	6	28
CORRELATION	0	0	0	0
SQUARE	0	0
FOLD	36	59	59	8571	8571	0	8074
RAIL	16	33	6	29
CORRELATION	0	0	0	0
SQUARE	0	0
FOLD	37	61	61	8862	8862	0	8325
RAIL	11	37	6	30
CORRELATION	0	0	0	0
SQUARE	0	0
FOLD	38	63	63	9153	9153	0	8607
RAIL	11	38	6	31
CORRELATION	0	0	0	0
SQUARE	0	0
FOLD	39	65	65	9444	9444	0	8874
RAIL	15	33	6	32
CORRELATION	0	0	0	0
SQUARE	0	0
FOLD	40	67	67	9735	9735	0	9063
RAIL	15	34	6	33
CORRELATION	0	0	0	0
SQUARE	0	0
FOLD	41	69	69	10026	10026	0	9265
RAIL	12	36	6	34
CORRELATION	0	0	0	0
SQUARE	0	0
FOLD	42	71	71	10317	10317	0	10374
RAIL	12	37	6	35
CORRELATION	0	0	0	0
SQUARE	0	0
FOLD	43	73	73	10608	10608	0	10599
RAIL	14	34	6	36
CORRELATION	0	0	0	0
SQUARE	0	0
FOLD	44	75	75	10899	10899	0	10787
RAIL	14	35	6	37
CORRELATION	0	0	0	0
SQUARE	0	0
FOLD	45	77	77	11190	11190	0	11045
RAIL	13	35	6	38
CORRELATION	0	0	0	0
SQUARE	0	0
FOLD	46	79	79	11481	11481	0	11230
RAIL	13	36	6	39
CORRELATION	0	0	0	0
SQUARE	0	0
FOLD	46	79	79	11481	11481	0	12414
RAIL	13	36	6	40
CORRELATION	0	0	1143	1741
SQUARE	1	90
FOLD	46	79	79	11481	11481	0	12423
RAIL	13	36	6	40
CORRELATION	0	0	1143	1741
SQUARE	2	91
FOLD	46	79	79	11481	11481	0	12434
RAIL	13	36	6	40
CORRELATION	0	0	1143	1741
SQUARE	4	94
FOLD	46	79	79	11481	11481	0	12449
RAIL	13	36	6	40
CORRELATION	0	0	1143	1741
SQUARE	8	97
FOLD	46	79	79	11481	11481	0	12479
RAIL	13	36	6	40
CORRELATION	0	0	1143	1741
SQUARE	16	99
FOLD	46	79	79	11481	11481	0	12520
RAIL	13	36	6	40
CORRELATION	0	0	1143	1741
SQUARE	32	102
FOLD	46	79	79	11481	11481	0	12628
RAIL	13	36	6	40
CORRELATION	1	0	1143	1741
SQUARE	48	104
FOLD	46	79	79	11481	11481	0	12683
RAIL	13	36	6	40
CORRELATION	1	0	1143	1741
SQUARE	64	104
FOLD	46	79	79	11481	11481	0	12782
RAIL	13	36	6	40
CORRELATION	2	0	1143	1741
SQUARE	96	107
FOLD	46	79	79	11481	11481	0	12858
RAIL	13	36	6	40
CORRELATION	2	0	1143	1741
SQUARE	128	107
FOLD	47	80	80	11628	11628	0	12918
RAIL	24	24	6	40
CORRELATION	3	0	1143	1741
SQUARE	144	107
FOLD	47	80	80	11628	11628	0	13234
RAIL	24	24	6	41
CORRELATION	4	0	1143	1741
SQUARE	192	109
FOLD	48	81	81	11772	11772	0	13240
RAIL	24	25	6	41
CORRELATION	4	0	1143	1741
SQUARE	192	109
FOLD	49	82	82	11919	11919	0	13571
RAIL	3	45	6	42
CORRELATION	5	0	1143	1741
SQUARE	240	109
FOLD	49	82	82	11919	11919	0	13617
RAIL	3	45	7	42
CORRELATION	5	0	1143	1741
SQUARE	256	109
FOLD	50	81	82	11775	11919	0	14148
RAIL	23	25	7	43
CORRELATION	8	0	1143	1741
SQUARE	384	112
FOLD	52	83	83	12066	12066	0	14485
RAIL	4	44	7	44
CORRELATION	9	0	1143	1741
SQUARE	432	112
FOLD	52	83	83	12066	12066	0	14726
RAIL	4	44	8	44
CORRELATION	10	0	1143	1741
SQUARE	512	112
FOLD	55	84	84	12213	12213	0	15804
RAIL	5	43	8	46
CORRELATION	13	0	1143	1741
SQUARE	624	112
FOLD	56	85	85	12357	12357	0	16282
RAIL	21	27	8	47
CORRELATION	15	0	1143	1741
SQUARE	720	114
FOLD	56	85	85	12357	12357	0	17027
RAIL	21	27	8	48
CORRELATION	16	0	1143	1741
SQUARE	768	114
FOLD	57	86	86	12501	12501	0	17037
RAIL	21	28	8	48
CORRELATION	16	0	1143	1741
SQUARE	768	114
FOLD	58	87	87	12648	12648	0	17383
RAIL	6	42	8	49
CORRELATION	17	0	1143	1741
SQUARE	816	114
FOLD	59	88	88	12792	12792	0	17852
RAIL	20	28	8	50
CORRELATION	19	0	1143	1741
SQUARE	912	114
FOLD	60	89	89	12936	12936	0	18253
RAIL	20	29	8	51
CORRELATION	20	0	1143	1741
SQUARE	960	114
FOLD	61	90	90	13083	13083	0	19009
RAIL	7	41	8	52
CORRELATION	21	1	1143	1741
SQUARE	1008	114
FOLD	61	90	90	13083	13083	0	20490
RAIL	7	41	8	53
CORRELATION	21	1	1143	1741
SQUARE	1024	114
FOLD	62	91	91	13227	13227	0	20843
RAIL	7	42	8	53
CORRELATION	22	3	1143	1741
SQUARE	1056	114
FOLD	64	91	91	13224	13227	0	21471
RAIL	19	30	9	54
CORRELATION	24	5	1143	1741
SQUARE	1152	114
FOLD	65	92	92	13371	13371	0	22074
RAIL	8	40	9	55
CORRELATION	25	7	1143	1741
SQUARE	1200	114
FOLD	66	93	93	13515	13515	0	22379
RAIL	8	41	9	56
CORRELATION	26	7	1143	1741
SQUARE	1248	114
FOLD	69	94	94	13659	13659	0	23855
RAIL	9	39	10	58
CORRELATION	29	11	1143	1741
SQUARE	1392	117
FOLD	70	95	95	13803	13803	0	24203
RAIL	9	40	10	59
CORRELATION	30	11	1143	1741
SQUARE	1440	117
FOLD	71	94	95	13656	13803	0	25236
RAIL	17	31	11	60
CORRELATION	32	15	1143	1741
SQUARE	1536	117
FOLD	73	96	96	13947	13947	0	25542
RAIL	10	38	11	61
CORRELATION	33	15	1143	1741
SQUARE	1584	117
FOLD	74	97	97	14091	14091	0	25830
RAIL	10	39	11	62
CORRELATION	34	15	1143	1741
SQUARE	1632	117
FOLD	75	98	98	14238	14238	0	26123
RAIL	16	32	11	63
CORRELATION	35	15	1143	1741
SQUARE	1680	117
FOLD	76	99	99	14382	14382	0	26777
RAIL	16	33	11	64
CORRELATION	36	17	1143	1741
SQUARE	1728	117
FOLD	77	100	100	14529	14529	0	27343
RAIL	11	37	11	65
CORRELATION	37	19	1143	1741
SQUARE	1776	117
FOLD	78	101	101	14673	14673	0	27644
RAIL	11	38	11	66
CORRELATION	38	19	1143	1741
SQUARE	1824	117
FOLD	79	102	102	14820	14820	0	28318
RAIL	15	33	11	67
CORRELATION	39	21	1143	1741
SQUARE	1872	117
FOLD	80	103	103	14964	14964	0	29040
RAIL	15	34	11	68
CORRELATION	40	23	1143	1741
SQUARE	1920	117
FOLD	81	104	104	15111	15111	0	29344
RAIL	12	36	11	69
CORRELATION	41	23	1143	1741
SQUARE	1968	117
FOLD	82	105	105	15255	15255	0	29633
RAIL	12	37	11	70
CORRELATION	42	23	1143	1741
SQUARE	2016	117
FOLD	82	105	105	15255	15255	0	29885
RAIL	12	37	11	71
CORRELATION	42	23	1143	1741
SQUARE	2048	117
FOLD	83	106	106	15402	15402	0	30237
RAIL	14	34	11	71
CORRELATION	43	25	1143	1741
SQUARE	2064	117
FOLD	84	107	107	15546	15546	0	30798
RAIL	14	35	11	72
CORRELATION	44	27	1143	1741
SQUARE	2112	117
FOLD	85	108	108	15693	15693	0	31145
RAIL	13	35	11	73
CORRELATION	45	27	1143	1741
SQUARE	2160	117
FOLD	86	109	109	15837	15837	0	31634
RAIL	13	36	11	74
CORRELATION	46	29	1143	1741
SQUARE	2208	117
FOLD	87	110	110	15984	15984	0	32393
RAIL	24	24	11	75
CORRELATION	49	31	1143	1741
SQUARE	2352	117
FOLD	88	111	111	16128	16128	0	32739
RAIL	24	25	11	76
CORRELATION	50	31	1143	1741
SQUARE	2400	117
FOLD	89	112	112	16275	16275	0	33052
RAIL	3	45	11	77
CORRELATION	51	31	1143	1741
SQUARE	2448	117
FOLD	92	113	113	16422	16422	0	33965
RAIL	4	44	12	79
CORRELATION	55	33	1143	1741
SQUARE	2640	117
FOLD	95	114	114	16569	16569	0	34905
RAIL	5	43	13	81
CORRELATION	59	33	1143	1741
SQUARE	2832	119
FOLD	98	115	115	16716	16716	0	36063
RAIL	6	42	14	83
CORRELATION	63	36	1143	1741
SQUARE	3024	119
FOLD	98	115	115	16716	16716	0	36334
RAIL	6	42	15	83
CORRELATION	64	38	1143	1741
SQUARE	3072	119
FOLD	101	116	116	16863	16863	0	37700
RAIL	7	41	15	85
CORRELATION	67	42	1143	1741
SQUARE	3216	119
FOLD	102	117	117	17007	17007	0	38062
RAIL	7	42	15	86
CORRELATION	68	43	1143	1741
SQUARE	3264	119
FOLD	105	118	118	17151	17151	0	39120
RAIL	8	40	16	88
CORRELATION	71	46	1143	1741
SQUARE	3408	119
FOLD	106	119	119	17295	17295	0	39565
RAIL	8	41	16	89
CORRELATION	72	47	1143	1741
SQUARE	3456	119
FOLD	109	120	120	17439	17439	0	40849
RAIL	9	39	17	91
CORRELATION	75	52	1143	1741
SQUARE	3600	119
FOLD	110	121	121	17583	17583	0	41151
RAIL	9	40	17	92
CORRELATION	76	52	1143	1741
SQUARE	3648	119
FOLD	111	122	122	17730	17730	0	41483
RAIL	17	31	17	93
CORRELATION	77	52	1143	1741
SQUARE	3696	119
FOLD	112	123	123	17874	17874	0	41972
RAIL	17	32	17	94
CORRELATION	78	54	1143	1741
SQUARE	3744	119
FOLD	113	124	124	18021	18021	0	42490
RAIL	10	38	17	95
CORRELATION	79	56	1143	1741
SQUARE	3792	119
FOLD	114	125	125	18165	18165	0	42818
RAIL	10	39	17	96
CORRELATION	80	56	1143	1741
SQUARE	3840	119
FOLD	115	126	126	18312	18312	0	43129
RAIL	16	32	17	97
CORRELATION	81	56	1143	1741
SQUARE	3888	119
FOLD	116	127	127	18456	18456	0	43796
RAIL	16	33	17	98
CORRELATION	82	59	1143	1741
SQUARE	3936	119
FOLD	117	128	128	18603	18603	0	44149
RAIL	11	37	17	99
CORRELATION	83	59	1143	1741
SQUARE	3984	119
FOLD	118	129	129	18747	18747	0	44910
RAIL	11	38	17	100
CORRELATION	84	62	1143	1741
SQUARE	4032	119
FOLD	119	130	130	18894	18894	0	45222
RAIL	15	33	17	101
CORRELATION	85	62	1143	1741
SQUARE	4080	119
FOLD	119	130	130	18894	18894	0	45440
RAIL	15	33	17	102
CORRELATION	85	62	1143	1741
SQUARE	4096	119
FOLD	120	131	131	19038	19038	0	45525
RAIL	15	34	17	102
CORRELATION	86	62	1143	1741
SQUARE	4128	119
FOLD	121	132	132	19185	19185	0	45851
RAIL	12	36	17	103
CORRELATION	87	62	1143	1741
SQUARE	4176	119
FOLD	122	133	133	19329	19329	0	46166
RAIL	12	37	17	104
CORRELATION	88	62	1143	1741
SQUARE	4224	119
FOLD	123	134	134	19476	19476	0	46839
RAIL	14	34	17	105
CORRELATION	89	65	1143	1741
SQUARE	4272	119
FOLD	124	135	135	19620	19620	0	47143
RAIL	14	35	17	106
CORRELATION	90	65	1143	1741
SQUARE	4320	119
FOLD	125	136	136	19767	19767	0	48165
RAIL	13	35	17	107
CORRELATION	91	68	1143	1741
SQUARE	4368	119
FOLD	126	137	137	19911	19911	0	48521
RAIL	13	36	17	108
CORRELATION	92	68	1143	1741
SQUARE	4416	119
FOLD	127	138	138	20058	20058	0	49365
RAIL	24	24	17	109
CORRELATION	95	72	1143	1741
SQUARE	4560	119
FOLD	128	139	139	20202	20202	0	49883
RAIL	24	25	17	110
CORRELATION	96	74	1143	1741
SQUARE	4608	119
FOLD	129	140	140	20349	20349	0	50474
RAIL	23	25	17	111
CORRELATION	99	74	1143	1741
SQUARE	4752	119
FOLD	130	141	141	20493	20493	0	50822
RAIL	23	26	17	112
CORRELATION	100	74	1143	1741
SQUARE	4800	119
FOLD	131	142	142	20640	20640	0	51712
RAIL	22	26	17	113
CORRELATION	103	78	1143	1741
SQUARE	4944	119
FOLD	132	143	143	20784	20784	0	52337
RAIL	22	27	17	114
CORRELATION	104	80	1143	1741
SQUARE	4992	119
FOLD	133	144	144	20931	20931	0	52729
RAIL	5	43	17	115
CORRELATION	105	80	1143	1741
SQUARE	5040	119
FOLD	136	145	145	21078	21078	0	54141
RAIL	6	42	18	117
CORRELATION	109	85	1143	1741
SQUARE	5232	119
FOLD	139	146	146	21225	21225	0	55058
RAIL	7	41	19	119
CORRELATION	113	85	1143	1741
SQUARE	5424	119
FOLD	142	147	147	21372	21372	0	56322
RAIL	8	40	20	121
CORRELATION	117	90	1143	1741
SQUARE	5616	122
FOLD	143	148	148	21516	21516	0	57113
RAIL	18	30	20	122
CORRELATION	119	93	1143	1741
SQUARE	5712	122
FOLD	144	149	149	21660	21660	0	58036
RAIL	18	31	20	123
CORRELATION	120	94	1143	1741
SQUARE	5760	122
FOLD	145	150	150	21807	21807	0	58612
RAIL	9	39	20	124
CORRELATION	121	96	1143	1741
SQUARE	5808	122
FOLD	146	151	151	21951	21951	0	58970
RAIL	9	40	20	125
CORRELATION	122	96	1143	1741
SQUARE	5856	122
FOLD	149	152	152	22095	22095	0	60078
RAIL	10	38	21	127
CORRELATION	125	100	1143	1741
SQUARE	6000	122
FOLD	150	153	153	22239	22239	0	60491
RAIL	10	39	21	128
CORRELATION	126	100	1143	1741
SQUARE	6048	122
FOLD	151	152	153	22092	22239	0	61280
RAIL	16	32	22	129
CORRELATION	128	102	1143	1741
SQUARE	6144	122
FOLD	153	154	154	22383	22383	0	61813
RAIL	11	37	22	130
CORRELATION	129	104	1143	1741
SQUARE	6192	122
FOLD	154	155	155	22527	22527	0	62265
RAIL	11	38	22	131
CORRELATION	130	106	1143	1741
SQUARE	6240	122
FOLD	155	156	156	22674	22674	0	62617
RAIL	15	33	22	132
CORRELATION	131	106	1143	1741
SQUARE	6288	122
FOLD	156	157	157	22818	22818	0	62976
RAIL	15	34	22	133
CORRELATION	132	106	1143	1741
SQUARE	6336	122
FOLD	157	158	158	22965	22965	0	63342
RAIL	12	36	22	134
CORRELATION	133	106	1143	1741
SQUARE	6384	122
FOLD	158	159	159	23109	23109	0	64069
RAIL	12	37	22	135
CORRELATION	134	109	1143	1741
SQUARE	6432	122
FOLD	159	160	160	23256	23256	0	64494
RAIL	14	34	22	136
CORRELATION	135	109	1143	1741
SQUARE	6480	122
FOLD	160	161	161	23400	23400	0	65117
RAIL	14	35	22	137
CORRELATION	136	111	1143	1741
SQUARE	6528	122
FOLD	161	162	162	23547	23547	0	65790
RAIL	13	35	22	138
CORRELATION	137	113	1143	1741
SQUARE	6576	122
FOLD	162	163	163	23691	23691	0	66168
RAIL	13	36	22	139
CORRELATION	138	113	1143	1741
SQUARE	6624	122
FOLD	163	164	164	23838	23838	0	67273
RAIL	24	24	22	140
CORRELATION	141	116	1143	1741
SQUARE	6768	122
FOLD	164	165	165	23982	23982	0	67842
RAIL	24	25	22	141
CORRELATION	142	118	1143	1741
SQUARE	6816	122
FOLD	165	166	166	24129	24129	0	68816
RAIL	23	25	22	142
CORRELATION	145	120	1143	1741
SQUARE	6960	122
FOLD	166	167	167	24273	24273	0	69150
RAIL	23	26	22	143
CORRELATION	146	120	1143	1741
SQUARE	7008	122
FOLD	167	168	168	24420	24420	0	69759
RAIL	22	26	22	144
CORRELATION	149	120	1143	1741
SQUARE	7152	122
FOLD	168	169	169	24564	24564	0	70380
RAIL	22	27	22	145
CORRELATION	150	122	1143	1741
SQUARE	7200	122
FOLD	169	170	170	24711	24711	0	70895
RAIL	5	43	22	146
CORRELATION	151	124	1143	1741
SQUARE	7248	122
FOLD	172	171	171	24858	24858	0	72250
RAIL	6	42	23	148
CORRELATION	155	130	1143	1741
SQUARE	7440	122
FOLD	173	172	172	25002	25002	0	72857
RAIL	20	28	23	149
CORRELATION	157	130	1143	1741
SQUARE	7536	122
FOLD	174	173	173	25146	25146	0	73206
RAIL	20	29	23	150
CORRELATION	158	130	1143	1741
SQUARE	7584	122
FOLD	175	174	174	25293	25293	0	73648
RAIL	7	41	23	151
CORRELATION	159	131	1143	1741
SQUARE	7632	122
FOLD	178	175	175	25440	25440	0	75049
RAIL	8	40	24	153
CORRELATION	163	137	1143	1741
SQUARE	7824	122
FOLD	181	176	176	25587	25587	0	76365
RAIL	9	39	25	155
CORRELATION	167	141	1143	1741
SQUARE	8016	122
FOLD	182	177	177	25731	25731	0	76693
RAIL	9	40	25	156
CORRELATION	168	141	1143	1741
SQUARE	8064	122
FOLD	184	177	177	25728	25731	0	77489
RAIL	17	32	26	158
CORRELATION	170	143	1143	1741
SQUARE	8192	122
FOLD	185	178	178	25875	25875	0	77539
RAIL	10	38	26	158
CORRELATION	171	143	1143	1741
SQUARE	8208	122
FOLD	186	179	179	26019	26019	0	78190
RAIL	10	39	26	159
CORRELATION	172	145	1143	1741
SQUARE	8256	122
FOLD	189	180	180	26163	26163	0	79261
RAIL	11	37	27	161
CORRELATION	175	148	1143	1741
SQUARE	8400	122
FOLD	190	181	181	26307	26307	0	79640
RAIL	11	38	27	162
CORRELATION	176	148	1143	1741
SQUARE	8448	122
FOLD	193	182	182	26451	26451	0	81002
RAIL	12	36	28	164
CORRELATION	179	153	1143	1741
SQUARE	8592	122
FOLD	194	183	183	26595	26595	0	81582
RAIL	12	37	28	165
CORRELATION	180	155	1143	1741
SQUARE	8640	122
FOLD	195	184	184	26742	26742	0	81928
RAIL	14	34	28	166
CORRELATION	181	155	1143	1741
SQUARE	8688	122
FOLD	196	185	185	26886	26886	0	82422
RAIL	14	35	28	167
CORRELATION	182	155	1143	1741
SQUARE	8736	122
FOLD	197	186	186	27033	27033	0	83328
RAIL	13	35	28	168
CORRELATION	183	158	1143	1741
SQUARE	8784	122
FOLD	198	187	187	27177	27177	0	83619
RAIL	13	36	28	169
CORRELATION	184	158	1143	1741
SQUARE	8832	122
FOLD	199	188	188	27324	27324	0	84798
RAIL	24	24	28	170
CORRELATION	187	161	1143	1741
SQUARE	8976	122
FOLD	200	189	189	27468	27468	0	85115
RAIL	24	25	28	171
CORRELATION	188	161	1143	1741
SQUARE	9024	122
FOLD	201	190	190	27615	27615	0	85675
RAIL	23	25	28	172
CORRELATION	191	161	1143	1741
SQUARE	9168	122
FOLD	202	191	191	27759	27759	0	85970
RAIL	23	26	28	173
CORRELATION	192	161	1143	1741
SQUARE	9216	122
FOLD	203	192	192	27906	27906	0	86576
RAIL	22	26	28	174
CORRELATION	195	162	1143	1741
SQUARE	9360	122
FOLD	204	193	193	28050	28050	0	86948
RAIL	22	27	28	175
CORRELATION	196	163	1143	1741
SQUARE	9408	122
FOLD	205	194	194	28197	28197	0	87685
RAIL	21	27	28	176
CORRELATION	199	166	1143	1741
SQUARE	9552	122
FOLD	206	195	195	28341	28341	0	87990
RAIL	21	28	28	177
CORRELATION	200	166	1143	1741
SQUARE	9600	122
FOLD	207	196	196	28488	28488	0	88306
RAIL	6	42	28	178
CORRELATION	201	167	1143	1741
SQUARE	9648	122
FOLD	210	197	197	28635	28635	0	89421
RAIL	7	41	29	180
CORRELATION	205	171	1143	1741
SQUARE	9840	122
FOLD	211	198	198	28779	28779	0	90169
RAIL	19	29	29	181
CORRELATION	207	173	1143	1741
SQUARE	9936	122
FOLD	212	199	199	28923	28923	0	90480
RAIL	19	30	29	182
CORRELATION	208	173	1143	1741
SQUARE	9984	122
FOLD	213	200	200	29070	29070	0	90782
RAIL	8	40	29	183
CORRELATION	209	174	1143	1741
SQUARE	10032	122
FOLD	216	201	201	29217	29217	0	91833
RAIL	9	39	30	185
CORRELATION	213	176	1143	1741
SQUARE	10224	122
FOLD	219	202	202	29364	29364	0	93223
RAIL	10	38	31	187
CORRELATION	217	180	1143	1741
SQUARE	10416	122
FOLD	220	203	203	29508	29508	0	93565
RAIL	10	39	31	188
CORRELATION	218	180	1143	1741
SQUARE	10464	122
FOLD	223	204	204	29652	29652	0	94415
RAIL	11	37	32	190
CORRELATION	221	182	1143	1741
SQUARE	10608	122
FOLD	224	205	205	29796	29796	0	94781
RAIL	11	38	32	191
CORRELATION	222	183	1143	1741
SQUARE	10656	122
FOLD	227	206	206	29940	29940	0	95841
RAIL	12	36	33	193
CORRELATION	225	186	1143	1741
SQUARE	10800	122
FOLD	228	207	207	30084	30084	0	96441
RAIL	12	37	33	194
CORRELATION	226	188	1143	1741
SQUARE	10848	122
FOLD	231	208	208	30228	30228	0	97716
RAIL	13	35	34	196
CORRELATION	229	191	1143	1741
SQUARE	10992	122
FOLD	232	209	209	30372	30372	0	98074
RAIL	13	36	34	197
CORRELATION	230	191	1143	1741
SQUARE	11040	122
FOLD	233	210	210	30519	30519	0	98923
RAIL	24	24	34	198
CORRELATION	233	195	1143	1741
SQUARE	11184	124
FOLD	234	211	211	30663	30663	0	99256
RAIL	24	25	34	199
CORRELATION	234	195	1143	1741
SQUARE	11232	124
FOLD	235	212	212	30810	30810	0	100704
RAIL	23	25	34	200
CORRELATION	237	200	1143	1741
SQUARE	11376	124
FOLD	236	213	213	30954	30954	0	101053
RAIL	23	26	34	201
CORRELATION	238	200	1143	1741
SQUARE	11424	124
FOLD	237	214	214	31101	31101	0	102107
RAIL	22	26	34	202
CORRELATION	241	204	1143	1741
SQUARE	11568	124
FOLD	238	215	215	31245	31245	0	102616
RAIL	22	27	34	203
CORRELATION	242	204	1143	1741
SQUARE	11616	124
FOLD	239	216	216	31392	31392	0	103233
RAIL	21	27	34	204
CORRELATION	245	204	1143	1741
SQUARE	11760	124
FOLD	240	217	217	31536	31536	0	103589
RAIL	21	28	34	205
CORRELATION	246	206	1143	1741
SQUARE	11808	124
FOLD	241	218	218	31683	31683	0	104095
RAIL	6	42	34	206
CORRELATION	247	208	1143	1741
SQUARE	11856	124
FOLD	244	219	219	31830	31830	0	105186
RAIL	7	41	35	208
CORRELATION	251	211	1143	1741
SQUARE	12048	124
FOLD	247	220	220	31977	31977	0	106201
RAIL	8	40	36	210
CORRELATION	255	215	1143	1741
SQUARE	12240	124
FOLD	247	220	220	31977	31977	0	106484
RAIL	8	40	36	211
CORRELATION	256	215	1143	1741
SQUARE	12288	124
FOLD	248	221	221	32121	32121	0	106616
RAIL	18	30	36	211
CORRELATION	257	215	1143	1741
SQUARE	12336	124
FOLD	249	222	222	32265	32265	0	106943
RAIL	18	31	36	212
CORRELATION	258	215	1143	1741
SQUARE	12384	124
FOLD	250	223	223	32412	32412	0	107467
RAIL	9	39	36	213
CORRELATION	259	217	1143	1741
SQUARE	12432	124
FOLD	253	224	224	32559	32559	0	108676
RAIL	10	38	37	215
CORRELATION	263	219	1143	1741
SQUARE	12624	124
FOLD	256	225	225	32706	32706	0	109739
RAIL	16	33	38	217
CORRELATION	266	222	1143	1741
SQUARE	12768	124
FOLD	257	226	226	32853	32853	0	110118
RAIL	11	37	38	218
CORRELATION	267	222	1143	1741
SQUARE	12816	124
FOLD	258	227	227	32997	32997	0	110703
RAIL	11	38	38	219
CORRELATION	268	225	1143	1741
SQUARE	12864	124
FOLD	259	228	228	33144	33144	0	111083
RAIL	15	33	38	220
CORRELATION	269	225	1143	1741
SQUARE	12912	124
FOLD	260	229	229	33288	33288	0	111555
RAIL	15	34	38	221
CORRELATION	270	227	1143	1741
SQUARE	12960	124
FOLD	261	230	230	33435	33435	0	111996
RAIL	12	36	38	222
CORRELATION	271	229	1143	1741
SQUARE	13008	124
FOLD	262	231	231	33579	33579	0	112472
RAIL	12	37	38	223
CORRELATION	272	229	1143	1741
SQUARE	13056	124
FOLD	265	232	232	33723	33723	0	113987
RAIL	13	35	39	225
CORRELATION	275	233	1143	1741
SQUARE	13200	124
FOLD	266	233	233	33867	33867	0	114462
RAIL	13	36	39	226
CORRELATION	276	233	1143	1741
SQUARE	13248	124
FOLD	269	234	234	34011	34011	0	116192
RAIL	23	25	40	228
CORRELATION	283	240	1143	1741
SQUARE	13584	124
FOLD	270	235	235	34155	34155	0	116679
RAIL	23	26	40	229
CORRELATION	284	240	1143	1741
SQUARE	13632	124
FOLD	271	236	236	34302	34302	0	117619
RAIL	22	26	40	230
CORRELATION	287	242	1143	1741
SQUARE	13776	124
FOLD	272	237	237	34446	34446	0	118379
RAIL	22	27	40	231
CORRELATION	288	245	1143	1741
SQUARE	13824	124
FOLD	273	238	238	34593	34593	0	119198
RAIL	21	27	40	232
CORRELATION	291	246	1143	1741
SQUARE	13968	124
FOLD	274	239	239	34737	34737	0	119595
RAIL	21	28	40	233
CORRELATION	292	247	1143	1741
SQUARE	14016	124
FOLD	275	240	240	34884	34884	0	120356
RAIL	20	28	40	234
CORRELATION	295	250	1143	1741
SQUARE	14160	124
FOLD	276	241	241	35028	35028	0	120800
RAIL	20	29	40	235
CORRELATION	296	252	1143	1741
SQUARE	14208	124
FOLD	277	242	242	35175	35175	0	121329
RAIL	7	41	40	236
CORRELATION	297	254	1143	1741
SQUARE	14256	124
FOLD	280	243	243	35322	35322	0	122632
RAIL	8	40	41	238
CORRELATION	301	257	1143	1741
SQUARE	14448	124
FOLD	283	244	244	35469	35469	0	124255
RAIL	9	39	42	240
CORRELATION	305	264	1143	1741
SQUARE	14640	124
FOLD	284	245	245	35613	35613	0	124699
RAIL	17	31	42	241
CORRELATION	307	264	1143	1741
SQUARE	14736	124
FOLD	285	246	246	35757	35757	0	125055
RAIL	17	32	42	242
CORRELATION	308	264	1143	1741
SQUARE	14784	124
FOLD	286	247	247	35904	35904	0	125384
RAIL	10	38	42	243
CORRELATION	309	264	1143	1741
SQUARE	14832	124
FOLD	295	248	248	36048	36048	0	128805
RAIL	12	37	46	248
CORRELATION	318	273	1143	1741
SQUARE	15264	124
FOLD	296	249	249	36195	36195	0	129235
RAIL	14	34	46	249
CORRELATION	319	275	1143	1741
SQUARE	15312	124
FOLD	297	250	250	36339	36339	0	129595
RAIL	14	35	46	250
CORRELATION	320	275	1143	1741
SQUARE	15360	124
FOLD	302	251	251	36480	36480	0	132118
RAIL	23	25	48	253
CORRELATION	329	285	1143	1741
SQUARE	15792	124
FOLD	303	252	252	36624	36624	0	132472
RAIL	23	26	48	254
CORRELATION	330	285	1143	1741
SQUARE	15840	124
FOLD	304	253	253	36771	36771	0	133612
RAIL	22	26	48	255
CORRELATION	333	290	1143	1741
SQUARE	15984	124
FOLD	305	254	254	36915	36915	0	134025
RAIL	22	27	48	256
CORRELATION	334	290	1143	1741
SQUARE	16032	124
FOLD	306	255	255	37062	37062	0	134661
RAIL	21	27	48	257
CORRELATION	337	290	1143	1741
SQUARE	16176	124
FOLD	307	256	256	37206	37206	0	134993
RAIL	21	28	48	258
CORRELATION	338	290	1143	1741
SQUARE	16224	124
FOLD	308	257	257	37353	37353	0	135687
RAIL	20	28	48	259
CORRELATION	341	291	1143	1741
SQUARE	16368	124
FOLD	308	257	257	37353	37353	0	135924
RAIL	20	28	48	260
CORRELATION	341	291	1143	1741
SQUARE	16384	124
FOLD	309	258	258	37497	37497	0	136028
RAIL	20	29	48	260
CORRELATION	342	291	1143	1741
SQUARE	16416	124
FOLD	310	259	259	37644	37644	0	136375
RAIL	7	41	48	261
CORRELATION	343	291	1143	1741
SQUARE	16464	124
FOLD	311	260	260	37788	37788	0	136889
RAIL	19	29	48	262
CORRELATION	345	292	1143	1741
SQUARE	16560	124
FOLD	312	261	261	37932	37932	0	137870
RAIL	19	30	48	263
CORRELATION	346	296	1143	1741
SQUARE	16608	124
FOLD	313	262	262	38079	38079	0	138251
RAIL	8	40	48	264
CORRELATION	347	296	1143	1741
SQUARE	16656	124
FOLD	316	263	263	38226	38226	0	139312
RAIL	9	39	49	266
CORRELATION	351	299	1143	1741
SQUARE	16848	124
FOLD	319	264	264	38373	38373	0	140480
RAIL	10	38	50	268
CORRELATION	355	303	1143	1741
SQUARE	17040	124
FOLD	320	265	265	38517	38517	0	140889
RAIL	10	39	50	269
CORRELATION	356	303	1143	1741
SQUARE	17088	124
FOLD	323	266	266	38661	38661	0	142321
RAIL	11	37	51	271
CORRELATION	359	309	1143	1741
SQUARE	17232	124
FOLD	336	267	267	38799	38799	0	147472
RAIL	23	26	57	278
CORRELATION	376	327	1143	1741
SQUARE	18048	124
FOLD	337	268	268	38946	38946	0	148208
RAIL	22	26	57	279
CORRELATION	379	327	1143	1741
SQUARE	18192	124
FOLD	338	269	269	39090	39090	0	148789
RAIL	22	27	57	280
CORRELATION	380	330	1143	1741
SQUARE	18240	124
FOLD	339	270	270	39237	39237	0	149662
RAIL	21	27	57	281
CORRELATION	383	332	1143	1741
SQUARE	18384	124
FOLD	340	271	271	39381	39381	0	150140
RAIL	21	28	57	282
CORRELATION	384	334	1143	1741
SQUARE	18432	124
FOLD	341	272	272	39528	39528	0	151368
RAIL	20	28	57	283
CORRELATION	387	338	1143	1741
SQUARE	18576	124
FOLD	342	273	273	39672	39672	0	151723
RAIL	20	29	57	284
CORRELATION	388	338	1143	1741
SQUARE	18624	124
FOLD	343	274	274	39819	39819	0	152080
RAIL	7	41	57	285
CORRELATION	389	339	1143	1741
SQUARE	18672	124
FOLD	344	275	275	39963	39963	0	152486
RAIL	19	29	57	286
CORRELATION	391	339	1143	1741
SQUARE	18768	124
FOLD	345	276	276	40107	40107	0	152861
RAIL	19	30	57	287
CORRELATION	392	339	1143	1741
SQUARE	18816	124
FOLD	346	277	277	40254	40254	0	153457
RAIL	8	40	57	288
CORRELATION	393	341	1143	1741
SQUARE	18864	124
FOLD	347	278	278	40398	40398	0	154111
RAIL	18	30	57	289
CORRELATION	395	343	1143	1741
SQUARE	18960	124
FOLD	348	279	279	40542	40542	0	154612
RAIL	18	31	57	290
CORRELATION	396	345	1143	1741
SQUARE	19008	124
FOLD	349	280	280	40689	40689	0	155280
RAIL	9	39	57	291
CORRELATION	397	348	1143	1741
SQUARE	19056	124
FOLD	352	281	281	40836	40836	0	156321
RAIL	10	38	58	293
CORRELATION	401	349	1143	1741
SQUARE	19248	124
FOLD	357	282	282	40980	40980	0	158378
RAIL	15	33	60	296
CORRELATION	407	356	1143	1741
SQUARE	19536	124
FOLD	358	283	283	41124	41124	0	158690
RAIL	15	34	60	297
CORRELATION	408	356	1143	1741
SQUARE	19584	124
FOLD	369	284	284	41268	41268	0	162883
RAIL	22	26	65	303
CORRELATION	425	369	1143	1741
SQUARE	20400	124
FOLD	370	285	285	41412	41412	0	163351
RAIL	22	27	65	304
CORRELATION	426	371	1143	1741
SQUARE	20448	124
FOLD	371	286	286	41559	41559	0	164263
RAIL	21	27	65	305
CORRELATION	429	373	1143	1741
SQUARE	20592	124
FOLD	372	287	287	41703	41703	0	164710
RAIL	21	28	65	306
CORRELATION	430	373	1143	1741
SQUARE	20640	124
FOLD	373	288	288	41850	41850	0	165674
RAIL	20	28	65	307
CORRELATION	433	378	1143	1741
SQUARE	20784	124
FOLD	374	289	289	41994	41994	0	166010
RAIL	20	29	65	308
CORRELATION	434	378	1143	1741
SQUARE	20832	124
FOLD	375	290	290	42141	42141	0	166378
RAIL	7	41	65	309
CORRELATION	435	378	1143	1741
SQUARE	20880	124
FOLD	378	291	291	42288	42288	0	167463
RAIL	8	40	66	311
CORRELATION	439	380	1143	1741
SQUARE	21072	124
FOLD	379	292	292	42432	42432	0	168072
RAIL	18	30	66	312
CORRELATION	441	381	1143	1741
SQUARE	21168	124
FOLD	380	293	293	42576	42576	0	168399
RAIL	18	31	66	313
CORRELATION	442	381	1143	1741
SQUARE	21216	124
FOLD	381	294	294	42723	42723	0	168870
RAIL	9	39	66	314
CORRELATION	443	382	1143	1741
SQUARE	21264	124
FOLD	382	295	295	42867	42867	0	169565
RAIL	17	31	66	315
CORRELATION	445	385	1143	1741
SQUARE	21360	124
FOLD	383	296	296	43011	43011	0	169985
RAIL	17	32	66	316
CORRELATION	446	385	1143	1741
SQUARE	21408	124
FOLD	401	296	296	43008	43011	0	177239
RAIL	22	26	75	326
CORRELATION	471	402	1143	1741
SQUARE	22651	127
FRAME	24	23	1	3	178822
RESULT	closed	11349509	13468219	178832	1591	1	1	205	537
