INPUT	140780242496439158415951380176012899598281849499616379408737783997433618715254848608218805570829442243428767892752670243539044274024820507549521180092718862095731340615304181423391107194804417968567632660042779198453535410537838193859702376129614723818089429306554189733962280442275876514148029233758736642483	1024	527	5124
FRAME	1	0	1	1	25
FOLD	1	1	1	3072	3072	0	261
RAIL	2	1022	0	0
FOLD	2	1	1	3075	3075	0	322
RAIL	2	1023	1	0
FOLD	4	3	3	9219	9219	0	5592
RAIL	512	513	2	1
FOLD	5	5	5	15366	15366	0	10513
RAIL	3	1021	2	2
FOLD	8	7	7	21513	21513	0	18845
RAIL	511	514	4	3
FOLD	9	9	9	27660	27660	0	24189
RAIL	4	1020	4	4
FOLD	12	11	11	33807	33807	0	38403
RAIL	510	515	6	5
FOLD	13	13	13	39954	39954	0	45167
RAIL	5	1019	6	6
FOLD	14	15	15	46101	46101	0	51491
RAIL	5	1020	6	7
FOLD	15	17	17	52248	52248	0	55490
RAIL	509	515	6	8
FOLD	16	19	19	58395	58395	0	60693
RAIL	509	516	6	9
FOLD	17	21	21	64542	64542	0	65599
RAIL	6	1018	6	10
FOLD	18	23	23	70689	70689	0	69901
RAIL	6	1019	6	11
FOLD	19	25	25	76836	76836	0	76106
RAIL	508	516	6	12
FOLD	20	27	27	82983	82983	0	81199
RAIL	508	517	6	13
FOLD	21	29	29	89130	89130	0	86474
RAIL	7	1017	6	14
FOLD	22	31	31	95277	95277	0	94951
RAIL	7	1018	6	15
FOLD	23	33	33	101424	101424	0	102142
RAIL	507	517	6	16
FOLD	24	35	35	107571	107571	0	107977
RAIL	507	518	6	17
FOLD	25	37	37	113718	113718	0	113366
RAIL	8	1016	6	18
FOLD	26	39	39	119865	119865	0	120648
RAIL	8	1017	6	19
FOLD	27	41	41	126012	126012	0	127454
RAIL	506	518	6	20
FOLD	28	43	43	132159	132159	0	133154
RAIL	506	519	6	21
FOLD	29	45	45	138306	138306	0	138116
RAIL	9	1015	6	22
FOLD	30	47	47	144453	144453	0	142460
RAIL	9	1016	6	23
FOLD	31	49	49	150600	150600	0	146505
RAIL	505	519	6	24
FOLD	32	51	51	156747	156747	0	154362
RAIL	505	520	6	25
FOLD	33	53	53	162894	162894	0	161567
RAIL	10	1014	6	26
FOLD	34	55	55	169041	169041	0	165551
RAIL	10	1015	6	27
FOLD	35	57	57	175188	175188	0	169423
RAIL	504	520	6	28
FOLD	36	59	59	181335	181335	0	174927
RAIL	504	521	6	29
FOLD	37	61	61	187482	187482	0	180468
RAIL	11	1013	6	30
FOLD	38	63	63	193629	193629	0	184242
RAIL	11	1014	6	31
FOLD	39	65	65	199776	199776	0	188564
RAIL	503	521	6	32
FOLD	40	67	67	205923	205923	0	194993
RAIL	503	522	6	33
FOLD	41	69	69	212070	212070	0	200432
RAIL	12	1012	6	34
FOLD	42	71	71	218217	218217	0	205198
RAIL	12	1013	6	35
FOLD	43	73	73	224364	224364	0	209778
RAIL	502	522	6	36
FOLD	44	75	75	230511	230511	0	216058
RAIL	502	523	6	37
FOLD	45	77	77	236658	236658	0	222402
RAIL	13	1011	6	38
FOLD	46	79	79	242805	242805	0	226581
RAIL	13	1012	6	39
FOLD	47	81	81	248952	248952	0	230470
RAIL	501	523	6	40
FOLD	48	83	83	255099	255099	0	235304
RAIL	501	524	6	41
FOLD	49	85	85	261246	261246	0	240206
RAIL	14	1010	6	42
FOLD	50	87	87	267393	267393	0	244041
RAIL	14	1011	6	43
FOLD	51	89	89	273540	273540	0	247620
RAIL	500	524	6	44
FOLD	52	91	91	279687	279687	0	253014
RAIL	500	525	6	45
FOLD	53	93	93	285834	285834	0	261181
RAIL	15	1009	6	46
FOLD	54	95	95	291981	291981	0	267545
RAIL	15	1010	6	47
FOLD	55	97	97	298128	298128	0	272352
RAIL	499	525	6	48
FOLD	56	99	99	304275	304275	0	277885
RAIL	499	526	6	49
FOLD	57	101	101	310422	310422	0	283540
RAIL	16	1008	6	50
FOLD	58	103	103	316569	316569	0	287824
RAIL	16	1009	6	51
FOLD	59	105	105	322716	322716	0	292253
RAIL	498	526	6	52
FOLD	60	107	107	328863	328863	0	298558
RAIL	498	527	6	53
FOLD	61	109	109	335010	335010	0	303702
RAIL	17	1007	6	54
FOLD	62	111	111	341157	341157	0	307898
RAIL	17	1008	6	55
FOLD	63	113	113	347304	347304	0	311987
RAIL	497	527	6	56
FOLD	64	115	115	353451	353451	0	316988
RAIL	497	528	6	57
FOLD	65	117	117	359598	359598	0	321871
RAIL	18	1006	6	58
FOLD	66	119	119	365745	365745	0	326159
RAIL	18	1007	6	59
FOLD	67	121	121	371892	371892	0	333069
RAIL	496	528	6	60
FOLD	68	123	123	378039	378039	0	341472
RAIL	496	529	6	61
FOLD	69	125	125	384186	384186	0	346394
RAIL	19	1005	6	62
FOLD	70	127	127	390333	390333	0	350690
RAIL	19	1006	6	63
FOLD	71	129	129	396480	396480	0	354915
RAIL	495	529	6	64
FOLD	72	131	131	402627	402627	0	360185
RAIL	495	530	6	65
FOLD	73	133	133	408774	408774	0	365367
RAIL	20	1004	6	66
FOLD	74	135	135	414921	414921	0	369507
RAIL	20	1005	6	67
FOLD	75	137	137	421068	421068	0	373476
RAIL	494	530	6	68
FOLD	76	139	139	427215	427215	0	378026
RAIL	494	531	6	69
FOLD	77	141	141	433362	433362	0	382887
RAIL	21	1003	6	70
FOLD	78	143	143	439509	439509	0	387105
RAIL	21	1004	6	71
FOLD	79	145	145	445656	445656	0	390984
RAIL	493	531	6	72
FOLD	80	147	147	451803	451803	0	397184
RAIL	493	532	6	73
FOLD	81	149	149	457950	457950	0	402343
RAIL	22	1002	6	74
FOLD	82	151	151	464097	464097	0	406554
RAIL	22	1003	6	75
FOLD	83	153	153	470244	470244	0	410547
RAIL	492	532	6	76
FOLD	84	155	155	476391	476391	0	416666
RAIL	492	533	6	77
FOLD	85	157	157	482538	482538	0	422006
RAIL	23	1001	6	78
FOLD	86	159	159	488685	488685	0	426512
RAIL	23	1002	6	79
FOLD	87	161	161	494832	494832	0	431641
RAIL	491	533	6	80
FOLD	88	163	163	500979	500979	0	436953
RAIL	491	534	6	81
FOLD	89	165	165	507126	507126	0	442144
RAIL	24	1000	6	82
FOLD	90	167	167	513273	513273	0	446318
RAIL	24	1001	6	83
FOLD	91	169	169	519420	519420	0	450627
RAIL	490	534	6	84
FOLD	92	171	171	525567	525567	0	455249
RAIL	490	535	6	85
FOLD	93	173	173	531714	531714	0	460071
RAIL	25	999	6	86
FOLD	94	175	175	537861	537861	0	464188
RAIL	25	1000	6	87
FOLD	95	177	177	544008	544008	0	467998
RAIL	489	535	6	88
FOLD	96	179	179	550155	550155	0	472862
RAIL	489	536	6	89
FOLD	97	181	181	556302	556302	0	477779
RAIL	26	998	6	90
FOLD	98	183	183	562449	562449	0	482112
RAIL	26	999	6	91
FOLD	99	185	185	568596	568596	0	486236
RAIL	488	536	6	92
FOLD	100	187	187	574743	574743	0	491317
RAIL	488	537	6	93
FOLD	101	189	189	580890	580890	0	496421
RAIL	27	997	6	94
FOLD	102	191	191	587037	587037	0	500337
RAIL	27	998	6	95
FOLD	103	193	193	593184	593184	0	505484
RAIL	487	537	6	96
FOLD	104	195	195	599331	599331	0	510707
RAIL	487	538	6	97
FOLD	105	197	197	605478	605478	0	515592
RAIL	28	996	6	98
FOLD	106	199	199	611625	611625	0	521038
RAIL	28	997	6	99
FOLD	107	201	201	617772	617772	0	527767
RAIL	486	538	6	100
FOLD	108	203	203	623919	623919	0	534702
RAIL	486	539	6	101
FOLD	109	205	205	630066	630066	0	539723
RAIL	29	995	6	102
FOLD	110	207	207	636213	636213	0	543686
RAIL	29	996	6	103
FOLD	111	209	209	642360	642360	0	547829
RAIL	485	539	6	104
FOLD	112	211	211	648507	648507	0	553232
RAIL	485	540	6	105
FOLD	113	213	213	654654	654654	0	558590
RAIL	30	994	6	106
FOLD	114	215	215	660801	660801	0	563001
RAIL	30	995	6	107
FOLD	115	217	217	666948	666948	0	567008
RAIL	484	540	6	108
FOLD	116	219	219	673095	673095	0	571759
RAIL	484	541	6	109
FOLD	117	221	221	679242	679242	0	576428
RAIL	31	993	6	110
FOLD	118	223	223	685389	685389	0	580502
RAIL	31	994	6	111
FOLD	119	225	225	691536	691536	0	584380
RAIL	483	541	6	112
FOLD	120	227	227	697683	697683	0	589210
RAIL	483	542	6	113
FOLD	121	229	229	703830	703830	0	593910
RAIL	32	992	6	114
FOLD	122	231	231	709977	709977	0	598046
RAIL	32	993	6	115
FOLD	123	233	233	716124	716124	0	602100
RAIL	482	542	6	116
FOLD	124	235	235	722271	722271	0	606905
RAIL	482	543	6	117
FOLD	125	237	237	728418	728418	0	611676
RAIL	33	991	6	118
FOLD	126	239	239	734565	734565	0	615910
RAIL	33	992	6	119
FOLD	127	241	241	740712	740712	0	620028
RAIL	481	543	6	120
FOLD	128	243	243	746859	746859	0	625229
RAIL	481	544	6	121
FOLD	129	245	245	753006	753006	0	630123
RAIL	34	990	6	122
FOLD	130	247	247	759153	759153	0	634343
RAIL	34	991	6	123
FOLD	131	249	249	765300	765300	0	639860
RAIL	480	544	6	124
FOLD	132	251	251	771447	771447	0	647294
RAIL	480	545	6	125
FOLD	133	253	253	777594	777594	0	654679
RAIL	35	989	6	126
FOLD	134	255	255	783741	783741	0	661264
RAIL	35	990	6	127
FOLD	135	257	257	789888	789888	0	665573
RAIL	479	545	6	128
FOLD	136	259	259	796035	796035	0	671953
RAIL	479	546	6	129
FOLD	137	261	261	802182	802182	0	676676
RAIL	36	988	6	130
FOLD	138	263	263	808329	808329	0	680754
RAIL	36	989	6	131
FOLD	139	265	265	814476	814476	0	696824
RAIL	478	546	6	132
FOLD	140	267	267	820623	820623	0	713606
RAIL	478	547	6	133
FOLD	141	269	269	826770	826770	0	729313
RAIL	37	987	6	134
FOLD	142	271	271	832917	832917	0	741741
RAIL	37	988	6	135
FOLD	143	273	273	839064	839064	0	747402
RAIL	477	547	6	136
FOLD	144	275	275	845211	845211	0	753081
RAIL	477	548	6	137
FOLD	145	277	277	851358	851358	0	759183
RAIL	38	986	6	138
FOLD	146	279	279	857505	857505	0	763259
RAIL	38	987	6	139
FOLD	147	281	281	863652	863652	0	767309
RAIL	476	548	6	140
FOLD	148	283	283	869799	869799	0	772144
RAIL	476	549	6	141
FOLD	149	285	285	875946	875946	0	776606
RAIL	39	985	6	142
FOLD	150	287	287	882093	882093	0	780526
RAIL	39	986	6	143
FOLD	151	289	289	888240	888240	0	784491
RAIL	475	549	6	144
FOLD	152	291	291	894387	894387	0	789174
RAIL	475	550	6	145
FOLD	153	293	293	900534	900534	0	793770
RAIL	40	984	6	146
FOLD	154	295	295	906681	906681	0	797934
RAIL	40	985	6	147
FOLD	155	297	297	912828	912828	0	801946
RAIL	474	550	6	148
FOLD	156	299	299	918975	918975	0	806694
RAIL	474	551	6	149
FOLD	157	301	301	925122	925122	0	811146
RAIL	41	983	6	150
FOLD	158	303	303	931269	931269	0	815167
RAIL	41	984	6	151
FOLD	159	305	305	937416	937416	0	819070
RAIL	473	551	6	152
FOLD	160	307	307	943563	943563	0	823767
RAIL	473	552	6	153
FOLD	161	309	309	949710	949710	0	828508
RAIL	42	982	6	154
FOLD	162	311	311	955857	955857	0	832787
RAIL	42	983	6	155
FOLD	163	313	313	962004	962004	0	836930
RAIL	472	552	6	156
FOLD	164	315	315	968151	968151	0	843219
RAIL	472	553	6	157
FOLD	165	317	317	974298	974298	0	848091
RAIL	43	981	6	158
FOLD	166	319	319	980445	980445	0	852353
RAIL	43	982	6	159
FOLD	167	321	321	986592	986592	0	868186
RAIL	471	553	6	160
FOLD	168	323	323	992739	992739	0	884342
RAIL	471	554	6	161
FOLD	169	325	325	998886	998886	0	905530
RAIL	44	980	6	162
FOLD	170	327	327	1005033	1005033	0	918660
RAIL	44	981	6	163
FOLD	171	329	329	1011180	1011180	0	923833
RAIL	470	554	6	164
FOLD	172	331	331	1017327	1017327	0	930206
RAIL	470	555	6	165
FOLD	173	333	333	1023474	1023474	0	938262
RAIL	45	979	6	166
FOLD	174	335	335	1029621	1029621	0	945124
RAIL	45	980	6	167
FOLD	175	337	337	1035768	1035768	0	950595
RAIL	469	555	6	168
FOLD	176	339	339	1041915	1041915	0	955229
RAIL	469	556	6	169
FOLD	177	341	341	1048062	1048062	0	959799
RAIL	46	978	6	170
FOLD	178	343	343	1054209	1054209	0	963792
RAIL	46	979	6	171
FOLD	179	345	345	1060356	1060356	0	967688
RAIL	468	556	6	172
FOLD	180	347	347	1066503	1066503	0	972459
RAIL	468	557	6	173
FOLD	181	349	349	1072650	1072650	0	977040
RAIL	47	977	6	174
FOLD	182	351	351	1078797	1078797	0	981184
RAIL	47	978	6	175
FOLD	183	353	353	1084944	1084944	0	985205
RAIL	467	557	6	176
FOLD	184	355	355	1091091	1091091	0	989637
RAIL	467	558	6	177
FOLD	185	357	357	1097238	1097238	0	994286
RAIL	48	976	6	178
FOLD	186	359	359	1103385	1103385	0	998329
RAIL	48	977	6	179
FOLD	187	361	361	1109532	1109532	0	1002256
RAIL	466	558	6	180
FOLD	188	363	363	1115679	1115679	0	1006672
RAIL	466	559	6	181
FOLD	189	365	365	1121826	1121826	0	1014236
RAIL	49	975	6	182
FOLD	190	367	367	1127973	1127973	0	1021231
RAIL	49	976	6	183
FOLD	191	369	369	1134120	1134120	0	1028150
RAIL	465	559	6	184
FOLD	192	371	371	1140267	1140267	0	1037898
RAIL	465	560	6	185
FOLD	193	373	373	1146414	1146414	0	1046078
RAIL	50	974	6	186
FOLD	194	375	375	1152561	1152561	0	1052674
RAIL	50	975	6	187
FOLD	195	377	377	1158708	1158708	0	1067170
RAIL	464	560	6	188
FOLD	196	379	379	1164855	1164855	0	1082841
RAIL	464	561	6	189
FOLD	197	381	381	1171002	1171002	0	1098441
RAIL	51	973	6	190
FOLD	198	383	383	1177149	1177149	0	1110823
RAIL	51	974	6	191
FOLD	199	385	385	1183296	1183296	0	1118790
RAIL	463	561	6	192
FOLD	200	387	387	1189443	1189443	0	1128084
RAIL	463	562	6	193
FOLD	201	389	389	1195590	1195590	0	1137736
RAIL	52	972	6	194
FOLD	202	391	391	1201737	1201737	0	1144276
RAIL	52	973	6	195
FOLD	203	393	393	1207884	1207884	0	1151388
RAIL	462	562	6	196
FOLD	204	395	395	1214031	1214031	0	1158293
RAIL	462	563	6	197
FOLD	205	397	397	1220178	1220178	0	1162795
RAIL	53	971	6	198
FOLD	206	399	399	1226325	1226325	0	1166626
RAIL	53	972	6	199
FOLD	207	401	401	1232472	1232472	0	1170292
RAIL	461	563	6	200
FOLD	208	403	403	1238619	1238619	0	1174731
RAIL	461	564	6	201
FOLD	209	405	405	1244766	1244766	0	1180126
RAIL	54	970	6	202
FOLD	210	407	407	1250913	1250913	0	1183987
RAIL	54	971	6	203
FOLD	211	409	409	1257060	1257060	0	1187801
RAIL	460	564	6	204
FOLD	212	411	411	1263207	1263207	0	1192268
RAIL	460	565	6	205
FOLD	213	413	413	1269354	1269354	0	1197027
RAIL	55	969	6	206
FOLD	214	415	415	1275501	1275501	0	1200662
RAIL	55	970	6	207
FOLD	215	417	417	1281648	1281648	0	1204535
RAIL	459	565	6	208
FOLD	216	419	419	1287795	1287795	0	1209058
RAIL	459	566	6	209
FOLD	217	421	421	1293942	1293942	0	1213409
RAIL	56	968	6	210
FOLD	218	423	423	1300089	1300089	0	1217283
RAIL	56	969	6	211
FOLD	219	425	425	1306236	1306236	0	1221080
RAIL	458	566	6	212
FOLD	220	427	427	1312383	1312383	0	1226586
RAIL	458	567	6	213
FOLD	221	429	429	1318530	1318530	0	1231333
RAIL	57	967	6	214
FOLD	222	431	431	1324677	1324677	0	1238129
RAIL	57	968	6	215
FOLD	223	433	433	1330824	1330824	0	1256213
RAIL	457	567	6	216
FOLD	224	435	435	1336971	1336971	0	1272639
RAIL	457	568	6	217
FOLD	225	437	437	1343118	1343118	0	1288258
RAIL	58	966	6	218
FOLD	226	439	439	1349265	1349265	0	1307670
RAIL	58	967	6	219
FOLD	227	441	441	1355412	1355412	0	1316334
RAIL	456	568	6	220
FOLD	228	443	443	1361559	1361559	0	1326485
RAIL	456	569	6	221
FOLD	229	445	445	1367706	1367706	0	1335898
RAIL	59	965	6	222
FOLD	230	447	447	1373853	1373853	0	1342911
RAIL	59	966	6	223
FOLD	231	449	449	1380000	1380000	0	1349349
RAIL	455	569	6	224
FOLD	232	451	451	1386147	1386147	0	1353800
RAIL	455	570	6	225
FOLD	233	453	453	1392294	1392294	0	1358271
RAIL	60	964	6	226
FOLD	234	455	455	1398441	1398441	0	1362003
RAIL	60	965	6	227
FOLD	235	457	457	1404588	1404588	0	1366407
RAIL	454	570	6	228
FOLD	236	459	459	1410735	1410735	0	1370872
RAIL	454	571	6	229
FOLD	237	461	461	1416882	1416882	0	1375344
RAIL	61	963	6	230
FOLD	238	463	463	1423029	1423029	0	1379270
RAIL	61	964	6	231
FOLD	239	465	465	1429176	1429176	0	1383040
RAIL	453	571	6	232
FOLD	240	467	467	1435323	1435323	0	1387542
RAIL	453	572	6	233
FOLD	241	469	469	1441470	1441470	0	1391949
RAIL	62	962	6	234
FOLD	242	471	471	1447617	1447617	0	1395844
RAIL	62	963	6	235
FOLD	243	473	473	1453764	1453764	0	1400509
RAIL	452	572	6	236
FOLD	244	475	475	1459911	1459911	0	1406070
RAIL	452	573	6	237
FOLD	245	477	477	1466058	1466058	0	1410627
RAIL	63	961	6	238
FOLD	246	479	479	1472205	1472205	0	1414721
RAIL	63	962	6	239
FOLD	247	481	481	1478352	1478352	0	1418685
RAIL	451	573	6	240
FOLD	248	483	483	1484499	1484499	0	1423131
RAIL	451	574	6	241
FOLD	249	485	485	1490646	1490646	0	1427614
RAIL	64	960	6	242
FOLD	250	487	487	1496793	1496793	0	1431612
RAIL	64	961	6	243
FOLD	251	489	489	1502940	1502940	0	1435708
RAIL	450	574	6	244
FOLD	252	491	491	1509087	1509087	0	1440265
RAIL	450	575	6	245
FOLD	253	493	493	1515234	1515234	0	1444854
RAIL	65	959	6	246
FOLD	254	495	495	1521381	1521381	0	1449729
RAIL	65	960	6	247
FOLD	255	497	497	1527528	1527528	0	1453747
RAIL	449	575	6	248
FOLD	256	499	499	1533675	1533675	0	1458352
RAIL	449	576	6	249
FOLD	257	501	501	1539822	1539822	0	1462783
RAIL	66	958	6	250
FOLD	258	503	503	1545969	1545969	0	1467249
RAIL	66	959	6	251
FOLD	259	505	505	1552116	1552116	0	1474291
RAIL	448	576	6	252
FOLD	260	507	507	1558263	1558263	0	1482419
RAIL	448	577	6	253
FOLD	261	509	509	1564410	1564410	0	1490407
RAIL	67	957	6	254
FOLD	262	511	511	1570557	1570557	0	1496473
RAIL	67	958	6	255
FOLD	263	513	513	1576704	1576704	0	1500567
RAIL	447	577	6	256
FOLD	264	515	515	1582851	1582851	0	1505011
RAIL	447	578	6	257
FOLD	265	517	517	1588998	1588998	0	1509424
RAIL	68	956	6	258
FOLD	266	519	519	1595145	1595145	0	1528443
RAIL	68	957	6	259
FOLD	267	521	521	1601292	1601292	0	1532108
RAIL	446	578	6	260
FOLD	268	523	523	1607439	1607439	0	1536407
RAIL	446	579	6	261
FOLD	269	525	525	1613586	1613586	0	1540999
RAIL	69	955	6	262
FOLD	270	527	527	1619733	1619733	0	1545258
RAIL	69	956	6	263
FOLD	271	529	529	1625880	1625880	0	1549301
RAIL	445	579	6	264
FOLD	272	531	531	1632027	1632027	0	1553631
RAIL	445	580	6	265
FOLD	273	533	533	1638174	1638174	0	1558259
RAIL	70	954	6	266
FOLD	274	535	535	1644321	1644321	0	1562143
RAIL	70	955	6	267
FOLD	275	537	537	1650468	1650468	0	1566988
RAIL	444	580	6	268
FOLD	276	539	539	1656615	1656615	0	1572731
RAIL	444	581	6	269
FOLD	277	541	541	1662762	1662762	0	1576987
RAIL	71	953	6	270
FOLD	278	543	543	1668909	1668909	0	1580823
RAIL	71	954	6	271
FOLD	279	545	545	1675056	1675056	0	1584986
RAIL	443	581	6	272
FOLD	280	547	547	1681203	1681203	0	1589450
RAIL	443	582	6	273
FOLD	281	549	549	1687350	1687350	0	1594129
RAIL	72	952	6	274
FOLD	282	551	551	1693497	1693497	0	1597881
RAIL	72	953	6	275
FOLD	283	553	553	1699644	1699644	0	1601713
RAIL	442	582	6	276
FOLD	284	555	555	1705791	1705791	0	1606193
RAIL	442	583	6	277
FOLD	285	557	557	1711938	1711938	0	1610650
RAIL	73	951	6	278
FOLD	286	559	559	1718085	1718085	0	1614739
RAIL	73	952	6	279
FOLD	287	561	561	1724232	1724232	0	1618853
RAIL	441	583	6	280
FOLD	288	563	563	1730379	1730379	0	1623519
RAIL	441	584	6	281
FOLD	289	565	565	1736526	1736526	0	1628314
RAIL	74	950	6	282
FOLD	290	567	567	1742673	1742673	0	1632282
RAIL	74	951	6	283
FOLD	291	569	569	1748820	1748820	0	1636225
RAIL	440	584	6	284
FOLD	292	571	571	1754967	1754967	0	1641630
RAIL	440	585	6	285
FOLD	293	573	573	1761114	1761114	0	1646152
RAIL	75	949	6	286
FOLD	294	575	575	1767261	1767261	0	1650012
RAIL	75	950	6	287
FOLD	295	577	577	1773408	1773408	0	1653781
RAIL	439	585	6	288
FOLD	296	579	579	1779555	1779555	0	1658674
RAIL	439	586	6	289
FOLD	297	581	581	1785702	1785702	0	1663231
RAIL	76	948	6	290
FOLD	298	583	583	1791849	1791849	0	1667259
RAIL	76	949	6	291
FOLD	299	585	585	1797996	1797996	0	1671193
RAIL	438	586	6	292
FOLD	300	587	587	1804143	1804143	0	1675962
RAIL	438	587	6	293
FOLD	301	589	589	1810290	1810290	0	1680338
RAIL	77	947	6	294
FOLD	302	591	591	1816437	1816437	0	1684358
RAIL	77	948	6	295
FOLD	303	593	593	1822584	1822584	0	1689228
RAIL	437	587	6	296
FOLD	304	595	595	1828731	1828731	0	1697633
RAIL	437	588	6	297
FOLD	305	597	597	1834878	1834878	0	1704163
RAIL	78	946	6	298
FOLD	306	599	599	1841025	1841025	0	1707985
RAIL	78	947	6	299
FOLD	307	601	601	1847172	1847172	0	1712087
RAIL	436	588	6	300
FOLD	308	603	603	1853319	1853319	0	1716614
RAIL	436	589	6	301
FOLD	309	605	605	1859466	1859466	0	1721465
RAIL	79	945	6	302
FOLD	310	607	607	1865613	1865613	0	1725520
RAIL	79	946	6	303
FOLD	311	609	609	1871760	1871760	0	1729258
RAIL	435	589	6	304
FOLD	312	611	611	1877907	1877907	0	1733719
RAIL	435	590	6	305
FOLD	313	613	613	1884054	1884054	0	1738906
RAIL	80	944	6	306
FOLD	314	615	615	1890201	1890201	0	1742910
RAIL	80	945	6	307
FOLD	315	617	617	1896348	1896348	0	1747019
RAIL	434	590	6	308
FOLD	316	619	619	1902495	1902495	0	1751547
RAIL	434	591	6	309
FOLD	317	621	621	1908642	1908642	0	1756268
RAIL	81	943	6	310
FOLD	318	623	623	1914789	1914789	0	1760126
RAIL	81	944	6	311
FOLD	319	625	625	1920936	1920936	0	1764420
RAIL	433	591	6	312
FOLD	320	627	627	1927083	1927083	0	1768894
RAIL	433	592	6	313
FOLD	321	629	629	1933230	1933230	0	1773290
RAIL	82	942	6	314
FOLD	322	631	631	1939377	1939377	0	1777135
RAIL	82	943	6	315
FOLD	323	633	633	1945524	1945524	0	1781268
RAIL	432	592	6	316
FOLD	324	635	635	1951671	1951671	0	1785784
RAIL	432	593	6	317
FOLD	325	637	637	1957818	1957818	0	1790426
RAIL	83	941	6	318
FOLD	326	639	639	1963965	1963965	0	1794431
RAIL	83	942	6	319
FOLD	327	641	641	1970112	1970112	0	1798320
RAIL	431	593	6	320
FOLD	328	643	643	1976259	1976259	0	1802919
RAIL	431	594	6	321
FOLD	329	645	645	1982406	1982406	0	1807655
RAIL	84	940	6	322
FOLD	330	647	647	1988553	1988553	0	1811778
RAIL	84	941	6	323
FOLD	331	649	649	1994700	1994700	0	1815867
RAIL	430	594	6	324
FOLD	332	651	651	2000847	2000847	0	1821013
RAIL	430	595	6	325
FOLD	333	653	653	2006994	2006994	0	1829272
RAIL	85	939	6	326
FOLD	334	655	655	2013141	2013141	0	1835688
RAIL	85	940	6	327
FOLD	335	657	657	2019288	2019288	0	1839521
RAIL	429	595	6	328
FOLD	336	659	659	2025435	2025435	0	1844126
RAIL	429	596	6	329
FOLD	337	661	661	2031582	2031582	0	1848605
RAIL	86	938	6	330
FOLD	338	663	663	2037729	2037729	0	1852804
RAIL	86	939	6	331
FOLD	339	665	665	2043876	2043876	0	1856953
RAIL	428	596	6	332
FOLD	340	667	667	2050023	2050023	0	1861428
RAIL	428	597	6	333
FOLD	341	669	669	2056170	2056170	0	1866084
RAIL	87	937	6	334
FOLD	342	671	671	2062317	2062317	0	1870063
RAIL	87	938	6	335
FOLD	343	673	673	2068464	2068464	0	1873895
RAIL	427	597	6	336
FOLD	344	675	675	2074611	2074611	0	1878567
RAIL	427	598	6	337
FOLD	345	677	677	2080758	2080758	0	1883819
RAIL	88	936	6	338
FOLD	346	679	679	2086905	2086905	0	1887866
RAIL	88	937	6	339
FOLD	347	681	681	2093052	2093052	0	1892017
RAIL	426	598	6	340
FOLD	348	683	683	2099199	2099199	0	1897327
RAIL	426	599	6	341
FOLD	349	685	685	2105346	2105346	0	1901936
RAIL	89	935	6	342
FOLD	350	687	687	2111493	2111493	0	1905869
RAIL	89	936	6	343
FOLD	351	689	689	2117640	2117640	0	1909892
RAIL	425	599	6	344
FOLD	352	691	691	2123787	2123787	0	1914560
RAIL	425	600	6	345
FOLD	353	693	693	2129934	2129934	0	1919160
RAIL	90	934	6	346
FOLD	354	695	695	2136081	2136081	0	1923182
RAIL	90	935	6	347
FOLD	355	697	697	2142228	2142228	0	1930155
RAIL	424	600	6	348
FOLD	356	699	699	2148375	2148375	0	1938318
RAIL	424	601	6	349
FOLD	357	701	701	2154522	2154522	0	1946356
RAIL	91	933	6	350
FOLD	358	703	703	2160669	2160669	0	1953577
RAIL	91	934	6	351
FOLD	359	705	705	2166816	2166816	0	1960710
RAIL	423	601	6	352
FOLD	360	707	707	2172963	2172963	0	1968492
RAIL	423	602	6	353
FOLD	361	709	709	2179110	2179110	0	1973176
RAIL	92	932	6	354
FOLD	362	711	711	2185257	2185257	0	1977290
RAIL	92	933	6	355
FOLD	363	713	713	2191404	2191404	0	1981119
RAIL	422	602	6	356
FOLD	364	715	715	2197551	2197551	0	1985835
RAIL	422	603	6	357
FOLD	365	717	717	2203698	2203698	0	1990535
RAIL	93	931	6	358
FOLD	366	719	719	2209845	2209845	0	1994804
RAIL	93	932	6	359
FOLD	367	721	721	2215992	2215992	0	1998697
RAIL	421	603	6	360
FOLD	368	723	723	2222139	2222139	0	2003228
RAIL	421	604	6	361
FOLD	369	725	725	2228286	2228286	0	2007858
RAIL	94	930	6	362
FOLD	370	727	727	2234433	2234433	0	2011752
RAIL	94	931	6	363
FOLD	371	729	729	2240580	2240580	0	2018292
RAIL	420	604	6	364
FOLD	372	731	731	2246727	2246727	0	2026380
RAIL	420	605	6	365
FOLD	373	733	733	2252874	2252874	0	2034485
RAIL	95	929	6	366
FOLD	374	735	735	2259021	2259021	0	2041596
RAIL	95	930	6	367
FOLD	375	737	737	2265168	2265168	0	2046941
RAIL	419	605	6	368
FOLD	376	739	739	2271315	2271315	0	2051400
RAIL	419	606	6	369
FOLD	377	741	741	2277462	2277462	0	2055965
RAIL	96	928	6	370
FOLD	378	743	743	2283609	2283609	0	2060153
RAIL	96	929	6	371
FOLD	379	745	745	2289756	2289756	0	2064319
RAIL	418	606	6	372
FOLD	380	747	747	2295903	2295903	0	2068939
RAIL	418	607	6	373
FOLD	381	749	749	2302050	2302050	0	2074369
RAIL	97	927	6	374
FOLD	382	751	751	2308197	2308197	0	2078627
RAIL	97	928	6	375
FOLD	383	753	753	2314344	2314344	0	2082520
RAIL	417	607	6	376
FOLD	384	755	755	2320491	2320491	0	2087524
RAIL	417	608	6	377
FOLD	385	757	757	2326638	2326638	0	2092763
RAIL	98	926	6	378
FOLD	386	759	759	2332785	2332785	0	2097171
RAIL	98	927	6	379
FOLD	387	761	761	2338932	2338932	0	2101032
RAIL	416	608	6	380
FOLD	388	763	763	2345079	2345079	0	2105713
RAIL	416	609	6	381
FOLD	389	765	765	2351226	2351226	0	2110398
RAIL	99	925	6	382
FOLD	390	767	767	2357373	2357373	0	2114481
RAIL	99	926	6	383
FOLD	391	769	769	2363520	2363520	0	2118485
RAIL	415	609	6	384
FOLD	392	771	771	2369667	2369667	0	2123008
RAIL	415	610	6	385
FOLD	393	773	773	2375814	2375814	0	2127659
RAIL	100	924	6	386
FOLD	394	775	775	2381961	2381961	0	2131879
RAIL	100	925	6	387
FOLD	395	777	777	2388108	2388108	0	2135955
RAIL	414	610	6	388
FOLD	396	779	779	2394255	2394255	0	2140583
RAIL	414	611	6	389
FOLD	397	781	781	2400402	2400402	0	2144969
RAIL	101	923	6	390
FOLD	398	783	783	2406549	2406549	0	2149107
RAIL	101	924	6	391
FOLD	399	785	785	2412696	2412696	0	2153086
RAIL	413	611	6	392
FOLD	400	787	787	2418843	2418843	0	2157556
RAIL	413	612	6	393
FOLD	401	789	789	2424990	2424990	0	2162145
RAIL	102	922	6	394
FOLD	402	791	791	2431137	2431137	0	2166074
RAIL	102	923	6	395
FOLD	403	793	793	2437284	2437284	0	2169756
RAIL	412	612	6	396
FOLD	404	795	795	2443431	2443431	0	2174182
RAIL	412	613	6	397
FOLD	405	797	797	2449578	2449578	0	2178678
RAIL	103	921	6	398
FOLD	406	799	799	2455725	2455725	0	2182616
RAIL	103	922	6	399
FOLD	407	801	801	2461872	2461872	0	2186654
RAIL	411	613	6	400
FOLD	408	803	803	2468019	2468019	0	2190988
RAIL	411	614	6	401
FOLD	409	805	805	2474166	2474166	0	2195685
RAIL	104	920	6	402
FOLD	410	807	807	2480313	2480313	0	2199544
RAIL	104	921	6	403
FOLD	411	809	809	2486460	2486460	0	2203518
RAIL	410	614	6	404
FOLD	412	811	811	2492607	2492607	0	2207884
RAIL	410	615	6	405
FOLD	413	813	813	2498754	2498754	0	2212316
RAIL	105	919	6	406
FOLD	414	815	815	2504901	2504901	0	2216570
RAIL	105	920	6	407
FOLD	415	817	817	2511048	2511048	0	2220338
RAIL	409	615	6	408
FOLD	416	819	819	2517195	2517195	0	2224595
RAIL	409	616	6	409
FOLD	417	821	821	2523342	2523342	0	2228883
RAIL	106	918	6	410
FOLD	418	823	823	2529489	2529489	0	2232695
RAIL	106	919	6	411
FOLD	419	825	825	2535636	2535636	0	2236471
RAIL	408	616	6	412
FOLD	420	827	827	2541783	2541783	0	2241017
RAIL	408	617	6	413
FOLD	421	829	829	2547930	2547930	0	2245210
RAIL	107	917	6	414
FOLD	422	831	831	2554077	2554077	0	2249198
RAIL	107	918	6	415
FOLD	423	833	833	2560224	2560224	0	2253080
RAIL	407	617	6	416
FOLD	424	835	835	2566371	2566371	0	2257496
RAIL	407	618	6	417
FOLD	425	837	837	2572518	2572518	0	2261877
RAIL	108	916	6	418
FOLD	426	839	839	2578665	2578665	0	2267781
RAIL	108	917	6	419
FOLD	427	841	841	2584812	2584812	0	2271779
RAIL	406	618	6	420
FOLD	428	843	843	2590959	2590959	0	2276157
RAIL	406	619	6	421
FOLD	429	845	845	2597106	2597106	0	2281293
RAIL	109	915	6	422
FOLD	430	847	847	2603253	2603253	0	2285326
RAIL	109	916	6	423
FOLD	431	849	849	2609400	2609400	0	2289379
RAIL	405	619	6	424
FOLD	432	851	851	2615547	2615547	0	2293660
RAIL	405	620	6	425
FOLD	433	853	853	2621694	2621694	0	2298365
RAIL	110	914	6	426
FOLD	434	855	855	2627841	2627841	0	2302306
RAIL	110	915	6	427
FOLD	435	857	857	2633988	2633988	0	2306270
RAIL	404	620	6	428
FOLD	436	859	859	2640135	2640135	0	2310574
RAIL	404	621	6	429
FOLD	437	861	861	2646282	2646282	0	2314906
RAIL	111	913	6	430
FOLD	438	863	863	2652429	2652429	0	2319017
RAIL	111	914	6	431
FOLD	439	865	865	2658576	2658576	0	2322897
RAIL	403	621	6	432
FOLD	440	867	867	2664723	2664723	0	2328057
RAIL	403	622	6	433
FOLD	441	869	869	2670870	2670870	0	2332553
RAIL	112	912	6	434
FOLD	442	871	871	2677017	2677017	0	2336469
RAIL	112	913	6	435
FOLD	443	873	873	2683164	2683164	0	2340588
RAIL	402	622	6	436
FOLD	444	875	875	2689311	2689311	0	2345492
RAIL	402	623	6	437
FOLD	445	877	877	2695458	2695458	0	2350127
RAIL	113	911	6	438
FOLD	446	879	879	2701605	2701605	0	2354534
RAIL	113	912	6	439
FOLD	447	881	881	2707752	2707752	0	2358655
RAIL	401	623	6	440
FOLD	448	883	883	2713899	2713899	0	2363074
RAIL	401	624	6	441
FOLD	449	885	885	2720046	2720046	0	2367524
RAIL	114	910	6	442
FOLD	450	887	887	2726193	2726193	0	2371884
RAIL	114	911	6	443
FOLD	451	889	889	2732340	2732340	0	2376130
RAIL	400	624	6	444
FOLD	452	891	891	2738487	2738487	0	2380359
RAIL	400	625	6	445
FOLD	453	893	893	2744634	2744634	0	2384622
RAIL	115	909	6	446
FOLD	454	895	895	2750781	2750781	0	2388739
RAIL	115	910	6	447
FOLD	455	897	897	2756928	2756928	0	2392437
RAIL	399	625	6	448
FOLD	456	899	899	2763075	2763075	0	2396848
RAIL	399	626	6	449
FOLD	457	901	901	2769222	2769222	0	2401169
RAIL	116	908	6	450
FOLD	458	903	903	2775369	2775369	0	2405014
RAIL	116	909	6	451
FOLD	459	905	905	2781516	2781516	0	2408698
RAIL	398	626	6	452
FOLD	460	907	907	2787663	2787663	0	2413050
RAIL	398	627	6	453
FOLD	461	909	909	2793810	2793810	0	2417346
RAIL	117	907	6	454
FOLD	462	911	911	2799957	2799957	0	2421204
RAIL	117	908	6	455
FOLD	463	913	913	2806104	2806104	0	2425059
RAIL	397	627	6	456
FOLD	464	915	915	2812251	2812251	0	2429704
RAIL	397	628	6	457
FOLD	465	917	917	2818398	2818398	0	2434546
RAIL	118	906	6	458
FOLD	466	919	919	2824545	2824545	0	2439228
RAIL	118	907	6	459
FOLD	467	921	921	2830692	2830692	0	2444055
RAIL	396	628	6	460
FOLD	468	923	923	2836839	2836839	0	2448830
RAIL	396	629	6	461
FOLD	469	925	925	2842986	2842986	0	2453440
RAIL	119	905	6	462
FOLD	470	927	927	2849133	2849133	0	2457532
RAIL	119	906	6	463
FOLD	471	929	929	2855280	2855280	0	2463206
RAIL	395	629	6	464
FOLD	472	931	931	2861427	2861427	0	2472063
RAIL	395	630	6	465
FOLD	473	933	933	2867574	2867574	0	2477758
RAIL	120	904	6	466
FOLD	474	935	935	2873721	2873721	0	2481910
RAIL	120	905	6	467
FOLD	475	937	937	2879868	2879868	0	2486264
RAIL	394	630	6	468
FOLD	476	939	939	2886015	2886015	0	2490504
RAIL	394	631	6	469
FOLD	477	941	941	2892162	2892162	0	2494672
RAIL	121	903	6	470
FOLD	478	943	943	2898309	2898309	0	2498554
RAIL	121	904	6	471
FOLD	479	945	945	2904456	2904456	0	2502904
RAIL	393	631	6	472
FOLD	480	947	947	2910603	2910603	0	2507336
RAIL	393	632	6	473
FOLD	481	949	949	2916750	2916750	0	2511831
RAIL	122	902	6	474
FOLD	482	951	951	2922897	2922897	0	2515891
RAIL	122	903	6	475
FOLD	483	953	953	2929044	2929044	0	2520108
RAIL	392	632	6	476
FOLD	484	955	955	2935191	2935191	0	2524309
RAIL	392	633	6	477
FOLD	485	957	957	2941338	2941338	0	2528641
RAIL	123	901	6	478
FOLD	486	959	959	2947485	2947485	0	2532577
RAIL	123	902	6	479
FOLD	487	961	961	2953632	2953632	0	2537188
RAIL	391	633	6	480
FOLD	488	963	963	2959779	2959779	0	2541651
RAIL	391	634	6	481
FOLD	489	965	965	2965926	2965926	0	2546111
RAIL	124	900	6	482
FOLD	490	967	967	2972073	2972073	0	2550184
RAIL	124	901	6	483
FOLD	491	969	969	2978220	2978220	0	2554198
RAIL	390	634	6	484
FOLD	492	971	971	2984367	2984367	0	2558697
RAIL	390	635	6	485
FOLD	493	973	973	2990514	2990514	0	2563056
RAIL	125	899	6	486
FOLD	494	975	975	2996661	2996661	0	2567643
RAIL	125	900	6	487
FOLD	495	977	977	3002808	3002808	0	2571405
RAIL	389	635	6	488
FOLD	496	979	979	3008955	3008955	0	2575483
RAIL	389	636	6	489
FOLD	497	981	981	3015102	3015102	0	2580408
RAIL	126	898	6	490
FOLD	498	983	983	3021249	3021249	0	2587257
RAIL	126	899	6	491
FOLD	499	985	985	3027396	3027396	0	2594104
RAIL	388	636	6	492
FOLD	500	987	987	3033543	3033543	0	2601613
RAIL	388	637	6	493
FOLD	501	989	989	3039690	3039690	0	2608957
RAIL	127	897	6	494
FOLD	502	991	991	3045837	3045837	0	2615704
RAIL	127	898	6	495
FOLD	503	993	993	3051984	3051984	0	2622438
RAIL	387	637	6	496
FOLD	504	995	995	3058131	3058131	0	2627151
RAIL	387	638	6	497
FOLD	505	997	997	3064278	3064278	0	2631550
RAIL	128	896	6	498
FOLD	506	999	999	3070425	3070425	0	2635609
RAIL	128	897	6	499
FOLD	507	1001	1001	3076572	3076572	0	2639584
RAIL	386	638	6	500
FOLD	508	1003	1003	3082719	3082719	0	2643759
RAIL	386	639	6	501
FOLD	509	1005	1005	3088866	3088866	0	2648000
RAIL	129	895	6	502
FOLD	510	1007	1007	3095013	3095013	0	2651946
RAIL	129	896	6	503
FOLD	511	1009	1009	3101160	3101160	0	2655962
RAIL	385	639	6	504
FOLD	512	1011	1011	3107307	3107307	0	2660152
RAIL	385	640	6	505
FOLD	513	1013	1013	3113454	3113454	0	2664480
RAIL	130	894	6	506
FOLD	514	1015	1015	3119601	3119601	0	2668488
RAIL	130	895	6	507
FOLD	515	1017	1017	3125748	3125748	0	2672412
RAIL	384	640	6	508
FOLD	516	1019	1019	3131895	3131895	0	2676607
RAIL	384	641	6	509
FOLD	517	1021	1021	3138042	3138042	0	2680739
RAIL	131	893	6	510
FOLD	518	1023	1023	3144189	3144189	0	2684858
RAIL	131	894	6	511
FOLD	519	1025	1025	3150336	3150336	0	2688633
RAIL	383	641	6	512
FOLD	520	1027	1027	3156483	3156483	0	2692766
RAIL	383	642	6	513
FOLD	521	1029	1029	3162630	3162630	0	2697000
RAIL	132	892	6	514
FOLD	522	1031	1031	3168777	3168777	0	2701384
RAIL	132	893	6	515
FOLD	523	1033	1033	3174924	3174924	0	2705379
RAIL	382	642	6	516
FOLD	524	1035	1035	3181071	3181071	0	2709735
RAIL	382	643	6	517
FOLD	525	1037	1037	3187218	3187218	0	2714270
RAIL	133	891	6	518
FOLD	526	1039	1039	3193365	3193365	0	2718659
RAIL	133	892	6	519
FOLD	527	1041	1041	3199512	3199512	0	2722800
RAIL	381	643	6	520
FOLD	528	1043	1043	3205659	3205659	0	2727445
RAIL	381	644	6	521
FOLD	529	1045	1045	3211806	3211806	0	2731939
RAIL	134	890	6	522
FOLD	530	1047	1047	3217953	3217953	0	2736198
RAIL	134	891	6	523
FOLD	531	1049	1049	3224100	3224100	0	2740445
RAIL	380	644	6	524
FOLD	532	1051	1051	3230247	3230247	0	2744823
RAIL	380	645	6	525
FOLD	533	1053	1053	3236394	3236394	0	2749268
RAIL	135	889	6	526
FOLD	534	1055	1055	3242541	3242541	0	2753397
RAIL	135	890	6	527
FOLD	535	1057	1057	3248688	3248688	0	2759264
RAIL	379	645	6	528
FOLD	536	1059	1059	3254835	3254835	0	2767033
RAIL	379	646	6	529
FOLD	537	1061	1061	3260982	3260982	0	2775075
RAIL	136	888	6	530
FOLD	538	1063	1063	3267129	3267129	0	2782145
RAIL	136	889	6	531
FOLD	539	1065	1065	3273276	3273276	0	2789121
RAIL	378	646	6	532
FOLD	540	1067	1067	3279423	3279423	0	2796731
RAIL	378	647	6	533
FOLD	541	1069	1069	3285570	3285570	0	2804301
RAIL	137	887	6	534
FOLD	542	1071	1071	3291717	3291717	0	2811694
RAIL	137	888	6	535
FOLD	543	1073	1073	3297864	3297864	0	2818947
RAIL	377	647	6	536
FOLD	544	1075	1075	3304011	3304011	0	2826485
RAIL	377	648	6	537
FOLD	545	1077	1077	3310158	3310158	0	2834189
RAIL	138	886	6	538
FOLD	546	1079	1079	3316305	3316305	0	2841251
RAIL	138	887	6	539
FOLD	547	1081	1081	3322452	3322452	0	2846452
RAIL	376	648	6	540
FOLD	548	1083	1083	3328599	3328599	0	2850899
RAIL	376	649	6	541
FOLD	549	1085	1085	3334746	3334746	0	2855230
RAIL	139	885	6	542
FOLD	550	1087	1087	3340893	3340893	0	2860237
RAIL	139	886	6	543
FOLD	551	1089	1089	3347040	3347040	0	2867457
RAIL	375	649	6	544
FOLD	552	1091	1091	3353187	3353187	0	2875299
RAIL	375	650	6	545
FOLD	553	1093	1093	3359334	3359334	0	2882932
RAIL	140	884	6	546
FOLD	554	1095	1095	3365481	3365481	0	2890407
RAIL	140	885	6	547
FOLD	555	1097	1097	3371628	3371628	0	2897647
RAIL	374	650	6	548
FOLD	556	1099	1099	3377775	3377775	0	2905746
RAIL	374	651	6	549
FOLD	557	1101	1101	3383922	3383922	0	2913746
RAIL	141	883	6	550
FOLD	558	1103	1103	3390069	3390069	0	2919753
RAIL	141	884	6	551
FOLD	559	1105	1105	3396216	3396216	0	2923666
RAIL	373	651	6	552
FOLD	560	1107	1107	3402363	3402363	0	2928024
RAIL	373	652	6	553
FOLD	561	1109	1109	3408510	3408510	0	2932526
RAIL	142	882	6	554
FOLD	562	1111	1111	3414657	3414657	0	2937265
RAIL	142	883	6	555
FOLD	563	1113	1113	3420804	3420804	0	2941243
RAIL	372	652	6	556
FOLD	564	1115	1115	3426951	3426951	0	2945507
RAIL	372	653	6	557
FOLD	565	1117	1117	3433098	3433098	0	2949859
RAIL	143	881	6	558
FOLD	566	1119	1119	3439245	3439245	0	2954017
RAIL	143	882	6	559
FOLD	567	1121	1121	3445392	3445392	0	2957898
RAIL	371	653	6	560
FOLD	568	1123	1123	3451539	3451539	0	2962048
RAIL	371	654	6	561
FOLD	569	1125	1125	3457686	3457686	0	2966312
RAIL	144	880	6	562
FOLD	570	1127	1127	3463833	3463833	0	2970456
RAIL	144	881	6	563
FOLD	571	1129	1129	3469980	3469980	0	2974515
RAIL	370	654	6	564
FOLD	572	1131	1131	3476127	3476127	0	2978862
RAIL	370	655	6	565
FOLD	573	1133	1133	3482274	3482274	0	2983140
RAIL	145	879	6	566
FOLD	574	1135	1135	3488421	3488421	0	2987199
RAIL	145	880	6	567
FOLD	575	1137	1137	3494568	3494568	0	2991214
RAIL	369	655	6	568
FOLD	576	1139	1139	3500715	3500715	0	2995514
RAIL	369	656	6	569
FOLD	577	1141	1141	3506862	3506862	0	2999907
RAIL	146	878	6	570
FOLD	578	1143	1143	3513009	3513009	0	3004046
RAIL	146	879	6	571
FOLD	579	1145	1145	3519156	3519156	0	3010119
RAIL	368	656	6	572
FOLD	580	1147	1147	3525303	3525303	0	3017668
RAIL	368	657	6	573
FOLD	581	1149	1149	3531450	3531450	0	3023641
RAIL	147	877	6	574
FOLD	582	1151	1151	3537597	3537597	0	3027773
RAIL	147	878	6	575
FOLD	583	1153	1153	3543744	3543744	0	3031844
RAIL	367	657	6	576
FOLD	584	1155	1155	3549891	3549891	0	3036076
RAIL	367	658	6	577
FOLD	585	1157	1157	3556038	3556038	0	3040309
RAIL	148	876	6	578
FOLD	586	1159	1159	3562185	3562185	0	3044688
RAIL	148	877	6	579
FOLD	587	1161	1161	3568332	3568332	0	3048940
RAIL	366	658	6	580
FOLD	588	1163	1163	3574479	3574479	0	3055186
RAIL	366	659	6	581
FOLD	589	1165	1165	3580626	3580626	0	3062129
RAIL	149	875	6	582
FOLD	590	1167	1167	3586773	3586773	0	3067475
RAIL	149	876	6	583
FOLD	591	1169	1169	3592920	3592920	0	3071660
RAIL	365	659	6	584
FOLD	592	1171	1171	3599067	3599067	0	3076201
RAIL	365	660	6	585
FOLD	593	1173	1173	3605214	3605214	0	3080933
RAIL	150	874	6	586
FOLD	594	1175	1175	3611361	3611361	0	3084868
RAIL	150	875	6	587
FOLD	595	1177	1177	3617508	3617508	0	3088785
RAIL	364	660	6	588
FOLD	596	1179	1179	3623655	3623655	0	3093947
RAIL	364	661	6	589
FOLD	597	1181	1181	3629802	3629802	0	3098400
RAIL	151	873	6	590
FOLD	598	1183	1183	3635949	3635949	0	3102459
RAIL	151	874	6	591
FOLD	599	1185	1185	3642096	3642096	0	3106416
RAIL	363	661	6	592
FOLD	600	1187	1187	3648243	3648243	0	3110643
RAIL	363	662	6	593
FOLD	601	1189	1189	3654390	3654390	0	3114901
RAIL	152	872	6	594
FOLD	602	1191	1191	3660537	3660537	0	3119043
RAIL	152	873	6	595
FOLD	603	1193	1193	3666684	3666684	0	3123224
RAIL	362	662	6	596
FOLD	604	1195	1195	3672831	3672831	0	3127665
RAIL	362	663	6	597
FOLD	605	1197	1197	3678978	3678978	0	3132165
RAIL	153	871	6	598
FOLD	606	1199	1199	3685125	3685125	0	3136374
RAIL	153	872	6	599
FOLD	607	1201	1201	3691272	3691272	0	3140296
RAIL	361	663	6	600
FOLD	608	1203	1203	3697419	3697419	0	3144678
RAIL	361	664	6	601
FOLD	609	1205	1205	3703566	3703566	0	3148777
RAIL	154	870	6	602
FOLD	610	1207	1207	3709713	3709713	0	3152723
RAIL	154	871	6	603
FOLD	611	1209	1209	3715860	3715860	0	3156926
RAIL	360	664	6	604
FOLD	612	1211	1211	3722007	3722007	0	3161023
RAIL	360	665	6	605
FOLD	613	1213	1213	3728154	3728154	0	3165046
RAIL	155	869	6	606
FOLD	614	1215	1215	3734301	3734301	0	3168958
RAIL	155	870	6	607
FOLD	615	1217	1217	3740448	3740448	0	3172885
RAIL	359	665	6	608
FOLD	616	1219	1219	3746595	3746595	0	3177339
RAIL	359	666	6	609
FOLD	617	1221	1221	3752742	3752742	0	3181809
RAIL	156	868	6	610
FOLD	618	1223	1223	3758889	3758889	0	3186116
RAIL	156	869	6	611
FOLD	619	1225	1225	3765036	3765036	0	3190285
RAIL	358	666	6	612
FOLD	620	1227	1227	3771183	3771183	0	3194661
RAIL	358	667	6	613
FOLD	621	1229	1229	3777330	3777330	0	3198897
RAIL	157	867	6	614
FOLD	622	1231	1231	3783477	3783477	0	3206040
RAIL	157	868	6	615
FOLD	623	1233	1233	3789624	3789624	0	3213205
RAIL	357	667	6	616
FOLD	624	1235	1235	3795771	3795771	0	3217793
RAIL	357	668	6	617
FOLD	625	1237	1237	3801918	3801918	0	3221918
RAIL	158	866	6	618
FOLD	626	1239	1239	3808065	3808065	0	3225961
RAIL	158	867	6	619
FOLD	627	1241	1241	3814212	3814212	0	3229958
RAIL	356	668	6	620
FOLD	628	1243	1243	3820359	3820359	0	3234319
RAIL	356	669	6	621
FOLD	629	1245	1245	3826506	3826506	0	3238648
RAIL	159	865	6	622
FOLD	630	1247	1247	3832653	3832653	0	3242909
RAIL	159	866	6	623
FOLD	631	1249	1249	3838800	3838800	0	3246904
RAIL	355	669	6	624
FOLD	632	1251	1251	3844947	3844947	0	3251152
RAIL	355	670	6	625
FOLD	633	1253	1253	3851094	3851094	0	3255341
RAIL	160	864	6	626
FOLD	634	1255	1255	3857241	3857241	0	3259490
RAIL	160	865	6	627
FOLD	635	1257	1257	3863388	3863388	0	3263656
RAIL	354	670	6	628
FOLD	636	1259	1259	3869535	3869535	0	3267830
RAIL	354	671	6	629
FOLD	637	1261	1261	3875682	3875682	0	3272171
RAIL	161	863	6	630
FOLD	638	1263	1263	3881829	3881829	0	3276446
RAIL	161	864	6	631
FOLD	639	1265	1265	3887976	3887976	0	3280593
RAIL	353	671	6	632
FOLD	640	1267	1267	3894123	3894123	0	3284861
RAIL	353	672	6	633
FOLD	641	1269	1269	3900270	3900270	0	3288943
RAIL	162	862	6	634
FOLD	642	1271	1271	3906417	3906417	0	3292940
RAIL	162	863	6	635
FOLD	643	1273	1273	3912564	3912564	0	3296742
RAIL	352	672	6	636
FOLD	644	1275	1275	3918711	3918711	0	3300999
RAIL	352	673	6	637
FOLD	645	1277	1277	3924858	3924858	0	3305205
RAIL	163	861	6	638
FOLD	646	1279	1279	3931005	3931005	0	3309422
RAIL	163	862	6	639
FOLD	647	1281	1281	3937152	3937152	0	3313579
RAIL	351	673	6	640
FOLD	648	1283	1283	3943299	3943299	0	3317671
RAIL	351	674	6	641
FOLD	649	1285	1285	3949446	3949446	0	3321775
RAIL	164	860	6	642
FOLD	650	1287	1287	3955593	3955593	0	3325762
RAIL	164	861	6	643
FOLD	651	1289	1289	3961740	3961740	0	3329935
RAIL	350	674	6	644
FOLD	652	1291	1291	3967887	3967887	0	3334222
RAIL	350	675	6	645
FOLD	653	1293	1293	3974034	3974034	0	3338427
RAIL	165	859	6	646
FOLD	654	1295	1295	3980181	3980181	0	3342660
RAIL	165	860	6	647
FOLD	655	1297	1297	3986328	3986328	0	3346461
RAIL	349	675	6	648
FOLD	656	1299	1299	3992475	3992475	0	3350874
RAIL	349	676	6	649
FOLD	657	1301	1301	3998622	3998622	0	3355250
RAIL	166	858	6	650
FOLD	658	1303	1303	4004769	4004769	0	3359186
RAIL	166	859	6	651
FOLD	659	1305	1305	4010916	4010916	0	3363039
RAIL	348	676	6	652
FOLD	660	1307	1307	4017063	4017063	0	3367420
RAIL	348	677	6	653
FOLD	661	1309	1309	4023210	4023210	0	3371673
RAIL	167	857	6	654
FOLD	662	1311	1311	4029357	4029357	0	3375803
RAIL	167	858	6	655
FOLD	663	1313	1313	4035504	4035504	0	3381195
RAIL	347	677	6	656
FOLD	664	1315	1315	4041651	4041651	0	3388985
RAIL	347	678	6	657
FOLD	665	1317	1317	4047798	4047798	0	3396710
RAIL	168	856	6	658
FOLD	666	1319	1319	4053945	4053945	0	3404114
RAIL	168	857	6	659
FOLD	667	1321	1321	4060092	4060092	0	3410105
RAIL	346	678	6	660
FOLD	668	1323	1323	4066239	4066239	0	3414449
RAIL	346	679	6	661
FOLD	669	1325	1325	4072386	4072386	0	3418750
RAIL	169	855	6	662
FOLD	670	1327	1327	4078533	4078533	0	3422766
RAIL	169	856	6	663
FOLD	671	1329	1329	4084680	4084680	0	3426824
RAIL	345	679	6	664
FOLD	672	1331	1331	4090827	4090827	0	3431030
RAIL	345	680	6	665
FOLD	673	1333	1333	4096974	4096974	0	3435278
RAIL	170	854	6	666
FOLD	674	1335	1335	4103121	4103121	0	3439540
RAIL	170	855	6	667
FOLD	675	1337	1337	4109268	4109268	0	3443967
RAIL	344	680	6	668
FOLD	676	1339	1339	4115415	4115415	0	3448089
RAIL	344	681	6	669
FOLD	677	1341	1341	4121562	4121562	0	3452235
RAIL	171	853	6	670
FOLD	678	1343	1343	4127709	4127709	0	3456573
RAIL	171	854	6	671
FOLD	679	1345	1345	4133856	4133856	0	3460618
RAIL	343	681	6	672
FOLD	680	1347	1347	4140003	4140003	0	3464860
RAIL	343	682	6	673
FOLD	681	1349	1349	4146150	4146150	0	3469039
RAIL	172	852	6	674
FOLD	682	1351	1351	4152297	4152297	0	3473252
RAIL	172	853	6	675
FOLD	683	1353	1353	4158444	4158444	0	3477382
RAIL	342	682	6	676
FOLD	684	1355	1355	4164591	4164591	0	3481782
RAIL	342	683	6	677
FOLD	685	1357	1357	4170738	4170738	0	3486071
RAIL	173	851	6	678
FOLD	686	1359	1359	4176885	4176885	0	3490005
RAIL	173	852	6	679
FOLD	687	1361	1361	4183032	4183032	0	3494261
RAIL	341	683	6	680
FOLD	688	1363	1363	4189179	4189179	0	3498421
RAIL	341	684	6	681
FOLD	689	1365	1365	4195326	4195326	0	3502594
RAIL	174	850	6	682
FOLD	690	1367	1367	4201473	4201473	0	3506791
RAIL	174	851	6	683
FOLD	691	1369	1369	4207620	4207620	0	3511001
RAIL	340	684	6	684
FOLD	692	1371	1371	4213767	4213767	0	3515309
RAIL	340	685	6	685
FOLD	693	1373	1373	4219914	4219914	0	3519505
RAIL	175	849	6	686
FOLD	694	1375	1375	4226061	4226061	0	3523783
RAIL	175	850	6	687
FOLD	695	1377	1377	4232208	4232208	0	3528029
RAIL	339	685	6	688
FOLD	696	1379	1379	4238355	4238355	0	3532389
RAIL	339	686	6	689
FOLD	697	1381	1381	4244502	4244502	0	3536407
RAIL	176	848	6	690
FOLD	698	1383	1383	4250649	4250649	0	3540509
RAIL	176	849	6	691
FOLD	699	1385	1385	4256796	4256796	0	3544635
RAIL	338	686	6	692
FOLD	700	1387	1387	4262943	4262943	0	3548917
RAIL	338	687	6	693
FOLD	701	1389	1389	4269090	4269090	0	3553197
RAIL	177	847	6	694
FOLD	702	1391	1391	4275237	4275237	0	3557295
RAIL	177	848	6	695
FOLD	703	1393	1393	4281384	4281384	0	3561691
RAIL	337	687	6	696
FOLD	704	1395	1395	4287531	4287531	0	3565904
RAIL	337	688	6	697
FOLD	705	1397	1397	4293678	4293678	0	3570137
RAIL	178	846	6	698
FOLD	706	1399	1399	4299825	4299825	0	3574206
RAIL	178	847	6	699
FOLD	707	1401	1401	4305972	4305972	0	3578170
RAIL	336	688	6	700
FOLD	708	1403	1403	4312119	4312119	0	3582487
RAIL	336	689	6	701
FOLD	709	1405	1405	4318266	4318266	0	3586778
RAIL	179	845	6	702
FOLD	710	1407	1407	4324413	4324413	0	3591103
RAIL	179	846	6	703
FOLD	711	1409	1409	4330560	4330560	0	3595311
RAIL	335	689	6	704
FOLD	712	1411	1411	4336707	4336707	0	3599599
RAIL	335	690	6	705
FOLD	713	1413	1413	4342854	4342854	0	3604014
RAIL	180	844	6	706
FOLD	714	1415	1415	4349001	4349001	0	3608246
RAIL	180	845	6	707
FOLD	715	1417	1417	4355148	4355148	0	3612413
RAIL	334	690	6	708
FOLD	716	1419	1419	4361295	4361295	0	3616852
RAIL	334	691	6	709
FOLD	717	1421	1421	4367442	4367442	0	3621198
RAIL	181	843	6	710
FOLD	718	1423	1423	4373589	4373589	0	3625281
RAIL	181	844	6	711
FOLD	719	1425	1425	4379736	4379736	0	3629337
RAIL	333	691	6	712
FOLD	720	1427	1427	4385883	4385883	0	3633725
RAIL	333	692	6	713
FOLD	721	1429	1429	4392030	4392030	0	3638131
RAIL	182	842	6	714
FOLD	722	1431	1431	4398177	4398177	0	3642428
RAIL	182	843	6	715
FOLD	723	1433	1433	4404324	4404324	0	3646498
RAIL	332	692	6	716
FOLD	724	1435	1435	4410471	4410471	0	3650824
RAIL	332	693	6	717
FOLD	725	1437	1437	4416618	4416618	0	3655185
RAIL	183	841	6	718
FOLD	726	1439	1439	4422765	4422765	0	3659358
RAIL	183	842	6	719
FOLD	727	1441	1441	4428912	4428912	0	3663487
RAIL	331	693	6	720
FOLD	728	1443	1443	4435059	4435059	0	3667894
RAIL	331	694	6	721
FOLD	729	1445	1445	4441206	4441206	0	3672234
RAIL	184	840	6	722
FOLD	730	1447	1447	4447353	4447353	0	3676537
RAIL	184	841	6	723
FOLD	731	1449	1449	4453500	4453500	0	3680994
RAIL	330	694	6	724
FOLD	732	1451	1451	4459647	4459647	0	3685544
RAIL	330	695	6	725
FOLD	733	1453	1453	4465794	4465794	0	3689983
RAIL	185	839	6	726
FOLD	734	1455	1455	4471941	4471941	0	3694232
RAIL	185	840	6	727
FOLD	735	1457	1457	4478088	4478088	0	3698968
RAIL	329	695	6	728
FOLD	736	1459	1459	4484235	4484235	0	3703798
RAIL	329	696	6	729
FOLD	737	1461	1461	4490382	4490382	0	3707913
RAIL	186	838	6	730
FOLD	738	1463	1463	4496529	4496529	0	3712014
RAIL	186	839	6	731
FOLD	739	1465	1465	4502676	4502676	0	3716255
RAIL	328	696	6	732
FOLD	740	1467	1467	4508823	4508823	0	3720432
RAIL	328	697	6	733
FOLD	741	1469	1469	4514970	4514970	0	3724645
RAIL	187	837	6	734
FOLD	742	1471	1471	4521117	4521117	0	3729416
RAIL	187	838	6	735
FOLD	743	1473	1473	4527264	4527264	0	3733619
RAIL	327	697	6	736
FOLD	744	1475	1475	4533411	4533411	0	3737846
RAIL	327	698	6	737
FOLD	745	1477	1477	4539558	4539558	0	3742250
RAIL	188	836	6	738
FOLD	746	1479	1479	4545705	4545705	0	3746515
RAIL	188	837	6	739
FOLD	747	1481	1481	4551852	4551852	0	3750363
RAIL	326	698	6	740
FOLD	748	1483	1483	4557999	4557999	0	3754426
RAIL	326	699	6	741
FOLD	749	1485	1485	4564146	4564146	0	3761744
RAIL	189	835	6	742
FOLD	750	1487	1487	4570293	4570293	0	3769462
RAIL	189	836	6	743
FOLD	751	1489	1489	4576440	4576440	0	3773998
RAIL	325	699	6	744
FOLD	752	1491	1491	4582587	4582587	0	3778525
RAIL	325	700	6	745
FOLD	753	1493	1493	4588734	4588734	0	3782791
RAIL	190	834	6	746
FOLD	754	1495	1495	4594881	4594881	0	3786932
RAIL	190	835	6	747
FOLD	755	1497	1497	4601028	4601028	0	3790915
RAIL	324	700	6	748
FOLD	756	1499	1499	4607175	4607175	0	3795006
RAIL	324	701	6	749
FOLD	757	1501	1501	4613322	4613322	0	3799203
RAIL	191	833	6	750
FOLD	758	1503	1503	4619469	4619469	0	3803499
RAIL	191	834	6	751
FOLD	759	1505	1505	4625616	4625616	0	3807487
RAIL	323	701	6	752
FOLD	760	1507	1507	4631763	4631763	0	3811655
RAIL	323	702	6	753
FOLD	761	1509	1509	4637910	4637910	0	3815871
RAIL	192	832	6	754
FOLD	762	1511	1511	4644057	4644057	0	3820246
RAIL	192	833	6	755
FOLD	763	1513	1513	4650204	4650204	0	3824397
RAIL	322	702	6	756
FOLD	764	1515	1515	4656351	4656351	0	3828644
RAIL	322	703	6	757
FOLD	765	1517	1517	4662498	4662498	0	3832943
RAIL	193	831	6	758
FOLD	766	1519	1519	4668645	4668645	0	3837208
RAIL	193	832	6	759
FOLD	767	1521	1521	4674792	4674792	0	3841059
RAIL	321	703	6	760
FOLD	768	1523	1523	4680939	4680939	0	3845136
RAIL	321	704	6	761
FOLD	769	1525	1525	4687086	4687086	0	3849299
RAIL	194	830	6	762
FOLD	770	1527	1527	4693233	4693233	0	3853318
RAIL	194	831	6	763
FOLD	771	1529	1529	4699380	4699380	0	3857365
RAIL	320	704	6	764
FOLD	772	1531	1531	4705527	4705527	0	3861622
RAIL	320	705	6	765
FOLD	773	1533	1533	4711674	4711674	0	3866021
RAIL	195	829	6	766
FOLD	774	1535	1535	4717821	4717821	0	3870248
RAIL	195	830	6	767
FOLD	775	1537	1537	4723968	4723968	0	3874858
RAIL	319	705	6	768
FOLD	776	1539	1539	4730115	4730115	0	3879103
RAIL	319	706	6	769
FOLD	777	1541	1541	4736262	4736262	0	3883274
RAIL	196	828	6	770
FOLD	778	1543	1543	4742409	4742409	0	3887438
RAIL	196	829	6	771
FOLD	779	1545	1545	4748556	4748556	0	3892353
RAIL	318	706	6	772
FOLD	780	1547	1547	4754703	4754703	0	3896806
RAIL	318	707	6	773
FOLD	781	1549	1549	4760850	4760850	0	3901084
RAIL	197	827	6	774
FOLD	782	1551	1551	4766997	4766997	0	3905716
RAIL	197	828	6	775
FOLD	783	1553	1553	4773144	4773144	0	3909944
RAIL	317	707	6	776
FOLD	784	1555	1555	4779291	4779291	0	3914251
RAIL	317	708	6	777
FOLD	785	1557	1557	4785438	4785438	0	3918527
RAIL	198	826	6	778
FOLD	786	1559	1559	4791585	4791585	0	3922653
RAIL	198	827	6	779
FOLD	787	1561	1561	4797732	4797732	0	3926804
RAIL	316	708	6	780
FOLD	788	1563	1563	4803879	4803879	0	3931185
RAIL	316	709	6	781
FOLD	789	1565	1565	4810026	4810026	0	3935565
RAIL	199	825	6	782
FOLD	790	1567	1567	4816173	4816173	0	3939955
RAIL	199	826	6	783
FOLD	791	1569	1569	4822320	4822320	0	3944252
RAIL	315	709	6	784
FOLD	792	1571	1571	4828467	4828467	0	3948551
RAIL	315	710	6	785
FOLD	793	1573	1573	4834614	4834614	0	3952509
RAIL	200	824	6	786
FOLD	794	1575	1575	4840761	4840761	0	3956581
RAIL	200	825	6	787
FOLD	795	1577	1577	4846908	4846908	0	3961427
RAIL	314	710	6	788
FOLD	796	1579	1579	4853055	4853055	0	3965774
RAIL	314	711	6	789
FOLD	797	1581	1581	4859202	4859202	0	3969894
RAIL	201	823	6	790
FOLD	798	1583	1583	4865349	4865349	0	3974080
RAIL	201	824	6	791
FOLD	799	1585	1585	4871496	4871496	0	3977832
RAIL	313	711	6	792
FOLD	800	1587	1587	4877643	4877643	0	3981714
RAIL	313	712	6	793
FOLD	801	1589	1589	4883790	4883790	0	3985961
RAIL	202	822	6	794
FOLD	802	1591	1591	4889937	4889937	0	3989922
RAIL	202	823	6	795
FOLD	803	1593	1593	4896084	4896084	0	3993832
RAIL	312	712	6	796
FOLD	804	1595	1595	4902231	4902231	0	3998033
RAIL	312	713	6	797
FOLD	805	1597	1597	4908378	4908378	0	4003072
RAIL	203	821	6	798
FOLD	806	1599	1599	4914525	4914525	0	4007178
RAIL	203	822	6	799
FOLD	807	1601	1601	4920672	4920672	0	4011123
RAIL	311	713	6	800
FOLD	808	1603	1603	4926819	4926819	0	4015292
RAIL	311	714	6	801
FOLD	809	1605	1605	4932966	4932966	0	4019336
RAIL	204	820	6	802
FOLD	810	1607	1607	4939113	4939113	0	4023452
RAIL	204	821	6	803
FOLD	811	1609	1609	4945260	4945260	0	4027380
RAIL	310	714	6	804
FOLD	812	1611	1611	4951407	4951407	0	4034289
RAIL	310	715	6	805
FOLD	813	1613	1613	4957554	4957554	0	4041795
RAIL	205	819	6	806
FOLD	814	1615	1615	4963701	4963701	0	4049249
RAIL	205	820	6	807
FOLD	815	1617	1617	4969848	4969848	0	4056422
RAIL	309	715	6	808
FOLD	816	1619	1619	4975995	4975995	0	4063854
RAIL	309	716	6	809
FOLD	817	1621	1621	4982142	4982142	0	4071322
RAIL	206	818	6	810
FOLD	818	1623	1623	4988289	4988289	0	4076899
RAIL	206	819	6	811
FOLD	819	1625	1625	4994436	4994436	0	4081218
RAIL	308	716	6	812
FOLD	820	1627	1627	5000583	5000583	0	4085468
RAIL	308	717	6	813
FOLD	821	1629	1629	5006730	5006730	0	4089452
RAIL	207	817	6	814
FOLD	822	1631	1631	5012877	5012877	0	4093321
RAIL	207	818	6	815
FOLD	823	1633	1633	5019024	5019024	0	4097133
RAIL	307	717	6	816
FOLD	824	1635	1635	5025171	5025171	0	4101253
RAIL	307	718	6	817
FOLD	825	1637	1637	5031318	5031318	0	4105929
RAIL	208	816	6	818
FOLD	826	1639	1639	5037465	5037465	0	4113141
RAIL	208	817	6	819
FOLD	827	1641	1641	5043612	5043612	0	4120363
RAIL	306	718	6	820
FOLD	828	1643	1643	5049759	5049759	0	4127831
RAIL	306	719	6	821
FOLD	829	1645	1645	5055906	5055906	0	4135113
RAIL	209	815	6	822
FOLD	830	1647	1647	5062053	5062053	0	4142408
RAIL	209	816	6	823
FOLD	831	1649	1649	5068200	5068200	0	4149535
RAIL	305	719	6	824
FOLD	832	1651	1651	5074347	5074347	0	4154569
RAIL	305	720	6	825
FOLD	833	1653	1653	5080494	5080494	0	4158346
RAIL	210	814	6	826
FOLD	834	1655	1655	5086641	5086641	0	4162775
RAIL	210	815	6	827
FOLD	835	1657	1657	5092788	5092788	0	4168157
RAIL	304	720	6	828
FOLD	836	1659	1659	5098935	5098935	0	4175939
RAIL	304	721	6	829
FOLD	837	1661	1661	5105082	5105082	0	4181120
RAIL	211	813	6	830
FOLD	838	1663	1663	5111229	5111229	0	4184955
RAIL	211	814	6	831
FOLD	839	1665	1665	5117376	5117376	0	4188755
RAIL	303	721	6	832
FOLD	840	1667	1667	5123523	5123523	0	4193144
RAIL	303	722	6	833
FOLD	841	1669	1669	5129670	5129670	0	4197978
RAIL	212	812	6	834
FOLD	842	1671	1671	5135817	5135817	0	4201803
RAIL	212	813	6	835
FOLD	843	1673	1673	5141964	5141964	0	4205878
RAIL	302	722	6	836
FOLD	844	1675	1675	5148111	5148111	0	4210873
RAIL	302	723	6	837
FOLD	845	1677	1677	5154258	5154258	0	4215144
RAIL	213	811	6	838
FOLD	846	1679	1679	5160405	5160405	0	4219286
RAIL	213	812	6	839
FOLD	847	1681	1681	5166552	5166552	0	4223463
RAIL	301	723	6	840
FOLD	848	1683	1683	5172699	5172699	0	4227789
RAIL	301	724	6	841
FOLD	849	1685	1685	5178846	5178846	0	4232115
RAIL	214	810	6	842
FOLD	850	1687	1687	5184993	5184993	0	4236126
RAIL	214	811	6	843
FOLD	851	1689	1689	5191140	5191140	0	4240380
RAIL	300	724	6	844
FOLD	852	1691	1691	5197287	5197287	0	4245046
RAIL	300	725	6	845
FOLD	853	1693	1693	5203434	5203434	0	4249172
RAIL	215	809	6	846
FOLD	854	1695	1695	5209581	5209581	0	4253274
RAIL	215	810	6	847
FOLD	855	1697	1697	5215728	5215728	0	4259178
RAIL	299	725	6	848
FOLD	856	1699	1699	5221875	5221875	0	4266184
RAIL	299	726	6	849
FOLD	857	1701	1701	5228022	5228022	0	4272964
RAIL	216	808	6	850
FOLD	858	1703	1703	5234169	5234169	0	4279338
RAIL	216	809	6	851
FOLD	859	1705	1705	5240316	5240316	0	4286075
RAIL	298	726	6	852
FOLD	860	1707	1707	5246463	5246463	0	4292831
RAIL	298	727	6	853
FOLD	861	1709	1709	5252610	5252610	0	4299713
RAIL	217	807	6	854
FOLD	862	1711	1711	5258757	5258757	0	4304720
RAIL	217	808	6	855
FOLD	863	1713	1713	5264904	5264904	0	4308832
RAIL	297	727	6	856
FOLD	864	1715	1715	5271051	5271051	0	4312998
RAIL	297	728	6	857
FOLD	865	1717	1717	5277198	5277198	0	4317051
RAIL	218	806	6	858
FOLD	866	1719	1719	5283345	5283345	0	4321073
RAIL	218	807	6	859
FOLD	867	1721	1721	5289492	5289492	0	4325070
RAIL	296	728	6	860
FOLD	868	1723	1723	5295639	5295639	0	4329338
RAIL	296	729	6	861
FOLD	869	1725	1725	5301786	5301786	0	4333552
RAIL	219	805	6	862
FOLD	870	1727	1727	5307933	5307933	0	4337651
RAIL	219	806	6	863
FOLD	871	1729	1729	5314080	5314080	0	4341529
RAIL	295	729	6	864
FOLD	872	1731	1731	5320227	5320227	0	4345957
RAIL	295	730	6	865
FOLD	873	1733	1733	5326374	5326374	0	4350116
RAIL	220	804	6	866
FOLD	874	1735	1735	5332521	5332521	0	4354222
RAIL	220	805	6	867
FOLD	875	1737	1737	5338668	5338668	0	4358344
RAIL	294	730	6	868
FOLD	876	1739	1739	5344815	5344815	0	4362590
RAIL	294	731	6	869
FOLD	877	1741	1741	5350962	5350962	0	4366694
RAIL	221	803	6	870
FOLD	878	1743	1743	5357109	5357109	0	4370806
RAIL	221	804	6	871
FOLD	879	1745	1745	5363256	5363256	0	4374736
RAIL	293	731	6	872
FOLD	880	1747	1747	5369403	5369403	0	4378653
RAIL	293	732	6	873
FOLD	881	1749	1749	5375550	5375550	0	4382533
RAIL	222	802	6	874
FOLD	882	1751	1751	5381697	5381697	0	4386742
RAIL	222	803	6	875
FOLD	883	1753	1753	5387844	5387844	0	4390692
RAIL	292	732	6	876
FOLD	884	1755	1755	5393991	5393991	0	4394696
RAIL	292	733	6	877
FOLD	885	1757	1757	5400138	5400138	0	4398626
RAIL	223	801	6	878
FOLD	886	1759	1759	5406285	5406285	0	4402757
RAIL	223	802	6	879
FOLD	887	1761	1761	5412432	5412432	0	4406661
RAIL	291	733	6	880
FOLD	888	1763	1763	5418579	5418579	0	4410536
RAIL	291	734	6	881
FOLD	889	1765	1765	5424726	5424726	0	4414297
RAIL	224	800	6	882
FOLD	890	1767	1767	5430873	5430873	0	4418471
RAIL	224	801	6	883
FOLD	891	1769	1769	5437020	5437020	0	4422396
RAIL	290	734	6	884
FOLD	892	1771	1771	5443167	5443167	0	4426248
RAIL	290	735	6	885
FOLD	893	1773	1773	5449314	5449314	0	4430277
RAIL	225	799	6	886
FOLD	894	1775	1775	5455461	5455461	0	4434410
RAIL	225	800	6	887
FOLD	895	1777	1777	5461608	5461608	0	4438348
RAIL	289	735	6	888
FOLD	896	1779	1779	5467755	5467755	0	4442413
RAIL	289	736	6	889
FOLD	897	1781	1781	5473902	5473902	0	4446398
RAIL	226	798	6	890
FOLD	898	1783	1783	5480049	5480049	0	4453938
RAIL	226	799	6	891
FOLD	899	1785	1785	5486196	5486196	0	4459628
RAIL	288	736	6	892
FOLD	900	1787	1787	5492343	5492343	0	4463966
RAIL	288	737	6	893
FOLD	901	1789	1789	5498490	5498490	0	4468014
RAIL	227	797	6	894
FOLD	902	1791	1791	5504637	5504637	0	4472063
RAIL	227	798	6	895
FOLD	903	1793	1793	5510784	5510784	0	4476095
RAIL	287	737	6	896
FOLD	904	1795	1795	5516931	5516931	0	4480209
RAIL	287	738	6	897
FOLD	905	1797	1797	5523078	5523078	0	4484376
RAIL	228	796	6	898
FOLD	906	1799	1799	5529225	5529225	0	4488429
RAIL	228	797	6	899
FOLD	907	1801	1801	5535372	5535372	0	4492471
RAIL	286	738	6	900
FOLD	908	1803	1803	5541519	5541519	0	4500004
RAIL	286	739	6	901
FOLD	909	1805	1805	5547666	5547666	0	4507248
RAIL	229	795	6	902
FOLD	910	1807	1807	5553813	5553813	0	4511763
RAIL	229	796	6	903
FOLD	911	1809	1809	5559960	5559960	0	4516144
RAIL	285	739	6	904
FOLD	912	1811	1811	5566107	5566107	0	4520435
RAIL	285	740	6	905
FOLD	913	1813	1813	5572254	5572254	0	4524651
RAIL	230	794	6	906
FOLD	914	1815	1815	5578401	5578401	0	4529043
RAIL	230	795	6	907
FOLD	915	1817	1817	5584548	5584548	0	4533207
RAIL	284	740	6	908
FOLD	916	1819	1819	5590695	5590695	0	4537429
RAIL	284	741	6	909
FOLD	917	1821	1821	5596842	5596842	0	4541641
RAIL	231	793	6	910
FOLD	918	1823	1823	5602989	5602989	0	4545810
RAIL	231	794	6	911
FOLD	919	1825	1825	5609136	5609136	0	4550146
RAIL	283	741	6	912
FOLD	920	1827	1827	5615283	5615283	0	4554387
RAIL	283	742	6	913
FOLD	921	1829	1829	5621430	5621430	0	4558528
RAIL	232	792	6	914
FOLD	922	1831	1831	5627577	5627577	0	4562995
RAIL	232	793	6	915
FOLD	923	1833	1833	5633724	5633724	0	4567263
RAIL	282	742	6	916
FOLD	924	1835	1835	5639871	5639871	0	4572104
RAIL	282	743	6	917
FOLD	925	1837	1837	5646018	5646018	0	4576452
RAIL	233	791	6	918
FOLD	926	1839	1839	5652165	5652165	0	4580925
RAIL	233	792	6	919
FOLD	927	1841	1841	5658312	5658312	0	4585252
RAIL	281	743	6	920
FOLD	928	1843	1843	5664459	5664459	0	4589764
RAIL	281	744	6	921
FOLD	929	1845	1845	5670606	5670606	0	4593924
RAIL	234	790	6	922
FOLD	930	1847	1847	5676753	5676753	0	4597880
RAIL	234	791	6	923
FOLD	931	1849	1849	5682900	5682900	0	4602225
RAIL	280	744	6	924
FOLD	932	1851	1851	5689047	5689047	0	4606284
RAIL	280	745	6	925
FOLD	933	1853	1853	5695194	5695194	0	4610312
RAIL	235	789	6	926
FOLD	934	1855	1855	5701341	5701341	0	4615336
RAIL	235	790	6	927
FOLD	935	1857	1857	5707488	5707488	0	4619533
RAIL	279	745	6	928
FOLD	936	1859	1859	5713635	5713635	0	4624450
RAIL	279	746	6	929
FOLD	937	1861	1861	5719782	5719782	0	4628683
RAIL	236	788	6	930
FOLD	938	1863	1863	5725929	5725929	0	4632565
RAIL	236	789	6	931
FOLD	939	1865	1865	5732076	5732076	0	4636735
RAIL	278	746	6	932
FOLD	940	1867	1867	5738223	5738223	0	4640620
RAIL	278	747	6	933
FOLD	941	1869	1869	5744370	5744370	0	4644612
RAIL	237	787	6	934
FOLD	942	1871	1871	5750517	5750517	0	4648614
RAIL	237	788	6	935
FOLD	943	1873	1873	5756664	5756664	0	4652502
RAIL	277	747	6	936
FOLD	944	1875	1875	5762811	5762811	0	4656430
RAIL	277	748	6	937
FOLD	945	1877	1877	5768958	5768958	0	4660460
RAIL	238	786	6	938
FOLD	946	1879	1879	5775105	5775105	0	4664637
RAIL	238	787	6	939
FOLD	947	1881	1881	5781252	5781252	0	4668724
RAIL	276	748	6	940
FOLD	948	1883	1883	5787399	5787399	0	4673252
RAIL	276	749	6	941
FOLD	949	1885	1885	5793546	5793546	0	4677168
RAIL	239	785	6	942
FOLD	950	1887	1887	5799693	5799693	0	4681168
RAIL	239	786	6	943
FOLD	951	1889	1889	5805840	5805840	0	4685013
RAIL	275	749	6	944
FOLD	952	1891	1891	5811987	5811987	0	4690132
RAIL	275	750	6	945
FOLD	953	1893	1893	5818134	5818134	0	4694727
RAIL	240	784	6	946
FOLD	954	1895	1895	5824281	5824281	0	4699061
RAIL	240	785	6	947
FOLD	955	1897	1897	5830428	5830428	0	4704720
RAIL	274	750	6	948
FOLD	956	1899	1899	5836575	5836575	0	4712883
RAIL	274	751	6	949
FOLD	957	1901	1901	5842722	5842722	0	4720709
RAIL	241	783	6	950
FOLD	958	1903	1903	5848869	5848869	0	4728633
RAIL	241	784	6	951
FOLD	959	1905	1905	5855016	5855016	0	4736081
RAIL	273	751	6	952
FOLD	960	1907	1907	5861163	5861163	0	4743639
RAIL	273	752	6	953
FOLD	961	1909	1909	5867310	5867310	0	4751026
RAIL	242	782	6	954
FOLD	962	1911	1911	5873457	5873457	0	4758511
RAIL	242	783	6	955
FOLD	963	1913	1913	5879604	5879604	0	4765941
RAIL	272	752	6	956
FOLD	964	1915	1915	5885751	5885751	0	4773579
RAIL	272	753	6	957
FOLD	965	1917	1917	5891898	5891898	0	4779731
RAIL	243	781	6	958
FOLD	966	1919	1919	5898045	5898045	0	4783934
RAIL	243	782	6	959
FOLD	967	1921	1921	5904192	5904192	0	4788036
RAIL	271	753	6	960
FOLD	968	1923	1923	5910339	5910339	0	4792209
RAIL	271	754	6	961
FOLD	969	1925	1925	5916486	5916486	0	4796102
RAIL	244	780	6	962
FOLD	970	1927	1927	5922633	5922633	0	4800151
RAIL	244	781	6	963
FOLD	971	1929	1929	5928780	5928780	0	4803997
RAIL	270	754	6	964
FOLD	972	1931	1931	5934927	5934927	0	4807850
RAIL	270	755	6	965
FOLD	973	1933	1933	5941074	5941074	0	4811947
RAIL	245	779	6	966
FOLD	974	1935	1935	5947221	5947221	0	4815973
RAIL	245	780	6	967
FOLD	975	1937	1937	5953368	5953368	0	4820054
RAIL	269	755	6	968
FOLD	976	1939	1939	5959515	5959515	0	4824058
RAIL	269	756	6	969
FOLD	977	1941	1941	5965662	5965662	0	4828241
RAIL	246	778	6	970
FOLD	978	1943	1943	5971809	5971809	0	4833085
RAIL	246	779	6	971
FOLD	979	1945	1945	5977956	5977956	0	4837151
RAIL	268	756	6	972
FOLD	980	1947	1947	5984103	5984103	0	4841498
RAIL	268	757	6	973
FOLD	981	1949	1949	5990250	5990250	0	4845357
RAIL	247	777	6	974
FOLD	982	1951	1951	5996397	5996397	0	4849811
RAIL	247	778	6	975
FOLD	983	1953	1953	6002544	6002544	0	4854148
RAIL	267	757	6	976
FOLD	984	1955	1955	6008691	6008691	0	4858348
RAIL	267	758	6	977
FOLD	985	1957	1957	6014838	6014838	0	4862959
RAIL	248	776	6	978
FOLD	986	1959	1959	6020985	6020985	0	4867752
RAIL	248	777	6	979
FOLD	987	1961	1961	6027132	6027132	0	4872111
RAIL	266	758	6	980
FOLD	988	1963	1963	6033279	6033279	0	4876224
RAIL	266	759	6	981
FOLD	989	1965	1965	6039426	6039426	0	4880641
RAIL	249	775	6	982
FOLD	990	1967	1967	6045573	6045573	0	4885199
RAIL	249	776	6	983
FOLD	991	1969	1969	6051720	6051720	0	4889427
RAIL	265	759	6	984
FOLD	992	1971	1971	6057867	6057867	0	4893688
RAIL	265	760	6	985
FOLD	993	1973	1973	6064014	6064014	0	4897639
RAIL	250	774	6	986
FOLD	994	1975	1975	6070161	6070161	0	4901634
RAIL	250	775	6	987
FOLD	995	1977	1977	6076308	6076308	0	4905507
RAIL	264	760	6	988
FOLD	996	1979	1979	6082455	6082455	0	4909468
RAIL	264	761	6	989
FOLD	997	1981	1981	6088602	6088602	0	4913600
RAIL	251	773	6	990
FOLD	998	1983	1983	6094749	6094749	0	4917703
RAIL	251	774	6	991
FOLD	999	1985	1985	6100896	6100896	0	4921849
RAIL	263	761	6	992
FOLD	1000	1987	1987	6107043	6107043	0	4926053
RAIL	263	762	6	993
FOLD	1001	1989	1989	6113190	6113190	0	4929910
RAIL	252	772	6	994
FOLD	1002	1991	1991	6119337	6119337	0	4933966
RAIL	252	773	6	995
FOLD	1003	1993	1993	6125484	6125484	0	4937969
RAIL	262	762	6	996
FOLD	1004	1995	1995	6131631	6131631	0	4942007
RAIL	262	763	6	997
FOLD	1005	1997	1997	6137778	6137778	0	4946593
RAIL	253	771	6	998
FOLD	1006	1999	1999	6143925	6143925	0	4950668
RAIL	253	772	6	999
FOLD	1007	2001	2001	6150072	6150072	0	4954649
RAIL	261	763	6	1000
FOLD	1008	2003	2003	6156219	6156219	0	4959085
RAIL	261	764	6	1001
FOLD	1009	2005	2005	6162366	6162366	0	4966647
RAIL	254	770	6	1002
FOLD	1010	2007	2007	6168513	6168513	0	4974396
RAIL	254	771	6	1003
FOLD	1011	2009	2009	6174660	6174660	0	4979014
RAIL	260	764	6	1004
FOLD	1012	2011	2011	6180807	6180807	0	4983282
RAIL	260	765	6	1005
FOLD	1013	2013	2013	6186954	6186954	0	4987410
RAIL	255	769	6	1006
FOLD	1014	2015	2015	6193101	6193101	0	4993693
RAIL	255	770	6	1007
FOLD	1015	2017	2017	6199248	6199248	0	5001307
RAIL	259	765	6	1008
FOLD	1016	2019	2019	6205395	6205395	0	5005807
RAIL	259	766	6	1009
FOLD	1017	2021	2021	6211542	6211542	0	5009781
RAIL	256	768	6	1010
FOLD	1018	2023	2023	6217689	6217689	0	5013706
RAIL	256	769	6	1011
FOLD	1019	2025	2025	6223836	6223836	0	5017507
RAIL	258	766	6	1012
FOLD	1020	2027	2027	6229983	6229983	0	5021567
RAIL	258	767	6	1013
FOLD	1021	2029	2029	6236130	6236130	0	5025610
RAIL	257	767	6	1014
FOLD	1022	2031	2031	6242277	6242277	0	5029608
RAIL	257	768	6	1015
FOLD	1023	2032	2032	6245352	6245352	0	5033672
RAIL	512	512	6	1016
FOLD	1024	2033	2033	6248424	6248424	0	5038331
RAIL	512	512	6	1017
FOLD	1025	2034	2034	6251496	6251496	0	5042586
RAIL	512	512	6	1018
FOLD	1026	2035	2035	6254568	6254568	0	5046728
RAIL	512	512	6	1019
FOLD	1027	2036	2036	6257640	6257640	0	5051381
RAIL	512	513	6	1020
FOLD	1028	2037	2037	6260715	6260715	0	5055724
RAIL	512	512	6	1021
FOLD	1029	2038	2038	6263787	6263787	0	5060260
RAIL	512	512	6	1022
FOLD	1030	2039	2039	6266859	6266859	0	5064411
RAIL	512	512	6	1023
FOLD	1031	2040	2040	6269931	6269931	0	5068765
RAIL	511	513	6	1024
FOLD	1032	2041	2041	6273003	6273003	0	5073058
RAIL	512	512	6	1025
FOLD	1033	2042	2042	6276075	6276075	0	5077393
RAIL	511	514	6	1026
FOLD	1034	2043	2043	6279150	6279150	0	5081723
RAIL	512	512	6	1027
FOLD	1035	2044	2044	6282222	6282222	0	5086111
RAIL	512	512	6	1028
FOLD	1036	2045	2045	6285294	6285294	0	5090165
RAIL	512	512	6	1029
FOLD	1037	2046	2046	6288366	6288366	0	5094221
RAIL	510	514	6	1030
FOLD	1038	2047	2047	6291438	6291438	0	5098269
RAIL	512	512	6	1031
FOLD	1039	2048	2048	6294510	6294510	0	5102431
RAIL	510	515	6	1032
FOLD	1040	2049	2049	6297585	6297585	0	5106624
RAIL	512	512	6	1033
FOLD	1041	2050	2050	6300657	6300657	0	5110967
RAIL	5	1019	6	1034
FOLD	1046	2051	2051	6303726	6303726	0	5125705
RAIL	512	512	8	1037
FOLD	1047	2052	2052	6306798	6306798	0	5130801
RAIL	509	516	8	1038
FOLD	1048	2053	2053	6309873	6309873	0	5134975
RAIL	512	512	8	1039
FOLD	1049	2054	2054	6312945	6312945	0	5139408
RAIL	6	1018	8	1040
FOLD	1052	2055	2055	6316020	6316020	0	5148959
RAIL	512	512	9	1042
FOLD	1053	2056	2056	6319092	6319092	0	5153477
RAIL	508	516	9	1043
FOLD	1054	2057	2057	6322164	6322164	0	5157656
RAIL	512	512	9	1044
FOLD	1055	2058	2058	6325236	6325236	0	5161945
RAIL	508	517	9	1045
FOLD	1056	2059	2059	6328311	6328311	0	5166158
RAIL	512	512	9	1046
FOLD	1057	2060	2060	6331383	6331383	0	5170955
RAIL	7	1017	9	1047
FOLD	1058	2061	2061	6334455	6334455	0	5174510
RAIL	512	512	9	1048
FOLD	1059	2062	2062	6337527	6337527	0	5179146
RAIL	7	1018	9	1049
FOLD	1060	2063	2063	6340602	6340602	0	5182723
RAIL	512	512	9	1050
FOLD	1061	2064	2064	6343674	6343674	0	5187228
RAIL	507	517	9	1051
FOLD	1062	2065	2065	6346746	6346746	0	5191449
RAIL	512	512	9	1052
FOLD	1063	2066	2066	6349818	6349818	0	5195586
RAIL	507	518	9	1053
FOLD	1064	2067	2067	6352893	6352893	0	5200614
RAIL	512	512	9	1054
FOLD	1065	2068	2068	6355965	6355965	0	5205151
RAIL	8	1016	9	1055
FOLD	1066	2069	2069	6359037	6359037	0	5208595
RAIL	512	512	9	1056
FOLD	1067	2070	2070	6362109	6362109	0	5213216
RAIL	8	1017	9	1057
FOLD	1068	2071	2071	6365184	6365184	0	5216619
RAIL	512	512	9	1058
FOLD	1069	2072	2072	6368256	6368256	0	5221096
RAIL	506	518	9	1059
FOLD	1070	2073	2073	6371328	6371328	0	5225354
RAIL	512	512	9	1060
FOLD	1071	2074	2074	6374400	6374400	0	5229947
RAIL	506	519	9	1061
FOLD	1072	2075	2075	6377475	6377475	0	5234855
RAIL	512	512	9	1062
FOLD	1073	2076	2076	6380547	6380547	0	5239435
RAIL	9	1015	9	1063
FOLD	1074	2077	2077	6383619	6383619	0	5242995
RAIL	512	512	9	1064
FOLD	1075	2078	2078	6386691	6386691	0	5247578
RAIL	9	1016	9	1065
FOLD	1076	2079	2079	6389766	6389766	0	5251286
RAIL	512	512	9	1066
FOLD	1077	2080	2080	6392838	6392838	0	5255961
RAIL	505	519	9	1067
FOLD	1078	2081	2081	6395910	6395910	0	5260494
RAIL	512	512	9	1068
FOLD	1079	2082	2082	6398982	6398982	0	5265562
RAIL	505	520	9	1069
FOLD	1080	2083	2083	6402057	6402057	0	5270286
RAIL	512	512	9	1070
FOLD	1081	2084	2084	6405129	6405129	0	5274802
RAIL	10	1014	9	1071
FOLD	1082	2085	2085	6408201	6408201	0	5278291
RAIL	512	512	9	1072
FOLD	1083	2086	2086	6411273	6411273	0	5282901
RAIL	10	1015	9	1073
FOLD	1084	2087	2087	6414348	6414348	0	5286445
RAIL	512	512	9	1074
FOLD	1085	2088	2088	6417420	6417420	0	5291117
RAIL	504	520	9	1075
FOLD	1086	2089	2089	6420492	6420492	0	5295294
RAIL	512	512	9	1076
FOLD	1087	2090	2090	6423564	6423564	0	5299709
RAIL	504	521	9	1077
FOLD	1088	2091	2091	6426639	6426639	0	5304112
RAIL	512	512	9	1078
FOLD	1089	2092	2092	6429711	6429711	0	5309040
RAIL	11	1013	9	1079
FOLD	1090	2093	2093	6432783	6432783	0	5312612
RAIL	512	512	9	1080
FOLD	1091	2094	2094	6435855	6435855	0	5317177
RAIL	11	1014	9	1081
FOLD	1092	2095	2095	6438930	6438930	0	5320823
RAIL	512	512	9	1082
FOLD	1093	2096	2096	6442002	6442002	0	5325739
RAIL	503	521	9	1083
FOLD	1094	2097	2097	6445074	6445074	0	5329873
RAIL	512	512	9	1084
FOLD	1095	2098	2098	6448146	6448146	0	5334593
RAIL	503	522	9	1085
FOLD	1096	2099	2099	6451221	6451221	0	5339303
RAIL	512	512	9	1086
FOLD	1097	2100	2100	6454293	6454293	0	5343842
RAIL	12	1012	9	1087
FOLD	1098	2101	2101	6457365	6457365	0	5347453
RAIL	512	512	9	1088
FOLD	1099	2102	2102	6460437	6460437	0	5353578
RAIL	12	1013	9	1089
FOLD	1100	2103	2103	6463512	6463512	0	5358348
RAIL	512	512	9	1090
FOLD	1101	2104	2104	6466584	6466584	0	5364227
RAIL	502	522	9	1091
FOLD	1102	2105	2105	6469656	6469656	0	5368931
RAIL	512	512	9	1092
FOLD	1103	2106	2106	6472728	6472728	0	5375078
RAIL	502	523	9	1093
FOLD	1104	2107	2107	6475803	6475803	0	5381026
RAIL	512	512	9	1094
FOLD	1105	2108	2108	6478875	6478875	0	5387136
RAIL	13	1011	9	1095
FOLD	1106	2109	2109	6481947	6481947	0	5392194
RAIL	512	512	9	1096
FOLD	1107	2110	2110	6485019	6485019	0	5397073
RAIL	13	1012	9	1097
FOLD	1108	2111	2111	6488094	6488094	0	5400478
RAIL	512	512	9	1098
FOLD	1109	2112	2112	6491166	6491166	0	5405445
RAIL	501	523	9	1099
FOLD	1110	2113	2113	6494238	6494238	0	5409942
RAIL	512	512	9	1100
FOLD	1111	2114	2114	6497310	6497310	0	5414752
RAIL	501	524	9	1101
FOLD	1112	2115	2115	6500385	6500385	0	5419375
RAIL	512	512	9	1102
FOLD	1113	2116	2116	6503457	6503457	0	5424199
RAIL	14	1010	9	1103
FOLD	1114	2117	2117	6506529	6506529	0	5427749
RAIL	512	512	9	1104
FOLD	1115	2118	2118	6509601	6509601	0	5432632
RAIL	14	1011	9	1105
FOLD	1116	2119	2119	6512676	6512676	0	5449227
RAIL	512	512	9	1106
FOLD	1117	2120	2120	6515748	6515748	0	5465606
RAIL	500	524	9	1107
FOLD	1118	2121	2121	6518820	6518820	0	5480632
RAIL	512	512	9	1108
FOLD	1119	2122	2122	6521892	6521892	0	5495578
RAIL	500	525	9	1109
FOLD	1120	2123	2123	6524967	6524967	0	5510509
RAIL	512	512	9	1110
FOLD	1121	2124	2124	6528039	6528039	0	5524738
RAIL	15	1009	9	1111
FOLD	1122	2125	2125	6531111	6531111	0	5528266
RAIL	512	512	9	1112
FOLD	1123	2126	2126	6534183	6534183	0	5533604
RAIL	15	1010	9	1113
FOLD	1124	2127	2127	6537258	6537258	0	5537157
RAIL	512	512	9	1114
FOLD	1125	2128	2128	6540330	6540330	0	5541751
RAIL	499	525	9	1115
FOLD	1126	2129	2129	6543402	6543402	0	5546137
RAIL	512	512	9	1116
FOLD	1127	2130	2130	6546474	6546474	0	5550987
RAIL	499	526	9	1117
FOLD	1128	2131	2131	6549549	6549549	0	5555496
RAIL	512	512	9	1118
FOLD	1129	2132	2132	6552621	6552621	0	5560310
RAIL	16	1008	9	1119
FOLD	1130	2133	2133	6555693	6555693	0	5564011
RAIL	512	512	9	1120
FOLD	1131	2134	2134	6558765	6558765	0	5568902
RAIL	16	1009	9	1121
FOLD	1132	2135	2135	6561840	6561840	0	5572690
RAIL	512	512	9	1122
FOLD	1133	2136	2136	6564912	6564912	0	5577716
RAIL	498	526	9	1123
FOLD	1134	2137	2137	6567984	6567984	0	5581955
RAIL	512	512	9	1124
FOLD	1135	2138	2138	6571056	6571056	0	5586913
RAIL	498	527	9	1125
FOLD	1136	2139	2139	6574131	6574131	0	5591961
RAIL	512	512	9	1126
FOLD	1137	2140	2140	6577203	6577203	0	5597075
RAIL	17	1007	9	1127
FOLD	1138	2141	2141	6580275	6580275	0	5601017
RAIL	512	512	9	1128
FOLD	1139	2142	2142	6583347	6583347	0	5606178
RAIL	17	1008	9	1129
FOLD	1140	2143	2143	6586422	6586422	0	5610169
RAIL	512	512	9	1130
FOLD	1141	2144	2144	6589494	6589494	0	5615472
RAIL	497	527	9	1131
FOLD	1142	2145	2145	6592566	6592566	0	5620118
RAIL	512	512	9	1132
FOLD	1143	2146	2146	6595638	6595638	0	5625373
RAIL	497	528	9	1133
FOLD	1144	2147	2147	6598713	6598713	0	5630243
RAIL	512	512	9	1134
FOLD	1145	2148	2148	6601785	6601785	0	5635479
RAIL	18	1006	9	1135
FOLD	1146	2149	2149	6604857	6604857	0	5639017
RAIL	512	512	9	1136
FOLD	1147	2150	2150	6607929	6607929	0	5643781
RAIL	18	1007	9	1137
FOLD	1148	2151	2151	6611004	6611004	0	5647288
RAIL	512	512	9	1138
FOLD	1149	2152	2152	6614076	6614076	0	5652161
RAIL	496	528	9	1139
FOLD	1150	2153	2153	6617148	6617148	0	5656263
RAIL	512	512	9	1140
FOLD	1151	2154	2154	6620220	6620220	0	5661269
RAIL	496	529	9	1141
FOLD	1152	2155	2155	6623295	6623295	0	5665774
RAIL	512	512	9	1142
FOLD	1153	2156	2156	6626367	6626367	0	5670782
RAIL	19	1005	9	1143
FOLD	1154	2157	2157	6629439	6629439	0	5674195
RAIL	512	512	9	1144
FOLD	1155	2158	2158	6632511	6632511	0	5679167
RAIL	19	1006	9	1145
FOLD	1156	2159	2159	6635586	6635586	0	5682831
RAIL	512	512	9	1146
FOLD	1157	2160	2160	6638658	6638658	0	5688057
RAIL	495	529	9	1147
FOLD	1158	2161	2161	6641730	6641730	0	5692189
RAIL	512	512	9	1148
FOLD	1159	2162	2162	6644802	6644802	0	5697438
RAIL	495	530	9	1149
FOLD	1160	2163	2163	6647877	6647877	0	5702177
RAIL	512	512	9	1150
FOLD	1161	2164	2164	6650949	6650949	0	5707628
RAIL	20	1004	9	1151
FOLD	1162	2165	2165	6654021	6654021	0	5712169
RAIL	512	512	9	1152
FOLD	1163	2166	2166	6657093	6657093	0	5717423
RAIL	20	1005	9	1153
FOLD	1164	2167	2167	6660168	6660168	0	5720920
RAIL	512	512	9	1154
FOLD	1165	2168	2168	6663240	6663240	0	5726776
RAIL	494	530	9	1155
FOLD	1166	2169	2169	6666312	6666312	0	5731194
RAIL	512	512	9	1156
FOLD	1167	2170	2170	6669384	6669384	0	5736411
RAIL	494	531	9	1157
FOLD	1168	2171	2171	6672459	6672459	0	5743553
RAIL	512	512	9	1158
FOLD	1169	2172	2172	6675531	6675531	0	5753417
RAIL	21	1003	9	1159
FOLD	1170	2173	2173	6678603	6678603	0	5760088
RAIL	512	512	9	1160
FOLD	1171	2174	2174	6681675	6681675	0	5768587
RAIL	21	1004	9	1161
FOLD	1172	2175	2175	6684750	6684750	0	5772358
RAIL	512	512	9	1162
FOLD	1173	2176	2176	6687822	6687822	0	5777736
RAIL	493	531	9	1163
FOLD	1174	2177	2177	6690894	6690894	0	5782201
RAIL	512	512	9	1164
FOLD	1175	2178	2178	6693966	6693966	0	5787772
RAIL	493	532	9	1165
FOLD	1176	2179	2179	6697041	6697041	0	5793237
RAIL	512	512	9	1166
FOLD	1177	2180	2180	6700113	6700113	0	5798478
RAIL	22	1002	9	1167
FOLD	1178	2181	2181	6703185	6703185	0	5801958
RAIL	512	512	9	1168
FOLD	1179	2182	2182	6706257	6706257	0	5807396
RAIL	22	1003	9	1169
FOLD	1180	2183	2183	6709332	6709332	0	5810963
RAIL	512	512	9	1170
FOLD	1181	2184	2184	6712404	6712404	0	5816562
RAIL	492	532	9	1171
FOLD	1182	2185	2185	6715476	6715476	0	5821190
RAIL	512	512	9	1172
FOLD	1183	2186	2186	6718548	6718548	0	5826653
RAIL	492	533	9	1173
FOLD	1184	2187	2187	6721623	6721623	0	5834005
RAIL	512	512	9	1174
FOLD	1185	2188	2188	6724695	6724695	0	5844054
RAIL	23	1001	9	1175
FOLD	1186	2189	2189	6727767	6727767	0	5850798
RAIL	512	512	9	1176
FOLD	1187	2190	2190	6730839	6730839	0	5861062
RAIL	23	1002	9	1177
FOLD	1188	2191	2191	6733914	6733914	0	5867874
RAIL	512	512	9	1178
FOLD	1189	2192	2192	6736986	6736986	0	5875257
RAIL	491	533	9	1179
FOLD	1190	2193	2193	6740058	6740058	0	5879720
RAIL	512	512	9	1180
FOLD	1191	2194	2194	6743130	6743130	0	5885275
RAIL	491	534	9	1181
FOLD	1192	2195	2195	6746205	6746205	0	5890011
RAIL	512	512	9	1182
FOLD	1193	2196	2196	6749277	6749277	0	5895632
RAIL	24	1000	9	1183
FOLD	1194	2197	2197	6752349	6752349	0	5899390
RAIL	512	512	9	1184
FOLD	1195	2198	2198	6755421	6755421	0	5905155
RAIL	24	1001	9	1185
FOLD	1196	2199	2199	6758496	6758496	0	5908865
RAIL	512	512	9	1186
FOLD	1197	2200	2200	6761568	6761568	0	5914564
RAIL	490	534	9	1187
FOLD	1198	2201	2201	6764640	6764640	0	5919603
RAIL	512	512	9	1188
FOLD	1199	2202	2202	6767712	6767712	0	5925250
RAIL	490	535	9	1189
FOLD	1200	2203	2203	6770787	6770787	0	5930083
RAIL	512	512	9	1190
FOLD	1201	2204	2204	6773859	6773859	0	5935948
RAIL	25	999	9	1191
FOLD	1202	2205	2205	6776931	6776931	0	5939798
RAIL	512	512	9	1192
FOLD	1203	2206	2206	6780003	6780003	0	5945609
RAIL	25	1000	9	1193
FOLD	1204	2207	2207	6783078	6783078	0	5949343
RAIL	512	512	9	1194
FOLD	1205	2208	2208	6786150	6786150	0	5954997
RAIL	489	535	9	1195
FOLD	1206	2209	2209	6789222	6789222	0	5959373
RAIL	512	512	9	1196
FOLD	1207	2210	2210	6792294	6792294	0	5965100
RAIL	489	536	9	1197
FOLD	1208	2211	2211	6795369	6795369	0	5969592
RAIL	512	512	9	1198
FOLD	1209	2212	2212	6798441	6798441	0	5975599
RAIL	26	998	9	1199
FOLD	1210	2213	2213	6801513	6801513	0	5979659
RAIL	512	512	9	1200
FOLD	1211	2214	2214	6804585	6804585	0	5985378
RAIL	26	999	9	1201
FOLD	1212	2215	2215	6807660	6807660	0	5989021
RAIL	512	512	9	1202
FOLD	1213	2216	2216	6810732	6810732	0	5994909
RAIL	488	536	9	1203
FOLD	1214	2217	2217	6813804	6813804	0	5999330
RAIL	512	512	9	1204
FOLD	1215	2218	2218	6816876	6816876	0	6005127
RAIL	488	537	9	1205
FOLD	1216	2219	2219	6819951	6819951	0	6010053
RAIL	512	512	9	1206
FOLD	1217	2220	2220	6823023	6823023	0	6015680
RAIL	27	997	9	1207
FOLD	1218	2221	2221	6826095	6826095	0	6019313
RAIL	512	512	9	1208
FOLD	1219	2222	2222	6829167	6829167	0	6025382
RAIL	27	998	9	1209
FOLD	1220	2223	2223	6832242	6832242	0	6029215
RAIL	512	512	9	1210
FOLD	1221	2224	2224	6835314	6835314	0	6035395
RAIL	487	537	9	1211
FOLD	1222	2225	2225	6838386	6838386	0	6040058
RAIL	512	512	9	1212
FOLD	1223	2226	2226	6841458	6841458	0	6045915
RAIL	487	538	9	1213
FOLD	1224	2227	2227	6844533	6844533	0	6050863
RAIL	512	512	9	1214
FOLD	1225	2228	2228	6847605	6847605	0	6056521
RAIL	28	996	9	1215
FOLD	1226	2229	2229	6850677	6850677	0	6060474
RAIL	512	512	9	1216
FOLD	1227	2230	2230	6853749	6853749	0	6066508
RAIL	28	997	9	1217
FOLD	1228	2231	2231	6856824	6856824	0	6070084
RAIL	512	512	9	1218
FOLD	1229	2232	2232	6859896	6859896	0	6076139
RAIL	486	538	9	1219
FOLD	1230	2233	2233	6862968	6862968	0	6080779
RAIL	512	512	9	1220
FOLD	1231	2234	2234	6866040	6866040	0	6087362
RAIL	486	539	9	1221
FOLD	1232	2235	2235	6869115	6869115	0	6092095
RAIL	512	512	9	1222
FOLD	1233	2236	2236	6872187	6872187	0	6101134
RAIL	29	995	9	1223
FOLD	1234	2237	2237	6875259	6875259	0	6105026
RAIL	512	512	9	1224
FOLD	1235	2238	2238	6878331	6878331	0	6111451
RAIL	29	996	9	1225
FOLD	1236	2239	2239	6881406	6881406	0	6115264
RAIL	512	512	9	1226
FOLD	1237	2240	2240	6884478	6884478	0	6121294
RAIL	485	539	9	1227
FOLD	1238	2241	2241	6887550	6887550	0	6126014
RAIL	512	512	9	1228
FOLD	1239	2242	2242	6890622	6890622	0	6132146
RAIL	485	540	9	1229
FOLD	1240	2243	2243	6893697	6893697	0	6136912
RAIL	512	512	9	1230
FOLD	1241	2244	2244	6896769	6896769	0	6143342
RAIL	30	994	9	1231
FOLD	1242	2245	2245	6899841	6899841	0	6147019
RAIL	512	512	9	1232
FOLD	1243	2246	2246	6902913	6902913	0	6153029
RAIL	30	995	9	1233
FOLD	1244	2247	2247	6905988	6905988	0	6157156
RAIL	512	512	9	1234
FOLD	1245	2248	2248	6909060	6909060	0	6163448
RAIL	484	540	9	1235
FOLD	1246	2249	2249	6912132	6912132	0	6168093
RAIL	512	512	9	1236
FOLD	1247	2250	2250	6915204	6915204	0	6174390
RAIL	484	541	9	1237
FOLD	1248	2251	2251	6918279	6918279	0	6179065
RAIL	512	512	9	1238
FOLD	1249	2252	2252	6921351	6921351	0	6187467
RAIL	31	993	9	1239
FOLD	1250	2253	2253	6924423	6924423	0	6194415
RAIL	512	512	9	1240
FOLD	1251	2254	2254	6927495	6927495	0	6202675
RAIL	31	994	9	1241
FOLD	1252	2255	2255	6930570	6930570	0	6206513
RAIL	512	512	9	1242
FOLD	1253	2256	2256	6933642	6933642	0	6212952
RAIL	483	541	9	1243
FOLD	1254	2257	2257	6936714	6936714	0	6221527
RAIL	512	512	9	1244
FOLD	1255	2258	2258	6939786	6939786	0	6233709
RAIL	483	542	9	1245
FOLD	1256	2259	2259	6942861	6942861	0	6242317
RAIL	512	512	9	1246
FOLD	1257	2260	2260	6945933	6945933	0	6254371
RAIL	32	992	9	1247
FOLD	1258	2261	2261	6949005	6949005	0	6261206
RAIL	512	512	9	1248
FOLD	1259	2262	2262	6952077	6952077	0	6273051
RAIL	32	993	9	1249
FOLD	1260	2263	2263	6955152	6955152	0	6276942
RAIL	512	512	9	1250
FOLD	1261	2264	2264	6958224	6958224	0	6285867
RAIL	482	542	9	1251
FOLD	1262	2265	2265	6961296	6961296	0	6290603
RAIL	512	512	9	1252
FOLD	1263	2266	2266	6964368	6964368	0	6299733
RAIL	482	543	9	1253
FOLD	1264	2267	2267	6967443	6967443	0	6304388
RAIL	512	512	9	1254
FOLD	1265	2268	2268	6970515	6970515	0	6313441
RAIL	33	991	9	1255
FOLD	1266	2269	2269	6973587	6973587	0	6317969
RAIL	512	512	9	1256
FOLD	1267	2270	2270	6976659	6976659	0	6326073
RAIL	33	992	9	1257
FOLD	1268	2271	2271	6979734	6979734	0	6329710
RAIL	512	512	9	1258
FOLD	1269	2272	2272	6982806	6982806	0	6336752
RAIL	481	543	9	1259
FOLD	1270	2273	2273	6985878	6985878	0	6343070
RAIL	512	512	9	1260
FOLD	1271	2274	2274	6988950	6988950	0	6353353
RAIL	481	544	9	1261
FOLD	1272	2275	2275	6992025	6992025	0	6361623
RAIL	512	512	9	1262
FOLD	1273	2276	2276	6995097	6995097	0	6368931
RAIL	34	990	9	1263
FOLD	1274	2277	2277	6998169	6998169	0	6373938
RAIL	512	512	9	1264
FOLD	1275	2278	2278	7001241	7001241	0	6380565
RAIL	34	991	9	1265
FOLD	1276	2279	2279	7004316	7004316	0	6384231
RAIL	512	512	9	1266
FOLD	1277	2280	2280	7007388	7007388	0	6390909
RAIL	480	544	9	1267
FOLD	1278	2281	2281	7010460	7010460	0	6395574
RAIL	512	512	9	1268
FOLD	1279	2282	2282	7013532	7013532	0	6402283
RAIL	480	545	9	1269
FOLD	1280	2283	2283	7016607	7016607	0	6406970
RAIL	512	512	9	1270
FOLD	1281	2284	2284	7019679	7019679	0	6413977
RAIL	35	989	9	1271
FOLD	1282	2285	2285	7022751	7022751	0	6417731
RAIL	512	512	9	1272
FOLD	1283	2286	2286	7025823	7025823	0	6424859
RAIL	35	990	9	1273
FOLD	1284	2287	2287	7028898	7028898	0	6442749
RAIL	512	512	9	1274
FOLD	1285	2288	2288	7031970	7031970	0	6466142
RAIL	479	545	9	1275
FOLD	1286	2289	2289	7035042	7035042	0	6484952
RAIL	512	512	9	1276
FOLD	1287	2290	2290	7038114	7038114	0	6500864
RAIL	479	546	9	1277
FOLD	1288	2291	2291	7041189	7041189	0	6516774
RAIL	512	512	9	1278
FOLD	1289	2292	2292	7044261	7044261	0	6533115
RAIL	36	988	9	1279
FOLD	1290	2293	2293	7047333	7047333	0	6545359
RAIL	512	512	9	1280
FOLD	1291	2294	2294	7050405	7050405	0	6569018
RAIL	36	989	9	1281
FOLD	1292	2295	2295	7053480	7053480	0	6572719
RAIL	512	512	9	1282
FOLD	1293	2296	2296	7056552	7056552	0	6580033
RAIL	478	546	9	1283
FOLD	1294	2297	2297	7059624	7059624	0	6584684
RAIL	512	512	9	1284
FOLD	1295	2298	2298	7062696	7062696	0	6591498
RAIL	478	547	9	1285
FOLD	1296	2299	2299	7065771	7065771	0	6596098
RAIL	512	512	9	1286
FOLD	1297	2300	2300	7068843	7068843	0	6603006
RAIL	37	987	9	1287
FOLD	1298	2301	2301	7071915	7071915	0	6606649
RAIL	512	512	9	1288
FOLD	1299	2302	2302	7074987	7074987	0	6613567
RAIL	37	988	9	1289
FOLD	1300	2303	2303	7078062	7078062	0	6617159
RAIL	512	512	9	1290
FOLD	1301	2304	2304	7081134	7081134	0	6624047
RAIL	477	547	9	1291
FOLD	1302	2305	2305	7084206	7084206	0	6628592
RAIL	512	512	9	1292
FOLD	1303	2306	2306	7087278	7087278	0	6635529
RAIL	477	548	9	1293
FOLD	1304	2307	2307	7090353	7090353	0	6640065
RAIL	512	512	9	1294
FOLD	1305	2308	2308	7093425	7093425	0	6647059
RAIL	38	986	9	1295
FOLD	1306	2309	2309	7096497	7096497	0	6650824
RAIL	512	512	9	1296
FOLD	1307	2310	2310	7099569	7099569	0	6658236
RAIL	38	987	9	1297
FOLD	1308	2311	2311	7102644	7102644	0	6661695
RAIL	512	512	9	1298
FOLD	1309	2312	2312	7105716	7105716	0	6669023
RAIL	476	548	9	1299
FOLD	1310	2313	2313	7108788	7108788	0	6673484
RAIL	512	512	9	1300
FOLD	1311	2314	2314	7111860	7111860	0	6680929
RAIL	476	549	9	1301
FOLD	1312	2315	2315	7114935	7114935	0	6685553
RAIL	512	512	9	1302
FOLD	1313	2316	2316	7118007	7118007	0	6692912
RAIL	39	985	9	1303
FOLD	1314	2317	2317	7121079	7121079	0	6696549
RAIL	512	512	9	1304
FOLD	1315	2318	2318	7124151	7124151	0	6704223
RAIL	39	986	9	1305
FOLD	1316	2319	2319	7127226	7127226	0	6707910
RAIL	512	512	9	1306
FOLD	1317	2320	2320	7130298	7130298	0	6715260
RAIL	475	549	9	1307
FOLD	1318	2321	2321	7133370	7133370	0	6719923
RAIL	512	512	9	1308
FOLD	1319	2322	2322	7136442	7136442	0	6727406
RAIL	475	550	9	1309
FOLD	1320	2323	2323	7139517	7139517	0	6731858
RAIL	512	512	9	1310
FOLD	1321	2324	2324	7142589	7142589	0	6739369
RAIL	40	984	9	1311
FOLD	1322	2325	2325	7145661	7145661	0	6743175
RAIL	512	512	9	1312
FOLD	1323	2326	2326	7148733	7148733	0	6750883
RAIL	40	985	9	1313
FOLD	1324	2327	2327	7151808	7151808	0	6754741
RAIL	512	512	9	1314
FOLD	1325	2328	2328	7154880	7154880	0	6762279
RAIL	474	550	9	1315
FOLD	1326	2329	2329	7157952	7157952	0	6766752
RAIL	512	512	9	1316
FOLD	1327	2330	2330	7161024	7161024	0	6774378
RAIL	474	551	9	1317
FOLD	1328	2331	2331	7164099	7164099	0	6779149
RAIL	512	512	9	1318
FOLD	1329	2332	2332	7167171	7167171	0	6786952
RAIL	41	983	9	1319
FOLD	1330	2333	2333	7170243	7170243	0	6790607
RAIL	512	512	9	1320
FOLD	1331	2334	2334	7173315	7173315	0	6798428
RAIL	41	984	9	1321
FOLD	1332	2335	2335	7176390	7176390	0	6802017
RAIL	512	512	9	1322
FOLD	1333	2336	2336	7179462	7179462	0	6809569
RAIL	473	551	9	1323
FOLD	1334	2337	2337	7182534	7182534	0	6814221
RAIL	512	512	9	1324
FOLD	1335	2338	2338	7185606	7185606	0	6822049
RAIL	473	552	9	1325
FOLD	1336	2339	2339	7188681	7188681	0	6826896
RAIL	512	512	9	1326
FOLD	1337	2340	2340	7191753	7191753	0	6834815
RAIL	42	982	9	1327
FOLD	1338	2341	2341	7194825	7194825	0	6838788
RAIL	512	512	9	1328
FOLD	1339	2342	2342	7197897	7197897	0	6847097
RAIL	42	983	9	1329
FOLD	1340	2343	2343	7200972	7200972	0	6850698
RAIL	512	512	9	1330
FOLD	1341	2344	2344	7204044	7204044	0	6858694
RAIL	472	552	9	1331
FOLD	1342	2345	2345	7207116	7207116	0	6863097
RAIL	512	512	9	1332
FOLD	1343	2346	2346	7210188	7210188	0	6871288
RAIL	472	553	9	1333
FOLD	1344	2347	2347	7213263	7213263	0	6877068
RAIL	512	512	9	1334
FOLD	1345	2348	2348	7216335	7216335	0	6885248
RAIL	43	981	9	1335
FOLD	1346	2349	2349	7219407	7219407	0	6891278
RAIL	512	512	9	1336
FOLD	1347	2350	2350	7222479	7222479	0	6906651
RAIL	43	982	9	1337
FOLD	1348	2351	2351	7225554	7225554	0	6913297
RAIL	512	512	9	1338
FOLD	1349	2352	2352	7228626	7228626	0	6923836
RAIL	471	553	9	1339
FOLD	1350	2353	2353	7231698	7231698	0	6928540
RAIL	512	512	9	1340
FOLD	1351	2354	2354	7234770	7234770	0	6937032
RAIL	471	554	9	1341
FOLD	1352	2355	2355	7237845	7237845	0	6942300
RAIL	512	512	9	1342
FOLD	1353	2356	2356	7240917	7240917	0	6950573
RAIL	44	980	9	1343
FOLD	1354	2357	2357	7243989	7243989	0	6954358
RAIL	512	512	9	1344
FOLD	1355	2358	2358	7247061	7247061	0	6962496
RAIL	44	981	9	1345
FOLD	1356	2359	2359	7250136	7250136	0	6966389
RAIL	512	512	9	1346
FOLD	1357	2360	2360	7253208	7253208	0	6975286
RAIL	470	554	9	1347
FOLD	1358	2361	2361	7256280	7256280	0	6980795
RAIL	512	512	9	1348
FOLD	1359	2362	2362	7259352	7259352	0	6989671
RAIL	470	555	9	1349
FOLD	1360	2363	2363	7262427	7262427	0	6994931
RAIL	512	512	9	1350
FOLD	1361	2364	2364	7265499	7265499	0	7004229
RAIL	45	979	9	1351
FOLD	1362	2365	2365	7268571	7268571	0	7008569
RAIL	512	512	9	1352
FOLD	1363	2366	2366	7271643	7271643	0	7016982
RAIL	45	980	9	1353
FOLD	1364	2367	2367	7274718	7274718	0	7020590
RAIL	512	512	9	1354
FOLD	1365	2368	2368	7277790	7277790	0	7029167
RAIL	469	555	9	1355
FOLD	1366	2369	2369	7280862	7280862	0	7033851
RAIL	512	512	9	1356
FOLD	1367	2370	2370	7283934	7283934	0	7042465
RAIL	469	556	9	1357
FOLD	1368	2371	2371	7287009	7287009	0	7047005
RAIL	512	512	9	1358
FOLD	1369	2372	2372	7290081	7290081	0	7055445
RAIL	46	978	9	1359
FOLD	1370	2373	2373	7293153	7293153	0	7059088
RAIL	512	512	9	1360
FOLD	1371	2374	2374	7296225	7296225	0	7067764
RAIL	46	979	9	1361
FOLD	1372	2375	2375	7299300	7299300	0	7071496
RAIL	512	512	9	1362
FOLD	1373	2376	2376	7302372	7302372	0	7079988
RAIL	468	556	9	1363
FOLD	1374	2377	2377	7305444	7305444	0	7084526
RAIL	512	512	9	1364
FOLD	1375	2378	2378	7308516	7308516	0	7093293
RAIL	468	557	9	1365
FOLD	1376	2379	2379	7311591	7311591	0	7097893
RAIL	512	512	9	1366
FOLD	1377	2380	2380	7314663	7314663	0	7106369
RAIL	47	977	9	1367
FOLD	1378	2381	2381	7317735	7317735	0	7110049
RAIL	512	512	9	1368
FOLD	1379	2382	2382	7320807	7320807	0	7118808
RAIL	47	978	9	1369
FOLD	1380	2383	2383	7323882	7323882	0	7122388
RAIL	512	512	9	1370
FOLD	1381	2384	2384	7326954	7326954	0	7131049
RAIL	467	557	9	1371
FOLD	1382	2385	2385	7330026	7330026	0	7135403
RAIL	512	512	9	1372
FOLD	1383	2386	2386	7333098	7333098	0	7144100
RAIL	467	558	9	1373
FOLD	1384	2387	2387	7336173	7336173	0	7148722
RAIL	512	512	9	1374
FOLD	1385	2388	2388	7339245	7339245	0	7157723
RAIL	48	976	9	1375
FOLD	1386	2389	2389	7342317	7342317	0	7161531
RAIL	512	512	9	1376
FOLD	1387	2390	2390	7345389	7345389	0	7170367
RAIL	48	977	9	1377
FOLD	1388	2391	2391	7348464	7348464	0	7174027
RAIL	512	512	9	1378
FOLD	1389	2392	2392	7351536	7351536	0	7183159
RAIL	466	558	9	1379
FOLD	1390	2393	2393	7354608	7354608	0	7187721
RAIL	512	512	9	1380
FOLD	1391	2394	2394	7357680	7357680	0	7196925
RAIL	466	559	9	1381
FOLD	1392	2395	2395	7360755	7360755	0	7201538
RAIL	512	512	9	1382
FOLD	1393	2396	2396	7363827	7363827	0	7210926
RAIL	49	975	9	1383
FOLD	1394	2397	2397	7366899	7366899	0	7214627
RAIL	512	512	9	1384
FOLD	1395	2398	2398	7369971	7369971	0	7223880
RAIL	49	976	9	1385
FOLD	1396	2399	2399	7373046	7373046	0	7227615
RAIL	512	512	9	1386
FOLD	1397	2400	2400	7376118	7376118	0	7243997
RAIL	465	559	9	1387
FOLD	1398	2401	2401	7379190	7379190	0	7248720
RAIL	512	512	9	1388
FOLD	1399	2402	2402	7382262	7382262	0	7257925
RAIL	465	560	9	1389
FOLD	1400	2403	2403	7385337	7385337	0	7262411
RAIL	512	512	9	1390
FOLD	1401	2404	2404	7388409	7388409	0	7271611
RAIL	50	974	9	1391
FOLD	1402	2405	2405	7391481	7391481	0	7275482
RAIL	512	512	9	1392
FOLD	1403	2406	2406	7394553	7394553	0	7284929
RAIL	50	975	9	1393
FOLD	1404	2407	2407	7397628	7397628	0	7288699
RAIL	512	512	9	1394
FOLD	1405	2408	2408	7400700	7400700	0	7298110
RAIL	464	560	9	1395
FOLD	1406	2409	2409	7403772	7403772	0	7302536
RAIL	512	512	9	1396
FOLD	1407	2410	2410	7406844	7406844	0	7312106
RAIL	464	561	9	1397
FOLD	1408	2411	2411	7409919	7409919	0	7316637
RAIL	512	512	9	1398
FOLD	1409	2412	2412	7412991	7412991	0	7326162
RAIL	51	973	9	1399
FOLD	1410	2413	2413	7416063	7416063	0	7329718
RAIL	512	512	9	1400
FOLD	1411	2414	2414	7419135	7419135	0	7339356
RAIL	51	974	9	1401
FOLD	1412	2415	2415	7422210	7422210	0	7342988
RAIL	512	512	9	1402
FOLD	1413	2416	2416	7425282	7425282	0	7356085
RAIL	463	561	9	1403
FOLD	1414	2417	2417	7428354	7428354	0	7360538
RAIL	512	512	9	1404
FOLD	1415	2418	2418	7431426	7431426	0	7374151
RAIL	463	562	9	1405
FOLD	1416	2419	2419	7434501	7434501	0	7378713
RAIL	512	512	9	1406
FOLD	1417	2420	2420	7437573	7437573	0	7393241
RAIL	52	972	9	1407
FOLD	1418	2421	2421	7440645	7440645	0	7397124
RAIL	512	512	9	1408
FOLD	1419	2422	2422	7443717	7443717	0	7408294
RAIL	52	973	9	1409
FOLD	1420	2423	2423	7446792	7446792	0	7412334
RAIL	512	512	9	1410
FOLD	1421	2424	2424	7449864	7449864	0	7423348
RAIL	462	562	9	1411
FOLD	1422	2425	2425	7452936	7452936	0	7428971
RAIL	512	512	9	1412
FOLD	1423	2426	2426	7456008	7456008	0	7439505
RAIL	462	563	9	1413
FOLD	1424	2427	2427	7459083	7459083	0	7444165
RAIL	512	512	9	1414
FOLD	1425	2428	2428	7462155	7462155	0	7454862
RAIL	53	971	9	1415
FOLD	1426	2429	2429	7465227	7465227	0	7459626
RAIL	512	512	9	1416
FOLD	1427	2430	2430	7468299	7468299	0	7470469
RAIL	53	972	9	1417
FOLD	1428	2431	2431	7471374	7471374	0	7474323
RAIL	512	512	9	1418
FOLD	1429	2432	2432	7474446	7474446	0	7484735
RAIL	461	563	9	1419
FOLD	1430	2433	2433	7477518	7477518	0	7489124
RAIL	512	512	9	1420
FOLD	1431	2434	2434	7480590	7480590	0	7499174
RAIL	461	564	9	1421
FOLD	1432	2435	2435	7483665	7483665	0	7503561
RAIL	512	512	9	1422
FOLD	1433	2436	2436	7486737	7486737	0	7513502
RAIL	54	970	9	1423
FOLD	1434	2437	2437	7489809	7489809	0	7516961
RAIL	512	512	9	1424
FOLD	1435	2438	2438	7492881	7492881	0	7526842
RAIL	54	971	9	1425
FOLD	1436	2439	2439	7495956	7495956	0	7541175
RAIL	512	512	9	1426
FOLD	1437	2440	2440	7499028	7499028	0	7558658
RAIL	460	564	9	1427
FOLD	1438	2441	2441	7502100	7502100	0	7573467
RAIL	512	512	9	1428
FOLD	1439	2442	2442	7505172	7505172	0	7591217
RAIL	460	565	9	1429
FOLD	1440	2443	2443	7508247	7508247	0	7606259
RAIL	512	512	9	1430
FOLD	1441	2444	2444	7511319	7511319	0	7623517
RAIL	55	969	9	1431
FOLD	1442	2445	2445	7514391	7514391	0	7635531
RAIL	512	512	9	1432
FOLD	1443	2446	2446	7517463	7517463	0	7672131
RAIL	55	970	9	1433
FOLD	1444	2447	2447	7520538	7520538	0	7676228
RAIL	512	512	9	1434
FOLD	1445	2448	2448	7523610	7523610	0	7686274
RAIL	459	565	9	1435
FOLD	1446	2449	2449	7526682	7526682	0	7690901
RAIL	512	512	9	1436
FOLD	1447	2450	2450	7529754	7529754	0	7701178
RAIL	459	566	9	1437
FOLD	1448	2451	2451	7532829	7532829	0	7705509
RAIL	512	512	9	1438
FOLD	1449	2452	2452	7535901	7535901	0	7716162
RAIL	56	968	9	1439
FOLD	1450	2453	2453	7538973	7538973	0	7719888
RAIL	512	512	9	1440
FOLD	1451	2454	2454	7542045	7542045	0	7736786
RAIL	56	969	9	1441
FOLD	1452	2455	2455	7545120	7545120	0	7740261
RAIL	512	512	9	1442
FOLD	1453	2456	2456	7548192	7548192	0	7750552
RAIL	458	566	9	1443
FOLD	1454	2457	2457	7551264	7551264	0	7755094
RAIL	512	512	9	1444
FOLD	1455	2458	2458	7554336	7554336	0	7765490
RAIL	458	567	9	1445
FOLD	1456	2459	2459	7557411	7557411	0	7770073
RAIL	512	512	9	1446
FOLD	1457	2460	2460	7560483	7560483	0	7780868
RAIL	57	967	9	1447
FOLD	1458	2461	2461	7563555	7563555	0	7784649
RAIL	512	512	9	1448
FOLD	1459	2462	2462	7566627	7566627	0	7795184
RAIL	57	968	9	1449
FOLD	1460	2463	2463	7569702	7569702	0	7798728
RAIL	512	512	9	1450
FOLD	1461	2464	2464	7572774	7572774	0	7809052
RAIL	457	567	9	1451
FOLD	1462	2465	2465	7575846	7575846	0	7813661
RAIL	512	512	9	1452
FOLD	1463	2466	2466	7578918	7578918	0	7824209
RAIL	457	568	9	1453
FOLD	1464	2467	2467	7581993	7581993	0	7828531
RAIL	512	512	9	1454
FOLD	1465	2468	2468	7585065	7585065	0	7838968
RAIL	58	966	9	1455
FOLD	1466	2469	2469	7588137	7588137	0	7842685
RAIL	512	512	9	1456
FOLD	1467	2470	2470	7591209	7591209	0	7853743
RAIL	58	967	9	1457
FOLD	1468	2471	2471	7594284	7594284	0	7857600
RAIL	512	512	9	1458
FOLD	1469	2472	2472	7597356	7597356	0	7869315
RAIL	456	568	9	1459
FOLD	1470	2473	2473	7600428	7600428	0	7873855
RAIL	512	512	9	1460
FOLD	1471	2474	2474	7603500	7603500	0	7885315
RAIL	456	569	9	1461
FOLD	1472	2475	2475	7606575	7606575	0	7890240
RAIL	512	512	9	1462
FOLD	1473	2476	2476	7609647	7609647	0	7902556
RAIL	59	965	9	1463
FOLD	1474	2477	2477	7612719	7612719	0	7906327
RAIL	512	512	9	1464
FOLD	1475	2478	2478	7615791	7615791	0	7918049
RAIL	59	966	9	1465
FOLD	1476	2479	2479	7618866	7618866	0	7921725
RAIL	512	512	9	1466
FOLD	1477	2480	2480	7621938	7621938	0	7933542
RAIL	455	569	9	1467
FOLD	1478	2481	2481	7625010	7625010	0	7938112
RAIL	512	512	9	1468
FOLD	1479	2482	2482	7628082	7628082	0	7949454
RAIL	455	570	9	1469
FOLD	1480	2483	2483	7631157	7631157	0	7953972
RAIL	512	512	9	1470
FOLD	1481	2484	2484	7634229	7634229	0	7965417
RAIL	60	964	9	1471
FOLD	1482	2485	2485	7637301	7637301	0	7968914
RAIL	512	512	9	1472
FOLD	1483	2486	2486	7640373	7640373	0	7980714
RAIL	60	965	9	1473
FOLD	1484	2487	2487	7643448	7643448	0	7984283
RAIL	512	512	9	1474
FOLD	1485	2488	2488	7646520	7646520	0	7995518
RAIL	454	570	9	1475
FOLD	1486	2489	2489	7649592	7649592	0	8000010
RAIL	512	512	9	1476
FOLD	1487	2490	2490	7652664	7652664	0	8011502
RAIL	454	571	9	1477
