INPUT	3323090299	32	16	164
FRAME	1	0	1	1	19
FOLD	1	1	1	96	96	0	38
RAIL	2	30	0	0
FOLD	2	1	1	99	99	0	46
RAIL	2	31	1	0
FOLD	4	3	3	291	291	0	211
RAIL	16	17	2	1
FOLD	5	5	5	486	486	0	357
RAIL	3	29	2	2
FOLD	8	7	7	681	681	0	1421
RAIL	15	18	4	3
FOLD	9	9	9	876	876	0	1598
RAIL	4	28	4	4
FOLD	12	11	11	1071	1071	0	1862
RAIL	14	19	6	5
FOLD	13	13	13	1266	1266	0	2011
RAIL	5	27	6	6
FOLD	14	15	15	1461	1461	0	2154
RAIL	5	28	6	7
FOLD	15	17	17	1656	1656	0	2291
RAIL	13	19	6	8
FOLD	16	19	19	1851	1851	0	2463
RAIL	13	20	6	9
FOLD	17	21	21	2046	2046	0	2806
RAIL	6	26	6	10
FOLD	18	23	23	2241	2241	0	2935
RAIL	6	27	6	11
FOLD	19	25	25	2436	2436	0	3091
RAIL	12	20	6	12
FOLD	20	27	27	2631	2631	0	3224
RAIL	12	21	6	13
FOLD	21	29	29	2826	2826	0	3363
RAIL	7	25	6	14
FOLD	22	31	31	3021	3021	0	3509
RAIL	7	26	6	15
FOLD	23	33	33	3216	3216	0	3654
RAIL	11	21	6	16
FOLD	24	35	35	3411	3411	0	3843
RAIL	11	22	6	17
FOLD	25	37	37	3606	3606	0	4005
RAIL	8	24	6	18
FOLD	26	39	39	3801	3801	0	4153
RAIL	8	25	6	19
FOLD	27	41	41	3996	3996	0	4332
RAIL	10	22	6	20
FOLD	28	43	43	4191	4191	0	4482
RAIL	10	23	6	21
FOLD	29	45	45	4386	4386	0	4683
RAIL	9	23	6	22
FOLD	30	47	47	4581	4581	0	4886
RAIL	9	24	6	23
FOLD	31	48	48	4680	4680	0	5015
RAIL	16	16	6	24
FOLD	32	49	49	4776	4776	0	5179
RAIL	16	16	6	25
FOLD	33	50	50	4872	4872	0	5325
RAIL	16	16	6	26
FOLD	34	51	51	4968	4968	0	5466
RAIL	16	16	6	27
FOLD	35	52	52	5064	5064	0	5611
RAIL	16	17	6	28
FOLD	36	53	53	5163	5163	0	5768
RAIL	16	16	6	29
FOLD	37	54	54	5259	5259	0	5914
RAIL	16	16	6	30
FOLD	38	55	55	5355	5355	0	6069
RAIL	16	16	6	31
FOLD	39	56	56	5451	5451	0	6255
RAIL	15	17	6	32
FOLD	40	57	57	5547	5547	0	6391
RAIL	16	16	6	33
FOLD	41	58	58	5643	5643	0	6546
RAIL	15	18	6	34
FOLD	42	59	59	5742	5742	0	6690
RAIL	16	16	6	35
FOLD	43	60	60	5838	5838	0	6882
RAIL	16	16	6	36
FOLD	62	61	61	5940	5940	0	8863
RAIL	16	16	15	46
FOLD	63	62	62	6036	6036	0	9015
RAIL	12	21	15	47
FOLD	64	63	63	6135	6135	0	9151
RAIL	16	16	15	48
FOLD	69	64	64	6234	6234	0	9676
RAIL	11	21	17	51
FOLD	70	65	65	6330	6330	0	9813
RAIL	16	16	17	52
FOLD	75	66	66	6429	6429	0	10276
RAIL	8	25	19	55
FOLD	76	67	67	6528	6528	0	10527
RAIL	16	16	19	56
FOLD	77	68	68	6624	6624	0	10728
RAIL	10	22	19	57
FOLD	78	69	69	6720	6720	0	10917
RAIL	16	16	19	58
FOLD	83	70	70	6819	6819	0	11599
RAIL	9	24	21	61
FOLD	84	71	71	6918	6918	0	11831
RAIL	16	16	21	62
FOLD	89	72	72	7017	7017	0	12497
RAIL	16	16	23	65
FOLD	90	73	73	7113	7113	0	12666
RAIL	16	16	23	66
FOLD	91	74	74	7209	7209	0	12832
RAIL	16	16	23	67
FOLD	98	75	75	7308	7308	0	13731
RAIL	14	18	26	71
FOLD	99	76	76	7404	7404	0	13920
RAIL	16	16	26	72
FOLD	110	77	77	7503	7503	0	15212
RAIL	6	26	31	78
FOLD	128	77	77	7509	7509	0	16945
RAIL	8	25	40	87
FOLD	129	78	78	7608	7608	0	17103
RAIL	16	16	40	88
FOLD	130	79	79	7704	7704	0	17610
RAIL	10	22	40	89
FOLD	131	80	80	7800	7800	0	17747
RAIL	16	16	40	90
FOLD	132	81	81	7896	7896	0	17888
RAIL	10	23	40	91
FOLD	133	82	82	7995	7995	0	18039
RAIL	16	16	40	92
FOLD	134	83	83	8091	8091	0	18194
RAIL	9	23	40	93
FOLD	135	84	84	8187	8187	0	18323
RAIL	16	16	40	94
FOLD	136	85	85	8283	8283	0	18474
RAIL	9	24	40	95
FOLD	137	86	86	8382	8382	0	18631
RAIL	16	16	40	96
FOLD	150	87	87	8484	8484	0	19723
RAIL	16	16	46	103
FOLD	151	88	88	8580	8580	0	19889
RAIL	14	18	46	104
FOLD	152	89	89	8676	8676	0	20035
RAIL	16	16	46	105
FOLD	159	90	90	8775	8775	0	20610
RAIL	13	20	49	109
FOLD	160	91	91	8874	8874	0	20731
RAIL	16	16	49	110
FOLD	173	92	92	8967	8967	0	21835
RAIL	16	16	55	117
FOLD	188	93	93	9069	9069	0	22998
RAIL	16	16	62	125
FOLD	193	94	94	9168	9168	0	23393
RAIL	16	16	64	128
FOLD	194	95	95	9264	9264	0	23527
RAIL	16	16	64	129
FOLD	201	96	96	9363	9363	0	24192
RAIL	14	18	67	133
FOLD	202	97	97	9459	9459	0	24322
RAIL	16	16	67	134
FOLD	211	98	98	9561	9561	0	24992
RAIL	16	16	71	139
FOLD	212	99	99	9657	9657	0	25123
RAIL	6	27	71	140
FOLD	215	100	100	9750	9750	0	25428
RAIL	16	16	72	142
FOLD	216	101	101	9846	9846	0	25556
RAIL	12	21	72	143
FOLD	217	102	102	9945	9945	0	25691
RAIL	16	16	72	144
FOLD	218	103	103	10041	10041	0	25817
RAIL	7	25	72	145
FOLD	219	104	104	10137	10137	0	25922
RAIL	16	16	72	146
FOLD	220	105	105	10233	10233	0	26053
RAIL	7	26	72	147
FOLD	255	106	106	10335	10335	0	28766
RAIL	16	16	89	165
FOLD	256	105	106	10239	10335	0	28799
RAIL	16	16	90	165
FOLD	260	107	107	10434	10434	0	29146
RAIL	16	16	91	168
FOLD	261	108	108	10530	10530	0	29290
RAIL	16	16	91	169
FOLD	262	109	109	10626	10626	0	29431
RAIL	16	16	91	170
FOLD	263	110	110	10722	10722	0	29576
RAIL	12	20	91	171
FOLD	264	111	111	10818	10818	0	29703
RAIL	16	16	91	172
FOLD	279	112	112	10920	10920	0	30960
RAIL	10	22	98	180
FOLD	304	113	113	11019	11019	0	33216
RAIL	16	16	110	193
FOLD	305	114	114	11115	11115	0	33458
RAIL	16	16	110	194
FOLD	306	115	115	11211	11211	0	33617
RAIL	13	19	110	195
FOLD	307	116	116	11307	11307	0	33739
RAIL	16	16	110	196
FOLD	314	117	117	11406	11406	0	34357
RAIL	12	21	113	200
FOLD	315	118	118	11505	11505	0	34477
RAIL	16	16	113	201
FOLD	358	119	119	11610	11610	0	37823
RAIL	16	16	134	223
FOLD	403	120	120	11703	11703	0	41466
RAIL	13	19	156	246
FOLD	512	109	120	10638	11703	0	49622
RAIL	11	22	216	295
FOLD	685	100	120	9756	11703	0	62251
RAIL	16	16	307	377
FRAME	16	15	1	3	62541
RESULT	closed	52999	62701	62545	779	1	1	143	381
