INPUT	3340713947	32	22	164
FRAME	1	0	1	1	22
FOLD	1	1	1	96	96	0	41
RAIL	2	30	0	0
CORRELATION	0	0	0	0
SQUARE	0	0
FOLD	2	1	1	99	99	0	51
RAIL	2	31	1	0
CORRELATION	0	0	0	0
SQUARE	0	0
FOLD	4	3	3	291	291	0	215
RAIL	16	17	2	1
CORRELATION	0	0	0	0
SQUARE	0	0
FOLD	5	5	5	486	486	0	362
RAIL	3	29	2	2
CORRELATION	0	0	0	0
SQUARE	0	0
FOLD	8	7	7	681	681	0	984
RAIL	15	18	4	3
CORRELATION	0	0	0	0
SQUARE	0	0
FOLD	9	9	9	876	876	0	1193
RAIL	4	28	4	4
CORRELATION	0	0	0	0
SQUARE	0	0
FOLD	12	11	11	1071	1071	0	1543
RAIL	14	19	6	5
CORRELATION	0	0	0	0
SQUARE	0	0
FOLD	13	13	13	1266	1266	0	1724
RAIL	5	27	6	6
CORRELATION	0	0	0	0
SQUARE	0	0
FOLD	14	15	15	1461	1461	0	1919
RAIL	5	28	6	7
CORRELATION	0	0	0	0
SQUARE	0	0
FOLD	15	17	17	1656	1656	0	2079
RAIL	13	19	6	8
CORRELATION	0	0	0	0
SQUARE	0	0
FOLD	16	19	19	1851	1851	0	2278
RAIL	13	20	6	9
CORRELATION	0	0	0	0
SQUARE	0	0
FOLD	17	21	21	2046	2046	0	2495
RAIL	6	26	6	10
CORRELATION	0	0	0	0
SQUARE	0	0
FOLD	18	23	23	2241	2241	0	2634
RAIL	6	27	6	11
CORRELATION	0	0	0	0
SQUARE	0	0
FOLD	19	25	25	2436	2436	0	2913
RAIL	12	20	6	12
CORRELATION	0	0	0	0
SQUARE	0	0
FOLD	20	27	27	2631	2631	0	3054
RAIL	12	21	6	13
CORRELATION	0	0	0	0
SQUARE	0	0
FOLD	21	29	29	2826	2826	0	3190
RAIL	7	25	6	14
CORRELATION	0	0	0	0
SQUARE	0	0
FOLD	22	31	31	3021	3021	0	3441
RAIL	7	26	6	15
CORRELATION	0	0	0	0
SQUARE	0	0
FOLD	23	33	33	3216	3216	0	3585
RAIL	11	21	6	16
CORRELATION	0	0	0	0
SQUARE	0	0
FOLD	24	35	35	3411	3411	0	3781
RAIL	11	22	6	17
CORRELATION	0	0	0	0
SQUARE	0	0
FOLD	25	37	37	3606	3606	0	3917
RAIL	8	24	6	18
CORRELATION	0	0	0	0
SQUARE	0	0
FOLD	26	39	39	3801	3801	0	4074
RAIL	8	25	6	19
CORRELATION	0	0	0	0
SQUARE	0	0
FOLD	27	41	41	3996	3996	0	4318
RAIL	10	22	6	20
CORRELATION	0	0	0	0
SQUARE	0	0
FOLD	28	43	43	4191	4191	0	4523
RAIL	10	23	6	21
CORRELATION	0	0	0	0
SQUARE	0	0
FOLD	29	45	45	4386	4386	0	4768
RAIL	9	23	6	22
CORRELATION	0	0	0	0
SQUARE	0	0
FOLD	30	47	47	4581	4581	0	4903
RAIL	9	24	6	23
CORRELATION	0	0	0	0
SQUARE	0	0
FOLD	30	47	47	4581	4581	0	5568
RAIL	9	24	6	24
CORRELATION	0	0	502	772
SQUARE	1	37
FOLD	30	47	47	4581	4581	0	5588
RAIL	9	24	6	24
CORRELATION	0	0	502	772
SQUARE	2	65
FOLD	30	47	47	4581	4581	0	5598
RAIL	9	24	6	24
CORRELATION	0	0	502	772
SQUARE	4	67
FOLD	30	47	47	4581	4581	0	5612
RAIL	9	24	6	24
CORRELATION	0	0	502	772
SQUARE	8	69
FOLD	30	47	47	4581	4581	0	5634
RAIL	9	24	6	24
CORRELATION	0	0	502	772
SQUARE	16	71
FOLD	30	47	47	4581	4581	0	5674
RAIL	9	24	6	24
CORRELATION	0	0	502	772
SQUARE	32	74
FOLD	30	47	47	4581	4581	0	5703
RAIL	9	24	6	24
CORRELATION	1	0	502	772
SQUARE	32	74
FOLD	30	47	47	4581	4581	0	5779
RAIL	9	24	6	24
CORRELATION	1	0	502	772
SQUARE	64	76
FOLD	30	47	47	4581	4581	0	5791
RAIL	9	24	6	24
CORRELATION	2	0	502	772
SQUARE	64	76
FOLD	30	47	47	4581	4581	0	5827
RAIL	9	24	6	24
CORRELATION	2	0	502	772
SQUARE	78	79
FRAME	16	15	1	3	6274
RESULT	closed	53717	62191	6295	1149	1	1	143	381
