INPUT	11647198307356338841	64	27	324
FRAME	1	0	1	1	16
FOLD	1	1	1	192	192	0	33
RAIL	2	62	0	0
CORRELATION	0	0	0	0
SQUARE	0	0
FOLD	2	1	1	195	195	0	75
RAIL	2	63	1	0
CORRELATION	0	0	0	0
SQUARE	0	0
FOLD	4	3	3	579	579	0	413
RAIL	32	33	2	1
CORRELATION	0	0	0	0
SQUARE	0	0
FOLD	5	5	5	966	966	0	710
RAIL	3	61	2	2
CORRELATION	0	0	0	0
SQUARE	0	0
FOLD	8	7	7	1353	1353	0	2080
RAIL	31	34	4	3
CORRELATION	0	0	0	0
SQUARE	0	0
FOLD	9	9	9	1740	1740	0	2406
RAIL	4	60	4	4
CORRELATION	0	0	0	0
SQUARE	0	0
FOLD	10	11	11	2127	2127	0	2663
RAIL	4	61	4	5
CORRELATION	0	0	0	0
SQUARE	0	0
FOLD	12	13	13	2511	2511	0	2968
RAIL	30	35	5	6
CORRELATION	0	0	0	0
SQUARE	0	0
FOLD	13	15	15	2898	2898	0	3250
RAIL	5	59	5	7
CORRELATION	0	0	0	0
SQUARE	0	0
FOLD	14	17	17	3285	3285	0	3559
RAIL	5	60	5	8
CORRELATION	0	0	0	0
SQUARE	0	0
FOLD	16	19	19	3669	3669	0	3929
RAIL	29	36	6	9
CORRELATION	0	0	0	0
SQUARE	0	0
FOLD	17	21	21	4056	4056	0	4296
RAIL	6	58	6	10
CORRELATION	0	0	0	0
SQUARE	0	0
FOLD	18	23	23	4443	4443	0	4539
RAIL	6	59	6	11
CORRELATION	0	0	0	0
SQUARE	0	0
FOLD	19	25	25	4830	4830	0	4794
RAIL	28	36	6	12
CORRELATION	0	0	0	0
SQUARE	0	0
FOLD	20	27	27	5217	5217	0	5085
RAIL	28	37	6	13
CORRELATION	0	0	0	0
SQUARE	0	0
FOLD	21	29	29	5604	5604	0	5372
RAIL	7	57	6	14
CORRELATION	0	0	0	0
SQUARE	0	0
FOLD	22	31	31	5991	5991	0	5854
RAIL	7	58	6	15
CORRELATION	0	0	0	0
SQUARE	0	0
FOLD	23	33	33	6378	6378	0	6155
RAIL	27	37	6	16
CORRELATION	0	0	0	0
SQUARE	0	0
FOLD	24	35	35	6765	6765	0	6452
RAIL	27	38	6	17
CORRELATION	0	0	0	0
SQUARE	0	0
FOLD	25	37	37	7152	7152	0	6722
RAIL	8	56	6	18
CORRELATION	0	0	0	0
SQUARE	0	0
FOLD	26	39	39	7539	7539	0	6996
RAIL	8	57	6	19
CORRELATION	0	0	0	0
SQUARE	0	0
FOLD	27	41	41	7926	7926	0	7285
RAIL	26	38	6	20
CORRELATION	0	0	0	0
SQUARE	0	0
FOLD	28	43	43	8313	8313	0	7720
RAIL	26	39	6	21
CORRELATION	0	0	0	0
SQUARE	0	0
FOLD	29	45	45	8700	8700	0	8034
RAIL	9	55	6	22
CORRELATION	0	0	0	0
SQUARE	0	0
FOLD	30	47	47	9087	9087	0	8279
RAIL	9	56	6	23
CORRELATION	0	0	0	0
SQUARE	0	0
FOLD	31	49	49	9474	9474	0	8591
RAIL	25	39	6	24
CORRELATION	0	0	0	0
SQUARE	0	0
FOLD	32	51	51	9861	9861	0	9798
RAIL	25	40	6	25
CORRELATION	0	0	0	0
SQUARE	0	0
FOLD	33	53	53	10248	10248	0	10176
RAIL	10	54	6	26
CORRELATION	0	0	0	0
SQUARE	0	0
FOLD	34	55	55	10635	10635	0	10468
RAIL	10	55	6	27
CORRELATION	0	0	0	0
SQUARE	0	0
FOLD	35	57	57	11022	11022	0	10729
RAIL	24	40	6	28
CORRELATION	0	0	0	0
SQUARE	0	0
FOLD	36	59	59	11409	11409	0	10974
RAIL	24	41	6	29
CORRELATION	0	0	0	0
SQUARE	0	0
FOLD	37	61	61	11796	11796	0	11277
RAIL	11	53	6	30
CORRELATION	0	0	0	0
SQUARE	0	0
FOLD	38	63	63	12183	12183	0	11524
RAIL	11	54	6	31
CORRELATION	0	0	0	0
SQUARE	0	0
FOLD	39	65	65	12570	12570	0	11798
RAIL	23	41	6	32
CORRELATION	0	0	0	0
SQUARE	0	0
FOLD	40	67	67	12957	12957	0	12085
RAIL	23	42	6	33
CORRELATION	0	0	0	0
SQUARE	0	0
FOLD	41	69	69	13344	13344	0	12505
RAIL	12	52	6	34
CORRELATION	0	0	0	0
SQUARE	0	0
FOLD	42	71	71	13731	13731	0	12732
RAIL	12	53	6	35
CORRELATION	0	0	0	0
SQUARE	0	0
FOLD	43	73	73	14118	14118	0	12996
RAIL	22	42	6	36
CORRELATION	0	0	0	0
SQUARE	0	0
FOLD	44	75	75	14505	14505	0	13306
RAIL	22	43	6	37
CORRELATION	0	0	0	0
SQUARE	0	0
FOLD	45	77	77	14892	14892	0	13643
RAIL	13	51	6	38
CORRELATION	0	0	0	0
SQUARE	0	0
FOLD	46	79	79	15279	15279	0	14821
RAIL	13	52	6	39
CORRELATION	0	0	0	0
SQUARE	0	0
FOLD	47	81	81	15666	15666	0	15121
RAIL	21	43	6	40
CORRELATION	0	0	0	0
SQUARE	0	0
FOLD	48	83	83	16053	16053	0	15413
RAIL	21	44	6	41
CORRELATION	0	0	0	0
SQUARE	0	0
FOLD	49	85	85	16440	16440	0	15701
RAIL	14	50	6	42
CORRELATION	0	0	0	0
SQUARE	0	0
FOLD	50	87	87	16827	16827	0	15979
RAIL	14	51	6	43
CORRELATION	0	0	0	0
SQUARE	0	0
FOLD	51	89	89	17214	17214	0	16254
RAIL	20	44	6	44
CORRELATION	0	0	0	0
SQUARE	0	0
FOLD	52	91	91	17601	17601	0	16660
RAIL	20	45	6	45
CORRELATION	0	0	0	0
SQUARE	0	0
FOLD	53	93	93	17988	17988	0	17013
RAIL	15	49	6	46
CORRELATION	0	0	0	0
SQUARE	0	0
FOLD	54	95	95	18375	18375	0	17260
RAIL	15	50	6	47
CORRELATION	0	0	0	0
SQUARE	0	0
FOLD	55	97	97	18762	18762	0	17536
RAIL	19	45	6	48
CORRELATION	0	0	0	0
SQUARE	0	0
FOLD	56	99	99	19149	19149	0	17884
RAIL	19	46	6	49
CORRELATION	0	0	0	0
SQUARE	0	0
FOLD	57	101	101	19536	19536	0	18178
RAIL	16	48	6	50
CORRELATION	0	0	0	0
SQUARE	0	0
FOLD	58	103	103	19923	19923	0	18492
RAIL	16	49	6	51
CORRELATION	0	0	0	0
SQUARE	0	0
FOLD	59	105	105	20310	20310	0	18746
RAIL	18	46	6	52
CORRELATION	0	0	0	0
SQUARE	0	0
FOLD	60	107	107	20697	20697	0	20041
RAIL	18	47	6	53
CORRELATION	0	0	0	0
SQUARE	0	0
FOLD	61	109	109	21084	21084	0	20351
RAIL	17	47	6	54
CORRELATION	0	0	0	0
SQUARE	0	0
FOLD	62	111	111	21471	21471	0	20660
RAIL	17	48	6	55
CORRELATION	0	0	0	0
SQUARE	0	0
FOLD	62	111	111	21471	21471	0	21720
RAIL	17	48	6	56
CORRELATION	0	0	2040	3094
SQUARE	1	69
FOLD	62	111	111	21471	21471	0	21728
RAIL	17	48	6	56
CORRELATION	0	0	2040	3094
SQUARE	2	70
FOLD	62	111	111	21471	21471	0	21734
RAIL	17	48	6	56
CORRELATION	0	0	2040	3094
SQUARE	4	70
FOLD	62	111	111	21471	21471	0	21763
RAIL	17	48	6	56
CORRELATION	0	0	2040	3094
SQUARE	8	125
FOLD	62	111	111	21471	21471	0	21779
RAIL	17	48	6	56
CORRELATION	0	0	2040	3094
SQUARE	16	127
FOLD	62	111	111	21471	21471	0	21800
RAIL	17	48	6	56
CORRELATION	0	0	2040	3094
SQUARE	32	130
FOLD	62	111	111	21471	21471	0	21841
RAIL	17	48	6	56
CORRELATION	0	0	2040	3094
SQUARE	64	132
FOLD	62	111	111	21471	21471	0	21897
RAIL	17	48	6	56
CORRELATION	1	0	2040	3094
SQUARE	64	132
FOLD	62	111	111	21471	21471	0	21971
RAIL	17	48	6	56
CORRELATION	1	0	2040	3094
SQUARE	128	135
FOLD	62	111	111	21471	21471	0	21983
RAIL	17	48	6	56
CORRELATION	2	0	2040	3094
SQUARE	128	135
FOLD	63	112	112	21666	21666	0	22069
RAIL	32	32	6	56
CORRELATION	3	0	2040	3094
SQUARE	192	137
FOLD	63	112	112	21666	21666	0	22378
RAIL	32	32	6	57
CORRELATION	3	0	2040	3094
SQUARE	256	137
FOLD	63	112	112	21666	21666	0	22405
RAIL	32	32	6	57
CORRELATION	4	0	2040	3094
SQUARE	256	137
FOLD	64	113	113	21858	21858	0	22409
RAIL	32	33	6	57
CORRELATION	4	0	2040	3094
SQUARE	256	137
FOLD	65	114	114	22053	22053	0	22928
RAIL	31	33	6	58
CORRELATION	7	0	2040	3094
SQUARE	448	140
FOLD	65	114	114	22053	22053	0	23258
RAIL	31	33	6	59
CORRELATION	7	0	2040	3094
SQUARE	512	140
FOLD	65	114	114	22053	22053	0	23286
RAIL	31	33	6	59
CORRELATION	8	0	2040	3094
SQUARE	512	140
FOLD	66	115	115	22245	22245	0	23291
RAIL	31	34	6	59
CORRELATION	8	0	2040	3094
SQUARE	512	140
FOLD	67	116	116	22440	22440	0	23641
RAIL	4	60	6	60
CORRELATION	9	0	2040	3094
SQUARE	576	140
FOLD	70	117	117	22635	22635	0	24557
RAIL	5	59	7	62
CORRELATION	13	0	2040	3094
SQUARE	832	142
FOLD	71	116	117	22443	22635	0	25121
RAIL	29	35	8	63
CORRELATION	15	0	2040	3094
SQUARE	1024	142
FOLD	71	116	117	22443	22635	0	25289
RAIL	29	35	8	63
CORRELATION	16	0	2040	3094
SQUARE	1024	142
FOLD	73	118	118	22830	22830	0	25663
RAIL	6	58	8	64
CORRELATION	17	0	2040	3094
SQUARE	1088	142
FOLD	74	119	119	23022	23022	0	26007
RAIL	6	59	8	65
CORRELATION	18	0	2040	3094
SQUARE	1152	142
FOLD	77	120	120	23214	23214	0	26836
RAIL	7	57	9	67
CORRELATION	21	0	2040	3094
SQUARE	1344	145
FOLD	78	121	121	23406	23406	0	27171
RAIL	7	58	9	68
CORRELATION	22	0	2040	3094
SQUARE	1408	145
FOLD	79	122	122	23601	23601	0	27537
RAIL	27	37	9	69
CORRELATION	23	0	2040	3094
SQUARE	1472	145
FOLD	80	123	123	23793	23793	0	27925
RAIL	27	38	9	70
CORRELATION	24	0	2040	3094
SQUARE	1536	145
FOLD	81	124	124	23988	23988	0	28273
RAIL	8	56	9	71
CORRELATION	25	0	2040	3094
SQUARE	1600	145
FOLD	82	125	125	24180	24180	0	28630
RAIL	8	57	9	72
CORRELATION	26	0	2040	3094
SQUARE	1664	145
FOLD	83	126	126	24375	24375	0	28962
RAIL	26	38	9	73
CORRELATION	27	0	2040	3094
SQUARE	1728	145
FOLD	84	127	127	24567	24567	0	29372
RAIL	26	39	9	74
CORRELATION	28	0	2040	3094
SQUARE	1792	145
FOLD	85	128	128	24762	24762	0	29837
RAIL	9	55	9	75
CORRELATION	29	0	2040	3094
SQUARE	1856	145
FOLD	86	129	129	24954	24954	0	30799
RAIL	9	56	9	76
CORRELATION	30	3	2040	3094
SQUARE	1920	145
FOLD	87	130	130	25149	25149	0	31211
RAIL	25	39	9	77
CORRELATION	31	3	2040	3094
SQUARE	1984	145
FOLD	87	130	130	25149	25149	0	31605
RAIL	25	39	9	78
CORRELATION	31	3	2040	3094
SQUARE	2048	145
FOLD	87	130	130	25149	25149	0	31875
RAIL	25	39	9	78
CORRELATION	32	5	2040	3094
SQUARE	2048	145
FOLD	88	131	131	25341	25341	0	31929
RAIL	25	40	9	78
CORRELATION	32	5	2040	3094
SQUARE	2048	145
FOLD	89	132	132	25536	25536	0	32650
RAIL	10	54	9	79
CORRELATION	33	7	2040	3094
SQUARE	2112	145
FOLD	90	133	133	25728	25728	0	32996
RAIL	10	55	9	80
CORRELATION	34	7	2040	3094
SQUARE	2176	145
FOLD	91	134	134	25923	25923	0	33363
RAIL	24	40	9	81
CORRELATION	35	7	2040	3094
SQUARE	2240	145
FOLD	92	135	135	26115	26115	0	34208
RAIL	24	41	9	82
CORRELATION	36	9	2040	3094
SQUARE	2304	145
FOLD	93	136	136	26310	26310	0	34802
RAIL	11	53	9	83
CORRELATION	37	11	2040	3094
SQUARE	2368	145
FOLD	94	137	137	26502	26502	0	35164
RAIL	11	54	9	84
CORRELATION	38	11	2040	3094
SQUARE	2432	145
FOLD	95	138	138	26697	26697	0	35952
RAIL	23	41	9	85
CORRELATION	39	13	2040	3094
SQUARE	2496	145
FOLD	96	139	139	26889	26889	0	37012
RAIL	23	42	9	86
CORRELATION	40	15	2040	3094
SQUARE	2560	145
FOLD	97	140	140	27084	27084	0	37369
RAIL	12	52	9	87
CORRELATION	41	15	2040	3094
SQUARE	2624	147
FOLD	98	141	141	27276	27276	0	37694
RAIL	12	53	9	88
CORRELATION	42	15	2040	3094
SQUARE	2688	147
FOLD	99	142	142	27471	27471	0	38032
RAIL	22	42	9	89
CORRELATION	43	15	2040	3094
SQUARE	2752	147
FOLD	100	143	143	27663	27663	0	38376
RAIL	22	43	9	90
CORRELATION	44	15	2040	3094
SQUARE	2816	147
FOLD	101	144	144	27858	27858	0	38812
RAIL	13	51	9	91
CORRELATION	45	15	2040	3094
SQUARE	2880	147
FOLD	102	145	145	28050	28050	0	39153
RAIL	13	52	9	92
CORRELATION	46	16	2040	3094
SQUARE	2944	147
FOLD	103	146	146	28245	28245	0	40000
RAIL	21	43	9	93
CORRELATION	47	18	2040	3094
SQUARE	3008	147
FOLD	104	147	147	28437	28437	0	40335
RAIL	21	44	9	94
CORRELATION	48	18	2040	3094
SQUARE	3072	147
FOLD	105	148	148	28632	28632	0	41024
RAIL	14	50	9	95
CORRELATION	49	21	2040	3094
SQUARE	3136	147
FOLD	106	149	149	28824	28824	0	42058
RAIL	14	51	9	96
CORRELATION	50	23	2040	3094
SQUARE	3200	147
FOLD	107	150	150	29019	29019	0	42410
RAIL	20	44	9	97
CORRELATION	51	23	2040	3094
SQUARE	3264	147
FOLD	108	151	151	29211	29211	0	42801
RAIL	20	45	9	98
CORRELATION	52	23	2040	3094
SQUARE	3328	147
FOLD	109	152	152	29406	29406	0	43524
RAIL	15	49	9	99
CORRELATION	53	26	2040	3094
SQUARE	3392	147
FOLD	110	153	153	29598	29598	0	44525
RAIL	15	50	9	100
CORRELATION	54	27	2040	3094
SQUARE	3456	147
FOLD	111	154	154	29793	29793	0	45039
RAIL	19	45	9	101
CORRELATION	55	29	2040	3094
SQUARE	3520	147
FOLD	112	155	155	29985	29985	0	45364
RAIL	19	46	9	102
CORRELATION	56	29	2040	3094
SQUARE	3584	147
FOLD	113	156	156	30180	30180	0	45765
RAIL	16	48	9	103
CORRELATION	57	29	2040	3094
SQUARE	3648	147
FOLD	114	157	157	30372	30372	0	46388
RAIL	16	49	9	104
CORRELATION	58	31	2040	3094
SQUARE	3712	147
FOLD	115	158	158	30567	30567	0	46972
RAIL	18	46	9	105
CORRELATION	59	33	2040	3094
SQUARE	3776	147
FOLD	116	159	159	30759	30759	0	47280
RAIL	18	47	9	106
CORRELATION	60	33	2040	3094
SQUARE	3840	147
FOLD	117	160	160	30954	30954	0	47608
RAIL	17	47	9	107
CORRELATION	61	33	2040	3094
SQUARE	3904	147
FOLD	118	161	161	31146	31146	0	49129
RAIL	17	48	9	108
CORRELATION	62	37	2040	3094
SQUARE	3968	147
FOLD	118	161	161	31146	31146	0	49520
RAIL	17	48	9	109
CORRELATION	63	37	2040	3094
SQUARE	4096	147
FOLD	118	161	161	31146	31146	0	49546
RAIL	17	48	9	109
CORRELATION	64	37	2040	3094
SQUARE	4096	147
FOLD	119	162	162	31341	31341	0	49629
RAIL	32	32	9	109
CORRELATION	65	37	2040	3094
SQUARE	4160	147
FOLD	120	163	163	31533	31533	0	49971
RAIL	32	33	9	110
CORRELATION	66	37	2040	3094
SQUARE	4224	147
FOLD	121	164	164	31728	31728	0	50477
RAIL	31	33	9	111
CORRELATION	69	37	2040	3094
SQUARE	4416	147
FOLD	122	165	165	31920	31920	0	51221
RAIL	31	34	9	112
CORRELATION	70	40	2040	3094
SQUARE	4480	147
FOLD	123	166	166	32115	32115	0	51547
RAIL	4	60	9	113
CORRELATION	71	40	2040	3094
SQUARE	4544	147
FOLD	126	167	167	32310	32310	0	53136
RAIL	5	59	10	115
CORRELATION	75	46	2040	3094
SQUARE	4800	147
FOLD	128	167	167	32310	32310	0	54162
RAIL	29	36	11	116
CORRELATION	78	49	2040	3094
SQUARE	4992	147
FOLD	129	168	168	32505	32505	0	54641
RAIL	6	58	11	117
CORRELATION	79	51	2040	3094
SQUARE	5056	147
FOLD	134	169	169	32697	32697	0	56493
RAIL	7	58	13	120
CORRELATION	84	56	2040	3094
SQUARE	5376	150
FOLD	137	170	170	32889	32889	0	57784
RAIL	8	56	14	122
CORRELATION	87	60	2040	3094
SQUARE	5568	150
FOLD	138	171	171	33081	33081	0	58872
RAIL	8	57	14	123
CORRELATION	88	62	2040	3094
SQUARE	5632	150
FOLD	141	172	172	33273	33273	0	59797
RAIL	9	55	15	125
CORRELATION	91	62	2040	3094
SQUARE	5824	150
FOLD	142	173	173	33465	33465	0	60815
RAIL	9	56	15	126
CORRELATION	92	65	2040	3094
SQUARE	5888	150
FOLD	143	174	174	33660	33660	0	61208
RAIL	25	39	15	127
CORRELATION	93	65	2040	3094
SQUARE	5952	150
FOLD	144	175	175	33852	33852	0	62133
RAIL	25	40	15	128
CORRELATION	94	68	2040	3094
SQUARE	6016	150
FOLD	145	176	176	34047	34047	0	62496
RAIL	10	54	15	129
CORRELATION	95	68	2040	3094
SQUARE	6080	150
FOLD	146	177	177	34239	34239	0	62913
RAIL	10	55	15	130
CORRELATION	96	68	2040	3094
SQUARE	6144	150
FOLD	147	178	178	34434	34434	0	63527
RAIL	24	40	15	131
CORRELATION	97	70	2040	3094
SQUARE	6208	150
FOLD	148	179	179	34626	34626	0	64218
RAIL	24	41	15	132
CORRELATION	98	72	2040	3094
SQUARE	6272	150
FOLD	149	180	180	34821	34821	0	65263
RAIL	11	53	15	133
CORRELATION	99	74	2040	3094
SQUARE	6336	150
FOLD	150	181	181	35013	35013	0	65558
RAIL	11	54	15	134
CORRELATION	100	74	2040	3094
SQUARE	6400	150
FOLD	151	182	182	35208	35208	0	65885
RAIL	23	41	15	135
CORRELATION	101	74	2040	3094
SQUARE	6464	150
FOLD	152	183	183	35400	35400	0	66192
RAIL	23	42	15	136
CORRELATION	102	74	2040	3094
SQUARE	6528	150
FOLD	153	184	184	35595	35595	0	66510
RAIL	12	52	15	137
CORRELATION	103	74	2040	3094
SQUARE	6592	150
FOLD	154	185	185	35787	35787	0	66865
RAIL	12	53	15	138
CORRELATION	104	74	2040	3094
SQUARE	6656	150
FOLD	155	186	186	35982	35982	0	67226
RAIL	22	42	15	139
CORRELATION	105	74	2040	3094
SQUARE	6720	150
FOLD	156	187	187	36174	36174	0	67529
RAIL	22	43	15	140
CORRELATION	106	74	2040	3094
SQUARE	6784	150
FOLD	157	188	188	36369	36369	0	67852
RAIL	13	51	15	141
CORRELATION	107	74	2040	3094
SQUARE	6848	150
FOLD	158	189	189	36561	36561	0	68202
RAIL	13	52	15	142
CORRELATION	108	74	2040	3094
SQUARE	6912	150
FOLD	159	190	190	36756	36756	0	68585
RAIL	21	43	15	143
CORRELATION	109	75	2040	3094
SQUARE	6976	150
FOLD	160	191	191	36948	36948	0	68949
RAIL	21	44	15	144
CORRELATION	110	75	2040	3094
SQUARE	7040	150
FOLD	161	192	192	37143	37143	0	69760
RAIL	14	50	15	145
CORRELATION	111	77	2040	3094
SQUARE	7104	150
FOLD	162	193	193	37335	37335	0	70117
RAIL	14	51	15	146
CORRELATION	112	77	2040	3094
SQUARE	7168	150
FOLD	163	194	194	37530	37530	0	70840
RAIL	20	44	15	147
CORRELATION	113	79	2040	3094
SQUARE	7232	150
FOLD	164	195	195	37722	37722	0	71377
RAIL	20	45	15	148
CORRELATION	114	80	2040	3094
SQUARE	7296	150
FOLD	165	196	196	37917	37917	0	71743
RAIL	15	49	15	149
CORRELATION	115	80	2040	3094
SQUARE	7360	150
FOLD	166	197	197	38109	38109	0	72453
RAIL	15	50	15	150
CORRELATION	116	82	2040	3094
SQUARE	7424	150
FOLD	167	198	198	38304	38304	0	72771
RAIL	19	45	15	151
CORRELATION	117	82	2040	3094
SQUARE	7488	150
FOLD	168	199	199	38496	38496	0	73217
RAIL	19	46	15	152
CORRELATION	118	83	2040	3094
SQUARE	7552	150
FOLD	169	200	200	38691	38691	0	73783
RAIL	16	48	15	153
CORRELATION	119	85	2040	3094
SQUARE	7616	150
FOLD	170	201	201	38883	38883	0	74253
RAIL	16	49	15	154
CORRELATION	120	86	2040	3094
SQUARE	7680	150
FOLD	171	202	202	39078	39078	0	75014
RAIL	18	46	15	155
CORRELATION	121	88	2040	3094
SQUARE	7744	150
FOLD	172	203	203	39270	39270	0	75411
RAIL	18	47	15	156
CORRELATION	122	89	2040	3094
SQUARE	7808	150
FOLD	173	204	204	39465	39465	0	75803
RAIL	17	47	15	157
CORRELATION	123	89	2040	3094
SQUARE	7872	150
FOLD	174	205	205	39657	39657	0	76300
RAIL	17	48	15	158
CORRELATION	124	89	2040	3094
SQUARE	7936	150
FOLD	175	206	206	39852	39852	0	77566
RAIL	32	32	15	159
CORRELATION	127	93	2040	3094
SQUARE	8128	150
FOLD	175	206	206	39852	39852	0	77897
RAIL	32	32	15	160
CORRELATION	127	93	2040	3094
SQUARE	8192	150
FOLD	175	206	206	39852	39852	0	77958
RAIL	32	32	15	160
CORRELATION	128	93	2040	3094
SQUARE	8192	150
FOLD	176	207	207	40044	40044	0	77963
RAIL	32	33	15	160
CORRELATION	128	93	2040	3094
SQUARE	8192	150
FOLD	177	208	208	40239	40239	0	79112
RAIL	31	33	15	161
CORRELATION	131	98	2040	3094
SQUARE	8384	150
FOLD	178	209	209	40431	40431	0	79493
RAIL	31	34	15	162
CORRELATION	132	98	2040	3094
SQUARE	8448	150
FOLD	179	210	210	40626	40626	0	80431
RAIL	30	34	15	163
CORRELATION	135	101	2040	3094
SQUARE	8640	150
FOLD	180	211	211	40818	40818	0	80766
RAIL	30	35	15	164
CORRELATION	136	101	2040	3094
SQUARE	8704	150
FOLD	181	212	212	41013	41013	0	81791
RAIL	29	35	15	165
CORRELATION	139	105	2040	3094
SQUARE	8896	150
FOLD	182	213	213	41205	41205	0	82470
RAIL	29	36	15	166
CORRELATION	140	108	2040	3094
SQUARE	8960	150
FOLD	183	214	214	41400	41400	0	82798
RAIL	6	58	15	167
CORRELATION	141	108	2040	3094
SQUARE	9024	150
FOLD	186	215	215	41595	41595	0	84198
RAIL	7	57	16	169
CORRELATION	145	111	2040	3094
SQUARE	9280	150
FOLD	191	216	216	41787	41787	0	86314
RAIL	8	57	18	172
CORRELATION	150	117	2040	3094
SQUARE	9600	150
FOLD	194	217	217	41979	41979	0	87500
RAIL	9	55	19	174
CORRELATION	153	119	2040	3094
SQUARE	9792	150
FOLD	195	218	218	42171	42171	0	88534
RAIL	9	56	19	175
CORRELATION	154	122	2040	3094
SQUARE	9856	150
FOLD	198	219	219	42363	42363	0	90322
RAIL	10	54	20	177
CORRELATION	157	126	2040	3094
SQUARE	10048	150
FOLD	199	220	220	42555	42555	0	90734
RAIL	10	55	20	178
CORRELATION	158	126	2040	3094
SQUARE	10112	150
FOLD	200	221	221	42750	42750	0	91183
RAIL	24	40	20	179
CORRELATION	159	127	2040	3094
SQUARE	10176	150
FOLD	201	222	222	42942	42942	0	91600
RAIL	24	41	20	180
CORRELATION	160	127	2040	3094
SQUARE	10240	150
FOLD	202	223	223	43137	43137	0	92121
RAIL	11	53	20	181
CORRELATION	161	127	2040	3094
SQUARE	10304	150
FOLD	203	224	224	43329	43329	0	93250
RAIL	11	54	20	182
CORRELATION	162	131	2040	3094
SQUARE	10368	152
FOLD	204	225	225	43524	43524	0	93621
RAIL	23	41	20	183
CORRELATION	163	131	2040	3094
SQUARE	10432	152
FOLD	205	226	226	43716	43716	0	94518
RAIL	23	42	20	184
CORRELATION	164	134	2040	3094
SQUARE	10496	152
FOLD	206	227	227	43911	43911	0	94917
RAIL	12	52	20	185
CORRELATION	165	134	2040	3094
SQUARE	10560	152
FOLD	207	228	228	44103	44103	0	95237
RAIL	12	53	20	186
CORRELATION	166	134	2040	3094
SQUARE	10624	152
FOLD	208	229	229	44298	44298	0	95567
RAIL	22	42	20	187
CORRELATION	167	134	2040	3094
SQUARE	10688	152
FOLD	209	230	230	44490	44490	0	96005
RAIL	22	43	20	188
CORRELATION	168	134	2040	3094
SQUARE	10752	152
FOLD	210	231	231	44685	44685	0	96427
RAIL	13	51	20	189
CORRELATION	169	134	2040	3094
SQUARE	10816	152
FOLD	211	232	232	44877	44877	0	96941
RAIL	13	52	20	190
CORRELATION	170	136	2040	3094
SQUARE	10880	152
FOLD	212	233	233	45072	45072	0	97471
RAIL	21	43	20	191
CORRELATION	171	138	2040	3094
SQUARE	10944	152
FOLD	213	234	234	45264	45264	0	97853
RAIL	21	44	20	192
CORRELATION	172	138	2040	3094
SQUARE	11008	152
FOLD	214	235	235	45459	45459	0	98699
RAIL	14	50	20	193
CORRELATION	173	140	2040	3094
SQUARE	11072	152
FOLD	215	236	236	45651	45651	0	99505
RAIL	14	51	20	194
CORRELATION	174	142	2040	3094
SQUARE	11136	152
FOLD	216	237	237	45846	45846	0	99876
RAIL	20	44	20	195
CORRELATION	175	142	2040	3094
SQUARE	11200	152
FOLD	217	238	238	46038	46038	0	100309
RAIL	20	45	20	196
CORRELATION	176	142	2040	3094
SQUARE	11264	152
FOLD	218	239	239	46233	46233	0	100939
RAIL	15	49	20	197
CORRELATION	177	144	2040	3094
SQUARE	11328	152
FOLD	219	240	240	46425	46425	0	101326
RAIL	15	50	20	198
CORRELATION	178	145	2040	3094
SQUARE	11392	152
FOLD	220	241	241	46620	46620	0	101798
RAIL	19	45	20	199
CORRELATION	179	145	2040	3094
SQUARE	11456	152
FOLD	221	242	242	46812	46812	0	102186
RAIL	19	46	20	200
CORRELATION	180	145	2040	3094
SQUARE	11520	152
FOLD	222	243	243	47007	47007	0	103089
RAIL	16	48	20	201
CORRELATION	181	148	2040	3094
SQUARE	11584	152
FOLD	223	244	244	47199	47199	0	103568
RAIL	16	49	20	202
CORRELATION	182	148	2040	3094
SQUARE	11648	152
FOLD	224	245	245	47394	47394	0	104456
RAIL	18	46	20	203
CORRELATION	183	151	2040	3094
SQUARE	11712	152
FOLD	225	246	246	47586	47586	0	104845
RAIL	18	47	20	204
CORRELATION	184	151	2040	3094
SQUARE	11776	152
FOLD	226	247	247	47781	47781	0	105199
RAIL	17	47	20	205
CORRELATION	185	151	2040	3094
SQUARE	11840	152
FOLD	227	248	248	47973	47973	0	105533
RAIL	17	48	20	206
CORRELATION	186	151	2040	3094
SQUARE	11904	152
FOLD	228	249	249	48168	48168	0	106715
RAIL	32	32	20	207
CORRELATION	189	155	2040	3094
SQUARE	12096	152
FOLD	229	250	250	48360	48360	0	107043
RAIL	32	33	20	208
CORRELATION	190	155	2040	3094
SQUARE	12160	152
FOLD	230	251	251	48555	48555	0	108230
RAIL	31	33	20	209
CORRELATION	193	158	2040	3094
SQUARE	12352	152
FOLD	231	252	252	48747	48747	0	109623
RAIL	31	34	20	210
CORRELATION	194	162	2040	3094
SQUARE	12416	152
FOLD	232	253	253	48942	48942	0	110494
RAIL	30	34	20	211
CORRELATION	197	164	2040	3094
SQUARE	12608	152
FOLD	233	254	254	49134	49134	0	111248
RAIL	30	35	20	212
CORRELATION	198	166	2040	3094
SQUARE	12672	152
FOLD	234	255	255	49329	49329	0	112108
RAIL	29	35	20	213
CORRELATION	201	169	2040	3094
SQUARE	12864	152
FOLD	235	256	256	49521	49521	0	112428
RAIL	29	36	20	214
CORRELATION	202	169	2040	3094
SQUARE	12928	152
FOLD	236	257	257	49716	49716	0	112764
RAIL	6	58	20	215
CORRELATION	203	169	2040	3094
SQUARE	12992	152
FOLD	237	258	258	49908	49908	0	113225
RAIL	28	36	20	216
CORRELATION	205	169	2040	3094
SQUARE	13120	152
FOLD	238	259	259	50100	50100	0	113599
RAIL	28	37	20	217
CORRELATION	206	169	2040	3094
SQUARE	13184	152
FOLD	239	260	260	50295	50295	0	113926
RAIL	7	57	20	218
CORRELATION	207	169	2040	3094
SQUARE	13248	152
FOLD	246	261	261	50490	50490	0	116692
RAIL	26	39	23	222
CORRELATION	214	175	2040	3094
SQUARE	13696	152
FOLD	247	262	262	50685	50685	0	117092
RAIL	9	55	23	223
CORRELATION	215	175	2040	3094
SQUARE	13760	152
FOLD	248	263	263	50877	50877	0	118223
RAIL	9	56	23	224
CORRELATION	216	178	2040	3094
SQUARE	13824	152
FOLD	251	264	264	51069	51069	0	120226
RAIL	10	54	24	226
CORRELATION	219	180	2040	3094
SQUARE	14016	152
FOLD	252	265	265	51261	51261	0	120590
RAIL	10	55	24	227
CORRELATION	220	180	2040	3094
SQUARE	14080	152
FOLD	255	266	266	51453	51453	0	122083
RAIL	11	53	25	229
CORRELATION	223	185	2040	3094
SQUARE	14272	152
FOLD	256	267	267	51645	51645	0	122564
RAIL	11	54	25	230
CORRELATION	224	187	2040	3094
SQUARE	14336	152
FOLD	257	268	268	51840	51840	0	123293
RAIL	23	41	25	231
CORRELATION	225	189	2040	3094
SQUARE	14400	152
FOLD	258	269	269	52032	52032	0	123655
RAIL	23	42	25	232
CORRELATION	226	189	2040	3094
SQUARE	14464	152
FOLD	259	270	270	52227	52227	0	124191
RAIL	12	52	25	233
CORRELATION	227	191	2040	3094
SQUARE	14528	152
FOLD	260	271	271	52419	52419	0	124597
RAIL	12	53	25	234
CORRELATION	228	191	2040	3094
SQUARE	14592	152
FOLD	261	272	272	52614	52614	0	124987
RAIL	22	42	25	235
CORRELATION	229	191	2040	3094
SQUARE	14656	152
FOLD	262	273	273	52806	52806	0	125666
RAIL	22	43	25	236
CORRELATION	230	193	2040	3094
SQUARE	14720	152
FOLD	263	274	274	53001	53001	0	126270
RAIL	13	51	25	237
CORRELATION	231	195	2040	3094
SQUARE	14784	152
FOLD	264	275	275	53193	53193	0	126637
RAIL	13	52	25	238
CORRELATION	232	195	2040	3094
SQUARE	14848	152
FOLD	265	276	276	53388	53388	0	127138
RAIL	21	43	25	239
CORRELATION	233	197	2040	3094
SQUARE	14912	152
FOLD	266	277	277	53580	53580	0	127832
RAIL	21	44	25	240
CORRELATION	234	199	2040	3094
SQUARE	14976	152
FOLD	267	278	278	53775	53775	0	128156
RAIL	14	50	25	241
CORRELATION	235	199	2040	3094
SQUARE	15040	152
FOLD	268	279	279	53967	53967	0	128503
RAIL	14	51	25	242
CORRELATION	236	199	2040	3094
SQUARE	15104	152
FOLD	269	280	280	54162	54162	0	128812
RAIL	20	44	25	243
CORRELATION	237	199	2040	3094
SQUARE	15168	152
FOLD	270	281	281	54354	54354	0	129627
RAIL	20	45	25	244
CORRELATION	238	201	2040	3094
SQUARE	15232	152
FOLD	271	282	282	54549	54549	0	130515
RAIL	15	49	25	245
CORRELATION	239	203	2040	3094
SQUARE	15296	152
FOLD	272	283	283	54741	54741	0	130926
RAIL	15	50	25	246
CORRELATION	240	203	2040	3094
SQUARE	15360	152
FOLD	273	284	284	54936	54936	0	131979
RAIL	19	45	25	247
CORRELATION	241	205	2040	3094
SQUARE	15424	152
FOLD	274	285	285	55128	55128	0	133001
RAIL	19	46	25	248
CORRELATION	242	207	2040	3094
SQUARE	15488	152
FOLD	275	286	286	55323	55323	0	133367
RAIL	16	48	25	249
CORRELATION	243	207	2040	3094
SQUARE	15552	152
FOLD	276	287	287	55515	55515	0	133702
RAIL	16	49	25	250
CORRELATION	244	207	2040	3094
SQUARE	15616	152
FOLD	277	288	288	55710	55710	0	134581
RAIL	18	46	25	251
CORRELATION	245	209	2040	3094
SQUARE	15680	152
FOLD	278	289	289	55902	55902	0	135612
RAIL	18	47	25	252
CORRELATION	246	211	2040	3094
SQUARE	15744	152
FOLD	279	290	290	56097	56097	0	135939
RAIL	17	47	25	253
CORRELATION	247	211	2040	3094
SQUARE	15808	152
FOLD	280	291	291	56289	56289	0	136942
RAIL	17	48	25	254
CORRELATION	248	213	2040	3094
SQUARE	15872	152
FOLD	281	292	292	56484	56484	0	138153
RAIL	32	32	25	255
CORRELATION	251	215	2040	3094
SQUARE	16064	152
FOLD	282	293	293	56676	56676	0	139642
RAIL	32	33	25	256
CORRELATION	252	215	2040	3094
SQUARE	16128	152
FOLD	283	294	294	56871	56871	0	141362
RAIL	31	33	25	257
CORRELATION	255	219	2040	3094
SQUARE	16320	152
FOLD	283	294	294	56871	56871	0	141673
RAIL	31	33	25	258
CORRELATION	255	219	2040	3094
SQUARE	16384	152
FOLD	283	294	294	56871	56871	0	141759
RAIL	31	33	25	258
CORRELATION	256	219	2040	3094
SQUARE	16384	152
FOLD	284	295	295	57063	57063	0	141764
RAIL	31	34	25	258
CORRELATION	256	219	2040	3094
SQUARE	16384	152
FOLD	285	296	296	57258	57258	0	142729
RAIL	30	34	25	259
CORRELATION	259	223	2040	3094
SQUARE	16576	152
FOLD	286	297	297	57450	57450	0	143160
RAIL	30	35	25	260
CORRELATION	260	224	2040	3094
SQUARE	16640	152
FOLD	287	298	298	57645	57645	0	144649
RAIL	29	35	25	261
CORRELATION	263	229	2040	3094
SQUARE	16832	152
FOLD	288	299	299	57837	57837	0	144994
RAIL	29	36	25	262
CORRELATION	264	229	2040	3094
SQUARE	16896	152
FOLD	289	300	300	58032	58032	0	145344
RAIL	6	58	25	263
CORRELATION	265	229	2040	3094
SQUARE	16960	152
FOLD	292	301	301	58227	58227	0	147524
RAIL	7	57	26	265
CORRELATION	269	234	2040	3094
SQUARE	17216	152
FOLD	295	302	302	58422	58422	0	149127
RAIL	8	56	27	267
CORRELATION	273	239	2040	3094
SQUARE	17472	152
FOLD	302	303	303	58617	58617	0	152332
RAIL	25	40	30	271
CORRELATION	280	246	2040	3094
SQUARE	17920	152
FOLD	303	304	304	58812	58812	0	152667
RAIL	10	54	30	272
CORRELATION	281	246	2040	3094
SQUARE	17984	152
FOLD	304	305	305	59004	59004	0	152996
RAIL	10	55	30	273
CORRELATION	282	246	2040	3094
SQUARE	18048	152
FOLD	307	306	306	59196	59196	0	153791
RAIL	11	53	31	275
CORRELATION	285	246	2040	3094
SQUARE	18240	152
FOLD	308	307	307	59388	59388	0	154567
RAIL	11	54	31	276
CORRELATION	286	248	2040	3094
SQUARE	18304	152
FOLD	311	308	308	59580	59580	0	156274
RAIL	12	52	32	278
CORRELATION	289	253	2040	3094
SQUARE	18496	152
FOLD	312	309	309	59772	59772	0	156742
RAIL	12	53	32	279
CORRELATION	290	253	2040	3094
SQUARE	18560	152
FOLD	313	310	310	59967	59967	0	157371
RAIL	22	42	32	280
CORRELATION	291	255	2040	3094
SQUARE	18624	152
FOLD	314	311	311	60159	60159	0	157959
RAIL	22	43	32	281
CORRELATION	292	257	2040	3094
SQUARE	18688	152
FOLD	315	312	312	60354	60354	0	158266
RAIL	13	51	32	282
CORRELATION	293	257	2040	3094
SQUARE	18752	152
FOLD	316	313	313	60546	60546	0	158812
RAIL	13	52	32	283
CORRELATION	294	257	2040	3094
SQUARE	18816	152
FOLD	317	314	314	60741	60741	0	159608
RAIL	21	43	32	284
CORRELATION	295	260	2040	3094
SQUARE	18880	152
FOLD	318	315	315	60933	60933	0	160402
RAIL	21	44	32	285
CORRELATION	296	261	2040	3094
SQUARE	18944	152
FOLD	319	316	316	61128	61128	0	160967
RAIL	14	50	32	286
CORRELATION	297	263	2040	3094
SQUARE	19008	152
FOLD	320	317	317	61320	61320	0	161460
RAIL	14	51	32	287
CORRELATION	298	263	2040	3094
SQUARE	19072	152
FOLD	321	318	318	61515	61515	0	161796
RAIL	20	44	32	288
CORRELATION	299	263	2040	3094
SQUARE	19136	152
FOLD	322	319	319	61707	61707	0	162118
RAIL	20	45	32	289
CORRELATION	300	263	2040	3094
SQUARE	19200	152
FOLD	323	320	320	61902	61902	0	162764
RAIL	15	49	32	290
CORRELATION	301	264	2040	3094
SQUARE	19264	152
FOLD	324	321	321	62094	62094	0	163279
RAIL	15	50	32	291
CORRELATION	302	266	2040	3094
SQUARE	19328	152
FOLD	325	322	322	62289	62289	0	163765
RAIL	19	45	32	292
CORRELATION	303	266	2040	3094
SQUARE	19392	152
FOLD	326	323	323	62481	62481	0	164412
RAIL	19	46	32	293
CORRELATION	304	269	2040	3094
SQUARE	19456	152
FOLD	327	324	324	62676	62676	0	165398
RAIL	16	48	32	294
CORRELATION	305	270	2040	3094
SQUARE	19520	152
FOLD	328	325	325	62868	62868	0	166012
RAIL	16	49	32	295
CORRELATION	306	272	2040	3094
SQUARE	19584	152
FOLD	329	326	326	63063	63063	0	166492
RAIL	18	46	32	296
CORRELATION	307	272	2040	3094
SQUARE	19648	152
FOLD	330	327	327	63255	63255	0	166876
RAIL	18	47	32	297
CORRELATION	308	272	2040	3094
SQUARE	19712	152
FOLD	331	328	328	63450	63450	0	167668
RAIL	17	47	32	298
CORRELATION	309	275	2040	3094
SQUARE	19776	152
FOLD	332	329	329	63642	63642	0	168344
RAIL	17	48	32	299
CORRELATION	310	276	2040	3094
SQUARE	19840	152
FOLD	333	330	330	63837	63837	0	169140
RAIL	32	32	32	300
CORRELATION	313	278	2040	3094
SQUARE	20032	152
FOLD	334	331	331	64029	64029	0	170409
RAIL	32	33	32	301
CORRELATION	314	278	2040	3094
SQUARE	20096	152
FOLD	335	332	332	64224	64224	0	171584
RAIL	31	33	32	302
CORRELATION	317	280	2040	3094
SQUARE	20288	152
FOLD	336	333	333	64416	64416	0	172251
RAIL	31	34	32	303
CORRELATION	318	282	2040	3094
SQUARE	20352	152
FOLD	337	334	334	64611	64611	0	173012
RAIL	30	34	32	304
CORRELATION	321	284	2040	3094
SQUARE	20544	152
FOLD	338	335	335	64803	64803	0	173671
RAIL	30	35	32	305
CORRELATION	322	286	2040	3094
SQUARE	20608	152
FOLD	339	336	336	64998	64998	0	174888
RAIL	29	35	32	306
CORRELATION	325	290	2040	3094
SQUARE	20800	155
FOLD	340	337	337	65190	65190	0	175265
RAIL	29	36	32	307
CORRELATION	326	290	2040	3094
SQUARE	20864	155
FOLD	341	338	338	65385	65385	0	175664
RAIL	6	58	32	308
CORRELATION	327	290	2040	3094
SQUARE	20928	155
FOLD	344	339	339	65580	65580	0	178395
RAIL	7	57	33	310
CORRELATION	331	296	2040	3094
SQUARE	21184	155
FOLD	345	340	340	65772	65772	0	179181
RAIL	27	37	33	311
CORRELATION	333	298	2040	3094
SQUARE	21312	155
FOLD	346	341	341	65964	65964	0	179648
RAIL	27	38	33	312
CORRELATION	334	300	2040	3094
SQUARE	21376	155
FOLD	347	342	342	66159	66159	0	180032
RAIL	8	56	33	313
CORRELATION	335	300	2040	3094
SQUARE	21440	155
FOLD	358	343	343	66354	66354	0	185133
RAIL	24	41	38	319
CORRELATION	346	312	2040	3094
SQUARE	22144	155
FOLD	359	344	344	66549	66549	0	185515
RAIL	11	53	38	320
CORRELATION	347	312	2040	3094
SQUARE	22208	155
FOLD	360	345	345	66741	66741	0	186758
RAIL	11	54	38	321
CORRELATION	348	315	2040	3094
SQUARE	22272	155
FOLD	363	346	346	66933	66933	0	188637
RAIL	12	52	39	323
CORRELATION	351	319	2040	3094
SQUARE	22464	155
FOLD	364	347	347	67125	67125	0	188979
RAIL	12	53	39	324
CORRELATION	352	319	2040	3094
SQUARE	22528	155
FOLD	367	348	348	67317	67317	0	189929
RAIL	13	51	40	326
CORRELATION	355	319	2040	3094
SQUARE	22720	155
FOLD	368	349	349	67509	67509	0	190373
RAIL	13	52	40	327
CORRELATION	356	319	2040	3094
SQUARE	22784	155
FOLD	369	350	350	67704	67704	0	190727
RAIL	21	43	40	328
CORRELATION	357	319	2040	3094
SQUARE	22848	155
FOLD	370	351	351	67896	67896	0	191142
RAIL	21	44	40	329
CORRELATION	358	319	2040	3094
SQUARE	22912	155
FOLD	371	352	352	68091	68091	0	191483
RAIL	14	50	40	330
CORRELATION	359	319	2040	3094
SQUARE	22976	155
FOLD	372	353	353	68283	68283	0	191823
RAIL	14	51	40	331
CORRELATION	360	319	2040	3094
SQUARE	23040	155
FOLD	373	354	354	68478	68478	0	192194
RAIL	20	44	40	332
CORRELATION	361	319	2040	3094
SQUARE	23104	155
FOLD	374	355	355	68670	68670	0	192604
RAIL	20	45	40	333
CORRELATION	362	319	2040	3094
SQUARE	23168	155
FOLD	375	356	356	68865	68865	0	193090
RAIL	15	49	40	334
CORRELATION	363	320	2040	3094
SQUARE	23232	155
FOLD	376	357	357	69057	69057	0	193856
RAIL	15	50	40	335
CORRELATION	364	322	2040	3094
SQUARE	23296	155
FOLD	377	358	358	69252	69252	0	194223
RAIL	19	45	40	336
CORRELATION	365	322	2040	3094
SQUARE	23360	155
FOLD	378	359	359	69444	69444	0	194565
RAIL	19	46	40	337
CORRELATION	366	322	2040	3094
SQUARE	23424	155
FOLD	379	360	360	69639	69639	0	195021
RAIL	16	48	40	338
CORRELATION	367	322	2040	3094
SQUARE	23488	155
FOLD	380	361	361	69831	69831	0	195415
RAIL	16	49	40	339
CORRELATION	368	322	2040	3094
SQUARE	23552	155
FOLD	381	362	362	70026	70026	0	196135
RAIL	18	46	40	340
CORRELATION	369	324	2040	3094
SQUARE	23616	155
FOLD	382	363	363	70218	70218	0	196526
RAIL	18	47	40	341
CORRELATION	370	325	2040	3094
SQUARE	23680	155
FOLD	383	364	364	70413	70413	0	196934
RAIL	17	47	40	342
CORRELATION	371	325	2040	3094
SQUARE	23744	155
FOLD	384	365	365	70605	70605	0	197279
RAIL	17	48	40	343
CORRELATION	372	325	2040	3094
SQUARE	23808	155
FOLD	385	366	366	70800	70800	0	198090
RAIL	32	32	40	344
CORRELATION	375	329	2040	3094
SQUARE	24000	155
FOLD	386	367	367	70992	70992	0	199311
RAIL	32	33	40	345
CORRELATION	376	329	2040	3094
SQUARE	24064	155
FOLD	387	368	368	71187	71187	0	200076
RAIL	31	33	40	346
CORRELATION	379	334	2040	3094
SQUARE	24256	155
FOLD	388	369	369	71379	71379	0	200563
RAIL	31	34	40	347
CORRELATION	380	334	2040	3094
SQUARE	24320	155
FOLD	389	370	370	71574	71574	0	201443
RAIL	30	34	40	348
CORRELATION	383	338	2040	3094
SQUARE	24512	155
FOLD	390	371	371	71766	71766	0	201899
RAIL	30	35	40	349
CORRELATION	384	338	2040	3094
SQUARE	24576	155
FOLD	391	372	372	71961	71961	0	202719
RAIL	29	35	40	350
CORRELATION	387	341	2040	3094
SQUARE	24768	155
FOLD	392	373	373	72153	72153	0	203107
RAIL	29	36	40	351
CORRELATION	388	342	2040	3094
SQUARE	24832	155
FOLD	393	374	374	72348	72348	0	203636
RAIL	28	36	40	352
CORRELATION	391	342	2040	3094
SQUARE	25024	155
FOLD	394	375	375	72540	72540	0	204410
RAIL	28	37	40	353
CORRELATION	392	347	2040	3094
SQUARE	25088	155
FOLD	395	376	376	72735	72735	0	204791
RAIL	7	57	40	354
CORRELATION	393	347	2040	3094
SQUARE	25152	155
FOLD	396	377	377	72927	72927	0	205280
RAIL	27	37	40	355
CORRELATION	395	347	2040	3094
SQUARE	25280	155
FOLD	397	378	378	73119	73119	0	206373
RAIL	27	38	40	356
CORRELATION	396	347	2040	3094
SQUARE	25344	155
FOLD	398	379	379	73314	73314	0	207656
RAIL	8	56	40	357
CORRELATION	397	350	2040	3094
SQUARE	25408	155
FOLD	399	380	380	73506	73506	0	208433
RAIL	26	38	40	358
CORRELATION	399	354	2040	3094
SQUARE	25536	155
FOLD	400	381	381	73698	73698	0	208916
RAIL	26	39	40	359
CORRELATION	400	355	2040	3094
SQUARE	25600	155
FOLD	401	382	382	73893	73893	0	209365
RAIL	9	55	40	360
CORRELATION	401	355	2040	3094
SQUARE	25664	155
FOLD	412	383	383	74088	74088	0	213055
RAIL	23	42	45	366
CORRELATION	412	366	2040	3094
SQUARE	26368	155
FOLD	413	384	384	74283	74283	0	213528
RAIL	12	52	45	367
CORRELATION	413	366	2040	3094
SQUARE	26432	155
FOLD	414	385	385	74475	74475	0	213975
RAIL	12	53	45	368
CORRELATION	414	367	2040	3094
SQUARE	26496	155
FOLD	417	386	386	74667	74667	0	214925
RAIL	13	51	46	370
CORRELATION	417	368	2040	3094
SQUARE	26688	155
FOLD	418	387	387	74859	74859	0	215309
RAIL	13	52	46	371
CORRELATION	418	368	2040	3094
SQUARE	26752	155
FOLD	421	388	388	75051	75051	0	216903
RAIL	14	50	47	373
CORRELATION	421	371	2040	3094
SQUARE	26944	155
FOLD	422	389	389	75243	75243	0	218012
RAIL	14	51	47	374
CORRELATION	422	373	2040	3094
SQUARE	27008	155
FOLD	423	390	390	75438	75438	0	219071
RAIL	20	44	47	375
CORRELATION	423	375	2040	3094
SQUARE	27072	155
FOLD	424	391	391	75630	75630	0	219505
RAIL	20	45	47	376
CORRELATION	424	375	2040	3094
SQUARE	27136	155
FOLD	425	392	392	75825	75825	0	220454
RAIL	15	49	47	377
CORRELATION	425	377	2040	3094
SQUARE	27200	155
FOLD	426	393	393	76017	76017	0	220918
RAIL	15	50	47	378
CORRELATION	426	378	2040	3094
SQUARE	27264	155
FOLD	427	394	394	76212	76212	0	221537
RAIL	19	45	47	379
CORRELATION	427	380	2040	3094
SQUARE	27328	155
FOLD	428	395	395	76404	76404	0	222452
RAIL	19	46	47	380
CORRELATION	428	380	2040	3094
SQUARE	27392	155
FOLD	429	396	396	76599	76599	0	223188
RAIL	16	48	47	381
CORRELATION	429	383	2040	3094
SQUARE	27456	155
FOLD	430	397	397	76791	76791	0	223601
RAIL	16	49	47	382
CORRELATION	430	383	2040	3094
SQUARE	27520	155
FOLD	431	398	398	76986	76986	0	223992
RAIL	18	46	47	383
CORRELATION	431	383	2040	3094
SQUARE	27584	155
FOLD	432	399	399	77178	77178	0	224509
RAIL	18	47	47	384
CORRELATION	432	385	2040	3094
SQUARE	27648	155
FOLD	433	400	400	77373	77373	0	224975
RAIL	17	47	47	385
CORRELATION	433	387	2040	3094
SQUARE	27712	155
FOLD	434	401	401	77565	77565	0	225427
RAIL	17	48	47	386
CORRELATION	434	389	2040	3094
SQUARE	27776	155
FOLD	435	402	402	77760	77760	0	226090
RAIL	32	32	47	387
CORRELATION	437	389	2040	3094
SQUARE	27968	155
FOLD	436	403	403	77952	77952	0	227002
RAIL	32	33	47	388
CORRELATION	438	392	2040	3094
SQUARE	28032	155
FOLD	437	404	404	78147	78147	0	227620
RAIL	31	33	47	389
CORRELATION	441	393	2040	3094
SQUARE	28224	155
FOLD	438	405	405	78339	78339	0	228622
RAIL	31	34	47	390
CORRELATION	442	397	2040	3094
SQUARE	28288	155
FOLD	439	406	406	78534	78534	0	229351
RAIL	30	34	47	391
CORRELATION	445	399	2040	3094
SQUARE	28480	155
FOLD	440	407	407	78726	78726	0	229740
RAIL	30	35	47	392
CORRELATION	446	399	2040	3094
SQUARE	28544	155
FOLD	441	408	408	78921	78921	0	230651
RAIL	29	35	47	393
CORRELATION	449	401	2040	3094
SQUARE	28736	155
FOLD	442	409	409	79113	79113	0	231027
RAIL	29	36	47	394
CORRELATION	450	401	2040	3094
SQUARE	28800	155
FOLD	443	410	410	79308	79308	0	232158
RAIL	28	36	47	395
CORRELATION	453	405	2040	3094
SQUARE	28992	155
FOLD	444	411	411	79500	79500	0	232555
RAIL	28	37	47	396
CORRELATION	454	405	2040	3094
SQUARE	29056	155
FOLD	445	412	412	79695	79695	0	233261
RAIL	7	57	47	397
CORRELATION	455	408	2040	3094
SQUARE	29120	155
FOLD	448	413	413	79890	79890	0	235222
RAIL	8	56	48	399
CORRELATION	459	411	2040	3094
SQUARE	29376	155
FOLD	449	414	414	80082	80082	0	235869
RAIL	26	38	48	400
CORRELATION	461	411	2040	3094
SQUARE	29504	155
FOLD	450	415	415	80274	80274	0	237154
RAIL	26	39	48	401
CORRELATION	462	415	2040	3094
SQUARE	29568	155
FOLD	451	416	416	80469	80469	0	237602
RAIL	9	55	48	402
CORRELATION	463	415	2040	3094
SQUARE	29632	155
FOLD	452	417	417	80661	80661	0	238077
RAIL	9	56	48	403
CORRELATION	464	416	2040	3094
SQUARE	29696	155
FOLD	453	418	418	80856	80856	0	238412
RAIL	25	39	48	404
CORRELATION	465	416	2040	3094
SQUARE	29760	155
FOLD	454	419	419	81048	81048	0	238775
RAIL	25	40	48	405
CORRELATION	466	416	2040	3094
SQUARE	29824	155
FOLD	455	420	420	81243	81243	0	239766
RAIL	10	54	48	406
CORRELATION	467	420	2040	3094
SQUARE	29888	155
FOLD	456	421	421	81435	81435	0	240117
RAIL	10	55	48	407
CORRELATION	468	420	2040	3094
SQUARE	29952	155
FOLD	459	422	422	81627	81627	0	241148
RAIL	11	53	49	409
CORRELATION	471	420	2040	3094
SQUARE	30144	155
FOLD	466	423	423	81822	81822	0	243702
RAIL	22	43	52	413
CORRELATION	478	427	2040	3094
SQUARE	30592	155
FOLD	467	424	424	82017	82017	0	244168
RAIL	13	51	52	414
CORRELATION	479	427	2040	3094
SQUARE	30656	155
FOLD	468	425	425	82209	82209	0	244564
RAIL	13	52	52	415
CORRELATION	480	427	2040	3094
SQUARE	30720	155
FOLD	471	426	426	82401	82401	0	246079
RAIL	14	50	53	417
CORRELATION	483	432	2040	3094
SQUARE	30912	155
FOLD	472	427	427	82593	82593	0	246413
RAIL	14	51	53	418
CORRELATION	484	433	2040	3094
SQUARE	30976	155
FOLD	475	428	428	82785	82785	0	248041
RAIL	15	49	54	420
CORRELATION	487	437	2040	3094
SQUARE	31168	155
FOLD	476	429	429	82977	82977	0	248415
RAIL	15	50	54	421
CORRELATION	488	437	2040	3094
SQUARE	31232	155
FOLD	477	430	430	83172	83172	0	248773
RAIL	19	45	54	422
CORRELATION	489	437	2040	3094
SQUARE	31296	155
FOLD	478	431	431	83364	83364	0	249114
RAIL	19	46	54	423
CORRELATION	490	437	2040	3094
SQUARE	31360	155
FOLD	479	432	432	83559	83559	0	249591
RAIL	16	48	54	424
CORRELATION	491	439	2040	3094
SQUARE	31424	155
FOLD	480	433	433	83751	83751	0	249952
RAIL	16	49	54	425
CORRELATION	492	439	2040	3094
SQUARE	31488	155
FOLD	481	434	434	83946	83946	0	250312
RAIL	18	46	54	426
CORRELATION	493	439	2040	3094
SQUARE	31552	155
FOLD	482	435	435	84138	84138	0	250746
RAIL	18	47	54	427
CORRELATION	494	439	2040	3094
SQUARE	31616	155
FOLD	483	436	436	84333	84333	0	251348
RAIL	17	47	54	428
CORRELATION	495	442	2040	3094
SQUARE	31680	155
FOLD	484	437	437	84525	84525	0	252088
RAIL	17	48	54	429
CORRELATION	496	442	2040	3094
SQUARE	31744	155
FOLD	485	438	438	84720	84720	0	253153
RAIL	32	32	54	430
CORRELATION	499	447	2040	3094
SQUARE	31936	155
FOLD	486	439	439	84912	84912	0	253845
RAIL	32	33	54	431
CORRELATION	500	449	2040	3094
SQUARE	32000	155
FOLD	487	440	440	85107	85107	0	255152
RAIL	31	33	54	432
CORRELATION	503	449	2040	3094
SQUARE	32192	155
FOLD	488	441	441	85299	85299	0	256109
RAIL	31	34	54	433
CORRELATION	504	450	2040	3094
SQUARE	32256	155
FOLD	489	442	442	85494	85494	0	257117
RAIL	30	34	54	434
CORRELATION	507	452	2040	3094
SQUARE	32448	155
FOLD	490	443	443	85686	85686	0	257474
RAIL	30	35	54	435
CORRELATION	508	452	2040	3094
SQUARE	32512	155
FOLD	491	444	444	85881	85881	0	259341
RAIL	29	35	54	436
CORRELATION	511	458	2040	3094
SQUARE	32704	155
FOLD	491	444	444	85881	85881	0	259752
RAIL	29	35	54	437
CORRELATION	511	458	2040	3094
SQUARE	32768	155
FOLD	491	444	444	85881	85881	0	259951
RAIL	29	35	54	437
CORRELATION	512	458	2040	3094
SQUARE	32768	155
FOLD	492	445	445	86073	86073	0	259968
RAIL	29	36	54	437
CORRELATION	512	458	2040	3094
SQUARE	32768	155
FOLD	493	446	446	86268	86268	0	260804
RAIL	28	36	54	438
CORRELATION	515	461	2040	3094
SQUARE	32960	155
FOLD	494	447	447	86460	86460	0	261257
RAIL	28	37	54	439
CORRELATION	516	461	2040	3094
SQUARE	33024	155
FOLD	495	448	448	86655	86655	0	261927
RAIL	7	57	54	440
CORRELATION	517	464	2040	3094
SQUARE	33088	155
FOLD	498	449	449	86850	86850	0	263015
RAIL	8	56	55	442
CORRELATION	521	465	2040	3094
SQUARE	33344	155
FOLD	501	450	450	87045	87045	0	264935
RAIL	9	55	56	444
CORRELATION	525	471	2040	3094
SQUARE	33600	155
FOLD	502	451	451	87237	87237	0	265344
RAIL	9	56	56	445
CORRELATION	526	471	2040	3094
SQUARE	33664	155
FOLD	503	452	452	87432	87432	0	265728
RAIL	25	39	56	446
CORRELATION	527	471	2040	3094
SQUARE	33728	155
FOLD	504	453	453	87624	87624	0	266160
RAIL	25	40	56	447
CORRELATION	528	471	2040	3094
SQUARE	33792	155
FOLD	505	454	454	87819	87819	0	266556
RAIL	10	54	56	448
CORRELATION	529	471	2040	3094
SQUARE	33856	155
FOLD	508	455	455	88014	88014	0	267731
RAIL	24	41	57	450
CORRELATION	532	471	2040	3094
SQUARE	34048	155
FOLD	509	456	456	88209	88209	0	268997
RAIL	11	53	57	451
CORRELATION	533	473	2040	3094
SQUARE	34112	155
FOLD	510	457	457	88401	88401	0	269563
RAIL	11	54	57	452
CORRELATION	534	473	2040	3094
SQUARE	34176	155
FOLD	512	457	457	88398	88401	0	271023
RAIL	23	42	58	453
CORRELATION	536	477	2040	3094
SQUARE	34304	155
FOLD	513	458	458	88593	88593	0	271660
RAIL	12	52	58	454
CORRELATION	537	477	2040	3094
SQUARE	34368	155
FOLD	520	459	459	88788	88788	0	275143
RAIL	21	44	61	458
CORRELATION	544	483	2040	3094
SQUARE	34816	155
FOLD	521	460	460	88983	88983	0	275584
RAIL	14	50	61	459
CORRELATION	545	483	2040	3094
SQUARE	34880	155
FOLD	522	461	461	89175	89175	0	276655
RAIL	14	51	61	460
CORRELATION	546	487	2040	3094
SQUARE	34944	155
FOLD	525	462	462	89367	89367	0	278532
RAIL	15	49	62	462
CORRELATION	549	489	2040	3094
SQUARE	35136	155
FOLD	526	463	463	89559	89559	0	278984
RAIL	15	50	62	463
CORRELATION	550	489	2040	3094
SQUARE	35200	155
FOLD	529	464	464	89751	89751	0	281144
RAIL	16	48	63	465
CORRELATION	553	495	2040	3094
SQUARE	35392	155
FOLD	530	465	465	89943	89943	0	281752
RAIL	16	49	63	466
CORRELATION	554	495	2040	3094
SQUARE	35456	155
FOLD	531	466	466	90138	90138	0	282239
RAIL	18	46	63	467
CORRELATION	555	495	2040	3094
SQUARE	35520	155
FOLD	532	467	467	90330	90330	0	282989
RAIL	18	47	63	468
CORRELATION	556	498	2040	3094
SQUARE	35584	155
FOLD	533	468	468	90525	90525	0	283453
RAIL	17	47	63	469
CORRELATION	557	498	2040	3094
SQUARE	35648	155
FOLD	534	469	469	90717	90717	0	284026
RAIL	17	48	63	470
CORRELATION	558	498	2040	3094
SQUARE	35712	155
FOLD	535	470	470	90912	90912	0	284937
RAIL	32	32	63	471
CORRELATION	561	503	2040	3094
SQUARE	35904	155
FOLD	536	471	471	91104	91104	0	285547
RAIL	32	33	63	472
CORRELATION	562	505	2040	3094
SQUARE	35968	155
FOLD	537	472	472	91299	91299	0	286216
RAIL	31	33	63	473
CORRELATION	565	505	2040	3094
SQUARE	36160	155
FOLD	538	473	473	91491	91491	0	287268
RAIL	31	34	63	474
CORRELATION	566	509	2040	3094
SQUARE	36224	155
FOLD	539	474	474	91686	91686	0	288413
RAIL	30	34	63	475
CORRELATION	569	513	2040	3094
SQUARE	36416	155
FOLD	540	475	475	91878	91878	0	288917
RAIL	30	35	63	476
CORRELATION	570	513	2040	3094
SQUARE	36480	155
FOLD	541	476	476	92073	92073	0	290460
RAIL	29	35	63	477
CORRELATION	573	517	2040	3094
SQUARE	36672	155
FOLD	542	477	477	92265	92265	0	291021
RAIL	29	36	63	478
CORRELATION	574	517	2040	3094
SQUARE	36736	155
FOLD	543	478	478	92460	92460	0	292914
RAIL	28	36	63	479
CORRELATION	577	522	2040	3094
SQUARE	36928	155
FOLD	544	479	479	92652	92652	0	293405
RAIL	28	37	63	480
CORRELATION	578	522	2040	3094
SQUARE	36992	155
FOLD	545	480	480	92847	92847	0	293911
RAIL	7	57	63	481
CORRELATION	579	523	2040	3094
SQUARE	37056	155
FOLD	548	481	481	93042	93042	0	296602
RAIL	8	56	64	483
CORRELATION	583	528	2040	3094
SQUARE	37312	155
FOLD	551	482	482	93237	93237	0	298531
RAIL	9	55	65	485
CORRELATION	587	530	2040	3094
SQUARE	37568	155
FOLD	558	483	483	93432	93432	0	303777
RAIL	24	41	68	489
CORRELATION	594	538	2040	3094
SQUARE	38016	155
FOLD	559	484	484	93627	93627	0	304275
RAIL	11	53	68	490
CORRELATION	595	538	2040	3094
SQUARE	38080	155
FOLD	562	485	485	93822	93822	0	305735
RAIL	23	42	69	492
CORRELATION	598	541	2040	3094
SQUARE	38272	155
FOLD	563	486	486	94017	94017	0	306385
RAIL	12	52	69	493
CORRELATION	599	544	2040	3094
SQUARE	38336	155
FOLD	564	487	487	94209	94209	0	306783
RAIL	12	53	69	494
CORRELATION	600	544	2040	3094
SQUARE	38400	155
FOLD	567	488	488	94401	94401	0	307922
RAIL	13	51	70	496
CORRELATION	603	546	2040	3094
SQUARE	38592	155
FOLD	574	489	489	94596	94596	0	310595
RAIL	20	45	73	500
CORRELATION	610	551	2040	3094
SQUARE	39040	155
FOLD	575	490	490	94791	94791	0	311022
RAIL	15	49	73	501
CORRELATION	611	551	2040	3094
SQUARE	39104	155
FOLD	576	491	491	94983	94983	0	311617
RAIL	15	50	73	502
CORRELATION	612	555	2040	3094
SQUARE	39168	155
FOLD	579	492	492	95175	95175	0	312482
RAIL	16	48	74	504
CORRELATION	615	555	2040	3094
SQUARE	39360	155
FOLD	580	493	493	95367	95367	0	313007
RAIL	16	49	74	505
CORRELATION	616	559	2040	3094
SQUARE	39424	155
FOLD	583	494	494	95559	95559	0	314320
RAIL	17	47	75	507
CORRELATION	619	560	2040	3094
SQUARE	39616	155
FOLD	584	495	495	95751	95751	0	314807
RAIL	17	48	75	508
CORRELATION	620	562	2040	3094
SQUARE	39680	155
FOLD	585	496	496	95946	95946	0	315534
RAIL	32	32	75	509
CORRELATION	623	564	2040	3094
SQUARE	39872	155
FOLD	586	497	497	96138	96138	0	315998
RAIL	32	33	75	510
CORRELATION	624	564	2040	3094
SQUARE	39936	155
FOLD	587	498	498	96333	96333	0	316832
RAIL	31	33	75	511
CORRELATION	627	567	2040	3094
SQUARE	40128	155
FOLD	588	499	499	96525	96525	0	317398
RAIL	31	34	75	512
CORRELATION	628	568	2040	3094
SQUARE	40192	155
FOLD	589	500	500	96720	96720	0	318526
RAIL	30	34	75	513
CORRELATION	631	572	2040	3094
SQUARE	40384	155
FOLD	590	501	501	96912	96912	0	318927
RAIL	30	35	75	514
CORRELATION	632	572	2040	3094
SQUARE	40448	155
FOLD	591	502	502	97107	97107	0	320499
RAIL	29	35	75	515
CORRELATION	635	578	2040	3094
SQUARE	40640	155
FOLD	592	503	503	97299	97299	0	320909
RAIL	29	36	75	516
CORRELATION	636	578	2040	3094
SQUARE	40704	155
FOLD	593	504	504	97494	97494	0	321608
RAIL	28	36	75	517
CORRELATION	639	580	2040	3094
SQUARE	40896	155
FOLD	594	505	505	97686	97686	0	321984
RAIL	28	37	75	518
CORRELATION	640	580	2040	3094
SQUARE	40960	155
FOLD	595	506	506	97881	97881	0	322589
RAIL	27	37	75	519
CORRELATION	643	580	2040	3094
SQUARE	41152	155
FOLD	596	507	507	98073	98073	0	323191
RAIL	27	38	75	520
CORRELATION	644	581	2040	3094
SQUARE	41216	155
FOLD	597	508	508	98268	98268	0	323601
RAIL	8	56	75	521
CORRELATION	645	581	2040	3094
SQUARE	41280	157
FOLD	600	509	509	98463	98463	0	324958
RAIL	9	55	76	523
CORRELATION	649	584	2040	3094
SQUARE	41536	157
FOLD	605	510	510	98655	98655	0	327028
RAIL	10	55	78	526
CORRELATION	654	591	2040	3094
SQUARE	41856	157
FOLD	608	511	511	98847	98847	0	327922
RAIL	11	53	79	528
CORRELATION	657	591	2040	3094
SQUARE	42048	157
FOLD	611	512	512	99042	99042	0	329366
RAIL	23	42	80	530
CORRELATION	660	594	2040	3094
SQUARE	42240	157
FOLD	612	513	513	99237	99237	0	330180
RAIL	12	52	80	531
CORRELATION	661	597	2040	3094
SQUARE	42304	157
FOLD	615	514	514	99432	99432	0	331744
RAIL	22	43	81	533
CORRELATION	664	600	2040	3094
SQUARE	42496	157
FOLD	616	515	515	99627	99627	0	332385
RAIL	13	51	81	534
CORRELATION	665	600	2040	3094
SQUARE	42560	157
FOLD	617	516	516	99819	99819	0	333018
RAIL	13	52	81	535
CORRELATION	666	600	2040	3094
SQUARE	42624	157
FOLD	620	517	517	100011	100011	0	334311
RAIL	14	50	82	537
CORRELATION	669	606	2040	3094
SQUARE	42816	157
FOLD	627	518	518	100206	100206	0	336635
RAIL	19	46	85	541
CORRELATION	676	609	2040	3094
SQUARE	43264	157
FOLD	628	519	519	100401	100401	0	337096
RAIL	16	48	85	542
CORRELATION	677	611	2040	3094
SQUARE	43328	157
FOLD	629	520	520	100593	100593	0	337521
RAIL	16	49	85	543
CORRELATION	678	611	2040	3094
SQUARE	43392	157
FOLD	632	521	521	100785	100785	0	339069
RAIL	17	47	86	545
CORRELATION	681	615	2040	3094
SQUARE	43584	157
FOLD	633	522	522	100977	100977	0	339564
RAIL	17	48	86	546
CORRELATION	682	617	2040	3094
SQUARE	43648	157
FOLD	636	523	523	101169	101169	0	342256
RAIL	31	33	87	548
CORRELATION	689	624	2040	3094
SQUARE	44096	157
FOLD	637	524	524	101361	101361	0	342583
RAIL	31	34	87	549
CORRELATION	690	624	2040	3094
SQUARE	44160	157
FOLD	638	525	525	101556	101556	0	344247
RAIL	30	34	87	550
CORRELATION	693	629	2040	3094
SQUARE	44352	157
FOLD	639	526	526	101748	101748	0	344619
RAIL	30	35	87	551
CORRELATION	694	629	2040	3094
SQUARE	44416	157
FOLD	640	527	527	101943	101943	0	345907
RAIL	29	35	87	552
CORRELATION	697	633	2040	3094
SQUARE	44608	157
FOLD	641	528	528	102135	102135	0	346269
RAIL	29	36	87	553
CORRELATION	698	633	2040	3094
SQUARE	44672	157
FOLD	642	529	529	102330	102330	0	347417
RAIL	28	36	87	554
CORRELATION	701	637	2040	3094
SQUARE	44864	157
FOLD	643	530	530	102522	102522	0	347773
RAIL	28	37	87	555
CORRELATION	702	637	2040	3094
SQUARE	44928	157
FOLD	644	531	531	102717	102717	0	348878
RAIL	27	37	87	556
CORRELATION	705	639	2040	3094
SQUARE	45120	157
FOLD	645	532	532	102909	102909	0	349669
RAIL	27	38	87	557
CORRELATION	706	641	2040	3094
SQUARE	45184	157
FOLD	646	533	533	103104	103104	0	350004
RAIL	8	56	87	558
CORRELATION	707	641	2040	3094
SQUARE	45248	157
FOLD	647	534	534	103296	103296	0	351465
RAIL	26	38	87	559
CORRELATION	709	645	2040	3094
SQUARE	45376	157
FOLD	648	535	535	103488	103488	0	351925
RAIL	26	39	87	560
CORRELATION	710	645	2040	3094
SQUARE	45440	157
FOLD	649	536	536	103683	103683	0	352276
RAIL	9	55	87	561
CORRELATION	711	645	2040	3094
SQUARE	45504	157
FOLD	652	537	537	103878	103878	0	354019
RAIL	25	40	88	563
CORRELATION	714	649	2040	3094
SQUARE	45696	157
FOLD	653	538	538	104073	104073	0	354666
RAIL	10	54	88	564
CORRELATION	715	651	2040	3094
SQUARE	45760	157
FOLD	654	539	539	104265	104265	0	355563
RAIL	10	55	88	565
CORRELATION	716	653	2040	3094
SQUARE	45824	157
FOLD	657	540	540	104457	104457	0	356406
RAIL	11	53	89	567
CORRELATION	719	653	2040	3094
SQUARE	46016	157
FOLD	658	541	541	104649	104649	0	357176
RAIL	11	54	89	568
CORRELATION	720	655	2040	3094
SQUARE	46080	157
FOLD	661	542	542	104841	104841	0	358754
RAIL	12	52	90	570
CORRELATION	723	659	2040	3094
SQUARE	46272	157
FOLD	664	543	543	105036	105036	0	360135
RAIL	22	43	91	572
CORRELATION	726	661	2040	3094
SQUARE	46464	157
FOLD	665	544	544	105231	105231	0	361334
RAIL	13	51	91	573
CORRELATION	727	664	2040	3094
SQUARE	46528	157
FOLD	668	545	545	105426	105426	0	363277
RAIL	21	44	92	575
CORRELATION	730	669	2040	3094
SQUARE	46720	157
FOLD	669	546	546	105621	105621	0	363687
RAIL	14	50	92	576
CORRELATION	731	669	2040	3094
SQUARE	46784	157
FOLD	670	547	547	105813	105813	0	364141
RAIL	14	51	92	577
CORRELATION	732	669	2040	3094
SQUARE	46848	157
FOLD	673	548	548	106005	106005	0	365170
RAIL	15	49	93	579
CORRELATION	735	669	2040	3094
SQUARE	47040	157
FOLD	680	549	549	106200	106200	0	368507
RAIL	18	47	96	583
CORRELATION	742	677	2040	3094
SQUARE	47488	157
FOLD	685	550	550	106389	106389	0	372353
RAIL	31	33	98	586
CORRELATION	751	685	2040	3094
SQUARE	48064	157
FOLD	686	551	551	106581	106581	0	372738
RAIL	31	34	98	587
CORRELATION	752	685	2040	3094
SQUARE	48128	157
FOLD	687	552	552	106776	106776	0	374344
RAIL	30	34	98	588
CORRELATION	755	688	2040	3094
SQUARE	48320	157
FOLD	688	553	553	106968	106968	0	374735
RAIL	30	35	98	589
CORRELATION	756	688	2040	3094
SQUARE	48384	157
FOLD	689	554	554	107163	107163	0	376723
RAIL	29	35	98	590
CORRELATION	759	692	2040	3094
SQUARE	48576	157
FOLD	690	555	555	107355	107355	0	377079
RAIL	29	36	98	591
CORRELATION	760	692	2040	3094
SQUARE	48640	157
FOLD	691	556	556	107550	107550	0	378814
RAIL	28	36	98	592
CORRELATION	763	696	2040	3094
SQUARE	48832	157
FOLD	692	557	557	107742	107742	0	379665
RAIL	28	37	98	593
CORRELATION	764	698	2040	3094
SQUARE	48896	157
FOLD	693	558	558	107937	107937	0	380907
RAIL	27	37	98	594
CORRELATION	767	700	2040	3094
SQUARE	49088	157
FOLD	694	559	559	108129	108129	0	381359
RAIL	27	38	98	595
CORRELATION	768	700	2040	3094
SQUARE	49152	157
FOLD	695	560	560	108324	108324	0	381710
RAIL	8	56	98	596
CORRELATION	769	700	2040	3094
SQUARE	49216	157
FOLD	696	561	561	108516	108516	0	383009
RAIL	26	38	98	597
CORRELATION	771	704	2040	3094
SQUARE	49344	157
FOLD	697	562	562	108708	108708	0	383423
RAIL	26	39	98	598
CORRELATION	772	704	2040	3094
SQUARE	49408	157
FOLD	698	563	563	108903	108903	0	384128
RAIL	9	55	98	599
CORRELATION	773	706	2040	3094
SQUARE	49472	157
FOLD	699	564	564	109095	109095	0	384950
RAIL	9	56	98	600
CORRELATION	774	708	2040	3094
SQUARE	49536	157
FOLD	702	565	565	109287	109287	0	385758
RAIL	10	54	99	602
CORRELATION	777	708	2040	3094
SQUARE	49728	157
FOLD	705	566	566	109482	109482	0	387331
RAIL	24	41	100	604
CORRELATION	780	712	2040	3094
SQUARE	49920	157
FOLD	706	567	567	109677	109677	0	388078
RAIL	11	53	100	605
CORRELATION	781	713	2040	3094
SQUARE	49984	157
FOLD	707	568	568	109869	109869	0	388733
RAIL	11	54	100	606
CORRELATION	782	715	2040	3094
SQUARE	50048	157
FOLD	710	569	569	110061	110061	0	390231
RAIL	12	52	101	608
CORRELATION	785	718	2040	3094
SQUARE	50240	157
FOLD	711	570	570	110253	110253	0	390727
RAIL	12	53	101	609
CORRELATION	786	719	2040	3094
SQUARE	50304	157
FOLD	714	571	571	110445	110445	0	392860
RAIL	13	51	102	611
CORRELATION	789	724	2040	3094
SQUARE	50496	157
FOLD	717	572	572	110640	110640	0	393752
RAIL	21	44	103	613
CORRELATION	792	724	2040	3094
SQUARE	50688	157
FOLD	718	573	573	110835	110835	0	394758
RAIL	14	50	103	614
CORRELATION	793	726	2040	3094
SQUARE	50752	157
FOLD	721	574	574	111030	111030	0	396280
RAIL	20	45	104	616
CORRELATION	796	729	2040	3094
SQUARE	50944	157
FOLD	722	575	575	111225	111225	0	397373
RAIL	15	49	104	617
CORRELATION	797	731	2040	3094
SQUARE	51008	157
FOLD	723	576	576	111417	111417	0	397890
RAIL	15	50	104	618
CORRELATION	798	733	2040	3094
SQUARE	51072	157
FOLD	736	577	577	111606	111606	0	404580
RAIL	30	34	110	625
CORRELATION	817	749	2040	3094
SQUARE	52288	157
FOLD	737	578	578	111798	111798	0	405018
RAIL	30	35	110	626
CORRELATION	818	749	2040	3094
SQUARE	52352	157
FOLD	738	579	579	111993	111993	0	406279
RAIL	29	35	110	627
CORRELATION	821	753	2040	3094
SQUARE	52544	157
FOLD	739	580	580	112185	112185	0	407145
RAIL	29	36	110	628
CORRELATION	822	755	2040	3094
SQUARE	52608	157
FOLD	740	581	581	112380	112380	0	408300
RAIL	28	36	110	629
CORRELATION	825	757	2040	3094
SQUARE	52800	157
FOLD	741	582	582	112572	112572	0	408676
RAIL	28	37	110	630
CORRELATION	826	757	2040	3094
SQUARE	52864	157
FOLD	742	583	583	112767	112767	0	410507
RAIL	27	37	110	631
CORRELATION	829	761	2040	3094
SQUARE	53056	157
FOLD	743	584	584	112959	112959	0	411376
RAIL	27	38	110	632
CORRELATION	830	763	2040	3094
SQUARE	53120	157
FOLD	744	585	585	113154	113154	0	412220
RAIL	8	56	110	633
CORRELATION	831	765	2040	3094
SQUARE	53184	157
FOLD	747	586	586	113349	113349	0	414324
RAIL	9	55	111	635
CORRELATION	835	769	2040	3094
SQUARE	53440	157
FOLD	748	587	587	113541	113541	0	414738
RAIL	9	56	111	636
CORRELATION	836	769	2040	3094
SQUARE	53504	157
FOLD	751	588	588	113733	113733	0	416472
RAIL	10	54	112	638
CORRELATION	839	773	2040	3094
SQUARE	53696	157
FOLD	758	589	589	113928	113928	0	419497
RAIL	23	42	115	642
CORRELATION	846	779	2040	3094
SQUARE	54144	157
FOLD	759	590	590	114123	114123	0	420200
RAIL	12	52	115	643
CORRELATION	847	781	2040	3094
SQUARE	54208	157
FOLD	760	591	591	114315	114315	0	421171
RAIL	12	53	115	644
CORRELATION	848	783	2040	3094
SQUARE	54272	157
FOLD	763	592	592	114507	114507	0	422924
RAIL	13	51	116	646
CORRELATION	851	785	2040	3094
SQUARE	54464	157
FOLD	764	593	593	114699	114699	0	423915
RAIL	13	52	116	647
CORRELATION	852	787	2040	3094
SQUARE	54528	157
FOLD	767	594	594	114891	114891	0	426272
RAIL	14	50	117	649
CORRELATION	855	791	2040	3094
SQUARE	54720	157
FOLD	770	595	595	115086	115086	0	427143
RAIL	20	45	118	651
CORRELATION	858	791	2040	3094
SQUARE	54912	157
FOLD	785	596	596	115278	115278	0	437753
RAIL	30	34	125	659
CORRELATION	879	811	2040	3094
SQUARE	56256	157
FOLD	786	597	597	115470	115470	0	438249
RAIL	30	35	125	660
CORRELATION	880	812	2040	3094
SQUARE	56320	157
FOLD	787	598	598	115665	115665	0	440342
RAIL	29	35	125	661
CORRELATION	883	817	2040	3094
SQUARE	56512	157
FOLD	788	599	599	115857	115857	0	441486
RAIL	29	36	125	662
CORRELATION	884	817	2040	3094
SQUARE	56576	157
FOLD	789	600	600	116052	116052	0	442586
RAIL	28	36	125	663
CORRELATION	887	820	2040	3094
SQUARE	56768	157
FOLD	790	601	601	116244	116244	0	443284
RAIL	28	37	125	664
CORRELATION	888	822	2040	3094
SQUARE	56832	157
FOLD	791	602	602	116439	116439	0	444808
RAIL	27	37	125	665
CORRELATION	891	827	2040	3094
SQUARE	57024	157
FOLD	792	603	603	116631	116631	0	445166
RAIL	27	38	125	666
CORRELATION	892	827	2040	3094
SQUARE	57088	157
FOLD	793	604	604	116826	116826	0	445540
RAIL	8	56	125	667
CORRELATION	893	827	2040	3094
SQUARE	57152	157
FOLD	796	605	605	117021	117021	0	446516
RAIL	9	55	126	669
CORRELATION	897	827	2040	3094
SQUARE	57408	157
FOLD	797	606	606	117213	117213	0	446910
RAIL	25	39	126	670
CORRELATION	899	827	2040	3094
SQUARE	57536	157
FOLD	798	607	607	117405	117405	0	447279
RAIL	25	40	126	671
CORRELATION	900	827	2040	3094
SQUARE	57600	157
FOLD	799	608	608	117600	117600	0	447673
RAIL	10	54	126	672
CORRELATION	901	827	2040	3094
SQUARE	57664	157
FOLD	810	609	609	117795	117795	0	451408
RAIL	22	43	131	678
CORRELATION	912	833	2040	3094
SQUARE	58368	157
FOLD	811	610	610	117990	117990	0	451919
RAIL	13	51	131	679
CORRELATION	913	833	2040	3094
SQUARE	58432	157
FOLD	812	611	611	118182	118182	0	452360
RAIL	13	52	131	680
CORRELATION	914	833	2040	3094
SQUARE	58496	157
FOLD	833	612	612	118371	118371	0	463406
RAIL	30	34	141	691
CORRELATION	941	859	2040	3094
SQUARE	60224	157
FOLD	834	613	613	118563	118563	0	463846
RAIL	30	35	141	692
CORRELATION	942	859	2040	3094
SQUARE	60288	157
FOLD	835	614	614	118758	118758	0	465452
RAIL	29	35	141	693
CORRELATION	945	862	2040	3094
SQUARE	60480	157
FOLD	836	615	615	118950	118950	0	466098
RAIL	29	36	141	694
CORRELATION	946	864	2040	3094
SQUARE	60544	157
FOLD	837	616	616	119145	119145	0	467052
RAIL	28	36	141	695
CORRELATION	949	865	2040	3094
SQUARE	60736	157
FOLD	838	617	617	119337	119337	0	467517
RAIL	28	37	141	696
CORRELATION	950	865	2040	3094
SQUARE	60800	157
FOLD	839	618	618	119532	119532	0	469299
RAIL	27	37	141	697
CORRELATION	953	869	2040	3094
SQUARE	60992	157
FOLD	840	619	619	119724	119724	0	470008
RAIL	27	38	141	698
CORRELATION	954	869	2040	3094
SQUARE	61056	157
FOLD	841	620	620	119919	119919	0	471272
RAIL	8	56	141	699
CORRELATION	955	872	2040	3094
SQUARE	61120	157
FOLD	842	621	621	120111	120111	0	471750
RAIL	26	38	141	700
CORRELATION	957	872	2040	3094
SQUARE	61248	157
FOLD	843	622	622	120303	120303	0	472442
RAIL	26	39	141	701
CORRELATION	958	872	2040	3094
SQUARE	61312	157
FOLD	844	623	623	120498	120498	0	473563
RAIL	9	55	141	702
CORRELATION	959	875	2040	3094
SQUARE	61376	157
FOLD	847	624	624	120693	120693	0	476106
RAIL	10	54	142	704
CORRELATION	963	880	2040	3094
SQUARE	61632	157
FOLD	848	625	625	120885	120885	0	476513
RAIL	10	55	142	705
CORRELATION	964	880	2040	3094
SQUARE	61696	157
FOLD	849	626	626	121080	121080	0	477724
RAIL	24	40	142	706
CORRELATION	965	883	2040	3094
SQUARE	61760	157
FOLD	850	627	627	121272	121272	0	478167
RAIL	24	41	142	707
CORRELATION	966	883	2040	3094
SQUARE	61824	157
FOLD	851	628	628	121467	121467	0	478587
RAIL	11	53	142	708
CORRELATION	967	883	2040	3094
SQUARE	61888	157
FOLD	882	629	629	121656	121656	0	492506
RAIL	30	35	157	724
CORRELATION	1004	915	2040	3094
SQUARE	64256	157
FOLD	883	630	630	121851	121851	0	493987
RAIL	29	35	157	725
CORRELATION	1007	920	2040	3094
SQUARE	64448	157
FOLD	884	631	631	122043	122043	0	494410
RAIL	29	36	157	726
CORRELATION	1008	920	2040	3094
SQUARE	64512	157
FOLD	885	632	632	122238	122238	0	495763
RAIL	28	36	157	727
CORRELATION	1011	923	2040	3094
SQUARE	64704	157
FOLD	886	633	633	122430	122430	0	496716
RAIL	28	37	157	728
CORRELATION	1012	926	2040	3094
SQUARE	64768	157
FOLD	887	634	634	122625	122625	0	497472
RAIL	27	37	157	729
CORRELATION	1015	928	2040	3094
SQUARE	64960	157
FOLD	888	635	635	122817	122817	0	498047
RAIL	27	38	157	730
CORRELATION	1016	930	2040	3094
SQUARE	65024	157
FOLD	889	636	636	123012	123012	0	498424
RAIL	8	56	157	731
CORRELATION	1017	930	2040	3094
SQUARE	65088	157
FOLD	892	637	637	123207	123207	0	500244
RAIL	9	55	158	733
CORRELATION	1021	938	2040	3094
SQUARE	65344	157
FOLD	893	636	637	123015	123207	0	500933
RAIL	25	39	159	734
CORRELATION	1023	938	2040	3094
SQUARE	65536	157
FOLD	893	636	637	123015	123207	0	500980
RAIL	25	39	159	734
CORRELATION	1024	938	2040	3094
SQUARE	65536	157
FOLD	895	638	638	123402	123402	0	501479
RAIL	10	54	159	735
CORRELATION	1025	938	2040	3094
SQUARE	65600	157
FOLD	896	639	639	123594	123594	0	501849
RAIL	10	55	159	736
CORRELATION	1026	938	2040	3094
SQUARE	65664	157
FOLD	897	640	640	123789	123789	0	502374
RAIL	24	40	159	737
CORRELATION	1027	941	2040	3094
SQUARE	65728	157
FOLD	898	641	641	123981	123981	0	502799
RAIL	24	41	159	738
CORRELATION	1028	942	2040	3094
SQUARE	65792	157
FOLD	899	642	642	124176	124176	0	503336
RAIL	11	53	159	739
CORRELATION	1029	944	2040	3094
SQUARE	65856	157
FOLD	900	643	643	124368	124368	0	503644
RAIL	11	54	159	740
CORRELATION	1030	944	2040	3094
SQUARE	65920	157
FOLD	901	644	644	124563	124563	0	504028
RAIL	23	41	159	741
CORRELATION	1031	944	2040	3094
SQUARE	65984	157
FOLD	902	645	645	124755	124755	0	504742
RAIL	23	42	159	742
CORRELATION	1032	949	2040	3094
SQUARE	66048	157
FOLD	933	646	646	124947	124947	0	516876
RAIL	28	36	174	758
CORRELATION	1073	971	2040	3094
SQUARE	68672	157
FOLD	934	647	647	125139	125139	0	517283
RAIL	28	37	174	759
CORRELATION	1074	971	2040	3094
SQUARE	68736	157
FOLD	935	648	648	125334	125334	0	518232
RAIL	27	37	174	760
CORRELATION	1077	974	2040	3094
SQUARE	68928	157
FOLD	936	649	649	125526	125526	0	518954
RAIL	27	38	174	761
CORRELATION	1078	976	2040	3094
SQUARE	68992	157
FOLD	937	650	650	125721	125721	0	519361
RAIL	8	56	174	762
CORRELATION	1079	976	2040	3094
SQUARE	69056	157
FOLD	938	651	651	125913	125913	0	520649
RAIL	26	38	174	763
CORRELATION	1081	978	2040	3094
SQUARE	69184	157
FOLD	939	652	652	126105	126105	0	522524
RAIL	26	39	174	764
CORRELATION	1082	980	2040	3094
SQUARE	69248	157
FOLD	940	653	653	126300	126300	0	523158
RAIL	9	55	174	765
CORRELATION	1083	980	2040	3094
SQUARE	69312	157
FOLD	943	654	654	126495	126495	0	525469
RAIL	10	54	175	767
CORRELATION	1087	984	2040	3094
SQUARE	69568	157
FOLD	944	655	655	126687	126687	0	525894
RAIL	10	55	175	768
CORRELATION	1088	984	2040	3094
SQUARE	69632	157
FOLD	945	656	656	126882	126882	0	526961
RAIL	24	40	175	769
CORRELATION	1089	987	2040	3094
SQUARE	69696	157
FOLD	946	657	657	127074	127074	0	527452
RAIL	24	41	175	770
CORRELATION	1090	987	2040	3094
SQUARE	69760	157
FOLD	949	658	658	127266	127266	0	529132
RAIL	23	41	176	772
CORRELATION	1093	991	2040	3094
SQUARE	69952	157
FOLD	950	659	659	127458	127458	0	529652
RAIL	23	42	176	773
CORRELATION	1094	991	2040	3094
SQUARE	70016	157
FOLD	953	660	660	127650	127650	0	531270
RAIL	22	42	177	775
CORRELATION	1097	997	2040	3094
SQUARE	70208	157
FOLD	980	661	661	127845	127845	0	542477
RAIL	29	36	190	789
CORRELATION	1132	1029	2040	3094
SQUARE	72448	157
FOLD	981	662	662	128040	128040	0	543217
RAIL	28	36	190	790
CORRELATION	1135	1032	2040	3094
SQUARE	72640	157
FOLD	982	663	663	128232	128232	0	543650
RAIL	28	37	190	791
CORRELATION	1136	1032	2040	3094
SQUARE	72704	157
FOLD	983	664	664	128427	128427	0	544361
RAIL	27	37	190	792
CORRELATION	1139	1033	2040	3094
SQUARE	72896	157
FOLD	984	665	665	128619	128619	0	544775
RAIL	27	38	190	793
CORRELATION	1140	1033	2040	3094
SQUARE	72960	157
FOLD	985	666	666	128814	128814	0	545340
RAIL	8	56	190	794
CORRELATION	1141	1034	2040	3094
SQUARE	73024	157
FOLD	988	667	667	129009	129009	0	546997
RAIL	9	55	191	796
CORRELATION	1145	1039	2040	3094
SQUARE	73280	157
FOLD	989	668	668	129201	129201	0	548237
RAIL	25	39	191	797
CORRELATION	1147	1041	2040	3094
SQUARE	73408	157
FOLD	990	669	669	129393	129393	0	549022
RAIL	25	40	191	798
CORRELATION	1148	1042	2040	3094
SQUARE	73472	157
FOLD	1001	670	670	129585	129585	0	553353
RAIL	22	42	196	804
CORRELATION	1159	1053	2040	3094
SQUARE	74176	157
FOLD	1006	671	671	129777	129777	0	555623
RAIL	21	44	198	807
CORRELATION	1164	1058	2040	3094
SQUARE	74496	157
FOLD	1024	669	671	129390	129777	0	563877
RAIL	31	34	208	815
CORRELATION	1186	1075	2040	3094
SQUARE	75904	157
FOLD	1027	672	672	129972	129972	0	567679
RAIL	29	35	208	818
CORRELATION	1193	1083	2040	3094
SQUARE	76352	157
FOLD	1028	673	673	130164	130164	0	568227
RAIL	29	36	208	819
CORRELATION	1194	1083	2040	3094
SQUARE	76416	157
FOLD	1029	674	674	130359	130359	0	569751
RAIL	28	36	208	820
CORRELATION	1197	1086	2040	3094
SQUARE	76608	157
FOLD	1030	675	675	130551	130551	0	570755
RAIL	28	37	208	821
CORRELATION	1198	1090	2040	3094
SQUARE	76672	157
FOLD	1031	676	676	130746	130746	0	571358
RAIL	27	37	208	822
CORRELATION	1201	1090	2040	3094
SQUARE	76864	157
FOLD	1032	677	677	130938	130938	0	572419
RAIL	27	38	208	823
CORRELATION	1202	1092	2040	3094
SQUARE	76928	157
FOLD	1033	678	678	131133	131133	0	573406
RAIL	8	56	208	824
CORRELATION	1203	1094	2040	3094
SQUARE	76992	157
FOLD	1038	679	679	131322	131322	0	576960
RAIL	25	40	210	827
CORRELATION	1210	1101	2040	3094
SQUARE	77440	157
FOLD	1075	680	680	131517	131517	0	594530
RAIL	29	35	228	846
CORRELATION	1255	1141	2040	3094
SQUARE	80320	157
FOLD	1076	681	681	131709	131709	0	595242
RAIL	29	36	228	847
CORRELATION	1256	1143	2040	3094
SQUARE	80384	157
FOLD	1077	682	682	131904	131904	0	596152
RAIL	28	36	228	848
CORRELATION	1259	1145	2040	3094
SQUARE	80576	157
FOLD	1078	683	683	132096	132096	0	596874
RAIL	28	37	228	849
CORRELATION	1260	1148	2040	3094
SQUARE	80640	157
FOLD	1079	684	684	132291	132291	0	597874
RAIL	27	37	228	850
CORRELATION	1263	1150	2040	3094
SQUARE	80832	157
FOLD	1080	685	685	132483	132483	0	598449
RAIL	27	38	228	851
CORRELATION	1264	1150	2040	3094
SQUARE	80896	157
FOLD	1123	686	686	132678	132678	0	618192
RAIL	29	36	249	873
CORRELATION	1318	1203	2040	3094
SQUARE	84352	160
FOLD	1124	687	687	132873	132873	0	618922
RAIL	28	36	249	874
CORRELATION	1321	1203	2040	3094
SQUARE	84544	160
FOLD	1125	688	688	133065	133065	0	619367
RAIL	28	37	249	875
CORRELATION	1322	1203	2040	3094
SQUARE	84608	160
FOLD	1170	689	689	133257	133257	0	641374
RAIL	29	36	271	898
CORRELATION	1380	1257	2040	3094
SQUARE	88320	160
FOLD	1676	649	689	125505	133257	0	923279
RAIL	17	48	545	1131
CORRELATION	2047	1900	2040	3094
SQUARE	131072	160
FOLD	1676	649	689	125505	133257	0	923357
RAIL	17	48	545	1131
CORRELATION	2048	1900	2040	3094
SQUARE	131072	160
FOLD	2048	637	689	123195	133257	0	1153315
RAIL	31	34	736	1311
CORRELATION	2550	2368	2040	3094
SQUARE	163200	160
FOLD	3169	606	689	117174	133257	0	1821066
RAIL	32	32	1313	1856
CORRELATION	4095	3857	2040	3094
SQUARE	262144	162
FOLD	3169	606	689	117174	133257	0	1821525
RAIL	32	32	1313	1856
CORRELATION	4096	3859	2040	3094
SQUARE	262144	162
FOLD	4096	605	689	117039	133257	0	2456850
RAIL	30	34	1776	2319
CORRELATION	5405	5083	2040	3094
SQUARE	345920	165
FOLD	6023	578	689	111747	133257	0	3998764
RAIL	31	33	2753	3270
CORRELATION	8191	7658	2040	3094
SQUARE	524288	165
FOLD	6023	578	689	111747	133257	0	3998891
RAIL	31	33	2753	3270
CORRELATION	8192	7658	2040	3094
SQUARE	524288	165
FOLD	8192	551	689	106578	133257	0	5716702
RAIL	20	45	3851	4340
CORRELATION	11398	10682	2040	3094
SQUARE	729472	167
FOLD	11479	554	689	107103	133257	0	10512033
RAIL	29	35	5493	5986
CORRELATION	16383	15467	2040	3094
SQUARE	1048576	167
FOLD	11479	554	689	107103	133257	0	10512738
RAIL	29	35	5493	5986
CORRELATION	16384	15469	2040	3094
SQUARE	1048576	167
FOLD	16384	497	689	96117	133257	0	16876878
RAIL	14	51	7974	8409
CORRELATION	24044	22520	2040	3094
SQUARE	1538816	170
FOLD	21853	558	689	107955	133257	0	25849002
RAIL	25	39	10679	11174
CORRELATION	32767	30696	2040	3094
SQUARE	2097152	170
FOLD	21853	558	689	107955	133257	0	25850077
RAIL	25	39	10679	11174
CORRELATION	32768	30696	2040	3094
SQUARE	2097152	170
FOLD	32768	545	689	105369	133257	0	53913940
RAIL	31	33	16142	16625
CORRELATION	50785	47573	2040	3094
SQUARE	3250240	172
