INPUT	877600487917	40	20	204
FRAME	1	0	1	1	29
FOLD	1	1	1	120	120	0	48
RAIL	2	38	0	0
FOLD	2	1	1	123	123	0	57
RAIL	2	39	1	0
FOLD	4	3	3	363	363	0	282
RAIL	20	21	2	1
FOLD	5	5	5	606	606	0	1198
RAIL	3	37	2	2
FOLD	8	7	7	849	849	0	1644
RAIL	19	22	4	3
FOLD	9	9	9	1092	1092	0	1816
RAIL	4	36	4	4
FOLD	12	11	11	1335	1335	0	2063
RAIL	18	23	6	5
FOLD	13	13	13	1578	1578	0	2236
RAIL	5	35	6	6
FOLD	14	15	15	1821	1821	0	2400
RAIL	5	36	6	7
FOLD	15	17	17	2064	2064	0	2571
RAIL	17	23	6	8
FOLD	16	19	19	2307	2307	0	2742
RAIL	17	24	6	9
FOLD	17	21	21	2550	2550	0	2921
RAIL	6	34	6	10
FOLD	18	23	23	2793	2793	0	3101
RAIL	6	35	6	11
FOLD	19	25	25	3036	3036	0	3279
RAIL	16	24	6	12
FOLD	20	27	27	3279	3279	0	3450
RAIL	16	25	6	13
FOLD	21	29	29	3522	3522	0	3740
RAIL	7	33	6	14
FOLD	22	31	31	3765	3765	0	4205
RAIL	7	34	6	15
FOLD	23	33	33	4008	4008	0	4788
RAIL	15	25	6	16
FOLD	24	35	35	4251	4251	0	5021
RAIL	15	26	6	17
FOLD	25	37	37	4494	4494	0	5173
RAIL	8	32	6	18
FOLD	26	39	39	4737	4737	0	5364
RAIL	8	33	6	19
FOLD	27	41	41	4980	4980	0	5609
RAIL	14	26	6	20
FOLD	28	43	43	5223	5223	0	6215
RAIL	14	27	6	21
FOLD	29	45	45	5466	5466	0	6448
RAIL	9	31	6	22
FOLD	30	47	47	5709	5709	0	6663
RAIL	9	32	6	23
FOLD	31	49	49	5952	5952	0	6824
RAIL	13	27	6	24
FOLD	32	51	51	6195	6195	0	6989
RAIL	13	28	6	25
FOLD	33	53	53	6438	6438	0	7190
RAIL	10	30	6	26
FOLD	34	55	55	6681	6681	0	7396
RAIL	10	31	6	27
FOLD	35	57	57	6924	6924	0	7593
RAIL	12	28	6	28
FOLD	36	59	59	7167	7167	0	8097
RAIL	12	29	6	29
FOLD	37	61	61	7410	7410	0	8698
RAIL	11	29	6	30
FOLD	38	63	63	7653	7653	0	8912
RAIL	11	30	6	31
FOLD	39	64	64	7776	7776	0	9065
RAIL	20	20	6	32
FOLD	40	65	65	7896	7896	0	9236
RAIL	20	20	6	33
FOLD	41	66	66	8016	8016	0	9432
RAIL	20	20	6	34
FOLD	42	67	67	8136	8136	0	9605
RAIL	20	20	6	35
FOLD	43	68	68	8256	8256	0	9770
RAIL	20	21	6	36
FOLD	44	69	69	8379	8379	0	10021
RAIL	20	20	6	37
FOLD	45	70	70	8499	8499	0	10341
RAIL	20	20	6	38
FOLD	46	71	71	8619	8619	0	10669
RAIL	20	20	6	39
FOLD	47	72	72	8739	8739	0	11042
RAIL	19	21	6	40
FOLD	48	73	73	8859	8859	0	11216
RAIL	20	20	6	41
FOLD	49	74	74	8979	8979	0	11608
RAIL	19	22	6	42
FOLD	50	75	75	9102	9102	0	11818
RAIL	20	20	6	43
FOLD	51	76	76	9222	9222	0	12265
RAIL	20	20	6	44
FOLD	52	77	77	9342	9342	0	12759
RAIL	20	20	6	45
FOLD	53	78	78	9462	9462	0	13305
RAIL	18	22	6	46
FOLD	54	79	79	9582	9582	0	13483
RAIL	20	20	6	47
FOLD	55	80	80	9702	9702	0	13737
RAIL	18	23	6	48
FOLD	56	81	81	9825	9825	0	13942
RAIL	20	20	6	49
FOLD	64	79	81	9585	9825	0	14554
RAIL	20	20	11	52
FOLD	75	82	82	9951	9951	0	15971
RAIL	7	34	15	59
FOLD	76	83	83	10074	10074	0	16173
RAIL	20	20	15	60
FOLD	77	84	84	10194	10194	0	16419
RAIL	15	25	15	61
FOLD	78	85	85	10314	10314	0	16589
RAIL	20	20	15	62
FOLD	79	86	86	10434	10434	0	16829
RAIL	15	26	15	63
FOLD	80	87	87	10557	10557	0	17004
RAIL	20	20	15	64
FOLD	85	88	88	10680	10680	0	17600
RAIL	14	26	17	67
FOLD	86	89	89	10800	10800	0	17809
RAIL	20	20	17	68
FOLD	91	90	90	10923	10923	0	18325
RAIL	9	32	19	71
FOLD	92	91	91	11046	11046	0	18486
RAIL	20	20	19	72
FOLD	93	92	92	11166	11166	0	18840
RAIL	13	27	19	73
FOLD	94	93	93	11286	11286	0	19977
RAIL	20	20	19	74
FOLD	99	94	94	11409	11409	0	20535
RAIL	10	31	21	77
FOLD	100	95	95	11532	11532	0	21682
RAIL	20	20	21	78
FOLD	105	96	96	11655	11655	0	23081
RAIL	11	29	23	81
FOLD	106	97	97	11775	11775	0	23322
RAIL	20	20	23	82
FOLD	107	98	98	11895	11895	0	24347
RAIL	11	30	23	83
FOLD	108	99	99	12018	12018	0	25410
RAIL	20	20	23	84
FOLD	109	100	100	12138	12138	0	26396
RAIL	20	20	23	85
FOLD	110	101	101	12258	12258	0	27536
RAIL	20	20	23	86
FOLD	119	102	102	12384	12384	0	30264
RAIL	20	20	27	91
FOLD	126	103	103	12507	12507	0	32113
RAIL	5	35	30	95
FOLD	128	103	103	12507	12507	0	33004
RAIL	5	36	31	96
FOLD	149	104	104	12627	12627	0	40529
RAIL	20	20	41	107
FOLD	150	105	105	12747	12747	0	40815
RAIL	8	32	41	108
FOLD	151	106	106	12867	12867	0	41021
RAIL	20	20	41	109
FOLD	152	107	107	12987	12987	0	41267
RAIL	8	33	41	110
FOLD	153	108	108	13110	13110	0	41457
RAIL	20	20	41	111
FOLD	158	109	109	13233	13233	0	41994
RAIL	9	31	43	114
FOLD	159	110	110	13353	13353	0	42182
RAIL	20	20	43	115
FOLD	164	111	111	13476	13476	0	42804
RAIL	13	28	45	118
FOLD	165	112	112	13599	13599	0	42998
RAIL	20	20	45	119
FOLD	166	113	113	13719	13719	0	43204
RAIL	10	30	45	120
FOLD	167	114	114	13839	13839	0	43433
RAIL	20	20	45	121
FOLD	172	115	115	13962	13962	0	44057
RAIL	12	29	47	124
FOLD	173	116	116	14085	14085	0	44224
RAIL	20	20	47	125
FOLD	178	117	117	14208	14208	0	45106
RAIL	20	20	49	128
FOLD	179	118	118	14328	14328	0	45336
RAIL	20	20	49	129
FOLD	182	119	119	14451	14451	0	45773
RAIL	20	20	50	131
FOLD	187	120	120	14571	14571	0	46287
RAIL	19	22	52	134
FOLD	188	121	121	14694	14694	0	46451
RAIL	20	20	52	135
FOLD	197	122	122	14817	14817	0	47327
RAIL	17	23	56	140
FOLD	198	123	123	14937	14937	0	47491
RAIL	20	20	56	141
FOLD	199	124	124	15057	15057	0	47685
RAIL	17	24	56	142
FOLD	200	125	125	15180	15180	0	47938
RAIL	20	20	56	143
FOLD	223	126	126	15300	15300	0	50678
RAIL	20	20	67	155
FOLD	228	127	127	15423	15423	0	51194
RAIL	13	27	69	158
FOLD	229	128	128	15543	15543	0	51415
RAIL	20	20	69	159
FOLD	234	129	129	15666	15666	0	51894
RAIL	10	31	71	162
FOLD	235	130	130	15789	15789	0	52074
RAIL	20	20	71	163
FOLD	236	131	131	15909	15909	0	52305
RAIL	12	28	71	164
FOLD	237	132	132	16029	16029	0	52555
RAIL	20	20	71	165
FOLD	244	133	133	16155	16155	0	54390
RAIL	20	20	74	169
FOLD	245	134	134	16275	16275	0	54606
RAIL	20	20	74	170
FOLD	246	135	135	16395	16395	0	54808
RAIL	20	20	74	171
FOLD	247	136	136	16515	16515	0	55110
RAIL	20	21	74	172
FOLD	248	137	137	16638	16638	0	55270
RAIL	20	20	74	173
FOLD	249	138	138	16758	16758	0	55515
RAIL	20	20	74	174
FOLD	250	139	139	16878	16878	0	55746
RAIL	20	20	74	175
FOLD	255	140	140	17001	17001	0	56333
RAIL	20	20	76	178
FOLD	256	139	140	16881	17001	0	56341
RAIL	20	20	77	178
FOLD	260	141	141	17124	17124	0	56912
RAIL	20	20	78	181
FOLD	267	142	142	17247	17247	0	57767
RAIL	20	20	81	185
FOLD	268	143	143	17367	17367	0	58006
RAIL	6	35	81	186
FOLD	273	144	144	17487	17487	0	58680
RAIL	20	20	83	189
FOLD	278	145	145	17610	17610	0	59214
RAIL	15	25	85	192
FOLD	279	146	146	17730	17730	0	59459
RAIL	20	20	85	193
FOLD	280	147	147	17850	17850	0	59688
RAIL	15	26	85	194
FOLD	281	148	148	17973	17973	0	59905
RAIL	20	20	85	195
FOLD	300	149	149	18093	18093	0	62179
RAIL	10	31	94	205
FOLD	301	150	150	18216	18216	0	62332
RAIL	20	20	94	206
FOLD	306	151	151	18339	18339	0	62938
RAIL	11	29	96	209
FOLD	307	152	152	18459	18459	0	63106
RAIL	20	20	96	210
FOLD	308	153	153	18579	18579	0	63311
RAIL	11	30	96	211
FOLD	309	154	154	18702	18702	0	63452
RAIL	20	20	96	212
FOLD	318	155	155	18825	18825	0	64414
RAIL	20	20	100	217
FOLD	321	156	156	18948	18948	0	64834
RAIL	20	20	101	219
FOLD	326	157	157	19071	19071	0	65370
RAIL	20	20	103	222
FOLD	327	158	158	19191	19191	0	65630
RAIL	20	20	103	223
FOLD	334	159	159	19314	19314	0	66457
RAIL	20	20	106	227
FOLD	335	160	160	19434	19434	0	66630
RAIL	16	24	106	228
FOLD	336	161	161	19554	19554	0	66789
RAIL	20	20	106	229
FOLD	337	162	162	19674	19674	0	67048
RAIL	16	25	106	230
FOLD	338	163	163	19797	19797	0	67227
RAIL	20	20	106	231
FOLD	351	164	164	19920	19920	0	68900
RAIL	14	26	112	238
FOLD	352	165	165	20040	20040	0	69113
RAIL	20	20	112	239
FOLD	361	166	166	20160	20160	0	70063
RAIL	13	28	116	244
FOLD	362	167	167	20283	20283	0	70206
RAIL	20	20	116	245
FOLD	375	168	168	20406	20406	0	71546
RAIL	20	20	122	252
FOLD	382	169	169	20529	20529	0	72293
RAIL	19	21	125	256
FOLD	383	170	170	20649	20649	0	72450
RAIL	20	20	125	257
FOLD	388	171	171	20772	20772	0	73331
RAIL	18	22	127	260
FOLD	389	172	172	20892	20892	0	73506
RAIL	20	20	127	261
FOLD	396	173	173	21015	21015	0	74624
RAIL	17	24	130	265
FOLD	397	174	174	21138	21138	0	74768
RAIL	20	20	130	266
FOLD	410	175	175	21258	21258	0	76305
RAIL	15	26	136	273
FOLD	411	176	176	21381	21381	0	76449
RAIL	20	20	136	274
FOLD	412	177	177	21501	21501	0	76604
RAIL	8	32	136	275
FOLD	417	178	178	21618	21618	0	77295
RAIL	20	20	138	278
FOLD	418	179	179	21738	21738	0	77510
RAIL	14	27	138	279
FOLD	419	180	180	21861	21861	0	77674
RAIL	20	20	138	280
FOLD	424	181	181	21984	21984	0	78165
RAIL	13	27	140	283
FOLD	425	182	182	22104	22104	0	78310
RAIL	20	20	140	284
FOLD	450	183	183	22230	22230	0	81117
RAIL	20	20	152	297
FOLD	459	184	184	22353	22353	0	81974
RAIL	17	23	156	302
FOLD	460	185	185	22473	22473	0	82135
RAIL	20	20	156	303
FOLD	461	186	186	22593	22593	0	82339
RAIL	17	24	156	304
FOLD	462	187	187	22716	22716	0	82497
RAIL	20	20	156	305
FOLD	463	188	188	22836	22836	0	82709
RAIL	20	20	156	306
FOLD	468	189	189	22959	22959	0	83299
RAIL	20	20	158	309
FOLD	475	190	190	23082	23082	0	84090
RAIL	8	32	161	313
FOLD	494	191	191	23205	23205	0	86027
RAIL	20	20	170	323
FOLD	495	192	192	23325	23325	0	86370
RAIL	12	28	170	324
FOLD	512	189	192	22962	23325	0	88076
RAIL	19	22	180	331
FOLD	520	193	193	23448	23448	0	89465
RAIL	20	20	182	337
FOLD	521	194	194	23568	23568	0	89638
RAIL	20	20	182	338
FOLD	526	195	195	23691	23691	0	90133
RAIL	20	20	184	341
FOLD	531	196	196	23814	23814	0	90775
RAIL	20	20	186	344
FOLD	532	197	197	23934	23934	0	91107
RAIL	20	20	186	345
FOLD	537	198	198	24057	24057	0	91768
RAIL	20	20	188	348
FOLD	542	199	199	24180	24180	0	92289
RAIL	14	26	190	351
FOLD	543	200	200	24300	24300	0	92445
RAIL	20	20	190	352
FOLD	544	201	201	24420	24420	0	92671
RAIL	14	27	190	353
FOLD	545	202	202	24543	24543	0	92861
RAIL	20	20	190	354
FOLD	546	203	203	24663	24663	0	93086
RAIL	9	31	190	355
FOLD	587	204	204	24783	24783	0	97505
RAIL	17	24	210	376
FOLD	588	205	205	24906	24906	0	97662
RAIL	20	20	210	377
FOLD	589	206	206	25026	25026	0	97869
RAIL	20	20	210	378
FOLD	594	207	207	25149	25149	0	98399
RAIL	20	20	212	381
FOLD	599	208	208	25269	25269	0	99010
RAIL	15	26	214	384
FOLD	600	209	209	25392	25392	0	99166
RAIL	20	20	214	385
FOLD	605	210	210	25515	25515	0	99614
RAIL	14	26	216	388
FOLD	650	211	211	25638	25638	0	104451
RAIL	17	24	238	411
FOLD	651	212	212	25761	25761	0	104670
RAIL	20	20	238	412
FOLD	658	213	213	25884	25884	0	105712
RAIL	20	20	241	416
FOLD	659	214	214	26004	26004	0	105929
RAIL	20	20	241	417
FOLD	712	215	215	26127	26127	0	112443
RAIL	20	20	267	444
FOLD	713	216	216	26247	26247	0	112712
RAIL	17	24	267	445
FOLD	714	217	217	26370	26370	0	112944
RAIL	20	20	267	446
FOLD	715	218	218	26490	26490	0	113135
RAIL	20	20	267	447
FOLD	772	219	219	26610	26610	0	118726
RAIL	20	20	295	476
FOLD	1024	197	219	23937	26610	0	141781
RAIL	17	23	432	591
FOLD	2048	161	219	19566	26610	0	240989
RAIL	20	20	962	1085
FOLD	3454	153	219	18600	26610	0	380123
RAIL	20	20	1669	1784
FRAME	20	19	1	3	380572
RESULT	closed	933551	940067	380576	639	1	1	197	505
