INPUT	152857672754471	48	22	244
FRAME	1	0	1	1	33
FOLD	1	1	1	144	144	0	49
RAIL	2	46	0	0
FOLD	2	1	1	147	147	0	60
RAIL	2	47	1	0
FOLD	4	3	3	435	435	0	274
RAIL	24	25	2	1
FOLD	5	5	5	726	726	0	503
RAIL	3	45	2	2
FOLD	6	7	7	1017	1017	0	760
RAIL	3	46	2	3
FOLD	8	9	9	1305	1305	0	1098
RAIL	23	26	3	4
FOLD	9	11	11	1596	1596	0	1404
RAIL	4	44	3	5
FOLD	10	13	13	1887	1887	0	1623
RAIL	4	45	3	6
FOLD	12	15	15	2175	2175	0	2646
RAIL	22	27	4	7
FOLD	13	17	17	2466	2466	0	2877
RAIL	5	43	4	8
FOLD	14	19	19	2757	2757	0	3094
RAIL	5	44	4	9
FOLD	16	21	21	3045	3045	0	3402
RAIL	21	28	5	10
FOLD	17	23	23	3336	3336	0	3615
RAIL	6	42	5	11
FOLD	18	25	25	3627	3627	0	3849
RAIL	6	43	5	12
FOLD	20	27	27	3915	3915	0	4141
RAIL	20	29	6	13
FOLD	21	29	29	4206	4206	0	4447
RAIL	7	41	6	14
FOLD	22	31	31	4497	4497	0	4669
RAIL	7	42	6	15
FOLD	23	33	33	4788	4788	0	4899
RAIL	19	29	6	16
FOLD	24	35	35	5079	5079	0	5098
RAIL	19	30	6	17
FOLD	25	37	37	5370	5370	0	5344
RAIL	8	40	6	18
FOLD	26	39	39	5661	5661	0	5562
RAIL	8	41	6	19
FOLD	27	41	41	5952	5952	0	5858
RAIL	18	30	6	20
FOLD	28	43	43	6243	6243	0	6112
RAIL	18	31	6	21
FOLD	29	45	45	6534	6534	0	6322
RAIL	9	39	6	22
FOLD	30	47	47	6825	6825	0	6550
RAIL	9	40	6	23
FOLD	31	49	49	7116	7116	0	6749
RAIL	17	31	6	24
FOLD	32	51	51	7407	7407	0	6969
RAIL	17	32	6	25
FOLD	33	53	53	7698	7698	0	7267
RAIL	10	38	6	26
FOLD	34	55	55	7989	7989	0	7493
RAIL	10	39	6	27
FOLD	35	57	57	8280	8280	0	7755
RAIL	16	32	6	28
FOLD	36	59	59	8571	8571	0	7972
RAIL	16	33	6	29
FOLD	37	61	61	8862	8862	0	8250
RAIL	11	37	6	30
FOLD	38	63	63	9153	9153	0	8519
RAIL	11	38	6	31
FOLD	39	65	65	9444	9444	0	8758
RAIL	15	33	6	32
FOLD	40	67	67	9735	9735	0	8942
RAIL	15	34	6	33
FOLD	41	69	69	10026	10026	0	9141
RAIL	12	36	6	34
FOLD	42	71	71	10317	10317	0	10233
RAIL	12	37	6	35
FOLD	43	73	73	10608	10608	0	10455
RAIL	14	34	6	36
FOLD	44	75	75	10899	10899	0	10641
RAIL	14	35	6	37
FOLD	45	77	77	11190	11190	0	10896
RAIL	13	35	6	38
FOLD	46	79	79	11481	11481	0	11203
RAIL	13	36	6	39
FOLD	47	80	80	11628	11628	0	11513
RAIL	24	24	6	40
FOLD	48	81	81	11772	11772	0	11828
RAIL	24	24	6	41
FOLD	49	82	82	11916	11916	0	12206
RAIL	24	24	6	42
FOLD	50	83	83	12060	12060	0	12705
RAIL	24	24	6	43
FOLD	51	84	84	12204	12204	0	13071
RAIL	24	25	6	44
FOLD	52	85	85	12351	12351	0	13432
RAIL	24	24	6	45
FOLD	53	86	86	12495	12495	0	13853
RAIL	3	45	6	46
FOLD	56	87	87	12639	12639	0	14705
RAIL	23	25	7	48
FOLD	57	88	88	12783	12783	0	15040
RAIL	24	24	7	49
FOLD	58	89	89	12927	12927	0	15419
RAIL	23	26	7	50
FOLD	59	90	90	13074	13074	0	15739
RAIL	24	24	7	51
FOLD	60	91	91	13218	13218	0	16141
RAIL	4	44	7	52
FOLD	63	92	92	13362	13362	0	16964
RAIL	22	26	8	54
FOLD	64	93	93	13506	13506	0	17364
RAIL	24	24	8	55
FOLD	65	94	94	13650	13650	0	17815
RAIL	22	27	8	56
FOLD	66	95	95	13797	13797	0	18134
RAIL	24	24	8	57
FOLD	67	96	96	13941	13941	0	18521
RAIL	5	43	8	58
FOLD	68	97	97	14085	14085	0	18764
RAIL	24	24	8	59
FOLD	69	98	98	14229	14229	0	19001
RAIL	24	24	8	60
FOLD	70	99	99	14373	14373	0	19254
RAIL	21	27	8	61
FOLD	71	100	100	14517	14517	0	19468
RAIL	24	24	8	62
FOLD	72	101	101	14661	14661	0	19755
RAIL	21	28	8	63
FOLD	73	102	102	14808	14808	0	19960
RAIL	24	24	8	64
FOLD	74	103	103	14952	14952	0	20255
RAIL	6	42	8	65
FOLD	75	104	104	15096	15096	0	20540
RAIL	24	24	8	66
FOLD	76	105	105	15240	15240	0	20813
RAIL	24	24	8	67
FOLD	81	106	106	15387	15387	0	21789
RAIL	7	41	10	70
FOLD	82	107	107	15531	15531	0	21993
RAIL	24	24	10	71
FOLD	89	108	108	15675	15675	0	22983
RAIL	8	40	13	75
FOLD	90	109	109	15819	15819	0	23228
RAIL	24	24	13	76
FOLD	99	110	110	15963	15963	0	24618
RAIL	9	40	17	81
FOLD	102	111	111	16104	16104	0	25173
RAIL	24	24	18	83
FOLD	109	112	112	16254	16254	0	26256
RAIL	16	32	21	87
FOLD	110	113	113	16398	16398	0	26509
RAIL	24	24	21	88
FOLD	111	114	114	16542	16542	0	26775
RAIL	16	33	21	89
FOLD	112	115	115	16689	16689	0	26976
RAIL	24	24	21	90
FOLD	119	116	116	16836	16836	0	27988
RAIL	15	34	24	94
FOLD	120	117	117	16983	16983	0	28230
RAIL	24	24	24	95
FOLD	121	118	118	17127	17127	0	28506
RAIL	12	36	24	96
FOLD	122	119	119	17271	17271	0	28715
RAIL	24	24	24	97
FOLD	123	120	120	17415	17415	0	28965
RAIL	12	37	24	98
FOLD	124	121	121	17562	17562	0	29597
RAIL	24	24	24	99
FOLD	125	122	122	17706	17706	0	29915
RAIL	14	34	24	100
FOLD	126	123	123	17850	17850	0	30269
RAIL	24	24	24	101
FOLD	128	123	123	17853	17853	0	30496
RAIL	24	24	25	102
FOLD	131	124	124	17997	17997	0	31061
RAIL	13	36	26	104
FOLD	132	125	125	18144	18144	0	31265
RAIL	24	24	26	105
FOLD	137	126	126	18291	18291	0	32126
RAIL	24	24	28	108
FOLD	156	127	127	18441	18441	0	34965
RAIL	24	24	37	118
FOLD	165	128	128	18591	18591	0	36549
RAIL	24	24	41	123
FOLD	166	129	129	18735	18735	0	36840
RAIL	7	41	41	124
FOLD	167	130	130	18879	18879	0	37020
RAIL	24	24	41	125
FOLD	168	131	131	19023	19023	0	37262
RAIL	7	42	41	126
FOLD	171	132	132	19164	19164	0	37702
RAIL	24	24	42	128
FOLD	180	133	133	19308	19308	0	38913
RAIL	18	31	46	133
FOLD	181	134	134	19455	19455	0	39103
RAIL	24	24	46	134
FOLD	188	135	135	19602	19602	0	40108
RAIL	17	32	49	138
FOLD	189	136	136	19749	19749	0	40342
RAIL	24	24	49	139
FOLD	190	137	137	19893	19893	0	40607
RAIL	10	38	49	140
FOLD	191	138	138	20037	20037	0	40794
RAIL	24	24	49	141
FOLD	192	139	139	20181	20181	0	41094
RAIL	10	39	49	142
FOLD	193	140	140	20328	20328	0	41298
RAIL	24	24	49	143
FOLD	200	141	141	20475	20475	0	42293
RAIL	11	38	52	147
FOLD	201	142	142	20622	20622	0	42470
RAIL	24	24	52	148
FOLD	202	143	143	20766	20766	0	42703
RAIL	15	33	52	149
FOLD	203	144	144	20910	20910	0	42872
RAIL	24	24	52	150
FOLD	210	145	145	21060	21060	0	43750
RAIL	14	34	55	154
FOLD	211	146	146	21204	21204	0	43949
RAIL	24	24	55	155
FOLD	212	147	147	21348	21348	0	44189
RAIL	14	35	55	156
FOLD	213	148	148	21495	21495	0	44406
RAIL	24	24	55	157
FOLD	214	149	149	21639	21639	0	44654
RAIL	13	35	55	158
FOLD	215	150	150	21783	21783	0	44822
RAIL	24	24	55	159
FOLD	216	151	151	21927	21927	0	45050
RAIL	13	36	55	160
FOLD	217	152	152	22074	22074	0	45215
RAIL	24	24	55	161
FOLD	226	153	153	22221	22221	0	46330
RAIL	24	24	59	166
FOLD	233	154	154	22368	22368	0	47213
RAIL	22	27	62	170
FOLD	234	155	155	22515	22515	0	47419
RAIL	24	24	62	171
FOLD	235	156	156	22659	22659	0	47638
RAIL	5	43	62	172
FOLD	254	157	157	22809	22809	0	50234
RAIL	19	30	71	182
FOLD	255	158	158	22956	22956	0	50525
RAIL	24	24	71	183
FOLD	256	159	159	23100	23100	0	50781
RAIL	8	40	71	184
FOLD	257	160	160	23244	23244	0	50945
RAIL	24	24	71	185
FOLD	258	161	161	23388	23388	0	51175
RAIL	24	24	71	186
FOLD	259	162	162	23532	23532	0	51414
RAIL	18	30	71	187
FOLD	260	163	163	23676	23676	0	51611
RAIL	24	24	71	188
FOLD	265	164	164	23823	23823	0	52256
RAIL	9	40	73	191
FOLD	272	165	165	23967	23967	0	53154
RAIL	24	24	76	195
FOLD	273	166	166	24111	24111	0	53438
RAIL	10	39	76	196
FOLD	282	167	167	24258	24258	0	54705
RAIL	24	24	80	201
FOLD	283	168	168	24402	24402	0	54996
RAIL	15	33	80	202
FOLD	284	169	169	24546	24546	0	55166
RAIL	24	24	80	203
FOLD	285	170	170	24690	24690	0	55426
RAIL	15	34	80	204
FOLD	286	171	171	24837	24837	0	55659
RAIL	24	24	80	205
FOLD	293	172	172	24984	24984	0	56923
RAIL	14	35	83	209
FOLD	294	173	173	25131	25131	0	57187
RAIL	24	24	83	210
FOLD	295	174	174	25275	25275	0	57600
RAIL	13	35	83	211
FOLD	296	175	175	25419	25419	0	57918
RAIL	24	24	83	212
FOLD	303	176	176	25569	25569	0	58862
RAIL	24	24	86	216
FOLD	304	177	177	25713	25713	0	59124
RAIL	24	24	86	217
FOLD	305	178	178	25857	25857	0	59507
RAIL	24	24	86	218
FOLD	310	179	179	26004	26004	0	60203
RAIL	24	24	88	221
FOLD	315	180	180	26151	26151	0	60941
RAIL	24	24	90	224
FOLD	316	181	181	26295	26295	0	61194
RAIL	5	43	90	225
FOLD	325	182	182	26442	26442	0	62499
RAIL	24	24	94	230
FOLD	326	183	183	26586	26586	0	62865
RAIL	20	28	94	231
FOLD	327	184	184	26730	26730	0	63049
RAIL	24	24	94	232
FOLD	342	185	185	26880	26880	0	65229
RAIL	18	31	101	240
FOLD	343	186	186	27027	27027	0	65468
RAIL	24	24	101	241
FOLD	344	187	187	27171	27171	0	65838
RAIL	9	39	101	242
FOLD	345	188	188	27315	27315	0	65997
RAIL	24	24	101	243
FOLD	346	189	189	27459	27459	0	66235
RAIL	9	40	101	244
FOLD	353	190	190	27603	27603	0	67239
RAIL	24	24	104	248
FOLD	360	191	191	27747	27747	0	68270
RAIL	11	37	107	252
FOLD	361	192	192	27891	27891	0	68485
RAIL	24	24	107	253
FOLD	370	193	193	28035	28035	0	69641
RAIL	12	37	111	258
FOLD	371	194	194	28182	28182	0	69803
RAIL	24	24	111	259
FOLD	372	195	195	28326	28326	0	70168
RAIL	14	34	111	260
FOLD	373	196	196	28470	28470	0	70359
RAIL	24	24	111	261
FOLD	380	197	197	28620	28620	0	71299
RAIL	24	24	114	265
FOLD	381	198	198	28764	28764	0	71545
RAIL	24	24	114	266
FOLD	388	199	199	28911	28911	0	72461
RAIL	24	24	117	270
FOLD	389	200	200	29055	29055	0	72734
RAIL	23	26	117	271
FOLD	390	201	201	29202	29202	0	72931
RAIL	24	24	117	272
FOLD	391	202	202	29346	29346	0	73309
RAIL	24	24	117	273
FOLD	396	203	203	29493	29493	0	74071
RAIL	24	24	119	276
FOLD	401	204	204	29637	29637	0	74807
RAIL	21	28	121	279
FOLD	402	205	205	29784	29784	0	74972
RAIL	24	24	121	280
FOLD	411	206	206	29931	29931	0	76431
RAIL	24	24	125	285
FOLD	412	207	207	30075	30075	0	76689
RAIL	24	24	125	286
FOLD	421	208	208	30222	30222	0	77870
RAIL	24	24	129	291
FOLD	430	209	209	30372	30372	0	79027
RAIL	24	24	133	296
FOLD	431	210	210	30516	30516	0	79223
RAIL	10	38	133	297
FOLD	432	211	211	30660	30660	0	79383
RAIL	24	24	133	298
FOLD	433	212	212	30804	30804	0	79579
RAIL	10	39	133	299
FOLD	436	213	213	30945	30945	0	79968
RAIL	24	24	134	301
FOLD	437	214	214	31089	31089	0	80209
RAIL	16	33	134	302
FOLD	438	215	215	31236	31236	0	80426
RAIL	24	24	134	303
FOLD	439	216	216	31380	31380	0	80682
RAIL	11	37	134	304
FOLD	440	217	217	31524	31524	0	80881
RAIL	24	24	134	305
FOLD	453	218	218	31665	31665	0	82449
RAIL	14	35	140	312
FOLD	454	219	219	31812	31812	0	82628
RAIL	24	24	140	313
FOLD	461	220	220	31959	31959	0	83556
RAIL	24	24	143	317
FOLD	462	221	221	32103	32103	0	83821
RAIL	24	25	143	318
FOLD	463	222	222	32250	32250	0	83999
RAIL	24	24	143	319
FOLD	470	223	223	32397	32397	0	84952
RAIL	24	24	146	323
FOLD	477	224	224	32544	32544	0	85802
RAIL	24	24	149	327
FOLD	478	225	225	32688	32688	0	86007
RAIL	21	27	149	328
FOLD	479	226	226	32832	32832	0	86306
RAIL	24	24	149	329
FOLD	480	227	227	32976	32976	0	86637
RAIL	21	28	149	330
FOLD	481	228	228	33123	33123	0	86851
RAIL	24	24	149	331
FOLD	500	229	229	33273	33273	0	89209
RAIL	24	24	158	341
FOLD	501	230	230	33417	33417	0	89456
RAIL	18	31	158	342
FOLD	502	231	231	33564	33564	0	89629
RAIL	24	24	158	343
FOLD	503	232	232	33708	33708	0	89874
RAIL	9	39	158	344
FOLD	512	231	232	33567	33708	0	90875
RAIL	10	39	163	348
FOLD	520	233	233	33861	33861	0	92022
RAIL	11	38	166	353
FOLD	521	234	234	34008	34008	0	92245
RAIL	24	24	166	354
FOLD	522	235	235	34152	34152	0	92481
RAIL	15	33	166	355
FOLD	523	236	236	34296	34296	0	92691
RAIL	24	24	166	356
FOLD	524	237	237	34440	34440	0	92907
RAIL	15	34	166	357
FOLD	525	238	238	34587	34587	0	93074
RAIL	24	24	166	358
FOLD	526	239	239	34731	34731	0	93280
RAIL	12	36	166	359
FOLD	527	240	240	34875	34875	0	93440
RAIL	24	24	166	360
FOLD	528	241	241	35019	35019	0	93671
RAIL	12	37	166	361
FOLD	535	242	242	35163	35163	0	94385
RAIL	24	24	169	365
FOLD	548	243	243	35310	35310	0	95872
RAIL	24	24	175	372
FOLD	549	244	244	35454	35454	0	96099
RAIL	24	24	175	373
FOLD	560	245	245	35604	35604	0	97663
RAIL	24	24	180	379
FOLD	561	246	246	35748	35748	0	97875
RAIL	24	24	180	380
FOLD	562	247	247	35892	35892	0	98079
RAIL	24	24	180	381
FOLD	563	248	248	36036	36036	0	98289
RAIL	20	28	180	382
FOLD	564	249	249	36180	36180	0	98470
RAIL	24	24	180	383
FOLD	583	250	250	36333	36333	0	100822
RAIL	24	24	189	393
FOLD	584	251	251	36477	36477	0	101035
RAIL	17	31	189	394
FOLD	585	252	252	36621	36621	0	101202
RAIL	24	24	189	395
FOLD	586	253	253	36765	36765	0	101454
RAIL	17	32	189	396
FOLD	587	254	254	36912	36912	0	101630
RAIL	24	24	189	397
FOLD	608	255	255	37059	37059	0	104322
RAIL	14	34	199	408
FOLD	609	256	256	37203	37203	0	104496
RAIL	24	24	199	409
FOLD	610	257	257	37347	37347	0	104697
RAIL	14	35	199	410
FOLD	613	258	258	37488	37488	0	105069
RAIL	24	24	200	412
FOLD	614	259	259	37632	37632	0	105367
RAIL	13	36	200	413
FOLD	631	260	260	37779	37779	0	107496
RAIL	22	27	208	422
FOLD	632	261	261	37926	37926	0	107696
RAIL	24	24	208	423
FOLD	633	262	262	38070	38070	0	107999
RAIL	24	24	208	424
FOLD	640	263	263	38217	38217	0	109158
RAIL	24	24	211	428
FOLD	647	264	264	38364	38364	0	110056
RAIL	24	24	214	432
FOLD	648	265	265	38508	38508	0	110276
RAIL	19	29	214	433
FOLD	649	266	266	38652	38652	0	110463
RAIL	24	24	214	434
FOLD	650	267	267	38796	38796	0	110682
RAIL	19	30	214	435
FOLD	651	268	268	38943	38943	0	110908
RAIL	24	24	214	436
FOLD	652	269	269	39087	39087	0	111144
RAIL	8	40	214	437
FOLD	665	270	270	39237	39237	0	112830
RAIL	24	24	220	444
FOLD	674	271	271	39381	39381	0	113984
RAIL	11	37	224	449
FOLD	705	272	272	39522	39522	0	117799
RAIL	24	24	239	465
FOLD	706	273	273	39666	39666	0	118036
RAIL	24	24	239	466
FOLD	713	274	274	39813	39813	0	118992
RAIL	21	27	242	470
FOLD	714	275	275	39957	39957	0	119189
RAIL	24	24	242	471
FOLD	715	276	276	40101	40101	0	119417
RAIL	21	28	242	472
FOLD	716	277	277	40248	40248	0	119597
RAIL	24	24	242	473
FOLD	723	278	278	40395	40395	0	120525
RAIL	7	41	245	477
FOLD	724	279	279	40539	40539	0	120706
RAIL	24	24	245	478
FOLD	731	280	280	40686	40686	0	121622
RAIL	24	24	248	482
FOLD	732	281	281	40830	40830	0	121840
RAIL	24	24	248	483
FOLD	733	282	282	40974	40974	0	122059
RAIL	18	30	248	484
FOLD	734	283	283	41118	41118	0	122250
RAIL	24	24	248	485
FOLD	735	284	284	41262	41262	0	122491
RAIL	18	31	248	486
FOLD	736	285	285	41409	41409	0	122672
RAIL	24	24	248	487
FOLD	757	286	286	41556	41556	0	125238
RAIL	15	34	258	498
FOLD	778	287	287	41697	41697	0	128045
RAIL	23	25	268	509
FOLD	779	288	288	41841	41841	0	128267
RAIL	24	24	268	510
FOLD	780	289	289	41985	41985	0	128522
RAIL	23	26	268	511
FOLD	781	290	290	42132	42132	0	128705
RAIL	24	24	268	512
FOLD	782	291	291	42276	42276	0	128924
RAIL	24	24	268	513
FOLD	787	292	292	42423	42423	0	129529
RAIL	24	24	270	516
FOLD	792	293	293	42567	42567	0	130210
RAIL	21	28	272	519
FOLD	793	294	294	42714	42714	0	130405
RAIL	24	24	272	520
FOLD	800	295	295	42861	42861	0	131313
RAIL	7	41	275	524
FOLD	809	296	296	43008	43008	0	132533
RAIL	24	24	279	529
FOLD	810	297	297	43152	43152	0	132793
RAIL	18	30	279	530
FOLD	811	298	298	43296	43296	0	132995
RAIL	24	24	279	531
FOLD	818	299	299	43443	43443	0	133850
RAIL	24	24	282	535
FOLD	819	300	300	43587	43587	0	134064
RAIL	17	32	282	536
FOLD	862	301	301	43728	43728	0	139584
RAIL	24	24	303	558
FOLD	863	302	302	43872	43872	0	139797
RAIL	22	27	303	559
FOLD	864	303	303	44019	44019	0	139990
RAIL	24	24	303	560
FOLD	873	304	304	44166	44166	0	141189
RAIL	20	28	307	565
FOLD	874	305	305	44310	44310	0	141437
RAIL	24	24	307	566
FOLD	883	306	306	44460	44460	0	142545
RAIL	24	24	311	571
FOLD	884	307	307	44604	44604	0	142759
RAIL	8	40	311	572
FOLD	903	308	308	44742	44742	0	144885
RAIL	16	33	320	582
FOLD	904	309	309	44889	44889	0	145077
RAIL	24	24	320	583
FOLD	905	310	310	45033	45033	0	145286
RAIL	11	37	320	584
FOLD	948	311	311	45180	45180	0	151333
RAIL	24	24	341	606
FOLD	949	312	312	45324	45324	0	151665
RAIL	24	24	341	607
FOLD	954	313	313	45471	45471	0	152378
RAIL	7	41	343	610
FOLD	955	314	314	45615	45615	0	152529
RAIL	24	24	343	611
FOLD	1022	315	315	45759	45759	0	160991
RAIL	24	24	376	645
FOLD	1024	315	315	45762	45762	0	161229
RAIL	24	24	377	646
FOLD	1029	316	316	45906	45906	0	161928
RAIL	20	29	379	649
FOLD	1034	317	317	46047	46047	0	162669
RAIL	19	29	381	652
FOLD	1035	318	318	46191	46191	0	162941
RAIL	24	24	381	653
FOLD	1118	319	319	46332	46332	0	173943
RAIL	18	30	422	695
FOLD	2048	279	319	40503	46332	0	306331
RAIL	12	36	907	1140
FOLD	4096	259	319	37596	46332	0	589201
RAIL	16	33	1941	2154
FOLD	8192	237	319	34398	46332	0	1108756
RAIL	23	25	4000	4191
FOLD	16384	207	319	30036	46332	0	2177010
RAIL	22	27	8111	8272
FOLD	32768	185	319	26847	46332	0	4177679
RAIL	24	24	16314	16453
