INPUT	47941	16	9	84
FRAME	1	0	1	1	29
FOLD	1	1	1	48	48	0	46
RAIL	2	14	0	0
CORRELATION	0	0	0	0
SQUARE	0	0
FOLD	2	1	1	51	51	0	59
RAIL	2	15	1	0
CORRELATION	0	0	0	0
SQUARE	0	0
FOLD	4	3	3	147	147	0	178
RAIL	8	9	2	1
CORRELATION	0	0	0	0
SQUARE	0	0
FOLD	5	5	5	246	246	0	291
RAIL	3	13	2	2
CORRELATION	0	0	0	0
SQUARE	0	0
FOLD	8	7	7	345	345	0	465
RAIL	7	10	4	3
CORRELATION	0	0	0	0
SQUARE	0	0
FOLD	9	9	9	444	444	0	567
RAIL	4	12	4	4
CORRELATION	0	0	0	0
SQUARE	0	0
FOLD	12	11	11	543	543	0	831
RAIL	6	11	6	5
CORRELATION	0	0	0	0
SQUARE	0	0
FOLD	13	13	13	642	642	0	983
RAIL	5	11	6	6
CORRELATION	0	0	0	0
SQUARE	0	0
FOLD	14	15	15	741	741	0	1083
RAIL	5	12	6	7
CORRELATION	0	0	0	0
SQUARE	0	0
FOLD	14	15	15	741	741	0	1332
RAIL	5	12	6	8
CORRELATION	0	0	119	189
SQUARE	1	20
FOLD	14	15	15	741	741	0	1348
RAIL	5	12	6	8
CORRELATION	0	0	119	189
SQUARE	2	33
FRAME	8	7	1	3	1482
RESULT	closed	191	251	1489	455	1	1	97	255
