INPUT	152857672754471	48	22	244
FRAME	1	0	1	1	34
FOLD	1	1	1	144	144	0	39
FOLD	2	1	1	147	147	0	51
FOLD	4	3	3	435	435	0	71
FOLD	5	5	5	726	726	0	97
FOLD	6	7	7	1017	1017	0	110
FOLD	8	9	9	1305	1305	0	130
FOLD	9	11	11	1596	1596	0	188
FOLD	10	13	13	1887	1887	0	200
FOLD	12	15	15	2175	2175	0	227
FOLD	13	17	17	2466	2466	0	261
FOLD	14	19	19	2757	2757	0	273
FOLD	16	21	21	3045	3045	0	369
FOLD	17	23	23	3336	3336	0	395
FOLD	18	25	25	3627	3627	0	406
FOLD	20	27	27	3915	3915	0	441
FOLD	21	29	29	4206	4206	0	523
FOLD	22	31	31	4497	4497	0	535
FOLD	23	33	33	4788	4788	0	555
FOLD	24	35	35	5079	5079	0	565
FOLD	25	37	37	5370	5370	0	592
FOLD	26	39	39	5661	5661	0	603
FOLD	27	41	41	5952	5952	0	657
FOLD	28	43	43	6243	6243	0	672
FOLD	29	45	45	6534	6534	0	690
FOLD	30	47	47	6825	6825	0	700
FOLD	31	49	49	7116	7116	0	720
FOLD	32	51	51	7407	7407	0	759
FOLD	33	53	53	7698	7698	0	794
FOLD	34	55	55	7989	7989	0	805
FOLD	35	57	57	8280	8280	0	824
FOLD	36	59	59	8571	8571	0	833
FOLD	37	61	61	8862	8862	0	857
FOLD	38	63	63	9153	9153	0	888
FOLD	39	65	65	9444	9444	0	906
FOLD	40	67	67	9735	9735	0	916
FOLD	41	69	69	10026	10026	0	933
FOLD	42	71	71	10317	10317	0	942
FOLD	43	73	73	10608	10608	0	967
FOLD	44	75	75	10899	10899	0	983
FOLD	45	77	77	11190	11190	0	1036
FOLD	46	79	79	11481	11481	0	1050
FOLD	47	80	80	11628	11628	0	1077
FOLD	48	81	81	11772	11772	0	1108
FOLD	49	82	82	11919	11919	0	1129
FOLD	52	83	83	12066	12066	0	1168
FOLD	55	84	84	12213	12213	0	1238
FOLD	56	85	85	12357	12357	0	1257
FOLD	57	86	86	12501	12501	0	1275
FOLD	58	87	87	12648	12648	0	1350
FOLD	59	88	88	12792	12792	0	1373
FOLD	60	89	89	12936	12936	0	1391
FOLD	61	90	90	13083	13083	0	1409
FOLD	62	91	91	13227	13227	0	1427
FOLD	64	91	91	13224	13227	0	1452
FOLD	65	92	92	13371	13371	0	1469
FOLD	66	93	93	13515	13515	0	1488
FOLD	69	94	94	13659	13659	0	1569
FOLD	70	95	95	13803	13803	0	1587
FOLD	73	96	96	13947	13947	0	1678
FOLD	74	97	97	14091	14091	0	1696
FOLD	75	98	98	14238	14238	0	1714
FOLD	76	99	99	14382	14382	0	1732
FOLD	77	100	100	14529	14529	0	1750
FOLD	78	101	101	14673	14673	0	1789
FOLD	79	102	102	14820	14820	0	1814
FOLD	80	103	103	14964	14964	0	1833
FOLD	81	104	104	15111	15111	0	1895
FOLD	82	105	105	15255	15255	0	1916
FOLD	83	106	106	15402	15402	0	1934
FOLD	84	107	107	15546	15546	0	1951
FOLD	85	108	108	15693	15693	0	1970
FOLD	86	109	109	15837	15837	0	1987
FOLD	87	110	110	15984	15984	0	2008
FOLD	88	111	111	16128	16128	0	2026
FOLD	89	112	112	16275	16275	0	2044
FOLD	92	113	113	16422	16422	0	2082
FOLD	95	114	114	16569	16569	0	2153
FOLD	98	115	115	16716	16716	0	2194
FOLD	101	116	116	16863	16863	0	2295
FOLD	102	117	117	17007	17007	0	2320
FOLD	105	118	118	17151	17151	0	2358
FOLD	106	119	119	17295	17295	0	2401
FOLD	109	120	120	17439	17439	0	2474
FOLD	110	121	121	17583	17583	0	2507
FOLD	111	122	122	17730	17730	0	2572
FOLD	112	123	123	17874	17874	0	2594
FOLD	113	124	124	18021	18021	0	2613
FOLD	114	125	125	18165	18165	0	2643
FOLD	115	126	126	18312	18312	0	2678
FOLD	116	127	127	18456	18456	0	2698
FOLD	117	128	128	18603	18603	0	2719
FOLD	118	129	129	18747	18747	0	2739
FOLD	119	130	130	18894	18894	0	2758
FOLD	120	131	131	19038	19038	0	2777
FOLD	121	132	132	19185	19185	0	2795
FOLD	122	133	133	19329	19329	0	2813
FOLD	123	134	134	19476	19476	0	2875
FOLD	124	135	135	19620	19620	0	2898
FOLD	125	136	136	19767	19767	0	2970
FOLD	126	137	137	19911	19911	0	2990
FOLD	127	138	138	20058	20058	0	3008
FOLD	128	139	139	20202	20202	0	3028
FOLD	129	140	140	20349	20349	0	3071
FOLD	130	141	141	20493	20493	0	3101
FOLD	131	142	142	20640	20640	0	3124
FOLD	132	143	143	20784	20784	0	3146
FOLD	133	144	144	20931	20931	0	3171
FOLD	136	145	145	21078	21078	0	3213
FOLD	139	146	146	21225	21225	0	3298
FOLD	142	147	147	21372	21372	0	3362
FOLD	143	148	148	21516	21516	0	3384
FOLD	144	149	149	21660	21660	0	3405
FOLD	145	150	150	21807	21807	0	3430
FOLD	146	151	151	21951	21951	0	3452
FOLD	149	152	152	22095	22095	0	3504
FOLD	150	153	153	22239	22239	0	3545
FOLD	153	154	154	22383	22383	0	3634
FOLD	154	155	155	22527	22527	0	3657
FOLD	155	156	156	22674	22674	0	3679
FOLD	156	157	157	22818	22818	0	3705
FOLD	157	158	158	22965	22965	0	3726
FOLD	158	159	159	23109	23109	0	3747
FOLD	159	160	160	23256	23256	0	3785
FOLD	160	161	161	23400	23400	0	3807
FOLD	161	162	162	23547	23547	0	3827
FOLD	162	163	163	23691	23691	0	3911
FOLD	163	164	164	23838	23838	0	3994
FOLD	164	165	165	23982	23982	0	4059
FOLD	165	166	166	24129	24129	0	4089
FOLD	166	167	167	24273	24273	0	4111
FOLD	167	168	168	24420	24420	0	4132
FOLD	168	169	169	24564	24564	0	4152
FOLD	169	170	170	24711	24711	0	4173
FOLD	172	171	171	24858	24858	0	4281
FOLD	173	172	172	25002	25002	0	4301
FOLD	174	173	173	25146	25146	0	4349
FOLD	175	174	174	25293	25293	0	4372
FOLD	178	175	175	25440	25440	0	4430
FOLD	181	176	176	25587	25587	0	4598
FOLD	182	177	177	25731	25731	0	4624
FOLD	185	178	178	25875	25875	0	4690
FOLD	186	179	179	26019	26019	0	4712
FOLD	189	180	180	26163	26163	0	4760
FOLD	190	181	181	26307	26307	0	4782
FOLD	193	182	182	26451	26451	0	4831
FOLD	194	183	183	26595	26595	0	4854
FOLD	195	184	184	26742	26742	0	4875
FOLD	196	185	185	26886	26886	0	4921
FOLD	197	186	186	27033	27033	0	4956
FOLD	198	187	187	27177	27177	0	5004
FOLD	199	188	188	27324	27324	0	5049
FOLD	200	189	189	27468	27468	0	5078
FOLD	201	190	190	27615	27615	0	5101
FOLD	202	191	191	27759	27759	0	5125
FOLD	203	192	192	27906	27906	0	5148
FOLD	204	193	193	28050	28050	0	5171
FOLD	205	194	194	28197	28197	0	5194
FOLD	206	195	195	28341	28341	0	5217
FOLD	207	196	196	28488	28488	0	5240
FOLD	210	197	197	28635	28635	0	5304
FOLD	211	198	198	28779	28779	0	5324
FOLD	212	199	199	28923	28923	0	5348
FOLD	213	200	200	29070	29070	0	5372
FOLD	216	201	201	29217	29217	0	5435
FOLD	219	202	202	29364	29364	0	5568
FOLD	220	203	203	29508	29508	0	5598
FOLD	223	204	204	29652	29652	0	5677
FOLD	224	205	205	29796	29796	0	5702
FOLD	227	206	206	29940	29940	0	5754
FOLD	228	207	207	30084	30084	0	5778
FOLD	231	208	208	30228	30228	0	5831
FOLD	232	209	209	30372	30372	0	5854
FOLD	233	210	210	30519	30519	0	5878
FOLD	234	211	211	30663	30663	0	5904
FOLD	235	212	212	30810	30810	0	5933
FOLD	236	213	213	30954	30954	0	5959
FOLD	237	214	214	31101	31101	0	5984
FOLD	238	215	215	31245	31245	0	6009
FOLD	239	216	216	31392	31392	0	6034
FOLD	240	217	217	31536	31536	0	6060
FOLD	241	218	218	31683	31683	0	6151
FOLD	244	219	219	31830	31830	0	6299
FOLD	247	220	220	31977	31977	0	6375
FOLD	248	221	221	32121	32121	0	6395
FOLD	249	222	222	32265	32265	0	6422
FOLD	250	223	223	32412	32412	0	6447
FOLD	253	224	224	32559	32559	0	6539
FOLD	256	225	225	32706	32706	0	6649
FOLD	257	226	226	32853	32853	0	6677
FOLD	258	227	227	32997	32997	0	6704
FOLD	259	228	228	33144	33144	0	6733
FOLD	260	229	229	33288	33288	0	6759
FOLD	261	230	230	33435	33435	0	6784
FOLD	262	231	231	33579	33579	0	6811
FOLD	265	232	232	33723	33723	0	6868
FOLD	266	233	233	33867	33867	0	6894
FOLD	269	234	234	34011	34011	0	6991
FOLD	270	235	235	34155	34155	0	7026
FOLD	271	236	236	34302	34302	0	7067
FOLD	272	237	237	34446	34446	0	7108
FOLD	273	238	238	34593	34593	0	7139
FOLD	274	239	239	34737	34737	0	7174
FOLD	275	240	240	34884	34884	0	7215
FOLD	276	241	241	35028	35028	0	7245
FOLD	277	242	242	35175	35175	0	7315
FOLD	280	243	243	35322	35322	0	7423
FOLD	283	244	244	35469	35469	0	7505
FOLD	284	245	245	35613	35613	0	7528
FOLD	285	246	246	35757	35757	0	7557
FOLD	286	247	247	35904	35904	0	7588
FOLD	289	248	248	36051	36051	0	7665
FOLD	290	249	249	36198	36198	0	7721
FOLD	295	250	250	36342	36342	0	7888
FOLD	296	251	251	36489	36489	0	7926
FOLD	297	252	252	36633	36633	0	7974
FOLD	302	253	253	36774	36774	0	8091
FOLD	303	254	254	36918	36918	0	8123
FOLD	304	255	255	37065	37065	0	8154
FOLD	305	256	256	37209	37209	0	8183
FOLD	306	257	257	37356	37356	0	8214
FOLD	307	258	258	37500	37500	0	8248
FOLD	308	259	259	37647	37647	0	8279
FOLD	309	260	260	37791	37791	0	8308
FOLD	310	261	261	37938	37938	0	8339
FOLD	311	262	262	38082	38082	0	8357
FOLD	312	263	263	38226	38226	0	8387
FOLD	313	264	264	38373	38373	0	8468
FOLD	316	265	265	38520	38520	0	8584
FOLD	319	266	266	38667	38667	0	8662
FOLD	320	267	267	38811	38811	0	8687
FOLD	323	268	268	38955	38955	0	8750
FOLD	336	269	269	39093	39093	0	9038
FOLD	337	270	270	39240	39240	0	9072
FOLD	338	271	271	39384	39384	0	9106
FOLD	339	272	272	39531	39531	0	9143
FOLD	340	273	273	39675	39675	0	9177
FOLD	341	274	274	39822	39822	0	9218
FOLD	342	275	275	39966	39966	0	9251
FOLD	343	276	276	40113	40113	0	9284
FOLD	344	277	277	40257	40257	0	9303
FOLD	345	278	278	40401	40401	0	9337
FOLD	346	279	279	40548	40548	0	9371
FOLD	347	280	280	40692	40692	0	9391
FOLD	348	281	281	40836	40836	0	9424
FOLD	349	282	282	40983	40983	0	9459
FOLD	352	283	283	41130	41130	0	9588
FOLD	359	284	284	41271	41271	0	9740
FOLD	370	285	285	41415	41415	0	10186
FOLD	371	286	286	41559	41559	0	10228
FOLD	372	287	287	41706	41706	0	10296
FOLD	373	288	288	41850	41850	0	10347
FOLD	374	289	289	41997	41997	0	10388
FOLD	375	290	290	42141	42141	0	10428
FOLD	376	291	291	42288	42288	0	10469
FOLD	379	292	292	42435	42435	0	10567
FOLD	380	293	293	42579	42579	0	10589
FOLD	381	294	294	42723	42723	0	10628
FOLD	382	295	295	42870	42870	0	10667
FOLD	383	296	296	43014	43014	0	10687
FOLD	384	297	297	43158	43158	0	10725
FOLD	405	298	298	43299	43299	0	11374
FOLD	406	299	299	43443	43443	0	11416
FOLD	407	300	300	43590	43590	0	11476
FOLD	408	301	301	43734	43734	0	11588
FOLD	409	302	302	43881	43881	0	11632
FOLD	412	303	303	44028	44028	0	11728
FOLD	417	304	304	44169	44169	0	11850
FOLD	420	305	305	44310	44310	0	11916
FOLD	421	306	306	44457	44457	0	11963
FOLD	438	307	307	44601	44601	0	12562
FOLD	439	308	308	44748	44748	0	12630
FOLD	440	309	309	44892	44892	0	12677
FOLD	441	310	310	45039	45039	0	12727
FOLD	442	311	311	45183	45183	0	12747
FOLD	443	312	312	45327	45327	0	12792
FOLD	468	313	313	45468	45468	0	13562
FOLD	469	314	314	45615	45615	0	13613
FOLD	470	315	315	45759	45759	0	13672
FOLD	471	316	316	45906	45906	0	13728
FOLD	472	317	317	46050	46050	0	13811
FOLD	479	318	318	46191	46191	0	14203
FOLD	500	319	319	46338	46338	0	14949
FOLD	501	320	320	46485	46485	0	15019
FOLD	502	321	321	46629	46629	0	15077
FOLD	512	319	321	46335	46629	0	15380
FOLD	537	322	322	46767	46767	0	16408
FOLD	1024	283	322	41091	46767	0	35297
FOLD	2048	243	322	35277	46767	0	76032
FOLD	4096	245	322	35544	46767	0	154661
FOLD	8192	209	322	30345	46767	0	310165
FOLD	16384	199	322	28896	46767	0	632879
FOLD	32768	179	322	25944	46767	0	1262615
FOLD	65536	127	322	18423	46767	0	2510760
FOLD	131072	119	322	17250	46767	0	5027661
