INPUT	9067379	24	13	124
FRAME	1	0	1	1	28
FOLD	1	1	1	72	72	0	47
RAIL	2	22	0	0
CORRELATION	0	0	0	0
SQUARE	0	0
FOLD	2	1	1	75	75	0	60
RAIL	2	23	1	0
CORRELATION	0	0	0	0
SQUARE	0	0
FOLD	4	3	3	219	219	0	175
RAIL	12	13	2	1
CORRELATION	0	0	0	0
SQUARE	0	0
FOLD	5	5	5	366	366	0	329
RAIL	3	21	2	2
CORRELATION	0	0	0	0
SQUARE	0	0
FOLD	6	7	7	513	513	0	424
RAIL	3	22	2	3
CORRELATION	0	0	0	0
SQUARE	0	0
FOLD	8	9	9	657	657	0	616
RAIL	11	14	3	4
CORRELATION	0	0	0	0
SQUARE	0	0
FOLD	9	11	11	804	804	0	779
RAIL	4	20	3	5
CORRELATION	0	0	0	0
SQUARE	0	0
FOLD	10	13	13	951	951	0	875
RAIL	4	21	3	6
CORRELATION	0	0	0	0
SQUARE	0	0
FOLD	12	15	15	1095	1095	0	1006
RAIL	10	15	4	7
CORRELATION	0	0	0	0
SQUARE	0	0
FOLD	13	17	17	1242	1242	0	1156
RAIL	5	19	4	8
CORRELATION	0	0	0	0
SQUARE	0	0
FOLD	14	19	19	1389	1389	0	1293
RAIL	5	20	4	9
CORRELATION	0	0	0	0
SQUARE	0	0
FOLD	16	21	21	1533	1533	0	1503
RAIL	9	16	5	10
CORRELATION	0	0	0	0
SQUARE	0	0
FOLD	17	23	23	1680	1680	0	1631
RAIL	6	18	5	11
CORRELATION	0	0	0	0
SQUARE	0	0
FOLD	18	25	25	1827	1827	0	1756
RAIL	6	19	5	12
CORRELATION	0	0	0	0
SQUARE	0	0
FOLD	20	27	27	1971	1971	0	1882
RAIL	8	17	6	13
CORRELATION	0	0	0	0
SQUARE	0	0
FOLD	21	29	29	2118	2118	0	1988
RAIL	7	17	6	14
CORRELATION	0	0	0	0
SQUARE	0	0
FOLD	22	31	31	2265	2265	0	2078
RAIL	7	18	6	15
CORRELATION	0	0	0	0
SQUARE	0	0
FOLD	22	31	31	2265	2265	0	2627
RAIL	7	18	6	16
CORRELATION	0	0	279	433
SQUARE	1	29
FOLD	22	31	31	2265	2265	0	2644
RAIL	7	18	6	16
CORRELATION	0	0	279	433
SQUARE	2	50
FOLD	22	31	31	2265	2265	0	2655
RAIL	7	18	6	16
CORRELATION	0	0	279	433
SQUARE	4	52
FOLD	22	31	31	2265	2265	0	2669
RAIL	7	18	6	16
CORRELATION	0	0	279	433
SQUARE	8	55
FOLD	22	31	31	2265	2265	0	2693
RAIL	7	18	6	16
CORRELATION	0	0	279	433
SQUARE	16	57
FOLD	22	31	31	2265	2265	0	2728
RAIL	7	18	6	16
CORRELATION	1	0	279	433
SQUARE	24	60
FOLD	22	31	31	2265	2265	0	2752
RAIL	7	18	6	16
CORRELATION	1	0	279	433
SQUARE	32	60
FOLD	22	31	31	2265	2265	0	2788
RAIL	7	18	6	16
CORRELATION	1	0	279	433
SQUARE	46	62
FRAME	12	11	1	2	2966
RESULT	closed	2357	3847	2970	1102	1	1	132	343
