Σ(1)  —  constitutive set = divisors of 1
  |Σ(1)| = 1
  Σ(1) = {1}

  VERDICT: TRIVIAL
  The input 1 has no nontrivial divisor ring.
  ⊡ = 0
Σ(2)  —  constitutive set = divisors of 2
  |Σ(2)| = 2
  Σ(2) = {1, 2}

  VERDICT: PRIME STATE  (⊡ = 1)
  2 is PRIME. Σ(2) = {1, 2}.
  The 'close' verb forms a DEGENERATE RING (dimer):
  a single divisibility bond 1 | 2.
  This is the prime state — ⊡=1, no internal structure.
  Spectrum: [1.0000, -1.0000]
  Conductance: DIMER
Σ(97)  —  constitutive set = divisors of 97
  |Σ(97)| = 2
  Σ(97) = {1, 97}

  VERDICT: PRIME STATE  (⊡ = 1)
  97 is PRIME. Σ(97) = {1, 97}.
  The 'close' verb forms a DEGENERATE RING (dimer):
  a single divisibility bond 1 | 97.
  This is the prime state — ⊡=1, no internal structure.
  Spectrum: [1.0000, -1.0000]
  Conductance: DIMER
Σ(360)  —  constitutive set = divisors of 360
  |Σ(360)| = 24
  Σ(360) = {1, 2, 3, 4, 5, 6, 8, 9, 10, 12, ... (24 total)}

  VERDICT: STABLE RING  (⊡ = 24)
  Σ(360) is NON-TRIVIAL: |Σ|=24 > 2.
  The divisor lattice forms a genuine macrocycle under the close verb.
  Ring order: [1 . 5 . 3 . 15 . 9 . 45 . 2 . 10 . 6 . 30 . 18 . 90 . 4 . 20 . 12 . 60 . 36 . 180 . 8 . 40 . 24 . 120 . 72 . 360]
  Direct divisibility bonds: 13/24
  Spectral radius ρ = 2.0000
  Spectral gap = 0.0681
  Graph energy Σ|λ| = 30.3830
  Conductance: CONDUCTIVE
  Σ(360) forms a STABLE divisor ring of 24 units. The divisor lattice is non-trivial (|Σ|>2), so the close verb identifies 1 and 360 cyclically, forming a genuine macrocycle. 13/24 adjacent pairs share direct divisibility; the remaining bonds are structurally mediated through the lattice.
Σ(65536)  —  constitutive set = divisors of 65536
  |Σ(65536)| = 17
  Σ(65536) = {1, 2, 4, 8, 16, 32, 64, 128, 256, 512, 1024, 2048, 4096, 8192, 16384, 32768, 65536}

  VERDICT: STABLE RING  (⊡ = 17)
  Σ(65536) is NON-TRIVIAL: |Σ|=17 > 2.
  The divisor lattice forms a genuine macrocycle under the close verb.
  Ring order: [1 . 2 . 4 . 8 . 16 . 32 . 64 . 128 . 256 . 512 . 1024 . 2048 . 4096 . 8192 . 16384 . 32768 . 65536]
  Direct divisibility bonds: 17/17
  Spectral radius ρ = 2.0000
  Spectral gap = 0.1351
  Graph energy Σ|λ| = 21.6759
  Conductance: CONDUCTIVE
  Σ(65536) forms a STABLE divisor ring of 17 units. The divisor lattice is non-trivial (|Σ|>2), so the close verb identifies 1 and 65536 cyclically, forming a genuine macrocycle. 17/17 adjacent pairs share direct divisibility; the remaining bonds are structurally mediated through the lattice.
entry(...) exited(0)   [246788 steps in the twelve]
