INPUT	9067379	24	13	124
FRAME	1	0	1	1	18
FOLD	1	1	1	72	72	0	36
RAIL	2	22	0	0
FOLD	2	1	1	75	75	0	50
RAIL	2	23	1	0
FOLD	4	3	3	219	219	0	240
RAIL	12	13	2	1
FOLD	5	5	5	366	366	0	459
RAIL	3	21	2	2
FOLD	6	7	7	513	513	0	588
RAIL	3	22	2	3
FOLD	8	9	9	657	657	0	830
RAIL	11	14	3	4
FOLD	9	11	11	804	804	0	1052
RAIL	4	20	3	5
FOLD	10	13	13	951	951	0	1198
RAIL	4	21	3	6
FOLD	12	15	15	1095	1095	0	1390
RAIL	10	15	4	7
FOLD	13	17	17	1242	1242	0	1612
RAIL	5	19	4	8
FOLD	14	19	19	1389	1389	0	1840
RAIL	5	20	4	9
FOLD	16	21	21	1533	1533	0	2093
RAIL	9	16	5	10
FOLD	17	23	23	1680	1680	0	2258
RAIL	6	18	5	11
FOLD	18	25	25	1827	1827	0	2346
RAIL	6	19	5	12
FOLD	20	27	27	1971	1971	0	2445
RAIL	8	17	6	13
FOLD	21	29	29	2118	2118	0	2542
RAIL	7	17	6	14
FOLD	22	31	31	2265	2265	0	2630
RAIL	7	18	6	15
FOLD	23	32	32	2340	2340	0	2969
RAIL	12	12	6	16
FOLD	24	33	33	2412	2412	0	3081
RAIL	12	12	6	17
FOLD	25	34	34	2484	2484	0	3189
RAIL	12	12	6	18
FOLD	26	35	35	2556	2556	0	3301
RAIL	12	12	6	19
FOLD	27	36	36	2628	2628	0	3411
RAIL	12	13	6	20
FOLD	28	37	37	2703	2703	0	3587
RAIL	12	12	6	21
FOLD	29	38	38	2775	2775	0	3704
RAIL	3	21	6	22
FOLD	32	37	38	2703	2775	0	3828
RAIL	11	13	8	23
FOLD	36	39	39	2850	2850	0	4226
RAIL	4	20	9	26
FOLD	43	40	40	2925	2925	0	4783
RAIL	5	19	12	30
FOLD	44	41	41	2997	2997	0	4892
RAIL	12	12	12	31
FOLD	51	42	42	3072	3072	0	5381
RAIL	12	12	15	35
FOLD	52	43	43	3144	3144	0	5490
RAIL	12	12	15	36
FOLD	53	44	44	3216	3216	0	5599
RAIL	8	16	15	37
FOLD	54	45	45	3288	3288	0	5698
RAIL	12	12	15	38
FOLD	64	43	45	3138	3288	0	6200
RAIL	12	13	21	42
FOLD	77	46	46	3360	3360	0	7056
RAIL	12	12	26	50
FOLD	128	41	46	2982	3363	0	9789
RAIL	7	17	54	73
FOLD	238	33	46	2394	3363	0	21384
RAIL	12	12	113	124
FRAME	12	11	1	2	21634
RESULT	closed	2357	3847	21654	2102	1	1	132	343
