INPUT	152857672754471	48	22	244
FRAME	1	0	1	1	32
FOLD	1	1	1	144	144	0	48
RAIL	2	46	0	0
FOLD	2	1	1	147	147	0	60
RAIL	2	47	1	0
FOLD	4	3	3	435	435	0	1031
RAIL	24	25	2	1
FOLD	5	5	5	726	726	0	1868
RAIL	3	45	2	2
FOLD	6	7	7	1017	1017	0	3149
RAIL	3	46	2	3
FOLD	8	9	9	1305	1305	0	3551
RAIL	23	26	3	4
FOLD	9	11	11	1596	1596	0	4350
RAIL	4	44	3	5
FOLD	10	13	13	1887	1887	0	4605
RAIL	4	45	3	6
FOLD	12	15	15	2175	2175	0	4965
RAIL	22	27	4	7
FOLD	13	17	17	2466	2466	0	5686
RAIL	5	43	4	8
FOLD	14	19	19	2757	2757	0	6029
RAIL	5	44	4	9
FOLD	16	21	21	3045	3045	0	6452
RAIL	21	28	5	10
FOLD	17	23	23	3336	3336	0	7314
RAIL	6	42	5	11
FOLD	18	25	25	3627	3627	0	7731
RAIL	6	43	5	12
FOLD	20	27	27	3915	3915	0	8212
RAIL	20	29	6	13
FOLD	21	29	29	4206	4206	0	8989
RAIL	7	41	6	14
FOLD	22	31	31	4497	4497	0	9471
RAIL	7	42	6	15
FOLD	23	33	33	4788	4788	0	10221
RAIL	19	29	6	16
FOLD	24	35	35	5079	5079	0	10721
RAIL	19	30	6	17
FOLD	25	37	37	5370	5370	0	11788
RAIL	8	40	6	18
FOLD	26	39	39	5661	5661	0	12567
RAIL	8	41	6	19
FOLD	27	41	41	5952	5952	0	13241
RAIL	18	30	6	20
FOLD	28	43	43	6243	6243	0	13764
RAIL	18	31	6	21
FOLD	29	45	45	6534	6534	0	14666
RAIL	9	39	6	22
FOLD	30	47	47	6825	6825	0	15202
RAIL	9	40	6	23
FOLD	31	49	49	7116	7116	0	16094
RAIL	17	31	6	24
FOLD	32	51	51	7407	7407	0	16728
RAIL	17	32	6	25
FOLD	33	53	53	7698	7698	0	17848
RAIL	10	38	6	26
FOLD	34	55	55	7989	7989	0	18233
RAIL	10	39	6	27
FOLD	35	57	57	8280	8280	0	19087
RAIL	16	32	6	28
FOLD	36	59	59	8571	8571	0	19650
RAIL	16	33	6	29
FOLD	37	61	61	8862	8862	0	20402
RAIL	11	37	6	30
FOLD	38	63	63	9153	9153	0	20793
RAIL	11	38	6	31
FOLD	39	65	65	9444	9444	0	21826
RAIL	15	33	6	32
FOLD	40	67	67	9735	9735	0	22408
RAIL	15	34	6	33
FOLD	41	69	69	10026	10026	0	23187
RAIL	12	36	6	34
FOLD	42	71	71	10317	10317	0	23660
RAIL	12	37	6	35
FOLD	43	73	73	10608	10608	0	24341
RAIL	14	34	6	36
FOLD	44	75	75	10899	10899	0	24706
RAIL	14	35	6	37
FOLD	45	77	77	11190	11190	0	25444
RAIL	13	35	6	38
FOLD	46	79	79	11481	11481	0	25928
RAIL	13	36	6	39
FOLD	47	80	80	11628	11628	0	26720
RAIL	24	24	6	40
FOLD	48	81	81	11772	11772	0	27600
RAIL	24	24	6	41
FOLD	49	82	82	11916	11916	0	28783
RAIL	24	24	6	42
FOLD	50	83	83	12060	12060	0	31380
RAIL	24	24	6	43
FOLD	51	84	84	12204	12204	0	32166
RAIL	24	25	6	44
FOLD	52	85	85	12351	12351	0	33011
RAIL	24	24	6	45
FOLD	53	86	86	12495	12495	0	33794
RAIL	3	45	6	46
FOLD	56	87	87	12639	12639	0	35414
RAIL	23	25	7	48
FOLD	57	88	88	12783	12783	0	36231
RAIL	24	24	7	49
FOLD	58	89	89	12927	12927	0	36996
RAIL	23	26	7	50
FOLD	59	90	90	13074	13074	0	38055
RAIL	24	24	7	51
FOLD	60	91	91	13218	13218	0	38811
RAIL	4	44	7	52
FOLD	63	92	92	13362	13362	0	40462
RAIL	22	26	8	54
FOLD	64	93	93	13506	13506	0	41411
RAIL	24	24	8	55
FOLD	65	94	94	13650	13650	0	42127
RAIL	22	27	8	56
FOLD	66	95	95	13797	13797	0	42887
RAIL	24	24	8	57
FOLD	67	96	96	13941	13941	0	43581
RAIL	5	43	8	58
FOLD	68	97	97	14085	14085	0	44156
RAIL	24	24	8	59
FOLD	69	98	98	14229	14229	0	44895
RAIL	24	24	8	60
FOLD	70	99	99	14373	14373	0	45743
RAIL	21	27	8	61
FOLD	71	100	100	14517	14517	0	46602
RAIL	24	24	8	62
FOLD	72	101	101	14661	14661	0	49840
RAIL	21	28	8	63
FOLD	73	102	102	14808	14808	0	50690
RAIL	24	24	8	64
FOLD	74	103	103	14952	14952	0	51536
RAIL	6	42	8	65
FOLD	75	104	104	15096	15096	0	52191
RAIL	24	24	8	66
FOLD	76	105	105	15240	15240	0	53162
RAIL	24	24	8	67
FOLD	81	106	106	15387	15387	0	57918
RAIL	7	41	10	70
FOLD	82	107	107	15531	15531	0	58710
RAIL	24	24	10	71
FOLD	89	108	108	15675	15675	0	64874
RAIL	8	40	13	75
FOLD	90	109	109	15819	15819	0	65650
RAIL	24	24	13	76
FOLD	99	110	110	15963	15963	0	72031
RAIL	9	40	17	81
FOLD	102	111	111	16104	16104	0	75307
RAIL	24	24	18	83
FOLD	109	112	112	16254	16254	0	79715
RAIL	16	32	21	87
FOLD	110	113	113	16398	16398	0	81008
RAIL	24	24	21	88
FOLD	111	114	114	16542	16542	0	82110
RAIL	16	33	21	89
FOLD	112	115	115	16689	16689	0	82850
RAIL	24	24	21	90
FOLD	119	116	116	16836	16836	0	87300
RAIL	15	34	24	94
FOLD	120	117	117	16983	16983	0	88489
RAIL	24	24	24	95
FOLD	121	118	118	17127	17127	0	89304
RAIL	12	36	24	96
FOLD	122	119	119	17271	17271	0	90478
RAIL	24	24	24	97
FOLD	123	120	120	17415	17415	0	91283
RAIL	12	37	24	98
FOLD	124	121	121	17562	17562	0	92106
RAIL	24	24	24	99
FOLD	125	122	122	17706	17706	0	93400
RAIL	14	34	24	100
FOLD	126	123	123	17850	17850	0	94461
RAIL	24	24	24	101
FOLD	128	123	123	17853	17853	0	95227
RAIL	24	24	25	102
FOLD	131	124	124	17997	17997	0	96773
RAIL	13	36	26	104
FOLD	132	125	125	18144	18144	0	97476
RAIL	24	24	26	105
FOLD	137	126	126	18291	18291	0	99755
RAIL	24	24	28	108
FOLD	156	127	127	18441	18441	0	109375
RAIL	24	24	37	118
FOLD	165	128	128	18591	18591	0	114562
RAIL	24	24	41	123
FOLD	166	129	129	18735	18735	0	115770
RAIL	7	41	41	124
FOLD	167	130	130	18879	18879	0	116403
RAIL	24	24	41	125
FOLD	168	131	131	19023	19023	0	117234
RAIL	7	42	41	126
FOLD	171	132	132	19164	19164	0	118836
RAIL	24	24	42	128
FOLD	180	133	133	19308	19308	0	124031
RAIL	18	31	46	133
FOLD	181	134	134	19455	19455	0	124862
RAIL	24	24	46	134
FOLD	188	135	135	19602	19602	0	128976
RAIL	17	32	49	138
FOLD	189	136	136	19749	19749	0	129795
RAIL	24	24	49	139
FOLD	190	137	137	19893	19893	0	130731
RAIL	10	38	49	140
FOLD	191	138	138	20037	20037	0	131461
RAIL	24	24	49	141
FOLD	192	139	139	20181	20181	0	132419
RAIL	10	39	49	142
FOLD	193	140	140	20328	20328	0	133085
RAIL	24	24	49	143
FOLD	200	141	141	20475	20475	0	137054
RAIL	11	38	52	147
FOLD	201	142	142	20622	20622	0	137731
RAIL	24	24	52	148
FOLD	202	143	143	20766	20766	0	138584
RAIL	15	33	52	149
FOLD	203	144	144	20910	20910	0	139375
RAIL	24	24	52	150
FOLD	210	145	145	21060	21060	0	143197
RAIL	14	34	55	154
FOLD	211	146	146	21204	21204	0	143945
RAIL	24	24	55	155
FOLD	212	147	147	21348	21348	0	144749
RAIL	14	35	55	156
FOLD	213	148	148	21495	21495	0	145501
RAIL	24	24	55	157
FOLD	214	149	149	21639	21639	0	146257
RAIL	13	35	55	158
FOLD	215	150	150	21783	21783	0	147008
RAIL	24	24	55	159
FOLD	216	151	151	21927	21927	0	147776
RAIL	13	36	55	160
FOLD	217	152	152	22074	22074	0	148491
RAIL	24	24	55	161
FOLD	226	153	153	22221	22221	0	152939
RAIL	24	24	59	166
FOLD	233	154	154	22368	22368	0	156996
RAIL	22	27	62	170
FOLD	234	155	155	22515	22515	0	157749
RAIL	24	24	62	171
FOLD	235	156	156	22659	22659	0	158540
RAIL	5	43	62	172
FOLD	254	157	157	22809	22809	0	169119
RAIL	19	30	71	182
FOLD	255	158	158	22956	22956	0	169934
RAIL	24	24	71	183
FOLD	256	159	159	23100	23100	0	170803
RAIL	8	40	71	184
FOLD	257	160	160	23244	23244	0	171503
RAIL	24	24	71	185
FOLD	258	161	161	23388	23388	0	172946
RAIL	24	24	71	186
FOLD	259	162	162	23532	23532	0	173974
RAIL	18	30	71	187
FOLD	260	163	163	23676	23676	0	174843
RAIL	24	24	71	188
FOLD	265	164	164	23823	23823	0	177661
RAIL	9	40	73	191
FOLD	272	165	165	23967	23967	0	181345
RAIL	24	24	76	195
FOLD	273	166	166	24111	24111	0	182217
RAIL	10	39	76	196
FOLD	282	167	167	24258	24258	0	187007
RAIL	24	24	80	201
FOLD	283	168	168	24402	24402	0	187887
RAIL	15	33	80	202
FOLD	284	169	169	24546	24546	0	188680
RAIL	24	24	80	203
FOLD	285	170	170	24690	24690	0	189588
RAIL	15	34	80	204
FOLD	286	171	171	24837	24837	0	190278
RAIL	24	24	80	205
FOLD	293	172	172	24984	24984	0	194248
RAIL	14	35	83	209
FOLD	294	173	173	25131	25131	0	194981
RAIL	24	24	83	210
FOLD	295	174	174	25275	25275	0	195780
RAIL	13	35	83	211
FOLD	296	175	175	25419	25419	0	196595
RAIL	24	24	83	212
FOLD	303	176	176	25569	25569	0	200566
RAIL	24	24	86	216
FOLD	304	177	177	25713	25713	0	201478
RAIL	24	24	86	217
FOLD	305	178	178	25857	25857	0	202408
RAIL	24	24	86	218
FOLD	310	179	179	26004	26004	0	204813
RAIL	24	24	88	221
FOLD	315	180	180	26151	26151	0	207728
RAIL	24	24	90	224
FOLD	316	181	181	26295	26295	0	208493
RAIL	5	43	90	225
FOLD	325	182	182	26442	26442	0	214091
RAIL	24	24	94	230
FOLD	326	183	183	26586	26586	0	214954
RAIL	20	28	94	231
FOLD	327	184	184	26730	26730	0	215671
RAIL	24	24	94	232
FOLD	342	185	185	26880	26880	0	224887
RAIL	18	31	101	240
FOLD	343	186	186	27027	27027	0	225702
RAIL	24	24	101	241
FOLD	344	187	187	27171	27171	0	226603
RAIL	9	39	101	242
FOLD	345	188	188	27315	27315	0	227302
RAIL	24	24	101	243
FOLD	346	189	189	27459	27459	0	228359
RAIL	9	40	101	244
FOLD	353	190	190	27603	27603	0	231328
RAIL	24	24	104	248
FOLD	360	191	191	27747	27747	0	234917
RAIL	11	37	107	252
FOLD	361	192	192	27891	27891	0	235560
RAIL	24	24	107	253
FOLD	370	193	193	28035	28035	0	240885
RAIL	12	37	111	258
FOLD	371	194	194	28182	28182	0	241698
RAIL	24	24	111	259
FOLD	372	195	195	28326	28326	0	242630
RAIL	14	34	111	260
FOLD	373	196	196	28470	28470	0	243425
RAIL	24	24	111	261
FOLD	380	197	197	28620	28620	0	247418
RAIL	24	24	114	265
FOLD	381	198	198	28764	28764	0	248286
RAIL	24	24	114	266
FOLD	388	199	199	28911	28911	0	252647
RAIL	24	24	117	270
FOLD	389	200	200	29055	29055	0	253527
RAIL	23	26	117	271
FOLD	390	201	201	29202	29202	0	254298
RAIL	24	24	117	272
FOLD	391	202	202	29346	29346	0	255160
RAIL	24	24	117	273
FOLD	396	203	203	29493	29493	0	257597
RAIL	24	24	119	276
FOLD	401	204	204	29637	29637	0	260688
RAIL	21	28	121	279
FOLD	402	205	205	29784	29784	0	261436
RAIL	24	24	121	280
FOLD	411	206	206	29931	29931	0	268981
RAIL	24	24	125	285
FOLD	412	207	207	30075	30075	0	270390
RAIL	24	24	125	286
FOLD	421	208	208	30222	30222	0	276416
RAIL	24	24	129	291
FOLD	430	209	209	30372	30372	0	282319
RAIL	24	24	133	296
FOLD	431	210	210	30516	30516	0	283197
RAIL	10	38	133	297
FOLD	432	211	211	30660	30660	0	283967
RAIL	24	24	133	298
FOLD	433	212	212	30804	30804	0	285665
RAIL	10	39	133	299
FOLD	436	213	213	30945	30945	0	288431
RAIL	24	24	134	301
FOLD	437	214	214	31089	31089	0	289343
RAIL	16	33	134	302
FOLD	438	215	215	31236	31236	0	290059
RAIL	24	24	134	303
FOLD	439	216	216	31380	31380	0	290901
RAIL	11	37	134	304
FOLD	440	217	217	31524	31524	0	291615
RAIL	24	24	134	305
FOLD	453	218	218	31665	31665	0	297819
RAIL	14	35	140	312
FOLD	454	219	219	31812	31812	0	298487
RAIL	24	24	140	313
FOLD	461	220	220	31959	31959	0	305383
RAIL	24	24	143	317
FOLD	462	221	221	32103	32103	0	306305
RAIL	24	25	143	318
FOLD	463	222	222	32250	32250	0	307125
RAIL	24	24	143	319
FOLD	470	223	223	32397	32397	0	311754
RAIL	24	24	146	323
FOLD	477	224	224	32544	32544	0	317589
RAIL	24	24	149	327
FOLD	478	225	225	32688	32688	0	318563
RAIL	21	27	149	328
FOLD	479	226	226	32832	32832	0	319419
RAIL	24	24	149	329
FOLD	480	227	227	32976	32976	0	320427
RAIL	21	28	149	330
FOLD	481	228	228	33123	33123	0	321260
RAIL	24	24	149	331
FOLD	500	229	229	33273	33273	0	335790
RAIL	24	24	158	341
FOLD	501	230	230	33417	33417	0	336693
RAIL	18	31	158	342
FOLD	502	231	231	33564	33564	0	337456
RAIL	24	24	158	343
FOLD	503	232	232	33708	33708	0	338362
RAIL	9	39	158	344
FOLD	512	231	232	33567	33708	0	347718
RAIL	10	39	163	348
FOLD	520	233	233	33861	33861	0	353059
RAIL	11	38	166	353
FOLD	521	234	234	34008	34008	0	354036
RAIL	24	24	166	354
FOLD	522	235	235	34152	34152	0	354965
RAIL	15	33	166	355
FOLD	523	236	236	34296	34296	0	355763
RAIL	24	24	166	356
FOLD	524	237	237	34440	34440	0	356749
RAIL	15	34	166	357
FOLD	525	238	238	34587	34587	0	357546
RAIL	24	24	166	358
FOLD	526	239	239	34731	34731	0	358436
RAIL	12	36	166	359
FOLD	527	240	240	34875	34875	0	359206
RAIL	24	24	166	360
FOLD	528	241	241	35019	35019	0	360119
RAIL	12	37	166	361
FOLD	535	242	242	35163	35163	0	363383
RAIL	24	24	169	365
FOLD	548	243	243	35310	35310	0	372940
RAIL	24	24	175	372
FOLD	549	244	244	35454	35454	0	373932
RAIL	24	24	175	373
FOLD	560	245	245	35604	35604	0	383088
RAIL	24	24	180	379
FOLD	561	246	246	35748	35748	0	386483
RAIL	24	24	180	380
FOLD	562	247	247	35892	35892	0	387413
RAIL	24	24	180	381
FOLD	563	248	248	36036	36036	0	388518
RAIL	20	28	180	382
FOLD	564	249	249	36180	36180	0	389662
RAIL	24	24	180	383
FOLD	583	250	250	36333	36333	0	407419
RAIL	24	24	189	393
FOLD	584	251	251	36477	36477	0	408360
RAIL	17	31	189	394
FOLD	585	252	252	36621	36621	0	409452
RAIL	24	24	189	395
FOLD	586	253	253	36765	36765	0	410412
RAIL	17	32	189	396
FOLD	587	254	254	36912	36912	0	411213
RAIL	24	24	189	397
FOLD	596	255	255	37062	37062	0	418781
RAIL	11	37	193	402
FOLD	607	256	256	37209	37209	0	426337
RAIL	24	24	198	408
FOLD	608	257	257	37353	37353	0	427304
RAIL	14	34	198	409
FOLD	609	258	258	37497	37497	0	428178
RAIL	24	24	198	410
FOLD	610	259	259	37641	37641	0	429111
RAIL	14	35	198	411
FOLD	613	260	260	37782	37782	0	430990
RAIL	24	24	199	413
FOLD	614	261	261	37926	37926	0	433587
RAIL	13	36	199	414
FOLD	631	262	262	38073	38073	0	442610
RAIL	22	27	207	423
FOLD	632	263	263	38220	38220	0	443404
RAIL	24	24	207	424
FOLD	633	264	264	38364	38364	0	446085
RAIL	24	24	207	425
FOLD	640	265	265	38511	38511	0	450617
RAIL	24	24	210	429
FOLD	647	266	266	38658	38658	0	454767
RAIL	24	24	213	433
FOLD	648	267	267	38802	38802	0	455605
RAIL	19	29	213	434
FOLD	649	268	268	38946	38946	0	456440
RAIL	24	24	213	435
FOLD	650	269	269	39090	39090	0	458582
RAIL	19	30	213	436
FOLD	651	270	270	39237	39237	0	459415
RAIL	24	24	213	437
FOLD	652	271	271	39381	39381	0	461958
RAIL	8	40	213	438
FOLD	665	272	272	39531	39531	0	472058
RAIL	24	24	219	445
FOLD	674	273	273	39675	39675	0	477549
RAIL	11	37	223	450
FOLD	705	274	274	39816	39816	0	495171
RAIL	24	24	238	466
FOLD	706	275	275	39960	39960	0	496052
RAIL	24	24	238	467
FOLD	713	276	276	40107	40107	0	500923
RAIL	21	27	241	471
FOLD	714	277	277	40251	40251	0	501889
RAIL	24	24	241	472
FOLD	715	278	278	40395	40395	0	502777
RAIL	21	28	241	473
FOLD	716	279	279	40542	40542	0	503619
RAIL	24	24	241	474
FOLD	723	280	280	40689	40689	0	507925
RAIL	7	41	244	478
FOLD	724	281	281	40833	40833	0	508665
RAIL	24	24	244	479
FOLD	731	282	282	40980	40980	0	512623
RAIL	24	24	247	483
FOLD	732	283	283	41124	41124	0	513491
RAIL	24	24	247	484
FOLD	733	284	284	41268	41268	0	514345
RAIL	18	30	247	485
FOLD	734	285	285	41412	41412	0	515174
RAIL	24	24	247	486
FOLD	735	286	286	41556	41556	0	516073
RAIL	18	31	247	487
FOLD	736	287	287	41703	41703	0	516904
RAIL	24	24	247	488
FOLD	779	288	288	41844	41844	0	540478
RAIL	23	25	268	510
FOLD	780	289	289	41988	41988	0	541450
RAIL	24	24	268	511
FOLD	781	290	290	42132	42132	0	542254
RAIL	23	26	268	512
FOLD	782	291	291	42279	42279	0	543100
RAIL	24	24	268	513
FOLD	783	292	292	42423	42423	0	543905
RAIL	24	24	268	514
FOLD	788	293	293	42570	42570	0	546513
RAIL	24	24	270	517
FOLD	793	294	294	42714	42714	0	549693
RAIL	21	28	272	520
FOLD	794	295	295	42861	42861	0	550451
RAIL	24	24	272	521
FOLD	801	296	296	43008	43008	0	555122
RAIL	7	41	275	525
FOLD	810	297	297	43155	43155	0	562771
RAIL	24	24	279	530
FOLD	811	298	298	43299	43299	0	563719
RAIL	18	30	279	531
FOLD	812	299	299	43443	43443	0	564527
RAIL	24	24	279	532
FOLD	819	300	300	43590	43590	0	568333
RAIL	24	24	282	536
FOLD	820	301	301	43734	43734	0	569229
RAIL	17	32	282	537
FOLD	865	302	302	43872	43872	0	596570
RAIL	22	27	304	560
FOLD	866	303	303	44019	44019	0	597382
RAIL	24	24	304	561
FOLD	875	304	304	44166	44166	0	601469
RAIL	20	28	308	566
FOLD	876	305	305	44310	44310	0	602322
RAIL	24	24	308	567
FOLD	885	306	306	44460	44460	0	607353
RAIL	24	24	312	572
FOLD	886	307	307	44604	44604	0	608202
RAIL	8	40	312	573
FOLD	905	308	308	44742	44742	0	617845
RAIL	16	33	321	583
FOLD	906	309	309	44889	44889	0	618970
RAIL	24	24	321	584
FOLD	907	310	310	45033	45033	0	619733
RAIL	11	37	321	585
FOLD	950	311	311	45180	45180	0	646467
RAIL	24	24	342	607
FOLD	951	312	312	45324	45324	0	647410
RAIL	24	24	342	608
FOLD	956	313	313	45471	45471	0	650075
RAIL	7	41	344	611
FOLD	957	314	314	45615	45615	0	650704
RAIL	24	24	344	612
FOLD	1024	315	315	45759	45759	0	689090
RAIL	24	24	377	646
FOLD	1031	316	316	45906	45906	0	693445
RAIL	20	29	380	650
FOLD	1036	317	317	46047	46047	0	696676
RAIL	19	29	382	653
FOLD	1037	318	318	46191	46191	0	697642
RAIL	24	24	382	654
FOLD	1098	319	319	46341	46341	0	730966
RAIL	24	24	412	685
FOLD	1117	320	320	46482	46482	0	743774
RAIL	8	40	421	695
FOLD	1120	321	321	46626	46626	0	746730
RAIL	18	30	422	697
FOLD	2048	285	321	41376	46626	0	1348456
RAIL	15	33	904	1143
FOLD	4096	265	321	38481	46626	0	2655127
RAIL	24	24	1938	2157
FOLD	8192	237	321	34386	46626	0	5276564
RAIL	24	24	4000	4191
