INPUT	51044703440874713	56	25	284
FRAME	1	0	1	1	43
FOLD	1	1	1	168	168	0	59
RAIL	2	54	0	0
CORRELATION	0	0	0	0
SQUARE	0	0
FOLD	2	1	1	171	171	0	73
RAIL	2	55	1	0
CORRELATION	0	0	0	0
SQUARE	0	0
FOLD	4	3	3	507	507	0	354
RAIL	28	29	2	1
CORRELATION	0	0	0	0
SQUARE	0	0
FOLD	5	5	5	846	846	0	610
RAIL	3	53	2	2
CORRELATION	0	0	0	0
SQUARE	0	0
FOLD	8	7	7	1185	1185	0	948
RAIL	27	30	4	3
CORRELATION	0	0	0	0
SQUARE	0	0
FOLD	9	9	9	1524	1524	0	1223
RAIL	4	52	4	4
CORRELATION	0	0	0	0
SQUARE	0	0
FOLD	12	11	11	1863	1863	0	1612
RAIL	26	31	6	5
CORRELATION	0	0	0	0
SQUARE	0	0
FOLD	13	13	13	2202	2202	0	1895
RAIL	5	51	6	6
CORRELATION	0	0	0	0
SQUARE	0	0
FOLD	14	15	15	2541	2541	0	3007
RAIL	5	52	6	7
CORRELATION	0	0	0	0
SQUARE	0	0
FOLD	15	17	17	2880	2880	0	3238
RAIL	25	31	6	8
CORRELATION	0	0	0	0
SQUARE	0	0
FOLD	16	19	19	3219	3219	0	3475
RAIL	25	32	6	9
CORRELATION	0	0	0	0
SQUARE	0	0
FOLD	17	21	21	3558	3558	0	3831
RAIL	6	50	6	10
CORRELATION	0	0	0	0
SQUARE	0	0
FOLD	18	23	23	3897	3897	0	4066
RAIL	6	51	6	11
CORRELATION	0	0	0	0
SQUARE	0	0
FOLD	19	25	25	4236	4236	0	4288
RAIL	24	32	6	12
CORRELATION	0	0	0	0
SQUARE	0	0
FOLD	20	27	27	4575	4575	0	4504
RAIL	24	33	6	13
CORRELATION	0	0	0	0
SQUARE	0	0
FOLD	21	29	29	4914	4914	0	4734
RAIL	7	49	6	14
CORRELATION	0	0	0	0
SQUARE	0	0
FOLD	22	31	31	5253	5253	0	4947
RAIL	7	50	6	15
CORRELATION	0	0	0	0
SQUARE	0	0
FOLD	23	33	33	5592	5592	0	5160
RAIL	23	33	6	16
CORRELATION	0	0	0	0
SQUARE	0	0
FOLD	24	35	35	5931	5931	0	5429
RAIL	23	34	6	17
CORRELATION	0	0	0	0
SQUARE	0	0
FOLD	25	37	37	6270	6270	0	5716
RAIL	8	48	6	18
CORRELATION	0	0	0	0
SQUARE	0	0
FOLD	26	39	39	6609	6609	0	5960
RAIL	8	49	6	19
CORRELATION	0	0	0	0
SQUARE	0	0
FOLD	27	41	41	6948	6948	0	6206
RAIL	22	34	6	20
CORRELATION	0	0	0	0
SQUARE	0	0
FOLD	28	43	43	7287	7287	0	6484
RAIL	22	35	6	21
CORRELATION	0	0	0	0
SQUARE	0	0
FOLD	29	45	45	7626	7626	0	6778
RAIL	9	47	6	22
CORRELATION	0	0	0	0
SQUARE	0	0
FOLD	30	47	47	7965	7965	0	7009
RAIL	9	48	6	23
CORRELATION	0	0	0	0
SQUARE	0	0
FOLD	31	49	49	8304	8304	0	7312
RAIL	21	35	6	24
CORRELATION	0	0	0	0
SQUARE	0	0
FOLD	32	51	51	8643	8643	0	7582
RAIL	21	36	6	25
CORRELATION	0	0	0	0
SQUARE	0	0
FOLD	33	53	53	8982	8982	0	7836
RAIL	10	46	6	26
CORRELATION	0	0	0	0
SQUARE	0	0
FOLD	34	55	55	9321	9321	0	8056
RAIL	10	47	6	27
CORRELATION	0	0	0	0
SQUARE	0	0
FOLD	35	57	57	9660	9660	0	8284
RAIL	20	36	6	28
CORRELATION	0	0	0	0
SQUARE	0	0
FOLD	36	59	59	9999	9999	0	8562
RAIL	20	37	6	29
CORRELATION	0	0	0	0
SQUARE	0	0
FOLD	37	61	61	10338	10338	0	8848
RAIL	11	45	6	30
CORRELATION	0	0	0	0
SQUARE	0	0
FOLD	38	63	63	10677	10677	0	9074
RAIL	11	46	6	31
CORRELATION	0	0	0	0
SQUARE	0	0
FOLD	39	65	65	11016	11016	0	9299
RAIL	19	37	6	32
CORRELATION	0	0	0	0
SQUARE	0	0
FOLD	40	67	67	11355	11355	0	9571
RAIL	19	38	6	33
CORRELATION	0	0	0	0
SQUARE	0	0
FOLD	41	69	69	11694	11694	0	9859
RAIL	12	44	6	34
CORRELATION	0	0	0	0
SQUARE	0	0
FOLD	42	71	71	12033	12033	0	10999
RAIL	12	45	6	35
CORRELATION	0	0	0	0
SQUARE	0	0
FOLD	43	73	73	12372	12372	0	11252
RAIL	18	38	6	36
CORRELATION	0	0	0	0
SQUARE	0	0
FOLD	44	75	75	12711	12711	0	11548
RAIL	18	39	6	37
CORRELATION	0	0	0	0
SQUARE	0	0
FOLD	45	77	77	13050	13050	0	11844
RAIL	13	43	6	38
CORRELATION	0	0	0	0
SQUARE	0	0
FOLD	46	79	79	13389	13389	0	12137
RAIL	13	44	6	39
CORRELATION	0	0	0	0
SQUARE	0	0
FOLD	47	81	81	13728	13728	0	12361
RAIL	17	39	6	40
CORRELATION	0	0	0	0
SQUARE	0	0
FOLD	48	83	83	14067	14067	0	12626
RAIL	17	40	6	41
CORRELATION	0	0	0	0
SQUARE	0	0
FOLD	49	85	85	14406	14406	0	12890
RAIL	14	42	6	42
CORRELATION	0	0	0	0
SQUARE	0	0
FOLD	50	87	87	14745	14745	0	13102
RAIL	14	43	6	43
CORRELATION	0	0	0	0
SQUARE	0	0
FOLD	51	89	89	15084	15084	0	13350
RAIL	16	40	6	44
CORRELATION	0	0	0	0
SQUARE	0	0
FOLD	52	91	91	15423	15423	0	13574
RAIL	16	41	6	45
CORRELATION	0	0	0	0
SQUARE	0	0
FOLD	53	93	93	15762	15762	0	13803
RAIL	15	41	6	46
CORRELATION	0	0	0	0
SQUARE	0	0
FOLD	54	95	95	16101	16101	0	14020
RAIL	15	42	6	47
CORRELATION	0	0	0	0
SQUARE	0	0
FOLD	54	95	95	16101	16101	0	15109
RAIL	15	42	6	48
CORRELATION	0	0	1560	2370
SQUARE	1	61
FOLD	54	95	95	16101	16101	0	15123
RAIL	15	42	6	48
CORRELATION	0	0	1560	2370
SQUARE	2	62
FOLD	54	95	95	16101	16101	0	15129
RAIL	15	42	6	48
CORRELATION	0	0	1560	2370
SQUARE	4	63
FOLD	54	95	95	16101	16101	0	15143
RAIL	15	42	6	48
CORRELATION	0	0	1560	2370
SQUARE	8	63
FOLD	54	95	95	16101	16101	0	15389
RAIL	15	42	6	48
CORRELATION	0	0	1560	2370
SQUARE	16	113
FOLD	54	95	95	16101	16101	0	15412
RAIL	15	42	6	48
CORRELATION	0	0	1560	2370
SQUARE	32	116
FOLD	54	95	95	16101	16101	0	15945
RAIL	15	42	6	48
CORRELATION	1	0	1560	2370
SQUARE	56	118
FOLD	54	95	95	16101	16101	0	15964
RAIL	15	42	6	48
CORRELATION	1	0	1560	2370
SQUARE	64	118
FOLD	54	95	95	16101	16101	0	16028
RAIL	15	42	6	48
CORRELATION	2	0	1560	2370
SQUARE	112	121
FOLD	54	95	95	16101	16101	0	16048
RAIL	15	42	6	48
CORRELATION	2	0	1560	2370
SQUARE	128	121
FOLD	55	96	96	16272	16272	0	16102
RAIL	28	28	6	48
CORRELATION	3	0	1560	2370
SQUARE	168	122
FOLD	55	96	96	16272	16272	0	16452
RAIL	28	28	6	49
CORRELATION	4	0	1560	2370
SQUARE	224	123
FOLD	56	97	97	16440	16440	0	16458
RAIL	28	29	6	49
CORRELATION	4	0	1560	2370
SQUARE	224	123
FOLD	56	97	97	16440	16440	0	16711
RAIL	28	29	6	50
CORRELATION	4	0	1560	2370
SQUARE	256	123
FOLD	57	98	98	16611	16611	0	16923
RAIL	27	29	6	50
CORRELATION	7	0	1560	2370
SQUARE	392	126
FOLD	57	98	98	16611	16611	0	17240
RAIL	27	29	6	51
CORRELATION	8	0	1560	2370
SQUARE	448	126
FOLD	58	99	99	16779	16779	0	17248
RAIL	27	30	6	51
CORRELATION	8	0	1560	2370
SQUARE	448	126
FOLD	58	99	99	16779	16779	0	17553
RAIL	27	30	6	52
CORRELATION	9	0	1560	2370
SQUARE	512	126
FOLD	59	100	100	16950	16950	0	17736
RAIL	26	30	6	52
CORRELATION	11	0	1560	2370
SQUARE	616	127
FOLD	60	101	101	17118	17118	0	18070
RAIL	26	31	6	53
CORRELATION	12	0	1560	2370
SQUARE	672	128
FOLD	61	102	102	17289	17289	0	18414
RAIL	5	51	6	54
CORRELATION	13	0	1560	2370
SQUARE	728	128
FOLD	63	100	102	16950	17289	0	19132
RAIL	25	31	8	55
CORRELATION	16	0	1560	2370
SQUARE	896	128
FOLD	64	101	102	17118	17289	0	19142
RAIL	25	32	8	55
CORRELATION	16	0	1560	2370
SQUARE	896	128
FOLD	66	101	102	17121	17289	0	19672
RAIL	6	51	10	56
CORRELATION	18	0	1560	2370
SQUARE	1024	128
FOLD	70	103	103	17457	17457	0	20762
RAIL	7	50	10	59
CORRELATION	22	0	1560	2370
SQUARE	1232	131
FOLD	71	104	104	17628	17628	0	21080
RAIL	23	33	10	60
CORRELATION	23	0	1560	2370
SQUARE	1288	131
FOLD	72	105	105	17796	17796	0	21390
RAIL	23	34	10	61
CORRELATION	24	0	1560	2370
SQUARE	1344	131
FOLD	73	106	106	17967	17967	0	21716
RAIL	8	48	10	62
CORRELATION	25	0	1560	2370
SQUARE	1400	131
FOLD	74	107	107	18135	18135	0	22554
RAIL	8	49	10	63
CORRELATION	26	3	1560	2370
SQUARE	1456	131
FOLD	75	108	108	18306	18306	0	23552
RAIL	22	34	10	64
CORRELATION	27	5	1560	2370
SQUARE	1512	131
FOLD	76	109	109	18474	18474	0	23833
RAIL	22	35	10	65
CORRELATION	28	5	1560	2370
SQUARE	1568	131
FOLD	77	110	110	18645	18645	0	24142
RAIL	9	47	10	66
CORRELATION	29	5	1560	2370
SQUARE	1624	131
FOLD	78	111	111	18813	18813	0	24461
RAIL	9	48	10	67
CORRELATION	30	5	1560	2370
SQUARE	1680	131
FOLD	79	112	112	18984	18984	0	24821
RAIL	21	35	10	68
CORRELATION	31	5	1560	2370
SQUARE	1736	131
FOLD	79	112	112	18984	18984	0	25371
RAIL	21	35	10	69
CORRELATION	32	8	1560	2370
SQUARE	1792	131
FOLD	80	113	113	19152	19152	0	25377
RAIL	21	36	10	69
CORRELATION	32	8	1560	2370
SQUARE	1792	131
FOLD	81	114	114	19323	19323	0	25743
RAIL	10	46	10	70
CORRELATION	33	10	1560	2370
SQUARE	1848	131
FOLD	82	115	115	19491	19491	0	26018
RAIL	10	47	10	71
CORRELATION	34	10	1560	2370
SQUARE	1904	131
FOLD	83	116	116	19662	19662	0	26321
RAIL	20	36	10	72
CORRELATION	35	10	1560	2370
SQUARE	1960	131
FOLD	84	117	117	19830	19830	0	26878
RAIL	20	37	10	73
CORRELATION	36	12	1560	2370
SQUARE	2016	131
FOLD	84	117	117	19830	19830	0	27144
RAIL	20	37	10	74
CORRELATION	36	12	1560	2370
SQUARE	2048	131
FOLD	85	118	118	20001	20001	0	27327
RAIL	11	45	10	74
CORRELATION	37	14	1560	2370
SQUARE	2072	131
FOLD	86	119	119	20169	20169	0	27774
RAIL	11	46	10	75
CORRELATION	38	16	1560	2370
SQUARE	2128	131
FOLD	87	120	120	20340	20340	0	28074
RAIL	19	37	10	76
CORRELATION	39	16	1560	2370
SQUARE	2184	131
FOLD	88	121	121	20508	20508	0	28366
RAIL	19	38	10	77
CORRELATION	40	16	1560	2370
SQUARE	2240	131
FOLD	89	122	122	20679	20679	0	29173
RAIL	12	44	10	78
CORRELATION	41	18	1560	2370
SQUARE	2296	131
FOLD	90	123	123	20847	20847	0	30510
RAIL	12	45	10	79
CORRELATION	42	21	1560	2370
SQUARE	2352	131
FOLD	91	124	124	21018	21018	0	30865
RAIL	18	38	10	80
CORRELATION	43	21	1560	2370
SQUARE	2408	131
FOLD	92	125	125	21186	21186	0	31190
RAIL	18	39	10	81
CORRELATION	44	21	1560	2370
SQUARE	2464	133
FOLD	93	126	126	21357	21357	0	31491
RAIL	13	43	10	82
CORRELATION	45	21	1560	2370
SQUARE	2520	133
FOLD	94	127	127	21525	21525	0	31778
RAIL	13	44	10	83
CORRELATION	46	21	1560	2370
SQUARE	2576	133
FOLD	95	128	128	21696	21696	0	32615
RAIL	17	39	10	84
CORRELATION	47	23	1560	2370
SQUARE	2632	133
FOLD	96	129	129	21864	21864	0	32903
RAIL	17	40	10	85
CORRELATION	48	23	1560	2370
SQUARE	2688	133
FOLD	97	130	130	22035	22035	0	33925
RAIL	14	42	10	86
CORRELATION	49	25	1560	2370
SQUARE	2744	133
FOLD	98	131	131	22203	22203	0	34763
RAIL	14	43	10	87
CORRELATION	50	27	1560	2370
SQUARE	2800	133
FOLD	99	132	132	22374	22374	0	35146
RAIL	16	40	10	88
CORRELATION	51	27	1560	2370
SQUARE	2856	133
FOLD	100	133	133	22542	22542	0	36061
RAIL	16	41	10	89
CORRELATION	52	29	1560	2370
SQUARE	2912	133
FOLD	101	134	134	22713	22713	0	36812
RAIL	15	41	10	90
CORRELATION	53	31	1560	2370
SQUARE	2968	133
FOLD	102	135	135	22881	22881	0	37112
RAIL	15	42	10	91
CORRELATION	54	31	1560	2370
SQUARE	3024	133
FOLD	103	136	136	23052	23052	0	38284
RAIL	28	28	10	92
CORRELATION	57	34	1560	2370
SQUARE	3192	133
FOLD	104	137	137	23220	23220	0	39252
RAIL	28	29	10	93
CORRELATION	58	36	1560	2370
SQUARE	3248	133
FOLD	105	138	138	23391	23391	0	40757
RAIL	27	29	10	94
CORRELATION	61	40	1560	2370
SQUARE	3416	133
FOLD	106	139	139	23559	23559	0	41028
RAIL	27	30	10	95
CORRELATION	62	40	1560	2370
SQUARE	3472	133
FOLD	106	139	139	23559	23559	0	41711
RAIL	27	30	10	96
CORRELATION	64	40	1560	2370
SQUARE	3584	133
FOLD	107	140	140	23730	23730	0	41798
RAIL	26	30	10	96
CORRELATION	65	40	1560	2370
SQUARE	3640	133
FOLD	108	141	141	23898	23898	0	42063
RAIL	26	31	10	97
CORRELATION	66	40	1560	2370
SQUARE	3696	133
FOLD	109	142	142	24069	24069	0	42349
RAIL	5	51	10	98
CORRELATION	67	40	1560	2370
SQUARE	3752	133
FOLD	114	143	143	24237	24237	0	43655
RAIL	6	51	12	101
CORRELATION	72	44	1560	2370
SQUARE	4032	133
FOLD	115	142	143	24066	24237	0	44034
RAIL	24	32	13	102
CORRELATION	73	44	1560	2370
SQUARE	4096	133
FOLD	117	144	144	24405	24405	0	44667
RAIL	7	49	13	103
CORRELATION	75	46	1560	2370
SQUARE	4200	133
FOLD	118	145	145	24573	24573	0	45082
RAIL	7	50	13	104
CORRELATION	76	46	1560	2370
SQUARE	4256	133
FOLD	121	146	146	24741	24741	0	45863
RAIL	8	48	14	106
CORRELATION	79	48	1560	2370
SQUARE	4424	133
FOLD	122	147	147	24909	24909	0	46233
RAIL	8	49	14	107
CORRELATION	80	50	1560	2370
SQUARE	4480	133
FOLD	123	148	148	25080	25080	0	46552
RAIL	22	34	14	108
CORRELATION	81	50	1560	2370
SQUARE	4536	133
FOLD	124	149	149	25248	25248	0	47674
RAIL	22	35	14	109
CORRELATION	82	53	1560	2370
SQUARE	4592	133
FOLD	125	150	150	25419	25419	0	47986
RAIL	9	47	14	110
CORRELATION	83	53	1560	2370
SQUARE	4648	133
FOLD	126	151	151	25587	25587	0	48316
RAIL	9	48	14	111
CORRELATION	84	53	1560	2370
SQUARE	4704	133
FOLD	127	152	152	25758	25758	0	48641
RAIL	21	35	14	112
CORRELATION	85	53	1560	2370
SQUARE	4760	133
FOLD	128	153	153	25926	25926	0	49522
RAIL	21	36	14	113
CORRELATION	86	57	1560	2370
SQUARE	4816	133
FOLD	129	154	154	26097	26097	0	49974
RAIL	10	46	14	114
CORRELATION	87	59	1560	2370
SQUARE	4872	134
FOLD	130	155	155	26265	26265	0	50282
RAIL	10	47	14	115
CORRELATION	88	59	1560	2370
SQUARE	4928	136
FOLD	131	156	156	26436	26436	0	50613
RAIL	20	36	14	116
CORRELATION	89	59	1560	2370
SQUARE	4984	136
FOLD	132	157	157	26604	26604	0	50931
RAIL	20	37	14	117
CORRELATION	90	59	1560	2370
SQUARE	5040	136
FOLD	133	158	158	26775	26775	0	51261
RAIL	11	45	14	118
CORRELATION	91	59	1560	2370
SQUARE	5096	136
FOLD	134	159	159	26943	26943	0	51669
RAIL	11	46	14	119
CORRELATION	92	62	1560	2370
SQUARE	5152	136
FOLD	135	160	160	27114	27114	0	52032
RAIL	19	37	14	120
CORRELATION	93	63	1560	2370
SQUARE	5208	136
FOLD	136	161	161	27282	27282	0	52609
RAIL	19	38	14	121
CORRELATION	94	65	1560	2370
SQUARE	5264	136
FOLD	137	162	162	27453	27453	0	52915
RAIL	12	44	14	122
CORRELATION	95	65	1560	2370
SQUARE	5320	136
FOLD	138	163	163	27621	27621	0	53183
RAIL	12	45	14	123
CORRELATION	96	65	1560	2370
SQUARE	5376	136
FOLD	139	164	164	27792	27792	0	53517
RAIL	18	38	14	124
CORRELATION	97	65	1560	2370
SQUARE	5432	136
FOLD	140	165	165	27960	27960	0	53838
RAIL	18	39	14	125
CORRELATION	98	65	1560	2370
SQUARE	5488	136
FOLD	141	166	166	28131	28131	0	54639
RAIL	13	43	14	126
CORRELATION	99	67	1560	2370
SQUARE	5544	136
FOLD	142	167	167	28299	28299	0	54927
RAIL	13	44	14	127
CORRELATION	100	67	1560	2370
SQUARE	5600	136
FOLD	143	168	168	28470	28470	0	55654
RAIL	17	39	14	128
CORRELATION	101	70	1560	2370
SQUARE	5656	136
FOLD	144	169	169	28638	28638	0	55941
RAIL	17	40	14	129
CORRELATION	102	70	1560	2370
SQUARE	5712	136
FOLD	145	170	170	28809	28809	0	56237
RAIL	14	42	14	130
CORRELATION	103	70	1560	2370
SQUARE	5768	136
FOLD	146	171	171	28977	28977	0	56711
RAIL	14	43	14	131
CORRELATION	104	72	1560	2370
SQUARE	5824	136
FOLD	147	172	172	29148	29148	0	56995
RAIL	16	40	14	132
CORRELATION	105	72	1560	2370
SQUARE	5880	136
FOLD	148	173	173	29316	29316	0	57299
RAIL	16	41	14	133
CORRELATION	106	72	1560	2370
SQUARE	5936	136
FOLD	149	174	174	29487	29487	0	57569
RAIL	15	41	14	134
CORRELATION	107	72	1560	2370
SQUARE	5992	136
FOLD	150	175	175	29655	29655	0	58358
RAIL	15	42	14	135
CORRELATION	108	74	1560	2370
SQUARE	6048	136
FOLD	151	176	176	29826	29826	0	59908
RAIL	28	28	14	136
CORRELATION	111	78	1560	2370
SQUARE	6216	136
FOLD	152	177	177	29994	29994	0	60566
RAIL	28	29	14	137
CORRELATION	112	79	1560	2370
SQUARE	6272	136
FOLD	153	178	178	30165	30165	0	61266
RAIL	27	29	14	138
CORRELATION	115	82	1560	2370
SQUARE	6440	136
FOLD	154	179	179	30333	30333	0	61594
RAIL	27	30	14	139
CORRELATION	116	84	1560	2370
SQUARE	6496	136
FOLD	155	180	180	30504	30504	0	62137
RAIL	26	30	14	140
CORRELATION	119	86	1560	2370
SQUARE	6664	136
FOLD	156	181	181	30672	30672	0	62653
RAIL	26	31	14	141
CORRELATION	120	89	1560	2370
SQUARE	6720	136
FOLD	157	182	182	30843	30843	0	63191
RAIL	25	31	14	142
CORRELATION	123	89	1560	2370
SQUARE	6888	136
FOLD	158	183	183	31011	31011	0	63469
RAIL	25	32	14	143
CORRELATION	124	89	1560	2370
SQUARE	6944	136
FOLD	159	184	184	31182	31182	0	64201
RAIL	6	50	14	144
CORRELATION	125	92	1560	2370
SQUARE	7000	136
FOLD	160	183	184	31014	31182	0	64787
RAIL	24	32	15	145
CORRELATION	128	95	1560	2370
SQUARE	7168	136
FOLD	162	185	185	31353	31353	0	65080
RAIL	7	49	15	146
CORRELATION	129	95	1560	2370
SQUARE	7224	136
FOLD	171	186	186	31521	31521	0	68403
RAIL	9	48	19	151
CORRELATION	138	103	1560	2370
SQUARE	7728	136
FOLD	172	187	187	31692	31692	0	69058
RAIL	21	35	19	152
CORRELATION	139	106	1560	2370
SQUARE	7784	136
FOLD	173	188	188	31860	31860	0	69459
RAIL	21	36	19	153
CORRELATION	140	108	1560	2370
SQUARE	7840	136
FOLD	174	189	189	32031	32031	0	69783
RAIL	10	46	19	154
CORRELATION	141	108	1560	2370
SQUARE	7896	136
FOLD	175	190	190	32199	32199	0	70097
RAIL	10	47	19	155
CORRELATION	142	108	1560	2370
SQUARE	7952	136
FOLD	176	191	191	32370	32370	0	70665
RAIL	20	36	19	156
CORRELATION	143	110	1560	2370
SQUARE	8008	136
FOLD	177	192	192	32538	32538	0	71280
RAIL	20	37	19	157
CORRELATION	144	113	1560	2370
SQUARE	8064	136
FOLD	178	193	193	32709	32709	0	71583
RAIL	11	45	19	158
CORRELATION	145	113	1560	2370
SQUARE	8120	136
FOLD	179	194	194	32877	32877	0	71903
RAIL	11	46	19	159
CORRELATION	146	113	1560	2370
SQUARE	8176	136
FOLD	179	194	194	32877	32877	0	72136
RAIL	11	46	19	160
CORRELATION	146	113	1560	2370
SQUARE	8192	136
FOLD	180	195	195	33048	33048	0	72201
RAIL	19	37	19	160
CORRELATION	147	113	1560	2370
SQUARE	8232	136
FOLD	181	196	196	33216	33216	0	72508
RAIL	19	38	19	161
CORRELATION	148	113	1560	2370
SQUARE	8288	136
FOLD	182	197	197	33387	33387	0	72848
RAIL	12	44	19	162
CORRELATION	149	113	1560	2370
SQUARE	8344	136
FOLD	183	198	198	33555	33555	0	73196
RAIL	12	45	19	163
CORRELATION	150	115	1560	2370
SQUARE	8400	136
FOLD	184	199	199	33726	33726	0	73480
RAIL	18	38	19	164
CORRELATION	151	115	1560	2370
SQUARE	8456	136
FOLD	185	200	200	33894	33894	0	73904
RAIL	18	39	19	165
CORRELATION	152	116	1560	2370
SQUARE	8512	136
FOLD	186	201	201	34065	34065	0	74282
RAIL	13	43	19	166
CORRELATION	153	117	1560	2370
SQUARE	8568	136
FOLD	187	202	202	34233	34233	0	75012
RAIL	13	44	19	167
CORRELATION	154	118	1560	2370
SQUARE	8624	136
FOLD	188	203	203	34404	34404	0	75694
RAIL	17	39	19	168
CORRELATION	155	120	1560	2370
SQUARE	8680	136
FOLD	189	204	204	34572	34572	0	76002
RAIL	17	40	19	169
CORRELATION	156	120	1560	2370
SQUARE	8736	136
FOLD	190	205	205	34743	34743	0	76297
RAIL	14	42	19	170
CORRELATION	157	120	1560	2370
SQUARE	8792	136
FOLD	191	206	206	34911	34911	0	76588
RAIL	14	43	19	171
CORRELATION	158	120	1560	2370
SQUARE	8848	136
FOLD	192	207	207	35082	35082	0	76911
RAIL	16	40	19	172
CORRELATION	159	120	1560	2370
SQUARE	8904	136
FOLD	193	208	208	35250	35250	0	77262
RAIL	16	41	19	173
CORRELATION	160	121	1560	2370
SQUARE	8960	136
FOLD	194	209	209	35421	35421	0	77719
RAIL	15	41	19	174
CORRELATION	161	123	1560	2370
SQUARE	9016	136
FOLD	195	210	210	35589	35589	0	78100
RAIL	15	42	19	175
CORRELATION	162	123	1560	2370
SQUARE	9072	136
FOLD	196	211	211	35760	35760	0	79414
RAIL	28	28	19	176
CORRELATION	165	127	1560	2370
SQUARE	9240	136
FOLD	197	212	212	35928	35928	0	80134
RAIL	28	29	19	177
CORRELATION	166	129	1560	2370
SQUARE	9296	136
FOLD	198	213	213	36099	36099	0	81015
RAIL	27	29	19	178
CORRELATION	169	131	1560	2370
SQUARE	9464	136
FOLD	199	214	214	36267	36267	0	81305
RAIL	27	30	19	179
CORRELATION	170	131	1560	2370
SQUARE	9520	136
FOLD	200	215	215	36438	36438	0	82382
RAIL	26	30	19	180
CORRELATION	173	135	1560	2370
SQUARE	9688	136
FOLD	201	216	216	36606	36606	0	83221
RAIL	26	31	19	181
CORRELATION	174	137	1560	2370
SQUARE	9744	138
FOLD	202	217	217	36777	36777	0	83860
RAIL	25	31	19	182
CORRELATION	177	139	1560	2370
SQUARE	9912	138
FOLD	203	218	218	36945	36945	0	84780
RAIL	25	32	19	183
CORRELATION	178	142	1560	2370
SQUARE	9968	138
FOLD	204	219	219	37116	37116	0	85099
RAIL	6	50	19	184
CORRELATION	179	142	1560	2370
SQUARE	10024	138
FOLD	207	220	220	37287	37287	0	86539
RAIL	7	49	20	186
CORRELATION	183	146	1560	2370
SQUARE	10248	138
FOLD	210	221	221	37458	37458	0	87864
RAIL	23	34	21	188
CORRELATION	186	148	1560	2370
SQUARE	10416	138
FOLD	211	222	222	37629	37629	0	88724
RAIL	8	48	21	189
CORRELATION	187	150	1560	2370
SQUARE	10472	138
FOLD	220	223	223	37797	37797	0	93363
RAIL	10	47	25	194
CORRELATION	196	160	1560	2370
SQUARE	10976	138
FOLD	221	224	224	37968	37968	0	94298
RAIL	20	36	25	195
CORRELATION	197	162	1560	2370
SQUARE	11032	138
FOLD	222	225	225	38136	38136	0	94584
RAIL	20	37	25	196
CORRELATION	198	162	1560	2370
SQUARE	11088	138
FOLD	223	226	226	38307	38307	0	94850
RAIL	11	45	25	197
CORRELATION	199	162	1560	2370
SQUARE	11144	138
FOLD	224	227	227	38475	38475	0	95171
RAIL	11	46	25	198
CORRELATION	200	162	1560	2370
SQUARE	11200	138
FOLD	225	228	228	38646	38646	0	96014
RAIL	19	37	25	199
CORRELATION	201	164	1560	2370
SQUARE	11256	138
FOLD	226	229	229	38814	38814	0	96560
RAIL	19	38	25	200
CORRELATION	202	165	1560	2370
SQUARE	11312	138
FOLD	227	230	230	38985	38985	0	97308
RAIL	12	44	25	201
CORRELATION	203	167	1560	2370
SQUARE	11368	138
FOLD	228	231	231	39153	39153	0	97584
RAIL	12	45	25	202
CORRELATION	204	167	1560	2370
SQUARE	11424	138
FOLD	229	232	232	39324	39324	0	98393
RAIL	18	38	25	203
CORRELATION	205	169	1560	2370
SQUARE	11480	138
FOLD	230	233	233	39492	39492	0	99197
RAIL	18	39	25	204
CORRELATION	206	171	1560	2370
SQUARE	11536	138
FOLD	231	234	234	39663	39663	0	99479
RAIL	13	43	25	205
CORRELATION	207	171	1560	2370
SQUARE	11592	138
FOLD	232	235	235	39831	39831	0	99804
RAIL	13	44	25	206
CORRELATION	208	171	1560	2370
SQUARE	11648	138
FOLD	233	236	236	40002	40002	0	100682
RAIL	17	39	25	207
CORRELATION	209	173	1560	2370
SQUARE	11704	138
FOLD	234	237	237	40170	40170	0	101494
RAIL	17	40	25	208
CORRELATION	210	175	1560	2370
SQUARE	11760	138
FOLD	235	238	238	40341	40341	0	101789
RAIL	14	42	25	209
CORRELATION	211	175	1560	2370
SQUARE	11816	138
FOLD	236	239	239	40509	40509	0	102658
RAIL	14	43	25	210
CORRELATION	212	177	1560	2370
SQUARE	11872	138
FOLD	237	240	240	40680	40680	0	103545
RAIL	16	40	25	211
CORRELATION	213	179	1560	2370
SQUARE	11928	138
FOLD	238	241	241	40848	40848	0	103845
RAIL	16	41	25	212
CORRELATION	214	179	1560	2370
SQUARE	11984	138
FOLD	239	242	242	41019	41019	0	104145
RAIL	15	41	25	213
CORRELATION	215	179	1560	2370
SQUARE	12040	138
FOLD	240	243	243	41187	41187	0	104462
RAIL	15	42	25	214
CORRELATION	216	179	1560	2370
SQUARE	12096	138
FOLD	241	244	244	41358	41358	0	105994
RAIL	28	28	25	215
CORRELATION	219	183	1560	2370
SQUARE	12264	138
FOLD	242	245	245	41526	41526	0	106879
RAIL	28	29	25	216
CORRELATION	220	185	1560	2370
SQUARE	12320	138
FOLD	243	246	246	41697	41697	0	107854
RAIL	27	29	25	217
CORRELATION	223	187	1560	2370
SQUARE	12488	138
FOLD	244	247	247	41865	41865	0	108671
RAIL	27	30	25	218
CORRELATION	224	189	1560	2370
SQUARE	12544	138
FOLD	245	248	248	42036	42036	0	110214
RAIL	26	30	25	219
CORRELATION	227	193	1560	2370
SQUARE	12712	138
FOLD	246	249	249	42204	42204	0	111165
RAIL	26	31	25	220
CORRELATION	228	195	1560	2370
SQUARE	12768	138
FOLD	247	250	250	42375	42375	0	111609
RAIL	25	31	25	221
CORRELATION	231	195	1560	2370
SQUARE	12936	138
FOLD	248	251	251	42543	42543	0	111896
RAIL	25	32	25	222
CORRELATION	232	195	1560	2370
SQUARE	12992	138
FOLD	249	252	252	42714	42714	0	112342
RAIL	24	32	25	223
CORRELATION	235	195	1560	2370
SQUARE	13160	138
FOLD	250	253	253	42882	42882	0	112650
RAIL	24	33	25	224
CORRELATION	236	195	1560	2370
SQUARE	13216	138
FOLD	251	254	254	43053	43053	0	113022
RAIL	7	49	25	225
CORRELATION	237	195	1560	2370
SQUARE	13272	138
FOLD	256	255	255	43221	43221	0	114403
RAIL	8	49	27	228
CORRELATION	242	197	1560	2370
SQUARE	13552	138
FOLD	257	256	256	43392	43392	0	114733
RAIL	22	34	27	229
CORRELATION	243	197	1560	2370
SQUARE	13608	138
FOLD	258	257	257	43560	43560	0	115135
RAIL	22	35	27	230
CORRELATION	244	197	1560	2370
SQUARE	13664	138
FOLD	259	258	258	43731	43731	0	115455
RAIL	9	47	27	231
CORRELATION	245	197	1560	2370
SQUARE	13720	138
FOLD	268	259	259	43899	43899	0	119100
RAIL	11	46	31	236
CORRELATION	254	204	1560	2370
SQUARE	14224	138
FOLD	269	260	260	44070	44070	0	119583
RAIL	19	37	31	237
CORRELATION	255	206	1560	2370
SQUARE	14280	138
FOLD	269	260	260	44070	44070	0	120062
RAIL	19	37	31	238
CORRELATION	256	208	1560	2370
SQUARE	14336	138
FOLD	270	261	261	44238	44238	0	120069
RAIL	19	38	31	238
CORRELATION	256	208	1560	2370
SQUARE	14336	138
FOLD	271	262	262	44409	44409	0	120425
RAIL	12	44	31	239
CORRELATION	257	208	1560	2370
SQUARE	14392	138
FOLD	272	263	263	44577	44577	0	120783
RAIL	12	45	31	240
CORRELATION	258	208	1560	2370
SQUARE	14448	138
FOLD	273	264	264	44748	44748	0	121449
RAIL	18	38	31	241
CORRELATION	259	210	1560	2370
SQUARE	14504	138
FOLD	274	265	265	44916	44916	0	122058
RAIL	18	39	31	242
CORRELATION	260	211	1560	2370
SQUARE	14560	138
FOLD	275	266	266	45087	45087	0	122552
RAIL	13	43	31	243
CORRELATION	261	212	1560	2370
SQUARE	14616	138
FOLD	276	267	267	45255	45255	0	122891
RAIL	13	44	31	244
CORRELATION	262	212	1560	2370
SQUARE	14672	138
FOLD	277	268	268	45426	45426	0	123715
RAIL	17	39	31	245
CORRELATION	263	215	1560	2370
SQUARE	14728	138
FOLD	278	269	269	45594	45594	0	124026
RAIL	17	40	31	246
CORRELATION	264	215	1560	2370
SQUARE	14784	138
FOLD	279	270	270	45765	45765	0	124368
RAIL	14	42	31	247
CORRELATION	265	215	1560	2370
SQUARE	14840	138
FOLD	280	271	271	45933	45933	0	124722
RAIL	14	43	31	248
CORRELATION	266	215	1560	2370
SQUARE	14896	138
FOLD	281	272	272	46104	46104	0	125030
RAIL	16	40	31	249
CORRELATION	267	215	1560	2370
SQUARE	14952	138
FOLD	282	273	273	46272	46272	0	125345
RAIL	16	41	31	250
CORRELATION	268	216	1560	2370
SQUARE	15008	138
FOLD	283	274	274	46443	46443	0	125662
RAIL	15	41	31	251
CORRELATION	269	216	1560	2370
SQUARE	15064	138
FOLD	284	275	275	46611	46611	0	126266
RAIL	15	42	31	252
CORRELATION	270	218	1560	2370
SQUARE	15120	138
FOLD	285	276	276	46782	46782	0	126794
RAIL	28	28	31	253
CORRELATION	273	218	1560	2370
SQUARE	15288	138
FOLD	286	277	277	46950	46950	0	127382
RAIL	28	29	31	254
CORRELATION	274	219	1560	2370
SQUARE	15344	138
FOLD	287	278	278	47121	47121	0	128455
RAIL	27	29	31	255
CORRELATION	277	222	1560	2370
SQUARE	15512	138
FOLD	288	279	279	47289	47289	0	128806
RAIL	27	30	31	256
CORRELATION	278	222	1560	2370
SQUARE	15568	138
FOLD	289	280	280	47460	47460	0	129495
RAIL	26	30	31	257
CORRELATION	281	224	1560	2370
SQUARE	15736	138
FOLD	290	281	281	47628	47628	0	129789
RAIL	26	31	31	258
CORRELATION	282	224	1560	2370
SQUARE	15792	138
FOLD	291	282	282	47799	47799	0	130371
RAIL	25	31	31	259
CORRELATION	285	224	1560	2370
SQUARE	15960	138
FOLD	292	283	283	47967	47967	0	130692
RAIL	25	32	31	260
CORRELATION	286	224	1560	2370
SQUARE	16016	138
FOLD	293	284	284	48138	48138	0	132230
RAIL	24	32	31	261
CORRELATION	289	230	1560	2370
SQUARE	16184	138
FOLD	294	285	285	48306	48306	0	132542
RAIL	24	33	31	262
CORRELATION	290	230	1560	2370
SQUARE	16240	138
FOLD	295	286	286	48477	48477	0	132846
RAIL	7	49	31	263
CORRELATION	291	230	1560	2370
SQUARE	16296	138
FOLD	296	287	287	48645	48645	0	133252
RAIL	7	50	31	264
CORRELATION	292	232	1560	2370
SQUARE	16352	138
FOLD	296	287	287	48645	48645	0	133311
RAIL	7	50	32	264
CORRELATION	292	232	1560	2370
SQUARE	16384	138
FOLD	299	288	288	48813	48813	0	134021
RAIL	8	48	32	266
CORRELATION	295	232	1560	2370
SQUARE	16520	138
FOLD	304	289	289	48981	48981	0	135974
RAIL	9	48	34	269
CORRELATION	300	236	1560	2370
SQUARE	16800	138
FOLD	305	290	290	49152	49152	0	136269
RAIL	21	35	34	270
CORRELATION	301	236	1560	2370
SQUARE	16856	138
FOLD	306	291	291	49320	49320	0	136630
RAIL	21	36	34	271
CORRELATION	302	237	1560	2370
SQUARE	16912	138
FOLD	307	292	292	49491	49491	0	136944
RAIL	10	46	34	272
CORRELATION	303	237	1560	2370
SQUARE	16968	138
FOLD	316	293	293	49659	49659	0	140142
RAIL	12	45	38	277
CORRELATION	312	243	1560	2370
SQUARE	17472	138
FOLD	317	294	294	49830	49830	0	140614
RAIL	18	38	38	278
CORRELATION	313	245	1560	2370
SQUARE	17528	138
FOLD	318	295	295	49998	49998	0	141041
RAIL	18	39	38	279
CORRELATION	314	247	1560	2370
SQUARE	17584	138
FOLD	319	296	296	50169	50169	0	141364
RAIL	13	43	38	280
CORRELATION	315	247	1560	2370
SQUARE	17640	138
FOLD	320	297	297	50337	50337	0	141777
RAIL	13	44	38	281
CORRELATION	316	247	1560	2370
SQUARE	17696	138
FOLD	321	298	298	50508	50508	0	142105
RAIL	17	39	38	282
CORRELATION	317	247	1560	2370
SQUARE	17752	138
FOLD	322	299	299	50676	50676	0	142412
RAIL	17	40	38	283
CORRELATION	318	247	1560	2370
SQUARE	17808	138
FOLD	323	300	300	50847	50847	0	143089
RAIL	14	42	38	284
CORRELATION	319	249	1560	2370
SQUARE	17864	138
FOLD	324	301	301	51015	51015	0	144109
RAIL	14	43	38	285
CORRELATION	320	252	1560	2370
SQUARE	17920	138
FOLD	325	302	302	51186	51186	0	144420
RAIL	16	40	38	286
CORRELATION	321	252	1560	2370
SQUARE	17976	138
FOLD	326	303	303	51354	51354	0	144741
RAIL	16	41	38	287
CORRELATION	322	252	1560	2370
SQUARE	18032	138
FOLD	327	304	304	51525	51525	0	145548
RAIL	15	41	38	288
CORRELATION	323	255	1560	2370
SQUARE	18088	138
FOLD	328	305	305	51693	51693	0	146279
RAIL	15	42	38	289
CORRELATION	324	257	1560	2370
SQUARE	18144	138
FOLD	329	306	306	51864	51864	0	146862
RAIL	28	28	38	290
CORRELATION	327	257	1560	2370
SQUARE	18312	138
FOLD	330	307	307	52032	52032	0	147886
RAIL	28	29	38	291
CORRELATION	328	260	1560	2370
SQUARE	18368	138
FOLD	331	308	308	52203	52203	0	148806
RAIL	27	29	38	292
CORRELATION	331	263	1560	2370
SQUARE	18536	138
FOLD	332	309	309	52371	52371	0	149114
RAIL	27	30	38	293
CORRELATION	332	263	1560	2370
SQUARE	18592	138
FOLD	333	310	310	52542	52542	0	152377
RAIL	26	30	38	294
CORRELATION	335	269	1560	2370
SQUARE	18760	138
FOLD	334	311	311	52710	52710	0	152684
RAIL	26	31	38	295
CORRELATION	336	269	1560	2370
SQUARE	18816	138
FOLD	335	312	312	52881	52881	0	153154
RAIL	25	31	38	296
CORRELATION	339	269	1560	2370
SQUARE	18984	138
FOLD	336	313	313	53049	53049	0	153488
RAIL	25	32	38	297
CORRELATION	340	269	1560	2370
SQUARE	19040	138
FOLD	337	314	314	53220	53220	0	154277
RAIL	24	32	38	298
CORRELATION	343	271	1560	2370
SQUARE	19208	138
FOLD	338	315	315	53388	53388	0	154999
RAIL	24	33	38	299
CORRELATION	344	273	1560	2370
SQUARE	19264	138
FOLD	339	316	316	53559	53559	0	155597
RAIL	7	49	38	300
CORRELATION	345	274	1560	2370
SQUARE	19320	138
FOLD	342	317	317	53730	53730	0	157437
RAIL	8	48	39	302
CORRELATION	349	280	1560	2370
SQUARE	19544	141
FOLD	351	318	318	53898	53898	0	161123
RAIL	10	47	43	307
CORRELATION	358	289	1560	2370
SQUARE	20048	141
FOLD	352	319	319	54069	54069	0	161469
RAIL	20	36	43	308
CORRELATION	359	289	1560	2370
SQUARE	20104	141
FOLD	353	320	320	54237	54237	0	162361
RAIL	20	37	43	309
CORRELATION	360	291	1560	2370
SQUARE	20160	141
FOLD	354	321	321	54408	54408	0	163135
RAIL	11	45	43	310
CORRELATION	361	293	1560	2370
SQUARE	20216	141
FOLD	363	322	322	54576	54576	0	167291
RAIL	13	44	47	315
CORRELATION	370	302	1560	2370
SQUARE	20720	141
FOLD	364	323	323	54747	54747	0	167616
RAIL	17	39	47	316
CORRELATION	371	302	1560	2370
SQUARE	20776	141
FOLD	365	324	324	54915	54915	0	168571
RAIL	17	40	47	317
CORRELATION	372	304	1560	2370
SQUARE	20832	141
FOLD	366	325	325	55086	55086	0	169374
RAIL	14	42	47	318
CORRELATION	373	306	1560	2370
SQUARE	20888	141
FOLD	367	326	326	55254	55254	0	169659
RAIL	14	43	47	319
CORRELATION	374	306	1560	2370
SQUARE	20944	141
FOLD	368	327	327	55425	55425	0	169986
RAIL	16	40	47	320
CORRELATION	375	306	1560	2370
SQUARE	21000	141
FOLD	369	328	328	55593	55593	0	170919
RAIL	16	41	47	321
CORRELATION	376	308	1560	2370
SQUARE	21056	141
FOLD	370	329	329	55764	55764	0	171742
RAIL	15	41	47	322
CORRELATION	377	310	1560	2370
SQUARE	21112	141
FOLD	371	330	330	55932	55932	0	172030
RAIL	15	42	47	323
CORRELATION	378	310	1560	2370
SQUARE	21168	141
FOLD	372	331	331	56103	56103	0	173871
RAIL	28	28	47	324
CORRELATION	381	314	1560	2370
SQUARE	21336	141
FOLD	373	332	332	56271	56271	0	174165
RAIL	28	29	47	325
CORRELATION	382	314	1560	2370
SQUARE	21392	141
FOLD	374	333	333	56442	56442	0	175141
RAIL	27	29	47	326
CORRELATION	385	317	1560	2370
SQUARE	21560	141
FOLD	375	334	334	56610	56610	0	175507
RAIL	27	30	47	327
CORRELATION	386	318	1560	2370
SQUARE	21616	141
FOLD	376	335	335	56781	56781	0	176362
RAIL	26	30	47	328
CORRELATION	389	320	1560	2370
SQUARE	21784	141
FOLD	377	336	336	56949	56949	0	177299
RAIL	26	31	47	329
CORRELATION	390	322	1560	2370
SQUARE	21840	141
FOLD	378	337	337	57120	57120	0	178381
RAIL	25	31	47	330
CORRELATION	393	324	1560	2370
SQUARE	22008	141
FOLD	379	338	338	57288	57288	0	179171
RAIL	25	32	47	331
CORRELATION	394	326	1560	2370
SQUARE	22064	141
FOLD	380	339	339	57459	57459	0	180628
RAIL	24	32	47	332
CORRELATION	397	330	1560	2370
SQUARE	22232	141
FOLD	381	340	340	57627	57627	0	181521
RAIL	24	33	47	333
CORRELATION	398	332	1560	2370
SQUARE	22288	141
FOLD	382	341	341	57798	57798	0	181804
RAIL	7	49	47	334
CORRELATION	399	332	1560	2370
SQUARE	22344	141
FOLD	385	342	342	57969	57969	0	182593
RAIL	8	48	48	336
CORRELATION	403	332	1560	2370
SQUARE	22568	141
FOLD	386	343	343	58137	58137	0	182856
RAIL	8	49	48	337
CORRELATION	404	332	1560	2370
SQUARE	22624	141
FOLD	387	344	344	58308	58308	0	183165
RAIL	22	34	48	338
CORRELATION	405	332	1560	2370
SQUARE	22680	141
FOLD	388	345	345	58476	58476	0	183449
RAIL	22	35	48	339
CORRELATION	406	332	1560	2370
SQUARE	22736	141
FOLD	389	346	346	58647	58647	0	183726
RAIL	9	47	48	340
CORRELATION	407	332	1560	2370
SQUARE	22792	141
FOLD	398	347	347	58815	58815	0	186486
RAIL	11	46	52	345
CORRELATION	416	336	1560	2370
SQUARE	23296	141
FOLD	399	348	348	58986	58986	0	187196
RAIL	19	37	52	346
CORRELATION	417	338	1560	2370
SQUARE	23352	141
FOLD	400	349	349	59154	59154	0	187538
RAIL	19	38	52	347
CORRELATION	418	338	1560	2370
SQUARE	23408	141
FOLD	401	350	350	59325	59325	0	187848
RAIL	12	44	52	348
CORRELATION	419	338	1560	2370
SQUARE	23464	141
FOLD	410	351	351	59493	59493	0	190725
RAIL	14	43	56	353
CORRELATION	428	343	1560	2370
SQUARE	23968	141
FOLD	411	352	352	59664	59664	0	191113
RAIL	16	40	56	354
CORRELATION	429	343	1560	2370
SQUARE	24024	141
FOLD	412	353	353	59832	59832	0	191576
RAIL	16	41	56	355
CORRELATION	430	344	1560	2370
SQUARE	24080	141
FOLD	413	354	354	60003	60003	0	192474
RAIL	15	41	56	356
CORRELATION	431	346	1560	2370
SQUARE	24136	141
FOLD	414	355	355	60171	60171	0	192802
RAIL	15	42	56	357
CORRELATION	432	346	1560	2370
SQUARE	24192	141
FOLD	415	356	356	60342	60342	0	193302
RAIL	28	28	56	358
CORRELATION	435	346	1560	2370
SQUARE	24360	141
FOLD	416	357	357	60510	60510	0	193926
RAIL	28	29	56	359
CORRELATION	436	348	1560	2370
SQUARE	24416	141
FOLD	417	358	358	60681	60681	0	195018
RAIL	27	29	56	360
CORRELATION	439	350	1560	2370
SQUARE	24584	141
FOLD	418	359	359	60849	60849	0	195942
RAIL	27	30	56	361
CORRELATION	440	352	1560	2370
SQUARE	24640	141
FOLD	419	360	360	61020	61020	0	197413
RAIL	26	30	56	362
CORRELATION	443	356	1560	2370
SQUARE	24808	141
FOLD	420	361	361	61188	61188	0	198085
RAIL	26	31	56	363
CORRELATION	444	358	1560	2370
SQUARE	24864	141
FOLD	421	362	362	61359	61359	0	198667
RAIL	25	31	56	364
CORRELATION	447	358	1560	2370
SQUARE	25032	141
FOLD	422	363	363	61527	61527	0	199080
RAIL	25	32	56	365
CORRELATION	448	358	1560	2370
SQUARE	25088	141
FOLD	423	364	364	61698	61698	0	199994
RAIL	24	32	56	366
CORRELATION	451	360	1560	2370
SQUARE	25256	141
FOLD	424	365	365	61866	61866	0	200635
RAIL	24	33	56	367
CORRELATION	452	362	1560	2370
SQUARE	25312	141
FOLD	425	366	366	62037	62037	0	202154
RAIL	23	33	56	368
CORRELATION	455	366	1560	2370
SQUARE	25480	141
FOLD	426	367	367	62205	62205	0	202452
RAIL	23	34	56	369
CORRELATION	456	366	1560	2370
SQUARE	25536	141
FOLD	427	368	368	62376	62376	0	202749
RAIL	8	48	56	370
CORRELATION	457	366	1560	2370
SQUARE	25592	141
FOLD	428	369	369	62544	62544	0	203044
RAIL	8	49	56	371
CORRELATION	458	366	1560	2370
SQUARE	25648	141
FOLD	429	370	370	62715	62715	0	203389
RAIL	22	34	56	372
CORRELATION	459	366	1560	2370
SQUARE	25704	141
FOLD	430	371	371	62883	62883	0	203930
RAIL	22	35	56	373
CORRELATION	460	369	1560	2370
SQUARE	25760	141
FOLD	431	372	372	63054	63054	0	204292
RAIL	9	47	56	374
CORRELATION	461	369	1560	2370
SQUARE	25816	141
FOLD	432	373	373	63222	63222	0	204576
RAIL	9	48	56	375
CORRELATION	462	369	1560	2370
SQUARE	25872	141
FOLD	433	374	374	63393	63393	0	204915
RAIL	21	35	56	376
CORRELATION	463	371	1560	2370
SQUARE	25928	141
FOLD	434	375	375	63561	63561	0	205590
RAIL	21	36	56	377
CORRELATION	464	373	1560	2370
SQUARE	25984	141
FOLD	435	376	376	63732	63732	0	205962
RAIL	10	46	56	378
CORRELATION	465	374	1560	2370
SQUARE	26040	141
FOLD	444	377	377	63900	63900	0	208975
RAIL	12	45	60	383
CORRELATION	474	384	1560	2370
SQUARE	26544	141
FOLD	445	378	378	64071	64071	0	209261
RAIL	18	38	60	384
CORRELATION	475	384	1560	2370
SQUARE	26600	141
FOLD	446	379	379	64239	64239	0	209572
RAIL	18	39	60	385
CORRELATION	476	384	1560	2370
SQUARE	26656	141
FOLD	447	380	380	64410	64410	0	209999
RAIL	13	43	60	386
CORRELATION	477	384	1560	2370
SQUARE	26712	141
FOLD	456	381	381	64578	64578	0	212829
RAIL	15	42	64	391
CORRELATION	486	396	1560	2370
SQUARE	27216	141
FOLD	457	382	382	64749	64749	0	213338
RAIL	28	28	64	392
CORRELATION	489	396	1560	2370
SQUARE	27384	141
FOLD	458	383	383	64917	64917	0	213646
RAIL	28	29	64	393
CORRELATION	490	396	1560	2370
SQUARE	27440	141
FOLD	459	384	384	65088	65088	0	214208
RAIL	27	29	64	394
CORRELATION	493	397	1560	2370
SQUARE	27608	141
FOLD	460	385	385	65256	65256	0	214566
RAIL	27	30	64	395
CORRELATION	494	398	1560	2370
SQUARE	27664	141
FOLD	461	386	386	65427	65427	0	215998
RAIL	26	30	64	396
CORRELATION	497	402	1560	2370
SQUARE	27832	141
FOLD	462	387	387	65595	65595	0	216330
RAIL	26	31	64	397
CORRELATION	498	402	1560	2370
SQUARE	27888	141
FOLD	463	388	388	65766	65766	0	217448
RAIL	25	31	64	398
CORRELATION	501	406	1560	2370
SQUARE	28056	141
FOLD	464	389	389	65934	65934	0	218291
RAIL	25	32	64	399
CORRELATION	502	410	1560	2370
SQUARE	28112	141
FOLD	465	390	390	66105	66105	0	218876
RAIL	24	32	64	400
CORRELATION	505	410	1560	2370
SQUARE	28280	141
FOLD	466	391	391	66273	66273	0	219304
RAIL	24	33	64	401
CORRELATION	506	410	1560	2370
SQUARE	28336	141
FOLD	467	392	392	66444	66444	0	220351
RAIL	23	33	64	402
CORRELATION	509	415	1560	2370
SQUARE	28504	141
FOLD	468	393	393	66612	66612	0	221226
RAIL	23	34	64	403
CORRELATION	510	419	1560	2370
SQUARE	28560	141
FOLD	469	394	394	66783	66783	0	221556
RAIL	8	48	64	404
CORRELATION	511	419	1560	2370
SQUARE	28616	141
FOLD	469	394	394	66783	66783	0	221763
RAIL	8	48	65	404
CORRELATION	512	421	1560	2370
SQUARE	28672	141
FOLD	474	395	395	66951	66951	0	223014
RAIL	9	48	66	407
CORRELATION	516	425	1560	2370
SQUARE	28896	141
FOLD	475	396	396	67122	67122	0	223315
RAIL	21	35	66	408
CORRELATION	517	425	1560	2370
SQUARE	28952	141
FOLD	476	397	397	67290	67290	0	223640
RAIL	21	36	66	409
CORRELATION	518	425	1560	2370
SQUARE	29008	141
FOLD	477	398	398	67461	67461	0	223974
RAIL	10	46	66	410
CORRELATION	519	425	1560	2370
SQUARE	29064	141
FOLD	478	399	399	67629	67629	0	224405
RAIL	10	47	66	411
CORRELATION	520	425	1560	2370
SQUARE	29120	141
FOLD	479	400	400	67800	67800	0	224718
RAIL	20	36	66	412
CORRELATION	521	425	1560	2370
SQUARE	29176	141
FOLD	480	401	401	67968	67968	0	225032
RAIL	20	37	66	413
CORRELATION	522	425	1560	2370
SQUARE	29232	141
FOLD	481	402	402	68139	68139	0	225399
RAIL	11	45	66	414
CORRELATION	523	425	1560	2370
SQUARE	29288	141
FOLD	490	403	403	68307	68307	0	229785
RAIL	13	44	70	419
CORRELATION	532	442	1560	2370
SQUARE	29792	141
FOLD	491	404	404	68478	68478	0	230395
RAIL	17	39	70	420
CORRELATION	533	443	1560	2370
SQUARE	29848	141
FOLD	492	405	405	68646	68646	0	230757
RAIL	17	40	70	421
CORRELATION	534	444	1560	2370
SQUARE	29904	141
FOLD	493	406	406	68817	68817	0	231188
RAIL	14	42	70	422
CORRELATION	535	444	1560	2370
SQUARE	29960	141
FOLD	502	407	407	68985	68985	0	235163
RAIL	27	30	74	427
CORRELATION	548	453	1560	2370
SQUARE	30688	141
FOLD	503	408	408	69156	69156	0	235779
RAIL	26	30	74	428
CORRELATION	551	455	1560	2370
SQUARE	30856	141
FOLD	504	409	409	69324	69324	0	236665
RAIL	26	31	74	429
CORRELATION	552	458	1560	2370
SQUARE	30912	141
FOLD	505	410	410	69495	69495	0	237761
RAIL	25	31	74	430
CORRELATION	555	463	1560	2370
SQUARE	31080	141
FOLD	506	411	411	69663	69663	0	238077
RAIL	25	32	74	431
CORRELATION	556	463	1560	2370
SQUARE	31136	141
FOLD	507	412	412	69834	69834	0	239280
RAIL	24	32	74	432
CORRELATION	559	467	1560	2370
SQUARE	31304	141
FOLD	508	413	413	70002	70002	0	239611
RAIL	24	33	74	433
CORRELATION	560	467	1560	2370
SQUARE	31360	141
FOLD	509	414	414	70173	70173	0	240793
RAIL	23	33	74	434
CORRELATION	563	473	1560	2370
SQUARE	31528	141
FOLD	510	415	415	70341	70341	0	241118
RAIL	23	34	74	435
CORRELATION	564	473	1560	2370
SQUARE	31584	141
FOLD	511	416	416	70512	70512	0	241472
RAIL	8	48	74	436
CORRELATION	565	474	1560	2370
SQUARE	31640	141
FOLD	512	415	416	70344	70512	0	241581
RAIL	8	49	75	436
CORRELATION	566	474	1560	2370
SQUARE	31696	141
FOLD	520	417	417	70680	70680	0	245114
RAIL	10	47	78	441
CORRELATION	574	483	1560	2370
SQUARE	32144	141
FOLD	521	418	418	70851	70851	0	245439
RAIL	20	36	78	442
CORRELATION	575	483	1560	2370
SQUARE	32200	141
FOLD	522	419	419	71019	71019	0	245822
RAIL	20	37	78	443
CORRELATION	576	483	1560	2370
SQUARE	32256	141
FOLD	523	420	420	71190	71190	0	246587
RAIL	11	45	78	444
CORRELATION	577	485	1560	2370
SQUARE	32312	141
FOLD	524	421	421	71358	71358	0	246908
RAIL	11	46	78	445
CORRELATION	578	485	1560	2370
SQUARE	32368	141
FOLD	525	422	422	71529	71529	0	247734
RAIL	19	37	78	446
CORRELATION	579	488	1560	2370
SQUARE	32424	141
FOLD	526	423	423	71697	71697	0	248107
RAIL	19	38	78	447
CORRELATION	580	488	1560	2370
SQUARE	32480	141
FOLD	527	424	424	71868	71868	0	248582
RAIL	12	44	78	448
CORRELATION	581	491	1560	2370
SQUARE	32536	141
FOLD	531	424	424	71868	71868	0	249548
RAIL	13	43	81	450
CORRELATION	585	492	1560	2370
SQUARE	32768	141
FOLD	536	425	425	72036	72036	0	250814
RAIL	14	43	82	453
CORRELATION	590	494	1560	2370
SQUARE	33040	141
FOLD	537	426	426	72207	72207	0	251221
RAIL	16	40	82	454
CORRELATION	591	494	1560	2370
SQUARE	33096	141
FOLD	546	427	427	72375	72375	0	256278
RAIL	26	31	86	459
CORRELATION	606	511	1560	2370
SQUARE	33936	141
FOLD	547	428	428	72546	72546	0	256860
RAIL	25	31	86	460
CORRELATION	609	512	1560	2370
SQUARE	34104	141
FOLD	548	429	429	72714	72714	0	257266
RAIL	25	32	86	461
CORRELATION	610	512	1560	2370
SQUARE	34160	141
FOLD	549	430	430	72885	72885	0	258006
RAIL	24	32	86	462
CORRELATION	613	514	1560	2370
SQUARE	34328	141
FOLD	550	431	431	73053	73053	0	258668
RAIL	24	33	86	463
CORRELATION	614	516	1560	2370
SQUARE	34384	141
FOLD	551	432	432	73224	73224	0	259548
RAIL	23	33	86	464
CORRELATION	617	518	1560	2370
SQUARE	34552	141
FOLD	552	433	433	73392	73392	0	259974
RAIL	23	34	86	465
CORRELATION	618	518	1560	2370
SQUARE	34608	141
FOLD	553	434	434	73563	73563	0	260342
RAIL	8	48	86	466
CORRELATION	619	518	1560	2370
SQUARE	34664	141
FOLD	554	435	435	73731	73731	0	260759
RAIL	8	49	86	467
CORRELATION	620	520	1560	2370
SQUARE	34720	141
FOLD	555	436	436	73902	73902	0	261051
RAIL	22	34	86	468
CORRELATION	621	520	1560	2370
SQUARE	34776	141
FOLD	556	437	437	74070	74070	0	261829
RAIL	22	35	86	469
CORRELATION	622	522	1560	2370
SQUARE	34832	141
FOLD	557	438	438	74241	74241	0	262555
RAIL	9	47	86	470
CORRELATION	623	524	1560	2370
SQUARE	34888	141
FOLD	566	439	439	74409	74409	0	265659
RAIL	11	46	90	475
CORRELATION	632	532	1560	2370
SQUARE	35392	141
FOLD	569	440	440	74577	74577	0	267270
RAIL	12	44	91	477
CORRELATION	635	536	1560	2370
SQUARE	35560	141
FOLD	570	441	441	74745	74745	0	267962
RAIL	12	45	91	478
CORRELATION	636	538	1560	2370
SQUARE	35616	141
FOLD	571	442	442	74916	74916	0	268265
RAIL	18	38	91	479
CORRELATION	637	538	1560	2370
SQUARE	35672	141
FOLD	572	443	443	75084	75084	0	268673
RAIL	18	39	91	480
CORRELATION	638	538	1560	2370
SQUARE	35728	141
FOLD	573	444	444	75255	75255	0	269550
RAIL	13	43	91	481
CORRELATION	639	541	1560	2370
SQUARE	35784	141
FOLD	590	445	445	75423	75423	0	278629
RAIL	25	32	99	490
CORRELATION	664	561	1560	2370
SQUARE	37184	141
FOLD	591	446	446	75594	75594	0	280443
RAIL	24	32	99	491
CORRELATION	667	565	1560	2370
SQUARE	37352	141
FOLD	592	447	447	75762	75762	0	281019
RAIL	24	33	99	492
CORRELATION	668	567	1560	2370
SQUARE	37408	141
FOLD	593	448	448	75933	75933	0	281552
RAIL	23	33	99	493
CORRELATION	671	567	1560	2370
SQUARE	37576	141
FOLD	594	449	449	76101	76101	0	281978
RAIL	23	34	99	494
CORRELATION	672	567	1560	2370
SQUARE	37632	141
FOLD	595	450	450	76272	76272	0	282403
RAIL	8	48	99	495
CORRELATION	673	567	1560	2370
SQUARE	37688	141
FOLD	600	451	451	76440	76440	0	284859
RAIL	9	48	101	498
CORRELATION	678	572	1560	2370
SQUARE	37968	141
FOLD	601	452	452	76611	76611	0	285353
RAIL	21	35	101	499
CORRELATION	679	574	1560	2370
SQUARE	38024	141
FOLD	602	453	453	76779	76779	0	285720
RAIL	21	36	101	500
CORRELATION	680	575	1560	2370
SQUARE	38080	141
FOLD	603	454	454	76950	76950	0	286053
RAIL	10	46	101	501
CORRELATION	681	575	1560	2370
SQUARE	38136	141
FOLD	610	455	455	77121	77121	0	289018
RAIL	19	38	104	505
CORRELATION	688	583	1560	2370
SQUARE	38528	141
FOLD	611	456	456	77292	77292	0	289473
RAIL	12	44	104	506
CORRELATION	689	583	1560	2370
SQUARE	38584	141
FOLD	612	457	457	77460	77460	0	289779
RAIL	12	45	104	507
CORRELATION	690	583	1560	2370
SQUARE	38640	141
FOLD	631	458	458	77628	77628	0	301134
RAIL	25	31	113	517
CORRELATION	717	610	1560	2370
SQUARE	40152	143
FOLD	632	459	459	77796	77796	0	301478
RAIL	25	32	113	518
CORRELATION	718	610	1560	2370
SQUARE	40208	143
FOLD	633	460	460	77967	77967	0	302805
RAIL	24	32	113	519
CORRELATION	721	614	1560	2370
SQUARE	40376	143
FOLD	634	461	461	78135	78135	0	303684
RAIL	24	33	113	520
CORRELATION	722	616	1560	2370
SQUARE	40432	143
FOLD	635	462	462	78306	78306	0	304622
RAIL	23	33	113	521
CORRELATION	725	618	1560	2370
SQUARE	40600	143
FOLD	636	463	463	78474	78474	0	304995
RAIL	23	34	113	522
CORRELATION	726	618	1560	2370
SQUARE	40656	143
FOLD	637	464	464	78645	78645	0	305297
RAIL	8	48	113	523
CORRELATION	727	618	1560	2370
SQUARE	40712	143
FOLD	646	465	465	78813	78813	0	309081
RAIL	10	47	117	528
CORRELATION	736	627	1560	2370
SQUARE	41216	143
FOLD	647	466	466	78984	78984	0	309655
RAIL	20	36	117	529
CORRELATION	737	629	1560	2370
SQUARE	41272	143
FOLD	648	467	467	79152	79152	0	310052
RAIL	20	37	117	530
CORRELATION	738	629	1560	2370
SQUARE	41328	143
FOLD	649	468	468	79323	79323	0	310474
RAIL	11	45	117	531
CORRELATION	739	629	1560	2370
SQUARE	41384	143
FOLD	674	469	469	79491	79491	0	323632
RAIL	25	32	129	544
CORRELATION	772	658	1560	2370
SQUARE	43232	143
FOLD	675	470	470	79662	79662	0	325589
RAIL	24	32	129	545
CORRELATION	775	663	1560	2370
SQUARE	43400	143
FOLD	676	471	471	79830	79830	0	326517
RAIL	24	33	129	546
CORRELATION	776	665	1560	2370
SQUARE	43456	143
FOLD	677	472	472	80001	80001	0	327465
RAIL	23	33	129	547
CORRELATION	779	668	1560	2370
SQUARE	43624	143
FOLD	678	473	473	80169	80169	0	327884
RAIL	23	34	129	548
CORRELATION	780	668	1560	2370
SQUARE	43680	143
FOLD	679	474	474	80340	80340	0	329212
RAIL	22	34	129	549
CORRELATION	783	671	1560	2370
SQUARE	43848	143
FOLD	680	475	475	80508	80508	0	329886
RAIL	22	35	129	550
CORRELATION	784	671	1560	2370
SQUARE	43904	143
FOLD	681	476	476	80679	80679	0	330512
RAIL	9	47	129	551
CORRELATION	785	672	1560	2370
SQUARE	43960	143
FOLD	716	477	477	80844	80844	0	343284
RAIL	24	33	146	569
CORRELATION	830	706	1560	2370
SQUARE	46480	143
FOLD	717	478	478	81015	81015	0	344232
RAIL	23	33	146	570
CORRELATION	833	706	1560	2370
SQUARE	46648	143
FOLD	718	479	479	81183	81183	0	345183
RAIL	23	34	146	571
CORRELATION	834	710	1560	2370
SQUARE	46704	143
FOLD	719	480	480	81354	81354	0	346413
RAIL	22	34	146	572
CORRELATION	837	712	1560	2370
SQUARE	46872	143
FOLD	720	481	481	81522	81522	0	347517
RAIL	22	35	146	573
CORRELATION	838	715	1560	2370
SQUARE	46928	143
FOLD	721	482	482	81693	81693	0	348201
RAIL	9	47	146	574
CORRELATION	839	715	1560	2370
SQUARE	46984	143
FOLD	722	483	483	81861	81861	0	348684
RAIL	9	48	146	575
CORRELATION	840	715	1560	2370
SQUARE	47040	143
FOLD	723	484	484	82032	82032	0	349232
RAIL	21	35	146	576
CORRELATION	841	715	1560	2370
SQUARE	47096	143
FOLD	756	485	485	82200	82200	0	368159
RAIL	24	33	162	593
CORRELATION	884	756	1560	2370
SQUARE	49504	143
FOLD	757	486	486	82371	82371	0	369546
RAIL	23	33	162	594
CORRELATION	887	761	1560	2370
SQUARE	49672	143
FOLD	758	487	487	82539	82539	0	369949
RAIL	23	34	162	595
CORRELATION	888	761	1560	2370
SQUARE	49728	143
FOLD	759	488	488	82710	82710	0	370584
RAIL	22	34	162	596
CORRELATION	891	761	1560	2370
SQUARE	49896	143
FOLD	768	489	489	82878	82878	0	375061
RAIL	20	37	166	601
CORRELATION	900	773	1560	2370
SQUARE	50400	143
FOLD	769	490	490	83049	83049	0	375421
RAIL	11	45	166	602
CORRELATION	901	773	1560	2370
SQUARE	50456	143
FOLD	792	491	491	83220	83220	0	389224
RAIL	26	31	177	614
CORRELATION	930	804	1560	2370
SQUARE	52080	143
FOLD	793	492	492	83391	83391	0	390607
RAIL	25	31	177	615
CORRELATION	933	806	1560	2370
SQUARE	52248	143
FOLD	794	493	493	83559	83559	0	392425
RAIL	25	32	177	616
CORRELATION	934	808	1560	2370
SQUARE	52304	143
FOLD	795	494	494	83730	83730	0	393935
RAIL	24	32	177	617
CORRELATION	937	810	1560	2370
SQUARE	52472	143
FOLD	796	495	495	83898	83898	0	394723
RAIL	24	33	177	618
CORRELATION	938	813	1560	2370
SQUARE	52528	143
FOLD	797	496	496	84069	84069	0	396185
RAIL	23	33	177	619
CORRELATION	941	816	1560	2370
SQUARE	52696	143
FOLD	806	497	497	84237	84237	0	399998
RAIL	10	47	181	624
CORRELATION	952	824	1560	2370
SQUARE	53312	143
FOLD	807	498	498	84408	84408	0	400654
RAIL	20	36	181	625
CORRELATION	953	826	1560	2370
SQUARE	53368	143
FOLD	832	499	499	84576	84576	0	413518
RAIL	26	31	193	638
CORRELATION	984	856	1560	2370
SQUARE	55104	143
FOLD	833	500	500	84747	84747	0	414181
RAIL	25	31	193	639
CORRELATION	987	857	1560	2370
SQUARE	55272	143
FOLD	834	501	501	84915	84915	0	414665
RAIL	25	32	193	640
CORRELATION	988	857	1560	2370
SQUARE	55328	143
FOLD	835	502	502	85086	85086	0	416311
RAIL	24	32	193	641
CORRELATION	991	862	1560	2370
SQUARE	55496	143
FOLD	863	498	502	84408	85086	0	429155
RAIL	16	40	210	653
CORRELATION	1024	891	1560	2370
SQUARE	57344	143
FOLD	968	485	502	82194	85086	0	493533
RAIL	20	37	268	700
CORRELATION	1170	1035	1560	2370
SQUARE	65536	143
FOLD	1024	479	502	81186	85086	0	520206
RAIL	16	41	299	724
CORRELATION	1240	1100	1560	2370
SQUARE	69440	143
FOLD	1605	454	502	76959	85086	0	837977
RAIL	14	42	602	1003
CORRELATION	2048	1876	1560	2370
SQUARE	114688	146
FOLD	1808	439	502	74394	85086	0	963456
RAIL	25	32	711	1097
CORRELATION	2340	2155	1560	2370
SQUARE	131072	146
FOLD	2048	437	502	74046	85086	0	1125868
RAIL	20	37	832	1215
CORRELATION	2682	2435	1560	2370
SQUARE	150192	146
FOLD	3013	428	502	72531	85086	0	1668660
RAIL	13	43	1319	1694
CORRELATION	4096	3753	1560	2370
SQUARE	229376	148
FOLD	3401	422	502	71505	85086	0	1914923
RAIL	11	45	1517	1884
CORRELATION	4681	4316	1560	2370
SQUARE	262144	148
FOLD	4096	399	502	67602	85086	0	2326264
RAIL	17	40	1875	2220
CORRELATION	5718	5290	1560	2370
SQUARE	320208	151
FOLD	5674	405	502	68619	85086	0	3576531
RAIL	20	37	2661	3013
CORRELATION	8192	7600	1560	2370
SQUARE	458752	151
FOLD	6414	397	502	67281	85086	0	4302774
RAIL	24	33	3035	3379
CORRELATION	9362	8662	1560	2370
SQUARE	524288	151
FOLD	8192	385	502	65274	85086	0	7347421
RAIL	17	40	3930	4261
CORRELATION	12198	11217	1560	2370
SQUARE	683088	153
FOLD	10700	383	502	64878	85086	0	9885057
RAIL	24	33	5185	5515
CORRELATION	16384	15114	1560	2370
SQUARE	917504	153
FOLD	12086	369	502	62541	85086	0	11605882
RAIL	19	38	5885	6201
CORRELATION	18724	17336	1560	2370
SQUARE	1048576	153
FOLD	16384	345	502	58497	85086	0	17256847
RAIL	21	36	8046	8337
CORRELATION	26060	24280	1560	2370
SQUARE	1459360	156
FOLD	17099	344	502	58341	85086	0	18353085
RAIL	20	37	8405	8694
CORRELATION	27307	25452	1560	2370
SQUARE	1529204	156
FRAME	28	27	1	4	18374265
RESULT	closed	191688613	266289701	18374288	1347	1	1	214	571
