INPUT	1000036000099	40	20	204
FRAME	1	0	1	1	2
FOLD	1	1	1	120	120	0	14
FOLD	2	1	1	123	123	0	23
FOLD	4	3	3	363	363	0	66
FOLD	5	5	5	606	606	0	78
FOLD	8	7	7	849	849	0	148
FOLD	9	9	9	1092	1092	0	165
FOLD	11	11	11	1338	1338	0	236
FOLD	12	13	13	1581	1581	0	254
FOLD	13	15	15	1824	1824	0	278
FOLD	15	17	17	2070	2070	0	341
FOLD	16	19	19	2313	2313	0	358
FOLD	17	21	21	2556	2556	0	387
FOLD	18	23	23	2799	2799	0	406
FOLD	19	25	25	3042	3042	0	417
FOLD	20	27	27	3285	3285	0	434
FOLD	21	29	29	3528	3528	0	449
FOLD	22	31	31	3771	3771	0	471
FOLD	23	33	33	4014	4014	0	497
FOLD	24	35	35	4257	4257	0	515
FOLD	25	37	37	4500	4500	0	524
FOLD	26	39	39	4743	4743	0	542
FOLD	27	41	41	4986	4986	0	551
FOLD	28	43	43	5229	5229	0	594
FOLD	29	45	45	5472	5472	0	649
FOLD	30	47	47	5715	5715	0	667
FOLD	31	49	49	5958	5958	0	677
FOLD	32	51	51	6201	6201	0	700
FOLD	33	53	53	6444	6444	0	722
FOLD	34	55	55	6687	6687	0	740
FOLD	35	57	57	6930	6930	0	766
FOLD	36	59	59	7173	7173	0	783
FOLD	37	61	61	7416	7416	0	793
FOLD	38	63	63	7659	7659	0	814
FOLD	39	64	64	7782	7782	0	824
FOLD	40	65	65	7902	7902	0	847
FOLD	41	66	66	8025	8025	0	864
FOLD	42	67	67	8145	8145	0	880
FOLD	43	68	68	8268	8268	0	907
FOLD	46	69	69	8388	8388	0	956
FOLD	49	70	70	8508	8508	0	1031
FOLD	52	71	71	8631	8631	0	1087
FOLD	53	72	72	8754	8754	0	1119
FOLD	56	73	73	8877	8877	0	1176
FOLD	57	74	74	9000	9000	0	1217
FOLD	58	75	75	9120	9120	0	1236
FOLD	59	76	76	9243	9243	0	1252
FOLD	60	77	77	9363	9363	0	1269
FOLD	61	78	78	9486	9486	0	1285
FOLD	62	79	79	9606	9606	0	1355
FOLD	63	80	80	9729	9729	0	1389
FOLD	64	81	81	9849	9849	0	1409
FOLD	65	82	82	9972	9972	0	1428
FOLD	66	83	83	10092	10092	0	1447
FOLD	67	84	84	10215	10215	0	1464
FOLD	68	85	85	10335	10335	0	1483
FOLD	69	86	86	10458	10458	0	1504
FOLD	70	87	87	10578	10578	0	1528
FOLD	71	88	88	10701	10701	0	1546
FOLD	72	89	89	10821	10821	0	1564
FOLD	73	90	90	10944	10944	0	1582
FOLD	74	91	91	11064	11064	0	1600
FOLD	75	92	92	11187	11187	0	1617
FOLD	78	93	93	11307	11307	0	1676
FOLD	81	94	94	11427	11427	0	1755
FOLD	88	95	95	11550	11550	0	1876
FOLD	89	96	96	11673	11673	0	1894
FOLD	92	97	97	11796	11796	0	1943
FOLD	93	98	98	11919	11919	0	1961
FOLD	94	99	99	12039	12039	0	1979
FOLD	95	100	100	12162	12162	0	1997
FOLD	96	101	101	12282	12282	0	2015
FOLD	97	102	102	12405	12405	0	2057
FOLD	98	103	103	12525	12525	0	2097
FOLD	99	104	104	12648	12648	0	2150
FOLD	100	105	105	12768	12768	0	2179
FOLD	101	106	106	12891	12891	0	2222
FOLD	102	107	107	13011	13011	0	2241
FOLD	103	108	108	13134	13134	0	2260
FOLD	104	109	109	13254	13254	0	2284
FOLD	105	110	110	13377	13377	0	2304
FOLD	106	111	111	13497	13497	0	2329
FOLD	107	112	112	13620	13620	0	2351
FOLD	108	113	113	13740	13740	0	2370
FOLD	109	114	114	13863	13863	0	2395
FOLD	110	115	115	13983	13983	0	2428
FOLD	111	116	116	14106	14106	0	2452
FOLD	114	117	117	14226	14226	0	2516
FOLD	117	118	118	14346	14346	0	2579
FOLD	124	119	119	14469	14469	0	2772
FOLD	125	120	120	14592	14592	0	2793
FOLD	128	121	121	14715	14715	0	2873
FOLD	129	122	122	14838	14838	0	2894
FOLD	130	123	123	14958	14958	0	2920
FOLD	131	124	124	15081	15081	0	2950
FOLD	132	125	125	15201	15201	0	2973
FOLD	133	126	126	15324	15324	0	2995
FOLD	134	127	127	15444	15444	0	3017
FOLD	135	128	128	15567	15567	0	3039
FOLD	136	129	129	15687	15687	0	3060
FOLD	137	130	130	15810	15810	0	3084
FOLD	138	131	131	15930	15930	0	3105
FOLD	139	132	132	16053	16053	0	3127
FOLD	140	133	133	16176	16176	0	3144
FOLD	141	134	134	16296	16296	0	3171
FOLD	142	135	135	16419	16419	0	3193
FOLD	145	136	136	16539	16539	0	3251
FOLD	146	137	137	16659	16659	0	3268
FOLD	147	138	138	16782	16782	0	3287
FOLD	148	139	139	16902	16902	0	3336
FOLD	149	140	140	17025	17025	0	3369
FOLD	156	141	141	17148	17148	0	3556
FOLD	157	142	142	17271	17271	0	3578
FOLD	160	143	143	17394	17394	0	3659
FOLD	161	144	144	17517	17517	0	3683
FOLD	162	145	145	17637	17637	0	3732
FOLD	163	146	146	17760	17760	0	3775
FOLD	164	147	147	17880	17880	0	3800
FOLD	165	148	148	18003	18003	0	3824
FOLD	166	149	149	18123	18123	0	3847
FOLD	167	150	150	18246	18246	0	3870
FOLD	170	151	151	18366	18366	0	3952
FOLD	171	152	152	18489	18489	0	3969
FOLD	172	153	153	18609	18609	0	3993
FOLD	173	154	154	18732	18732	0	4017
FOLD	180	155	155	18855	18855	0	4183
FOLD	181	156	156	18978	18978	0	4208
FOLD	182	157	157	19098	19098	0	4225
FOLD	189	158	158	19224	19224	0	4460
FOLD	190	159	159	19344	19344	0	4485
FOLD	191	160	160	19467	19467	0	4510
FOLD	192	161	161	19587	19587	0	4536
FOLD	193	162	162	19710	19710	0	4560
FOLD	194	163	163	19830	19830	0	4585
FOLD	195	164	164	19953	19953	0	4610
FOLD	198	165	165	20073	20073	0	4674
FOLD	201	166	166	20193	20193	0	4730
FOLD	206	167	167	20313	20313	0	4822
FOLD	217	168	168	20439	20439	0	5169
FOLD	218	169	169	20559	20559	0	5198
FOLD	219	170	170	20682	20682	0	5244
FOLD	220	171	171	20802	20802	0	5292
FOLD	221	172	172	20925	20925	0	5323
FOLD	222	173	173	21045	21045	0	5411
FOLD	223	174	174	21168	21168	0	5448
FOLD	224	175	175	21288	21288	0	5478
FOLD	225	176	176	21411	21411	0	5513
FOLD	228	177	177	21531	21531	0	5597
FOLD	229	178	178	21654	21654	0	5615
FOLD	246	179	179	21780	21780	0	6156
FOLD	247	180	180	21903	21903	0	6187
FOLD	248	181	181	22023	22023	0	6217
FOLD	249	182	182	22146	22146	0	6247
FOLD	250	183	183	22266	22266	0	6276
FOLD	251	184	184	22389	22389	0	6305
FOLD	252	185	185	22512	22512	0	6323
FOLD	255	186	186	22638	22638	0	6418
FOLD	256	185	186	22518	22638	0	6462
FOLD	258	187	187	22761	22761	0	6515
FOLD	259	188	188	22884	22884	0	6534
FOLD	260	189	189	23004	23004	0	6558
FOLD	271	190	190	23124	23124	0	6902
FOLD	272	191	191	23244	23244	0	6936
FOLD	273	192	192	23367	23367	0	6970
FOLD	274	193	193	23487	23487	0	7003
FOLD	275	194	194	23610	23610	0	7037
FOLD	278	195	195	23736	23736	0	7140
FOLD	289	196	196	23862	23862	0	7539
FOLD	296	197	197	23979	23979	0	7792
FOLD	297	198	198	24102	24102	0	7831
FOLD	298	199	199	24222	24222	0	7867
FOLD	299	200	200	24345	24345	0	7905
FOLD	328	201	201	24474	24474	0	8952
FOLD	512	183	201	22293	24477	0	15315
FOLD	1024	169	201	20583	24477	0	31728
FOLD	2048	145	201	17682	24477	0	65480
FOLD	4096	115	201	14016	24477	0	133064
FOLD	8192	99	201	12087	24477	0	271256
FOLD	16384	89	201	10845	24477	0	544385
FOLD	32768	69	201	8418	24477	0	1076445
FOLD	65536	43	201	5265	24477	0	2104647
FOLD	70801	46	201	5640	24477	0	2263451
FRAME	20	19	1	2	2263776
RESULT	closed	1000003	1000033	2263781	513	1	1	196	503
