INPUT	1022117	20	11	104
FRAME	1	0	1	1	3
FOLD	1	1	1	60	60	0	8
FOLD	2	1	1	63	63	0	35
FOLD	4	3	3	183	183	0	115
FOLD	5	5	5	306	306	0	126
FOLD	7	7	7	432	432	0	137
FOLD	8	9	9	555	555	0	159
FOLD	9	11	11	678	678	0	183
FOLD	11	13	13	804	804	0	196
FOLD	12	15	15	927	927	0	215
FOLD	13	17	17	1050	1050	0	230
FOLD	15	19	19	1176	1176	0	242
FOLD	16	19	19	1179	1179	0	262
FOLD	17	21	21	1302	1302	0	270
FOLD	19	22	22	1368	1368	0	291
FOLD	20	23	23	1428	1428	0	322
FOLD	21	24	24	1491	1491	0	338
FOLD	30	25	25	1560	1560	0	449
FOLD	32	25	25	1563	1563	0	494
FOLD	61	20	25	1257	1563	0	1080
FRAME	10	9	1	3	1181
RESULT	closed	1009	1013	1184	913	1	1	130	331
