n=0 lcm_1_to_n=1
n=1 lcm_1_to_n=1
n=10 lcm_1_to_n=2520
n=20 lcm_1_to_n=232792560
n=40 lcm_1_to_n=5342931457063200
entry(...) halted: no instruction at 0x0 after 66404 steps
  previous 12:
  40af6f: ⊤ cmp r:r11 i:0x98967f
  40af76: ⋈ mov r:r11 r:rdx
  40af79: ∈ a i:0x40af20
  40af7b: ⊤ cmp r:rdx i:0x9
  40af7f: ∈ be i:0x40afae
  40af81: ⋈ mov r:eax r:edx
  40af83: ⊞ shr r:eax i:0x2
  40af86: ⋈ movzx r:eax r:ax
  40af89: ⊞ imul r:eax r:eax i:0x147b
  40af8f: ⊞ shr r:eax i:0x11
  40af92: ⊞ imul r:edi r:eax i:0x64
  40af95: ⊞ sub r:edx r:edi
  40af97: ⋈ movzx r:edx r:dx
  40af9a: ⋈ movzx r:edx m:rdx:rdx:1:0x454bf0:2
  40afa2: ⋈ mov m:rbp:rcx:1:-0x51:2 r:dx
  40afa7: ⊞ add r:rcx i:-0x2
  40afab: ⋈ mov r:rdx r:rax
  40afae: ⊤ test r:rdx r:rdx
  40afb1: ∈ e i:0x40afc2
  40afb3: ⋈ movzx r:eax m:rdx:rdx:1:0x454bf1:1
  40afbb: ⋈ mov m:rbp:rcx:1:-0x50:1 r:al
  40afbf: ⊞ dec r:rcx
  40afc2: ⋈ mov r:r9d i:0x27
  40afc8: ⊞ sub r:r9 r:rcx
  40afcb: ⊞ lea r:r8 m:rcx:rbp:1:0x0:8
  40afcf: ⊞ add r:r8 i:-0x4f
  40afd3: ⋈ mov r:edx i:0x1
  40afd8: ⋈ mov r:rdi r:rsi
  40afdb: ⋈ mov r:esi i:0x1
  40afe0: ⊞ xor r:ecx r:ecx
  40afe2: ≻ call i:0x409020
  409020: ⋈ push r:rbp
  409021: ⋈ mov r:rbp r:rsp
  409024: ⋈ push r:r15
  409026: ⋈ push r:r14
  409028: ⋈ push r:r13
  40902a: ⋈ push r:r12
  40902c: ⋈ push r:rbx
  40902d: ⊞ sub r:rsp i:0x48
  409031: ⋈ mov r:r13 r:r9
  409034: ⋈ mov r:r12 r:r8
  409037: ⊤ test r:esi r:esi
  409039: ∈ e i:0x4090e0
  40903f: ⋈ mov r:r15d m:rdi::1:0x10:4
  409043: ⋈ mov r:r8d r:r15d
  409046: ⊞ and r:r8d i:0x200000
  40904d: ⋈ mov r:eax i:0x110000
  409052: ⋈ mov r:esi i:0x2b
  409057: ⊥ e cmov r:esi r:eax
  40905a: ⋈ mov m:rbp::1:-0x2c:4 r:esi
  40905d: ⊞ shr r:r8d i:0x15
  409061: ⊞ add r:r8 r:r13
  409064: ⊤ test r:r15d i:0x800000
  40906b: ∈ e i:0x4090fc
  4090fc: ⊞ xor r:edx r:edx
  4090fe: ⋈ movzx r:r14d m:rdi::1:0x14:2
  409103: ⊤ cmp r:r8 r:r14
  409106: ∈ ae i:0x40909e
  40909e: ⋈ mov r:r8 r:rcx
  4090a1: ⋈ mov r:rcx r:rdx
  4090a4: ⋈ mov r:rbx m:rdi::1:0x0:8
  4090a7: ⋈ mov r:r15 m:rdi::1:0x8:8
  4090ab: ⋈ mov r:rdi r:rbx
  4090ae: ⋈ mov r:rsi r:r15
  4090b1: ⋈ mov r:edx m:rbp::1:-0x2c:4
  4090b4: ≻ call i:0x409550
  409550: ⋈ push r:rbp
  409551: ⋈ mov r:rbp r:rsp
  409554: ⋈ push r:r15
  409556: ⋈ push r:r14
  409558: ⋈ push r:r12
  40955a: ⋈ push r:rbx
  40955b: ⋈ mov r:rbx r:r8
  40955e: ⋈ mov r:r14 r:rcx
  409561: ⋈ mov r:r15 r:rsi
  409564: ⊤ cmp r:edx i:0x110000
  40956a: ∈ e i:0x409580
  40956c: ⋈ mov r:r12 r:rdi
  40956f: ⋈ mov r:esi r:edx
  409571: ⊙ call m:r15::1:0x20:4   [66404 steps]
