INPUT	11647198307356338841	64	27	324
FRAME	1	0	1	1	14
FOLD	0	0	0	0	0	0	45
RAIL	0	0	0	0
CORRELATION	0	0	0	0
SQUARE	1	69
FOLD	0	0	0	0	0	0	75
RAIL	0	0	0	0
CORRELATION	0	0	0	0
SQUARE	2	70
FOLD	0	0	0	0	0	0	83
RAIL	0	0	0	0
CORRELATION	0	0	0	0
SQUARE	4	70
FOLD	0	0	0	0	0	0	97
RAIL	0	0	0	0
CORRELATION	0	0	0	0
SQUARE	8	125
FOLD	0	0	0	0	0	0	115
RAIL	0	0	0	0
CORRELATION	0	0	0	0
SQUARE	16	127
FOLD	0	0	0	0	0	0	138
RAIL	0	0	0	0
CORRELATION	0	0	0	0
SQUARE	32	130
FOLD	0	0	0	0	0	0	183
RAIL	0	0	0	0
CORRELATION	0	0	0	0
SQUARE	64	132
FOLD	1	1	1	192	192	0	191
RAIL	2	62	0	0
CORRELATION	0	0	0	0
SQUARE	64	132
FOLD	1	1	1	192	192	0	275
RAIL	2	62	1	0
CORRELATION	0	0	0	0
SQUARE	128	135
FOLD	2	1	1	195	195	0	280
RAIL	2	63	1	0
CORRELATION	0	0	0	0
SQUARE	128	135
FOLD	3	1	1	192	195	0	1460
RAIL	32	32	2	1
CORRELATION	1	0	2040	3094
SQUARE	192	137
FOLD	4	2	2	384	384	0	1467
RAIL	32	32	2	1
CORRELATION	1	0	2040	3094
SQUARE	192	137
FOLD	4	2	2	384	384	0	1912
RAIL	32	32	2	2
CORRELATION	1	0	2040	3094
SQUARE	256	137
FOLD	5	4	4	771	771	0	1922
RAIL	32	33	2	2
CORRELATION	1	0	2040	3094
SQUARE	256	137
FOLD	5	4	4	771	771	0	2285
RAIL	32	33	2	3
CORRELATION	2	0	2040	3094
SQUARE	256	137
FOLD	6	5	5	966	966	0	2293
RAIL	32	33	2	3
CORRELATION	2	0	2040	3094
SQUARE	256	137
FOLD	7	7	7	1353	1353	0	2742
RAIL	3	61	2	4
CORRELATION	2	0	2040	3094
SQUARE	320	137
FOLD	8	7	7	1356	1356	0	3610
RAIL	3	62	3	4
CORRELATION	3	0	2040	3094
SQUARE	384	140
FOLD	8	7	7	1356	1356	0	3678
RAIL	3	62	4	4
CORRELATION	4	0	2040	3094
SQUARE	384	140
FOLD	10	8	8	1545	1545	0	4424
RAIL	31	33	4	5
CORRELATION	5	1	2040	3094
SQUARE	448	140
FOLD	10	8	8	1545	1545	0	4869
RAIL	31	33	4	6
CORRELATION	5	1	2040	3094
SQUARE	512	140
FOLD	11	10	10	1932	1932	0	4877
RAIL	31	34	4	6
CORRELATION	5	1	2040	3094
SQUARE	512	140
FOLD	12	11	11	2127	2127	0	5212
RAIL	31	34	4	7
CORRELATION	6	1	2040	3094
SQUARE	512	140
FOLD	13	13	13	2514	2514	0	5612
RAIL	4	60	4	8
CORRELATION	6	1	2040	3094
SQUARE	576	140
FOLD	14	14	14	2706	2706	0	6010
RAIL	4	60	4	9
CORRELATION	7	1	2040	3094
SQUARE	576	140
FOLD	15	14	14	2709	2709	0	6212
RAIL	4	61	6	9
CORRELATION	8	1	2040	3094
SQUARE	640	140
FOLD	16	14	14	2706	2709	0	6295
RAIL	30	34	6	9
CORRELATION	8	1	2040	3094
SQUARE	704	142
FOLD	17	15	15	2898	2898	0	6597
RAIL	30	34	6	10
CORRELATION	9	1	2040	3094
SQUARE	704	142
FOLD	18	17	17	3285	3285	0	6933
RAIL	30	35	6	11
CORRELATION	9	1	2040	3094
SQUARE	768	142
FOLD	19	18	18	3480	3480	0	7309
RAIL	30	35	6	12
CORRELATION	10	2	2040	3094
SQUARE	768	142
FOLD	20	20	20	3867	3867	0	7666
RAIL	5	59	6	13
CORRELATION	10	2	2040	3094
SQUARE	832	142
FOLD	21	21	21	4059	4059	0	8023
RAIL	5	59	6	14
CORRELATION	11	2	2040	3094
SQUARE	832	142
FOLD	24	22	22	4251	4251	0	8658
RAIL	29	35	8	15
CORRELATION	13	2	2040	3094
SQUARE	960	142
FOLD	24	22	22	4251	4251	0	9062
RAIL	29	35	8	16
CORRELATION	13	2	2040	3094
SQUARE	1024	142
FOLD	25	24	24	4638	4638	0	9069
RAIL	29	36	8	16
CORRELATION	13	2	2040	3094
SQUARE	1024	142
FOLD	26	25	25	4833	4833	0	9482
RAIL	29	36	8	17
CORRELATION	14	3	2040	3094
SQUARE	1024	142
FOLD	27	27	27	5220	5220	0	10008
RAIL	6	58	8	18
CORRELATION	14	3	2040	3094
SQUARE	1088	142
FOLD	28	28	28	5412	5412	0	10290
RAIL	6	58	8	19
CORRELATION	15	3	2040	3094
SQUARE	1088	142
FOLD	29	30	30	5799	5799	0	10721
RAIL	6	59	8	20
CORRELATION	15	3	2040	3094
SQUARE	1152	142
FOLD	29	30	30	5799	5799	0	11051
RAIL	6	59	8	21
CORRELATION	16	3	2040	3094
SQUARE	1152	142
FOLD	30	31	31	5994	5994	0	11058
RAIL	6	59	8	21
CORRELATION	16	3	2040	3094
SQUARE	1152	142
FOLD	32	32	32	6183	6183	0	11458
RAIL	28	36	9	22
CORRELATION	17	3	2040	3094
SQUARE	1216	142
FOLD	33	34	34	6570	6570	0	11973
RAIL	28	37	9	23
CORRELATION	17	3	2040	3094
SQUARE	1280	142
FOLD	34	35	35	6765	6765	0	12296
RAIL	28	37	9	24
CORRELATION	18	3	2040	3094
SQUARE	1280	142
FOLD	35	37	37	7152	7152	0	12684
RAIL	7	57	9	25
CORRELATION	18	3	2040	3094
SQUARE	1344	145
FOLD	36	38	38	7344	7344	0	12936
RAIL	7	57	9	26
CORRELATION	19	3	2040	3094
SQUARE	1344	145
FOLD	37	40	40	7731	7731	0	13304
RAIL	7	58	9	27
CORRELATION	19	3	2040	3094
SQUARE	1408	145
FOLD	38	41	41	7926	7926	0	13646
RAIL	7	58	9	28
CORRELATION	20	3	2040	3094
SQUARE	1408	145
FOLD	39	43	43	8313	8313	0	14125
RAIL	27	37	9	29
CORRELATION	20	3	2040	3094
SQUARE	1472	145
FOLD	40	44	44	8505	8505	0	14441
RAIL	27	37	9	30
CORRELATION	21	3	2040	3094
SQUARE	1472	145
FOLD	41	46	46	8892	8892	0	14832
RAIL	27	38	9	31
CORRELATION	21	3	2040	3094
SQUARE	1536	145
FOLD	42	47	47	9087	9087	0	15121
RAIL	27	38	9	32
CORRELATION	22	3	2040	3094
SQUARE	1536	145
FOLD	43	49	49	9474	9474	0	15470
RAIL	8	56	9	33
CORRELATION	22	3	2040	3094
SQUARE	1600	145
FOLD	44	50	50	9666	9666	0	15735
RAIL	8	56	9	34
CORRELATION	23	3	2040	3094
SQUARE	1600	145
FOLD	45	52	52	10053	10053	0	16061
RAIL	8	57	9	35
CORRELATION	23	3	2040	3094
SQUARE	1664	145
FOLD	46	53	53	10248	10248	0	16510
RAIL	8	57	9	36
CORRELATION	24	6	2040	3094
SQUARE	1664	145
FOLD	47	55	55	10635	10635	0	16846
RAIL	26	38	9	37
CORRELATION	24	6	2040	3094
SQUARE	1728	145
FOLD	48	56	56	10827	10827	0	17103
RAIL	26	38	9	38
CORRELATION	25	6	2040	3094
SQUARE	1728	145
FOLD	49	58	58	11214	11214	0	17487
RAIL	26	39	9	39
CORRELATION	25	6	2040	3094
SQUARE	1792	145
FOLD	50	59	59	11409	11409	0	17838
RAIL	26	39	9	40
CORRELATION	26	6	2040	3094
SQUARE	1792	145
FOLD	51	61	61	11796	11796	0	18225
RAIL	9	55	9	41
CORRELATION	26	6	2040	3094
SQUARE	1856	145
FOLD	52	62	62	11988	11988	0	18548
RAIL	9	55	9	42
CORRELATION	27	6	2040	3094
SQUARE	1856	145
FOLD	53	64	64	12375	12375	0	18910
RAIL	9	56	9	43
CORRELATION	27	6	2040	3094
SQUARE	1920	145
FOLD	54	65	65	12570	12570	0	19185
RAIL	9	56	9	44
CORRELATION	28	6	2040	3094
SQUARE	1920	145
FOLD	55	67	67	12957	12957	0	19533
RAIL	25	39	9	45
CORRELATION	28	6	2040	3094
SQUARE	1984	145
FOLD	56	68	68	13149	13149	0	19904
RAIL	25	39	9	46
CORRELATION	29	8	2040	3094
SQUARE	1984	145
FOLD	56	68	68	13149	13149	0	20256
RAIL	25	39	9	47
CORRELATION	29	8	2040	3094
SQUARE	2048	145
FOLD	57	70	70	13536	13536	0	20263
RAIL	25	40	9	47
CORRELATION	29	8	2040	3094
SQUARE	2048	145
FOLD	58	71	71	13731	13731	0	20732
RAIL	25	40	9	48
CORRELATION	30	10	2040	3094
SQUARE	2048	145
FOLD	59	73	73	14118	14118	0	21072
RAIL	10	54	9	49
CORRELATION	30	10	2040	3094
SQUARE	2112	145
FOLD	60	74	74	14310	14310	0	21315
RAIL	10	54	9	50
CORRELATION	31	10	2040	3094
SQUARE	2112	145
FOLD	61	76	76	14697	14697	0	21658
RAIL	10	55	9	51
CORRELATION	31	10	2040	3094
SQUARE	2176	145
FOLD	61	76	76	14697	14697	0	22158
RAIL	10	55	9	52
CORRELATION	32	12	2040	3094
SQUARE	2176	145
FOLD	62	77	77	14892	14892	0	22171
RAIL	10	55	9	52
CORRELATION	32	12	2040	3094
SQUARE	2176	145
FOLD	63	79	79	15279	15279	0	22709
RAIL	24	40	9	53
CORRELATION	32	12	2040	3094
SQUARE	2240	145
FOLD	64	80	80	15471	15471	0	23528
RAIL	24	40	9	54
CORRELATION	33	12	2040	3094
SQUARE	2240	145
FOLD	65	82	82	15858	15858	0	23911
RAIL	24	41	9	55
CORRELATION	33	12	2040	3094
SQUARE	2304	145
FOLD	66	83	83	16053	16053	0	24201
RAIL	24	41	9	56
CORRELATION	34	12	2040	3094
SQUARE	2304	145
FOLD	67	85	85	16440	16440	0	24571
RAIL	11	53	9	57
CORRELATION	34	12	2040	3094
SQUARE	2368	145
FOLD	68	86	86	16632	16632	0	24903
RAIL	11	53	9	58
CORRELATION	35	12	2040	3094
SQUARE	2368	145
FOLD	69	88	88	17019	17019	0	25237
RAIL	11	54	9	59
CORRELATION	35	12	2040	3094
SQUARE	2432	145
FOLD	70	89	89	17214	17214	0	25491
RAIL	11	54	9	60
CORRELATION	36	12	2040	3094
SQUARE	2432	145
FOLD	71	91	91	17601	17601	0	25861
RAIL	23	41	9	61
CORRELATION	36	12	2040	3094
SQUARE	2496	145
FOLD	72	92	92	17793	17793	0	26251
RAIL	23	41	9	62
CORRELATION	37	14	2040	3094
SQUARE	2496	145
FOLD	73	94	94	18180	18180	0	26563
RAIL	23	42	9	63
CORRELATION	37	14	2040	3094
SQUARE	2560	145
FOLD	74	95	95	18375	18375	0	26964
RAIL	23	42	9	64
CORRELATION	38	16	2040	3094
SQUARE	2560	145
FOLD	75	97	97	18762	18762	0	27283
RAIL	12	52	9	65
CORRELATION	38	16	2040	3094
SQUARE	2624	147
FOLD	76	98	98	18954	18954	0	27550
RAIL	12	52	9	66
CORRELATION	39	16	2040	3094
SQUARE	2624	147
FOLD	77	100	100	19341	19341	0	28048
RAIL	12	53	9	67
CORRELATION	39	16	2040	3094
SQUARE	2688	147
FOLD	78	101	101	19536	19536	0	28455
RAIL	12	53	9	68
CORRELATION	40	18	2040	3094
SQUARE	2688	147
FOLD	79	103	103	19923	19923	0	28773
RAIL	22	42	9	69
CORRELATION	40	18	2040	3094
SQUARE	2752	147
FOLD	80	104	104	20115	20115	0	29015
RAIL	22	42	9	70
CORRELATION	41	18	2040	3094
SQUARE	2752	147
FOLD	81	106	106	20502	20502	0	29330
RAIL	22	43	9	71
CORRELATION	41	18	2040	3094
SQUARE	2816	147
FOLD	82	107	107	20697	20697	0	29622
RAIL	22	43	9	72
CORRELATION	42	18	2040	3094
SQUARE	2816	147
FOLD	83	109	109	21084	21084	0	29997
RAIL	13	51	9	73
CORRELATION	42	18	2040	3094
SQUARE	2880	147
FOLD	84	110	110	21276	21276	0	30371
RAIL	13	51	9	74
CORRELATION	43	20	2040	3094
SQUARE	2880	147
FOLD	85	112	112	21663	21663	0	30695
RAIL	13	52	9	75
CORRELATION	43	20	2040	3094
SQUARE	2944	147
FOLD	86	113	113	21858	21858	0	30947
RAIL	13	52	9	76
CORRELATION	44	20	2040	3094
SQUARE	2944	147
FOLD	87	115	115	22245	22245	0	31264
RAIL	21	43	9	77
CORRELATION	44	20	2040	3094
SQUARE	3008	147
FOLD	88	116	116	22437	22437	0	31538
RAIL	21	43	9	78
CORRELATION	45	20	2040	3094
SQUARE	3008	147
FOLD	89	118	118	22824	22824	0	31846
RAIL	21	44	9	79
CORRELATION	45	20	2040	3094
SQUARE	3072	147
FOLD	90	119	119	23019	23019	0	32171
RAIL	21	44	9	80
CORRELATION	46	21	2040	3094
SQUARE	3072	147
FOLD	91	121	121	23406	23406	0	32706
RAIL	14	50	9	81
CORRELATION	46	21	2040	3094
SQUARE	3136	147
FOLD	92	122	122	23598	23598	0	33742
RAIL	14	50	9	82
CORRELATION	47	22	2040	3094
SQUARE	3136	147
FOLD	93	124	124	23985	23985	0	34250
RAIL	14	51	9	83
CORRELATION	47	22	2040	3094
SQUARE	3200	147
FOLD	94	125	125	24180	24180	0	34515
RAIL	14	51	9	84
CORRELATION	48	22	2040	3094
SQUARE	3200	147
FOLD	95	127	127	24567	24567	0	34824
RAIL	20	44	9	85
CORRELATION	48	22	2040	3094
SQUARE	3264	147
FOLD	96	128	128	24759	24759	0	35085
RAIL	20	44	9	86
CORRELATION	49	22	2040	3094
SQUARE	3264	147
FOLD	97	130	130	25146	25146	0	35437
RAIL	20	45	9	87
CORRELATION	49	22	2040	3094
SQUARE	3328	147
FOLD	98	131	131	25341	25341	0	35722
RAIL	20	45	9	88
CORRELATION	50	22	2040	3094
SQUARE	3328	147
FOLD	99	133	133	25728	25728	0	36051
RAIL	15	49	9	89
CORRELATION	50	22	2040	3094
SQUARE	3392	147
FOLD	100	134	134	25920	25920	0	36342
RAIL	15	49	9	90
CORRELATION	51	22	2040	3094
SQUARE	3392	147
FOLD	101	136	136	26307	26307	0	36644
RAIL	15	50	9	91
CORRELATION	51	22	2040	3094
SQUARE	3456	147
FOLD	102	137	137	26502	26502	0	36943
RAIL	15	50	9	92
CORRELATION	52	22	2040	3094
SQUARE	3456	147
FOLD	103	139	139	26889	26889	0	37271
RAIL	19	45	9	93
CORRELATION	52	22	2040	3094
SQUARE	3520	147
FOLD	104	140	140	27081	27081	0	37801
RAIL	19	45	9	94
CORRELATION	53	24	2040	3094
SQUARE	3520	147
FOLD	105	142	142	27468	27468	0	38131
RAIL	19	46	9	95
CORRELATION	53	24	2040	3094
SQUARE	3584	147
FOLD	106	143	143	27663	27663	0	38814
RAIL	19	46	9	96
CORRELATION	54	26	2040	3094
SQUARE	3584	147
FOLD	107	145	145	28050	28050	0	39139
RAIL	16	48	9	97
CORRELATION	54	26	2040	3094
SQUARE	3648	147
FOLD	108	146	146	28242	28242	0	39420
RAIL	16	48	9	98
CORRELATION	55	27	2040	3094
SQUARE	3648	147
FOLD	109	148	148	28629	28629	0	39729
RAIL	16	49	9	99
CORRELATION	55	27	2040	3094
SQUARE	3712	147
FOLD	110	149	149	28824	28824	0	40285
RAIL	16	49	9	100
CORRELATION	56	28	2040	3094
SQUARE	3712	147
FOLD	111	151	151	29211	29211	0	40604
RAIL	18	46	9	101
CORRELATION	56	28	2040	3094
SQUARE	3776	147
FOLD	112	152	152	29403	29403	0	41084
RAIL	18	46	9	102
CORRELATION	57	30	2040	3094
SQUARE	3776	147
FOLD	113	154	154	29790	29790	0	41421
RAIL	18	47	9	103
CORRELATION	57	30	2040	3094
SQUARE	3840	147
FOLD	114	155	155	29985	29985	0	41888
RAIL	18	47	9	104
CORRELATION	58	31	2040	3094
SQUARE	3840	147
FOLD	115	157	157	30372	30372	0	42225
RAIL	17	47	9	105
CORRELATION	58	31	2040	3094
SQUARE	3904	147
FOLD	116	158	158	30564	30564	0	42459
RAIL	17	47	9	106
CORRELATION	59	31	2040	3094
SQUARE	3904	147
FOLD	117	160	160	30951	30951	0	42754
RAIL	17	48	9	107
CORRELATION	59	31	2040	3094
SQUARE	3968	147
FOLD	118	161	161	31146	31146	0	43039
RAIL	17	48	9	108
CORRELATION	60	31	2040	3094
SQUARE	3968	147
FOLD	118	161	161	31146	31146	0	43439
RAIL	17	48	9	109
CORRELATION	61	31	2040	3094
SQUARE	4096	147
FOLD	119	162	162	31341	31341	0	43590
RAIL	32	32	9	109
CORRELATION	63	32	2040	3094
SQUARE	4160	147
FOLD	119	162	162	31341	31341	0	44045
RAIL	32	32	9	110
CORRELATION	64	34	2040	3094
SQUARE	4224	147
FOLD	120	163	163	31533	31533	0	44051
RAIL	32	33	9	110
CORRELATION	64	34	2040	3094
SQUARE	4224	147
FOLD	121	164	164	31728	31728	0	44990
RAIL	31	33	9	111
CORRELATION	67	38	2040	3094
SQUARE	4416	147
FOLD	122	165	165	31920	31920	0	45496
RAIL	31	34	9	112
CORRELATION	68	39	2040	3094
SQUARE	4480	147
FOLD	123	166	166	32115	32115	0	45955
RAIL	4	60	9	113
CORRELATION	69	40	2040	3094
SQUARE	4544	147
FOLD	126	167	167	32310	32310	0	47134
RAIL	5	59	10	115
CORRELATION	73	44	2040	3094
SQUARE	4800	147
FOLD	128	167	167	32310	32310	0	48004
RAIL	29	36	11	116
CORRELATION	76	46	2040	3094
SQUARE	4992	147
FOLD	129	168	168	32505	32505	0	48392
RAIL	6	58	11	117
CORRELATION	77	46	2040	3094
SQUARE	5056	147
FOLD	134	169	169	32697	32697	0	50344
RAIL	7	58	13	120
CORRELATION	82	50	2040	3094
SQUARE	5376	150
FOLD	137	170	170	32889	32889	0	51237
RAIL	8	56	14	122
CORRELATION	85	52	2040	3094
SQUARE	5568	150
FOLD	138	171	171	33081	33081	0	51752
RAIL	8	57	14	123
CORRELATION	86	54	2040	3094
SQUARE	5632	150
FOLD	141	172	172	33273	33273	0	52947
RAIL	9	55	15	125
CORRELATION	89	56	2040	3094
SQUARE	5824	150
FOLD	142	173	173	33465	33465	0	53304
RAIL	9	56	15	126
CORRELATION	90	56	2040	3094
SQUARE	5888	150
FOLD	143	174	174	33660	33660	0	53721
RAIL	25	39	15	127
CORRELATION	91	58	2040	3094
SQUARE	5952	150
FOLD	144	175	175	33852	33852	0	54152
RAIL	25	40	15	128
CORRELATION	92	59	2040	3094
SQUARE	6016	150
FOLD	145	176	176	34047	34047	0	54843
RAIL	10	54	15	129
CORRELATION	93	61	2040	3094
SQUARE	6080	150
FOLD	146	177	177	34239	34239	0	55195
RAIL	10	55	15	130
CORRELATION	94	61	2040	3094
SQUARE	6144	150
FOLD	147	178	178	34434	34434	0	55618
RAIL	24	40	15	131
CORRELATION	95	61	2040	3094
SQUARE	6208	150
FOLD	148	179	179	34626	34626	0	56192
RAIL	24	41	15	132
CORRELATION	96	63	2040	3094
SQUARE	6272	150
FOLD	149	180	180	34821	34821	0	56585
RAIL	11	53	15	133
CORRELATION	97	63	2040	3094
SQUARE	6336	150
FOLD	150	181	181	35013	35013	0	56938
RAIL	11	54	15	134
CORRELATION	98	63	2040	3094
SQUARE	6400	150
FOLD	151	182	182	35208	35208	0	57358
RAIL	23	41	15	135
CORRELATION	99	64	2040	3094
SQUARE	6464	150
FOLD	152	183	183	35400	35400	0	57745
RAIL	23	42	15	136
CORRELATION	100	64	2040	3094
SQUARE	6528	150
FOLD	153	184	184	35595	35595	0	58183
RAIL	12	52	15	137
CORRELATION	101	64	2040	3094
SQUARE	6592	150
FOLD	154	185	185	35787	35787	0	58575
RAIL	12	53	15	138
CORRELATION	102	64	2040	3094
SQUARE	6656	150
FOLD	155	186	186	35982	35982	0	59014
RAIL	22	42	15	139
CORRELATION	103	66	2040	3094
SQUARE	6720	150
FOLD	156	187	187	36174	36174	0	59358
RAIL	22	43	15	140
CORRELATION	104	66	2040	3094
SQUARE	6784	150
FOLD	157	188	188	36369	36369	0	59792
RAIL	13	51	15	141
CORRELATION	105	68	2040	3094
SQUARE	6848	150
FOLD	158	189	189	36561	36561	0	60145
RAIL	13	52	15	142
CORRELATION	106	68	2040	3094
SQUARE	6912	150
FOLD	159	190	190	36756	36756	0	60515
RAIL	21	43	15	143
CORRELATION	107	68	2040	3094
SQUARE	6976	150
FOLD	160	191	191	36948	36948	0	60979
RAIL	21	44	15	144
CORRELATION	108	70	2040	3094
SQUARE	7040	150
FOLD	161	192	192	37143	37143	0	61333
RAIL	14	50	15	145
CORRELATION	109	70	2040	3094
SQUARE	7104	150
FOLD	162	193	193	37335	37335	0	61884
RAIL	14	51	15	146
CORRELATION	110	72	2040	3094
SQUARE	7168	150
FOLD	163	194	194	37530	37530	0	62274
RAIL	20	44	15	147
CORRELATION	111	72	2040	3094
SQUARE	7232	150
FOLD	164	195	195	37722	37722	0	62798
RAIL	20	45	15	148
CORRELATION	112	73	2040	3094
SQUARE	7296	150
FOLD	165	196	196	37917	37917	0	63282
RAIL	15	49	15	149
CORRELATION	113	75	2040	3094
SQUARE	7360	150
FOLD	166	197	197	38109	38109	0	63669
RAIL	15	50	15	150
CORRELATION	114	76	2040	3094
SQUARE	7424	150
FOLD	167	198	198	38304	38304	0	64297
RAIL	19	45	15	151
CORRELATION	115	78	2040	3094
SQUARE	7488	150
FOLD	168	199	199	38496	38496	0	64646
RAIL	19	46	15	152
CORRELATION	116	78	2040	3094
SQUARE	7552	150
FOLD	169	200	200	38691	38691	0	65078
RAIL	16	48	15	153
CORRELATION	117	79	2040	3094
SQUARE	7616	150
FOLD	170	201	201	38883	38883	0	65397
RAIL	16	49	15	154
CORRELATION	118	79	2040	3094
SQUARE	7680	150
FOLD	171	202	202	39078	39078	0	65837
RAIL	18	46	15	155
CORRELATION	119	80	2040	3094
SQUARE	7744	150
FOLD	172	203	203	39270	39270	0	66181
RAIL	18	47	15	156
CORRELATION	120	80	2040	3094
SQUARE	7808	150
FOLD	173	204	204	39465	39465	0	66599
RAIL	17	47	15	157
CORRELATION	121	81	2040	3094
SQUARE	7872	150
FOLD	174	205	205	39657	39657	0	66921
RAIL	17	48	15	158
CORRELATION	122	81	2040	3094
SQUARE	7936	150
FOLD	175	206	206	39852	39852	0	67741
RAIL	32	32	15	159
CORRELATION	125	84	2040	3094
SQUARE	8128	150
FOLD	175	206	206	39852	39852	0	68083
RAIL	32	32	15	160
CORRELATION	125	84	2040	3094
SQUARE	8192	150
FOLD	176	207	207	40044	40044	0	68112
RAIL	32	33	15	160
CORRELATION	126	84	2040	3094
SQUARE	8192	150
FOLD	176	207	207	40044	40044	0	68828
RAIL	32	33	15	161
CORRELATION	128	86	2040	3094
SQUARE	8320	150
FOLD	177	208	208	40239	40239	0	69062
RAIL	31	33	15	161
CORRELATION	129	88	2040	3094
SQUARE	8384	150
FOLD	178	209	209	40431	40431	0	69550
RAIL	31	34	15	162
CORRELATION	130	89	2040	3094
SQUARE	8448	150
FOLD	179	210	210	40626	40626	0	70613
RAIL	30	34	15	163
CORRELATION	133	93	2040	3094
SQUARE	8640	150
FOLD	180	211	211	40818	40818	0	70960
RAIL	30	35	15	164
CORRELATION	134	93	2040	3094
SQUARE	8704	150
FOLD	181	212	212	41013	41013	0	71728
RAIL	29	35	15	165
CORRELATION	137	95	2040	3094
SQUARE	8896	150
FOLD	182	213	213	41205	41205	0	72223
RAIL	29	36	15	166
CORRELATION	138	97	2040	3094
SQUARE	8960	150
FOLD	183	214	214	41400	41400	0	72615
RAIL	6	58	15	167
CORRELATION	139	97	2040	3094
SQUARE	9024	150
FOLD	186	215	215	41595	41595	0	74781
RAIL	7	57	16	169
CORRELATION	143	101	2040	3094
SQUARE	9280	150
FOLD	191	216	216	41787	41787	0	76069
RAIL	8	57	18	172
CORRELATION	148	101	2040	3094
SQUARE	9600	150
FOLD	194	217	217	41979	41979	0	77793
RAIL	9	55	19	174
CORRELATION	151	106	2040	3094
SQUARE	9792	150
FOLD	195	218	218	42171	42171	0	78377
RAIL	9	56	19	175
CORRELATION	152	108	2040	3094
SQUARE	9856	150
FOLD	198	219	219	42363	42363	0	79692
RAIL	10	54	20	177
CORRELATION	155	111	2040	3094
SQUARE	10048	150
FOLD	199	220	220	42555	42555	0	80074
RAIL	10	55	20	178
CORRELATION	156	111	2040	3094
SQUARE	10112	150
FOLD	200	221	221	42750	42750	0	80851
RAIL	24	40	20	179
CORRELATION	157	114	2040	3094
SQUARE	10176	150
FOLD	201	222	222	42942	42942	0	81194
RAIL	24	41	20	180
CORRELATION	158	114	2040	3094
SQUARE	10240	150
FOLD	202	223	223	43137	43137	0	81565
RAIL	11	53	20	181
CORRELATION	159	114	2040	3094
SQUARE	10304	150
FOLD	203	224	224	43329	43329	0	82211
RAIL	11	54	20	182
CORRELATION	160	116	2040	3094
SQUARE	10368	152
FOLD	204	225	225	43524	43524	0	82755
RAIL	23	41	20	183
CORRELATION	161	118	2040	3094
SQUARE	10432	152
FOLD	205	226	226	43716	43716	0	83091
RAIL	23	42	20	184
CORRELATION	162	118	2040	3094
SQUARE	10496	152
FOLD	206	227	227	43911	43911	0	83483
RAIL	12	52	20	185
CORRELATION	163	118	2040	3094
SQUARE	10560	152
FOLD	207	228	228	44103	44103	0	83810
RAIL	12	53	20	186
CORRELATION	164	118	2040	3094
SQUARE	10624	152
FOLD	208	229	229	44298	44298	0	84333
RAIL	22	42	20	187
CORRELATION	165	120	2040	3094
SQUARE	10688	152
FOLD	209	230	230	44490	44490	0	84992
RAIL	22	43	20	188
CORRELATION	166	123	2040	3094
SQUARE	10752	152
FOLD	210	231	231	44685	44685	0	85361
RAIL	13	51	20	189
CORRELATION	167	123	2040	3094
SQUARE	10816	152
FOLD	211	232	232	44877	44877	0	85700
RAIL	13	52	20	190
CORRELATION	168	123	2040	3094
SQUARE	10880	152
FOLD	212	233	233	45072	45072	0	86078
RAIL	21	43	20	191
CORRELATION	169	123	2040	3094
SQUARE	10944	152
FOLD	213	234	234	45264	45264	0	86868
RAIL	21	44	20	192
CORRELATION	170	126	2040	3094
SQUARE	11008	152
FOLD	214	235	235	45459	45459	0	87602
RAIL	14	50	20	193
CORRELATION	171	128	2040	3094
SQUARE	11072	152
FOLD	215	236	236	45651	45651	0	88129
RAIL	14	51	20	194
CORRELATION	172	128	2040	3094
SQUARE	11136	152
FOLD	216	237	237	45846	45846	0	88754
RAIL	20	44	20	195
CORRELATION	173	128	2040	3094
SQUARE	11200	152
FOLD	217	238	238	46038	46038	0	89357
RAIL	20	45	20	196
CORRELATION	174	128	2040	3094
SQUARE	11264	152
FOLD	218	239	239	46233	46233	0	90028
RAIL	15	49	20	197
CORRELATION	175	128	2040	3094
SQUARE	11328	152
FOLD	219	240	240	46425	46425	0	90559
RAIL	15	50	20	198
CORRELATION	176	128	2040	3094
SQUARE	11392	152
FOLD	220	241	241	46620	46620	0	91230
RAIL	19	45	20	199
CORRELATION	177	128	2040	3094
SQUARE	11456	152
FOLD	221	242	242	46812	46812	0	91807
RAIL	19	46	20	200
CORRELATION	178	128	2040	3094
SQUARE	11520	152
FOLD	222	243	243	47007	47007	0	92498
RAIL	16	48	20	201
CORRELATION	179	128	2040	3094
SQUARE	11584	152
FOLD	223	244	244	47199	47199	0	93112
RAIL	16	49	20	202
CORRELATION	180	128	2040	3094
SQUARE	11648	152
FOLD	224	245	245	47394	47394	0	93734
RAIL	18	46	20	203
CORRELATION	181	128	2040	3094
SQUARE	11712	152
FOLD	225	246	246	47586	47586	0	94357
RAIL	18	47	20	204
CORRELATION	182	128	2040	3094
SQUARE	11776	152
FOLD	226	247	247	47781	47781	0	95035
RAIL	17	47	20	205
CORRELATION	183	128	2040	3094
SQUARE	11840	152
FOLD	227	248	248	47973	47973	0	96022
RAIL	17	48	20	206
CORRELATION	184	130	2040	3094
SQUARE	11904	152
FOLD	228	249	249	48168	48168	0	98226
RAIL	32	32	20	207
CORRELATION	187	134	2040	3094
SQUARE	12096	152
FOLD	229	250	250	48360	48360	0	100176
RAIL	32	33	20	208
CORRELATION	188	136	2040	3094
SQUARE	12160	152
FOLD	230	251	251	48555	48555	0	101686
RAIL	31	33	20	209
CORRELATION	191	138	2040	3094
SQUARE	12352	152
FOLD	231	252	252	48747	48747	0	102853
RAIL	31	34	20	210
CORRELATION	192	140	2040	3094
SQUARE	12416	152
FOLD	232	253	253	48942	48942	0	104999
RAIL	30	34	20	211
CORRELATION	195	144	2040	3094
SQUARE	12608	152
FOLD	233	254	254	49134	49134	0	105598
RAIL	30	35	20	212
CORRELATION	196	144	2040	3094
SQUARE	12672	152
FOLD	234	255	255	49329	49329	0	107324
RAIL	29	35	20	213
CORRELATION	199	146	2040	3094
SQUARE	12864	152
FOLD	235	256	256	49521	49521	0	108393
RAIL	29	36	20	214
CORRELATION	200	148	2040	3094
SQUARE	12928	152
FOLD	236	257	257	49716	49716	0	109042
RAIL	6	58	20	215
CORRELATION	201	148	2040	3094
SQUARE	12992	152
FOLD	237	258	258	49908	49908	0	110382
RAIL	28	36	20	216
CORRELATION	203	152	2040	3094
SQUARE	13120	152
FOLD	238	259	259	50100	50100	0	110738
RAIL	28	37	20	217
CORRELATION	204	152	2040	3094
SQUARE	13184	152
FOLD	239	260	260	50295	50295	0	111054
RAIL	7	57	20	218
CORRELATION	205	152	2040	3094
SQUARE	13248	152
FOLD	246	261	261	50490	50490	0	113949
RAIL	26	39	23	222
CORRELATION	212	160	2040	3094
SQUARE	13696	152
FOLD	247	262	262	50685	50685	0	114297
RAIL	9	55	23	223
CORRELATION	213	160	2040	3094
SQUARE	13760	152
FOLD	248	263	263	50877	50877	0	114820
RAIL	9	56	23	224
CORRELATION	214	162	2040	3094
SQUARE	13824	152
FOLD	251	264	264	51069	51069	0	116415
RAIL	10	54	24	226
CORRELATION	217	165	2040	3094
SQUARE	14016	152
FOLD	252	265	265	51261	51261	0	117005
RAIL	10	55	24	227
CORRELATION	218	167	2040	3094
SQUARE	14080	152
FOLD	255	266	266	51453	51453	0	118403
RAIL	11	53	25	229
CORRELATION	221	170	2040	3094
SQUARE	14272	152
FOLD	256	267	267	51645	51645	0	118731
RAIL	11	54	25	230
CORRELATION	222	170	2040	3094
SQUARE	14336	152
FOLD	257	268	268	51840	51840	0	119057
RAIL	23	41	25	231
CORRELATION	223	170	2040	3094
SQUARE	14400	152
FOLD	258	269	269	52032	52032	0	119409
RAIL	23	42	25	232
CORRELATION	224	170	2040	3094
SQUARE	14464	152
FOLD	259	270	270	52227	52227	0	119781
RAIL	12	52	25	233
CORRELATION	225	170	2040	3094
SQUARE	14528	152
FOLD	260	271	271	52419	52419	0	120245
RAIL	12	53	25	234
CORRELATION	226	170	2040	3094
SQUARE	14592	152
FOLD	261	272	272	52614	52614	0	120872
RAIL	22	42	25	235
CORRELATION	227	172	2040	3094
SQUARE	14656	152
FOLD	262	273	273	52806	52806	0	121254
RAIL	22	43	25	236
CORRELATION	228	172	2040	3094
SQUARE	14720	152
FOLD	263	274	274	53001	53001	0	121679
RAIL	13	51	25	237
CORRELATION	229	172	2040	3094
SQUARE	14784	152
FOLD	264	275	275	53193	53193	0	122328
RAIL	13	52	25	238
CORRELATION	230	174	2040	3094
SQUARE	14848	152
FOLD	265	276	276	53388	53388	0	122707
RAIL	21	43	25	239
CORRELATION	231	174	2040	3094
SQUARE	14912	152
FOLD	266	277	277	53580	53580	0	123087
RAIL	21	44	25	240
CORRELATION	232	175	2040	3094
SQUARE	14976	152
FOLD	267	278	278	53775	53775	0	123538
RAIL	14	50	25	241
CORRELATION	233	175	2040	3094
SQUARE	15040	152
FOLD	268	279	279	53967	53967	0	124105
RAIL	14	51	25	242
CORRELATION	234	177	2040	3094
SQUARE	15104	152
FOLD	269	280	280	54162	54162	0	124749
RAIL	20	44	25	243
CORRELATION	235	179	2040	3094
SQUARE	15168	152
FOLD	270	281	281	54354	54354	0	125103
RAIL	20	45	25	244
CORRELATION	236	179	2040	3094
SQUARE	15232	152
FOLD	271	282	282	54549	54549	0	125467
RAIL	15	49	25	245
CORRELATION	237	179	2040	3094
SQUARE	15296	152
FOLD	272	283	283	54741	54741	0	125890
RAIL	15	50	25	246
CORRELATION	238	180	2040	3094
SQUARE	15360	152
FOLD	273	284	284	54936	54936	0	126545
RAIL	19	45	25	247
CORRELATION	239	182	2040	3094
SQUARE	15424	152
FOLD	274	285	285	55128	55128	0	127015
RAIL	19	46	25	248
CORRELATION	240	182	2040	3094
SQUARE	15488	152
FOLD	275	286	286	55323	55323	0	127810
RAIL	16	48	25	249
CORRELATION	241	184	2040	3094
SQUARE	15552	152
FOLD	276	287	287	55515	55515	0	128203
RAIL	16	49	25	250
CORRELATION	242	184	2040	3094
SQUARE	15616	152
FOLD	277	288	288	55710	55710	0	128552
RAIL	18	46	25	251
CORRELATION	243	184	2040	3094
SQUARE	15680	152
FOLD	278	289	289	55902	55902	0	129307
RAIL	18	47	25	252
CORRELATION	244	186	2040	3094
SQUARE	15744	152
FOLD	279	290	290	56097	56097	0	129646
RAIL	17	47	25	253
CORRELATION	245	186	2040	3094
SQUARE	15808	152
FOLD	280	291	291	56289	56289	0	130384
RAIL	17	48	25	254
CORRELATION	246	188	2040	3094
SQUARE	15872	152
FOLD	281	292	292	56484	56484	0	131178
RAIL	32	32	25	255
CORRELATION	249	190	2040	3094
SQUARE	16064	152
FOLD	282	293	293	56676	56676	0	131684
RAIL	32	33	25	256
CORRELATION	250	190	2040	3094
SQUARE	16128	152
FOLD	283	294	294	56871	56871	0	132588
RAIL	31	33	25	257
CORRELATION	253	194	2040	3094
SQUARE	16320	152
FOLD	283	294	294	56871	56871	0	132959
RAIL	31	33	25	258
CORRELATION	253	194	2040	3094
SQUARE	16384	152
FOLD	284	295	295	57063	57063	0	133025
RAIL	31	34	25	258
CORRELATION	254	194	2040	3094
SQUARE	16384	152
FOLD	284	295	295	57063	57063	0	133782
RAIL	31	34	25	259
CORRELATION	256	196	2040	3094
SQUARE	16512	152
FOLD	285	296	296	57258	57258	0	133916
RAIL	30	34	25	259
CORRELATION	257	196	2040	3094
SQUARE	16576	152
FOLD	286	297	297	57450	57450	0	134324
RAIL	30	35	25	260
CORRELATION	258	196	2040	3094
SQUARE	16640	152
FOLD	287	298	298	57645	57645	0	135160
RAIL	29	35	25	261
CORRELATION	261	198	2040	3094
SQUARE	16832	152
FOLD	288	299	299	57837	57837	0	135789
RAIL	29	36	25	262
CORRELATION	262	200	2040	3094
SQUARE	16896	152
FOLD	289	300	300	58032	58032	0	136510
RAIL	6	58	25	263
CORRELATION	263	202	2040	3094
SQUARE	16960	152
FOLD	292	301	301	58227	58227	0	138426
RAIL	7	57	26	265
CORRELATION	267	206	2040	3094
SQUARE	17216	152
FOLD	295	302	302	58422	58422	0	139828
RAIL	8	56	27	267
CORRELATION	271	208	2040	3094
SQUARE	17472	152
FOLD	302	303	303	58617	58617	0	144134
RAIL	25	40	30	271
CORRELATION	278	216	2040	3094
SQUARE	17920	152
FOLD	303	304	304	58812	58812	0	144563
RAIL	10	54	30	272
CORRELATION	279	216	2040	3094
SQUARE	17984	152
FOLD	304	305	305	59004	59004	0	145010
RAIL	10	55	30	273
CORRELATION	280	216	2040	3094
SQUARE	18048	152
FOLD	307	306	306	59196	59196	0	147000
RAIL	11	53	31	275
CORRELATION	283	220	2040	3094
SQUARE	18240	152
FOLD	308	307	307	59388	59388	0	147905
RAIL	11	54	31	276
CORRELATION	284	222	2040	3094
SQUARE	18304	152
FOLD	311	308	308	59580	59580	0	149503
RAIL	12	52	32	278
CORRELATION	287	224	2040	3094
SQUARE	18496	152
FOLD	312	309	309	59772	59772	0	149909
RAIL	12	53	32	279
CORRELATION	288	224	2040	3094
SQUARE	18560	152
FOLD	313	310	310	59967	59967	0	150324
RAIL	22	42	32	280
CORRELATION	289	224	2040	3094
SQUARE	18624	152
FOLD	314	311	311	60159	60159	0	150803
RAIL	22	43	32	281
CORRELATION	290	224	2040	3094
SQUARE	18688	152
FOLD	315	312	312	60354	60354	0	151224
RAIL	13	51	32	282
CORRELATION	291	224	2040	3094
SQUARE	18752	152
FOLD	316	313	313	60546	60546	0	151750
RAIL	13	52	32	283
CORRELATION	292	224	2040	3094
SQUARE	18816	152
FOLD	317	314	314	60741	60741	0	152273
RAIL	21	43	32	284
CORRELATION	293	226	2040	3094
SQUARE	18880	152
FOLD	318	315	315	60933	60933	0	152684
RAIL	21	44	32	285
CORRELATION	294	226	2040	3094
SQUARE	18944	152
FOLD	319	316	316	61128	61128	0	153193
RAIL	14	50	32	286
CORRELATION	295	227	2040	3094
SQUARE	19008	152
FOLD	320	317	317	61320	61320	0	153633
RAIL	14	51	32	287
CORRELATION	296	227	2040	3094
SQUARE	19072	152
FOLD	321	318	318	61515	61515	0	154088
RAIL	20	44	32	288
CORRELATION	297	228	2040	3094
SQUARE	19136	152
FOLD	322	319	319	61707	61707	0	154783
RAIL	20	45	32	289
CORRELATION	298	230	2040	3094
SQUARE	19200	152
FOLD	323	320	320	61902	61902	0	155329
RAIL	15	49	32	290
CORRELATION	299	231	2040	3094
SQUARE	19264	152
FOLD	324	321	321	62094	62094	0	156087
RAIL	15	50	32	291
CORRELATION	300	233	2040	3094
SQUARE	19328	152
FOLD	325	322	322	62289	62289	0	156519
RAIL	19	45	32	292
CORRELATION	301	233	2040	3094
SQUARE	19392	152
FOLD	326	323	323	62481	62481	0	156936
RAIL	19	46	32	293
CORRELATION	302	233	2040	3094
SQUARE	19456	152
FOLD	327	324	324	62676	62676	0	157377
RAIL	16	48	32	294
CORRELATION	303	233	2040	3094
SQUARE	19520	152
FOLD	328	325	325	62868	62868	0	157854
RAIL	16	49	32	295
CORRELATION	304	233	2040	3094
SQUARE	19584	152
FOLD	329	326	326	63063	63063	0	158381
RAIL	18	46	32	296
CORRELATION	305	234	2040	3094
SQUARE	19648	152
FOLD	330	327	327	63255	63255	0	158799
RAIL	18	47	32	297
CORRELATION	306	234	2040	3094
SQUARE	19712	152
FOLD	331	328	328	63450	63450	0	159505
RAIL	17	47	32	298
CORRELATION	307	236	2040	3094
SQUARE	19776	152
FOLD	332	329	329	63642	63642	0	159988
RAIL	17	48	32	299
CORRELATION	308	236	2040	3094
SQUARE	19840	152
FOLD	333	330	330	63837	63837	0	161062
RAIL	32	32	32	300
CORRELATION	311	240	2040	3094
SQUARE	20032	152
FOLD	334	331	331	64029	64029	0	161514
RAIL	32	33	32	301
CORRELATION	312	240	2040	3094
SQUARE	20096	152
FOLD	335	332	332	64224	64224	0	163089
RAIL	31	33	32	302
CORRELATION	315	244	2040	3094
SQUARE	20288	152
FOLD	336	333	333	64416	64416	0	164031
RAIL	31	34	32	303
CORRELATION	316	247	2040	3094
SQUARE	20352	152
FOLD	337	334	334	64611	64611	0	164854
RAIL	30	34	32	304
CORRELATION	319	249	2040	3094
SQUARE	20544	152
FOLD	338	335	335	64803	64803	0	165328
RAIL	30	35	32	305
CORRELATION	320	249	2040	3094
SQUARE	20608	152
FOLD	339	336	336	64998	64998	0	166839
RAIL	29	35	32	306
CORRELATION	323	253	2040	3094
SQUARE	20800	155
FOLD	340	337	337	65190	65190	0	167328
RAIL	29	36	32	307
CORRELATION	324	253	2040	3094
SQUARE	20864	155
FOLD	341	338	338	65385	65385	0	167763
RAIL	6	58	32	308
CORRELATION	325	253	2040	3094
SQUARE	20928	155
FOLD	344	339	339	65580	65580	0	169896
RAIL	7	57	33	310
CORRELATION	329	258	2040	3094
SQUARE	21184	155
FOLD	345	340	340	65772	65772	0	170885
RAIL	27	37	33	311
CORRELATION	331	260	2040	3094
SQUARE	21312	155
FOLD	346	341	341	65964	65964	0	171320
RAIL	27	38	33	312
CORRELATION	332	260	2040	3094
SQUARE	21376	155
FOLD	347	342	342	66159	66159	0	171811
RAIL	8	56	33	313
CORRELATION	333	260	2040	3094
SQUARE	21440	155
FOLD	358	343	343	66354	66354	0	175890
RAIL	24	41	38	319
CORRELATION	344	268	2040	3094
SQUARE	22144	155
FOLD	359	344	344	66549	66549	0	176387
RAIL	11	53	38	320
CORRELATION	345	268	2040	3094
SQUARE	22208	155
FOLD	360	345	345	66741	66741	0	176842
RAIL	11	54	38	321
CORRELATION	346	268	2040	3094
SQUARE	22272	155
FOLD	363	346	346	66933	66933	0	178246
RAIL	12	52	39	323
CORRELATION	349	270	2040	3094
SQUARE	22464	155
FOLD	364	347	347	67125	67125	0	178650
RAIL	12	53	39	324
CORRELATION	350	270	2040	3094
SQUARE	22528	155
FOLD	367	348	348	67317	67317	0	180444
RAIL	13	51	40	326
CORRELATION	353	275	2040	3094
SQUARE	22720	155
FOLD	368	349	349	67509	67509	0	180875
RAIL	13	52	40	327
CORRELATION	354	275	2040	3094
SQUARE	22784	155
FOLD	369	350	350	67704	67704	0	181363
RAIL	21	43	40	328
CORRELATION	355	275	2040	3094
SQUARE	22848	155
FOLD	370	351	351	67896	67896	0	182129
RAIL	21	44	40	329
CORRELATION	356	276	2040	3094
SQUARE	22912	155
FOLD	371	352	352	68091	68091	0	182924
RAIL	14	50	40	330
CORRELATION	357	278	2040	3094
SQUARE	22976	155
FOLD	372	353	353	68283	68283	0	183320
RAIL	14	51	40	331
CORRELATION	358	278	2040	3094
SQUARE	23040	155
FOLD	373	354	354	68478	68478	0	183767
RAIL	20	44	40	332
CORRELATION	359	278	2040	3094
SQUARE	23104	155
FOLD	374	355	355	68670	68670	0	184190
RAIL	20	45	40	333
CORRELATION	360	278	2040	3094
SQUARE	23168	155
FOLD	375	356	356	68865	68865	0	184602
RAIL	15	49	40	334
CORRELATION	361	278	2040	3094
SQUARE	23232	155
FOLD	376	357	357	69057	69057	0	185085
RAIL	15	50	40	335
CORRELATION	362	278	2040	3094
SQUARE	23296	155
FOLD	377	358	358	69252	69252	0	185900
RAIL	19	45	40	336
CORRELATION	363	280	2040	3094
SQUARE	23360	155
FOLD	378	359	359	69444	69444	0	186388
RAIL	19	46	40	337
CORRELATION	364	280	2040	3094
SQUARE	23424	155
FOLD	379	360	360	69639	69639	0	187188
RAIL	16	48	40	338
CORRELATION	365	282	2040	3094
SQUARE	23488	155
FOLD	380	361	361	69831	69831	0	188049
RAIL	16	49	40	339
CORRELATION	366	284	2040	3094
SQUARE	23552	155
FOLD	381	362	362	70026	70026	0	188524
RAIL	18	46	40	340
CORRELATION	367	284	2040	3094
SQUARE	23616	155
FOLD	382	363	363	70218	70218	0	188998
RAIL	18	47	40	341
CORRELATION	368	284	2040	3094
SQUARE	23680	155
FOLD	383	364	364	70413	70413	0	189866
RAIL	17	47	40	342
CORRELATION	369	286	2040	3094
SQUARE	23744	155
FOLD	384	365	365	70605	70605	0	190830
RAIL	17	48	40	343
CORRELATION	370	289	2040	3094
SQUARE	23808	155
FOLD	385	366	366	70800	70800	0	191591
RAIL	32	32	40	344
CORRELATION	373	289	2040	3094
SQUARE	24000	155
FOLD	386	367	367	70992	70992	0	192340
RAIL	32	33	40	345
CORRELATION	374	290	2040	3094
SQUARE	24064	155
FOLD	387	368	368	71187	71187	0	194089
RAIL	31	33	40	346
CORRELATION	377	294	2040	3094
SQUARE	24256	155
FOLD	388	369	369	71379	71379	0	194948
RAIL	31	34	40	347
CORRELATION	378	296	2040	3094
SQUARE	24320	155
FOLD	389	370	370	71574	71574	0	196066
RAIL	30	34	40	348
CORRELATION	381	298	2040	3094
SQUARE	24512	155
FOLD	390	371	371	71766	71766	0	196486
RAIL	30	35	40	349
CORRELATION	382	298	2040	3094
SQUARE	24576	155
FOLD	391	372	372	71961	71961	0	198312
RAIL	29	35	40	350
CORRELATION	385	302	2040	3094
SQUARE	24768	155
FOLD	392	373	373	72153	72153	0	198736
RAIL	29	36	40	351
CORRELATION	386	302	2040	3094
SQUARE	24832	155
FOLD	393	374	374	72348	72348	0	199541
RAIL	28	36	40	352
CORRELATION	389	304	2040	3094
SQUARE	25024	155
FOLD	394	375	375	72540	72540	0	200109
RAIL	28	37	40	353
CORRELATION	390	305	2040	3094
SQUARE	25088	155
FOLD	395	376	376	72735	72735	0	200537
RAIL	7	57	40	354
CORRELATION	391	305	2040	3094
SQUARE	25152	155
FOLD	396	377	377	72927	72927	0	202427
RAIL	27	37	40	355
CORRELATION	393	309	2040	3094
SQUARE	25280	155
FOLD	397	378	378	73119	73119	0	202828
RAIL	27	38	40	356
CORRELATION	394	309	2040	3094
SQUARE	25344	155
FOLD	398	379	379	73314	73314	0	203265
RAIL	8	56	40	357
CORRELATION	395	309	2040	3094
SQUARE	25408	155
FOLD	399	380	380	73506	73506	0	203760
RAIL	26	38	40	358
CORRELATION	397	309	2040	3094
SQUARE	25536	155
FOLD	400	381	381	73698	73698	0	204693
RAIL	26	39	40	359
CORRELATION	398	311	2040	3094
SQUARE	25600	155
FOLD	401	382	382	73893	73893	0	205781
RAIL	9	55	40	360
CORRELATION	399	313	2040	3094
SQUARE	25664	155
FOLD	412	383	383	74088	74088	0	212532
RAIL	23	42	45	366
CORRELATION	410	325	2040	3094
SQUARE	26368	155
FOLD	413	384	384	74283	74283	0	213058
RAIL	12	52	45	367
CORRELATION	411	325	2040	3094
SQUARE	26432	155
FOLD	414	385	385	74475	74475	0	213517
RAIL	12	53	45	368
CORRELATION	412	325	2040	3094
SQUARE	26496	155
FOLD	417	386	386	74667	74667	0	215546
RAIL	13	51	46	370
CORRELATION	415	329	2040	3094
SQUARE	26688	155
FOLD	418	387	387	74859	74859	0	216684
RAIL	13	52	46	371
CORRELATION	416	331	2040	3094
SQUARE	26752	155
FOLD	421	388	388	75051	75051	0	218508
RAIL	14	50	47	373
CORRELATION	419	333	2040	3094
SQUARE	26944	155
FOLD	422	389	389	75243	75243	0	219568
RAIL	14	51	47	374
CORRELATION	420	335	2040	3094
SQUARE	27008	155
FOLD	423	390	390	75438	75438	0	220731
RAIL	20	44	47	375
CORRELATION	421	337	2040	3094
SQUARE	27072	155
FOLD	424	391	391	75630	75630	0	221149
RAIL	20	45	47	376
CORRELATION	422	337	2040	3094
SQUARE	27136	155
FOLD	425	392	392	75825	75825	0	222264
RAIL	15	49	47	377
CORRELATION	423	339	2040	3094
SQUARE	27200	155
FOLD	426	393	393	76017	76017	0	223485
RAIL	15	50	47	378
CORRELATION	424	341	2040	3094
SQUARE	27264	155
FOLD	427	394	394	76212	76212	0	223894
RAIL	19	45	47	379
CORRELATION	425	341	2040	3094
SQUARE	27328	155
FOLD	428	395	395	76404	76404	0	224346
RAIL	19	46	47	380
CORRELATION	426	341	2040	3094
SQUARE	27392	155
FOLD	429	396	396	76599	76599	0	224765
RAIL	16	48	47	381
CORRELATION	427	341	2040	3094
SQUARE	27456	155
FOLD	430	397	397	76791	76791	0	225166
RAIL	16	49	47	382
CORRELATION	428	341	2040	3094
SQUARE	27520	155
FOLD	431	398	398	76986	76986	0	225627
RAIL	18	46	47	383
CORRELATION	429	341	2040	3094
SQUARE	27584	155
FOLD	432	399	399	77178	77178	0	226136
RAIL	18	47	47	384
CORRELATION	430	341	2040	3094
SQUARE	27648	155
FOLD	433	400	400	77373	77373	0	226694
RAIL	17	47	47	385
CORRELATION	431	342	2040	3094
SQUARE	27712	155
FOLD	434	401	401	77565	77565	0	227117
RAIL	17	48	47	386
CORRELATION	432	342	2040	3094
SQUARE	27776	155
FOLD	435	402	402	77760	77760	0	227787
RAIL	32	32	47	387
CORRELATION	435	343	2040	3094
SQUARE	27968	155
FOLD	436	403	403	77952	77952	0	228222
RAIL	32	33	47	388
CORRELATION	436	343	2040	3094
SQUARE	28032	155
FOLD	437	404	404	78147	78147	0	229070
RAIL	31	33	47	389
CORRELATION	439	346	2040	3094
SQUARE	28224	155
FOLD	438	405	405	78339	78339	0	229628
RAIL	31	34	47	390
CORRELATION	440	347	2040	3094
SQUARE	28288	155
FOLD	439	406	406	78534	78534	0	230328
RAIL	30	34	47	391
CORRELATION	443	347	2040	3094
SQUARE	28480	155
FOLD	440	407	407	78726	78726	0	231097
RAIL	30	35	47	392
CORRELATION	444	349	2040	3094
SQUARE	28544	155
FOLD	441	408	408	78921	78921	0	232589
RAIL	29	35	47	393
CORRELATION	447	354	2040	3094
SQUARE	28736	155
FOLD	442	409	409	79113	79113	0	233022
RAIL	29	36	47	394
CORRELATION	448	354	2040	3094
SQUARE	28800	155
FOLD	443	410	410	79308	79308	0	234267
RAIL	28	36	47	395
CORRELATION	451	357	2040	3094
SQUARE	28992	155
FOLD	444	411	411	79500	79500	0	235212
RAIL	28	37	47	396
CORRELATION	452	360	2040	3094
SQUARE	29056	155
FOLD	445	412	412	79695	79695	0	235689
RAIL	7	57	47	397
CORRELATION	453	360	2040	3094
SQUARE	29120	155
FOLD	448	413	413	79890	79890	0	236825
RAIL	8	56	48	399
CORRELATION	457	361	2040	3094
SQUARE	29376	155
FOLD	449	414	414	80082	80082	0	237522
RAIL	26	38	48	400
CORRELATION	459	362	2040	3094
SQUARE	29504	155
FOLD	450	415	415	80274	80274	0	237969
RAIL	26	39	48	401
CORRELATION	460	362	2040	3094
SQUARE	29568	155
FOLD	451	416	416	80469	80469	0	238374
RAIL	9	55	48	402
CORRELATION	461	362	2040	3094
SQUARE	29632	155
FOLD	452	417	417	80661	80661	0	238696
RAIL	9	56	48	403
CORRELATION	462	362	2040	3094
SQUARE	29696	155
FOLD	453	418	418	80856	80856	0	239135
RAIL	25	39	48	404
CORRELATION	463	362	2040	3094
SQUARE	29760	155
FOLD	454	419	419	81048	81048	0	239638
RAIL	25	40	48	405
CORRELATION	464	363	2040	3094
SQUARE	29824	155
FOLD	455	420	420	81243	81243	0	240081
RAIL	10	54	48	406
CORRELATION	465	363	2040	3094
SQUARE	29888	155
FOLD	456	421	421	81435	81435	0	240511
RAIL	10	55	48	407
CORRELATION	466	363	2040	3094
SQUARE	29952	155
FOLD	459	422	422	81627	81627	0	241586
RAIL	11	53	49	409
CORRELATION	469	365	2040	3094
SQUARE	30144	155
FOLD	466	423	423	81822	81822	0	243657
RAIL	22	43	52	413
CORRELATION	476	368	2040	3094
SQUARE	30592	155
FOLD	467	424	424	82017	82017	0	244188
RAIL	13	51	52	414
CORRELATION	477	370	2040	3094
SQUARE	30656	155
FOLD	468	425	425	82209	82209	0	244590
RAIL	13	52	52	415
CORRELATION	478	370	2040	3094
SQUARE	30720	155
FOLD	471	426	426	82401	82401	0	245875
RAIL	14	50	53	417
CORRELATION	481	372	2040	3094
SQUARE	30912	155
FOLD	472	427	427	82593	82593	0	246208
RAIL	14	51	53	418
CORRELATION	482	372	2040	3094
SQUARE	30976	155
FOLD	475	428	428	82785	82785	0	247024
RAIL	15	49	54	420
CORRELATION	485	372	2040	3094
SQUARE	31168	155
FOLD	476	429	429	82977	82977	0	247402
RAIL	15	50	54	421
CORRELATION	486	372	2040	3094
SQUARE	31232	155
FOLD	477	430	430	83172	83172	0	247898
RAIL	19	45	54	422
CORRELATION	487	372	2040	3094
SQUARE	31296	155
FOLD	478	431	431	83364	83364	0	248244
RAIL	19	46	54	423
CORRELATION	488	372	2040	3094
SQUARE	31360	155
FOLD	479	432	432	83559	83559	0	248666
RAIL	16	48	54	424
CORRELATION	489	372	2040	3094
SQUARE	31424	155
FOLD	480	433	433	83751	83751	0	249418
RAIL	16	49	54	425
CORRELATION	490	374	2040	3094
SQUARE	31488	155
FOLD	481	434	434	83946	83946	0	250135
RAIL	18	46	54	426
CORRELATION	491	375	2040	3094
SQUARE	31552	155
FOLD	482	435	435	84138	84138	0	250840
RAIL	18	47	54	427
CORRELATION	492	377	2040	3094
SQUARE	31616	155
FOLD	483	436	436	84333	84333	0	251556
RAIL	17	47	54	428
CORRELATION	493	379	2040	3094
SQUARE	31680	155
FOLD	484	437	437	84525	84525	0	252009
RAIL	17	48	54	429
CORRELATION	494	379	2040	3094
SQUARE	31744	155
FOLD	485	438	438	84720	84720	0	252687
RAIL	32	32	54	430
CORRELATION	497	380	2040	3094
SQUARE	31936	155
FOLD	486	439	439	84912	84912	0	253228
RAIL	32	33	54	431
CORRELATION	498	381	2040	3094
SQUARE	32000	155
FOLD	487	440	440	85107	85107	0	254362
RAIL	31	33	54	432
CORRELATION	501	385	2040	3094
SQUARE	32192	155
FOLD	488	441	441	85299	85299	0	254971
RAIL	31	34	54	433
CORRELATION	502	386	2040	3094
SQUARE	32256	155
FOLD	489	442	442	85494	85494	0	255810
RAIL	30	34	54	434
CORRELATION	505	389	2040	3094
SQUARE	32448	155
FOLD	490	443	443	85686	85686	0	256424
RAIL	30	35	54	435
CORRELATION	506	390	2040	3094
SQUARE	32512	155
FOLD	491	444	444	85881	85881	0	257394
RAIL	29	35	54	436
CORRELATION	509	393	2040	3094
SQUARE	32704	155
FOLD	491	444	444	85881	85881	0	257743
RAIL	29	35	54	437
CORRELATION	509	393	2040	3094
SQUARE	32768	155
FOLD	492	445	445	86073	86073	0	258089
RAIL	29	36	54	437
CORRELATION	510	394	2040	3094
SQUARE	32768	155
FOLD	492	445	445	86073	86073	0	258743
RAIL	29	36	54	438
CORRELATION	512	395	2040	3094
SQUARE	32896	155
FOLD	493	446	446	86268	86268	0	258942
RAIL	28	36	54	438
CORRELATION	513	396	2040	3094
SQUARE	32960	155
FOLD	494	447	447	86460	86460	0	259524
RAIL	28	37	54	439
CORRELATION	514	397	2040	3094
SQUARE	33024	155
FOLD	495	448	448	86655	86655	0	259959
RAIL	7	57	54	440
CORRELATION	515	397	2040	3094
SQUARE	33088	155
FOLD	498	449	449	86850	86850	0	262006
RAIL	8	56	55	442
CORRELATION	519	403	2040	3094
SQUARE	33344	155
FOLD	501	450	450	87045	87045	0	263782
RAIL	9	55	56	444
CORRELATION	523	406	2040	3094
SQUARE	33600	155
FOLD	502	451	451	87237	87237	0	264508
RAIL	9	56	56	445
CORRELATION	524	407	2040	3094
SQUARE	33664	155
FOLD	503	452	452	87432	87432	0	264900
RAIL	25	39	56	446
CORRELATION	525	407	2040	3094
SQUARE	33728	155
FOLD	504	453	453	87624	87624	0	265424
RAIL	25	40	56	447
CORRELATION	526	407	2040	3094
SQUARE	33792	155
FOLD	505	454	454	87819	87819	0	266089
RAIL	10	54	56	448
CORRELATION	527	408	2040	3094
SQUARE	33856	155
FOLD	508	455	455	88014	88014	0	267456
RAIL	24	41	57	450
CORRELATION	530	411	2040	3094
SQUARE	34048	155
FOLD	509	456	456	88209	88209	0	268100
RAIL	11	53	57	451
CORRELATION	531	413	2040	3094
SQUARE	34112	155
FOLD	510	457	457	88401	88401	0	268529
RAIL	11	54	57	452
CORRELATION	532	413	2040	3094
SQUARE	34176	155
FOLD	512	457	457	88398	88401	0	269387
RAIL	23	42	58	453
CORRELATION	534	414	2040	3094
SQUARE	34304	155
FOLD	513	458	458	88593	88593	0	269819
RAIL	12	52	58	454
CORRELATION	535	414	2040	3094
SQUARE	34368	155
FOLD	520	459	459	88788	88788	0	272630
RAIL	21	44	61	458
CORRELATION	542	420	2040	3094
SQUARE	34816	155
FOLD	521	460	460	88983	88983	0	272987
RAIL	14	50	61	459
CORRELATION	543	420	2040	3094
SQUARE	34880	155
FOLD	522	461	461	89175	89175	0	273759
RAIL	14	51	61	460
CORRELATION	544	421	2040	3094
SQUARE	34944	155
FOLD	525	462	462	89367	89367	0	275447
RAIL	15	49	62	462
CORRELATION	547	425	2040	3094
SQUARE	35136	155
FOLD	526	463	463	89559	89559	0	276069
RAIL	15	50	62	463
CORRELATION	548	426	2040	3094
SQUARE	35200	155
FOLD	529	464	464	89751	89751	0	277478
RAIL	16	48	63	465
CORRELATION	551	430	2040	3094
SQUARE	35392	155
FOLD	530	465	465	89943	89943	0	277958
RAIL	16	49	63	466
CORRELATION	552	430	2040	3094
SQUARE	35456	155
FOLD	531	466	466	90138	90138	0	278555
RAIL	18	46	63	467
CORRELATION	553	431	2040	3094
SQUARE	35520	155
FOLD	532	467	467	90330	90330	0	278955
RAIL	18	47	63	468
CORRELATION	554	431	2040	3094
SQUARE	35584	155
FOLD	533	468	468	90525	90525	0	279504
RAIL	17	47	63	469
CORRELATION	555	432	2040	3094
SQUARE	35648	155
FOLD	534	469	469	90717	90717	0	280395
RAIL	17	48	63	470
CORRELATION	556	435	2040	3094
SQUARE	35712	155
FOLD	535	470	470	90912	90912	0	281659
RAIL	32	32	63	471
CORRELATION	559	437	2040	3094
SQUARE	35904	155
FOLD	536	471	471	91104	91104	0	282745
RAIL	32	33	63	472
CORRELATION	560	439	2040	3094
SQUARE	35968	155
FOLD	537	472	472	91299	91299	0	285373
RAIL	31	33	63	473
CORRELATION	563	444	2040	3094
SQUARE	36160	155
FOLD	538	473	473	91491	91491	0	285844
RAIL	31	34	63	474
CORRELATION	564	444	2040	3094
SQUARE	36224	155
FOLD	539	474	474	91686	91686	0	286564
RAIL	30	34	63	475
CORRELATION	567	444	2040	3094
SQUARE	36416	155
FOLD	540	475	475	91878	91878	0	287067
RAIL	30	35	63	476
CORRELATION	568	445	2040	3094
SQUARE	36480	155
FOLD	541	476	476	92073	92073	0	288336
RAIL	29	35	63	477
CORRELATION	571	448	2040	3094
SQUARE	36672	155
FOLD	542	477	477	92265	92265	0	288881
RAIL	29	36	63	478
CORRELATION	572	449	2040	3094
SQUARE	36736	155
FOLD	543	478	478	92460	92460	0	290053
RAIL	28	36	63	479
CORRELATION	575	451	2040	3094
SQUARE	36928	155
FOLD	544	479	479	92652	92652	0	290641
RAIL	28	37	63	480
CORRELATION	576	452	2040	3094
SQUARE	36992	155
FOLD	545	480	480	92847	92847	0	291078
RAIL	7	57	63	481
CORRELATION	577	452	2040	3094
SQUARE	37056	155
FOLD	548	481	481	93042	93042	0	293977
RAIL	8	56	64	483
CORRELATION	581	459	2040	3094
SQUARE	37312	155
FOLD	551	482	482	93237	93237	0	295594
RAIL	9	55	65	485
CORRELATION	585	461	2040	3094
SQUARE	37568	155
FOLD	558	483	483	93432	93432	0	298384
RAIL	24	41	68	489
CORRELATION	592	466	2040	3094
SQUARE	38016	155
FOLD	559	484	484	93627	93627	0	299315
RAIL	11	53	68	490
CORRELATION	593	469	2040	3094
SQUARE	38080	155
FOLD	562	485	485	93822	93822	0	301048
RAIL	23	42	69	492
CORRELATION	596	472	2040	3094
SQUARE	38272	155
FOLD	563	486	486	94017	94017	0	301851
RAIL	12	52	69	493
CORRELATION	597	474	2040	3094
SQUARE	38336	155
FOLD	564	487	487	94209	94209	0	302215
RAIL	12	53	69	494
CORRELATION	598	474	2040	3094
SQUARE	38400	155
FOLD	567	488	488	94401	94401	0	304380
RAIL	13	51	70	496
CORRELATION	601	478	2040	3094
SQUARE	38592	155
FOLD	574	489	489	94596	94596	0	308050
RAIL	20	45	73	500
CORRELATION	608	482	2040	3094
SQUARE	39040	155
FOLD	575	490	490	94791	94791	0	309227
RAIL	15	49	73	501
CORRELATION	609	484	2040	3094
SQUARE	39104	155
FOLD	576	491	491	94983	94983	0	310150
RAIL	15	50	73	502
CORRELATION	610	486	2040	3094
SQUARE	39168	155
FOLD	579	492	492	95175	95175	0	312185
RAIL	16	48	74	504
CORRELATION	613	490	2040	3094
SQUARE	39360	155
FOLD	580	493	493	95367	95367	0	312635
RAIL	16	49	74	505
CORRELATION	614	490	2040	3094
SQUARE	39424	155
FOLD	583	494	494	95559	95559	0	315151
RAIL	17	47	75	507
CORRELATION	617	494	2040	3094
SQUARE	39616	155
FOLD	584	495	495	95751	95751	0	315618
RAIL	17	48	75	508
CORRELATION	618	494	2040	3094
SQUARE	39680	155
FOLD	585	496	496	95946	95946	0	317689
RAIL	32	32	75	509
CORRELATION	621	498	2040	3094
SQUARE	39872	155
FOLD	586	497	497	96138	96138	0	318157
RAIL	32	33	75	510
CORRELATION	622	498	2040	3094
SQUARE	39936	155
FOLD	587	498	498	96333	96333	0	319138
RAIL	31	33	75	511
CORRELATION	625	499	2040	3094
SQUARE	40128	155
FOLD	588	499	499	96525	96525	0	319582
RAIL	31	34	75	512
CORRELATION	626	499	2040	3094
SQUARE	40192	155
FOLD	589	500	500	96720	96720	0	321340
RAIL	30	34	75	513
CORRELATION	629	504	2040	3094
SQUARE	40384	155
FOLD	590	501	501	96912	96912	0	321752
RAIL	30	35	75	514
CORRELATION	630	504	2040	3094
SQUARE	40448	155
FOLD	591	502	502	97107	97107	0	322663
RAIL	29	35	75	515
CORRELATION	633	505	2040	3094
SQUARE	40640	155
FOLD	592	503	503	97299	97299	0	323831
RAIL	29	36	75	516
CORRELATION	634	509	2040	3094
SQUARE	40704	155
FOLD	593	504	504	97494	97494	0	325573
RAIL	28	36	75	517
CORRELATION	637	513	2040	3094
SQUARE	40896	155
FOLD	594	505	505	97686	97686	0	326007
RAIL	28	37	75	518
CORRELATION	638	513	2040	3094
SQUARE	40960	155
FOLD	595	506	506	97881	97881	0	326741
RAIL	27	37	75	519
CORRELATION	641	513	2040	3094
SQUARE	41152	155
FOLD	596	507	507	98073	98073	0	327253
RAIL	27	38	75	520
CORRELATION	642	514	2040	3094
SQUARE	41216	155
FOLD	597	508	508	98268	98268	0	328374
RAIL	8	56	75	521
CORRELATION	643	517	2040	3094
SQUARE	41280	157
FOLD	600	509	509	98463	98463	0	329721
RAIL	9	55	76	523
CORRELATION	647	518	2040	3094
SQUARE	41536	157
FOLD	605	510	510	98655	98655	0	332523
RAIL	10	55	78	526
CORRELATION	652	525	2040	3094
SQUARE	41856	157
FOLD	608	511	511	98847	98847	0	334177
RAIL	11	53	79	528
CORRELATION	655	529	2040	3094
SQUARE	42048	157
FOLD	611	512	512	99042	99042	0	335303
RAIL	23	42	80	530
CORRELATION	658	531	2040	3094
SQUARE	42240	157
FOLD	612	513	513	99237	99237	0	335763
RAIL	12	52	80	531
CORRELATION	659	531	2040	3094
SQUARE	42304	157
FOLD	615	514	514	99432	99432	0	337242
RAIL	22	43	81	533
CORRELATION	662	534	2040	3094
SQUARE	42496	157
FOLD	616	515	515	99627	99627	0	337687
RAIL	13	51	81	534
CORRELATION	663	534	2040	3094
SQUARE	42560	157
FOLD	617	516	516	99819	99819	0	338264
RAIL	13	52	81	535
CORRELATION	664	535	2040	3094
SQUARE	42624	157
FOLD	620	517	517	100011	100011	0	339591
RAIL	14	50	82	537
CORRELATION	667	537	2040	3094
SQUARE	42816	157
FOLD	627	518	518	100206	100206	0	342463
RAIL	19	46	85	541
CORRELATION	674	543	2040	3094
SQUARE	43264	157
FOLD	628	519	519	100401	100401	0	342915
RAIL	16	48	85	542
CORRELATION	675	543	2040	3094
SQUARE	43328	157
FOLD	629	520	520	100593	100593	0	343545
RAIL	16	49	85	543
CORRELATION	676	544	2040	3094
SQUARE	43392	157
FOLD	632	521	521	100785	100785	0	345446
RAIL	17	47	86	545
CORRELATION	679	547	2040	3094
SQUARE	43584	157
FOLD	633	522	522	100977	100977	0	346364
RAIL	17	48	86	546
CORRELATION	680	549	2040	3094
SQUARE	43648	157
FOLD	636	523	523	101169	101169	0	349468
RAIL	31	33	87	548
CORRELATION	687	557	2040	3094
SQUARE	44096	157
FOLD	637	524	524	101361	101361	0	349961
RAIL	31	34	87	549
CORRELATION	688	557	2040	3094
SQUARE	44160	157
FOLD	638	525	525	101556	101556	0	351456
RAIL	30	34	87	550
CORRELATION	691	560	2040	3094
SQUARE	44352	157
FOLD	639	526	526	101748	101748	0	351975
RAIL	30	35	87	551
CORRELATION	692	561	2040	3094
SQUARE	44416	157
FOLD	640	527	527	101943	101943	0	353443
RAIL	29	35	87	552
CORRELATION	695	564	2040	3094
SQUARE	44608	157
FOLD	641	528	528	102135	102135	0	353826
RAIL	29	36	87	553
CORRELATION	696	564	2040	3094
SQUARE	44672	157
FOLD	642	529	529	102330	102330	0	354892
RAIL	28	36	87	554
CORRELATION	699	568	2040	3094
SQUARE	44864	157
FOLD	643	530	530	102522	102522	0	356081
RAIL	28	37	87	555
CORRELATION	700	571	2040	3094
SQUARE	44928	157
FOLD	644	531	531	102717	102717	0	356644
RAIL	27	37	87	556
CORRELATION	703	571	2040	3094
SQUARE	45120	157
FOLD	645	532	532	102909	102909	0	357112
RAIL	27	38	87	557
CORRELATION	704	571	2040	3094
SQUARE	45184	157
FOLD	646	533	533	103104	103104	0	357605
RAIL	8	56	87	558
CORRELATION	705	571	2040	3094
SQUARE	45248	157
FOLD	647	534	534	103296	103296	0	358052
RAIL	26	38	87	559
CORRELATION	707	571	2040	3094
SQUARE	45376	157
FOLD	648	535	535	103488	103488	0	358703
RAIL	26	39	87	560
CORRELATION	708	573	2040	3094
SQUARE	45440	157
FOLD	649	536	536	103683	103683	0	359341
RAIL	9	55	87	561
CORRELATION	709	574	2040	3094
SQUARE	45504	157
FOLD	652	537	537	103878	103878	0	361034
RAIL	25	40	88	563
CORRELATION	712	578	2040	3094
SQUARE	45696	157
FOLD	653	538	538	104073	104073	0	361437
RAIL	10	54	88	564
CORRELATION	713	578	2040	3094
SQUARE	45760	157
FOLD	654	539	539	104265	104265	0	362042
RAIL	10	55	88	565
CORRELATION	714	580	2040	3094
SQUARE	45824	157
FOLD	657	540	540	104457	104457	0	363999
RAIL	11	53	89	567
CORRELATION	717	584	2040	3094
SQUARE	46016	157
FOLD	658	541	541	104649	104649	0	364402
RAIL	11	54	89	568
CORRELATION	718	584	2040	3094
SQUARE	46080	157
FOLD	661	542	542	104841	104841	0	366162
RAIL	12	52	90	570
CORRELATION	721	587	2040	3094
SQUARE	46272	157
FOLD	664	543	543	105036	105036	0	368024
RAIL	22	43	91	572
CORRELATION	724	591	2040	3094
SQUARE	46464	157
FOLD	665	544	544	105231	105231	0	369096
RAIL	13	51	91	573
CORRELATION	725	593	2040	3094
SQUARE	46528	157
FOLD	668	545	545	105426	105426	0	370059
RAIL	21	44	92	575
CORRELATION	728	594	2040	3094
SQUARE	46720	157
FOLD	669	546	546	105621	105621	0	370878
RAIL	14	50	92	576
CORRELATION	729	596	2040	3094
SQUARE	46784	157
FOLD	670	547	547	105813	105813	0	371361
RAIL	14	51	92	577
CORRELATION	730	597	2040	3094
SQUARE	46848	157
FOLD	673	548	548	106005	106005	0	373136
RAIL	15	49	93	579
CORRELATION	733	599	2040	3094
SQUARE	47040	157
FOLD	680	549	549	106200	106200	0	377250
RAIL	18	47	96	583
CORRELATION	740	608	2040	3094
SQUARE	47488	157
FOLD	685	550	550	106389	106389	0	381008
RAIL	31	33	98	586
CORRELATION	749	615	2040	3094
SQUARE	48064	157
FOLD	686	551	551	106581	106581	0	381628
RAIL	31	34	98	587
CORRELATION	750	616	2040	3094
SQUARE	48128	157
FOLD	687	552	552	106776	106776	0	382962
RAIL	30	34	98	588
CORRELATION	753	619	2040	3094
SQUARE	48320	157
FOLD	688	553	553	106968	106968	0	383687
RAIL	30	35	98	589
CORRELATION	754	621	2040	3094
SQUARE	48384	157
FOLD	689	554	554	107163	107163	0	385026
RAIL	29	35	98	590
CORRELATION	757	625	2040	3094
SQUARE	48576	157
FOLD	690	555	555	107355	107355	0	385398
RAIL	29	36	98	591
CORRELATION	758	625	2040	3094
SQUARE	48640	157
FOLD	691	556	556	107550	107550	0	386173
RAIL	28	36	98	592
CORRELATION	761	625	2040	3094
SQUARE	48832	157
FOLD	692	557	557	107742	107742	0	387255
RAIL	28	37	98	593
CORRELATION	762	628	2040	3094
SQUARE	48896	157
FOLD	693	558	558	107937	107937	0	388530
RAIL	27	37	98	594
CORRELATION	765	631	2040	3094
SQUARE	49088	157
FOLD	694	559	559	108129	108129	0	389467
RAIL	27	38	98	595
CORRELATION	766	633	2040	3094
SQUARE	49152	157
FOLD	695	560	560	108324	108324	0	389964
RAIL	8	56	98	596
CORRELATION	767	633	2040	3094
SQUARE	49216	157
FOLD	696	561	561	108516	108516	0	390820
RAIL	26	38	98	597
CORRELATION	769	637	2040	3094
SQUARE	49344	157
FOLD	697	562	562	108708	108708	0	391235
RAIL	26	39	98	598
CORRELATION	770	637	2040	3094
SQUARE	49408	157
FOLD	698	563	563	108903	108903	0	391616
RAIL	9	55	98	599
CORRELATION	771	637	2040	3094
SQUARE	49472	157
FOLD	699	564	564	109095	109095	0	392272
RAIL	9	56	98	600
CORRELATION	772	639	2040	3094
SQUARE	49536	157
FOLD	702	565	565	109287	109287	0	393906
RAIL	10	54	99	602
CORRELATION	775	643	2040	3094
SQUARE	49728	157
FOLD	705	566	566	109482	109482	0	394660
RAIL	24	41	100	604
CORRELATION	778	643	2040	3094
SQUARE	49920	157
FOLD	706	567	567	109677	109677	0	395151
RAIL	11	53	100	605
CORRELATION	779	644	2040	3094
SQUARE	49984	157
FOLD	707	568	568	109869	109869	0	395618
RAIL	11	54	100	606
CORRELATION	780	645	2040	3094
SQUARE	50048	157
FOLD	710	569	569	110061	110061	0	397059
RAIL	12	52	101	608
CORRELATION	783	648	2040	3094
SQUARE	50240	157
FOLD	711	570	570	110253	110253	0	397593
RAIL	12	53	101	609
CORRELATION	784	648	2040	3094
SQUARE	50304	157
FOLD	714	571	571	110445	110445	0	399341
RAIL	13	51	102	611
CORRELATION	787	651	2040	3094
SQUARE	50496	157
FOLD	717	572	572	110640	110640	0	401073
RAIL	21	44	103	613
CORRELATION	790	655	2040	3094
SQUARE	50688	157
FOLD	718	573	573	110835	110835	0	401487
RAIL	14	50	103	614
CORRELATION	791	655	2040	3094
SQUARE	50752	157
FOLD	721	574	574	111030	111030	0	402576
RAIL	20	45	104	616
CORRELATION	794	656	2040	3094
SQUARE	50944	157
FOLD	722	575	575	111225	111225	0	403783
RAIL	15	49	104	617
CORRELATION	795	659	2040	3094
SQUARE	51008	157
FOLD	723	576	576	111417	111417	0	404246
RAIL	15	50	104	618
CORRELATION	796	659	2040	3094
SQUARE	51072	157
FOLD	736	577	577	111606	111606	0	415014
RAIL	30	34	110	625
CORRELATION	815	680	2040	3094
SQUARE	52288	157
FOLD	737	578	578	111798	111798	0	415510
RAIL	30	35	110	626
CORRELATION	816	680	2040	3094
SQUARE	52352	157
FOLD	738	579	579	111993	111993	0	416990
RAIL	29	35	110	627
CORRELATION	819	684	2040	3094
SQUARE	52544	157
FOLD	739	580	580	112185	112185	0	417540
RAIL	29	36	110	628
CORRELATION	820	685	2040	3094
SQUARE	52608	157
FOLD	740	581	581	112380	112380	0	418964
RAIL	28	36	110	629
CORRELATION	823	689	2040	3094
SQUARE	52800	157
FOLD	741	582	582	112572	112572	0	419415
RAIL	28	37	110	630
CORRELATION	824	689	2040	3094
SQUARE	52864	157
FOLD	742	583	583	112767	112767	0	421127
RAIL	27	37	110	631
CORRELATION	827	692	2040	3094
SQUARE	53056	157
FOLD	743	584	584	112959	112959	0	422053
RAIL	27	38	110	632
CORRELATION	828	694	2040	3094
SQUARE	53120	157
FOLD	744	585	585	113154	113154	0	422496
RAIL	8	56	110	633
CORRELATION	829	694	2040	3094
SQUARE	53184	157
FOLD	747	586	586	113349	113349	0	424776
RAIL	9	55	111	635
CORRELATION	833	698	2040	3094
SQUARE	53440	157
FOLD	748	587	587	113541	113541	0	425141
RAIL	9	56	111	636
CORRELATION	834	698	2040	3094
SQUARE	53504	157
FOLD	751	588	588	113733	113733	0	426155
RAIL	10	54	112	638
CORRELATION	837	698	2040	3094
SQUARE	53696	157
FOLD	758	589	589	113928	113928	0	429860
RAIL	23	42	115	642
CORRELATION	844	708	2040	3094
SQUARE	54144	157
FOLD	759	590	590	114123	114123	0	430271
RAIL	12	52	115	643
CORRELATION	845	708	2040	3094
SQUARE	54208	157
FOLD	760	591	591	114315	114315	0	430686
RAIL	12	53	115	644
CORRELATION	846	708	2040	3094
SQUARE	54272	157
FOLD	763	592	592	114507	114507	0	432452
RAIL	13	51	116	646
CORRELATION	849	712	2040	3094
SQUARE	54464	157
FOLD	764	593	593	114699	114699	0	433193
RAIL	13	52	116	647
CORRELATION	850	714	2040	3094
SQUARE	54528	157
FOLD	767	594	594	114891	114891	0	435187
RAIL	14	50	117	649
CORRELATION	853	716	2040	3094
SQUARE	54720	157
FOLD	770	595	595	115086	115086	0	438283
RAIL	20	45	118	651
CORRELATION	856	720	2040	3094
SQUARE	54912	157
FOLD	785	596	596	115278	115278	0	455185
RAIL	30	34	125	659
CORRELATION	877	740	2040	3094
SQUARE	56256	157
FOLD	786	597	597	115470	115470	0	455645
RAIL	30	35	125	660
CORRELATION	878	740	2040	3094
SQUARE	56320	157
FOLD	787	598	598	115665	115665	0	458162
RAIL	29	35	125	661
CORRELATION	881	744	2040	3094
SQUARE	56512	157
FOLD	788	599	599	115857	115857	0	458564
RAIL	29	36	125	662
CORRELATION	882	744	2040	3094
SQUARE	56576	157
FOLD	789	600	600	116052	116052	0	460821
RAIL	28	36	125	663
CORRELATION	885	748	2040	3094
SQUARE	56768	157
FOLD	790	601	601	116244	116244	0	461191
RAIL	28	37	125	664
CORRELATION	886	748	2040	3094
SQUARE	56832	157
FOLD	791	602	602	116439	116439	0	461848
RAIL	27	37	125	665
CORRELATION	889	748	2040	3094
SQUARE	57024	157
FOLD	792	603	603	116631	116631	0	462248
RAIL	27	38	125	666
CORRELATION	890	748	2040	3094
SQUARE	57088	157
FOLD	793	604	604	116826	116826	0	462682
RAIL	8	56	125	667
CORRELATION	891	748	2040	3094
SQUARE	57152	157
FOLD	796	605	605	117021	117021	0	464248
RAIL	9	55	126	669
CORRELATION	895	751	2040	3094
SQUARE	57408	157
FOLD	797	606	606	117213	117213	0	464760
RAIL	25	39	126	670
CORRELATION	897	752	2040	3094
SQUARE	57536	157
FOLD	798	607	607	117405	117405	0	465465
RAIL	25	40	126	671
CORRELATION	898	752	2040	3094
SQUARE	57600	157
FOLD	799	608	608	117600	117600	0	465914
RAIL	10	54	126	672
CORRELATION	899	752	2040	3094
SQUARE	57664	157
FOLD	810	609	609	117795	117795	0	472022
RAIL	22	43	131	678
CORRELATION	910	764	2040	3094
SQUARE	58368	157
FOLD	811	610	610	117990	117990	0	472586
RAIL	13	51	131	679
CORRELATION	911	764	2040	3094
SQUARE	58432	157
FOLD	812	611	611	118182	118182	0	473806
RAIL	13	52	131	680
CORRELATION	912	767	2040	3094
SQUARE	58496	157
FOLD	833	612	612	118371	118371	0	484089
RAIL	30	34	141	691
CORRELATION	939	793	2040	3094
SQUARE	60224	157
FOLD	834	613	613	118563	118563	0	484463
RAIL	30	35	141	692
CORRELATION	940	793	2040	3094
SQUARE	60288	157
FOLD	835	614	614	118758	118758	0	485268
RAIL	29	35	141	693
CORRELATION	943	794	2040	3094
SQUARE	60480	157
FOLD	836	615	615	118950	118950	0	485804
RAIL	29	36	141	694
CORRELATION	944	795	2040	3094
SQUARE	60544	157
FOLD	837	616	616	119145	119145	0	486891
RAIL	28	36	141	695
CORRELATION	947	798	2040	3094
SQUARE	60736	157
FOLD	838	617	617	119337	119337	0	487320
RAIL	28	37	141	696
CORRELATION	948	798	2040	3094
SQUARE	60800	157
FOLD	839	618	618	119532	119532	0	488570
RAIL	27	37	141	697
CORRELATION	951	801	2040	3094
SQUARE	60992	157
FOLD	840	619	619	119724	119724	0	488973
RAIL	27	38	141	698
CORRELATION	952	801	2040	3094
SQUARE	61056	157
FOLD	841	620	620	119919	119919	0	489672
RAIL	8	56	141	699
CORRELATION	953	803	2040	3094
SQUARE	61120	157
FOLD	842	621	621	120111	120111	0	490608
RAIL	26	38	141	700
CORRELATION	955	807	2040	3094
SQUARE	61248	157
FOLD	843	622	622	120303	120303	0	491286
RAIL	26	39	141	701
CORRELATION	956	808	2040	3094
SQUARE	61312	157
FOLD	844	623	623	120498	120498	0	491720
RAIL	9	55	141	702
CORRELATION	957	808	2040	3094
SQUARE	61376	157
FOLD	847	624	624	120693	120693	0	493166
RAIL	10	54	142	704
CORRELATION	961	812	2040	3094
SQUARE	61632	157
FOLD	848	625	625	120885	120885	0	493789
RAIL	10	55	142	705
CORRELATION	962	814	2040	3094
SQUARE	61696	157
FOLD	849	626	626	121080	121080	0	494526
RAIL	24	40	142	706
CORRELATION	963	816	2040	3094
SQUARE	61760	157
FOLD	850	627	627	121272	121272	0	495731
RAIL	24	41	142	707
CORRELATION	964	818	2040	3094
SQUARE	61824	157
FOLD	851	628	628	121467	121467	0	496322
RAIL	11	53	142	708
CORRELATION	965	818	2040	3094
SQUARE	61888	157
FOLD	882	629	629	121656	121656	0	513573
RAIL	30	35	157	724
CORRELATION	1002	850	2040	3094
SQUARE	64256	157
FOLD	883	630	630	121851	121851	0	514279
RAIL	29	35	157	725
CORRELATION	1005	850	2040	3094
SQUARE	64448	157
FOLD	884	631	631	122043	122043	0	514871
RAIL	29	36	157	726
CORRELATION	1006	852	2040	3094
SQUARE	64512	157
FOLD	885	632	632	122238	122238	0	515864
RAIL	28	36	157	727
CORRELATION	1009	854	2040	3094
SQUARE	64704	157
FOLD	886	633	633	122430	122430	0	516695
RAIL	28	37	157	728
CORRELATION	1010	856	2040	3094
SQUARE	64768	157
FOLD	887	634	634	122625	122625	0	517586
RAIL	27	37	157	729
CORRELATION	1013	859	2040	3094
SQUARE	64960	157
FOLD	888	635	635	122817	122817	0	518025
RAIL	27	38	157	730
CORRELATION	1014	859	2040	3094
SQUARE	65024	157
FOLD	889	636	636	123012	123012	0	518824
RAIL	8	56	157	731
CORRELATION	1015	862	2040	3094
SQUARE	65088	157
FOLD	892	637	637	123207	123207	0	520370
RAIL	9	55	158	733
CORRELATION	1019	863	2040	3094
SQUARE	65344	157
FOLD	893	636	637	123015	123207	0	521178
RAIL	25	39	159	734
CORRELATION	1021	865	2040	3094
SQUARE	65536	157
FOLD	895	638	638	123402	123402	0	522618
RAIL	10	54	159	735
CORRELATION	1023	868	2040	3094
SQUARE	65600	157
FOLD	895	638	638	123402	123402	0	522970
RAIL	10	54	159	736
CORRELATION	1024	868	2040	3094
SQUARE	65664	157
FOLD	896	639	639	123594	123594	0	522977
RAIL	10	55	159	736
CORRELATION	1024	868	2040	3094
SQUARE	65664	157
FOLD	897	640	640	123789	123789	0	523393
RAIL	24	40	159	737
CORRELATION	1025	868	2040	3094
SQUARE	65728	157
FOLD	898	641	641	123981	123981	0	524167
RAIL	24	41	159	738
CORRELATION	1026	871	2040	3094
SQUARE	65792	157
FOLD	899	642	642	124176	124176	0	524622
RAIL	11	53	159	739
CORRELATION	1027	871	2040	3094
SQUARE	65856	157
FOLD	900	643	643	124368	124368	0	525288
RAIL	11	54	159	740
CORRELATION	1028	874	2040	3094
SQUARE	65920	157
FOLD	901	644	644	124563	124563	0	525712
RAIL	23	41	159	741
CORRELATION	1029	874	2040	3094
SQUARE	65984	157
FOLD	902	645	645	124755	124755	0	526606
RAIL	23	42	159	742
CORRELATION	1030	876	2040	3094
SQUARE	66048	157
FOLD	933	646	646	124947	124947	0	544921
RAIL	28	36	174	758
CORRELATION	1071	914	2040	3094
SQUARE	68672	157
FOLD	934	647	647	125139	125139	0	545871
RAIL	28	37	174	759
CORRELATION	1072	917	2040	3094
SQUARE	68736	157
FOLD	935	648	648	125334	125334	0	547167
RAIL	27	37	174	760
CORRELATION	1075	920	2040	3094
SQUARE	68928	157
FOLD	936	649	649	125526	125526	0	547743
RAIL	27	38	174	761
CORRELATION	1076	920	2040	3094
SQUARE	68992	157
FOLD	937	650	650	125721	125721	0	549037
RAIL	8	56	174	762
CORRELATION	1077	924	2040	3094
SQUARE	69056	157
FOLD	938	651	651	125913	125913	0	549505
RAIL	26	38	174	763
CORRELATION	1079	924	2040	3094
SQUARE	69184	157
FOLD	939	652	652	126105	126105	0	549981
RAIL	26	39	174	764
CORRELATION	1080	924	2040	3094
SQUARE	69248	157
FOLD	940	653	653	126300	126300	0	550597
RAIL	9	55	174	765
CORRELATION	1081	924	2040	3094
SQUARE	69312	157
FOLD	943	654	654	126495	126495	0	552439
RAIL	10	54	175	767
CORRELATION	1085	929	2040	3094
SQUARE	69568	157
FOLD	944	655	655	126687	126687	0	553262
RAIL	10	55	175	768
CORRELATION	1086	930	2040	3094
SQUARE	69632	157
FOLD	945	656	656	126882	126882	0	554385
RAIL	24	40	175	769
CORRELATION	1087	932	2040	3094
SQUARE	69696	157
FOLD	946	657	657	127074	127074	0	554839
RAIL	24	41	175	770
CORRELATION	1088	933	2040	3094
SQUARE	69760	157
FOLD	949	658	658	127266	127266	0	556295
RAIL	23	41	176	772
CORRELATION	1091	935	2040	3094
SQUARE	69952	157
FOLD	950	659	659	127458	127458	0	556996
RAIL	23	42	176	773
CORRELATION	1092	936	2040	3094
SQUARE	70016	157
FOLD	953	660	660	127650	127650	0	559279
RAIL	22	42	177	775
CORRELATION	1095	942	2040	3094
SQUARE	70208	157
FOLD	980	661	661	127845	127845	0	573589
RAIL	29	36	190	789
CORRELATION	1130	972	2040	3094
SQUARE	72448	157
FOLD	981	662	662	128040	128040	0	575786
RAIL	28	36	190	790
CORRELATION	1133	977	2040	3094
SQUARE	72640	157
FOLD	982	663	663	128232	128232	0	576238
RAIL	28	37	190	791
CORRELATION	1134	977	2040	3094
SQUARE	72704	157
FOLD	983	664	664	128427	128427	0	577298
RAIL	27	37	190	792
CORRELATION	1137	979	2040	3094
SQUARE	72896	157
FOLD	984	665	665	128619	128619	0	577831
RAIL	27	38	190	793
CORRELATION	1138	979	2040	3094
SQUARE	72960	157
FOLD	985	666	666	128814	128814	0	579334
RAIL	8	56	190	794
CORRELATION	1139	983	2040	3094
SQUARE	73024	157
FOLD	988	667	667	129009	129009	0	581213
RAIL	9	55	191	796
CORRELATION	1143	986	2040	3094
SQUARE	73280	157
FOLD	989	668	668	129201	129201	0	582044
RAIL	25	39	191	797
CORRELATION	1145	989	2040	3094
SQUARE	73408	157
FOLD	990	669	669	129393	129393	0	582717
RAIL	25	40	191	798
CORRELATION	1146	989	2040	3094
SQUARE	73472	157
FOLD	1001	670	670	129585	129585	0	588184
RAIL	22	42	196	804
CORRELATION	1157	1002	2040	3094
SQUARE	74176	157
FOLD	1006	671	671	129777	129777	0	590334
RAIL	21	44	198	807
CORRELATION	1162	1007	2040	3094
SQUARE	74496	157
FOLD	1024	669	671	129390	129777	0	599261
RAIL	31	34	208	815
CORRELATION	1184	1029	2040	3094
SQUARE	75904	157
FOLD	1027	672	672	129972	129972	0	602338
RAIL	29	35	208	818
CORRELATION	1191	1034	2040	3094
SQUARE	76352	157
FOLD	1028	673	673	130164	130164	0	603065
RAIL	29	36	208	819
CORRELATION	1192	1036	2040	3094
SQUARE	76416	157
FOLD	1029	674	674	130359	130359	0	604425
RAIL	28	36	208	820
CORRELATION	1195	1039	2040	3094
SQUARE	76608	157
FOLD	1030	675	675	130551	130551	0	604895
RAIL	28	37	208	821
CORRELATION	1196	1039	2040	3094
SQUARE	76672	157
FOLD	1031	676	676	130746	130746	0	606516
RAIL	27	37	208	822
CORRELATION	1199	1043	2040	3094
SQUARE	76864	157
FOLD	1032	677	677	130938	130938	0	606998
RAIL	27	38	208	823
CORRELATION	1200	1043	2040	3094
SQUARE	76928	157
FOLD	1033	678	678	131133	131133	0	607822
RAIL	8	56	208	824
CORRELATION	1201	1045	2040	3094
SQUARE	76992	157
FOLD	1038	679	679	131322	131322	0	611098
RAIL	25	40	210	827
CORRELATION	1208	1051	2040	3094
SQUARE	77440	157
FOLD	1075	680	680	131517	131517	0	634360
RAIL	29	35	228	846
CORRELATION	1253	1097	2040	3094
SQUARE	80320	157
FOLD	1076	681	681	131709	131709	0	634818
RAIL	29	36	228	847
CORRELATION	1254	1097	2040	3094
SQUARE	80384	157
FOLD	1077	682	682	131904	131904	0	636637
RAIL	28	36	228	848
CORRELATION	1257	1099	2040	3094
SQUARE	80576	157
FOLD	1078	683	683	132096	132096	0	637875
RAIL	28	37	228	849
CORRELATION	1258	1102	2040	3094
SQUARE	80640	157
FOLD	1079	684	684	132291	132291	0	639203
RAIL	27	37	228	850
CORRELATION	1261	1104	2040	3094
SQUARE	80832	157
FOLD	1080	685	685	132483	132483	0	639701
RAIL	27	38	228	851
CORRELATION	1262	1104	2040	3094
SQUARE	80896	157
FOLD	1123	686	686	132678	132678	0	658358
RAIL	29	36	249	873
CORRELATION	1316	1140	2040	3094
SQUARE	84352	160
FOLD	1124	687	687	132873	132873	0	659333
RAIL	28	36	249	874
CORRELATION	1319	1141	2040	3094
SQUARE	84544	160
FOLD	1125	688	688	133065	133065	0	659873
RAIL	28	37	249	875
CORRELATION	1320	1141	2040	3094
SQUARE	84608	160
FOLD	1170	689	689	133257	133257	0	689577
RAIL	29	36	271	898
CORRELATION	1378	1198	2040	3094
SQUARE	88320	160
FOLD	1676	649	689	125505	133257	0	1023121
RAIL	17	48	545	1131
CORRELATION	2045	1835	2040	3094
SQUARE	131072	160
FOLD	1677	648	689	125310	133257	0	1024100
RAIL	32	32	546	1131
CORRELATION	2048	1837	2040	3094
SQUARE	131200	160
FOLD	2048	637	689	123195	133257	0	1219646
RAIL	31	34	736	1311
CORRELATION	2548	2231	2040	3094
SQUARE	163200	160
FOLD	3169	606	689	117174	133257	0	1882130
RAIL	32	32	1313	1856
CORRELATION	4093	3336	2040	3094
SQUARE	262144	162
FOLD	3170	605	689	116982	133257	0	1882576
RAIL	32	33	1314	1856
CORRELATION	4096	3336	2040	3094
SQUARE	262272	162
FOLD	4096	605	689	117039	133257	0	2651977
RAIL	30	34	1776	2319
CORRELATION	5403	4433	2040	3094
SQUARE	345920	165
FOLD	6023	578	689	111747	133257	0	4823238
RAIL	31	33	2753	3270
CORRELATION	8189	6974	2040	3094
SQUARE	524288	165
FOLD	6024	579	689	111939	133257	0	4824020
RAIL	31	34	2753	3271
CORRELATION	8192	6974	2040	3094
SQUARE	524416	165
FOLD	8192	551	689	106578	133257	0	7657323
RAIL	20	45	3851	4340
CORRELATION	11396	10118	2040	3094
SQUARE	729472	167
